✔ P10/P15 catch alias and neutral-wrapper duplicate insets through fragments and conditionals (947.9993ms)
✔ P20 resolves shared composition identities through a barrel and const component aliases (552.5094ms)
✔ P11/P13 catch static element access roles on every MUI surface, including Paper (386.5016ms)
✔ P12 checks React createElement and JSX-runtime element factories (378.3876ms)
✔ P14 resolves bodyMode literal aliases and fails closed when ownership is unknown (1061.2603ms)
✔ checks Panel ancestry when React elements are created natively (415.4691ms)
✔ keeps independent nested surfaces and portaled dialogs as separate owners (880.1695ms)
✔ accepts finite bodyMode branches and every mode in the public component contracts (1198.8112ms)
✔ stops inherited gap ownership at Panels and independent bordered surfaces (685.15ms)
✔ tracks gaps through fragments, conditions and ready QueryState, but not inside DOM wrappers (306.3478ms)
✔ applies the same finite modes and wrapper boundaries to native React factories (657.0901ms)
✔ recognizes native outlined Paper and nested Box surface inset boundaries (614.1232ms)
✔ fails closed when an unresolved custom wrapper obscures a semantic gap owner (300.6656ms)
✔ rejects unsupported placement and rhythm values while accepting finite aliases and branches (597.128ms)
✔ rejects unsupported finite values through React element factories (605.1373ms)
✔ accepts semantic composition, closed geometry and business-specific MUI primitives (11.9285ms)
✔ rejects rebuilding each shared spacing owner at a consumer (4.1365ms)
✔ follows aliases, local style variables, object spreads and namespace imports (1.3869ms)
✔ rejects direct and spread spacing overrides on semantic components (0.9411ms)
✔ rejects spacing or opaque spreads hidden in geometry (0.4199ms)
✔ allows the canonical owner implementation and fails closed on malformed source (1.2684ms)
✔ rejects duplicated parent boundary and duplicated Panel inset (1.2456ms)
✔ checks default MUI imports and fails closed for opaque geometry (1.4083ms)
✔ distinguishes content grids from flex flows when reporting the shared owner (0.9051ms)
✔ rejects page spacing for paired fields and peer Panels without a section gap owner (5.9866ms)
✔ related sibling gaps belong to ActionGroup comfortable density, not consumer Stack styles (1.0792ms)
✔ Amount consumers declare wrapping outside DataTable columns and keep table money unbroken (41.6589ms)
✔ the shared catalog covers every public React component and supporting Column type (51.7966ms)
✔ SPC-067 covers discovered public Shared APIs without a fixed export count (2.1645ms)
✔ every public React API has a direct rendered contract test (1.5268ms)
✔ catalog declaration lines and stated JSX counts match resolved source symbols (21.4229ms)
✔ every shared React export has a resolved production consumer or an explicit zero-use lifecycle decision (27.5121ms)
✔ required UI evidence and regression gates remain wired to root verify and the active parent workflow (8.9028ms)
✔ composition prop allowlists match the TypeScript owners exactly (0.3237ms)
✔ QueryState uses only the approved inline and section pending profiles (0.3525ms)
✔ QueryState consumers reserve section loading for primary content and keep every other state inline by default (35.0118ms)
✔ body modes, placement roles and geometry keys match the TypeScript contracts (1.1434ms)
✔ Panel geometry and DataTable columns remain closed public contracts (4.7786ms)
✔ shared component and composition props expose no arbitrary layout/style escape hatch (0.2359ms)
✔ layout role types, runtime values, consumers and ownership documentation stay closed (3440.1422ms)
ℹ tests 40
ℹ suites 0
ℹ pass 40
ℹ fail 0
ℹ cancelled 0
ℹ skipped 0
ℹ todo 0
ℹ duration_ms 10726.5752
