FE006.S01 evidence freshness review after SPC-060
reviewedAt=2026-10-06T08:41:48.132Z
reviewCommand=C:\Program Files\nodejs\node.exe botsales-kit/execution/frontend-evidence/FE028/revalidate-prior-ledger-after-spc060-docs-20261006.mjs
cwd=C:\Users\Joker-PC\Documents\Projects\Bot-AI-Ban-hang-FB\BotSalesAI_Frontend
reviewExitCode=0
originalExecutionAt=2026-10-06T06:08:13.393Z
originalCommand=set PATH=C:\Windows\System32;C:\Program Files\nodejs;%PATH% && npm.cmd --script-shell=cmd.exe test
originalLog=execution/frontend-evidence/FE006/S01-after-spc059-20261006.log
originalLogSha256=d22f945e63b9d9f296667e80576f01bcdc234b4d40a9d91fa0ca5a15cf1c5b5a
expected=A single Graphite Gold dark-only palette maps canonical typography, spacing, breakpoints and semantic colors through the MUI bridge; record only mappings actually consumed.
observed=Current 10-check design-token bridge audit passed: canonical/generated Graphite Gold tokens match, MUI spacing and semantic layout factors consume the same source, and typography/radius/breakpoint/color/touch/motion mappings are present. The retained current local unit run passed 93/93. Static token mapping does not certify browser contrast, zoom, screen-reader or owner acceptance.
revalidation=Only shared policy/documentation files changed; the prior frontend source, contract, fixture, and test result inputs for this checkpoint retain their recorded hashes.
testRerun=false; original test execution time and log are retained; no new runtime test execution is claimed.
refreshedPolicySources=AGENTS.md,DESIGN.md,UX-CONTRACT.md,docs/FRONTEND_SCOPE.md,docs/FRONTEND_SPACING_STANDARD.md,docs/PROJECT_CONTEXT.md
scope=FRONTEND_WITH_SYNTHETIC_MOCK_API
sourceSnapshotSha256=a372c6714e57e49cfe80fbedc3e4d913add6796e853be44e42e7b78015d232b8
SOURCE AGENTS.md sha256=1de4eb192b263d059a3a6199449b196a9ad8c280a329c09fec0cfc33293bf134
SOURCE AI_RULES.md sha256=1662406d9ac9e63646130516ad6811934b2bd7f0a6b7d240403749200777f9e3
SOURCE DESIGN.md sha256=c0a3994ebe20fb4b9629fbfa55e0c2f274ac435bcb147e4e48ed4c628b7ee452
SOURCE UX-CONTRACT.md sha256=7df23801a1d07a43d3a368f64dc890867cd73b1dd5107dd36405f78887b8ab69
SOURCE apps/web/index.html sha256=4f59d7af2e9306c4aeae1a343caca2c310aa58292104c932f44b45fdc2321825
SOURCE apps/web/src/app/bootstrap.css sha256=248d98621f8d1215bb8f6d52aa879f5e495cb1501a8563df58772abdd1aa1d89
SOURCE apps/web/src/app/tokens.css sha256=f7f6bc21f94664af6cc4173353b2632ef01cf5915cf407b256e3530f96f75fca
SOURCE apps/web/src/shared/ui/components.tsx sha256=a87cf998f5dce3b234210ed08ba33f957c243b07b5bfe3eef7f6c82fc125e5f4
SOURCE apps/web/src/shared/ui/layout.ts sha256=b8e97da448a469f21bafe7c5c5ffadacd81cbd5d022484e4cc56d1a9afb6915f
SOURCE apps/web/src/shared/ui/theme.ts sha256=dfb131b7987db08c66df78d349e93175663bcc55e3e633e151c59dfaa1d67532
SOURCE botsales-kit/design/IMPLEMENTATION_NOTES.md sha256=df0f5b865eceb475ecd350b062f1a7ddaef89bf7e486656b0d8ff69788a6655a
SOURCE botsales-kit/design/decision.json sha256=216c00eb482684f97a3485c6d1af8945af60c1859996456bd96305306dcc12a0
SOURCE botsales-kit/design/tokens.json sha256=95b1202c741162890227ddc70adc7c1e479d17348bedaea56d3dea019f45bbb0
SOURCE botsales-kit/docs/03_DESIGN_SYSTEM.md sha256=bfcc95fe6e9a7c0e149efecd6bb440aeb8d090e51cef51cb74ae1ae50df85090
SOURCE botsales-kit/docs/19_DARK_ONLY_POLICY.md sha256=ecd34b7aefae8a49ed7000896f1b69718df9510e876a3284cd8dec0fed73e55e
SOURCE botsales-kit/execution/frontend-command-map.json sha256=48cf675d36b3c99d5fe6147a08531a1e1aecd1ee5e6136b62d787dd833d98744
SOURCE botsales-kit/execution/frontend-evidence/FE005/S03-unit-spc059-current-20261006.log sha256=ac5801c943938b689dbdc4c8d96e3c215e0aa72789910fb3713dac74cab6fde4
SOURCE botsales-kit/execution/frontend-evidence/FE006/S01-token-map-after-spc059-20261006.json sha256=c30bc3f26129a5fe56072caaec00cd015c278cb47937f3357276307e91417ee8
SOURCE botsales-kit/execution/frontend-evidence/FE006/capture-s01-spc059-refresh-20261006.mjs sha256=d70b9e3a558fb612e7ef94d058b4d92fc8ae6250c27db31a46328214ed992685
SOURCE docs/FRONTEND_SCOPE.md sha256=2d0ebf8290bc993f3dc0e6cbaa259d95c0d0c15d8976f5246666cfdf4389af13
SOURCE docs/FRONTEND_SPACING_STANDARD.md sha256=7840e2c2b8bd6249867ef20acd44b53600feb588147ab0779dd1097fc7f6b7c9
SOURCE docs/PROJECT_CONTEXT.md sha256=a473bd7741c4ae4c740677854acdc6b8fcad5b041d1b908329a48211dd0e94bb
SOURCE packages/design-tokens/src/index.ts sha256=527d92791c58163352bbb84031c303b47b9eff0999f0698ec12eed35c9f5b49a
SOURCE packages/design-tokens/src/tokens.json sha256=95b1202c741162890227ddc70adc7c1e479d17348bedaea56d3dea019f45bbb0
