{
  "scope": "FRONTEND_WITH_SYNTHETIC_MOCK_API",
  "status": "PASS",
  "palette": {
    "identity": "Graphite Gold",
    "version": "2.1",
    "theme": "dark-only",
    "decision": "ADR-VIS-021 APPROVED"
  },
  "mappings": {
    "typography": {
      "body": 14,
      "bodyComfortable": 16,
      "meta": 12,
      "sectionTitle": 18,
      "pageTitle": 28
    },
    "spacing": {
      "xs": 4,
      "sm": 8,
      "md": 12,
      "lg": 16,
      "xl": 24,
      "xxl": 32,
      "xxxl": 48
    },
    "radius": {
      "control": 8,
      "card": 12,
      "dialog": 16
    },
    "breakpoints": {
      "mobileMaxExclusive": 768,
      "tabletMin": 768,
      "desktopMin": 1280
    },
    "colors": {
      "canvas": "#111318",
      "surface": "#1C2028",
      "raised": "#282F3A",
      "input": "#171B22",
      "accent": "#F6C85F",
      "onAccent": "#15181E",
      "textPrimary": "#F5F7FA",
      "textSecondary": "#B9C2D0",
      "success": "#4DD7A3",
      "warning": "#FFB078",
      "danger": "#FF8596",
      "info": "#8ABCFB"
    }
  },
  "sourceHashes": {
    "canonicalTokens": "b4083eb2032d9ebac7f1f793f3aae1cda6a30e075b0dd9e19f241567651d1895",
    "generatedTokens": "b4083eb2032d9ebac7f1f793f3aae1cda6a30e075b0dd9e19f241567651d1895"
  },
  "checks": [
    {
      "name": "dark-only palette",
      "result": "PASS"
    },
    {
      "name": "canonical token package",
      "result": "PASS"
    },
    {
      "name": "font scale mapped from tokens",
      "result": "PASS"
    },
    {
      "name": "spacing mapped from tokens",
      "result": "PASS"
    },
    {
      "name": "shared UI radius mapped from tokens",
      "result": "PASS"
    },
    {
      "name": "primary touch targets mapped from tokens",
      "result": "PASS"
    },
    {
      "name": "breakpoints mapped from tokens",
      "result": "PASS"
    },
    {
      "name": "reduced motion follows approved token",
      "result": "PASS"
    },
    {
      "name": "semantic palette maps approved colors",
      "result": "PASS"
    },
    {
      "name": "no literal HEX in MUI theme",
      "result": "PASS"
    }
  ]
}
