FE006.S01 current Graphite Gold token and MUI bridge audit
HEAD=53c0ba8 plus current working tree; scope=FRONTEND_WITH_SYNTHETIC_MOCK_API
Registered command=set PATH=C:\Windows\System32;C:\Program Files\nodejs;%PATH% && npm.cmd --script-shell=cmd.exe test; CWD=C:\Users\Joker-PC\Documents\Projects\Bot-AI-Ban-hang-FB\BotSalesAI_Frontend; exit=0; tests=138/138; unitLog=botsales-kit/execution/frontend-evidence/FE006/S01-unit-current-20261007.log; unitLogSha256=412314c0d489133dd96a0c0ba46a7e84f915fee3cd558281a01999fcc73db4e2
CHECK PASS: approved single palette
CHECK PASS: canonical/generated tokens match exactly
CHECK PASS: typography maps from canonical token names
CHECK PASS: MUI spacing base and named layout roles map from tokens
CHECK PASS: breakpoints and touch targets use canonical tokens
CHECK PASS: semantic palette and radii map from canonical tokens
CHECK PASS: theme contains no copied HEX colors
CHECK PASS: pre-JavaScript surface is dark before module load
CHECK PASS: one app theme provider and baseline
CHECK PASS: focus, reduced motion, forced colors and SPC policy exist
The approved ADR-VIS-021 Graphite Gold dark-only decision is the sole theme. Canonical and generated token JSON match exactly; typography, 8px MUI spacing base, semantic layout factors, breakpoint, palette, radius, touch target, pre-JavaScript background, focus, reduced-motion, and forced-colors mappings are present. Registered full unit suite passed 138/138; no copied theme HEX was found.
sourceSnapshotSha256=4101fab733ee1cc35bd1584ddff8fb853879d7e6e4c27faffc6fffbbe65d3570
SOURCE AGENTS.md sha256=07bc3fc2998c25cf702b325e71e3eb970df019d5184c2bbd7cc11fb676089222
SOURCE AI_RULES.md sha256=1662406d9ac9e63646130516ad6811934b2bd7f0a6b7d240403749200777f9e3
SOURCE apps/web/index.html sha256=4f59d7af2e9306c4aeae1a343caca2c310aa58292104c932f44b45fdc2321825
SOURCE apps/web/src/app/bootstrap.css sha256=248d98621f8d1215bb8f6d52aa879f5e495cb1501a8563df58772abdd1aa1d89
SOURCE apps/web/src/app/tokens.css sha256=f7f6bc21f94664af6cc4173353b2632ef01cf5915cf407b256e3530f96f75fca
SOURCE apps/web/src/main.tsx sha256=2fbb13874110b3e6fc3f5583d36fc50a409f3dd5e28d7946f8b5b61c946d6bbb
SOURCE apps/web/src/shared/ui/components.tsx sha256=0ca6abdb42fa7f8246e0309042719aadd9d71c194e2e3dd5e6245889ad5002a5
SOURCE apps/web/src/shared/ui/layout.ts sha256=ac5cc9e11d5b5b22b1e95c6754bb1c9084a47fc53f25ac338c9d58c4c687ec5a
SOURCE apps/web/src/shared/ui/README.md sha256=c9e110661db327bb591bb2cd5425619ef7839e177221f7f9bf7c318141d75eff
SOURCE apps/web/src/shared/ui/theme.ts sha256=dfb131b7987db08c66df78d349e93175663bcc55e3e633e151c59dfaa1d67532
SOURCE apps/web/src/shared/ui/visual.ts sha256=ed147658a55cdd9c011a81aba50870ecce3ae1c7e81e92c2b712740ea112c89d
SOURCE apps/web/tests/components.test.tsx sha256=35187e221b903fd7c1e0434c28dcedebb817b6cfd41612c3b51d43a8055af02f
SOURCE botsales-kit/design/decision.json sha256=216c00eb482684f97a3485c6d1af8945af60c1859996456bd96305306dcc12a0
SOURCE botsales-kit/design/tokens.json sha256=95b1202c741162890227ddc70adc7c1e479d17348bedaea56d3dea019f45bbb0
SOURCE botsales-kit/docs/03_DESIGN_SYSTEM.md sha256=ded8c5dda631c0eef14ed764cbfb4ae481d8255405f54811f0f5babd49543916
SOURCE botsales-kit/docs/19_DARK_ONLY_POLICY.md sha256=ecd34b7aefae8a49ed7000896f1b69718df9510e876a3284cd8dec0fed73e55e
SOURCE botsales-kit/execution/frontend-command-map.json sha256=48cf675d36b3c99d5fe6147a08531a1e1aecd1ee5e6136b62d787dd833d98744
SOURCE botsales-kit/execution/frontend-evidence/FE006/capture-s01-design-system-current-20261007.mjs sha256=35162611854ccab9856433548618d2b9a109c3930cd1cd640086a8b4f26bb5e9
SOURCE botsales-kit/execution/frontend-evidence/FE006/S01-unit-current-20261007.log sha256=412314c0d489133dd96a0c0ba46a7e84f915fee3cd558281a01999fcc73db4e2
SOURCE botsales-kit/execution/frontend-plan.json sha256=f0e54ec3cf455a14d79cdadfb4aa6e4ec6091c7a7d832251c83c958a8d4e3e4e
SOURCE docs/FRONTEND_SPACING_STANDARD.md sha256=c4c5c697343c5d49ffc7f68253f49a68b9ab8cada944151cfdb877a2c539da30
SOURCE packages/design-tokens/src/tokens.json sha256=95b1202c741162890227ddc70adc7c1e479d17348bedaea56d3dea019f45bbb0
