FE006.S02 evidence freshness review after SPC-060
reviewedAt=2026-10-06T08:41:48.134Z
reviewCommand=C:\Program Files\nodejs\node.exe botsales-kit/execution/frontend-evidence/FE028/revalidate-prior-ledger-after-spc060-docs-20261006.mjs
cwd=C:\Users\Joker-PC\Documents\Projects\Bot-AI-Ban-hang-FB\BotSalesAI_Frontend
reviewExitCode=0
originalExecutionAt=2026-10-06T06:08:54.409Z
originalCommand=set PATH=C:\Windows\System32;C:\Program Files\nodejs;%PATH% && npm.cmd --script-shell=cmd.exe test
originalLog=execution/frontend-evidence/FE006/S02-after-spc059-20261006.log
originalLogSha256=326c8267dfe6869fb5f14b01d7a4a0b9173bdb9e95671354a79447f7fbc9ab8c
expected=Các trạng thái/layout dùng theme/token; không wrapper từng primitive vô nghĩa hoặc flash nền trắng. Ghi command/cwd/exit code, expected/observed, log/hash và source snapshot thực. Scope FRONTEND_WITH_SYNTHETIC_MOCK_API; không dùng kết quả prototype hoặc backend chưa chạy.
observed=The current React demo browser audit passed at four viewports without page overflow; pre-JS html/body/#root were dark graphite, reduced-motion/forced-colors/focus were observed, and axe app/main reported zero violations with color-contrast incomplete. Current registered unit suite passed 93/93. Browser audit covers the overview route only.
revalidation=Only shared policy/documentation files changed; the prior frontend source, contract, fixture, and test result inputs for this checkpoint retain their recorded hashes.
testRerun=false; original test execution time and log are retained; no new runtime test execution is claimed.
refreshedPolicySources=AGENTS.md,DESIGN.md,UX-CONTRACT.md,docs/FRONTEND_SCOPE.md,docs/FRONTEND_SPACING_STANDARD.md
scope=FRONTEND_WITH_SYNTHETIC_MOCK_API
sourceSnapshotSha256=d07dcbc2bf75c075a10a448a1ce3500223738ae5f76ca7aea3544a413186159f
SOURCE AGENTS.md sha256=1de4eb192b263d059a3a6199449b196a9ad8c280a329c09fec0cfc33293bf134
SOURCE AI_RULES.md sha256=1662406d9ac9e63646130516ad6811934b2bd7f0a6b7d240403749200777f9e3
SOURCE DESIGN.md sha256=c0a3994ebe20fb4b9629fbfa55e0c2f274ac435bcb147e4e48ed4c628b7ee452
SOURCE UX-CONTRACT.md sha256=7df23801a1d07a43d3a368f64dc890867cd73b1dd5107dd36405f78887b8ab69
SOURCE apps/web/index.html sha256=4f59d7af2e9306c4aeae1a343caca2c310aa58292104c932f44b45fdc2321825
SOURCE apps/web/src/app/bootstrap.css sha256=248d98621f8d1215bb8f6d52aa879f5e495cb1501a8563df58772abdd1aa1d89
SOURCE apps/web/src/app/tokens.css sha256=f7f6bc21f94664af6cc4173353b2632ef01cf5915cf407b256e3530f96f75fca
SOURCE apps/web/src/main.tsx sha256=2fbb13874110b3e6fc3f5583d36fc50a409f3dd5e28d7946f8b5b61c946d6bbb
SOURCE apps/web/src/shared/ui/components.tsx sha256=a87cf998f5dce3b234210ed08ba33f957c243b07b5bfe3eef7f6c82fc125e5f4
SOURCE apps/web/src/shared/ui/layout.ts sha256=b8e97da448a469f21bafe7c5c5ffadacd81cbd5d022484e4cc56d1a9afb6915f
SOURCE apps/web/src/shared/ui/theme.ts sha256=dfb131b7987db08c66df78d349e93175663bcc55e3e633e151c59dfaa1d67532
SOURCE apps/web/tests/components.test.tsx sha256=63b4b6135fbc8a96b98fd60013191a4d6580550e237a829405624d0f49a0c616
SOURCE apps/web/vite.config.ts sha256=5cf012d64418ea4c9f404005fc4f3240e33a4c1dd5a700ebda00f8c2477eea4a
SOURCE apps/web/vitest.config.ts sha256=48ae3b2f1579380ce3ac309aea96201dec2f7cd4445551bea90ddfba73fcf32e
SOURCE botsales-kit/design/tokens.json sha256=95b1202c741162890227ddc70adc7c1e479d17348bedaea56d3dea019f45bbb0
SOURCE botsales-kit/execution/frontend-evidence/FE005/S03-unit-spc059-current-20261006.log sha256=ac5801c943938b689dbdc4c8d96e3c215e0aa72789910fb3713dac74cab6fde4
SOURCE botsales-kit/execution/frontend-evidence/FE006/S01-after-spc059-20261006.json sha256=78990b1e8e092bbdacb63fb4c3c7289546a3e5416d4b71ca5549088badbfa685
SOURCE botsales-kit/execution/frontend-evidence/FE006/S02-after-spc059-browser-run.log sha256=9c6b49e9cd6c5c8307b54352bc3e907a2dc0db1d7d7cd2f5873eb57770297d08
SOURCE botsales-kit/execution/frontend-evidence/FE006/S02-after-spc059-browser/S04-browser-audit.json sha256=7cb95e5335329c9988b59623c5e48126cd46e5257a45dbab6fd0f692dd5d03c2
SOURCE botsales-kit/execution/frontend-evidence/FE006/capture-s02-spc059-refresh-20261006.mjs sha256=0bee5406b7dae76df32dcf0b6610b06ebba40d91afad9a75215376d98112efe8
SOURCE docs/FRONTEND_SCOPE.md sha256=2d0ebf8290bc993f3dc0e6cbaa259d95c0d0c15d8976f5246666cfdf4389af13
SOURCE docs/FRONTEND_SPACING_STANDARD.md sha256=7840e2c2b8bd6249867ef20acd44b53600feb588147ab0779dd1097fc7f6b7c9
SOURCE packages/design-tokens/src/tokens.json sha256=95b1202c741162890227ddc70adc7c1e479d17348bedaea56d3dea019f45bbb0
SOURCE tests/design/browser-audit.mjs sha256=2ec75d0ffb27cc22e04ffdbbab24baa8b0e135684c217ca5827785e78985249a
SOURCE tests/design/run-browser-audit.mjs sha256=5bc23f154e45159eaea5ce35bb0d30cd2b5f5bdacc42db4c31839d91bce61f05
