Command: node tests/design/ui012-route-contrast-audit.mjs
CWD: C:\Users\Joker-PC\Documents\Projects\Bot-AI-Ban-hang-FB\BotSalesAI_Frontend
Exit: 0

{
  "output": "..\\botsales-kit\\execution\\frontend-evidence\\FE006\\S04-route-contrast-current-20261007.json",
  "routeCount": 54,
  "totals": {
    "textNodes": 2139,
    "assessableTextNodes": 2139,
    "failedTextNodes": 0,
    "routesWithText": 54,
    "gradientTextNodes": 7,
    "minimumGradientTextRatio": 7.79,
    "unsupportedTextBackgrounds": 0,
    "minimumRatio": 5.1
  },
  "pageErrors": 0,
  "focusIndicator": {
    "tag": "a",
    "label": "Đến nội dung chính",
    "outlineStyle": "solid",
    "outlineWidthPx": 2,
    "outlineColor": "rgb(246, 200, 95)",
    "adjacentBackgroundRgb": [
      17,
      19,
      24
    ],
    "contrastRatio": 11.81,
    "threshold": 3,
    "passes": true
  },
  "statusChips": 122,
  "inputBorders": 77,
  "chartMarks": 3
}
