
> botsales-frontend@0.1.0 verify
> npm run generate:check && npm run test:source && npm run boundaries && npm run lint && npm run typecheck && npm run test:domain && npm test && npm run build && npm run test:layout && npm run test:visual-tokens


> botsales-frontend@0.1.0 generate:check
> node scripts/generate.mjs --check

{"status":"PASS","outputs":11,"schemas":283,"operations":210,"routes":54}

> botsales-frontend@0.1.0 test:source
> node scripts/check-source.mjs && node --test tests/source-checker.test.mjs

{
  "checkedAt": "2026-10-06T06:15:35.056Z",
  "scope": "Syntax, operation identifiers, route-source mapping, permissions and token adoption. NOT React typecheck, build or browser test.",
  "compiler": "5.9.2",
  "compilerSource": "project dependency",
  "files": 67,
  "operationCalls": 220,
  "routes": 54,
  "issues": [],
  "status": "PASS"
}
✔ module path classification accepts Windows and POSIX spellings, but excludes app files (0.984ms)
✔ the source-checker CLI rejects a prohibited color literal in a module (155.0262ms)
✔ the source-checker CLI accepts a token-based module and leaves app-level colors outside the rule (150.6385ms)
ℹ tests 3
ℹ suites 0
ℹ pass 3
ℹ fail 0
ℹ cancelled 0
ℹ skipped 0
ℹ todo 0
ℹ duration_ms 362.0783

> botsales-frontend@0.1.0 boundaries
> node scripts/check-boundaries.mjs

{
  "checkedAt": "2026-10-06T06:15:37.459Z",
  "scope": "AST imports resolve aliases/relative paths, module boundaries and cycles; parser diagnostics are errors",
  "files": 67,
  "imports": 479,
  "negativeFixtures": "Boundary fixtures: PASS 10/10 scenarios (allowed shared/public imports, alias, relative, app deep import, type-only, dynamic, unresolved, cycle, parser error).",
  "status": "PASS",
  "issues": []
}

> botsales-frontend@0.1.0 lint
> eslint apps/web/src --max-warnings 0


> botsales-frontend@0.1.0 typecheck
> tsc -p apps/web/tsconfig.json --noEmit


> botsales-frontend@0.1.0 test:domain
> node scripts/test-domain.mjs

{"status":"PASS","simulatorChecks":75,"networkChecks":13,"networkHandlers":210,"passed":88,"operations":89,"node":"v24.19.0","typescript":"5.9.2"}

> botsales-frontend@0.1.0 test
> vitest run --config apps/web/vitest.config.ts


 RUN  v5.0.3 C:/Users/Joker-PC/Documents/Projects/Bot-AI-Ban-hang-FB/BotSalesAI_Frontend

[BABEL] Note: The code generator has deoptimised the styling of C:\Users\Joker-PC\AppData\Local\Temp\botsales-vite-cache\ea27c7577456f6009d55\direct-vite\34844\deps\react-dom_client.js?v=d7dadcac as it exceeds the max of 500KB.

 Test Files  10 passed (10)
      Tests  93 passed (93)
   Start at  13:15:47
   Duration  5.69s (tests 50%, environment 22%, import 14%, transform 7%, setup 6%)


> botsales-frontend@0.1.0 build
> npm run generate:check && npm run typecheck && npm run build --workspace @botsales/web


> botsales-frontend@0.1.0 generate:check
> node scripts/generate.mjs --check

{"status":"PASS","outputs":11,"schemas":283,"operations":210,"routes":54}

> botsales-frontend@0.1.0 typecheck
> tsc -p apps/web/tsconfig.json --noEmit


> @botsales/web@0.1.0 build
> vite build --mode production

vite v7.3.6 building client environment for production...
transforming...
✓ 2057 modules transformed.
rendering chunks...
computing gzip size...
dist/index.html                              1.19 kB │ gzip:   0.60 kB
dist/assets/index-BQPx7lJM.css               3.56 kB │ gzip:   1.33 kB
dist/assets/download-8lJFmiSZ.js             0.23 kB │ gzip:   0.17 kB
dist/assets/filters-CVitQAxr.js              0.32 kB │ gzip:   0.25 kB
dist/assets/hooks-a1ho3yI8.js                3.18 kB │ gzip:   1.62 kB
dist/assets/index-BlS6gH2K.js                7.97 kB │ gzip:   3.19 kB
dist/assets/index-D134-3mZ.js                8.31 kB │ gzip:   3.51 kB
dist/assets/index-Lh7Rvr5_.js                9.89 kB │ gzip:   3.66 kB
dist/assets/index-C5QAHopm.js               13.71 kB │ gzip:   4.50 kB
dist/assets/index-Cr1mfWLM.js               13.83 kB │ gzip:   5.64 kB
dist/assets/index-CIbpxZib.js               14.31 kB │ gzip:   5.47 kB
dist/assets/index-CqrLPWJD.js               14.44 kB │ gzip:   5.32 kB
dist/assets/index-D9KoEoQD.js               16.24 kB │ gzip:   5.47 kB
dist/assets/index-BOokrJyT.js               16.50 kB │ gzip:   5.44 kB
dist/assets/index-BQlUImYe.js               17.86 kB │ gzip:   6.24 kB
dist/assets/index-BCu1k527.js               18.47 kB │ gzip:   6.14 kB
dist/assets/index-Bz3Dg-z_.js               21.97 kB │ gzip:   7.40 kB
dist/assets/index-C4mo-X-s.js               23.08 kB │ gzip:   8.21 kB
dist/assets/index-9YLusg5_.js               26.07 kB │ gzip:   8.46 kB
dist/assets/index-D-UlnnMr.js               31.49 kB │ gzip:   9.80 kB
dist/assets/query-5vm9EU1C.js               33.15 kB │ gzip:   9.92 kB
dist/assets/index-Bmbg_hpv.js               37.60 kB │ gzip:  10.12 kB
dist/assets/i18n-xB0mQYCC.js                46.14 kB │ gzip:  15.12 kB
dist/assets/schemas-jpQ0XMzw.js             79.18 kB │ gzip:  24.03 kB
dist/assets/index-D5M43oB_.js               81.86 kB │ gzip:  26.64 kB
dist/assets/schema-validation-Bhr7oAQE.js  149.80 kB │ gzip:  45.12 kB
dist/assets/react-runtime-D0NtfbPC.js      279.78 kB │ gzip:  90.28 kB
dist/assets/contract-data-BIzYYkc1.js      303.99 kB │ gzip:  36.17 kB
dist/assets/charts-CQ4oecFO.js             313.03 kB │ gzip:  94.99 kB
dist/assets/mui-Bz_aCSm2.js                328.33 kB │ gzip: 100.02 kB
✓ built in 2.75s

> botsales-frontend@0.1.0 test:layout
> node --test tests/layout-checker.test.mjs && node scripts/check-layout.mjs

✔ accepts semantic bridge roles, the closed token-derived factor map, geometry, and reset values (201.0583ms)
✔ rejects a CSS spacing role without a declared shared owner (204.1119ms)
✔ rejects scale-conforming and off-scale literals in sx, responsive leaves, named and namespace MUI System props (203.0356ms)
✔ follows local aliases and style callbacks; rejects theme spacing helpers and preset overrides (205.6238ms)
✔ scans nested slotProps but does not confuse event handlers or geometric dimensions with spacing (203.1179ms)
✔ keeps Panel geometry inspectable and rejects spacing hidden in its geometry prop (583.1448ms)
✔ accepts only an exact CSS exception and reports stale or mismatched exception scope (619.8265ms)
✔ rejects malformed TypeScript, malformed CSS, bad exception schema, and raw values in the bridge (835.4697ms)
✔ rejects canonical pixel tokens used as MUI factors and an altered bridge factor table (469.3827ms)
✔ report mode inventories migration debt without turning findings into PASS (200.4823ms)
ℹ tests 10
ℹ suites 0
ℹ pass 10
ℹ fail 0
ℹ cancelled 0
ℹ skipped 0
ℹ todo 0
ℹ duration_ms 3784.8901
layout-check PASS: 68 source files, 0 finding(s), 1 exception(s) used

> botsales-frontend@0.1.0 test:visual-tokens
> node --test tests/visual-token-checker.test.mjs && node scripts/check-visual-tokens.mjs

✔ visual checker accepts canonical theme roles, token references, geometry and semantic responsive props (10.9253ms)
✔ visual checker rejects raw literals across sx, JSX system props and CSS declarations (2.9969ms)
✔ visual checker follows local style aliases and callback themes, but fails raw nested values (3.0387ms)
✔ visual checker reports unresolved spreads and malformed style sources as UNKNOWN or parse errors (2.4314ms)
✔ visual checker includes newly added TSX files under the source root (3.7219ms)
ℹ tests 5
ℹ suites 0
ℹ pass 5
ℹ fail 0
ℹ cancelled 0
ℹ skipped 0
ℹ todo 0
ℹ duration_ms 211.1837
visual-token-check PASS: 68 source files, 0 finding(s)
exitCode=0
