Command: set PATH=C:\Windows\System32;C:\Program Files\nodejs;%PATH% && npm.cmd --script-shell=cmd.exe run test:ui-composition
CWD: C:\Users\Joker-PC\Documents\Projects\Bot-AI-Ban-hang-FB\BotSalesAI_Frontend
Exit: 0


> botsales-frontend@0.1.0 test:ui-composition
> node --test tests/ui-composition-checker.test.mjs tests/ui-composition-ancestry.test.mjs tests/ui-shared-api-contract.test.mjs && node scripts/check-ui-composition.mjs

✔ P10/P15 catch alias and neutral-wrapper duplicate insets through fragments and conditionals (437.1249ms)
✔ P20 resolves shared composition identities through a barrel and const component aliases (305.1134ms)
✔ P11/P13 catch static element access roles on every MUI surface, including Paper (295.8703ms)
✔ P12 checks React createElement and JSX-runtime element factories (289.4083ms)
✔ P14 resolves bodyMode literal aliases and fails closed when ownership is unknown (1107.1252ms)
✔ checks Panel ancestry when React elements are created natively (314.5836ms)
✔ keeps independent nested surfaces and portaled dialogs as separate owners (533.897ms)
✔ accepts finite bodyMode branches and every mode in the public component contracts (767.5349ms)
✔ stops inherited gap ownership at Panels and independent bordered surfaces (525.3806ms)
✔ tracks gaps through fragments, conditions and ready QueryState, but not inside DOM wrappers (272.3045ms)
✔ applies the same finite modes and wrapper boundaries to native React factories (524.9533ms)
✔ recognizes native outlined Paper and nested Box surface inset boundaries (517.6456ms)
✔ fails closed when an unresolved custom wrapper obscures a semantic gap owner (250.6499ms)
✔ rejects unsupported placement and rhythm values while accepting finite aliases and branches (507.4544ms)
✔ rejects unsupported finite values through React element factories (557.7617ms)
✔ accepts semantic composition, closed geometry and business-specific MUI primitives (6.2037ms)
✔ rejects rebuilding each shared spacing owner at a consumer (1.9197ms)
✔ follows aliases, local style variables, object spreads and namespace imports (0.8963ms)
✔ rejects direct and spread spacing overrides on semantic components (0.5389ms)
✔ rejects spacing or opaque spreads hidden in geometry (0.2583ms)
✔ allows the canonical owner implementation and fails closed on malformed source (0.9502ms)
✔ rejects duplicated parent boundary and duplicated Panel inset (0.5988ms)
✔ checks default MUI imports and fails closed for opaque geometry (0.3951ms)
✔ distinguishes content grids from flex flows when reporting the shared owner (0.3251ms)
✔ rejects page spacing for paired fields and peer Panels without a section gap owner (1.8305ms)
✔ related sibling gaps belong to ActionGroup comfortable density, not consumer Stack styles (0.5252ms)
✔ the shared catalog covers every public React component and supporting Column type (37.16ms)
✔ every public React API has a direct rendered contract test (1.2565ms)
✔ catalog declaration lines and stated JSX counts match resolved source symbols (23.3656ms)
✔ every shared React export has a resolved production consumer or an explicit zero-use lifecycle decision (21.8484ms)
✔ required UI evidence and regression gates remain wired to root verify and the active parent workflow (0.4808ms)
✔ composition prop allowlists match the TypeScript owners exactly (0.2771ms)
✔ QueryState uses only the approved inline and section pending profiles (0.307ms)
✔ QueryState consumers reserve section loading for primary content and keep every other state inline by default (19.8955ms)
✔ body modes, placement roles and geometry keys match the TypeScript contracts (1.1956ms)
✔ Panel geometry and DataTable columns remain closed public contracts (4.9174ms)
✔ shared component and composition props expose no arbitrary layout/style escape hatch (0.2398ms)
✔ layout role types, runtime values, consumers and ownership documentation stay closed (2455.2319ms)
ℹ tests 38
ℹ suites 0
ℹ pass 38
ℹ fail 0
ℹ cancelled 0
ℹ skipped 0
ℹ todo 0
ℹ duration_ms 7647.3875
ui-composition PASS: 74 source files, 0 finding(s)

