Command: set PATH=C:\Windows\System32;C:\Program Files\nodejs;%PATH% && npm.cmd --script-shell=cmd.exe run test:layout
CWD: C:\Users\Joker-PC\Documents\Projects\Bot-AI-Ban-hang-FB\BotSalesAI_Frontend
Exit: 0


> botsales-frontend@0.1.0 test:layout
> node --test tests/layout-checker.test.mjs tests/ui-layout-binding-gates.test.mjs && node scripts/check-layout.mjs

✔ accepts semantic bridge roles, the closed token-derived factor map, geometry, and reset values (927.3041ms)
✔ rejects a CSS spacing role without a declared shared owner (940.0312ms)
✔ rejects scale-conforming and off-scale literals in sx, responsive leaves, named and namespace MUI System props (928.5229ms)
✔ follows local aliases and style callbacks; rejects theme spacing helpers and preset overrides (937.9757ms)
✔ scans nested slotProps but does not confuse event handlers or geometric dimensions with spacing (932.3259ms)
✔ keeps Panel geometry inspectable and rejects spacing hidden in its geometry prop (2698.6342ms)
✔ accepts only an exact CSS exception and reports stale or mismatched exception scope (2759.8026ms)
✔ rejects malformed TypeScript, malformed CSS, bad exception schema, and raw values in the bridge (3656.937ms)
✔ rejects canonical pixel tokens used as MUI factors and an altered bridge factor table (1824.9416ms)
✔ report mode inventories migration debt without turning findings into PASS (922.1181ms)
✔ canonical writes through casts and aliases fail outside style expressions (956.3712ms)
✔ Object.assign cannot mutate canonical data but can copy to a fresh object (1901.9251ms)
✔ layout gate rejects raw spacing on const alias of MUI component (945.5452ms)
✔ canonical mutation gate follows global mutator aliases and reflection (964.9249ms)
✔ local mutator names do not acquire global mutation identity (941.6494ms)
✔ destructured mutators and call/apply retain canonical mutation checks (939.7863ms)
✔ global mutator call/apply can copy canonical values into fresh objects (933.5763ms)
✔ mutable aliases with possible canonical destinations fail closed (954.6535ms)
✔ opaque apply arguments fail closed while unrelated mutable data stays valid (1876.1372ms)
✔ canonical references inside containers and destructured aliases cannot be mutated (947.639ms)
✔ independent shallow copies of scalar canonical fields remain mutable (933.544ms)
✔ array references and nested destructuring preserve canonical write provenance (960.9482ms)
✔ array destinations distinguish independent elements from canonical references (931.9425ms)
✔ array destructuring, dynamic indices and spread cannot hide canonical references (941.428ms)
✔ dynamic indices and destructuring of independent arrays stay mutable (940.9413ms)
✔ function parameters cannot hide canonical mutation across source files (971.4028ms)
✔ read-only helpers and mutations of unrelated arguments remain valid (931.0599ms)
✔ returned canonical references remain protected across helper boundaries (941.5538ms)
✔ helper returns of fresh scalar copies do not retain canonical destination identity (904.8542ms)
✔ destructured object parameters cannot mutate canonical arguments (917.7608ms)
✔ destructured object parameters retain independent argument mutability (911.9179ms)
✔ default parameter and binding initializers cannot hide canonical mutations (924.9834ms)
✔ fresh default parameter and binding copies remain mutable (916.548ms)
✔ rest parameters retain canonical argument write provenance (907.2833ms)
✔ rest parameters distinguish independent positions from canonical siblings (918.8881ms)
✔ finite spread arguments preserve shifted positional and rest destinations (922.9839ms)
✔ finite spread expansion keeps independent argument positions mutable (904.4534ms)
✔ opaque spreads keep positional mutation destinations unknown (920.2431ms)
✔ opaque spreads into read-only helpers do not invent mutation findings (913.8964ms)
✔ array parameter patterns retain canonical positions including nested object arrays (919.7603ms)
✔ array parameter patterns retain independent bound element mutability (922.9051ms)
✔ layout gate rejects parameter shadow of canonical layout name (942.3391ms)
✔ layout gate follows genuine renamed styled factory (907.3104ms)
✔ layout gate accepts canonical namespace, element access and barrel alias (925.9322ms)
✔ layout gate does not mistake local component named Stack for MUI (910.4142ms)
✔ layout gate inspects renamed installed Emotion css tag (931.3031ms)
✔ layout gate preserves genuine aliased Controller field forwarding (959.3235ms)
✔ a same-named local Controller cannot exempt an unknown prop spread (941.5183ms)
✔ genuine useForm registration survives property and destructured aliases (911.527ms)
✔ a function named register cannot exempt injected style props (935.1615ms)
✔ a bridge callback parameter cannot impersonate its private factor binding (888.292ms)
✔ opaque namespace component selection remains a strict binding failure (916.7734ms)
✔ opaque namespace factory cannot hide style arguments (925.054ms)
✔ MUI re-export cannot hide raw spacing behind a first-party barrel (945.057ms)
✔ destructuring assignments cannot hide canonical write targets (912.6201ms)
✔ destructuring assignments can update independent copied destinations (910.38ms)
✔ object rest retains nested canonical references while copying the outer object (903.8584ms)
✔ rest scalar copies and replacement of container references stay mutable (945.7739ms)
✔ shallow object spread preserves canonical child references and last-writer order (1026.9346ms)
✔ shallow spread with a later independent override stays mutable (934.7743ms)
✔ exported mutable aliases retain assignments from their declaring file (922.8174ms)
✔ exported independent mutable data does not acquire canonical provenance (926.7908ms)
✔ literal computed keys retain canonical container and parameter provenance (920.86ms)
✔ literal computed keys do not taint independent selected properties (908.7256ms)
✔ Object.assign shallow copies retain canonical nested reference provenance (917.132ms)
✔ Object.assign later independent overrides and scalar copies stay mutable (917.5057ms)
✔ union and dynamic property selections retain possible canonical destinations (921.9908ms)
✔ finite union property selections exclude canonical siblings not in the key set (922.0725ms)
✔ union selection over Object.assign output retains canonical child provenance (1059.7631ms)
✔ union selection over independent Object.assign output remains mutable (913.5768ms)
✔ Reflect.set call/apply checks the target argument rather than the assigned value (2737.9696ms)
✔ aliased React createElement checks MUI and native style objects (909.7837ms)
✔ GlobalStyles.styles is checked and local createElement names stay local (1842.3119ms)
✔ React JSX runtime factories cannot bypass MUI or native style checks (930.9132ms)
✔ React cloneElement checks the cloned MUI element and preserves native props (3737.0598ms)
✔ Emotion css props and object factories are inspected with native CSS semantics (2767.2671ms)
✔ Inline style elements in JSX, React factories, DOM and the HTML entry fail closed (7355.4254ms)
✔ DOM CSSOM spacing writes use semantic roles and reject opaque style strings (1855.9534ms)
✔ HTML parsing and runtime stylesheet mutation cannot bypass the imported CSS boundary (1850.9465ms)
✔ spacing shorthand values and responsive breakpoints preserve token and unit provenance (9146.5417ms)
✔ function return producers cannot hide canonical children behind spreads (911.3923ms)
✔ producer spreads keep later independent child overrides writable (899.9398ms)
ℹ tests 82
ℹ suites 0
ℹ pass 82
ℹ fail 0
ℹ cancelled 0
ℹ skipped 0
ℹ todo 0
ℹ duration_ms 92834.2799
layout-check PASS: 76 source files, 0 finding(s), 1 exception(s) used
