
> botsales-frontend@0.1.0 test:layout
> node --test tests/layout-checker.test.mjs tests/ui-layout-binding-gates.test.mjs && node scripts/check-layout.mjs

✔ CSS label gap accepts the canonical direct pixel constructor and its exact owner/property (961.065ms)
✔ CSS label gap cannot be used as an unrelated spacing property (924.4031ms)
✔ CSS label gap rejects a raw pixel constructor argument (927.0974ms)
✔ CSS label gap cannot impersonate a role from another owner (929.0971ms)
✔ accepts semantic bridge roles, the closed token-derived factor map, geometry, and reset values (934.3826ms)
✔ rejects a CSS spacing role without a declared shared owner (921.1718ms)
✔ rejects scale-conforming and off-scale literals in sx, responsive leaves, named and namespace MUI System props (945.781ms)
✔ follows local aliases and style callbacks; rejects theme spacing helpers and preset overrides (943.5222ms)
✔ scans nested slotProps but does not confuse event handlers or geometric dimensions with spacing (968.0574ms)
✔ keeps Panel geometry inspectable and rejects spacing hidden in its geometry prop (2787.88ms)
✔ accepts only an exact CSS exception and reports stale or mismatched exception scope (2762.1054ms)
✔ rejects malformed TypeScript, malformed CSS, bad exception schema, and raw values in the bridge (3693.5693ms)
✔ rejects canonical pixel tokens used as MUI factors and an altered bridge factor table (1851.6911ms)
✔ report mode inventories migration debt without turning findings into PASS (937.5877ms)
✔ canonical writes through casts and aliases fail outside style expressions (1002.6036ms)
✔ Object.assign cannot mutate canonical data but can copy to a fresh object (1916.4368ms)
✔ layout gate rejects raw spacing on const alias of MUI component (950.1959ms)
✔ canonical mutation gate follows global mutator aliases and reflection (968.5141ms)
✔ local mutator names do not acquire global mutation identity (956.6639ms)
✔ destructured mutators and call/apply retain canonical mutation checks (952.479ms)
✔ global mutator call/apply can copy canonical values into fresh objects (980.5473ms)
✔ mutable aliases with possible canonical destinations fail closed (958.3925ms)
✔ opaque apply arguments fail closed while unrelated mutable data stays valid (1923.4374ms)
✔ canonical references inside containers and destructured aliases cannot be mutated (987.2766ms)
✔ independent shallow copies of scalar canonical fields remain mutable (957.5094ms)
✔ array references and nested destructuring preserve canonical write provenance (965.2032ms)
✔ array destinations distinguish independent elements from canonical references (969.7928ms)
✔ array destructuring, dynamic indices and spread cannot hide canonical references (956.0479ms)
✔ dynamic indices and destructuring of independent arrays stay mutable (958.9011ms)
✔ function parameters cannot hide canonical mutation across source files (981.8535ms)
✔ read-only helpers and mutations of unrelated arguments remain valid (965.3106ms)
✔ returned canonical references remain protected across helper boundaries (965.4964ms)
✔ helper returns of fresh scalar copies do not retain canonical destination identity (966.3173ms)
✔ destructured object parameters cannot mutate canonical arguments (969.4928ms)
✔ destructured object parameters retain independent argument mutability (926.7086ms)
✔ default parameter and binding initializers cannot hide canonical mutations (930.7286ms)
✔ fresh default parameter and binding copies remain mutable (927.8631ms)
✔ rest parameters retain canonical argument write provenance (942.672ms)
✔ rest parameters distinguish independent positions from canonical siblings (936.0141ms)
✔ finite spread arguments preserve shifted positional and rest destinations (932.9781ms)
✔ finite spread expansion keeps independent argument positions mutable (927.6851ms)
✔ opaque spreads keep positional mutation destinations unknown (930.9376ms)
✔ opaque spreads into read-only helpers do not invent mutation findings (920.0698ms)
✔ array parameter patterns retain canonical positions including nested object arrays (932.717ms)
✔ array parameter patterns retain independent bound element mutability (928.2032ms)
✔ layout gate rejects parameter shadow of canonical layout name (915.6032ms)
✔ layout gate follows genuine renamed styled factory (922.248ms)
✔ layout gate accepts canonical namespace, element access and barrel alias (963.6484ms)
✔ layout gate does not mistake local component named Stack for MUI (931.804ms)
✔ layout gate inspects renamed installed Emotion css tag (919.7456ms)
✔ layout gate preserves genuine aliased Controller field forwarding (933.649ms)
✔ a same-named local Controller cannot exempt an unknown prop spread (961.834ms)
✔ genuine useForm registration survives property and destructured aliases (941.7911ms)
✔ a function named register cannot exempt injected style props (943.6027ms)
✔ a bridge callback parameter cannot impersonate its private factor binding (917.3533ms)
✔ opaque namespace component selection remains a strict binding failure (951.4052ms)
✔ opaque namespace factory cannot hide style arguments (929.663ms)
✔ MUI re-export cannot hide raw spacing behind a first-party barrel (923.3177ms)
✔ destructuring assignments cannot hide canonical write targets (929.8639ms)
✔ destructuring assignments can update independent copied destinations (929.9994ms)
✔ object rest retains nested canonical references while copying the outer object (934.2294ms)
✔ rest scalar copies and replacement of container references stay mutable (919.4269ms)
✔ shallow object spread preserves canonical child references and last-writer order (943.4284ms)
✔ shallow spread with a later independent override stays mutable (931.576ms)
✔ exported mutable aliases retain assignments from their declaring file (938.2323ms)
✔ exported independent mutable data does not acquire canonical provenance (911.44ms)
✔ literal computed keys retain canonical container and parameter provenance (944.6071ms)
✔ literal computed keys do not taint independent selected properties (970.7378ms)
✔ Object.assign shallow copies retain canonical nested reference provenance (937.6397ms)
✔ Object.assign later independent overrides and scalar copies stay mutable (931.4277ms)
✔ union and dynamic property selections retain possible canonical destinations (946.4358ms)
✔ finite union property selections exclude canonical siblings not in the key set (915.058ms)
✔ union selection over Object.assign output retains canonical child provenance (924.4299ms)
✔ union selection over independent Object.assign output remains mutable (933.9084ms)
✔ Reflect.set call/apply checks the target argument rather than the assigned value (2853.4895ms)
✔ aliased React createElement checks MUI and native style objects (967.8159ms)
✔ GlobalStyles.styles is checked and local createElement names stay local (1900.7202ms)
✔ React JSX runtime factories cannot bypass MUI or native style checks (957.6699ms)
✔ React cloneElement checks the cloned MUI element and preserves native props (3907.2124ms)
✔ Emotion css props and object factories are inspected with native CSS semantics (2826.2221ms)
✔ Inline style elements in JSX, React factories, DOM and the HTML entry fail closed (7440.2194ms)
✔ DOM CSSOM spacing writes use semantic roles and reject opaque style strings (1893.6537ms)
✔ HTML parsing and runtime stylesheet mutation cannot bypass the imported CSS boundary (1865.6102ms)
✔ spacing shorthand values and responsive breakpoints preserve token and unit provenance (9426.0896ms)
✔ function return producers cannot hide canonical children behind spreads (952.3886ms)
✔ producer spreads keep later independent child overrides writable (1020.5579ms)
ℹ tests 86
ℹ suites 0
ℹ pass 86
ℹ fail 0
ℹ cancelled 0
ℹ skipped 0
ℹ todo 0
ℹ duration_ms 94669.0019
layout-check PASS: 79 source files, 0 finding(s), 1 exception(s) used
