{
  "task": "UI028.W23",
  "phase": "after-spacing-source-edit",
  "observations": 4,
  "roleSetupWrites": [],
  "productRouteWrites": [],
  "pageErrors": [],
  "layoutReport": {
    "file": "layout-after-spacing-current-20261006.json",
    "status": "FAIL",
    "files": 67,
    "totalFindings": 66,
    "dashboardOwnerFindings": 0
  },
  "sourceHashes": {
    "dashboard": "89107fbadbcd6de71dae06899bb6a4cf5ce5546c97eb0af015a9ed2ec0eb1166",
    "layout": "ab12efe44eb9e36e79dafca0df948e6ef1cfae496ba5b7eeb2bc0232ecf48798",
    "components": "66be880a201fe2a490a21b8332fbe6be934d12a2339d48632e519ff624834301",
    "routeManifest": "360871c008fac723cfc77dec79417838d24d4fae844452909eb347ec8893f2b2",
    "openapi": "d88a70957a9de36402ff5ac0cb757a2f1c496519c7e1fd2e28df17e867f78c7c",
    "uxContract": "da010abf3cf9ba37fd3ad9f7ee3ee201adf985d8a84c3fef2ff7469b5d2e72f2",
    "tokens": "b4083eb2032d9ebac7f1f793f3aae1cda6a30e075b0dd9e19f241567651d1895",
    "spacingStandard": "0d7f41e3523d8bd253489be1862b818205843024fbe851de31074f596f032304"
  }
}
