
Running 36 tests using 1 worker

(node:25816) Warning: The 'NO_COLOR' env is ignored due to the 'FORCE_COLOR' env being set.
(Use `node --trace-warnings ...` to show where the warning was created)
  ok  1 [chromium] › tests\fe021.spec.ts:29:1 › FE021 dashboard keeps independent panels usable and hides finance fields without finance.read (1.7s)
  ok  2 [chromium] › tests\fe021.spec.ts:41:1 › FE021 marketing chart and table match the same synthetic API fixture and preserve missing actual spend (2.0s)
  ok  3 [chromium] › tests\fe021.spec.ts:65:1 › FE021 export uses inclusive shop-local boundaries, safe CSV, API jobs and cursor pagination (3.0s)
  ok  4 [chromium] › tests\fe021.spec.ts:120:1 › FE021 mock rejects an export when reports.export lacks the source permission (1.0s)
  ok  5 [chromium] › tests\fe021.spec.ts:140:1 › FE021 mock rejects an invalid report timezone before creating an export job (1.3s)
  ok  6 [chromium] › tests\fe021.spec.ts:160:1 › FE021 ambiguous export result preserves the selected dates and never exposes a download (2.7s)
  ok  7 [chromium] › tests\fe021.spec.ts:173:1 › FE021 empty report and marketing payloads render explicit empty states (2.6s)
  ok  8 [chromium] › tests\fe021.spec.ts:192:1 › FE021 stale export conflict preserves dates and never exposes a download (2.7s)
  ok  9 [chromium] › tests\ui-dashboard-layout.spec.ts:15:1 › dashboard hierarchy, CTA targets, and page width hold across supported breakpoints (1.9s)
  ok 10 [chromium] › tests\ui012-keyboard.spec.ts:42:1 › UI012 keyboard-only finance edit handles select, discard warning and focus return (2.9s)
  ok 11 [chromium] › tests\ui012-keyboard.spec.ts:103:1 › UI012 keyboard validation focuses the field named by a synthetic 422 response (2.9s)
  ok 12 [chromium] › tests\ui012-keyboard.spec.ts:160:1 › UI012 keyboard activates the CSV chooser and discards its selected file without upload (1.9s)
  ok 13 [chromium] › tests\ui012-keyboard.spec.ts:200:1 › UI012 keyboard can reach and horizontally scroll the marketing chart data alternative (1.4s)
  ok 14 [chromium] › tests\ui012-keyboard.spec.ts:227:1 › UI012 marketing chart keeps every category label visible beside its data table (2.4s)
  ok 15 [chromium] › tests\ui012-keyboard.spec.ts:268:1 › UI012 inbox feedback actions identify their message and return focus after Escape (2.6s)
  ok 16 [chromium] › tests\ui012-keyboard.spec.ts:301:1 › UI012 order draft does not announce an untouched required customer as invalid (1.2s)
  ok 17 [chromium] › tests\ui012-keyboard.spec.ts:314:1 › UI012 long BotConfig policy literal wraps inside its alert at a 320 CSS-pixel viewport (1.2s)
  ok 18 [chromium] › tests\ui012-keyboard.spec.ts:348:1 › UI012 dashboard CTA separates hover and pressed feedback while keeping keyboard focus visible (2.8s)
(node:61896) Warning: The 'NO_COLOR' env is ignored due to the 'FORCE_COLOR' env being set.
(Use `node --trace-warnings ...` to show where the warning was created)
  ok 19 [firefox] › tests\fe021.spec.ts:29:1 › FE021 dashboard keeps independent panels usable and hides finance fields without finance.read (2.9s)
