warning: in the working copy of 'BotSalesAI_Frontend/AGENTS.md', LF will be replaced by CRLF the next time Git touches it
warning: in the working copy of 'BotSalesAI_Frontend/DESIGN.md', LF will be replaced by CRLF the next time Git touches it
warning: in the working copy of 'BotSalesAI_Frontend/UX-CONTRACT.md', LF will be replaced by CRLF the next time Git touches it
warning: in the working copy of 'BotSalesAI_Frontend/apps/web/src/app/CommandRecovery.tsx', LF will be replaced by CRLF the next time Git touches it
warning: in the working copy of 'BotSalesAI_Frontend/apps/web/src/app/ScopeEvents.tsx', LF will be replaced by CRLF the next time Git touches it
warning: in the working copy of 'BotSalesAI_Frontend/apps/web/src/app/Shell.tsx', LF will be replaced by CRLF the next time Git touches it
warning: in the working copy of 'BotSalesAI_Frontend/apps/web/src/app/bootstrap.css', LF will be replaced by CRLF the next time Git touches it
warning: in the working copy of 'BotSalesAI_Frontend/apps/web/src/app/feedback.tsx', LF will be replaced by CRLF the next time Git touches it
warning: in the working copy of 'BotSalesAI_Frontend/apps/web/src/app/router.tsx', LF will be replaced by CRLF the next time Git touches it
warning: in the working copy of 'BotSalesAI_Frontend/apps/web/src/app/tokens.css', LF will be replaced by CRLF the next time Git touches it
warning: in the working copy of 'BotSalesAI_Frontend/apps/web/src/modules/bot/index.tsx', LF will be replaced by CRLF the next time Git touches it
warning: in the working copy of 'BotSalesAI_Frontend/apps/web/src/modules/catalog/imports.tsx', LF will be replaced by CRLF the next time Git touches it
warning: in the working copy of 'BotSalesAI_Frontend/apps/web/src/modules/catalog/index.tsx', LF will be replaced by CRLF the next time Git touches it
warning: in the working copy of 'BotSalesAI_Frontend/apps/web/src/modules/customers/index.tsx', LF will be replaced by CRLF the next time Git touches it
warning: in the working copy of 'BotSalesAI_Frontend/apps/web/src/modules/dashboard/index.tsx', LF will be replaced by CRLF the next time Git touches it
warning: in the working copy of 'BotSalesAI_Frontend/apps/web/src/modules/finance/index.tsx', LF will be replaced by CRLF the next time Git touches it
warning: in the working copy of 'BotSalesAI_Frontend/apps/web/src/modules/fulfillment/index.tsx', LF will be replaced by CRLF the next time Git touches it
warning: in the working copy of 'BotSalesAI_Frontend/apps/web/src/modules/inbox/index.tsx', LF will be replaced by CRLF the next time Git touches it
warning: in the working copy of 'BotSalesAI_Frontend/apps/web/src/modules/integrations/index.tsx', LF will be replaced by CRLF the next time Git touches it
warning: in the working copy of 'BotSalesAI_Frontend/apps/web/src/modules/inventory/index.tsx', LF will be replaced by CRLF the next time Git touches it
warning: in the working copy of 'BotSalesAI_Frontend/apps/web/src/modules/knowledge/index.tsx', LF will be replaced by CRLF the next time Git touches it
warning: in the working copy of 'BotSalesAI_Frontend/apps/web/src/modules/notifications/index.tsx', LF will be replaced by CRLF the next time Git touches it
warning: in the working copy of 'BotSalesAI_Frontend/apps/web/src/modules/operations/index.tsx', LF will be replaced by CRLF the next time Git touches it
warning: in the working copy of 'BotSalesAI_Frontend/apps/web/src/modules/orders/index.tsx', LF will be replaced by CRLF the next time Git touches it
warning: in the working copy of 'BotSalesAI_Frontend/apps/web/src/modules/procurement/index.tsx', LF will be replaced by CRLF the next time Git touches it
warning: in the working copy of 'BotSalesAI_Frontend/apps/web/src/modules/workspace/index.tsx', LF will be replaced by CRLF the next time Git touches it
warning: in the working copy of 'BotSalesAI_Frontend/apps/web/src/shared/ui/components.tsx', LF will be replaced by CRLF the next time Git touches it
warning: in the working copy of 'BotSalesAI_Frontend/apps/web/src/shared/ui/theme.ts', LF will be replaced by CRLF the next time Git touches it
warning: in the working copy of 'BotSalesAI_Frontend/apps/web/tests/components.test.tsx', LF will be replaced by CRLF the next time Git touches it
warning: in the working copy of 'BotSalesAI_Frontend/botsales-kit/docs/18_CODING_STANDARDS.md', LF will be replaced by CRLF the next time Git touches it
warning: in the working copy of 'BotSalesAI_Frontend/docs/CONTINUE_FRONTEND.md', LF will be replaced by CRLF the next time Git touches it
warning: in the working copy of 'BotSalesAI_Frontend/docs/FRONTEND_SCOPE.md', LF will be replaced by CRLF the next time Git touches it
warning: in the working copy of 'BotSalesAI_Frontend/docs/FRONTEND_UI_IMPROVEMENT_PLAN.md', LF will be replaced by CRLF the next time Git touches it
warning: in the working copy of 'BotSalesAI_Frontend/docs/PROJECT_CONTEXT.md', LF will be replaced by CRLF the next time Git touches it
warning: in the working copy of 'BotSalesAI_Frontend/evidence/REPORT.md', LF will be replaced by CRLF the next time Git touches it
warning: in the working copy of 'BotSalesAI_Frontend/evidence/boundaries.json', LF will be replaced by CRLF the next time Git touches it
warning: in the working copy of 'BotSalesAI_Frontend/evidence/domain-tests.json', LF will be replaced by CRLF the next time Git touches it
warning: in the working copy of 'BotSalesAI_Frontend/evidence/frontend-ui-improvements/UI005/S03-request-trace.json', LF will be replaced by CRLF the next time Git touches it
warning: in the working copy of 'BotSalesAI_Frontend/evidence/logs/mock-typecheck.log', LF will be replaced by CRLF the next time Git touches it
warning: in the working copy of 'BotSalesAI_Frontend/evidence/source-check.json', LF will be replaced by CRLF the next time Git touches it
warning: in the working copy of 'BotSalesAI_Frontend/package.json', LF will be replaced by CRLF the next time Git touches it
warning: in the working copy of 'BotSalesAI_Frontend/scripts/generate.mjs', LF will be replaced by CRLF the next time Git touches it
