
> botsales-frontend@0.1.0 test:ui-composition
> node --test tests/ui-composition-checker.test.mjs tests/ui-composition-ancestry.test.mjs tests/ui-shared-api-contract.test.mjs && node scripts/check-ui-composition.mjs

✔ P10/P15 catch alias and neutral-wrapper duplicate insets through fragments and conditionals (546.6551ms)
✔ P20 resolves shared composition identities through a barrel and const component aliases (339.2282ms)
✔ P11/P13 catch static element access roles on every MUI surface, including Paper (338.4215ms)
✔ P12 checks React createElement and JSX-runtime element factories (325.1362ms)
✔ P14 resolves bodyMode literal aliases and fails closed when ownership is unknown (948.3698ms)
✔ checks Panel ancestry when React elements are created natively (413.9398ms)
✔ keeps independent nested surfaces and portaled dialogs as separate owners (825.6928ms)
✔ accepts finite bodyMode branches and every mode in the public component contracts (1240.5517ms)
✔ stops inherited gap ownership at Panels and independent bordered surfaces (803.2788ms)
✔ tracks gaps through fragments, conditions and ready QueryState, but not inside DOM wrappers (395.2418ms)
✔ applies the same finite modes and wrapper boundaries to native React factories (673.2524ms)
✔ recognizes native outlined Paper and nested Box surface inset boundaries (786.3323ms)
✔ fails closed when an unresolved custom wrapper obscures a semantic gap owner (406.4052ms)
✔ rejects unsupported placement and rhythm values while accepting finite aliases and branches (769.9436ms)
✔ rejects unsupported finite values through React element factories (959.3993ms)
✔ accepts semantic composition, closed geometry and business-specific MUI primitives (6.4394ms)
✔ rejects rebuilding each shared spacing owner at a consumer (2.4036ms)
✔ follows aliases, local style variables, object spreads and namespace imports (1.2424ms)
✔ rejects direct and spread spacing overrides on semantic components (0.7019ms)
✔ rejects spacing or opaque spreads hidden in geometry (0.3615ms)
✔ allows the canonical owner implementation and fails closed on malformed source (0.9634ms)
✔ rejects duplicated parent boundary and duplicated Panel inset (0.7712ms)
✔ checks default MUI imports and fails closed for opaque geometry (0.3964ms)
✔ distinguishes content grids from flex flows when reporting the shared owner (0.31ms)
✔ rejects page spacing for paired fields and peer Panels without a section gap owner (1.8327ms)
✔ related sibling gaps belong to ActionGroup comfortable density, not consumer Stack styles (0.5443ms)
✔ density profiles are finite and new spacing paths retain the shared owner (1.8791ms)
✔ Amount consumers declare wrapping outside DataTable columns and keep table money unbroken (63.7024ms)
✔ the shared catalog covers every public React component and supporting Column type (48.0975ms)
✔ SPC-067 covers discovered public Shared APIs without a fixed export count (0.9031ms)
✔ every public React API has a direct rendered contract test (1.7232ms)
✔ catalog declaration lines and stated JSX counts match resolved source symbols (99.1827ms)
✔ every shared React export has a resolved production consumer or an explicit zero-use lifecycle decision (61.0688ms)
✔ required UI evidence and regression gates remain wired to root verify and the active parent workflow (0.6855ms)
✔ composition prop allowlists match the TypeScript owners exactly (0.2359ms)
✔ QueryState uses only the approved inline and section pending profiles (0.3028ms)
✔ QueryState consumers reserve section loading for primary content and keep every other state inline by default (53.5638ms)
✔ body modes, placement roles and geometry keys match the TypeScript contracts (1.1095ms)
✔ Panel geometry and DataTable columns remain closed public contracts (5.1136ms)
✔ shared component and composition props expose no arbitrary layout/style escape hatch (0.328ms)
✔ layout role types, runtime values, consumers and ownership documentation stay closed (3321.5427ms)
ℹ tests 41
ℹ suites 0
ℹ pass 41
ℹ fail 0
ℹ cancelled 0
ℹ skipped 0
ℹ todo 0
ℹ duration_ms 10262.2898
ui-composition PASS: 91 source files, 0 finding(s)

