
> botsales-frontend@0.1.0 verify
> npm run generate:check && npm run test:source && npm run boundaries && npm run lint && npm run typecheck && npm run test:domain && npm test && npm run build && npm run test:layout && npm run test:visual-tokens && npm run test:ui-composition && npm run test:evidence


> botsales-frontend@0.1.0 generate:check
> node scripts/generate.mjs --check

{"status":"PASS","outputs":15,"schemas":346,"operations":245,"routes":61}

> botsales-frontend@0.1.0 test:source
> node scripts/check-source.mjs && node --test tests/source-checker.test.mjs

{
  "checkedAt": "2026-10-10T11:53:57.694Z",
  "scope": "Syntax, operation identifiers, route-source mapping, permissions and token adoption. NOT React typecheck, build or browser test.",
  "compiler": "5.9.2",
  "compilerSource": "project dependency",
  "files": 85,
  "operationCalls": 262,
  "routes": 61,
  "issues": [],
  "status": "PASS"
}
✔ module path classification accepts Windows and POSIX spellings, but excludes app files (1.0145ms)
✔ the source-checker CLI rejects a prohibited color literal in a module (161.7799ms)
✔ the source-checker CLI accepts a token-based module and leaves app-level colors outside the rule (159.3461ms)
ℹ tests 3
ℹ suites 0
ℹ pass 3
ℹ fail 0
ℹ cancelled 0
ℹ skipped 0
ℹ todo 0
ℹ duration_ms 377.6965

> botsales-frontend@0.1.0 boundaries
> node scripts/check-boundaries.mjs

{
  "checkedAt": "2026-10-10T11:54:00.116Z",
  "scope": "AST imports resolve aliases/relative paths, module boundaries and cycles; parser diagnostics are errors",
  "files": 85,
  "imports": 722,
  "negativeFixtures": "Boundary fixtures: PASS 10/10 scenarios (allowed shared/public imports, alias, relative, app deep import, type-only, dynamic, unresolved, cycle, parser error).",
  "status": "PASS",
  "issues": []
}

> botsales-frontend@0.1.0 lint
> eslint apps/web/src --max-warnings 0


> botsales-frontend@0.1.0 typecheck
> tsc -p apps/web/tsconfig.json --noEmit


> botsales-frontend@0.1.0 test:domain
> node scripts/test-domain.mjs

{"status":"PASS","simulatorChecks":86,"networkChecks":31,"networkHandlers":245,"passed":117,"operations":100,"node":"v24.19.0","typescript":"5.9.2"}

> botsales-frontend@0.1.0 test
> vitest run --config apps/web/vitest.config.ts


 RUN  v5.0.3 C:/Users/Joker-PC/Documents/Projects/Bot-AI-Ban-hang-FB/BotSalesAI_Frontend

[BABEL] Note: The code generator has deoptimised the styling of C:\Users\Joker-PC\AppData\Local\Temp\botsales-vite-cache\ea27c7577456f6009d55\direct-vite\56484\deps\react-dom_client.js?v=46d7085a as it exceeds the max of 500KB.

 Test Files  23 passed (23)
      Tests  238 passed (238)
   Start at  18:54:16
   Duration  6.02s (tests 33%, environment 32%, import 16%, transform 11%, setup 7%)


> botsales-frontend@0.1.0 build
> npm run generate:check && npm run typecheck && npm run build --workspace @botsales/web


> botsales-frontend@0.1.0 generate:check
> node scripts/generate.mjs --check

{"status":"PASS","outputs":15,"schemas":346,"operations":245,"routes":61}

> botsales-frontend@0.1.0 typecheck
> tsc -p apps/web/tsconfig.json --noEmit


> @botsales/web@0.1.0 build
> vite build --mode production

vite v7.3.6 building client environment for production...
transforming...
✓ 2077 modules transformed.
rendering chunks...
computing gzip size...
dist/index.html                              1.23 kB │ gzip:   0.61 kB
dist/assets/index-BQPx7lJM.css               3.56 kB │ gzip:   1.33 kB
dist/assets/download-8lJFmiSZ.js             0.23 kB │ gzip:   0.17 kB
dist/assets/filters-CM07jGKE.js              0.32 kB │ gzip:   0.25 kB
dist/assets/hooks-L2nh8X7I.js                4.59 kB │ gzip:   2.15 kB
dist/assets/draft-conflict-CQUoJQ4o.js       5.37 kB │ gzip:   2.49 kB
dist/assets/index-mquMxiPF.js                8.25 kB │ gzip:   3.27 kB
dist/assets/index-CiWOs-TV.js                9.42 kB │ gzip:   3.73 kB
dist/assets/index-DQGrQuEv.js               13.14 kB │ gzip:   5.19 kB
dist/assets/index-OVGPogNo.js               15.39 kB │ gzip:   5.90 kB
dist/assets/index-Bd9mcE3C.js               16.98 kB │ gzip:   5.58 kB
dist/assets/index-Bg61UgeK.js               16.99 kB │ gzip:   5.81 kB
dist/assets/index-PCRh2M1X.js               18.85 kB │ gzip:   6.33 kB
dist/assets/index-BUtDDvPf.js               19.08 kB │ gzip:   7.02 kB
dist/assets/index-CvmCKMdV.js               20.90 kB │ gzip:   6.92 kB
dist/assets/index-Dzt3sNfY.js               21.23 kB │ gzip:   7.65 kB
dist/assets/index-RfTtRmBG.js               24.80 kB │ gzip:   8.25 kB
dist/assets/index-DWs4xu4k.js               25.06 kB │ gzip:   8.46 kB
dist/assets/index-BSXDucyP.js               30.93 kB │ gzip:   9.93 kB
dist/assets/index-DattA6PL.js               32.48 kB │ gzip:  10.82 kB
dist/assets/query-Df7VyXaF.js               33.15 kB │ gzip:   9.92 kB
dist/assets/index-WDyY7fx-.js               42.03 kB │ gzip:  11.49 kB
dist/assets/i18n-D4N_7Z3Q.js                46.14 kB │ gzip:  15.12 kB
dist/assets/index-BeRebE9w.js               64.28 kB │ gzip:  17.67 kB
dist/assets/schemas-CoWCwirf.js             85.75 kB │ gzip:  25.72 kB
dist/assets/index-DgXyZ4_1.js              100.89 kB │ gzip:  32.02 kB
dist/assets/schema-validation-B78jEm7B.js  149.80 kB │ gzip:  45.12 kB
dist/assets/react-runtime-gLMyUIL2.js      279.79 kB │ gzip:  90.28 kB
dist/assets/charts-BwhaRlrs.js             320.23 kB │ gzip:  96.79 kB
dist/assets/mui-CJj7QyVx.js                328.77 kB │ gzip: 100.20 kB
dist/assets/contract-data-BRT-TOMX.js      368.62 kB │ gzip:  42.83 kB
✓ built in 2.91s

> botsales-frontend@0.1.0 test:layout
> node --test tests/layout-checker.test.mjs tests/ui-layout-binding-gates.test.mjs && node scripts/check-layout.mjs

✔ CSS label gap accepts the canonical direct pixel constructor and its exact owner/property (942.8809ms)
✔ CSS label gap cannot be used as an unrelated spacing property (915.9225ms)
✔ CSS label gap rejects a raw pixel constructor argument (917.5866ms)
✔ CSS label gap cannot impersonate a role from another owner (974.104ms)
✔ accepts semantic bridge roles, the closed token-derived factor map, geometry, and reset values (925.2261ms)
✔ rejects a CSS spacing role without a declared shared owner (930.517ms)
✔ rejects scale-conforming and off-scale literals in sx, responsive leaves, named and namespace MUI System props (938.8421ms)
✔ follows local aliases and style callbacks; rejects theme spacing helpers and preset overrides (943.2508ms)
✔ scans nested slotProps but does not confuse event handlers or geometric dimensions with spacing (936.2809ms)
✔ keeps Panel geometry inspectable and rejects spacing hidden in its geometry prop (2760.8523ms)
✔ accepts only an exact CSS exception and reports stale or mismatched exception scope (2727.7512ms)
✔ rejects malformed TypeScript, malformed CSS, bad exception schema, and raw values in the bridge (3747.1395ms)
✔ rejects canonical pixel tokens used as MUI factors and an altered bridge factor table (1848.9867ms)
✔ report mode inventories migration debt without turning findings into PASS (917.4537ms)
✔ canonical writes through casts and aliases fail outside style expressions (972.6012ms)
✔ Object.assign cannot mutate canonical data but can copy to a fresh object (1912.0881ms)
✔ layout gate rejects raw spacing on const alias of MUI component (962.1546ms)
✔ canonical mutation gate follows global mutator aliases and reflection (963.0712ms)
✔ local mutator names do not acquire global mutation identity (949.1391ms)
✔ destructured mutators and call/apply retain canonical mutation checks (971.8302ms)
✔ global mutator call/apply can copy canonical values into fresh objects (964.1471ms)
✔ mutable aliases with possible canonical destinations fail closed (1005.9541ms)
✔ opaque apply arguments fail closed while unrelated mutable data stays valid (1898.0157ms)
✔ canonical references inside containers and destructured aliases cannot be mutated (982.5212ms)
✔ independent shallow copies of scalar canonical fields remain mutable (968.9791ms)
✔ array references and nested destructuring preserve canonical write provenance (974.4429ms)
✔ array destinations distinguish independent elements from canonical references (976.8093ms)
✔ array destructuring, dynamic indices and spread cannot hide canonical references (965.6427ms)
✔ dynamic indices and destructuring of independent arrays stay mutable (953.1623ms)
✔ function parameters cannot hide canonical mutation across source files (983.6395ms)
✔ read-only helpers and mutations of unrelated arguments remain valid (961.9915ms)
✔ returned canonical references remain protected across helper boundaries (982.998ms)
✔ helper returns of fresh scalar copies do not retain canonical destination identity (955.4648ms)
✔ destructured object parameters cannot mutate canonical arguments (937.6696ms)
✔ destructured object parameters retain independent argument mutability (933.909ms)
✔ default parameter and binding initializers cannot hide canonical mutations (931.6738ms)
✔ fresh default parameter and binding copies remain mutable (920.9066ms)
✔ rest parameters retain canonical argument write provenance (920.5093ms)
✔ rest parameters distinguish independent positions from canonical siblings (920.1929ms)
✔ finite spread arguments preserve shifted positional and rest destinations (935.3672ms)
✔ finite spread expansion keeps independent argument positions mutable (917.4799ms)
✔ opaque spreads keep positional mutation destinations unknown (936.9894ms)
✔ opaque spreads into read-only helpers do not invent mutation findings (928.3635ms)
✔ array parameter patterns retain canonical positions including nested object arrays (939.1306ms)
✔ array parameter patterns retain independent bound element mutability (936.7737ms)
✔ layout gate rejects parameter shadow of canonical layout name (924.9564ms)
✔ layout gate follows genuine renamed styled factory (921.8993ms)
✔ layout gate accepts canonical namespace, element access and barrel alias (939.0514ms)
✔ layout gate does not mistake local component named Stack for MUI (923.183ms)
✔ layout gate inspects renamed installed Emotion css tag (927.3182ms)
✔ layout gate preserves genuine aliased Controller field forwarding (932.9901ms)
✔ a same-named local Controller cannot exempt an unknown prop spread (935.5423ms)
✔ genuine useForm registration survives property and destructured aliases (934.4798ms)
✔ a function named register cannot exempt injected style props (923.7698ms)
✔ a bridge callback parameter cannot impersonate its private factor binding (908.7165ms)
✔ opaque namespace component selection remains a strict binding failure (926.1926ms)
✔ opaque namespace factory cannot hide style arguments (932.7058ms)
✔ MUI re-export cannot hide raw spacing behind a first-party barrel (935.9833ms)
✔ destructuring assignments cannot hide canonical write targets (942.7619ms)
✔ destructuring assignments can update independent copied destinations (919.9222ms)
✔ object rest retains nested canonical references while copying the outer object (944.3032ms)
✔ rest scalar copies and replacement of container references stay mutable (927.5848ms)
✔ shallow object spread preserves canonical child references and last-writer order (932.9036ms)
✔ shallow spread with a later independent override stays mutable (922.2728ms)
✔ exported mutable aliases retain assignments from their declaring file (934.2981ms)
✔ exported independent mutable data does not acquire canonical provenance (943.685ms)
✔ literal computed keys retain canonical container and parameter provenance (937.0617ms)
✔ literal computed keys do not taint independent selected properties (939.9366ms)
✔ Object.assign shallow copies retain canonical nested reference provenance (945.8113ms)
✔ Object.assign later independent overrides and scalar copies stay mutable (939.9051ms)
✔ union and dynamic property selections retain possible canonical destinations (945.5518ms)
✔ finite union property selections exclude canonical siblings not in the key set (931.6644ms)
✔ union selection over Object.assign output retains canonical child provenance (944.3664ms)
✔ union selection over independent Object.assign output remains mutable (931.4005ms)
✔ Reflect.set call/apply checks the target argument rather than the assigned value (2856.4892ms)
✔ aliased React createElement checks MUI and native style objects (949.3673ms)
✔ GlobalStyles.styles is checked and local createElement names stay local (1842.1499ms)
✔ React JSX runtime factories cannot bypass MUI or native style checks (915.7688ms)
✔ React cloneElement checks the cloned MUI element and preserves native props (3670.8061ms)
✔ Emotion css props and object factories are inspected with native CSS semantics (2743.6074ms)
✔ Inline style elements in JSX, React factories, DOM and the HTML entry fail closed (7301.2286ms)
✔ DOM CSSOM spacing writes use semantic roles and reject opaque style strings (1835.5094ms)
✔ HTML parsing and runtime stylesheet mutation cannot bypass the imported CSS boundary (1834.5998ms)
✔ spacing shorthand values and responsive breakpoints preserve token and unit provenance (9118.9012ms)
✔ function return producers cannot hide canonical children behind spreads (924.9619ms)
✔ producer spreads keep later independent child overrides writable (901.27ms)
ℹ tests 86
ℹ suites 0
ℹ pass 86
ℹ fail 0
ℹ cancelled 0
ℹ skipped 0
ℹ todo 0
ℹ duration_ms 93481.7989
layout-check PASS: 93 source files, 0 finding(s), 1 exception(s) used

> botsales-frontend@0.1.0 test:visual-tokens
> node --test tests/visual-token-checker.test.mjs && node scripts/check-visual-tokens.mjs

✔ visual checker accepts canonical theme roles, token references, geometry and semantic responsive props (479.854ms)
✔ visual checker rejects raw literals across sx, JSX system props and CSS declarations (286.9815ms)
✔ visual checker follows local style aliases and callback themes, but fails raw nested values (279.1925ms)
✔ visual checker reports unresolved spreads and malformed style sources as UNKNOWN or parse errors (267.5651ms)
✔ visual checker includes newly added TSX files under the source root (267.7953ms)
ℹ tests 5
ℹ suites 0
ℹ pass 5
ℹ fail 0
ℹ cancelled 0
ℹ skipped 0
ℹ todo 0
ℹ duration_ms 2000.0383
visual-token-check PASS: 92 source files, 0 finding(s)

> botsales-frontend@0.1.0 test:ui-composition
> node --test tests/ui-composition-checker.test.mjs tests/ui-composition-ancestry.test.mjs tests/ui-shared-api-contract.test.mjs && node scripts/check-ui-composition.mjs

✔ P10/P15 catch alias and neutral-wrapper duplicate insets through fragments and conditionals (441.3321ms)
✔ P20 resolves shared composition identities through a barrel and const component aliases (290.6612ms)
✔ P11/P13 catch static element access roles on every MUI surface, including Paper (279.5205ms)
✔ P12 checks React createElement and JSX-runtime element factories (289.31ms)
✔ P14 resolves bodyMode literal aliases and fails closed when ownership is unknown (812.5428ms)
✔ checks Panel ancestry when React elements are created natively (265.9485ms)
✔ keeps independent nested surfaces and portaled dialogs as separate owners (564.1952ms)
✔ accepts finite bodyMode branches and every mode in the public component contracts (826.4207ms)
✔ stops inherited gap ownership at Panels and independent bordered surfaces (526.7727ms)
✔ tracks gaps through fragments, conditions and ready QueryState, but not inside DOM wrappers (267.2989ms)
✔ applies the same finite modes and wrapper boundaries to native React factories (515.5831ms)
✔ recognizes native outlined Paper and nested Box surface inset boundaries (518.3216ms)
✔ fails closed when an unresolved custom wrapper obscures a semantic gap owner (260.1024ms)
✔ rejects unsupported placement and rhythm values while accepting finite aliases and branches (514.7511ms)
✔ rejects unsupported finite values through React element factories (511.3631ms)
✔ accepts semantic composition, closed geometry and business-specific MUI primitives (6.4881ms)
✔ rejects rebuilding each shared spacing owner at a consumer (2.0112ms)
✔ follows aliases, local style variables, object spreads and namespace imports (0.9117ms)
✔ rejects direct and spread spacing overrides on semantic components (0.6071ms)
✔ rejects spacing or opaque spreads hidden in geometry (0.2652ms)
✔ allows the canonical owner implementation and fails closed on malformed source (1.1695ms)
✔ rejects duplicated parent boundary and duplicated Panel inset (0.6445ms)
✔ checks default MUI imports and fails closed for opaque geometry (0.405ms)
✔ distinguishes content grids from flex flows when reporting the shared owner (0.3961ms)
✔ rejects page spacing for paired fields and peer Panels without a section gap owner (1.8459ms)
✔ related sibling gaps belong to ActionGroup comfortable density, not consumer Stack styles (0.5393ms)
✔ density profiles are finite and new spacing paths retain the shared owner (1.2861ms)
✔ Amount consumers declare wrapping outside DataTable columns and keep table money unbroken (52.0247ms)
✔ the shared catalog covers every public React component and supporting Column type (38.3257ms)
✔ SPC-067 covers discovered public Shared APIs without a fixed export count (0.8456ms)
✔ every public React API has a direct rendered contract test (1.2861ms)
✔ catalog declaration lines and stated JSX counts match resolved source symbols (87.6445ms)
✔ every shared React export has a resolved production consumer or an explicit zero-use lifecycle decision (55.7006ms)
✔ required UI evidence and regression gates remain wired to root verify and the active parent workflow (0.6977ms)
✔ composition prop allowlists match the TypeScript owners exactly (0.2221ms)
✔ QueryState uses only the approved inline and section pending profiles (0.2935ms)
✔ QueryState consumers reserve section loading for primary content and keep every other state inline by default (42.9324ms)
✔ body modes, placement roles and geometry keys match the TypeScript contracts (1.0509ms)
✔ Panel geometry and DataTable columns remain closed public contracts (4.4168ms)
✔ shared component and composition props expose no arbitrary layout/style escape hatch (0.2118ms)
✔ layout role types, runtime values, consumers and ownership documentation stay closed (2452.355ms)
ℹ tests 41
ℹ suites 0
ℹ pass 41
ℹ fail 0
ℹ cancelled 0
ℹ skipped 0
ℹ todo 0
ℹ duration_ms 7321.1412
ui-composition PASS: 91 source files, 0 finding(s)


> botsales-frontend@0.1.0 test:evidence
> node --test tests/ui-evidence-validator.test.mjs && node scripts/validate-ui-evidence.mjs evidence/frontend-ui-improvements/ui-governance-rollout-20261007/S17-current-evidence.json

✔ accepts current fingerprints, honest open coverage, and explained N/A (5.2282ms)
✔ rejects a stale source fingerprint (3.3534ms)
✔ rejects a stale command log (2.7988ms)
✔ rejects missing, absolute, and escaping source paths (2.3125ms)
✔ rejects unrun, missing, duplicate, and nonzero command results marked PASS (2.8887ms)
✔ rejects PASS when expected and observed results differ (3.0088ms)
✔ rejects inconsistent coverage and N/A without a reason (2.8417ms)
✔ rejects a baseline falsely dated after implementation started and detects changed baseline artifacts (6.0552ms)
✔ COMPLETE cannot contain open coverage or failed commands (4.3099ms)
✔ S19 must explicitly reconcile files, APIs, routes, rendered routes, slots, and states (5.1495ms)
✔ rejects malformed top-level evidence instead of treating missing fields as success (2.3606ms)
ℹ tests 11
ℹ suites 0
ℹ pass 11
ℹ fail 0
ℹ cancelled 0
ℹ skipped 0
ℹ todo 0
ℹ duration_ms 96.2261
ui-evidence PASS: S17; 3 command/log record(s), 3 coverage row(s), 275 current fingerprint(s); status=COMPLETE
