✔ P10/P15 catch alias and neutral-wrapper duplicate insets through fragments and conditionals (466.8285ms)
✔ P20 resolves shared composition identities through a barrel and const component aliases (351.3146ms)
✔ P11/P13 catch static element access roles on every MUI surface, including Paper (335.0633ms)
✔ P12 checks React createElement and JSX-runtime element factories (298.4479ms)
✔ P14 resolves bodyMode literal aliases and fails closed when ownership is unknown (887.5026ms)
✔ checks Panel ancestry when React elements are created natively (279.7234ms)
✔ keeps independent nested surfaces and portaled dialogs as separate owners (572.0192ms)
✔ accepts finite bodyMode branches and every mode in the public component contracts (803.0052ms)
✔ stops inherited gap ownership at Panels and independent bordered surfaces (547.3467ms)
✔ tracks gaps through fragments, conditions and ready QueryState, but not inside DOM wrappers (281.6054ms)
✔ applies the same finite modes and wrapper boundaries to native React factories (512.7304ms)
✔ recognizes native outlined Paper and nested Box surface inset boundaries (548.8325ms)
✔ fails closed when an unresolved custom wrapper obscures a semantic gap owner (252.4442ms)
✔ rejects unsupported placement and rhythm values while accepting finite aliases and branches (520.0765ms)
✔ rejects unsupported finite values through React element factories (537.3226ms)
✔ accepts semantic composition, closed geometry and business-specific MUI primitives (6.5314ms)
✔ rejects rebuilding each shared spacing owner at a consumer (1.9767ms)
✔ follows aliases, local style variables, object spreads and namespace imports (0.8771ms)
✔ rejects direct and spread spacing overrides on semantic components (0.516ms)
✔ rejects spacing or opaque spreads hidden in geometry (0.2583ms)
✔ allows the canonical owner implementation and fails closed on malformed source (1.0103ms)
✔ rejects duplicated parent boundary and duplicated Panel inset (0.3801ms)
✔ checks default MUI imports and fails closed for opaque geometry (0.3468ms)
✔ distinguishes content grids from flex flows when reporting the shared owner (0.3526ms)
✔ related sibling gaps belong to ActionGroup comfortable density, not consumer Stack styles (0.6916ms)
✔ the shared catalog covers every public React component and supporting Column type (38.1671ms)
✔ composition prop allowlists match the TypeScript owners exactly (0.2207ms)
✔ QueryState uses only the approved inline and section pending profiles (0.2709ms)
✔ QueryState consumers reserve section loading for primary content and keep every other state inline by default (28.0426ms)
✔ body modes, placement roles and geometry keys match the TypeScript contracts (1.4455ms)
✔ Panel geometry and DataTable columns remain closed public contracts (4.7319ms)
✔ shared component and composition props expose no arbitrary layout/style escape hatch (0.2034ms)
✔ layout role types, runtime values, consumers and ownership documentation stay closed (2232.3887ms)
ℹ tests 33
ℹ suites 0
ℹ pass 33
ℹ fail 0
ℹ cancelled 0
ℹ skipped 0
ℹ todo 0
ℹ duration_ms 7698.4801
