✔ P10/P15 catch alias and neutral-wrapper duplicate insets through fragments and conditionals (433.2723ms)
✔ P20 resolves shared composition identities through a barrel and const component aliases (312.3076ms)
✔ P11/P13 catch static element access roles on every MUI surface, including Paper (307.5554ms)
✔ P12 checks React createElement and JSX-runtime element factories (295.4934ms)
✔ P14 resolves bodyMode literal aliases and fails closed when ownership is unknown (824.281ms)
✔ checks Panel ancestry when React elements are created natively (268.2017ms)
✔ keeps independent nested surfaces and portaled dialogs as separate owners (528.0025ms)
✔ accepts finite bodyMode branches and every mode in the public component contracts (760.2448ms)
✔ stops inherited gap ownership at Panels and independent bordered surfaces (508.068ms)
✔ tracks gaps through fragments, conditions and ready QueryState, but not inside DOM wrappers (276.7046ms)
✔ applies the same finite modes and wrapper boundaries to native React factories (501.0499ms)
✔ recognizes native outlined Paper and nested Box surface inset boundaries (522.4142ms)
✔ fails closed when an unresolved custom wrapper obscures a semantic gap owner (248.7544ms)
✔ rejects unsupported placement and rhythm values while accepting finite aliases and branches (499.9579ms)
✔ rejects unsupported finite values through React element factories (511.4584ms)
✔ accepts semantic composition, closed geometry and business-specific MUI primitives (5.9326ms)
✔ rejects rebuilding each shared spacing owner at a consumer (2.145ms)
✔ follows aliases, local style variables, object spreads and namespace imports (0.9087ms)
✔ rejects direct and spread spacing overrides on semantic components (0.4769ms)
✔ rejects spacing or opaque spreads hidden in geometry (0.3107ms)
✔ allows the canonical owner implementation and fails closed on malformed source (0.9037ms)
✔ rejects duplicated parent boundary and duplicated Panel inset (0.3546ms)
✔ checks default MUI imports and fails closed for opaque geometry (0.3637ms)
✔ distinguishes content grids from flex flows when reporting the shared owner (0.3049ms)
✔ related sibling gaps belong to ActionGroup comfortable density, not consumer Stack styles (0.5619ms)
✔ the shared catalog covers every public React component and supporting Column type (37.4498ms)
✔ every shared React export has a resolved production consumer or an explicit zero-use lifecycle decision (28.4491ms)
✔ required UI evidence and regression gates remain wired to root verify and the active parent workflow (0.4125ms)
✔ composition prop allowlists match the TypeScript owners exactly (0.2414ms)
✔ QueryState uses only the approved inline and section pending profiles (0.2873ms)
✔ QueryState consumers reserve section loading for primary content and keep every other state inline by default (27.0934ms)
✔ body modes, placement roles and geometry keys match the TypeScript contracts (1.0543ms)
✔ Panel geometry and DataTable columns remain closed public contracts (4.7355ms)
✔ shared component and composition props expose no arbitrary layout/style escape hatch (0.2479ms)
✔ layout role types, runtime values, consumers and ownership documentation stay closed (2089.6665ms)
ℹ tests 35
ℹ suites 0
ℹ pass 35
ℹ fail 0
ℹ cancelled 0
ℹ skipped 0
ℹ todo 0
ℹ duration_ms 7236.1793
ui-composition PASS: 74 source files, 0 finding(s)

