
Running 20 tests using 1 worker



(node:39396) Warning: The 'NO_COLOR' env is ignored due to the 'FORCE_COLOR' env being set.
(Use `node --trace-warnings ...` to show where the warning was created)
[1/20] [chromium] › tests\ui-finance-layout.spec.ts:30:1 › Finance R20/R21/R22/R48/R49/R50 route layouts retain shell gutter without horizontal overflow from 320–1440px
[2/20] [chromium] › tests\ui-finance-layout.spec.ts:62:1 › titled Finance Panels keep one 16px header-to-first-content boundary
[3/20] [chromium] › tests\ui-finance-layout.spec.ts:122:1 › Finance report, entry, journal, reconciliation and period dialogs remain in the viewport without submitting
[4/20] [chromium] › tests\ui-fulfillment-layout.spec.ts:30:1 › Fulfillment R41/R42 preserve shell gutter and contain responsive route layouts from 320-1440px
[5/20] [chromium] › tests\ui-fulfillment-layout.spec.ts:59:1 › Fulfillment prep, shipment-create, detail and event dialogs fit mobile and desktop without submitting
[6/20] [chromium] › tests\ui-panel-layout.spec.ts:15:1 › the titled Fulfillment Panel owns its body inset and keeps one 16px header boundary
[7/20] [chromium] › tests\ui-shell-layout.spec.ts:44:1 › Shell keeps header, banner, main and footer on one responsive gutter
[8/20] [chromium] › tests\ui-shell-layout.spec.ts:99:1 › demo controls stay discoverable on mobile and usable on desktop
[9/20] [chromium] › tests\ui-shell-layout.spec.ts:117:1 › SPC-055/057 floated demo-control labels keep a clear gap on every Shell route consumer
[10/20] [chromium] › tests\ui-shell-layout.spec.ts:141:1 › unmatched route fallback owns its page gutter without horizontal overflow
(node:48896) Warning: The 'NO_COLOR' env is ignored due to the 'FORCE_COLOR' env being set.
(Use `node --trace-warnings ...` to show where the warning was created)


[11/20] [firefox] › tests\ui-finance-layout.spec.ts:30:1 › Finance R20/R21/R22/R48/R49/R50 route layouts retain shell gutter without horizontal overflow from 320–1440px
[12/20] [firefox] › tests\ui-finance-layout.spec.ts:62:1 › titled Finance Panels keep one 16px header-to-first-content boundary
[13/20] [firefox] › tests\ui-finance-layout.spec.ts:122:1 › Finance report, entry, journal, reconciliation and period dialogs remain in the viewport without submitting
[14/20] [firefox] › tests\ui-fulfillment-layout.spec.ts:30:1 › Fulfillment R41/R42 preserve shell gutter and contain responsive route layouts from 320-1440px
[15/20] [firefox] › tests\ui-fulfillment-layout.spec.ts:59:1 › Fulfillment prep, shipment-create, detail and event dialogs fit mobile and desktop without submitting
[16/20] [firefox] › tests\ui-panel-layout.spec.ts:15:1 › the titled Fulfillment Panel owns its body inset and keeps one 16px header boundary
[17/20] [firefox] › tests\ui-shell-layout.spec.ts:44:1 › Shell keeps header, banner, main and footer on one responsive gutter
[18/20] [firefox] › tests\ui-shell-layout.spec.ts:99:1 › demo controls stay discoverable on mobile and usable on desktop
[19/20] [firefox] › tests\ui-shell-layout.spec.ts:117:1 › SPC-055/057 floated demo-control labels keep a clear gap on every Shell route consumer
[20/20] [firefox] › tests\ui-shell-layout.spec.ts:141:1 › unmatched route fallback owns its page gutter without horizontal overflow
  20 passed (3.8m)
