{
  "result": "PASS",
  "browser": "155.0",
  "temporaryProfileCleanup": "REMOVED",
  "scenarios": [
    {
      "id": "form-error-short",
      "result": "PASS",
      "viewport": {
        "width": 320,
        "height": 480
      },
      "nativeSettings": {
        "baseline": {
          "zoomFullPage": {
            "levelOfControl": "controlled_by_this_extension",
            "value": false
          },
          "zoomSiteSpecific": {
            "levelOfControl": "controlled_by_this_extension",
            "value": false
          },
          "zoomFactor": 1,
          "fullPageSet": true,
          "siteSpecificSet": true
        },
        "after": {
          "zoomFullPage": {
            "levelOfControl": "controlled_by_this_extension",
            "value": false
          },
          "zoomSiteSpecific": {
            "levelOfControl": "controlled_by_this_extension",
            "value": false
          },
          "zoomFactor": 2,
          "fullPageSet": true,
          "siteSpecificSet": true
        },
        "fixedViewport": true,
        "fixedDevicePixelRatio": true
      },
      "issues": [],
      "screenshot": {
        "path": "evidence/frontend-ui-improvements/UI028/W30/native-text-only-200-form-error-short-current-s16-native-text-only-20261007-b.png",
        "sha256": "74f17d2045e8d43b86c591b6bf8824a0b70f9ccaaf065554420652f103cafc0d"
      }
    },
    {
      "id": "mobile-menu-long-label",
      "result": "PASS",
      "viewport": {
        "width": 390,
        "height": 560
      },
      "nativeSettings": {
        "baseline": {
          "zoomFullPage": {
            "levelOfControl": "controlled_by_this_extension",
            "value": false
          },
          "zoomSiteSpecific": {
            "levelOfControl": "controlled_by_this_extension",
            "value": false
          },
          "zoomFactor": 1,
          "fullPageSet": true,
          "siteSpecificSet": true
        },
        "after": {
          "zoomFullPage": {
            "levelOfControl": "controlled_by_this_extension",
            "value": false
          },
          "zoomSiteSpecific": {
            "levelOfControl": "controlled_by_this_extension",
            "value": false
          },
          "zoomFactor": 2,
          "fullPageSet": true,
          "siteSpecificSet": true
        },
        "fixedViewport": true,
        "fixedDevicePixelRatio": true
      },
      "issues": [],
      "screenshot": {
        "path": "evidence/frontend-ui-improvements/UI028/W30/native-text-only-200-mobile-menu-long-label-current-s16-native-text-only-20261007-b.png",
        "sha256": "54b942c008a9a2b119d1b2e3e631cc084680cdd3e0d921c11d1ace50efe6f76e"
      }
    },
    {
      "id": "report-long-id",
      "result": "PASS",
      "viewport": {
        "width": 640,
        "height": 450
      },
      "nativeSettings": {
        "baseline": {
          "zoomFullPage": {
            "levelOfControl": "controlled_by_this_extension",
            "value": false
          },
          "zoomSiteSpecific": {
            "levelOfControl": "controlled_by_this_extension",
            "value": false
          },
          "zoomFactor": 1,
          "fullPageSet": true,
          "siteSpecificSet": true
        },
        "after": {
          "zoomFullPage": {
            "levelOfControl": "controlled_by_this_extension",
            "value": false
          },
          "zoomSiteSpecific": {
            "levelOfControl": "controlled_by_this_extension",
            "value": false
          },
          "zoomFactor": 2,
          "fullPageSet": true,
          "siteSpecificSet": true
        },
        "fixedViewport": true,
        "fixedDevicePixelRatio": true
      },
      "issues": [],
      "screenshot": {
        "path": "evidence/frontend-ui-improvements/UI028/W30/native-text-only-200-report-long-id-current-s16-native-text-only-20261007-b.png",
        "sha256": "573afcf3302ed85ace955d3416277aad2d4ff45cc0dc3643950e4ce33b2f416a"
      }
    },
    {
      "id": "inbox-long-composer",
      "result": "PASS",
      "viewport": {
        "width": 390,
        "height": 560
      },
      "nativeSettings": {
        "baseline": {
          "zoomFullPage": {
            "levelOfControl": "controlled_by_this_extension",
            "value": false
          },
          "zoomSiteSpecific": {
            "levelOfControl": "controlled_by_this_extension",
            "value": false
          },
          "zoomFactor": 1,
          "fullPageSet": true,
          "siteSpecificSet": true
        },
        "after": {
          "zoomFullPage": {
            "levelOfControl": "controlled_by_this_extension",
            "value": false
          },
          "zoomSiteSpecific": {
            "levelOfControl": "controlled_by_this_extension",
            "value": false
          },
          "zoomFactor": 2,
          "fullPageSet": true,
          "siteSpecificSet": true
        },
        "fixedViewport": true,
        "fixedDevicePixelRatio": true
      },
      "issues": [],
      "screenshot": {
        "path": "evidence/frontend-ui-improvements/UI028/W30/native-text-only-200-inbox-long-composer-current-s16-native-text-only-20261007-b.png",
        "sha256": "5d6840f2f521e0d463bcfd01bc0f8a7ce85c144ca9992d2d37edb293d33f3241"
      }
    },
    {
      "id": "dialog-long-reason",
      "result": "PASS",
      "viewport": {
        "width": 320,
        "height": 480
      },
      "nativeSettings": {
        "baseline": {
          "zoomFullPage": {
            "levelOfControl": "controlled_by_this_extension",
            "value": false
          },
          "zoomSiteSpecific": {
            "levelOfControl": "controlled_by_this_extension",
            "value": false
          },
          "zoomFactor": 1,
          "fullPageSet": true,
          "siteSpecificSet": true
        },
        "after": {
          "zoomFullPage": {
            "levelOfControl": "controlled_by_this_extension",
            "value": false
          },
          "zoomSiteSpecific": {
            "levelOfControl": "controlled_by_this_extension",
            "value": false
          },
          "zoomFactor": 2,
          "fullPageSet": true,
          "siteSpecificSet": true
        },
        "fixedViewport": true,
        "fixedDevicePixelRatio": true
      },
      "issues": [],
      "screenshot": {
        "path": "evidence/frontend-ui-improvements/UI028/W30/native-text-only-200-dialog-long-reason-current-s16-native-text-only-20261007-b.png",
        "sha256": "f2cf0b216c9b7d2ebb09a691c009857f98f874564cbb83f439427eeec218964d"
      }
    }
  ],
  "evidence": "evidence/frontend-ui-improvements/UI028/W30/native-text-only-200-current-s16-native-text-only-20261007-b.json"
}
