
Running 46 tests using 1 worker



(node:60388) Warning: The 'NO_COLOR' env is ignored due to the 'FORCE_COLOR' env being set.
(Use `node --trace-warnings ...` to show where the warning was created)
[1/46] [chromium] › tests\ui012-keyboard.spec.ts:42:1 › UI012 keyboard-only finance edit handles select, discard warning and focus return
[2/46] [chromium] › tests\ui012-keyboard.spec.ts:103:1 › UI012 keyboard validation focuses the field named by a synthetic 422 response
[3/46] [chromium] › tests\ui012-keyboard.spec.ts:160:1 › UI012 keyboard activates the CSV chooser and discards its selected file without upload
[4/46] [chromium] › tests\ui012-keyboard.spec.ts:200:1 › UI012 keyboard can reach and horizontally scroll the marketing chart data alternative
[5/46] [chromium] › tests\ui012-keyboard.spec.ts:227:1 › UI012 marketing chart keeps every category label visible beside its data table
[6/46] [chromium] › tests\ui012-keyboard.spec.ts:268:1 › UI012 inbox feedback actions identify their message and return focus after Escape
[7/46] [chromium] › tests\ui012-keyboard.spec.ts:301:1 › UI012 order draft does not announce an untouched required customer as invalid
[8/46] [chromium] › tests\ui012-keyboard.spec.ts:314:1 › UI012 long BotConfig policy literal wraps inside its alert at a 320 CSS-pixel viewport
[9/46] [chromium] › tests\ui012-keyboard.spec.ts:348:1 › UI012 dashboard CTA separates hover and pressed feedback while keeping keyboard focus visible
[10/46] [chromium] › tests\ui028-w29-reflow.spec.ts:29:5 › UI028.W29 320px reflow retains representative actions and contains overflow
[chromium] › tests\ui028-w29-reflow.spec.ts:29:5 › UI028.W29 320px reflow retains representative actions and contains overflow
[w29-responsive-profile] {"browser":"chromium","width":320,"profiles":7,"issues":0,"pageErrors":0,"evidence":"evidence\\frontend-ui-improvements\\UI028\\W29\\responsive-profile-chromium-320-current-20261006.json"}

[11/46] [chromium] › tests\ui028-w29-reflow.spec.ts:29:5 › UI028.W29 390px reflow retains representative actions and contains overflow
[chromium] › tests\ui028-w29-reflow.spec.ts:29:5 › UI028.W29 390px reflow retains representative actions and contains overflow
[w29-responsive-profile] {"browser":"chromium","width":390,"profiles":7,"issues":0,"pageErrors":0,"evidence":"evidence\\frontend-ui-improvements\\UI028\\W29\\responsive-profile-chromium-390-current-20261006.json"}

[12/46] [chromium] › tests\ui028-w29-reflow.spec.ts:29:5 › UI028.W29 767px reflow retains representative actions and contains overflow
[chromium] › tests\ui028-w29-reflow.spec.ts:29:5 › UI028.W29 767px reflow retains representative actions and contains overflow
[w29-responsive-profile] {"browser":"chromium","width":767,"profiles":7,"issues":0,"pageErrors":0,"evidence":"evidence\\frontend-ui-improvements\\UI028\\W29\\responsive-profile-chromium-767-current-20261006.json"}

[13/46] [chromium] › tests\ui028-w29-reflow.spec.ts:29:5 › UI028.W29 768px reflow retains representative actions and contains overflow
