
> botsales-frontend@0.1.0 verify
> npm run generate:check && npm run test:source && npm run boundaries && npm run lint && npm run typecheck && npm run test:domain && npm test && npm run build && npm run test:layout && npm run test:visual-tokens && npm run test:ui-composition && npm run test:evidence


> botsales-frontend@0.1.0 generate:check
> node scripts/generate.mjs --check

{"status":"PASS","outputs":11,"schemas":283,"operations":210,"routes":54}

> botsales-frontend@0.1.0 test:source
> node scripts/check-source.mjs && node --test tests/source-checker.test.mjs

{
  "checkedAt": "2026-10-06T20:59:46.759Z",
  "scope": "Syntax, operation identifiers, route-source mapping, permissions and token adoption. NOT React typecheck, build or browser test.",
  "compiler": "5.9.2",
  "compilerSource": "project dependency",
  "files": 68,
  "operationCalls": 220,
  "routes": 54,
  "issues": [],
  "status": "PASS"
}
✔ module path classification accepts Windows and POSIX spellings, but excludes app files (1.1278ms)
✔ the source-checker CLI rejects a prohibited color literal in a module (155.5419ms)
✔ the source-checker CLI accepts a token-based module and leaves app-level colors outside the rule (156.1163ms)
ℹ tests 3
ℹ suites 0
ℹ pass 3
ℹ fail 0
ℹ cancelled 0
ℹ skipped 0
ℹ todo 0
ℹ duration_ms 370.5357

> botsales-frontend@0.1.0 boundaries
> node scripts/check-boundaries.mjs

{
  "checkedAt": "2026-10-06T20:59:49.149Z",
  "scope": "AST imports resolve aliases/relative paths, module boundaries and cycles; parser diagnostics are errors",
  "files": 68,
  "imports": 504,
  "negativeFixtures": "Boundary fixtures: PASS 10/10 scenarios (allowed shared/public imports, alias, relative, app deep import, type-only, dynamic, unresolved, cycle, parser error).",
  "status": "PASS",
  "issues": []
}

> botsales-frontend@0.1.0 lint
> eslint apps/web/src --max-warnings 0


> botsales-frontend@0.1.0 typecheck
> tsc -p apps/web/tsconfig.json --noEmit


> botsales-frontend@0.1.0 test:domain
> node scripts/test-domain.mjs

{"status":"PASS","simulatorChecks":75,"networkChecks":13,"networkHandlers":210,"passed":88,"operations":89,"node":"v24.19.0","typescript":"5.9.2"}

> botsales-frontend@0.1.0 test
> vitest run --config apps/web/vitest.config.ts


 RUN  v5.0.3 C:/Users/Joker-PC/Documents/Projects/Bot-AI-Ban-hang-FB/BotSalesAI_Frontend

[BABEL] Note: The code generator has deoptimised the styling of C:\Users\Joker-PC\AppData\Local\Temp\botsales-vite-cache\ea27c7577456f6009d55\direct-vite\10684\deps\react-dom_client.js?v=397de52f as it exceeds the max of 500KB.

 Test Files  11 passed (11)
      Tests  98 passed (98)
   Start at  04:00:01
   Duration  6.36s (environment 39%, tests 33%, import 13%, setup 10%, transform 6%)


> botsales-frontend@0.1.0 build
> npm run generate:check && npm run typecheck && npm run build --workspace @botsales/web


> botsales-frontend@0.1.0 generate:check
> node scripts/generate.mjs --check

{"status":"PASS","outputs":11,"schemas":283,"operations":210,"routes":54}

> botsales-frontend@0.1.0 typecheck
> tsc -p apps/web/tsconfig.json --noEmit


> @botsales/web@0.1.0 build
> vite build --mode production

vite v7.3.6 building client environment for production...
transforming...
✓ 2058 modules transformed.
rendering chunks...
computing gzip size...
dist/index.html                              1.19 kB │ gzip:   0.59 kB
dist/assets/index-BQPx7lJM.css               3.56 kB │ gzip:   1.33 kB
dist/assets/download-8lJFmiSZ.js             0.23 kB │ gzip:   0.17 kB
dist/assets/filters-CVitQAxr.js              0.32 kB │ gzip:   0.25 kB
dist/assets/hooks-W64oG_U6.js                3.19 kB │ gzip:   1.62 kB
dist/assets/index-BxtMkNAB.js                7.86 kB │ gzip:   3.15 kB
dist/assets/index-C943XrAS.js                8.29 kB │ gzip:   3.52 kB
dist/assets/index-BiP_4Ja_.js                9.79 kB │ gzip:   3.68 kB
dist/assets/index-CYwyaqsJ.js               13.65 kB │ gzip:   4.48 kB
dist/assets/index-C-VY9ONM.js               13.78 kB │ gzip:   5.63 kB
dist/assets/index-B1BXGDjJ.js               14.07 kB │ gzip:   5.45 kB
dist/assets/index-DMB2bGSA.js               14.30 kB │ gzip:   5.30 kB
dist/assets/index-DiUIpP2a.js               16.18 kB │ gzip:   5.48 kB
dist/assets/index-FGQwRRn0.js               16.38 kB │ gzip:   5.41 kB
dist/assets/index-BDMvVNlH.js               17.70 kB │ gzip:   6.23 kB
dist/assets/index-D_L7MFPc.js               18.46 kB │ gzip:   6.15 kB
dist/assets/index-Bzov5Ja-.js               21.82 kB │ gzip:   7.41 kB
dist/assets/index-Cpb1u8rP.js               22.92 kB │ gzip:   8.18 kB
dist/assets/index-FZX1yQtX.js               25.83 kB │ gzip:   8.43 kB
dist/assets/index-CGyEZfOA.js               31.52 kB │ gzip:   9.81 kB
dist/assets/query-5vm9EU1C.js               33.15 kB │ gzip:   9.92 kB
dist/assets/index-CKIOt0vS.js               37.04 kB │ gzip:  10.06 kB
dist/assets/i18n-xB0mQYCC.js                46.14 kB │ gzip:  15.12 kB
dist/assets/schemas-jpQ0XMzw.js             79.18 kB │ gzip:  24.03 kB
dist/assets/index-B9IevJEk.js               87.47 kB │ gzip:  27.83 kB
dist/assets/schema-validation-Bhr7oAQE.js  149.80 kB │ gzip:  45.12 kB
dist/assets/react-runtime-D0NtfbPC.js      279.78 kB │ gzip:  90.28 kB
dist/assets/contract-data-BIzYYkc1.js      303.99 kB │ gzip:  36.17 kB
dist/assets/charts-CQ4oecFO.js             313.03 kB │ gzip:  94.99 kB
dist/assets/mui-Bz_aCSm2.js                328.33 kB │ gzip: 100.02 kB
✓ built in 2.75s

> botsales-frontend@0.1.0 test:layout
> node --test tests/layout-checker.test.mjs tests/ui-layout-binding-gates.test.mjs && node scripts/check-layout.mjs

✔ accepts semantic bridge roles, the closed token-derived factor map, geometry, and reset values (1039.8434ms)
✔ rejects a CSS spacing role without a declared shared owner (915.2962ms)
✔ rejects scale-conforming and off-scale literals in sx, responsive leaves, named and namespace MUI System props (918.1945ms)
✔ follows local aliases and style callbacks; rejects theme spacing helpers and preset overrides (935.9879ms)
✔ scans nested slotProps but does not confuse event handlers or geometric dimensions with spacing (914.6106ms)
✔ keeps Panel geometry inspectable and rejects spacing hidden in its geometry prop (2735.4549ms)
✔ accepts only an exact CSS exception and reports stale or mismatched exception scope (2749.1226ms)
✔ rejects malformed TypeScript, malformed CSS, bad exception schema, and raw values in the bridge (3627.4023ms)
✔ rejects canonical pixel tokens used as MUI factors and an altered bridge factor table (1860.2593ms)
✔ report mode inventories migration debt without turning findings into PASS (945.5306ms)
✔ canonical writes through casts and aliases fail outside style expressions (1061.9754ms)
✔ Object.assign cannot mutate canonical data but can copy to a fresh object (1918.4942ms)
✔ layout gate rejects raw spacing on const alias of MUI component (961.1378ms)
✔ canonical mutation gate follows global mutator aliases and reflection (954.3994ms)
✔ local mutator names do not acquire global mutation identity (929.0617ms)
✔ destructured mutators and call/apply retain canonical mutation checks (942.6953ms)
✔ global mutator call/apply can copy canonical values into fresh objects (944.5353ms)
✔ mutable aliases with possible canonical destinations fail closed (966.7168ms)
✔ opaque apply arguments fail closed while unrelated mutable data stays valid (1864.1628ms)
✔ canonical references inside containers and destructured aliases cannot be mutated (946.6503ms)
✔ independent shallow copies of scalar canonical fields remain mutable (937.7696ms)
✔ array references and nested destructuring preserve canonical write provenance (951.0359ms)
✔ array destinations distinguish independent elements from canonical references (974.0171ms)
✔ array destructuring, dynamic indices and spread cannot hide canonical references (953.9705ms)
✔ dynamic indices and destructuring of independent arrays stay mutable (976.146ms)
✔ function parameters cannot hide canonical mutation across source files (940.7342ms)
✔ read-only helpers and mutations of unrelated arguments remain valid (916.2847ms)
✔ returned canonical references remain protected across helper boundaries (933.8232ms)
✔ helper returns of fresh scalar copies do not retain canonical destination identity (908.8452ms)
✔ destructured object parameters cannot mutate canonical arguments (920.7592ms)
✔ destructured object parameters retain independent argument mutability (925.3453ms)
✔ default parameter and binding initializers cannot hide canonical mutations (929.756ms)
✔ fresh default parameter and binding copies remain mutable (908.4967ms)
✔ rest parameters retain canonical argument write provenance (913.2377ms)
✔ rest parameters distinguish independent positions from canonical siblings (929.125ms)
✔ finite spread arguments preserve shifted positional and rest destinations (919.2951ms)
✔ finite spread expansion keeps independent argument positions mutable (919.5941ms)
✔ opaque spreads keep positional mutation destinations unknown (906.7936ms)
✔ opaque spreads into read-only helpers do not invent mutation findings (905.8883ms)
✔ array parameter patterns retain canonical positions including nested object arrays (952.31ms)
✔ array parameter patterns retain independent bound element mutability (921.1094ms)
✔ layout gate rejects parameter shadow of canonical layout name (909.157ms)
✔ layout gate follows genuine renamed styled factory (913.6505ms)
✔ layout gate accepts canonical namespace, element access and barrel alias (916.7445ms)
✔ layout gate does not mistake local component named Stack for MUI (893.0293ms)
✔ layout gate inspects renamed installed Emotion css tag (915.8022ms)
✔ layout gate preserves genuine aliased Controller field forwarding (907.0741ms)
✔ a same-named local Controller cannot exempt an unknown prop spread (905.7276ms)
✔ genuine useForm registration survives property and destructured aliases (908.1356ms)
✔ a function named register cannot exempt injected style props (892.5473ms)
✔ a bridge callback parameter cannot impersonate its private factor binding (908.9581ms)
✔ opaque namespace component selection remains a strict binding failure (912.7341ms)
✔ opaque namespace factory cannot hide style arguments (897.1951ms)
✔ MUI re-export cannot hide raw spacing behind a first-party barrel (938.2479ms)
✔ destructuring assignments cannot hide canonical write targets (964.0959ms)
✔ destructuring assignments can update independent copied destinations (951.7038ms)
✔ object rest retains nested canonical references while copying the outer object (931.1109ms)
✔ rest scalar copies and replacement of container references stay mutable (933.6506ms)
✔ shallow object spread preserves canonical child references and last-writer order (915.415ms)
✔ shallow spread with a later independent override stays mutable (911.8155ms)
✔ exported mutable aliases retain assignments from their declaring file (930.2863ms)
✔ exported independent mutable data does not acquire canonical provenance (903.5415ms)
✔ literal computed keys retain canonical container and parameter provenance (939.1663ms)
✔ literal computed keys do not taint independent selected properties (934.0441ms)
✔ Object.assign shallow copies retain canonical nested reference provenance (915.4984ms)
✔ Object.assign later independent overrides and scalar copies stay mutable (912.6466ms)
✔ union and dynamic property selections retain possible canonical destinations (928.6019ms)
✔ finite union property selections exclude canonical siblings not in the key set (916.4171ms)
✔ union selection over Object.assign output retains canonical child provenance (930.8554ms)
✔ union selection over independent Object.assign output remains mutable (898.4584ms)
✔ Reflect.set call/apply checks the target argument rather than the assigned value (2744.6519ms)
✔ aliased React createElement checks MUI and native style objects (926.9175ms)
✔ GlobalStyles.styles is checked and local createElement names stay local (1813.052ms)
✔ React JSX runtime factories cannot bypass MUI or native style checks (988.1419ms)
✔ React cloneElement checks the cloned MUI element and preserves native props (3709.5264ms)
✔ Emotion css props and object factories are inspected with native CSS semantics (2721.0503ms)
✔ Inline style elements in JSX, React factories, DOM and the HTML entry fail closed (7271.0211ms)
✔ DOM CSSOM spacing writes use semantic roles and reject opaque style strings (1833.2652ms)
✔ HTML parsing and runtime stylesheet mutation cannot bypass the imported CSS boundary (1821.656ms)
✔ spacing shorthand values and responsive breakpoints preserve token and unit provenance (9220.0224ms)
✔ function return producers cannot hide canonical children behind spreads (923.2408ms)
✔ producer spreads keep later independent child overrides writable (918.8614ms)
ℹ tests 82
ℹ suites 0
ℹ pass 82
ℹ fail 0
ℹ cancelled 0
ℹ skipped 0
ℹ todo 0
ℹ duration_ms 92633.6419
layout-check PASS: 76 source files, 0 finding(s), 1 exception(s) used

> botsales-frontend@0.1.0 test:visual-tokens
> node --test tests/visual-token-checker.test.mjs && node scripts/check-visual-tokens.mjs

✔ visual checker accepts canonical theme roles, token references, geometry and semantic responsive props (478.7293ms)
✔ visual checker rejects raw literals across sx, JSX system props and CSS declarations (289.7542ms)
✔ visual checker follows local style aliases and callback themes, but fails raw nested values (286.889ms)
✔ visual checker reports unresolved spreads and malformed style sources as UNKNOWN or parse errors (271.6923ms)
✔ visual checker includes newly added TSX files under the source root (268.404ms)
ℹ tests 5
ℹ suites 0
ℹ pass 5
ℹ fail 0
ℹ cancelled 0
ℹ skipped 0
ℹ todo 0
ℹ duration_ms 2014.3145
visual-token-check PASS: 75 source files, 0 finding(s)

> botsales-frontend@0.1.0 test:ui-composition
> node --test tests/ui-composition-checker.test.mjs tests/ui-composition-ancestry.test.mjs tests/ui-shared-api-contract.test.mjs && node scripts/check-ui-composition.mjs

✔ P10/P15 catch alias and neutral-wrapper duplicate insets through fragments and conditionals (435.3819ms)
✔ P20 resolves shared composition identities through a barrel and const component aliases (291.2341ms)
✔ P11/P13 catch static element access roles on every MUI surface, including Paper (289.0703ms)
✔ P12 checks React createElement and JSX-runtime element factories (275.6366ms)
✔ P14 resolves bodyMode literal aliases and fails closed when ownership is unknown (804.9129ms)
✔ checks Panel ancestry when React elements are created natively (262.9047ms)
✔ keeps independent nested surfaces and portaled dialogs as separate owners (526.3206ms)
✔ accepts finite bodyMode branches and every mode in the public component contracts (756.9461ms)
✔ stops inherited gap ownership at Panels and independent bordered surfaces (523.7668ms)
✔ tracks gaps through fragments, conditions and ready QueryState, but not inside DOM wrappers (264.0433ms)
✔ applies the same finite modes and wrapper boundaries to native React factories (504.5196ms)
✔ recognizes native outlined Paper and nested Box surface inset boundaries (514.8132ms)
✔ fails closed when an unresolved custom wrapper obscures a semantic gap owner (247.465ms)
✔ rejects unsupported placement and rhythm values while accepting finite aliases and branches (496.7952ms)
✔ rejects unsupported finite values through React element factories (511.7998ms)
✔ accepts semantic composition, closed geometry and business-specific MUI primitives (6.1913ms)
✔ rejects rebuilding each shared spacing owner at a consumer (1.9797ms)
✔ follows aliases, local style variables, object spreads and namespace imports (0.9472ms)
✔ rejects direct and spread spacing overrides on semantic components (0.4855ms)
✔ rejects spacing or opaque spreads hidden in geometry (0.2601ms)
✔ allows the canonical owner implementation and fails closed on malformed source (0.9463ms)
✔ rejects duplicated parent boundary and duplicated Panel inset (0.3786ms)
✔ checks default MUI imports and fails closed for opaque geometry (0.3719ms)
✔ distinguishes content grids from flex flows when reporting the shared owner (0.3214ms)
✔ related sibling gaps belong to ActionGroup comfortable density, not consumer Stack styles (0.6724ms)
✔ the shared catalog covers every public React component and supporting Column type (35.7533ms)
✔ every shared React export has a resolved production consumer or an explicit zero-use lifecycle decision (23.0331ms)
✔ required UI evidence and regression gates remain wired to root verify and the active parent workflow (0.416ms)
✔ composition prop allowlists match the TypeScript owners exactly (0.2323ms)
✔ QueryState uses only the approved inline and section pending profiles (0.3015ms)
✔ QueryState consumers reserve section loading for primary content and keep every other state inline by default (24.6915ms)
✔ body modes, placement roles and geometry keys match the TypeScript contracts (1.0601ms)
✔ Panel geometry and DataTable columns remain closed public contracts (4.5336ms)
✔ shared component and composition props expose no arbitrary layout/style escape hatch (0.2373ms)
✔ layout role types, runtime values, consumers and ownership documentation stay closed (2052.0106ms)
ℹ tests 35
ℹ suites 0
ℹ pass 35
ℹ fail 0
ℹ cancelled 0
ℹ skipped 0
ℹ todo 0
ℹ duration_ms 7144.6192
ui-composition PASS: 74 source files, 0 finding(s)


> botsales-frontend@0.1.0 test:evidence
> node --test tests/ui-evidence-validator.test.mjs && node scripts/validate-ui-evidence.mjs evidence/frontend-ui-improvements/ui-governance-rollout-20261007/S17-current-evidence.json

✔ accepts current fingerprints, honest open coverage, and explained N/A (5.3071ms)
✔ rejects a stale source fingerprint (3.3779ms)
✔ rejects a stale command log (2.9367ms)
✔ rejects missing, absolute, and escaping source paths (2.4174ms)
✔ rejects unrun, missing, duplicate, and nonzero command results marked PASS (3.1496ms)
✔ rejects PASS when expected and observed results differ (2.7421ms)
✔ rejects inconsistent coverage and N/A without a reason (2.8908ms)
✔ rejects a baseline falsely dated after implementation started and detects changed baseline artifacts (5.732ms)
✔ COMPLETE cannot contain open coverage or failed commands (4.2285ms)
✔ S19 must explicitly reconcile files, APIs, routes, rendered routes, slots, and states (4.9674ms)
✔ rejects malformed top-level evidence instead of treating missing fields as success (1.9368ms)
ℹ tests 11
ℹ suites 0
ℹ pass 11
ℹ fail 0
ℹ cancelled 0
ℹ skipped 0
ℹ todo 0
ℹ duration_ms 103.9423
ui-evidence PASS: S17; 4 command/log record(s), 3 coverage row(s), 13 current fingerprint(s); status=COMPLETE
