✔ accepts semantic bridge roles, the closed token-derived factor map, geometry, and reset values (964.1464ms)
✔ rejects a CSS spacing role without a declared shared owner (938.2587ms)
✔ rejects scale-conforming and off-scale literals in sx, responsive leaves, named and namespace MUI System props (923.0044ms)
✔ follows local aliases and style callbacks; rejects theme spacing helpers and preset overrides (969.1025ms)
✔ scans nested slotProps but does not confuse event handlers or geometric dimensions with spacing (1000.1153ms)
✔ keeps Panel geometry inspectable and rejects spacing hidden in its geometry prop (2750.473ms)
✔ accepts only an exact CSS exception and reports stale or mismatched exception scope (2782.6518ms)
✔ rejects malformed TypeScript, malformed CSS, bad exception schema, and raw values in the bridge (3677.2021ms)
✔ rejects canonical pixel tokens used as MUI factors and an altered bridge factor table (1839.981ms)
✔ report mode inventories migration debt without turning findings into PASS (923.1809ms)
✔ canonical writes through casts and aliases fail outside style expressions (995.7337ms)
✔ Object.assign cannot mutate canonical data but can copy to a fresh object (1929.5198ms)
✔ layout gate rejects raw spacing on const alias of MUI component (990.8416ms)
✔ canonical mutation gate follows global mutator aliases and reflection (948.5961ms)
✔ local mutator names do not acquire global mutation identity (952.9714ms)
✔ destructured mutators and call/apply retain canonical mutation checks (948.3323ms)
✔ global mutator call/apply can copy canonical values into fresh objects (940.2367ms)
✔ mutable aliases with possible canonical destinations fail closed (1084.9033ms)
✔ opaque apply arguments fail closed while unrelated mutable data stays valid (1884.7982ms)
✔ canonical references inside containers and destructured aliases cannot be mutated (950.6774ms)
✔ independent shallow copies of scalar canonical fields remain mutable (942.7695ms)
✔ array references and nested destructuring preserve canonical write provenance (954.8159ms)
✔ array destinations distinguish independent elements from canonical references (956.3511ms)
✔ array destructuring, dynamic indices and spread cannot hide canonical references (957.4435ms)
✔ dynamic indices and destructuring of independent arrays stay mutable (951.8397ms)
✔ function parameters cannot hide canonical mutation across source files (937.4268ms)
✔ read-only helpers and mutations of unrelated arguments remain valid (939.36ms)
✔ returned canonical references remain protected across helper boundaries (924.6855ms)
✔ helper returns of fresh scalar copies do not retain canonical destination identity (961.4722ms)
✔ destructured object parameters cannot mutate canonical arguments (946.1277ms)
✔ destructured object parameters retain independent argument mutability (920.0882ms)
✔ default parameter and binding initializers cannot hide canonical mutations (937.1563ms)
✔ fresh default parameter and binding copies remain mutable (928.9258ms)
✔ rest parameters retain canonical argument write provenance (919.6441ms)
✔ rest parameters distinguish independent positions from canonical siblings (954.8206ms)
✔ finite spread arguments preserve shifted positional and rest destinations (961.4988ms)
✔ finite spread expansion keeps independent argument positions mutable (935.7526ms)
✔ opaque spreads keep positional mutation destinations unknown (949.5735ms)
✔ opaque spreads into read-only helpers do not invent mutation findings (932.0643ms)
✔ array parameter patterns retain canonical positions including nested object arrays (936.8876ms)
✔ array parameter patterns retain independent bound element mutability (941.6563ms)
✔ layout gate rejects parameter shadow of canonical layout name (923.8088ms)
✔ layout gate follows genuine renamed styled factory (931.1259ms)
✔ layout gate accepts canonical namespace, element access and barrel alias (984.2044ms)
✔ layout gate does not mistake local component named Stack for MUI (930.4463ms)
✔ layout gate inspects renamed installed Emotion css tag (931.0131ms)
✔ layout gate preserves genuine aliased Controller field forwarding (931.6144ms)
✔ a same-named local Controller cannot exempt an unknown prop spread (935.9581ms)
✔ genuine useForm registration survives property and destructured aliases (927.7882ms)
✔ a function named register cannot exempt injected style props (926.526ms)
✔ a bridge callback parameter cannot impersonate its private factor binding (910.2084ms)
✔ opaque namespace component selection remains a strict binding failure (921.3888ms)
✔ opaque namespace factory cannot hide style arguments (934.3726ms)
✔ MUI re-export cannot hide raw spacing behind a first-party barrel (953.7696ms)
✔ destructuring assignments cannot hide canonical write targets (924.7574ms)
✔ destructuring assignments can update independent copied destinations (910.9136ms)
✔ object rest retains nested canonical references while copying the outer object (928.5817ms)
✔ rest scalar copies and replacement of container references stay mutable (909.613ms)
✔ shallow object spread preserves canonical child references and last-writer order (943.08ms)
✔ shallow spread with a later independent override stays mutable (940.4939ms)
✔ exported mutable aliases retain assignments from their declaring file (962.9423ms)
✔ exported independent mutable data does not acquire canonical provenance (1027.8106ms)
✔ literal computed keys retain canonical container and parameter provenance (1019.733ms)
✔ literal computed keys do not taint independent selected properties (923.7007ms)
✔ Object.assign shallow copies retain canonical nested reference provenance (931.7165ms)
✔ Object.assign later independent overrides and scalar copies stay mutable (927.8009ms)
✔ union and dynamic property selections retain possible canonical destinations (928.7555ms)
✔ finite union property selections exclude canonical siblings not in the key set (918.0434ms)
✔ union selection over Object.assign output retains canonical child provenance (931.9322ms)
✔ union selection over independent Object.assign output remains mutable (929.1162ms)
✔ Reflect.set call/apply checks the target argument rather than the assigned value (2785.2616ms)
✔ aliased React createElement checks MUI and native style objects (919.9471ms)
✔ GlobalStyles.styles is checked and local createElement names stay local (1846.0022ms)
✔ React JSX runtime factories cannot bypass MUI or native style checks (922.5179ms)
✔ React cloneElement checks the cloned MUI element and preserves native props (3791.1901ms)
✔ Emotion css props and object factories are inspected with native CSS semantics (2827.3926ms)
✔ Inline style elements in JSX, React factories, DOM and the HTML entry fail closed (7434.5125ms)
✔ DOM CSSOM spacing writes use semantic roles and reject opaque style strings (1860.7697ms)
✔ HTML parsing and runtime stylesheet mutation cannot bypass the imported CSS boundary (1891.0279ms)
✔ spacing shorthand values and responsive breakpoints preserve token and unit provenance (9242.0333ms)
✔ function return producers cannot hide canonical children behind spreads (946.4698ms)
✔ producer spreads keep later independent child overrides writable (920.3791ms)
ℹ tests 82
ℹ suites 0
ℹ pass 82
ℹ fail 0
ℹ cancelled 0
ℹ skipped 0
ℹ todo 0
ℹ duration_ms 94077.2881
