{
  "base": "HEAD; staged and unstaged changes included",
  "trackedChanged": 44,
  "untracked": 6,
  "totalChanged": 50,
  "sourceCodeFiles": 40,
  "testFiles": 9,
  "otherFiles": 1,
  "missingInventoryRows": [],
  "records": [
    {
      "path": "apps/web/src/app/CommandRecovery.tsx",
      "sha256": "79b0d4e7044cde5a64ae0cabb0af879ac99dabf5145a41fe6e86a6426b21f7ac",
      "category": "app-shell-entry-css-or-types",
      "owner": "app/main; router/session/shell and global bootstrap owner",
      "plannedTreatment": "KEEP_VERIFY",
      "currentGates": {
        "typecheck": true,
        "lint": true,
        "source": true,
        "layout": true,
        "visual": true,
        "composition": true,
        "generator": false,
        "htmlEntry": false
      },
      "requiredVerification": [
        "source",
        "boundaries",
        "lint",
        "typecheck",
        "layout",
        "visual-tokens",
        "ui-composition",
        "shell/route/browser impact"
      ],
      "routeImpactCount": 54
    },
    {
      "path": "apps/web/src/app/ScopeEvents.tsx",
      "sha256": "65c1786961cfe5744796f7d4b658db124e1bbb3ab3a8c2c1f920e5e993672219",
      "category": "app-shell-entry-css-or-types",
      "owner": "app/main; router/session/shell and global bootstrap owner",
      "plannedTreatment": "KEEP_VERIFY",
      "currentGates": {
        "typecheck": true,
        "lint": true,
        "source": true,
        "layout": true,
        "visual": true,
        "composition": true,
        "generator": false,
        "htmlEntry": false
      },
      "requiredVerification": [
        "source",
        "boundaries",
        "lint",
        "typecheck",
        "layout",
        "visual-tokens",
        "ui-composition",
        "shell/route/browser impact"
      ],
      "routeImpactCount": 54
    },
    {
      "path": "apps/web/src/app/SessionProvider.tsx",
      "sha256": "13a7556aca5e858b0e0004fe454234b07889751459562ac985497e9eb520641e",
      "category": "app-shell-entry-css-or-types",
      "owner": "app/main; router/session/shell and global bootstrap owner",
      "plannedTreatment": "KEEP_VERIFY",
      "currentGates": {
        "typecheck": true,
        "lint": true,
        "source": true,
        "layout": true,
        "visual": true,
        "composition": true,
        "generator": false,
        "htmlEntry": false
      },
      "requiredVerification": [
        "source",
        "boundaries",
        "lint",
        "typecheck",
        "layout",
        "visual-tokens",
        "ui-composition",
        "shell/route/browser impact"
      ],
      "routeImpactCount": 54
    },
    {
      "path": "apps/web/src/app/Shell.tsx",
      "sha256": "54062999115c0d16097dd715c9d3d089d9ee4f11e40220636b1f67028e96d00d",
      "category": "app-shell-entry-css-or-types",
      "owner": "app/main; router/session/shell and global bootstrap owner",
      "plannedTreatment": "KEEP_VERIFY",
      "currentGates": {
        "typecheck": true,
        "lint": true,
        "source": true,
        "layout": true,
        "visual": true,
        "composition": true,
        "generator": false,
        "htmlEntry": false
      },
      "requiredVerification": [
        "source",
        "boundaries",
        "lint",
        "typecheck",
        "layout",
        "visual-tokens",
        "ui-composition",
        "shell/route/browser impact"
      ],
      "routeImpactCount": 54
    },
    {
      "path": "apps/web/src/app/bootstrap.css",
      "sha256": "248d98621f8d1215bb8f6d52aa879f5e495cb1501a8563df58772abdd1aa1d89",
      "category": "app-shell-entry-css-or-types",
      "owner": "app/main; router/session/shell and global bootstrap owner",
      "plannedTreatment": "KEEP_VERIFY",
      "currentGates": {
        "typecheck": false,
        "lint": false,
        "source": false,
        "layout": true,
        "visual": true,
        "composition": false,
        "generator": false,
        "htmlEntry": false
      },
      "requiredVerification": [
        "source",
        "boundaries",
        "lint",
        "typecheck",
        "layout",
        "visual-tokens",
        "ui-composition",
        "shell/route/browser impact"
      ],
      "routeImpactCount": 54
    },
    {
      "path": "apps/web/src/app/feedback.tsx",
      "sha256": "449b8f38b670784f4b99c91b007ca6a90949b6dab1acc69fd8f93a22e11b2a22",
      "category": "app-shell-entry-css-or-types",
      "owner": "app/main; router/session/shell and global bootstrap owner",
      "plannedTreatment": "KEEP_VERIFY",
      "currentGates": {
        "typecheck": true,
        "lint": true,
        "source": true,
        "layout": true,
        "visual": true,
        "composition": true,
        "generator": false,
        "htmlEntry": false
      },
      "requiredVerification": [
        "source",
        "boundaries",
        "lint",
        "typecheck",
        "layout",
        "visual-tokens",
        "ui-composition",
        "shell/route/browser impact"
      ],
      "routeImpactCount": 54
    },
    {
      "path": "apps/web/src/app/i18n.ts",
      "sha256": "535228df84e97dc5e4369880a4499c93f31fbae34057726fb48d5a35f7ca2340",
      "category": "app-shell-entry-css-or-types",
      "owner": "app/main; router/session/shell and global bootstrap owner",
      "plannedTreatment": "KEEP_VERIFY",
      "currentGates": {
        "typecheck": true,
        "lint": true,
        "source": true,
        "layout": true,
        "visual": true,
        "composition": true,
        "generator": false,
        "htmlEntry": false
      },
      "requiredVerification": [
        "source",
        "boundaries",
        "lint",
        "typecheck",
        "layout",
        "visual-tokens",
        "ui-composition",
        "shell/route/browser impact"
      ],
      "routeImpactCount": 54
    },
    {
      "path": "apps/web/src/app/locales/vi/customers.ts",
      "sha256": "a2a880bc7aad48e156e0fe8d6cafd63a453a91187af62b398ae5c8247312e97b",
      "category": "app-shell-entry-css-or-types",
      "owner": "app/main; router/session/shell and global bootstrap owner",
      "plannedTreatment": "KEEP_VERIFY",
      "currentGates": {
        "typecheck": true,
        "lint": true,
        "source": true,
        "layout": true,
        "visual": true,
        "composition": true,
        "generator": false,
        "htmlEntry": false
      },
      "requiredVerification": [
        "source",
        "boundaries",
        "lint",
        "typecheck",
        "layout",
        "visual-tokens",
        "ui-composition",
        "shell/route/browser impact"
      ],
      "routeImpactCount": 54
    },
    {
      "path": "apps/web/src/app/locales/vi/knowledge.ts",
      "sha256": "a186bda01f5f1ff24e37a8398d090e301b6af44f90487553929c459059b460c9",
      "category": "app-shell-entry-css-or-types",
      "owner": "app/main; router/session/shell and global bootstrap owner",
      "plannedTreatment": "KEEP_VERIFY",
      "currentGates": {
        "typecheck": true,
        "lint": true,
        "source": true,
        "layout": true,
        "visual": true,
        "composition": true,
        "generator": false,
        "htmlEntry": false
      },
      "requiredVerification": [
        "source",
        "boundaries",
        "lint",
        "typecheck",
        "layout",
        "visual-tokens",
        "ui-composition",
        "shell/route/browser impact"
      ],
      "routeImpactCount": 54
    },
    {
      "path": "apps/web/src/app/router.tsx",
      "sha256": "24f585969d7fb0713a0e9b30f3da57d8454fb1c54cb434e16cc9fd074c2cecd4",
      "category": "app-shell-entry-css-or-types",
      "owner": "app/main; router/session/shell and global bootstrap owner",
      "plannedTreatment": "KEEP_VERIFY",
      "currentGates": {
        "typecheck": true,
        "lint": true,
        "source": true,
        "layout": true,
        "visual": true,
        "composition": true,
        "generator": false,
        "htmlEntry": false
      },
      "requiredVerification": [
        "source",
        "boundaries",
        "lint",
        "typecheck",
        "layout",
        "visual-tokens",
        "ui-composition",
        "shell/route/browser impact"
      ],
      "routeImpactCount": 54
    },
    {
      "path": "apps/web/src/app/tokens.css",
      "sha256": "f7f6bc21f94664af6cc4173353b2632ef01cf5915cf407b256e3530f96f75fca",
      "category": "generated-frontend-output",
      "owner": "scripts/generate.mjs + canonical contract/token owners",
      "plannedTreatment": "GENERATE_VERIFY",
      "currentGates": {
        "typecheck": false,
        "lint": false,
        "source": false,
        "layout": false,
        "visual": false,
        "composition": false,
        "generator": true,
        "htmlEntry": false
      },
      "requiredVerification": [
        "generate:check"
      ],
      "routeImpactCount": 54
    },
    {
      "path": "apps/web/src/mocks/service.ts",
      "sha256": "e9043a25b86f7ac07dea9d609593397ea9bc2b0faa945058c7ea4566f16ccd69",
      "category": "synthetic-demo-state",
      "owner": "mocks; demo/test only",
      "plannedTreatment": "KEEP_VERIFY",
      "currentGates": {
        "typecheck": true,
        "lint": true,
        "source": true,
        "layout": true,
        "visual": true,
        "composition": true,
        "generator": false,
        "htmlEntry": false
      },
      "requiredVerification": [
        "source",
        "boundaries",
        "lint",
        "typecheck",
        "test:domain",
        "demo/live isolation",
        "state/browser impact"
      ],
      "routeImpactCount": 0
    },
    {
      "path": "apps/web/src/modules/bot/index.tsx",
      "sha256": "cbca27471ea771f325b3577095a6ff30f66b29c711c0138b3678a8dc4c1d40af",
      "category": "feature-ui-or-helper",
      "owner": "modules/bot",
      "plannedTreatment": "KEEP_VERIFY",
      "currentGates": {
        "typecheck": true,
        "lint": true,
        "source": true,
        "layout": true,
        "visual": true,
        "composition": true,
        "generator": false,
        "htmlEntry": false
      },
      "requiredVerification": [
        "source",
        "boundaries",
        "lint",
        "typecheck",
        "layout",
        "visual-tokens",
        "ui-composition",
        "unit/browser impact"
      ],
      "routeImpactCount": 4
    },
    {
      "path": "apps/web/src/modules/catalog/imports.tsx",
      "sha256": "daccdc34d666987ed8e07f4ddeb6f83bfa8731d0d99e93c5e7fc12461ec669da",
      "category": "feature-ui-or-helper",
      "owner": "modules/catalog",
      "plannedTreatment": "KEEP_VERIFY",
      "currentGates": {
        "typecheck": true,
        "lint": true,
        "source": true,
        "layout": true,
        "visual": true,
        "composition": true,
        "generator": false,
        "htmlEntry": false
      },
      "requiredVerification": [
        "source",
        "boundaries",
        "lint",
        "typecheck",
        "layout",
        "visual-tokens",
        "ui-composition",
        "unit/browser impact"
      ],
      "routeImpactCount": 6
    },
    {
      "path": "apps/web/src/modules/catalog/index.tsx",
      "sha256": "98e8ac7e9600837171d4e9a2d36a7d03978071c4dfc7d87fcc2617655c8c1639",
      "category": "feature-ui-or-helper",
      "owner": "modules/catalog",
      "plannedTreatment": "KEEP_VERIFY",
      "currentGates": {
        "typecheck": true,
        "lint": true,
        "source": true,
        "layout": true,
        "visual": true,
        "composition": true,
        "generator": false,
        "htmlEntry": false
      },
      "requiredVerification": [
        "source",
        "boundaries",
        "lint",
        "typecheck",
        "layout",
        "visual-tokens",
        "ui-composition",
        "unit/browser impact"
      ],
      "routeImpactCount": 6
    },
    {
      "path": "apps/web/src/modules/customers/index.tsx",
      "sha256": "1f6d62a562b6ec124fb3029fdce8eeb9937d09323abb5a523aad496343a4531b",
      "category": "feature-ui-or-helper",
      "owner": "modules/customers",
      "plannedTreatment": "KEEP_VERIFY",
      "currentGates": {
        "typecheck": true,
        "lint": true,
        "source": true,
        "layout": true,
        "visual": true,
        "composition": true,
        "generator": false,
        "htmlEntry": false
      },
      "requiredVerification": [
        "source",
        "boundaries",
        "lint",
        "typecheck",
        "layout",
        "visual-tokens",
        "ui-composition",
        "unit/browser impact"
      ],
      "routeImpactCount": 3
    },
    {
      "path": "apps/web/src/modules/dashboard/index.tsx",
      "sha256": "a0c0e09070e25ed627c67846bb25e142e053bc9ec797825c7b7b6a2b804b6bef",
      "category": "feature-ui-or-helper",
      "owner": "modules/dashboard",
      "plannedTreatment": "KEEP_VERIFY",
      "currentGates": {
        "typecheck": true,
        "lint": true,
        "source": true,
        "layout": true,
        "visual": true,
        "composition": true,
        "generator": false,
        "htmlEntry": false
      },
      "requiredVerification": [
        "source",
        "boundaries",
        "lint",
        "typecheck",
        "layout",
        "visual-tokens",
        "ui-composition",
        "unit/browser impact"
      ],
      "routeImpactCount": 1
    },
    {
      "path": "apps/web/src/modules/finance/index.tsx",
      "sha256": "6edee787cf58f16b01a8135fe2195b83d83178aa5e5b61705e160930618b481b",
      "category": "feature-ui-or-helper",
      "owner": "modules/finance",
      "plannedTreatment": "KEEP_VERIFY",
      "currentGates": {
        "typecheck": true,
        "lint": true,
        "source": true,
        "layout": true,
        "visual": true,
        "composition": true,
        "generator": false,
        "htmlEntry": false
      },
      "requiredVerification": [
        "source",
        "boundaries",
        "lint",
        "typecheck",
        "layout",
        "visual-tokens",
        "ui-composition",
        "unit/browser impact"
      ],
      "routeImpactCount": 6
    },
    {
      "path": "apps/web/src/modules/fulfillment/index.tsx",
      "sha256": "8e292f70195d3f65c62f9a81d0cad8ec44ad677526e2fb59af59bed9e6fbfc17",
      "category": "feature-ui-or-helper",
      "owner": "modules/fulfillment",
      "plannedTreatment": "KEEP_VERIFY",
      "currentGates": {
        "typecheck": true,
        "lint": true,
        "source": true,
        "layout": true,
        "visual": true,
        "composition": true,
        "generator": false,
        "htmlEntry": false
      },
      "requiredVerification": [
        "source",
        "boundaries",
        "lint",
        "typecheck",
        "layout",
        "visual-tokens",
        "ui-composition",
        "unit/browser impact"
      ],
      "routeImpactCount": 2
    },
    {
      "path": "apps/web/src/modules/inbox/conversation-components.tsx",
      "sha256": "9611c21db12bdac47fbead422c4fe047902a5df0e6359b73e81ea813ba26177d",
      "category": "feature-ui-or-helper",
      "owner": "modules/inbox",
      "plannedTreatment": "KEEP_VERIFY",
      "currentGates": {
        "typecheck": true,
        "lint": true,
        "source": true,
        "layout": true,
        "visual": true,
        "composition": true,
        "generator": false,
        "htmlEntry": false
      },
      "requiredVerification": [
        "source",
        "boundaries",
        "lint",
        "typecheck",
        "layout",
        "visual-tokens",
        "ui-composition",
        "unit/browser impact"
      ],
      "routeImpactCount": 2
    },
    {
      "path": "apps/web/src/modules/inbox/index.tsx",
      "sha256": "f1c52d58f9e0fc85dcbcfd206841e4eaac3a58350bb2295fb04d7f2d1e0b3e6b",
      "category": "feature-ui-or-helper",
      "owner": "modules/inbox",
      "plannedTreatment": "KEEP_VERIFY",
      "currentGates": {
        "typecheck": true,
        "lint": true,
        "source": true,
        "layout": true,
        "visual": true,
        "composition": true,
        "generator": false,
        "htmlEntry": false
      },
      "requiredVerification": [
        "source",
        "boundaries",
        "lint",
        "typecheck",
        "layout",
        "visual-tokens",
        "ui-composition",
        "unit/browser impact"
      ],
      "routeImpactCount": 2
    },
    {
      "path": "apps/web/src/modules/integrations/index.tsx",
      "sha256": "21c786a8280031a029af35e434f7f755b6c81acbab59ca3098d87028aab7aa65",
      "category": "feature-ui-or-helper",
      "owner": "modules/integrations",
      "plannedTreatment": "KEEP_VERIFY",
      "currentGates": {
        "typecheck": true,
        "lint": true,
        "source": true,
        "layout": true,
        "visual": true,
        "composition": true,
        "generator": false,
        "htmlEntry": false
      },
      "requiredVerification": [
        "source",
        "boundaries",
        "lint",
        "typecheck",
        "layout",
        "visual-tokens",
        "ui-composition",
        "unit/browser impact"
      ],
      "routeImpactCount": 2
    },
    {
      "path": "apps/web/src/modules/inventory/index.tsx",
      "sha256": "7b5d0a356390cba43b8bf16c162dd499150bee37d353945d552504a1eee2bd1b",
      "category": "feature-ui-or-helper",
      "owner": "modules/inventory",
      "plannedTreatment": "KEEP_VERIFY",
      "currentGates": {
        "typecheck": true,
        "lint": true,
        "source": true,
        "layout": true,
        "visual": true,
        "composition": true,
        "generator": false,
        "htmlEntry": false
      },
      "requiredVerification": [
        "source",
        "boundaries",
        "lint",
        "typecheck",
        "layout",
        "visual-tokens",
        "ui-composition",
        "unit/browser impact"
      ],
      "routeImpactCount": 2
    },
    {
      "path": "apps/web/src/modules/knowledge/index.tsx",
      "sha256": "7744ecf46521ccf8b7709229f5c59da53c201ae2d44b775f8b07b616a9e71b2b",
      "category": "feature-ui-or-helper",
      "owner": "modules/knowledge",
      "plannedTreatment": "KEEP_VERIFY",
      "currentGates": {
        "typecheck": true,
        "lint": true,
        "source": true,
        "layout": true,
        "visual": true,
        "composition": true,
        "generator": false,
        "htmlEntry": false
      },
      "requiredVerification": [
        "source",
        "boundaries",
        "lint",
        "typecheck",
        "layout",
        "visual-tokens",
        "ui-composition",
        "unit/browser impact"
      ],
      "routeImpactCount": 3
    },
    {
      "path": "apps/web/src/modules/notifications/index.tsx",
      "sha256": "03bdd21513eb173f92b8e416a4f875bdac600cdb0273ea0e9d4c0237fc217dda",
      "category": "feature-ui-or-helper",
      "owner": "modules/notifications",
      "plannedTreatment": "KEEP_VERIFY",
      "currentGates": {
        "typecheck": true,
        "lint": true,
        "source": true,
        "layout": true,
        "visual": true,
        "composition": true,
        "generator": false,
        "htmlEntry": false
      },
      "requiredVerification": [
        "source",
        "boundaries",
        "lint",
        "typecheck",
        "layout",
        "visual-tokens",
        "ui-composition",
        "unit/browser impact"
      ],
      "routeImpactCount": 2
    },
    {
      "path": "apps/web/src/modules/operations/index.tsx",
      "sha256": "1710a8b4a14e75a91ce608d47567cba8297ccab4a4c6d5cc347a9dce956979e7",
      "category": "feature-ui-or-helper",
      "owner": "modules/operations",
      "plannedTreatment": "KEEP_VERIFY",
      "currentGates": {
        "typecheck": true,
        "lint": true,
        "source": true,
        "layout": true,
        "visual": true,
        "composition": true,
        "generator": false,
        "htmlEntry": false
      },
      "requiredVerification": [
        "source",
        "boundaries",
        "lint",
        "typecheck",
        "layout",
        "visual-tokens",
        "ui-composition",
        "unit/browser impact"
      ],
      "routeImpactCount": 3
    },
    {
      "path": "apps/web/src/modules/orders/index.tsx",
      "sha256": "d1cad2cb0dbbfa618dc6cd5c7096711354feaecb977807037b8c6a2748ed6da7",
      "category": "feature-ui-or-helper",
      "owner": "modules/orders",
      "plannedTreatment": "KEEP_VERIFY",
      "currentGates": {
        "typecheck": true,
        "lint": true,
        "source": true,
        "layout": true,
        "visual": true,
        "composition": true,
        "generator": false,
        "htmlEntry": false
      },
      "requiredVerification": [
        "source",
        "boundaries",
        "lint",
        "typecheck",
        "layout",
        "visual-tokens",
        "ui-composition",
        "unit/browser impact"
      ],
      "routeImpactCount": 4
    },
    {
      "path": "apps/web/src/modules/procurement/index.tsx",
      "sha256": "137c535a1c086c6e998281e3e9d4620adf9f3d6b41a0e775add49339b6f82bc1",
      "category": "feature-ui-or-helper",
      "owner": "modules/procurement",
      "plannedTreatment": "KEEP_VERIFY",
      "currentGates": {
        "typecheck": true,
        "lint": true,
        "source": true,
        "layout": true,
        "visual": true,
        "composition": true,
        "generator": false,
        "htmlEntry": false
      },
      "requiredVerification": [
        "source",
        "boundaries",
        "lint",
        "typecheck",
        "layout",
        "visual-tokens",
        "ui-composition",
        "unit/browser impact"
      ],
      "routeImpactCount": 4
    },
    {
      "path": "apps/web/src/modules/reports/index.tsx",
      "sha256": "fd9f178af85314370f1eff5d38539b654e1d805ed42d13d3a0ff8b655bd37754",
      "category": "feature-ui-or-helper",
      "owner": "modules/reports",
      "plannedTreatment": "KEEP_VERIFY",
      "currentGates": {
        "typecheck": true,
        "lint": true,
        "source": true,
        "layout": true,
        "visual": true,
        "composition": true,
        "generator": false,
        "htmlEntry": false
      },
      "requiredVerification": [
        "source",
        "boundaries",
        "lint",
        "typecheck",
        "layout",
        "visual-tokens",
        "ui-composition",
        "unit/browser impact"
      ],
      "routeImpactCount": 2
    },
    {
      "path": "apps/web/src/modules/reports/report-utils.ts",
      "sha256": "d93b2d30c8584daee5f52aaba6cad7b7ae2ccde6f5d196509ad7362431ea6ed0",
      "category": "feature-ui-or-helper",
      "owner": "modules/reports",
      "plannedTreatment": "KEEP_VERIFY",
      "currentGates": {
        "typecheck": true,
        "lint": true,
        "source": true,
        "layout": true,
        "visual": true,
        "composition": true,
        "generator": false,
        "htmlEntry": false
      },
      "requiredVerification": [
        "source",
        "boundaries",
        "lint",
        "typecheck",
        "layout",
        "visual-tokens",
        "ui-composition",
        "unit/browser impact"
      ],
      "routeImpactCount": 2
    },
    {
      "path": "apps/web/src/modules/workspace/index.tsx",
      "sha256": "2ea39976473d8dfc2a0da5f0ea8b3e7912d098e4e427487fde5b59479091c269",
      "category": "feature-ui-or-helper",
      "owner": "modules/workspace",
      "plannedTreatment": "KEEP_VERIFY",
      "currentGates": {
        "typecheck": true,
        "lint": true,
        "source": true,
        "layout": true,
        "visual": true,
        "composition": true,
        "generator": false,
        "htmlEntry": false
      },
      "requiredVerification": [
        "source",
        "boundaries",
        "lint",
        "typecheck",
        "layout",
        "visual-tokens",
        "ui-composition",
        "unit/browser impact"
      ],
      "routeImpactCount": 8
    },
    {
      "path": "apps/web/src/shared/api/client.ts",
      "sha256": "4986739ee8ddf673d0d94a0702e7251c087e69824b88e37b5ec644ddf72fa39e",
      "category": "shared-behavior-or-model",
      "owner": "shared/api or shared/model; domain-free boundary",
      "plannedTreatment": "KEEP_VERIFY",
      "currentGates": {
        "typecheck": true,
        "lint": true,
        "source": true,
        "layout": true,
        "visual": true,
        "composition": true,
        "generator": false,
        "htmlEntry": false
      },
      "requiredVerification": [
        "source",
        "boundaries",
        "lint",
        "typecheck",
        "unit/browser impact"
      ],
      "routeImpactCount": 54
    },
    {
      "path": "apps/web/src/shared/api/validation.ts",
      "sha256": "5dabe9985b9eb9dea4b67233713cf007a99d6fc55276bd3a285664977f58f1a1",
      "category": "shared-behavior-or-model",
      "owner": "shared/api or shared/model; domain-free boundary",
      "plannedTreatment": "KEEP_VERIFY",
      "currentGates": {
        "typecheck": true,
        "lint": true,
        "source": true,
        "layout": true,
        "visual": true,
        "composition": true,
        "generator": false,
        "htmlEntry": false
      },
      "requiredVerification": [
        "source",
        "boundaries",
        "lint",
        "typecheck",
        "unit/browser impact"
      ],
      "routeImpactCount": 54
    },
    {
      "path": "apps/web/src/shared/model/filters.ts",
      "sha256": "393d4f7cc77f4deca11a909ee79f809d76debdbd84e8a413271f9ceadfc29f8d",
      "category": "shared-behavior-or-model",
      "owner": "shared/api or shared/model; domain-free boundary",
      "plannedTreatment": "KEEP_VERIFY",
      "currentGates": {
        "typecheck": true,
        "lint": true,
        "source": true,
        "layout": true,
        "visual": true,
        "composition": true,
        "generator": false,
        "htmlEntry": false
      },
      "requiredVerification": [
        "source",
        "boundaries",
        "lint",
        "typecheck",
        "unit/browser impact"
      ],
      "routeImpactCount": 54
    },
    {
      "path": "apps/web/src/shared/model/format.ts",
      "sha256": "32d13ed518870d525b857a8be711b24b7d56b0f5c7eff4699ba4f572e958b223",
      "category": "shared-behavior-or-model",
      "owner": "shared/api or shared/model; domain-free boundary",
      "plannedTreatment": "KEEP_VERIFY",
      "currentGates": {
        "typecheck": true,
        "lint": true,
        "source": true,
        "layout": true,
        "visual": true,
        "composition": true,
        "generator": false,
        "htmlEntry": false
      },
      "requiredVerification": [
        "source",
        "boundaries",
        "lint",
        "typecheck",
        "unit/browser impact"
      ],
      "routeImpactCount": 54
    },
    {
      "path": "apps/web/src/shared/ui/README.md",
      "sha256": "ed3178ced505683ea10f0bdb3ef4452323da0cdb0336d9ad09686b464b67f8ab",
      "category": "shared-ui-owner-or-catalog",
      "owner": "shared/ui; normative policy lives in docs/FRONTEND_SPACING_STANDARD.md",
      "plannedTreatment": "KEEP_VERIFY",
      "currentGates": {
        "typecheck": false,
        "lint": false,
        "source": false,
        "layout": false,
        "visual": false,
        "composition": false,
        "generator": false,
        "htmlEntry": false
      },
      "requiredVerification": [
        "source",
        "boundaries",
        "lint",
        "typecheck",
        "layout",
        "visual-tokens",
        "ui-composition",
        "all consumer regression"
      ],
      "routeImpactCount": 0
    },
    {
      "path": "apps/web/src/shared/ui/components.tsx",
      "sha256": "0ca6abdb42fa7f8246e0309042719aadd9d71c194e2e3dd5e6245889ad5002a5",
      "category": "shared-ui-owner-or-catalog",
      "owner": "shared/ui; normative policy lives in docs/FRONTEND_SPACING_STANDARD.md",
      "plannedTreatment": "KEEP_VERIFY",
      "currentGates": {
        "typecheck": true,
        "lint": true,
        "source": true,
        "layout": true,
        "visual": true,
        "composition": true,
        "generator": false,
        "htmlEntry": false
      },
      "requiredVerification": [
        "source",
        "boundaries",
        "lint",
        "typecheck",
        "layout",
        "visual-tokens",
        "ui-composition",
        "all consumer regression"
      ],
      "routeImpactCount": 54
    },
    {
      "path": "apps/web/src/shared/ui/composition.tsx",
      "sha256": "15dde3bb9fef954a14c93b8f595d46c17d4502821c9a3095e91e72fd00ccee5b",
      "category": "shared-ui-owner-or-catalog",
      "owner": "shared/ui; normative policy lives in docs/FRONTEND_SPACING_STANDARD.md",
      "plannedTreatment": "KEEP_VERIFY",
      "currentGates": {
        "typecheck": true,
        "lint": true,
        "source": true,
        "layout": true,
        "visual": true,
        "composition": true,
        "generator": false,
        "htmlEntry": false
      },
      "requiredVerification": [
        "source",
        "boundaries",
        "lint",
        "typecheck",
        "layout",
        "visual-tokens",
        "ui-composition",
        "all consumer regression"
      ],
      "routeImpactCount": 54
    },
    {
      "path": "apps/web/src/shared/ui/layout.ts",
      "sha256": "ac5cc9e11d5b5b22b1e95c6754bb1c9084a47fc53f25ac338c9d58c4c687ec5a",
      "category": "shared-ui-owner-or-catalog",
      "owner": "shared/ui; normative policy lives in docs/FRONTEND_SPACING_STANDARD.md",
      "plannedTreatment": "KEEP_VERIFY",
      "currentGates": {
        "typecheck": true,
        "lint": true,
        "source": true,
        "layout": true,
        "visual": true,
        "composition": true,
        "generator": false,
        "htmlEntry": false
      },
      "requiredVerification": [
        "source",
        "boundaries",
        "lint",
        "typecheck",
        "layout",
        "visual-tokens",
        "ui-composition",
        "all consumer regression"
      ],
      "routeImpactCount": 54
    },
    {
      "path": "apps/web/src/shared/ui/theme.ts",
      "sha256": "dfb131b7987db08c66df78d349e93175663bcc55e3e633e151c59dfaa1d67532",
      "category": "shared-ui-owner-or-catalog",
      "owner": "shared/ui; normative policy lives in docs/FRONTEND_SPACING_STANDARD.md",
      "plannedTreatment": "KEEP_VERIFY",
      "currentGates": {
        "typecheck": true,
        "lint": true,
        "source": true,
        "layout": true,
        "visual": true,
        "composition": true,
        "generator": false,
        "htmlEntry": false
      },
      "requiredVerification": [
        "source",
        "boundaries",
        "lint",
        "typecheck",
        "layout",
        "visual-tokens",
        "ui-composition",
        "all consumer regression"
      ],
      "routeImpactCount": 54
    },
    {
      "path": "apps/web/src/shared/ui/visual.ts",
      "sha256": "ed147658a55cdd9c011a81aba50870ecce3ae1c7e81e92c2b712740ea112c89d",
      "category": "shared-ui-owner-or-catalog",
      "owner": "shared/ui; normative policy lives in docs/FRONTEND_SPACING_STANDARD.md",
      "plannedTreatment": "KEEP_VERIFY",
      "currentGates": {
        "typecheck": true,
        "lint": true,
        "source": true,
        "layout": true,
        "visual": true,
        "composition": true,
        "generator": false,
        "htmlEntry": false
      },
      "requiredVerification": [
        "source",
        "boundaries",
        "lint",
        "typecheck",
        "layout",
        "visual-tokens",
        "ui-composition",
        "all consumer regression"
      ],
      "routeImpactCount": 54
    },
    {
      "path": "apps/web/tests/api-client.test.tsx",
      "sha256": "b815743fd0a61b13ea6b387beb6052281b905bb256dd4241f01d4cb9ee7e798e",
      "category": "frontend-test-fixture-or-generator",
      "owner": "test file owner; runtime assertions must measure behavior",
      "plannedTreatment": "TOOLING_VERIFY",
      "currentGates": {
        "typecheck": false,
        "lint": false,
        "source": false,
        "layout": false,
        "visual": false,
        "composition": false,
        "generator": false,
        "htmlEntry": false
      },
      "requiredVerification": [
        "relevant node/Vitest/Playwright suite",
        "negative + positive + UNKNOWN fixtures"
      ],
      "routeImpactCount": 0
    },
    {
      "path": "apps/web/tests/components.test.tsx",
      "sha256": "35187e221b903fd7c1e0434c28dcedebb817b6cfd41612c3b51d43a8055af02f",
      "category": "frontend-test-fixture-or-generator",
      "owner": "test file owner; runtime assertions must measure behavior",
      "plannedTreatment": "TOOLING_VERIFY",
      "currentGates": {
        "typecheck": false,
        "lint": false,
        "source": false,
        "layout": false,
        "visual": false,
        "composition": false,
        "generator": false,
        "htmlEntry": false
      },
      "requiredVerification": [
        "relevant node/Vitest/Playwright suite",
        "negative + positive + UNKNOWN fixtures"
      ],
      "routeImpactCount": 0
    },
    {
      "path": "apps/web/tests/composition.test.tsx",
      "sha256": "e837d20843e166e3dcd742b737c6c1ed79709e67540b4c4127bd5fea88cb6f33",
      "category": "frontend-test-fixture-or-generator",
      "owner": "test file owner; runtime assertions must measure behavior",
      "plannedTreatment": "TOOLING_VERIFY",
      "currentGates": {
        "typecheck": false,
        "lint": false,
        "source": false,
        "layout": false,
        "visual": false,
        "composition": false,
        "generator": false,
        "htmlEntry": false
      },
      "requiredVerification": [
        "relevant node/Vitest/Playwright suite",
        "negative + positive + UNKNOWN fixtures"
      ],
      "routeImpactCount": 0
    },
    {
      "path": "apps/web/tests/dashboard-labels.test.ts",
      "sha256": "17afcd7d1fbc42134b3a07848104e5bca3b0744baff2ed1d309c5650877a700d",
      "category": "frontend-test-fixture-or-generator",
      "owner": "test file owner; runtime assertions must measure behavior",
      "plannedTreatment": "TOOLING_VERIFY",
      "currentGates": {
        "typecheck": false,
        "lint": false,
        "source": false,
        "layout": false,
        "visual": false,
        "composition": false,
        "generator": false,
        "htmlEntry": false
      },
      "requiredVerification": [
        "relevant node/Vitest/Playwright suite",
        "negative + positive + UNKNOWN fixtures"
      ],
      "routeImpactCount": 0
    },
    {
      "path": "apps/web/tests/format.test.ts",
      "sha256": "9e64cafd344bdebc4f26b25f2a65bcfcc4c6fca64896813020549beb6e9007d3",
      "category": "frontend-test-fixture-or-generator",
      "owner": "test file owner; runtime assertions must measure behavior",
      "plannedTreatment": "TOOLING_VERIFY",
      "currentGates": {
        "typecheck": false,
        "lint": false,
        "source": false,
        "layout": false,
        "visual": false,
        "composition": false,
        "generator": false,
        "htmlEntry": false
      },
      "requiredVerification": [
        "relevant node/Vitest/Playwright suite",
        "negative + positive + UNKNOWN fixtures"
      ],
      "routeImpactCount": 0
    },
    {
      "path": "apps/web/tests/report-utils.test.ts",
      "sha256": "ed3a365e175bfd161ad4141f58b584df8563392cfdb95e56748ae91ccf7e3fb8",
      "category": "frontend-test-fixture-or-generator",
      "owner": "test file owner; runtime assertions must measure behavior",
      "plannedTreatment": "TOOLING_VERIFY",
      "currentGates": {
        "typecheck": false,
        "lint": false,
        "source": false,
        "layout": false,
        "visual": false,
        "composition": false,
        "generator": false,
        "htmlEntry": false
      },
      "requiredVerification": [
        "relevant node/Vitest/Playwright suite",
        "negative + positive + UNKNOWN fixtures"
      ],
      "routeImpactCount": 0
    },
    {
      "path": "apps/web/tests/shared-ui-render-contract.test.tsx",
      "sha256": "89ae5010117ed629749d03f44a796f06ac27aff0133a37e19abf007aa88b83d3",
      "category": "frontend-test-fixture-or-generator",
      "owner": "test file owner; runtime assertions must measure behavior",
      "plannedTreatment": "TOOLING_VERIFY",
      "currentGates": {
        "typecheck": false,
        "lint": false,
        "source": false,
        "layout": false,
        "visual": false,
        "composition": false,
        "generator": false,
        "htmlEntry": false
      },
      "requiredVerification": [
        "relevant node/Vitest/Playwright suite",
        "negative + positive + UNKNOWN fixtures"
      ],
      "routeImpactCount": 0
    },
    {
      "path": "apps/web/tests/states/fe023-state.test.tsx",
      "sha256": "15a3815aaaea1bfd726d2d7ada8d867f6695b3531d1ca90c513ad3798944661b",
      "category": "frontend-test-fixture-or-generator",
      "owner": "test file owner; runtime assertions must measure behavior",
      "plannedTreatment": "TOOLING_VERIFY",
      "currentGates": {
        "typecheck": false,
        "lint": false,
        "source": false,
        "layout": false,
        "visual": false,
        "composition": false,
        "generator": false,
        "htmlEntry": false
      },
      "requiredVerification": [
        "relevant node/Vitest/Playwright suite",
        "negative + positive + UNKNOWN fixtures"
      ],
      "routeImpactCount": 0
    },
    {
      "path": "apps/web/tests/timezone.test.ts",
      "sha256": "68b23d02af2d54ad89b7aeff783dffe942d1630bed38c35c1ce5be45e07fc05d",
      "category": "frontend-test-fixture-or-generator",
      "owner": "test file owner; runtime assertions must measure behavior",
      "plannedTreatment": "TOOLING_VERIFY",
      "currentGates": {
        "typecheck": false,
        "lint": false,
        "source": false,
        "layout": false,
        "visual": false,
        "composition": false,
        "generator": false,
        "htmlEntry": false
      },
      "requiredVerification": [
        "relevant node/Vitest/Playwright suite",
        "negative + positive + UNKNOWN fixtures"
      ],
      "routeImpactCount": 0
    }
  ]
}
