✔ P10/P15 catch alias and neutral-wrapper duplicate insets through fragments and conditionals (432.0345ms)
✔ P20 resolves shared composition identities through a barrel and const component aliases (298.2712ms)
✔ P11/P13 catch static element access roles on every MUI surface, including Paper (302.8041ms)
✔ P12 checks React createElement and JSX-runtime element factories (286.2463ms)
✔ P14 resolves bodyMode literal aliases and fails closed when ownership is unknown (835.1412ms)
✔ checks Panel ancestry when React elements are created natively (274.2551ms)
✔ keeps independent nested surfaces and portaled dialogs as separate owners (536.1371ms)
✔ accepts finite bodyMode branches and every mode in the public component contracts (762.3101ms)
✔ stops inherited gap ownership at Panels and independent bordered surfaces (514.2797ms)
✔ tracks gaps through fragments, conditions and ready QueryState, but not inside DOM wrappers (261.8224ms)
✔ applies the same finite modes and wrapper boundaries to native React factories (504.423ms)
✔ recognizes native outlined Paper and nested Box surface inset boundaries (509.6818ms)
✔ fails closed when an unresolved custom wrapper obscures a semantic gap owner (249.9122ms)
✔ rejects unsupported placement and rhythm values while accepting finite aliases and branches (502.5449ms)
✔ rejects unsupported finite values through React element factories (511.611ms)
✔ accepts semantic composition, closed geometry and business-specific MUI primitives (5.8667ms)
✔ rejects rebuilding each shared spacing owner at a consumer (1.9951ms)
✔ follows aliases, local style variables, object spreads and namespace imports (0.9296ms)
✔ rejects direct and spread spacing overrides on semantic components (0.511ms)
✔ rejects spacing or opaque spreads hidden in geometry (0.2548ms)
✔ allows the canonical owner implementation and fails closed on malformed source (0.9946ms)
✔ rejects duplicated parent boundary and duplicated Panel inset (0.3799ms)
✔ checks default MUI imports and fails closed for opaque geometry (0.3512ms)
✔ distinguishes content grids from flex flows when reporting the shared owner (0.3235ms)
✔ related sibling gaps belong to ActionGroup comfortable density, not consumer Stack styles (0.5894ms)
✔ the shared catalog covers every public React component and supporting Column type (36.1957ms)
✔ every public React API has a direct rendered contract test (1.2399ms)
✔ every shared React export has a resolved production consumer or an explicit zero-use lifecycle decision (24.8426ms)
✔ required UI evidence and regression gates remain wired to root verify and the active parent workflow (0.4208ms)
✔ composition prop allowlists match the TypeScript owners exactly (0.2663ms)
✔ QueryState uses only the approved inline and section pending profiles (0.3026ms)
✔ QueryState consumers reserve section loading for primary content and keep every other state inline by default (24.9957ms)
✔ body modes, placement roles and geometry keys match the TypeScript contracts (0.9906ms)
✔ Panel geometry and DataTable columns remain closed public contracts (4.4622ms)
✔ shared component and composition props expose no arbitrary layout/style escape hatch (0.2726ms)
✔ layout role types, runtime values, consumers and ownership documentation stay closed (2071.6388ms)
ℹ tests 36
ℹ suites 0
ℹ pass 36
ℹ fail 0
ℹ cancelled 0
ℹ skipped 0
ℹ todo 0
ℹ duration_ms 7214.8451
