
> botsales-frontend@0.1.0 test:ui-composition
> node --test tests/ui-composition-checker.test.mjs tests/ui-composition-ancestry.test.mjs tests/ui-shared-api-contract.test.mjs && node scripts/check-ui-composition.mjs

✔ P10/P15 catch alias and neutral-wrapper duplicate insets through fragments and conditionals (439.8197ms)
✔ P20 resolves shared composition identities through a barrel and const component aliases (304.8007ms)
✔ P11/P13 catch static element access roles on every MUI surface, including Paper (288.9601ms)
✔ P12 checks React createElement and JSX-runtime element factories (273.9913ms)
✔ P14 resolves bodyMode literal aliases and fails closed when ownership is unknown (831.8402ms)
✔ checks Panel ancestry when React elements are created natively (265.9312ms)
✔ keeps independent nested surfaces and portaled dialogs as separate owners (529.6513ms)
✔ accepts finite bodyMode branches and every mode in the public component contracts (764.3167ms)
✔ stops inherited gap ownership at Panels and independent bordered surfaces (511.0071ms)
✔ tracks gaps through fragments, conditions and ready QueryState, but not inside DOM wrappers (264.1612ms)
✔ applies the same finite modes and wrapper boundaries to native React factories (512.8227ms)
✔ recognizes native outlined Paper and nested Box surface inset boundaries (514.282ms)
✔ fails closed when an unresolved custom wrapper obscures a semantic gap owner (249.9585ms)
✔ rejects unsupported placement and rhythm values while accepting finite aliases and branches (496.7563ms)
✔ rejects unsupported finite values through React element factories (507.8422ms)
✔ accepts semantic composition, closed geometry and business-specific MUI primitives (5.9142ms)
✔ rejects rebuilding each shared spacing owner at a consumer (1.9745ms)
✔ follows aliases, local style variables, object spreads and namespace imports (0.9005ms)
✔ rejects direct and spread spacing overrides on semantic components (0.5875ms)
✔ rejects spacing or opaque spreads hidden in geometry (0.2788ms)
✔ allows the canonical owner implementation and fails closed on malformed source (0.8974ms)
✔ rejects duplicated parent boundary and duplicated Panel inset (0.3498ms)
✔ checks default MUI imports and fails closed for opaque geometry (0.3316ms)
✔ distinguishes content grids from flex flows when reporting the shared owner (0.3166ms)
✔ related sibling gaps belong to ActionGroup comfortable density, not consumer Stack styles (0.5507ms)
✔ the shared catalog covers every public React component and supporting Column type (35.6956ms)
✔ every shared React export has a resolved production consumer or an explicit zero-use lifecycle decision (23.9833ms)
✔ required UI evidence and regression gates remain wired to root verify and the active parent workflow (0.3931ms)
✔ composition prop allowlists match the TypeScript owners exactly (0.2671ms)
✔ QueryState uses only the approved inline and section pending profiles (0.2821ms)
✔ QueryState consumers reserve section loading for primary content and keep every other state inline by default (24.8462ms)
✔ body modes, placement roles and geometry keys match the TypeScript contracts (1.0684ms)
✔ Panel geometry and DataTable columns remain closed public contracts (4.6502ms)
✔ shared component and composition props expose no arbitrary layout/style escape hatch (0.2284ms)
✔ layout role types, runtime values, consumers and ownership documentation stay closed (2057.7422ms)
ℹ tests 35
ℹ suites 0
ℹ pass 35
ℹ fail 0
ℹ cancelled 0
ℹ skipped 0
ℹ todo 0
ℹ duration_ms 7193.6957
ui-composition PASS: 74 source files, 0 finding(s)

