{
  "result": "PASS",
  "scenarios": [
    {
      "id": "draft-comparison",
      "route": "/s/shop-demo/customers/c1",
      "result": "PASS",
      "browserZoom": {
        "startingZoom": 1,
        "before": 1,
        "requested": 2,
        "reported": 2,
        "tabUrl": "http://127.0.0.1:60396/s/shop-demo/customers/c1"
      },
      "renderedAfterZoom": {
        "cssViewport": {
          "width": 640,
          "height": 360
        },
        "devicePixelRatio": 2,
        "documentWidth": 640
      },
      "issues": [],
      "pageErrors": []
    }
  ],
  "evidence": "evidence\\frontend-corrections-20261008\\actual-browser-zoom-200-current-toolbar-inherited-native-20261008.json"
}
