{
  "diskFiles": 79873,
  "workspaceRelevantFiles": 274,
  "externalRelevantFiles": 120,
  "excludedFiles": 79480,
  "exhaustiveDiskPartition": true,
  "allRelevantAssigned": true,
  "dispositionRecords": 394,
  "currentPathDispositionRecords": 394,
  "retiredPathDispositions": 0,
  "pendingDispositionRecords": 0,
  "categories": {
    "active-external-workflow": 1,
    "app-shell-entry-css-or-types": 14,
    "canonical-contract-token-or-acceptance-input": 18,
    "canonical-frontend-plan": 1,
    "derived-kit-input-view": 3,
    "feature-ui-or-helper": 24,
    "frontend-ledger-or-ledger-view": 2,
    "frontend-test-fixture-or-generator": 122,
    "frontend-tooling-or-gate-config": 21,
    "generated-frontend-output": 11,
    "generated-frontend-plan-view": 30,
    "generated-vendor-worker": 1,
    "html-entry": 1,
    "kit-validator-or-generator": 12,
    "policy-plan-doc-or-frontend-ledger": 65,
    "public-asset-or-worker": 2,
    "shared-behavior-or-model": 15,
    "shared-ui-owner-or-catalog": 7,
    "snapshot-or-release-metadata": 7,
    "synthetic-demo-state": 15,
    "synthetic-sample": 3,
    "toolchain-config": 17,
    "universal-original": 2
  },
  "sourceFiles": 76,
  "sourceTsTsxFiles": 71,
  "runtimeImportClosureOrEntrypoints": 86,
  "routes": 54,
  "routerPageBindings": 54,
  "extraRouterPages": [],
  "routeMappingsMissing": 0,
  "modules": 16,
  "generatedFrontendOutputs": 11,
  "unknownFiles": [],
  "runtimeUnresolvedOwnImports": [],
  "toolingUnresolved": 9,
  "retiredTreatment": []
}
