
> botsales-frontend@0.1.0 test:layout
> node --test tests/layout-checker.test.mjs tests/ui-layout-binding-gates.test.mjs && node scripts/check-layout.mjs

✔ accepts semantic bridge roles, the closed token-derived factor map, geometry, and reset values (969.3802ms)
✔ rejects a CSS spacing role without a declared shared owner (962.5138ms)
✔ rejects scale-conforming and off-scale literals in sx, responsive leaves, named and namespace MUI System props (924.4076ms)
✔ follows local aliases and style callbacks; rejects theme spacing helpers and preset overrides (1086.6015ms)
✔ scans nested slotProps but does not confuse event handlers or geometric dimensions with spacing (980.9756ms)
✔ keeps Panel geometry inspectable and rejects spacing hidden in its geometry prop (2839.8824ms)
✔ accepts only an exact CSS exception and reports stale or mismatched exception scope (2893.3532ms)
✔ rejects malformed TypeScript, malformed CSS, bad exception schema, and raw values in the bridge (3886.3152ms)
✔ rejects canonical pixel tokens used as MUI factors and an altered bridge factor table (1917.8763ms)
✔ report mode inventories migration debt without turning findings into PASS (960.3566ms)
✔ canonical writes through casts and aliases fail outside style expressions (1019.2661ms)
✔ Object.assign cannot mutate canonical data but can copy to a fresh object (1984.423ms)
✔ layout gate rejects raw spacing on const alias of MUI component (1029.865ms)
✔ canonical mutation gate follows global mutator aliases and reflection (1021.8212ms)
✔ local mutator names do not acquire global mutation identity (993.4183ms)
✔ destructured mutators and call/apply retain canonical mutation checks (964.3419ms)
✔ global mutator call/apply can copy canonical values into fresh objects (1001.7675ms)
✔ mutable aliases with possible canonical destinations fail closed (1032.6513ms)
✔ opaque apply arguments fail closed while unrelated mutable data stays valid (1930.1402ms)
✔ canonical references inside containers and destructured aliases cannot be mutated (979.3315ms)
✔ independent shallow copies of scalar canonical fields remain mutable (973.2995ms)
✔ array references and nested destructuring preserve canonical write provenance (989.8637ms)
✔ array destinations distinguish independent elements from canonical references (1011.1849ms)
✔ array destructuring, dynamic indices and spread cannot hide canonical references (1012.4348ms)
✔ dynamic indices and destructuring of independent arrays stay mutable (986.5072ms)
✔ function parameters cannot hide canonical mutation across source files (975.8832ms)
✔ read-only helpers and mutations of unrelated arguments remain valid (934.0746ms)
✔ returned canonical references remain protected across helper boundaries (943.9955ms)
✔ helper returns of fresh scalar copies do not retain canonical destination identity (957.5652ms)
✔ destructured object parameters cannot mutate canonical arguments (971.2399ms)
✔ destructured object parameters retain independent argument mutability (942.7171ms)
✔ default parameter and binding initializers cannot hide canonical mutations (966.5941ms)
✔ fresh default parameter and binding copies remain mutable (932.3748ms)
✔ rest parameters retain canonical argument write provenance (926.9169ms)
✔ rest parameters distinguish independent positions from canonical siblings (949.0376ms)
✔ finite spread arguments preserve shifted positional and rest destinations (960.4775ms)
✔ finite spread expansion keeps independent argument positions mutable (987.5807ms)
✔ opaque spreads keep positional mutation destinations unknown (1057.7487ms)
✔ opaque spreads into read-only helpers do not invent mutation findings (954.2255ms)
✔ array parameter patterns retain canonical positions including nested object arrays (987.4257ms)
✔ array parameter patterns retain independent bound element mutability (1001.8478ms)
✔ layout gate rejects parameter shadow of canonical layout name (983.2033ms)
✔ layout gate follows genuine renamed styled factory (1070.5775ms)
✔ layout gate accepts canonical namespace, element access and barrel alias (973.334ms)
✔ layout gate does not mistake local component named Stack for MUI (952.7919ms)
✔ layout gate inspects renamed installed Emotion css tag (963.3841ms)
✔ layout gate preserves genuine aliased Controller field forwarding (966.2698ms)
✔ a same-named local Controller cannot exempt an unknown prop spread (968.9883ms)
✔ genuine useForm registration survives property and destructured aliases (983.559ms)
✔ a function named register cannot exempt injected style props (985.1787ms)
✔ a bridge callback parameter cannot impersonate its private factor binding (959.0697ms)
✔ opaque namespace component selection remains a strict binding failure (942.2632ms)
✔ opaque namespace factory cannot hide style arguments (935.2064ms)
✔ MUI re-export cannot hide raw spacing behind a first-party barrel (1016.1356ms)
✔ destructuring assignments cannot hide canonical write targets (959.376ms)
✔ destructuring assignments can update independent copied destinations (923.6318ms)
✔ object rest retains nested canonical references while copying the outer object (931.9649ms)
✔ rest scalar copies and replacement of container references stay mutable (951.9478ms)
✔ shallow object spread preserves canonical child references and last-writer order (951.5577ms)
✔ shallow spread with a later independent override stays mutable (935.2531ms)
✔ exported mutable aliases retain assignments from their declaring file (972.3293ms)
✔ exported independent mutable data does not acquire canonical provenance (965.3831ms)
✔ literal computed keys retain canonical container and parameter provenance (952.125ms)
✔ literal computed keys do not taint independent selected properties (939.9117ms)
✔ Object.assign shallow copies retain canonical nested reference provenance (935.5571ms)
✔ Object.assign later independent overrides and scalar copies stay mutable (934.9365ms)
✔ union and dynamic property selections retain possible canonical destinations (953.541ms)
✔ finite union property selections exclude canonical siblings not in the key set (945.8628ms)
✔ union selection over Object.assign output retains canonical child provenance (1222.8405ms)
✔ union selection over independent Object.assign output remains mutable (1070.9257ms)
✔ Reflect.set call/apply checks the target argument rather than the assigned value (2858.4255ms)
✔ aliased React createElement checks MUI and native style objects (925.6101ms)
✔ GlobalStyles.styles is checked and local createElement names stay local (2173.1448ms)
✔ React JSX runtime factories cannot bypass MUI or native style checks (934.6987ms)
✔ React cloneElement checks the cloned MUI element and preserves native props (3678.3719ms)
✔ Emotion css props and object factories are inspected with native CSS semantics (2800.0616ms)
✔ Inline style elements in JSX, React factories, DOM and the HTML entry fail closed (7636.4703ms)
✔ DOM CSSOM spacing writes use semantic roles and reject opaque style strings (1931.7861ms)
✔ HTML parsing and runtime stylesheet mutation cannot bypass the imported CSS boundary (1839.2551ms)
✔ spacing shorthand values and responsive breakpoints preserve token and unit provenance (9240.4312ms)
✔ function return producers cannot hide canonical children behind spreads (960.4963ms)
✔ producer spreads keep later independent child overrides writable (931.424ms)
ℹ tests 82
ℹ suites 0
ℹ pass 82
ℹ fail 0
ℹ cancelled 0
ℹ skipped 0
ℹ todo 0
ℹ duration_ms 96604.6738
layout-check PASS: 79 source files, 0 finding(s), 1 exception(s) used
{"stage":"layout","exitCode":0,"sourceDrift":[],"record":"C:\\Users\\Joker-PC\\Documents\\Projects\\Bot-AI-Ban-hang-FB\\BotSalesAI_Frontend\\evidence\\frontend-toolbar-20261008\\runs\\toolbar-1791449664671-59904\\layout-record.json"}
