{
  "result": "PASS",
  "scenarios": [
    {
      "id": "products-desktop",
      "route": "/s/shop-demo/products",
      "result": "PASS",
      "browserZoom": {
        "startingZoom": 1,
        "before": 1,
        "requested": 2,
        "reported": 2,
        "tabUrl": "http://127.0.0.1:61659/s/shop-demo/products"
      },
      "renderedAfterZoom": {
        "cssViewport": {
          "width": 640,
          "height": 360
        },
        "devicePixelRatio": 2,
        "documentWidth": 640
      },
      "issues": [],
      "pageErrors": []
    },
    {
      "id": "inventory",
      "route": "/s/shop-demo/inventory",
      "result": "PASS",
      "browserZoom": {
        "startingZoom": 2,
        "before": 1,
        "requested": 2,
        "reported": 2,
        "tabUrl": "http://127.0.0.1:61659/s/shop-demo/inventory"
      },
      "renderedAfterZoom": {
        "cssViewport": {
          "width": 640,
          "height": 360
        },
        "devicePixelRatio": 2,
        "documentWidth": 635
      },
      "issues": [],
      "pageErrors": []
    },
    {
      "id": "movements",
      "route": "/s/shop-demo/inventory/movements",
      "result": "PASS",
      "browserZoom": {
        "startingZoom": 2,
        "before": 1,
        "requested": 2,
        "reported": 2,
        "tabUrl": "http://127.0.0.1:61659/s/shop-demo/inventory/movements"
      },
      "renderedAfterZoom": {
        "cssViewport": {
          "width": 640,
          "height": 360
        },
        "devicePixelRatio": 2,
        "documentWidth": 635
      },
      "issues": [],
      "pageErrors": []
    }
  ],
  "evidence": "evidence\\frontend-toolbar-20261008\\actual-browser-zoom-200-current-toolbar-native-stable-20261008.json"
}
