FE005.S01 current canonical Frontend contract crosswalk
executedAt=2026-10-08T09:10:33.381Z
HEAD=53c0ba8f413b1f1e0fa16a747ed27f728b861dd6 plus current working-tree source
registeredCommand=set PATH=C:\Windows\System32;C:\Program Files\nodejs;%PATH% && npm.cmd --script-shell=cmd.exe run test:source
cwd=C:\Users\Joker-PC\Documents\Projects\Bot-AI-Ban-hang-FB\BotSalesAI_Frontend
sourceCommandExit=0; sourceChecker=PASS; sourceFiles=71; operationCalls=222; routes=54
crosswalk=C:\Users\Joker-PC\Documents\Projects\Bot-AI-Ban-hang-FB\BotSalesAI_Frontend\evidence\frontend-toolbar-20261008\S01-contract-crosswalk-current-20261008.json; sha256=ab3b7a3e442022f76eea61300c86e67da40d758634f2dcb849a52453e9db7a0c
OpenAPI=210 operations/283 schemas; routes=54; permissions=53; eventTypes=22
Frontend=71 TS/TSX source files/222 API calls/186 unique operationIds; unresolved=0; DTO checks=8/8
source-check evidence original/restored sha256=c1e83fa40773bcd080e6c87675a8295bd8a421390625d20744d775e2c82049f2/c1e83fa40773bcd080e6c87675a8295bd8a421390625d20744d775e2c82049f2; byte-for-byte=true
No canonical contracts, generated outputs, product implementation, or backend were modified/executed.
checksTotal=8; failed=0
CHECK PASS: OpenAPI, operation index, and generated operation registry IDs/methods/paths/permissions agree
CHECK PASS: all current Frontend literal operation call sites and route operation/permission references resolve
CHECK PASS: all JSX permission literals resolve to the canonical permission catalog
CHECK PASS: canonical route, generated route, permission, and schema artifacts have matching identifiers
CHECK PASS: Id/Money and representative optional-versus-nullable DTO fields match canonical OpenAPI schemas
CHECK PASS: event names and required envelope fields were inventoried from canonical events.schema.json
CHECK PASS: known service-case and finance contract limits were confirmed without inventing an endpoint or query default
CHECK PASS: registered source checker and its tests exit 0; prior source-check report restored byte-for-byte
sourceSnapshotSha256=36bde1a28c6677564518c31b9324419d45ec89fd6f37d1f209e35ac36bfa15d5
SOURCE apps/web/package.json sha256=1f57a81cd2012b0f73f735ca0af9802454ccdc301610033181701bfd4e4d878a
SOURCE apps/web/public/manifest.webmanifest sha256=ea8e42e73426d3a399074bda5bc722b60955b8bb93d3be1d32425882fbb6ca53
SOURCE apps/web/src/app/CommandRecovery.tsx sha256=79b0d4e7044cde5a64ae0cabb0af879ac99dabf5145a41fe6e86a6426b21f7ac
SOURCE apps/web/src/app/dirty-drafts.ts sha256=3fe77d4a7c65a176fe0ce52124338fbb135dea08c8477292a7b27d7aae5fba13
SOURCE apps/web/src/app/feedback.tsx sha256=449b8f38b670784f4b99c91b007ca6a90949b6dab1acc69fd8f93a22e11b2a22
SOURCE apps/web/src/app/i18n.ts sha256=535228df84e97dc5e4369880a4499c93f31fbae34057726fb48d5a35f7ca2340
SOURCE apps/web/src/app/locales/vi/customers.ts sha256=94a1b204b882ce2f87da801327f731842b8c6954f1d77820b10a8d230f592159
SOURCE apps/web/src/app/locales/vi/knowledge.ts sha256=a186bda01f5f1ff24e37a8398d090e301b6af44f90487553929c459059b460c9
SOURCE apps/web/src/app/navigation.ts sha256=96460ac494f79748758c7b7bbfb4bbbfd0764aa77b47a4b2ac11e237f459f0b7
SOURCE apps/web/src/app/router.tsx sha256=24f585969d7fb0713a0e9b30f3da57d8454fb1c54cb434e16cc9fd074c2cecd4
SOURCE apps/web/src/app/ScopeEvents.tsx sha256=cfea6704a8f8a08ca735700ae3aef4444dd40d8b6a8fb121d06cbab60085c0aa
SOURCE apps/web/src/app/SessionProvider.tsx sha256=13a7556aca5e858b0e0004fe454234b07889751459562ac985497e9eb520641e
SOURCE apps/web/src/app/Shell.tsx sha256=14d33f33d3cc1328e8739af23cc76eca319707a91b617b1467367a0a2571cbfb
SOURCE apps/web/src/main.tsx sha256=2fbb13874110b3e6fc3f5583d36fc50a409f3dd5e28d7946f8b5b61c946d6bbb
SOURCE apps/web/src/mocks/auxiliary.ts sha256=3bbda57ab9828a03264b90aa67e388c55da2605254b7c76f59b4a2d36b42928c
SOURCE apps/web/src/mocks/browser.ts sha256=3786d71b2b665490a116bc0671c5e2494e57e87677e132e8cce1fa80cd5860ee
SOURCE apps/web/src/mocks/catalog.ts sha256=48a5a4d2bc413310d92d4c57a3714dcb800e812d75d4cbf6e2ba3ead6efa1e56
SOURCE apps/web/src/mocks/control.ts sha256=2e9d304efb5187f629eb145ae1428a86a59505dd388556c5d4177408ebebb541
SOURCE apps/web/src/mocks/database.ts sha256=093fb1e7cd79d3b25a07b5eb3d892163a45b01cd9cc823b25b8b49531c1cb25c
SOURCE apps/web/src/mocks/files.ts sha256=21ba6cdcf5668a5bd8db3bfb8b1ac55fe285be40207801d9068f0b29d7b06cbd
SOURCE apps/web/src/mocks/finance.ts sha256=c23c40cd46254f122efcb88dcd4d58cc55de7b8bb17b9688defe090f4d06e01d
SOURCE apps/web/src/mocks/fulfillment.ts sha256=0f320f9fd7125ebf622c07dd4cd5b78b7a1ca9eb4294ce956afcf49daa0bfa40
SOURCE apps/web/src/mocks/handlers.ts sha256=e66c5410cb59486a8cac78fe7d512740376b884f8fcae31941785a148d656608
SOURCE apps/web/src/mocks/marketing-fixture.ts sha256=e6ced9b2ce986ab457042e02acfa879c0a5d163626c3ece6b9a1a11e4a4726fb
SOURCE apps/web/src/mocks/orders.ts sha256=c154c72c10f0eea1495352cc73f18deae17cdcbea592902d5018fa8db8278ff4
SOURCE apps/web/src/mocks/procurement.ts sha256=3484d6aab444ff5dde85f4c225794c724444021a48e7427798f31d130ce50cc0
SOURCE apps/web/src/mocks/service.ts sha256=e9043a25b86f7ac07dea9d609593397ea9bc2b0faa945058c7ea4566f16ccd69
SOURCE apps/web/src/modules/bot/index.tsx sha256=92d2cd21fa6b74afaca61da769e0965db5ec46b110f21e5a6b7e21aeed9f3e70
SOURCE apps/web/src/modules/catalog/import-file.ts sha256=27c5b75075cdd099577f17678f614998afbe95d8a2b2e7c843fa421792dd988f
SOURCE apps/web/src/modules/catalog/imports.tsx sha256=daccdc34d666987ed8e07f4ddeb6f83bfa8731d0d99e93c5e7fc12461ec669da
SOURCE apps/web/src/modules/catalog/index.tsx sha256=78fe9ffcadf0282bda479e285f799473ab7a0357dafeeff00a07291525d71712
SOURCE apps/web/src/modules/customers/index.tsx sha256=a43b3c48e256624b32aa66bc03ba3fc65e09661dec5827eb55ab4b468a87a388
SOURCE apps/web/src/modules/dashboard/index.tsx sha256=a0c0e09070e25ed627c67846bb25e142e053bc9ec797825c7b7b6a2b804b6bef
SOURCE apps/web/src/modules/finance/demo-account-preview.ts sha256=4d24b168d57eaa1951d6b1f018e25a86c4ea0fe03cc933a57b41a2fa4a077a60
SOURCE apps/web/src/modules/finance/index.tsx sha256=c292431530f44dcc005ac6662497f368f6c648260b1bda1dd985d88a09bb0a65
SOURCE apps/web/src/modules/finance/report-explanations.ts sha256=39f06fd30ba8c7e913d4ec77327044b2042978a910ca0486a56487459a990020
SOURCE apps/web/src/modules/fulfillment/index.tsx sha256=d013702152756553b663eab4ef4f70271cc1806cdf1622bedef51d02b4a2374b
SOURCE apps/web/src/modules/inbox/conversation-components.tsx sha256=efde881b00dbb60978017f8394e939fe547403600d85eff6b38e37fe5ca1b848
SOURCE apps/web/src/modules/inbox/index.tsx sha256=f1c52d58f9e0fc85dcbcfd206841e4eaac3a58350bb2295fb04d7f2d1e0b3e6b
SOURCE apps/web/src/modules/integrations/index.tsx sha256=1a2011b16665df078cec13aaf75a198f19c4af9533b9812045242194171b556f
SOURCE apps/web/src/modules/inventory/index.tsx sha256=6d62daee4da307c8a6063db31d2524e12fab8626782771a2ce8e0f2720d56ffd
SOURCE apps/web/src/modules/knowledge/index.tsx sha256=acf06edc7f2d4fc847bf7bc63d2a84f643a04e34d571ab1f5189603f793535a5
SOURCE apps/web/src/modules/notifications/index.tsx sha256=27e33c89ae73c93c7f20252539f8e92a49cf26c8c5e206f0e74c1c35cfe9239f
SOURCE apps/web/src/modules/notifications/push-capabilities.ts sha256=5afb7d25417142b10f9df582062ff0103b17e89514af11db2f6138093259ff0a
SOURCE apps/web/src/modules/operations/index.tsx sha256=2f668faf82d5241bdc2851c5159b7c43ef83f932bdbcef5b179b112344dc42a3
SOURCE apps/web/src/modules/orders/demo-address-preview.ts sha256=7b23d2cdcb129fafa138c39d1720e2e1bcffc3195519348fcd9a4598ad906d3a
SOURCE apps/web/src/modules/orders/index.tsx sha256=b84d655154133cbad9f54cefb7439b7c2aa152c9f2517c3366672dcc37ff3f1d
SOURCE apps/web/src/modules/procurement/index.tsx sha256=b97dcd2331f276a1a463a793e025f87b11ff0c6a8378b8de463de3261b7fe07f
SOURCE apps/web/src/modules/reports/index.tsx sha256=fd9f178af85314370f1eff5d38539b654e1d805ed42d13d3a0ff8b655bd37754
SOURCE apps/web/src/modules/reports/report-utils.ts sha256=d93b2d30c8584daee5f52aaba6cad7b7ae2ccde6f5d196509ad7362431ea6ed0
SOURCE apps/web/src/modules/workspace/index.tsx sha256=14bc610e406b356218efc2aaedd848e6caf10abf167aae2ff3ef67541c4b2c51
SOURCE apps/web/src/shared/api/client.ts sha256=14f723eb00cb9e7e5e244b440c1de7dfd534be499c991cf25288b5a7506c65ae
SOURCE apps/web/src/shared/api/client.type-contracts.ts sha256=7680d437fe4b70a66cda471dad6be05e6f9201c197377fad6798777ca20b9a5e
SOURCE apps/web/src/shared/api/errors.ts sha256=dacb2b086a75c4695f64ad4714c0cda0199b59e491e3293c8813c08c10f5b227
SOURCE apps/web/src/shared/api/event-invalidation.ts sha256=099f9459e47c239cb5db573262d47d7b757c520e9c3a659f4c7a8c04430ec0cd
SOURCE apps/web/src/shared/api/hooks.ts sha256=a2e4affeb1c25aa798766df58431e28a5ac6fcdccb98cbc72bef6a6ce854c213
SOURCE apps/web/src/shared/api/intents.ts sha256=3ac04111ea98ec3a7bb4f67f296764c966e6788a1000793d212b02244ab3912b
SOURCE apps/web/src/shared/api/validation.ts sha256=5dabe9985b9eb9dea4b67233713cf007a99d6fc55276bd3a285664977f58f1a1
SOURCE apps/web/src/shared/model/auth.ts sha256=7bc419f63be0e3ac3663843d137125c7e0d3dca843e7a3993526453066e6a8b4
SOURCE apps/web/src/shared/model/dirty-drafts.ts sha256=387b509645164ec4c1aaccdfa96e0b99329ff3ba83f7b28931a8ffb6de3be7a2
SOURCE apps/web/src/shared/model/download.ts sha256=ef286806094a71904be7da00b0a9c2fc2e21480ea84038fceec43df095674d1c
SOURCE apps/web/src/shared/model/filters.ts sha256=393d4f7cc77f4deca11a909ee79f809d76debdbd84e8a413271f9ceadfc29f8d
SOURCE apps/web/src/shared/model/format.ts sha256=9a7d546e64919fefa0e293b4c2869fdef8a13115b308e8aa6c4725b4e0ec4200
SOURCE apps/web/src/shared/model/labels.ts sha256=7115490eb33df2cdbc39f4ec7494b364965ca2756a36591f21b2d231bbeeacf2
SOURCE apps/web/src/shared/model/scope.tsx sha256=76a5d2b8c898c1429f2d1fe1b08f83983c0235a9fe035c731598e2e45b3cec22
SOURCE apps/web/src/shared/model/versioned-draft.ts sha256=2709b663ed7025ada096328573e30c530e9659389af1b548f2380ee764af794b
SOURCE apps/web/src/shared/ui/components.tsx sha256=6b874039515e9c9be4abcc8efe88ed00a979a4da6f05a1b1eb3eaa096a2965bf
SOURCE apps/web/src/shared/ui/composition.tsx sha256=15dde3bb9fef954a14c93b8f595d46c17d4502821c9a3095e91e72fd00ccee5b
SOURCE apps/web/src/shared/ui/draft-conflict.tsx sha256=5332f808b3bb81c901962bcdd678e6f37290c408033b1e552f9321d0a01ed809
SOURCE apps/web/src/shared/ui/layout.ts sha256=ac5cc9e11d5b5b22b1e95c6754bb1c9084a47fc53f25ac338c9d58c4c687ec5a
SOURCE apps/web/src/shared/ui/theme.ts sha256=953a3ca9df114d93395c0ec61f61d65230bf39440aad45a8b55f884e39669b04
SOURCE apps/web/src/shared/ui/visual.ts sha256=ed147658a55cdd9c011a81aba50870ecce3ae1c7e81e92c2b712740ea112c89d
SOURCE apps/web/src/vite-env.d.ts sha256=b170bc219541531edc57716a974c8e6c2aa8fa366b6d4cc672b032e8bf1fbbbc
SOURCE botsales-kit/contracts/events.schema.json sha256=7f2071f90cc925b4c32cb6d6de0ef99f8cc14b618c0e04224f024f3aa83c21ee
SOURCE botsales-kit/contracts/openapi.json sha256=d88a70957a9de36402ff5ac0cb757a2f1c496519c7e1fd2e28df17e867f78c7c
SOURCE botsales-kit/contracts/operation-index.json sha256=6927578fa9cad2799d1e4ab8c27b2ed010c4e83227c8576f5fb0802a37c37d99
SOURCE botsales-kit/contracts/permission-catalog.json sha256=58461beb5d4ad1a19107cdf01361e2a649a41dea611272d84ee79fcd376d55d1
SOURCE botsales-kit/contracts/route-manifest.json sha256=360871c008fac723cfc77dec79417838d24d4fae844452909eb347ec8893f2b2
SOURCE botsales-kit/docs/06_API_AND_REALTIME.md sha256=0ea1fddc67a9e1aa5de1865efa937a1d1e12a680236482a992ae1ec830997da5
SOURCE botsales-kit/docs/18_CODING_STANDARDS.md sha256=98e1f9e6b561264445ae2115289edffad35310d5161d58dc662eca7026547866
SOURCE botsales-kit/execution/frontend-command-map.json sha256=d6ae98e9030020488e3fa76b7ad0efc377a84c3f38469f9d612e01b52c82250b
SOURCE botsales-kit/execution/frontend-plan.json sha256=f0e54ec3cf455a14d79cdadfb4aa6e4ec6091c7a7d832251c83c958a8d4e3e4e
SOURCE docs/route-implementation.json sha256=6797c8d348acd73d90c1b7548f695e1289d2afc7fd2365c80cb3756f89e2db04
SOURCE evidence/frontend-toolbar-20261008/capture-contract-crosswalk.mjs sha256=4b6fedac1382602446a31cc758cc4f32cd2a974231222a2f63c35bd4a6a8f169
SOURCE evidence/frontend-toolbar-20261008/S01-contract-crosswalk-current-20261008.json sha256=ab3b7a3e442022f76eea61300c86e67da40d758634f2dcb849a52453e9db7a0c
SOURCE evidence/frontend-toolbar-20261008/S01-source-check-current-20261008.log sha256=d2d833e43f2173ef0f5e200810525a1140b514e77426bd6ebf9d830278d0f4db
SOURCE evidence/frontend-toolbar-20261008/S01-source-check-report-current-20261008.json sha256=b406d7b37cb7addb5f6905d0c52afffae7d6e802f2a6e96a4aa1bd43bcb91321
SOURCE package-lock.json sha256=a3c0bb3a4906f92a5f23d4e8a0b862769b71de9e7efc9a48601ae44282bc963a
SOURCE package.json sha256=3a7da11e60a8baf002ac749c49c24c134640ce8d412402caa86a16c1beb34138
SOURCE packages/contracts/src/generated.ts sha256=0d27c530b1122843a6f30c1493183cd7362ffd6219d28eacbff68c6cd0e2c709
SOURCE packages/contracts/src/index.ts sha256=bcc7e843b4ad0f8e5609e262fb9d0d1e9f1845bd88b6153e3a9ef63cf7fde2c7
SOURCE packages/contracts/src/operations.json sha256=1d386010f82335bebc55f4a2e35fdfa41279786139a1c9e6b7834f32683ffb88
SOURCE packages/contracts/src/permissions.json sha256=58461beb5d4ad1a19107cdf01361e2a649a41dea611272d84ee79fcd376d55d1
SOURCE packages/contracts/src/routes.json sha256=360871c008fac723cfc77dec79417838d24d4fae844452909eb347ec8893f2b2
SOURCE packages/contracts/src/schemas.json sha256=9b83f0a2059a6318e62a7583358499b284b69182666281a6094f20e5af372ec1
SOURCE scripts/check-source.mjs sha256=593b95de828d54edfd04e0dd847007a71d36175b7fe7b9bc1cb83bea88af6fd3
SOURCE scripts/source-policy.mjs sha256=254e9c4a86d2a01adb27c4eada9d03306c159dda684cdc5eb7162d073a804e3f
SOURCE scripts/tools.mjs sha256=df9bb454ec2a12f2cee7729187df9e244836132ff21c39e3b69767fc313db2ef
SOURCE tests/source-checker.test.mjs sha256=bdc53b8f7d154e9b4126d7f0b7670198c85a0686b9b616598b2583f195f9df7e

[registered source command output]

> botsales-frontend@0.1.0 test:source
> node scripts/check-source.mjs && node --test tests/source-checker.test.mjs

{
  "checkedAt": "2026-10-08T09:10:32.695Z",
  "scope": "Syntax, operation identifiers, route-source mapping, permissions and token adoption. NOT React typecheck, build or browser test.",
  "compiler": "5.9.2",
  "compilerSource": "project dependency",
  "files": 71,
  "operationCalls": 222,
  "routes": 54,
  "issues": [],
  "status": "PASS"
}
✔ module path classification accepts Windows and POSIX spellings, but excludes app files (1.0734ms)
✔ the source-checker CLI rejects a prohibited color literal in a module (181.7578ms)
✔ the source-checker CLI accepts a token-based module and leaves app-level colors outside the rule (160.1166ms)
ℹ tests 3
ℹ suites 0
ℹ pass 3
ℹ fail 0
ℹ cancelled 0
ℹ skipped 0
ℹ todo 0
ℹ duration_ms 403.4842

