
> botsales-frontend@0.1.0 test:layout
> node --test tests/layout-checker.test.mjs tests/ui-layout-binding-gates.test.mjs && node scripts/check-layout.mjs

✔ CSS label gap accepts the canonical direct pixel constructor and its exact owner/property (1103.9255ms)
✔ CSS label gap cannot be used as an unrelated spacing property (1024.7076ms)
✔ CSS label gap rejects a raw pixel constructor argument (987.1821ms)
✔ CSS label gap cannot impersonate a role from another owner (964.8879ms)
✔ accepts semantic bridge roles, the closed token-derived factor map, geometry, and reset values (952.3751ms)
✔ rejects a CSS spacing role without a declared shared owner (937.2926ms)
✔ rejects scale-conforming and off-scale literals in sx, responsive leaves, named and namespace MUI System props (937.6002ms)
✔ follows local aliases and style callbacks; rejects theme spacing helpers and preset overrides (947.1736ms)
✔ scans nested slotProps but does not confuse event handlers or geometric dimensions with spacing (937.2649ms)
✔ keeps Panel geometry inspectable and rejects spacing hidden in its geometry prop (2795.1983ms)
✔ accepts only an exact CSS exception and reports stale or mismatched exception scope (2786.1534ms)
✔ rejects malformed TypeScript, malformed CSS, bad exception schema, and raw values in the bridge (3904.0401ms)
✔ rejects canonical pixel tokens used as MUI factors and an altered bridge factor table (1944.6192ms)
✔ report mode inventories migration debt without turning findings into PASS (909.0336ms)
✔ canonical writes through casts and aliases fail outside style expressions (1240.5595ms)
✔ Object.assign cannot mutate canonical data but can copy to a fresh object (2075.1913ms)
✔ layout gate rejects raw spacing on const alias of MUI component (1033.5497ms)
✔ canonical mutation gate follows global mutator aliases and reflection (993.148ms)
✔ local mutator names do not acquire global mutation identity (971.1334ms)
✔ destructured mutators and call/apply retain canonical mutation checks (975.0196ms)
✔ global mutator call/apply can copy canonical values into fresh objects (971.7265ms)
✔ mutable aliases with possible canonical destinations fail closed (968.5888ms)
✔ opaque apply arguments fail closed while unrelated mutable data stays valid (1934.4619ms)
✔ canonical references inside containers and destructured aliases cannot be mutated (962.029ms)
✔ independent shallow copies of scalar canonical fields remain mutable (937.3934ms)
✔ array references and nested destructuring preserve canonical write provenance (987.5637ms)
✔ array destinations distinguish independent elements from canonical references (1037.5937ms)
✔ array destructuring, dynamic indices and spread cannot hide canonical references (1078.7351ms)
✔ dynamic indices and destructuring of independent arrays stay mutable (971.5758ms)
✔ function parameters cannot hide canonical mutation across source files (994.7647ms)
✔ read-only helpers and mutations of unrelated arguments remain valid (964.8185ms)
✔ returned canonical references remain protected across helper boundaries (989.2605ms)
✔ helper returns of fresh scalar copies do not retain canonical destination identity (951.5445ms)
✔ destructured object parameters cannot mutate canonical arguments (933.1818ms)
✔ destructured object parameters retain independent argument mutability (934.6261ms)
✔ default parameter and binding initializers cannot hide canonical mutations (936.9691ms)
✔ fresh default parameter and binding copies remain mutable (912.2896ms)
✔ rest parameters retain canonical argument write provenance (954.1823ms)
✔ rest parameters distinguish independent positions from canonical siblings (935.8326ms)
✔ finite spread arguments preserve shifted positional and rest destinations (946.8921ms)
✔ finite spread expansion keeps independent argument positions mutable (938.2763ms)
✔ opaque spreads keep positional mutation destinations unknown (925.2496ms)
✔ opaque spreads into read-only helpers do not invent mutation findings (940.9678ms)
✔ array parameter patterns retain canonical positions including nested object arrays (1038.4854ms)
✔ array parameter patterns retain independent bound element mutability (1034.6567ms)
✔ layout gate rejects parameter shadow of canonical layout name (1036.0849ms)
✔ layout gate follows genuine renamed styled factory (952.7802ms)
✔ layout gate accepts canonical namespace, element access and barrel alias (932.8583ms)
✔ layout gate does not mistake local component named Stack for MUI (918.3612ms)
✔ layout gate inspects renamed installed Emotion css tag (964.9015ms)
✔ layout gate preserves genuine aliased Controller field forwarding (941.0788ms)
✔ a same-named local Controller cannot exempt an unknown prop spread (955.5944ms)
✔ genuine useForm registration survives property and destructured aliases (922.0259ms)
✔ a function named register cannot exempt injected style props (922.9408ms)
✔ a bridge callback parameter cannot impersonate its private factor binding (949.8219ms)
✔ opaque namespace component selection remains a strict binding failure (922.2738ms)
✔ opaque namespace factory cannot hide style arguments (917.3893ms)
✔ MUI re-export cannot hide raw spacing behind a first-party barrel (943.3062ms)
✔ destructuring assignments cannot hide canonical write targets (1013.5701ms)
✔ destructuring assignments can update independent copied destinations (966.9183ms)
✔ object rest retains nested canonical references while copying the outer object (939.2042ms)
✔ rest scalar copies and replacement of container references stay mutable (927.6001ms)
✔ shallow object spread preserves canonical child references and last-writer order (911.9689ms)
✔ shallow spread with a later independent override stays mutable (916.6434ms)
✔ exported mutable aliases retain assignments from their declaring file (925.1919ms)
✔ exported independent mutable data does not acquire canonical provenance (899.047ms)
✔ literal computed keys retain canonical container and parameter provenance (964.6156ms)
✔ literal computed keys do not taint independent selected properties (924.8636ms)
✔ Object.assign shallow copies retain canonical nested reference provenance (923.8329ms)
✔ Object.assign later independent overrides and scalar copies stay mutable (919.5543ms)
✔ union and dynamic property selections retain possible canonical destinations (918.3042ms)
✔ finite union property selections exclude canonical siblings not in the key set (914.8761ms)
✔ union selection over Object.assign output retains canonical child provenance (965.0397ms)
✔ union selection over independent Object.assign output remains mutable (917.1752ms)
✔ Reflect.set call/apply checks the target argument rather than the assigned value (2815.6001ms)
✔ aliased React createElement checks MUI and native style objects (939.5292ms)
✔ GlobalStyles.styles is checked and local createElement names stay local (1939.9857ms)
✔ React JSX runtime factories cannot bypass MUI or native style checks (957.8509ms)
✔ React cloneElement checks the cloned MUI element and preserves native props (3637.0778ms)
✔ Emotion css props and object factories are inspected with native CSS semantics (2762.3085ms)
✔ Inline style elements in JSX, React factories, DOM and the HTML entry fail closed (7234.7051ms)
✔ DOM CSSOM spacing writes use semantic roles and reject opaque style strings (1843.7852ms)
✔ HTML parsing and runtime stylesheet mutation cannot bypass the imported CSS boundary (1828.8313ms)
✔ spacing shorthand values and responsive breakpoints preserve token and unit provenance (9183.9409ms)
✔ function return producers cannot hide canonical children behind spreads (933.9177ms)
✔ producer spreads keep later independent child overrides writable (904.6023ms)
ℹ tests 86
ℹ suites 0
ℹ pass 86
ℹ fail 0
ℹ cancelled 0
ℹ skipped 0
ℹ todo 0
ℹ duration_ms 94756.9497
layout-check PASS: 93 source files, 0 finding(s), 1 exception(s) used
