
> botsales-frontend@0.1.0 test:layout
> node --test tests/layout-checker.test.mjs tests/ui-layout-binding-gates.test.mjs && node scripts/check-layout.mjs

✔ CSS label gap accepts the canonical direct pixel constructor and its exact owner/property (1767.9238ms)
✔ CSS label gap cannot be used as an unrelated spacing property (1319.4609ms)
✔ CSS label gap rejects a raw pixel constructor argument (1238.7361ms)
✔ CSS label gap cannot impersonate a role from another owner (1397.3739ms)
✔ accepts semantic bridge roles, the closed token-derived factor map, geometry, and reset values (1233.9669ms)
✔ rejects a CSS spacing role without a declared shared owner (1129.8195ms)
✔ rejects scale-conforming and off-scale literals in sx, responsive leaves, named and namespace MUI System props (1065.2515ms)
✔ follows local aliases and style callbacks; rejects theme spacing helpers and preset overrides (1068.2859ms)
✔ scans nested slotProps but does not confuse event handlers or geometric dimensions with spacing (1002.8564ms)
✔ keeps Panel geometry inspectable and rejects spacing hidden in its geometry prop (3226.6691ms)
✔ accepts only an exact CSS exception and reports stale or mismatched exception scope (3032.6891ms)
✔ rejects malformed TypeScript, malformed CSS, bad exception schema, and raw values in the bridge (3983.3501ms)
✔ rejects canonical pixel tokens used as MUI factors and an altered bridge factor table (1997.5725ms)
✔ report mode inventories migration debt without turning findings into PASS (1026.8585ms)
✔ canonical writes through casts and aliases fail outside style expressions (1808.6109ms)
✔ Object.assign cannot mutate canonical data but can copy to a fresh object (2663.8861ms)
✔ layout gate rejects raw spacing on const alias of MUI component (1402.7297ms)
✔ canonical mutation gate follows global mutator aliases and reflection (1261.3526ms)
✔ local mutator names do not acquire global mutation identity (1079.886ms)
✔ destructured mutators and call/apply retain canonical mutation checks (1091.6392ms)
✔ global mutator call/apply can copy canonical values into fresh objects (1070.0133ms)
✔ mutable aliases with possible canonical destinations fail closed (1011.5331ms)
✔ opaque apply arguments fail closed while unrelated mutable data stays valid (2227.0237ms)
✔ canonical references inside containers and destructured aliases cannot be mutated (1090.1808ms)
✔ independent shallow copies of scalar canonical fields remain mutable (1050.8095ms)
✔ array references and nested destructuring preserve canonical write provenance (1060.3976ms)
✔ array destinations distinguish independent elements from canonical references (1054.9442ms)
✔ array destructuring, dynamic indices and spread cannot hide canonical references (1021.2099ms)
✔ dynamic indices and destructuring of independent arrays stay mutable (1056.4683ms)
✔ function parameters cannot hide canonical mutation across source files (1040.7242ms)
✔ read-only helpers and mutations of unrelated arguments remain valid (1031.8729ms)
✔ returned canonical references remain protected across helper boundaries (1047.2526ms)
✔ helper returns of fresh scalar copies do not retain canonical destination identity (1128.0881ms)
✔ destructured object parameters cannot mutate canonical arguments (1029.9575ms)
✔ destructured object parameters retain independent argument mutability (1032.2723ms)
✔ default parameter and binding initializers cannot hide canonical mutations (1048.7107ms)
✔ fresh default parameter and binding copies remain mutable (984.1094ms)
✔ rest parameters retain canonical argument write provenance (1011.4529ms)
✔ rest parameters distinguish independent positions from canonical siblings (1000.0695ms)
✔ finite spread arguments preserve shifted positional and rest destinations (971.8919ms)
✔ finite spread expansion keeps independent argument positions mutable (976.113ms)
✔ opaque spreads keep positional mutation destinations unknown (995.84ms)
✔ opaque spreads into read-only helpers do not invent mutation findings (1012.5505ms)
✔ array parameter patterns retain canonical positions including nested object arrays (1003.8158ms)
✔ array parameter patterns retain independent bound element mutability (966.884ms)
✔ layout gate rejects parameter shadow of canonical layout name (981.5897ms)
✔ layout gate follows genuine renamed styled factory (955.4977ms)
✔ layout gate accepts canonical namespace, element access and barrel alias (1016.7782ms)
✔ layout gate does not mistake local component named Stack for MUI (992.3449ms)
✔ layout gate inspects renamed installed Emotion css tag (986.2118ms)
✔ layout gate preserves genuine aliased Controller field forwarding (967.0592ms)
✔ a same-named local Controller cannot exempt an unknown prop spread (1072.7924ms)
✔ genuine useForm registration survives property and destructured aliases (1035.5304ms)
✔ a function named register cannot exempt injected style props (1021.5798ms)
✔ a bridge callback parameter cannot impersonate its private factor binding (1014.4115ms)
✔ opaque namespace component selection remains a strict binding failure (1025.8262ms)
✔ opaque namespace factory cannot hide style arguments (1031.0158ms)
✔ MUI re-export cannot hide raw spacing behind a first-party barrel (1040.7083ms)
✔ destructuring assignments cannot hide canonical write targets (996.0756ms)
✔ destructuring assignments can update independent copied destinations (991.451ms)
✔ object rest retains nested canonical references while copying the outer object (1007.7191ms)
✔ rest scalar copies and replacement of container references stay mutable (987.7609ms)
✔ shallow object spread preserves canonical child references and last-writer order (997.8379ms)
✔ shallow spread with a later independent override stays mutable (976.5167ms)
✔ exported mutable aliases retain assignments from their declaring file (982.8346ms)
✔ exported independent mutable data does not acquire canonical provenance (996.0089ms)
✔ literal computed keys retain canonical container and parameter provenance (981.677ms)
✔ literal computed keys do not taint independent selected properties (978.8067ms)
✔ Object.assign shallow copies retain canonical nested reference provenance (982.2711ms)
✔ Object.assign later independent overrides and scalar copies stay mutable (1024.2616ms)
✔ union and dynamic property selections retain possible canonical destinations (1000.5673ms)
✔ finite union property selections exclude canonical siblings not in the key set (995.1906ms)
✔ union selection over Object.assign output retains canonical child provenance (995.1489ms)
✔ union selection over independent Object.assign output remains mutable (971.3358ms)
✔ Reflect.set call/apply checks the target argument rather than the assigned value (3003.1848ms)
✔ aliased React createElement checks MUI and native style objects (956.6239ms)
✔ GlobalStyles.styles is checked and local createElement names stay local (2032.1802ms)
✔ React JSX runtime factories cannot bypass MUI or native style checks (982.6478ms)
✔ React cloneElement checks the cloned MUI element and preserves native props (3941.0417ms)
✔ Emotion css props and object factories are inspected with native CSS semantics (2931.5105ms)
✔ Inline style elements in JSX, React factories, DOM and the HTML entry fail closed (7984.7642ms)
✔ DOM CSSOM spacing writes use semantic roles and reject opaque style strings (1894.9739ms)
✔ HTML parsing and runtime stylesheet mutation cannot bypass the imported CSS boundary (1893.2899ms)
✔ spacing shorthand values and responsive breakpoints preserve token and unit provenance (9448.498ms)
✔ function return producers cannot hide canonical children behind spreads (922.6276ms)
✔ producer spreads keep later independent child overrides writable (931.7586ms)
ℹ tests 86
ℹ suites 0
ℹ pass 86
ℹ fail 0
ℹ cancelled 0
ℹ skipped 0
ℹ todo 0
ℹ duration_ms 102254.7184
layout-check PASS: 79 source files, 0 finding(s), 1 exception(s) used
