FE019.S01 documentation-only source freshness review
reviewedAt=2026-10-07T21:57:37.718Z
reviewCommand=node botsales-kit/execution/frontend-evidence/FE028/refresh-doc-only-receipts-current-20261008.mjs
cwd=C:\Users\Joker-PC\Documents\Projects\Bot-AI-Ban-hang-FB
reviewExitCode=0
originalEvidence=execution/frontend-evidence/FE019/S01-current-20261008.json
originalEvidenceSha256=5881332bff279d687dba4c7c26c073425a2989dbe751ead8ae31441dbaa22881
originalExecutionAt=2026-10-07T20:24:15.773Z
originalCommand=set PATH=C:\Windows\System32;C:\Program Files\nodejs;%PATH% && npm.cmd --script-shell=cmd.exe run test:source
originalLog=execution/frontend-evidence/FE019/S01-current-20261008.log
originalLogSha256=ac706967b0845247d61d816ff4c5be384637a5f475e803a7ef6a6a63152fcc97
changedDocumentationSources=docs/KNOWN_GAPS.md,docs/PROJECT_CONTEXT.md
runtimeTestsRerun=false; original execution result and log are preserved. Only approved documentation/source hashes were refreshed.
scope=FRONTEND_WITH_SYNTHETIC_MOCK_API
sourceSnapshotSha256=0c183c1e2c3c4d9245bf355470bd515737be05fc6b122897f03c822474ae9c54
SOURCE AGENTS.md sha256=07bc3fc2998c25cf702b325e71e3eb970df019d5184c2bbd7cc11fb676089222
SOURCE AI_RULES.md sha256=1662406d9ac9e63646130516ad6811934b2bd7f0a6b7d240403749200777f9e3
SOURCE apps/web/src/app/router.tsx sha256=24f585969d7fb0713a0e9b30f3da57d8454fb1c54cb434e16cc9fd074c2cecd4
SOURCE apps/web/src/mocks/auxiliary.ts sha256=3bbda57ab9828a03264b90aa67e388c55da2605254b7c76f59b4a2d36b42928c
SOURCE apps/web/src/mocks/database.ts sha256=093fb1e7cd79d3b25a07b5eb3d892163a45b01cd9cc823b25b8b49531c1cb25c
SOURCE apps/web/src/mocks/seed.json sha256=fa115cadbe18a035602d1fe1acffe9714b0eaf99354927f99823bf8b6c3d744d
SOURCE apps/web/src/mocks/service.ts sha256=e9043a25b86f7ac07dea9d609593397ea9bc2b0faa945058c7ea4566f16ccd69
SOURCE apps/web/src/modules/integrations/index.tsx sha256=21c786a8280031a029af35e434f7f755b6c81acbab59ca3098d87028aab7aa65
SOURCE apps/web/src/modules/notifications/index.tsx sha256=f3c4f450a411703bf605153eee7a9bb3f555882b276b191cd15ce1df26b8dd7d
SOURCE apps/web/src/modules/notifications/push-capabilities.ts sha256=5afb7d25417142b10f9df582062ff0103b17e89514af11db2f6138093259ff0a
SOURCE apps/web/src/shared/api/client.ts sha256=8e11a4b16a7f6e5213feaa54a7c0236177a18325f7fe9f696679d36b771cc2c4
SOURCE apps/web/src/shared/api/hooks.ts sha256=05ee735f2522545eb4c67f8e8e7ab7f2104d0ae61db5b5fb1db65898cf6549c1
SOURCE apps/web/src/shared/model/auth.ts sha256=7bc419f63be0e3ac3663843d137125c7e0d3dca843e7a3993526453066e6a8b4
SOURCE apps/web/src/shared/ui/components.tsx sha256=0ca6abdb42fa7f8246e0309042719aadd9d71c194e2e3dd5e6245889ad5002a5
SOURCE botsales-kit/AGENTS.md sha256=eebc9cc5f02e76190193a4be3aa9c3526490da9eecacfcbdffe5f8929d40a488
SOURCE botsales-kit/contracts/feature-catalog.json sha256=7c08400704112767224a27c7b1ffb3a81154f94045ae6b8ab0f9e9a68212b37d
SOURCE botsales-kit/contracts/openapi.json sha256=d88a70957a9de36402ff5ac0cb757a2f1c496519c7e1fd2e28df17e867f78c7c
SOURCE botsales-kit/contracts/permission-catalog.json sha256=58461beb5d4ad1a19107cdf01361e2a649a41dea611272d84ee79fcd376d55d1
SOURCE botsales-kit/contracts/route-manifest.json sha256=360871c008fac723cfc77dec79417838d24d4fae844452909eb347ec8893f2b2
SOURCE botsales-kit/docs/02_ARCHITECTURE.md sha256=8fd3805498d179f638ac0256af5ea61bfb9cd0a39db2108e3fcb670b44a49a04
SOURCE botsales-kit/docs/06_API_AND_REALTIME.md sha256=0ea1fddc67a9e1aa5de1865efa937a1d1e12a680236482a992ae1ec830997da5
SOURCE botsales-kit/docs/08_SECURITY_TENANCY_RBAC.md sha256=ee0c6fc7c44a1907c150b9b30e1f14de324a3a8cae68b3e7eeffd51a4a37cf00
SOURCE botsales-kit/docs/21_NOTIFICATIONS.md sha256=2f02b69e8ad618852aa32956554055482ec652c9761478f72f0e6562d6340862
SOURCE botsales-kit/execution/frontend-command-map.json sha256=48cf675d36b3c99d5fe6147a08531a1e1aecd1ee5e6136b62d787dd833d98744
SOURCE botsales-kit/execution/frontend-evidence/FE001/S03-e2e-current-source-session-20261008.log sha256=2e621efe0dda03a7d1c3657cc81fac8a74163967e139645f316e592c60470cc7
SOURCE botsales-kit/execution/frontend-evidence/FE001/S03-full-verify-powershell-current-20261008.log sha256=6a495a18b618c1a01b7df5f2c1fb23bd4afc3d12d357cbab31b95cc999cd15f3
SOURCE botsales-kit/execution/frontend-evidence/FE005/S01-source-check-current-20261008.log sha256=578aefd4a2ac07ec6f4c8dbe499740b107eee91f49aeb6e05a9b9dfdbb5fd5b5
SOURCE botsales-kit/execution/frontend-evidence/FE005/S01-source-check-report-current-20261008.json sha256=a43bb927700adf66cd1a70feee5ae93160e909c5b486f122e483d5e8eadfd681
SOURCE botsales-kit/execution/frontend-evidence/FE012/S01-source-maps-current-20261008.log sha256=b296b478e5c839ae34ac5034fa102311dee38f27487a78a8e4b5951167fd2051
SOURCE botsales-kit/execution/frontend-evidence/FE019/S01-contract-source-map-current-20261004.mjs sha256=54bc8b29a61beb2a4bddb696feabbc76781333cb7e68ccd0a1c61b1bb1c64e11
SOURCE botsales-kit/execution/frontend-evidence/FE019/S01-route-operation-map-current-20261008.md sha256=98362ca9f14dd660d3aa05c1c6929ab5dca7ee362b526384bebafeab23118915
SOURCE botsales-kit/execution/frontend-evidence/FE019/S01-source-map-focused-current-20261008.log sha256=4ea1f55b78fc953979546e4006ab6b23b17caa53e20b0d826d308d927f2bc267
SOURCE botsales-kit/execution/frontend-evidence/FE019/S05-e2e-focused-current-20261008.log sha256=8203e0fcd1f5cfcaca9f936b9ecd905882a245d3f5a2e5ee2b1fdc0ca08bee2b
SOURCE botsales-kit/execution/frontend-evidence/FE019/capture-current-evidence-20261008.mjs sha256=a75c334a55d1af269d1901dbe02b86128ae05f20ab3c9cfb53bbae711f08b02a
SOURCE botsales-kit/execution/frontend-plan.json sha256=f0e54ec3cf455a14d79cdadfb4aa6e4ec6091c7a7d832251c83c958a8d4e3e4e
SOURCE docs/FRONTEND_SCOPE.md sha256=959a06ef9efb2c1ca4fceea921842f43c93fdf4f8d3ba3b67eb38dc61ccd5fab
SOURCE docs/KNOWN_GAPS.md sha256=497d5239577de2b1daaf3a1a1aec1eaea678955289fa6a7562fa06890f4e9ddc
SOURCE docs/PROJECT_CONTEXT.md sha256=a39c707a80df486f7f4ad7c69c03847ac0b650331e54b13853431a9ac4f6b71e
SOURCE evidence/source-check.json sha256=d9838246d835881469cfc23f5f72aef49cc9343f2a2f25bc845ae1fc10f7f3c1
SOURCE package-lock.json sha256=a3c0bb3a4906f92a5f23d4e8a0b862769b71de9e7efc9a48601ae44282bc963a
SOURCE package.json sha256=3a7da11e60a8baf002ac749c49c24c134640ce8d412402caa86a16c1beb34138
SOURCE packages/contracts/src/operations.json sha256=1d386010f82335bebc55f4a2e35fdfa41279786139a1c9e6b7834f32683ffb88
SOURCE packages/contracts/src/permissions.json sha256=58461beb5d4ad1a19107cdf01361e2a649a41dea611272d84ee79fcd376d55d1
SOURCE packages/contracts/src/routes.json sha256=360871c008fac723cfc77dec79417838d24d4fae844452909eb347ec8893f2b2
SOURCE packages/contracts/src/schemas.json sha256=9b83f0a2059a6318e62a7583358499b284b69182666281a6094f20e5af372ec1
SOURCE playwright.config.ts sha256=4036de67df0e8b32b5478d16f50ed93896367979141deec70ef2743d5abe219e
SOURCE scripts/run-e2e.mjs sha256=b8c35919ce16fc05701ff9de544ba1e737bfa249c1a9e844fdb30e7231a09891
SOURCE scripts/test-domain.mjs sha256=6fad16d1450fa44011c63a022c023d3271cf33fa6a257f0437f6c7318d027a9a
SOURCE tests/accessibility/routes.spec.ts sha256=9ec199807f025335a2ff6ea90f69cea6a737adfbf5311abedf7bbf4f9766577c
SOURCE tests/domain-scenarios.cjs sha256=ac65e916a6433de60f96292ac03381b625aece42a04f6ac37085eb1243766245
SOURCE tests/fe019.spec.ts sha256=3165aa76a09669914518aba9462af3afdab524924f3764dbaf15acc29f193b3c
SOURCE tests/fixtures/mock-network.mjs sha256=a074b777328e7aae5d81f6f2b60ea0653c674fcd80b1c146820e94daffdad6e6
SOURCE tests/security.spec.ts sha256=dbd94885111164222eb11742350d57991379910bc0d31203097448a427c234a4
