✔ P10/P15 catch alias and neutral-wrapper duplicate insets through fragments and conditionals (509.8433ms)
✔ P20 resolves shared composition identities through a barrel and const component aliases (356.4977ms)
✔ P11/P13 catch static element access roles on every MUI surface, including Paper (314.6125ms)
✔ P12 checks React createElement and JSX-runtime element factories (295.4258ms)
✔ P14 resolves bodyMode literal aliases and fails closed when ownership is unknown (887.5036ms)
✔ checks Panel ancestry when React elements are created natively (292.4828ms)
✔ keeps independent nested surfaces and portaled dialogs as separate owners (572.774ms)
✔ accepts finite bodyMode branches and every mode in the public component contracts (817.3598ms)
✔ stops inherited gap ownership at Panels and independent bordered surfaces (540.0562ms)
✔ tracks gaps through fragments, conditions and ready QueryState, but not inside DOM wrappers (277.3991ms)
✔ applies the same finite modes and wrapper boundaries to native React factories (534.6622ms)
✔ recognizes native outlined Paper and nested Box surface inset boundaries (548.4145ms)
✔ fails closed when an unresolved custom wrapper obscures a semantic gap owner (259.0925ms)
✔ rejects unsupported placement and rhythm values while accepting finite aliases and branches (545.7455ms)
✔ rejects unsupported finite values through React element factories (564.0253ms)
✔ accepts semantic composition, closed geometry and business-specific MUI primitives (6.9613ms)
✔ rejects rebuilding each shared spacing owner at a consumer (2.3656ms)
✔ follows aliases, local style variables, object spreads and namespace imports (1.0181ms)
✔ rejects direct and spread spacing overrides on semantic components (0.6247ms)
✔ rejects spacing or opaque spreads hidden in geometry (0.2865ms)
✔ allows the canonical owner implementation and fails closed on malformed source (1.0623ms)
✔ rejects duplicated parent boundary and duplicated Panel inset (0.7894ms)
✔ checks default MUI imports and fails closed for opaque geometry (0.5341ms)
✔ distinguishes content grids from flex flows when reporting the shared owner (0.3544ms)
✔ rejects page spacing for paired fields and peer Panels without a section gap owner (1.8886ms)
✔ related sibling gaps belong to ActionGroup comfortable density, not consumer Stack styles (0.6455ms)
✔ the shared catalog covers every public React component and supporting Column type (39.8936ms)
✔ every public React API has a direct rendered contract test (1.3187ms)
✔ catalog declaration lines and stated JSX counts match resolved source symbols (25.6164ms)
✔ every shared React export has a resolved production consumer or an explicit zero-use lifecycle decision (22.4307ms)
✔ required UI evidence and regression gates remain wired to root verify and the active parent workflow (0.9459ms)
✔ composition prop allowlists match the TypeScript owners exactly (0.3432ms)
✔ QueryState uses only the approved inline and section pending profiles (0.381ms)
✔ QueryState consumers reserve section loading for primary content and keep every other state inline by default (20.7588ms)
✔ body modes, placement roles and geometry keys match the TypeScript contracts (1.0886ms)
✔ Panel geometry and DataTable columns remain closed public contracts (5.0077ms)
✔ shared component and composition props expose no arbitrary layout/style escape hatch (0.2075ms)
✔ layout role types, runtime values, consumers and ownership documentation stay closed (2293.3883ms)
ℹ tests 38
ℹ suites 0
ℹ pass 38
ℹ fail 0
ℹ cancelled 0
ℹ skipped 0
ℹ todo 0
ℹ duration_ms 7815.3079
