
> botsales-frontend@0.1.0 test:layout
> node --test tests/layout-checker.test.mjs tests/ui-layout-binding-gates.test.mjs && node scripts/check-layout.mjs

✔ accepts semantic bridge roles, the closed token-derived factor map, geometry, and reset values (959.2815ms)
✔ rejects a CSS spacing role without a declared shared owner (1031.5527ms)
✔ rejects scale-conforming and off-scale literals in sx, responsive leaves, named and namespace MUI System props (1031.5844ms)
✔ follows local aliases and style callbacks; rejects theme spacing helpers and preset overrides (1032.3791ms)
✔ scans nested slotProps but does not confuse event handlers or geometric dimensions with spacing (978.2738ms)
✔ keeps Panel geometry inspectable and rejects spacing hidden in its geometry prop (2944.7012ms)
✔ accepts only an exact CSS exception and reports stale or mismatched exception scope (4622.3806ms)
✔ rejects malformed TypeScript, malformed CSS, bad exception schema, and raw values in the bridge (6415.1833ms)
✔ rejects canonical pixel tokens used as MUI factors and an altered bridge factor table (3229.3016ms)
✔ report mode inventories migration debt without turning findings into PASS (1677.777ms)
✔ canonical writes through casts and aliases fail outside style expressions (1026.9579ms)
✔ Object.assign cannot mutate canonical data but can copy to a fresh object (2102.2078ms)
✔ layout gate rejects raw spacing on const alias of MUI component (1063.562ms)
✔ canonical mutation gate follows global mutator aliases and reflection (1030.3168ms)
✔ local mutator names do not acquire global mutation identity (1021.2323ms)
✔ destructured mutators and call/apply retain canonical mutation checks (1021.3071ms)
✔ global mutator call/apply can copy canonical values into fresh objects (1116.4507ms)
✔ mutable aliases with possible canonical destinations fail closed (1722.5647ms)
✔ opaque apply arguments fail closed while unrelated mutable data stays valid (3689.4512ms)
✔ canonical references inside containers and destructured aliases cannot be mutated (1659.5624ms)
✔ independent shallow copies of scalar canonical fields remain mutable (1726.7354ms)
✔ array references and nested destructuring preserve canonical write provenance (1650.4575ms)
✔ array destinations distinguish independent elements from canonical references (1528.9302ms)
✔ array destructuring, dynamic indices and spread cannot hide canonical references (1808.9291ms)
✔ dynamic indices and destructuring of independent arrays stay mutable (1605.0673ms)
✔ function parameters cannot hide canonical mutation across source files (1560.1333ms)
✔ read-only helpers and mutations of unrelated arguments remain valid (1558.2877ms)
✔ returned canonical references remain protected across helper boundaries (1700.4373ms)
✔ helper returns of fresh scalar copies do not retain canonical destination identity (1685.2836ms)
✔ destructured object parameters cannot mutate canonical arguments (1713.7436ms)
✔ destructured object parameters retain independent argument mutability (1567.3017ms)
✔ default parameter and binding initializers cannot hide canonical mutations (1849.0969ms)
✔ fresh default parameter and binding copies remain mutable (1577.9253ms)
✔ rest parameters retain canonical argument write provenance (1547.4077ms)
✔ rest parameters distinguish independent positions from canonical siblings (1544.6454ms)
✔ finite spread arguments preserve shifted positional and rest destinations (1571.1523ms)
✔ finite spread expansion keeps independent argument positions mutable (1595.7249ms)
✔ opaque spreads keep positional mutation destinations unknown (1724.1137ms)
✔ opaque spreads into read-only helpers do not invent mutation findings (1686.7234ms)
✔ array parameter patterns retain canonical positions including nested object arrays (1374.2748ms)
✔ array parameter patterns retain independent bound element mutability (1114.9784ms)
✔ layout gate rejects parameter shadow of canonical layout name (1081.9478ms)
✔ layout gate follows genuine renamed styled factory (1048.2664ms)
✔ layout gate accepts canonical namespace, element access and barrel alias (1041.3057ms)
✔ layout gate does not mistake local component named Stack for MUI (1034.9417ms)
✔ layout gate inspects renamed installed Emotion css tag (1021.5099ms)
✔ layout gate preserves genuine aliased Controller field forwarding (1021.5011ms)
✔ a same-named local Controller cannot exempt an unknown prop spread (1033.498ms)
✔ genuine useForm registration survives property and destructured aliases (1016.4348ms)
✔ a function named register cannot exempt injected style props (1021.527ms)
✔ a bridge callback parameter cannot impersonate its private factor binding (1010.1192ms)
✔ opaque namespace component selection remains a strict binding failure (1014.5823ms)
✔ opaque namespace factory cannot hide style arguments (1026.4766ms)
✔ MUI re-export cannot hide raw spacing behind a first-party barrel (1007.7255ms)
✔ destructuring assignments cannot hide canonical write targets (1028.1395ms)
✔ destructuring assignments can update independent copied destinations (997.5894ms)
✔ object rest retains nested canonical references while copying the outer object (1006.1227ms)
✔ rest scalar copies and replacement of container references stay mutable (1003.6153ms)
✔ shallow object spread preserves canonical child references and last-writer order (1003.2798ms)
✔ shallow spread with a later independent override stays mutable (999.0562ms)
✔ exported mutable aliases retain assignments from their declaring file (1039.3655ms)
✔ exported independent mutable data does not acquire canonical provenance (981.4189ms)
✔ literal computed keys retain canonical container and parameter provenance (995.452ms)
✔ literal computed keys do not taint independent selected properties (975.6953ms)
✔ Object.assign shallow copies retain canonical nested reference provenance (961.5429ms)
✔ Object.assign later independent overrides and scalar copies stay mutable (998.0306ms)
✔ union and dynamic property selections retain possible canonical destinations (981.3572ms)
✔ finite union property selections exclude canonical siblings not in the key set (1000.496ms)
✔ union selection over Object.assign output retains canonical child provenance (995.4595ms)
✔ union selection over independent Object.assign output remains mutable (993.9759ms)
✔ Reflect.set call/apply checks the target argument rather than the assigned value (2947.2883ms)
✔ aliased React createElement checks MUI and native style objects (970.7496ms)
✔ GlobalStyles.styles is checked and local createElement names stay local (1953.2476ms)
✔ React JSX runtime factories cannot bypass MUI or native style checks (984.0115ms)
✔ React cloneElement checks the cloned MUI element and preserves native props (3899.664ms)
✔ Emotion css props and object factories are inspected with native CSS semantics (2995.4306ms)
✔ Inline style elements in JSX, React factories, DOM and the HTML entry fail closed (7678.8254ms)
✔ DOM CSSOM spacing writes use semantic roles and reject opaque style strings (1956.7847ms)
✔ HTML parsing and runtime stylesheet mutation cannot bypass the imported CSS boundary (1970.9117ms)
✔ spacing shorthand values and responsive breakpoints preserve token and unit provenance (9693.6335ms)
✔ function return producers cannot hide canonical children behind spreads (953.4934ms)
✔ producer spreads keep later independent child overrides writable (942.2394ms)
ℹ tests 82
ℹ suites 0
ℹ pass 82
ℹ fail 0
ℹ cancelled 0
ℹ skipped 0
ℹ todo 0
ℹ duration_ms 115507.8633
layout-check PASS: 79 source files, 0 finding(s), 1 exception(s) used
