
> botsales-frontend@0.1.0 verify
> npm run generate:check && npm run test:source && npm run boundaries && npm run lint && npm run typecheck && npm run test:domain && npm test && npm run build


> botsales-frontend@0.1.0 generate:check
> node scripts/generate.mjs --check

{"status":"PASS","outputs":11,"schemas":283,"operations":210,"routes":54}

> botsales-frontend@0.1.0 test:source
> node scripts/check-source.mjs && node --test tests/source-checker.test.mjs

{
  "checkedAt": "2026-10-02T10:36:13.858Z",
  "scope": "Syntax, operation identifiers, route-source mapping, permissions and token adoption. NOT React typecheck, build or browser test.",
  "compiler": "5.9.2",
  "compilerSource": "project dependency",
  "files": 62,
  "operationCalls": 227,
  "routes": 54,
  "issues": [],
  "status": "PASS"
}
✔ module path classification accepts Windows and POSIX spellings, but excludes app files (0.9099ms)
✔ the source-checker CLI rejects a prohibited color literal in a module (158.4434ms)
✔ the source-checker CLI accepts a token-based module and leaves app-level colors outside the rule (147.8963ms)
ℹ tests 3
ℹ suites 0
ℹ pass 3
ℹ fail 0
ℹ cancelled 0
ℹ skipped 0
ℹ todo 0
ℹ duration_ms 361.821

> botsales-frontend@0.1.0 boundaries
> node scripts/check-boundaries.mjs

{
  "checkedAt": "2026-10-02T10:36:15.883Z",
  "scope": "AST imports resolve aliases/relative paths, module boundaries and cycles; parser diagnostics are errors",
  "files": 62,
  "imports": 410,
  "negativeFixtures": "Boundary fixtures: PASS 8/8 scenarios (allowed import, alias, relative, type-only, dynamic, unresolved, cycle, parser error).",
  "status": "PASS",
  "issues": []
}

> botsales-frontend@0.1.0 lint
> eslint apps/web/src --max-warnings 0


> botsales-frontend@0.1.0 typecheck
> tsc -p apps/web/tsconfig.json --noEmit


> botsales-frontend@0.1.0 test:domain
> node scripts/test-domain.mjs

{"status":"PASS","simulatorChecks":75,"networkChecks":13,"networkHandlers":210,"passed":88,"operations":89,"node":"v24.19.0","typescript":"5.9.2"}

> botsales-frontend@0.1.0 test
> vitest run --config apps/web/vitest.config.ts


 RUN  v5.0.3 C:/Users/Joker-PC/Documents/Projects/Bot-AI-Ban-hang-FB/BotSalesAI_Frontend

[BABEL] Note: The code generator has deoptimised the styling of C:\Users\Joker-PC\AppData\Local\Temp\botsales-vite-cache\ea27c7577456f6009d55\direct-vite\25292\deps\react-dom_client.js?v=55542493 as it exceeds the max of 500KB.

 Test Files  8 passed (8)
      Tests  71 passed (71)
   Start at  17:36:24
   Duration  5.32s (tests 55%, environment 22%, import 12%, setup 6%, transform 6%)


> botsales-frontend@0.1.0 build
> npm run generate:check && npm run typecheck && npm run build --workspace @botsales/web


> botsales-frontend@0.1.0 generate:check
> node scripts/generate.mjs --check

{"status":"PASS","outputs":11,"schemas":283,"operations":210,"routes":54}

> botsales-frontend@0.1.0 typecheck
> tsc -p apps/web/tsconfig.json --noEmit


> @botsales/web@0.1.0 build
> vite build --mode production

vite v7.3.6 building client environment for production...
transforming...
✓ 2051 modules transformed.
rendering chunks...
computing gzip size...
dist/index.html                                 0.86 kB │ gzip:   0.52 kB
dist/assets/index-v_6AJcWh.css                  2.36 kB │ gzip:   0.95 kB
dist/assets/download-8lJFmiSZ.js                0.23 kB │ gzip:   0.17 kB
dist/assets/filters-DHvyWlDw.js                 0.26 kB │ gzip:   0.22 kB
dist/assets/import-file-Ct8hcUTT.js             0.32 kB │ gzip:   0.26 kB
dist/assets/DeleteOutlineRounded-JzQdE_Cb.js    0.53 kB │ gzip:   0.31 kB
dist/assets/hooks-COt4MQoV.js                   4.17 kB │ gzip:   1.94 kB
dist/assets/imports-B2aC85EL.js                 6.18 kB │ gzip:   2.75 kB
dist/assets/index-Te-z7sZ-.js                   7.23 kB │ gzip:   2.93 kB
dist/assets/index-BXHgNddE.js                   7.80 kB │ gzip:   3.14 kB
dist/assets/index-pFVpw-LW.js                   8.35 kB │ gzip:   3.54 kB
dist/assets/index-DXAJqEvi.js                  12.08 kB │ gzip:   4.31 kB
dist/assets/index-c22dcUYV.js                  12.33 kB │ gzip:   4.57 kB
dist/assets/index-cSn0EKTn.js                  12.73 kB │ gzip:   5.22 kB
dist/assets/index-Bu9pJRsN.js                  13.15 kB │ gzip:   4.95 kB
dist/assets/index-BB7u_EIb.js                  14.73 kB │ gzip:   4.94 kB
dist/assets/index-DmNTJVZb.js                  15.75 kB │ gzip:   5.21 kB
dist/assets/index-Cw0z5bvs.js                  16.21 kB │ gzip:   5.68 kB
dist/assets/index-B_iz8kqg.js                  17.53 kB │ gzip:   5.81 kB
dist/assets/index-CTG76kYM.js                  23.67 kB │ gzip:   8.06 kB
dist/assets/index-jaCNzmg5.js                  24.70 kB │ gzip:   8.07 kB
dist/assets/index-B3r2af8w.js                  29.46 kB │ gzip:   8.60 kB
dist/assets/index-DEFvvQ0v.js                  30.13 kB │ gzip:   9.43 kB
dist/assets/schemas-CP5ZQpDB.js                79.16 kB │ gzip:  24.02 kB
dist/assets/react-NCqEdj2_.js                 104.73 kB │ gzip:  35.41 kB
dist/assets/mui-CPcoVmWS.js                   322.09 kB │ gzip:  97.68 kB
dist/assets/index-D2VSLwxh.js                 324.31 kB │ gzip:  99.40 kB
dist/assets/index-CYeHUa85.js                 730.75 kB │ gzip: 184.41 kB

(!) Some chunks are larger than 500 kB after minification. Consider:
- Using dynamic import() to code-split the application
- Use build.rollupOptions.output.manualChunks to improve chunking: https://rollupjs.org/configuration-options/#output-manualchunks
- Adjust chunk size limit for this warning via build.chunkSizeWarningLimit.
✓ built in 2.76s
