✔ P10/P15 catch alias and neutral-wrapper duplicate insets through fragments and conditionals (463.689ms)
✔ P20 resolves shared composition identities through a barrel and const component aliases (301.6285ms)
✔ P11/P13 catch static element access roles on every MUI surface, including Paper (305.7806ms)
✔ P12 checks React createElement and JSX-runtime element factories (296.6227ms)
✔ P14 resolves bodyMode literal aliases and fails closed when ownership is unknown (822.7924ms)
✔ checks Panel ancestry when React elements are created natively (276.9551ms)
✔ keeps independent nested surfaces and portaled dialogs as separate owners (732.0545ms)
✔ accepts finite bodyMode branches and every mode in the public component contracts (1106.5464ms)
✔ stops inherited gap ownership at Panels and independent bordered surfaces (734.436ms)
✔ tracks gaps through fragments, conditions and ready QueryState, but not inside DOM wrappers (370.2319ms)
✔ applies the same finite modes and wrapper boundaries to native React factories (729.0674ms)
✔ recognizes native outlined Paper and nested Box surface inset boundaries (738.4691ms)
✔ fails closed when an unresolved custom wrapper obscures a semantic gap owner (371.3007ms)
✔ rejects unsupported placement and rhythm values while accepting finite aliases and branches (727.4858ms)
✔ rejects unsupported finite values through React element factories (731.6678ms)
✔ accepts semantic composition, closed geometry and business-specific MUI primitives (6.9424ms)
✔ rejects rebuilding each shared spacing owner at a consumer (1.9683ms)
✔ follows aliases, local style variables, object spreads and namespace imports (0.8531ms)
✔ rejects direct and spread spacing overrides on semantic components (0.5532ms)
✔ rejects spacing or opaque spreads hidden in geometry (0.2794ms)
✔ allows the canonical owner implementation and fails closed on malformed source (0.9136ms)
✔ rejects duplicated parent boundary and duplicated Panel inset (0.6164ms)
✔ checks default MUI imports and fails closed for opaque geometry (0.3777ms)
✔ distinguishes content grids from flex flows when reporting the shared owner (0.3164ms)
✔ rejects page spacing for paired fields and peer Panels without a section gap owner (1.8334ms)
✔ related sibling gaps belong to ActionGroup comfortable density, not consumer Stack styles (0.5019ms)
✔ the shared catalog covers every public React component and supporting Column type (37.4659ms)
✔ every public React API has a direct rendered contract test (1.3748ms)
✔ catalog declaration lines and stated JSX counts match resolved source symbols (27.2395ms)
✔ every shared React export has a resolved production consumer or an explicit zero-use lifecycle decision (21.6169ms)
✔ required UI evidence and regression gates remain wired to root verify and the active parent workflow (0.5466ms)
✔ composition prop allowlists match the TypeScript owners exactly (0.2927ms)
✔ QueryState uses only the approved inline and section pending profiles (0.3028ms)
✔ QueryState consumers reserve section loading for primary content and keep every other state inline by default (19.7037ms)
✔ body modes, placement roles and geometry keys match the TypeScript contracts (1.1486ms)
✔ Panel geometry and DataTable columns remain closed public contracts (4.6539ms)
✔ shared component and composition props expose no arbitrary layout/style escape hatch (0.2051ms)
✔ layout role types, runtime values, consumers and ownership documentation stay closed (2429.9432ms)
ℹ tests 38
ℹ suites 0
ℹ pass 38
ℹ fail 0
ℹ cancelled 0
ℹ skipped 0
ℹ todo 0
ℹ duration_ms 9228.2161
