FE028 current final gate/architecture review generated from plan, effective tracker and linked evidence.
executedAt=2026-10-04T16:36:04.085Z
cwd=C:\Users\Joker-PC\Documents\Projects\Bot-AI-Ban-hang-FB\BotSalesAI_Frontend
command=node botsales-kit/execution/frontend-evidence/FE028/build-final-review-current-20261004.mjs
exitCode=0
planTasks=28; checkpoints=140; dependencies=50; externalDependencies=0
tracker=139/140; blocked=0; stale=1; next=1:FE028.S05
gateStatus=7/9 PASS; FE-G05 PARTIAL/NOT_RUN; FE-G09 PENDING_USER_ACCEPTANCE; no gate is labeled BLOCKED
qualityGateMatrixSha256=7ffdf856647d9b194ad69fb6e5a2194296fcae0eb67faa43e564064fac8f1d65
EVIDENCE botsales-kit/execution/frontend-evidence/FE024/npm-verify-after-security-update-current-20261004.log sha256=5e65e2f5456e35b0b047854d11676bbc7282c5c7356e0b524bde8b758e55aad5
EVIDENCE botsales-kit/execution/frontend-evidence/FE024/S05-current-security-review-20261004.log sha256=428ac8bca76670b2a306a28226cf1bb099c372115b63716919e46ca76564fc6f
EVIDENCE botsales-kit/execution/frontend-evidence/FE024/npm-audit-post-update-current-20261004.log sha256=edeeebdd69996e0d59db792d9a143657fcad1aca2a6c7ae605fd637dbeeb8cac
EVIDENCE botsales-kit/execution/frontend-evidence/FE026/clean-build-post-update-current-20261004.log sha256=f086c9cc6b586f812a5727381f23bfd90a517601853b5d0ccd0ab33e4283db35
EVIDENCE botsales-kit/execution/frontend-evidence/FE026/artifact-manifest-current-20261004.json sha256=06ffcb50b465a8f96d36ab9d065f1a3f864d4df408081dbf7c23e59ea440e1dc
EVIDENCE botsales-kit/execution/frontend-evidence/FE027/uat-matrix-current-20261004.json sha256=3c36fe7fada793fe2303dd757a208ab1804f8150414938538f1c41c93769df10
EVIDENCE botsales-kit/execution/frontend-evidence/FE008/S05-e2e-rerun-current-20261004.log sha256=ad38d9d921c0e2890ba35a8d16680a639e44bc9e9e3f96e9ff69df35f8826630
EVIDENCE botsales-kit/execution/frontend-evidence/FE025/S03-current-revalidated-20261004.json sha256=3c2928dc7edb33cabd53ba6829a7d35495526b4b76361291d1bb93bdc0fb2cab
EVIDENCE evidence/frontend-ui-improvements/UI012/S47-technical-accessibility-acceptance-20261004.md sha256=5beb965cebed44c9be061f97f1d29d2de43a9cee8906b6375b936258f482869a
EVIDENCE botsales-kit/execution/frontend-evidence/FE026/frontend-workflow-config-current-20261004.yml sha256=d80c5ba0d651375b45c6775625e00f5e4c7553190c2ce7139008baf60a095ab2
EVIDENCE botsales-kit/execution/frontend-plan.json sha256=4a3adb88f87019284f383dd22cfa8d93676086f201050377e31808eb94c5e94f
EVIDENCE botsales-kit/execution/frontend-progress.json sha256=8259effbc7c25385cffba56caa485be690e8d6bb738d7b56ef61b71619254795
EVIDENCE botsales-kit/execution/FRONTEND_PLAN_GUIDE.md sha256=5b341e33dde44ff9ca7a0c456b5151adba21a4d8c3280fa59217eb3c26f8d945
EVIDENCE botsales-kit/contracts/openapi.json sha256=d88a70957a9de36402ff5ac0cb757a2f1c496519c7e1fd2e28df17e867f78c7c
EVIDENCE botsales-kit/contracts/route-manifest.json sha256=360871c008fac723cfc77dec79417838d24d4fae844452909eb347ec8893f2b2
EVIDENCE botsales-kit/contracts/permission-catalog.json sha256=58461beb5d4ad1a19107cdf01361e2a649a41dea611272d84ee79fcd376d55d1
EVIDENCE botsales-kit/design/tokens.json sha256=b4083eb2032d9ebac7f1f793f3aae1cda6a30e075b0dd9e19f241567651d1895
claim=READY_FOR_ACCEPTANCE; ownerAcceptance=false; hostedCI=NOT_RUN; deployment=false
