[WebServer] (node:43452) Warning: The 'NO_COLOR' env is ignored due to the 'FORCE_COLOR' env being set.
[WebServer] (Use `node --trace-warnings ...` to show where the warning was created)

Running 7 tests using 1 worker

(node:19320) Warning: The 'NO_COLOR' env is ignored due to the 'FORCE_COLOR' env being set.
(Use `node --trace-warnings ...` to show where the warning was created)
[WebServer] [BABEL] Note: The code generator has deoptimised the styling of C:\Users\Joker-PC\AppData\Local\Temp\botsales-vite-cache\ea27c7577456f6009d55\playwright-webserver\playwright-15080-c37e6099-958e-4f11-8fa9-60a6a66c843d\deps\react-dom_client.js?v=100c641a as it exceeds the max of 500KB.
  x  1 [chromium] › tests\fe015.spec.ts:49:1 › FE015.AC01 report filters use exact timezone boundaries and mock API aggregates (3.0m)
(node:36284) Warning: The 'NO_COLOR' env is ignored due to the 'FORCE_COLOR' env being set.
(Use `node --trace-warnings ...` to show where the warning was created)
  ok 2 [chromium] › tests\fe015.spec.ts:280:1 › UI001 reconciliation cursors stay scoped and dialogs load choices beyond the visible table page (9.4s)
  ok 3 [chromium] › tests\fe021.spec.ts:158:1 › FE021 ambiguous export result preserves the selected dates and never exposes a download (3.0s)
  ok 4 [chromium] › tests\fe021.spec.ts:190:1 › FE021 stale export conflict preserves dates and never exposes a download (2.6s)
  ok 5 [chromium] › tests\ui013-url-state.spec.ts:19:1 › UI013 reconciliation tab deep links and survives refresh; malformed tab safely falls back (4.1s)
  ok 6 [chromium] › tests\ui013-url-state.spec.ts:39:1 › UI013 finance date range deep link, edit, refresh and Back use shop-local filter state (3.0s)
  ok 7 [chromium] › tests\ui013-url-state.spec.ts:70:1 › UI013 report type and export date filters are deep-linkable, refreshable and malformed values fall back safely (3.9s)


  1) [chromium] › tests\fe015.spec.ts:49:1 › FE015.AC01 report filters use exact timezone boundaries and mock API aggregates 

    Test timeout of 180000ms exceeded.

    Error: page.waitForResponse: Test timeout of 180000ms exceeded.

      53 |     await expect(from).toBeVisible();
      54 |
    > 55 |     const septemberResponseWait = page.waitForResponse(response => {
         |                                        ^
      56 |         const url = new URL(response.url());
      57 |         return response.request().method() === 'GET' && url.pathname.endsWith('/finance/cashflow') && url.searchParams.get('from') === '2026-08-31T17:00:00.000Z' && url.searchParams.get('to') === '2026-10-01T17:00:00.000Z';
      58 |     });
        at C:\Users\Joker-PC\Documents\Projects\Bot-AI-Ban-hang-FB\BotSalesAI_Frontend\tests\fe015.spec.ts:55:40

    Error Context: test-results\fe015-FE015-AC01-report-fi-8b751-ies-and-mock-API-aggregates-chromium\error-context.md

    Error Context: test-results\fe015-FE015-AC01-report-fi-8b751-ies-and-mock-API-aggregates-chromium\error-context.md

    attachment #3: trace (application/zip) ─────────────────────────────────────────────────────────
    test-results\fe015-FE015-AC01-report-fi-8b751-ies-and-mock-API-aggregates-chromium\trace.zip
    Usage:

        npx playwright show-trace test-results\fe015-FE015-AC01-report-fi-8b751-ies-and-mock-API-aggregates-chromium\trace.zip

    ────────────────────────────────────────────────────────────────────────────────────────────────

  1 failed
    [chromium] › tests\fe015.spec.ts:49:1 › FE015.AC01 report filters use exact timezone boundaries and mock API aggregates 
  6 passed (3.5m)
