✔ P10/P15 catch alias and neutral-wrapper duplicate insets through fragments and conditionals (686.5674ms)
✔ P20 resolves shared composition identities through a barrel and const component aliases (577.16ms)
✔ P11/P13 catch static element access roles on every MUI surface, including Paper (399.2128ms)
✔ P12 checks React createElement and JSX-runtime element factories (400.9979ms)
✔ P14 resolves bodyMode literal aliases and fails closed when ownership is unknown (1189.3863ms)
✔ checks Panel ancestry when React elements are created natively (440.6144ms)
✔ keeps independent nested surfaces and portaled dialogs as separate owners (979.4146ms)
✔ accepts finite bodyMode branches and every mode in the public component contracts (1279.1497ms)
✔ stops inherited gap ownership at Panels and independent bordered surfaces (787.1252ms)
✔ tracks gaps through fragments, conditions and ready QueryState, but not inside DOM wrappers (401.3598ms)
✔ applies the same finite modes and wrapper boundaries to native React factories (770.9062ms)
✔ recognizes native outlined Paper and nested Box surface inset boundaries (782.2126ms)
✔ fails closed when an unresolved custom wrapper obscures a semantic gap owner (398.2714ms)
✔ rejects unsupported placement and rhythm values while accepting finite aliases and branches (767.4237ms)
✔ rejects unsupported finite values through React element factories (799.492ms)
✔ accepts semantic composition, closed geometry and business-specific MUI primitives (6.4096ms)
✔ rejects rebuilding each shared spacing owner at a consumer (2.0423ms)
✔ follows aliases, local style variables, object spreads and namespace imports (1.0878ms)
✔ rejects direct and spread spacing overrides on semantic components (0.727ms)
✔ rejects spacing or opaque spreads hidden in geometry (0.2881ms)
✔ allows the canonical owner implementation and fails closed on malformed source (1.2103ms)
✔ rejects duplicated parent boundary and duplicated Panel inset (0.6307ms)
✔ checks default MUI imports and fails closed for opaque geometry (0.389ms)
✔ distinguishes content grids from flex flows when reporting the shared owner (0.3461ms)
✔ rejects page spacing for paired fields and peer Panels without a section gap owner (1.9266ms)
✔ related sibling gaps belong to ActionGroup comfortable density, not consumer Stack styles (0.6959ms)
✔ the shared catalog covers every public React component and supporting Column type (49.9853ms)
✔ every public React API has a direct rendered contract test (1.3879ms)
✔ catalog declaration lines and stated JSX counts match resolved source symbols (35.0573ms)
✔ every shared React export has a resolved production consumer or an explicit zero-use lifecycle decision (26.9467ms)
✔ required UI evidence and regression gates remain wired to root verify and the active parent workflow (0.516ms)
✔ composition prop allowlists match the TypeScript owners exactly (0.2384ms)
✔ QueryState uses only the approved inline and section pending profiles (0.3045ms)
✔ QueryState consumers reserve section loading for primary content and keep every other state inline by default (22.6121ms)
✔ body modes, placement roles and geometry keys match the TypeScript contracts (1.0414ms)
✔ Panel geometry and DataTable columns remain closed public contracts (5.5431ms)
✔ shared component and composition props expose no arbitrary layout/style escape hatch (0.2355ms)
✔ layout role types, runtime values, consumers and ownership documentation stay closed (3442.5505ms)
ℹ tests 38
ℹ suites 0
ℹ pass 38
ℹ fail 0
ℹ cancelled 0
ℹ skipped 0
ℹ todo 0
ℹ duration_ms 11186.8728
