
> botsales-frontend@0.1.0 test:layout
> node --test tests/layout-checker.test.mjs tests/ui-layout-binding-gates.test.mjs && node scripts/check-layout.mjs

✔ accepts semantic bridge roles, the closed token-derived factor map, geometry, and reset values (1679.3026ms)
✔ rejects a CSS spacing role without a declared shared owner (1271.0242ms)
✔ rejects scale-conforming and off-scale literals in sx, responsive leaves, named and namespace MUI System props (1216.0528ms)
✔ follows local aliases and style callbacks; rejects theme spacing helpers and preset overrides (1299.3734ms)
✔ scans nested slotProps but does not confuse event handlers or geometric dimensions with spacing (1192.9191ms)
✔ keeps Panel geometry inspectable and rejects spacing hidden in its geometry prop (3339.7852ms)
✔ accepts only an exact CSS exception and reports stale or mismatched exception scope (2953.6226ms)
✔ rejects malformed TypeScript, malformed CSS, bad exception schema, and raw values in the bridge (3819.1579ms)
✔ rejects canonical pixel tokens used as MUI factors and an altered bridge factor table (1905.7077ms)
✔ report mode inventories migration debt without turning findings into PASS (1036.0298ms)
✔ canonical writes through casts and aliases fail outside style expressions (1766.172ms)
✔ Object.assign cannot mutate canonical data but can copy to a fresh object (2513.9897ms)
✔ layout gate rejects raw spacing on const alias of MUI component (1317.015ms)
✔ canonical mutation gate follows global mutator aliases and reflection (1178.5181ms)
✔ local mutator names do not acquire global mutation identity (1177.2303ms)
✔ destructured mutators and call/apply retain canonical mutation checks (1199.4799ms)
✔ global mutator call/apply can copy canonical values into fresh objects (1108.7329ms)
✔ mutable aliases with possible canonical destinations fail closed (1000.3558ms)
✔ opaque apply arguments fail closed while unrelated mutable data stays valid (1966.6071ms)
✔ canonical references inside containers and destructured aliases cannot be mutated (980.6633ms)
✔ independent shallow copies of scalar canonical fields remain mutable (969.6921ms)
✔ array references and nested destructuring preserve canonical write provenance (1000.7532ms)
✔ array destinations distinguish independent elements from canonical references (1014.6523ms)
✔ array destructuring, dynamic indices and spread cannot hide canonical references (973.2897ms)
✔ dynamic indices and destructuring of independent arrays stay mutable (978.8096ms)
✔ function parameters cannot hide canonical mutation across source files (1051.8201ms)
✔ read-only helpers and mutations of unrelated arguments remain valid (973.3275ms)
✔ returned canonical references remain protected across helper boundaries (1014.7656ms)
✔ helper returns of fresh scalar copies do not retain canonical destination identity (1007.0554ms)
✔ destructured object parameters cannot mutate canonical arguments (1058.7521ms)
✔ destructured object parameters retain independent argument mutability (1072.5873ms)
✔ default parameter and binding initializers cannot hide canonical mutations (1051.1263ms)
✔ fresh default parameter and binding copies remain mutable (1332.1868ms)
✔ rest parameters retain canonical argument write provenance (1051.0702ms)
✔ rest parameters distinguish independent positions from canonical siblings (1032.2837ms)
✔ finite spread arguments preserve shifted positional and rest destinations (992.106ms)
✔ finite spread expansion keeps independent argument positions mutable (1038.9376ms)
✔ opaque spreads keep positional mutation destinations unknown (1040.2528ms)
✔ opaque spreads into read-only helpers do not invent mutation findings (1014.9638ms)
✔ array parameter patterns retain canonical positions including nested object arrays (1095.6307ms)
✔ array parameter patterns retain independent bound element mutability (1033.1475ms)
✔ layout gate rejects parameter shadow of canonical layout name (1059.9106ms)
✔ layout gate follows genuine renamed styled factory (998.4583ms)
✔ layout gate accepts canonical namespace, element access and barrel alias (1008.6256ms)
✔ layout gate does not mistake local component named Stack for MUI (1007.3687ms)
✔ layout gate inspects renamed installed Emotion css tag (1031.6968ms)
✔ layout gate preserves genuine aliased Controller field forwarding (1003.6456ms)
✔ a same-named local Controller cannot exempt an unknown prop spread (1029.1652ms)
✔ genuine useForm registration survives property and destructured aliases (1011.8967ms)
✔ a function named register cannot exempt injected style props (1022.9972ms)
✔ a bridge callback parameter cannot impersonate its private factor binding (1014.1711ms)
✔ opaque namespace component selection remains a strict binding failure (1079.341ms)
✔ opaque namespace factory cannot hide style arguments (1015.807ms)
✔ MUI re-export cannot hide raw spacing behind a first-party barrel (1002.872ms)
✔ destructuring assignments cannot hide canonical write targets (1002.7926ms)
✔ destructuring assignments can update independent copied destinations (995.4936ms)
✔ object rest retains nested canonical references while copying the outer object (1001.3734ms)
✔ rest scalar copies and replacement of container references stay mutable (1015.9104ms)
✔ shallow object spread preserves canonical child references and last-writer order (1014.1472ms)
✔ shallow spread with a later independent override stays mutable (1013.8278ms)
✔ exported mutable aliases retain assignments from their declaring file (1009.1812ms)
✔ exported independent mutable data does not acquire canonical provenance (1029.4555ms)
✔ literal computed keys retain canonical container and parameter provenance (1040.5854ms)
✔ literal computed keys do not taint independent selected properties (1053.3841ms)
✔ Object.assign shallow copies retain canonical nested reference provenance (1007.3631ms)
✔ Object.assign later independent overrides and scalar copies stay mutable (998.435ms)
✔ union and dynamic property selections retain possible canonical destinations (1022.5797ms)
✔ finite union property selections exclude canonical siblings not in the key set (965.9273ms)
✔ union selection over Object.assign output retains canonical child provenance (993.9143ms)
✔ union selection over independent Object.assign output remains mutable (978.7188ms)
✔ Reflect.set call/apply checks the target argument rather than the assigned value (3060.0861ms)
✔ aliased React createElement checks MUI and native style objects (1017.3125ms)
✔ GlobalStyles.styles is checked and local createElement names stay local (2002.0317ms)
✔ React JSX runtime factories cannot bypass MUI or native style checks (1001.6929ms)
✔ React cloneElement checks the cloned MUI element and preserves native props (4064.8483ms)
✔ Emotion css props and object factories are inspected with native CSS semantics (3045.9102ms)
✔ Inline style elements in JSX, React factories, DOM and the HTML entry fail closed (8060.1106ms)
✔ DOM CSSOM spacing writes use semantic roles and reject opaque style strings (1999.128ms)
✔ HTML parsing and runtime stylesheet mutation cannot bypass the imported CSS boundary (2011.6928ms)
✔ spacing shorthand values and responsive breakpoints preserve token and unit provenance (10063.6993ms)
✔ function return producers cannot hide canonical children behind spreads (1058.3288ms)
✔ producer spreads keep later independent child overrides writable (1122.0046ms)
ℹ tests 82
ℹ suites 0
ℹ pass 82
ℹ fail 0
ℹ cancelled 0
ℹ skipped 0
ℹ todo 0
ℹ duration_ms 104021.6067
layout-check PASS: 79 source files, 0 finding(s), 1 exception(s) used
