[WebServer] (node:36132) Warning: The 'NO_COLOR' env is ignored due to the 'FORCE_COLOR' env being set.
[WebServer] (Use `node --trace-warnings ...` to show where the warning was created)


Running 2 tests using 1 worker

(node:93388) Warning: The 'NO_COLOR' env is ignored due to the 'FORCE_COLOR' env being set.
(Use `node --trace-warnings ...` to show where the warning was created)


[1/2] [chromium] › tests\fe016.spec.ts:101:1 › FE016 conversation keeps its composer visible while long demo context scrolls independently
[WebServer] [BABEL] Note: The code generator has deoptimised the styling of C:\Users\Joker-PC\AppData\Local\Temp\botsales-vite-cache\ea27c7577456f6009d55\playwright-webserver\playwright-49020-583fd40d-b2bf-450a-8299-cd424938cbef\deps\react-dom_client.js?v=d7b3ec7b as it exceeds the max of 500KB.

  1) [chromium] › tests\fe016.spec.ts:101:1 › FE016 conversation keeps its composer visible while long demo context scrolls independently 

    Error: expect(received).toBeLessThanOrEqual(expected)

    Expected: <= 497.4375
    Received:    584.53125

      158 |     const reachable = await submit.boundingBox();
      159 |     const form = await thread.locator('form').boundingBox();
    > 160 |     expect(reachable!.y + reachable!.height).toBeLessThanOrEqual(form!.y + form!.height + 1);
          |                                              ^
      161 |     await draft.fill('');
      162 | });
      163 |
        at C:\Users\Joker-PC\Documents\Projects\Bot-AI-Ban-hang-FB\BotSalesAI_Frontend\tests\fe016.spec.ts:160:46

    Error Context: test-results\playwright-93388-c9c37af3-af33-408b-920b-7789e802debe\fe016-FE016-conversation-k-dceb6-ntext-scrolls-independently-chromium\error-context.md

    Error Context: test-results\playwright-93388-c9c37af3-af33-408b-920b-7789e802debe\fe016-FE016-conversation-k-dceb6-ntext-scrolls-independently-chromium\error-context.md

    attachment #3: trace (application/zip) ─────────────────────────────────────────────────────────
    test-results\playwright-93388-c9c37af3-af33-408b-920b-7789e802debe\fe016-FE016-conversation-k-dceb6-ntext-scrolls-independently-chromium\trace.zip
    Usage:

        npx playwright show-trace test-results\playwright-93388-c9c37af3-af33-408b-920b-7789e802debe\fe016-FE016-conversation-k-dceb6-ntext-scrolls-independently-chromium\trace.zip

    ────────────────────────────────────────────────────────────────────────────────────────────────


(node:46712) Warning: The 'NO_COLOR' env is ignored due to the 'FORCE_COLOR' env being set.
(Use `node --trace-warnings ...` to show where the warning was created)


[2/2] [firefox] › tests\fe016.spec.ts:101:1 › FE016 conversation keeps its composer visible while long demo context scrolls independently
  1 failed
    [chromium] › tests\fe016.spec.ts:101:1 › FE016 conversation keeps its composer visible while long demo context scrolls independently 
  1 passed (18.7s)
