
> botsales-frontend@0.1.0 test:ui-composition
> node --test tests/ui-composition-checker.test.mjs tests/ui-composition-ancestry.test.mjs tests/ui-shared-api-contract.test.mjs && node scripts/check-ui-composition.mjs

✔ P10/P15 catch alias and neutral-wrapper duplicate insets through fragments and conditionals (454.374ms)
✔ P20 resolves shared composition identities through a barrel and const component aliases (315.3857ms)
✔ P11/P13 catch static element access roles on every MUI surface, including Paper (300.2817ms)
✔ P12 checks React createElement and JSX-runtime element factories (302.7535ms)
✔ P14 resolves bodyMode literal aliases and fails closed when ownership is unknown (860.0944ms)
✔ checks Panel ancestry when React elements are created natively (288.2553ms)
✔ keeps independent nested surfaces and portaled dialogs as separate owners (744.1632ms)
✔ accepts finite bodyMode branches and every mode in the public component contracts (1059.3237ms)
✔ stops inherited gap ownership at Panels and independent bordered surfaces (577.11ms)
✔ tracks gaps through fragments, conditions and ready QueryState, but not inside DOM wrappers (307.1415ms)
✔ applies the same finite modes and wrapper boundaries to native React factories (582.9043ms)
✔ recognizes native outlined Paper and nested Box surface inset boundaries (593.8238ms)
✔ fails closed when an unresolved custom wrapper obscures a semantic gap owner (285.7605ms)
✔ rejects unsupported placement and rhythm values while accepting finite aliases and branches (606.843ms)
✔ rejects unsupported finite values through React element factories (663.928ms)
✔ accepts semantic composition, closed geometry and business-specific MUI primitives (8.0093ms)
✔ rejects rebuilding each shared spacing owner at a consumer (2.0104ms)
✔ follows aliases, local style variables, object spreads and namespace imports (0.9857ms)
✔ rejects direct and spread spacing overrides on semantic components (0.6037ms)
✔ rejects spacing or opaque spreads hidden in geometry (0.2733ms)
✔ allows the canonical owner implementation and fails closed on malformed source (1.1213ms)
✔ rejects duplicated parent boundary and duplicated Panel inset (0.5941ms)
✔ checks default MUI imports and fails closed for opaque geometry (0.3739ms)
✔ distinguishes content grids from flex flows when reporting the shared owner (0.3371ms)
✔ rejects page spacing for paired fields and peer Panels without a section gap owner (2.0211ms)
✔ related sibling gaps belong to ActionGroup comfortable density, not consumer Stack styles (0.584ms)
✔ density profiles are finite and new spacing paths retain the shared owner (1.3353ms)
✔ Amount consumers declare wrapping outside DataTable columns and keep table money unbroken (55.593ms)
✔ the shared catalog covers every public React component and supporting Column type (35.7823ms)
✔ SPC-067 covers discovered public Shared APIs without a fixed export count (0.7959ms)
✔ every public React API has a direct rendered contract test (1.2972ms)
✔ catalog declaration lines and stated JSX counts match resolved source symbols (90.1582ms)
✔ every shared React export has a resolved production consumer or an explicit zero-use lifecycle decision (55.161ms)
✔ required UI evidence and regression gates remain wired to root verify and the active parent workflow (0.5534ms)
✔ composition prop allowlists match the TypeScript owners exactly (0.2307ms)
✔ QueryState uses only the approved inline and section pending profiles (0.2821ms)
✔ QueryState consumers reserve section loading for primary content and keep every other state inline by default (43.8061ms)
✔ body modes, placement roles and geometry keys match the TypeScript contracts (1.0883ms)
✔ Panel geometry and DataTable columns remain closed public contracts (4.4068ms)
✔ shared component and composition props expose no arbitrary layout/style escape hatch (0.2241ms)
✔ layout role types, runtime values, consumers and ownership documentation stay closed (2904.4419ms)
ℹ tests 41
ℹ suites 0
ℹ pass 41
ℹ fail 0
ℹ cancelled 0
ℹ skipped 0
ℹ todo 0
ℹ duration_ms 8453.3034
ui-composition PASS: 91 source files, 0 finding(s)

