
> botsales-frontend@0.1.0 test:ui-composition
> node --test tests/ui-composition-checker.test.mjs tests/ui-composition-ancestry.test.mjs tests/ui-shared-api-contract.test.mjs && node scripts/check-ui-composition.mjs

✔ P10/P15 catch alias and neutral-wrapper duplicate insets through fragments and conditionals (486.2237ms)
✔ P20 resolves shared composition identities through a barrel and const component aliases (336.9247ms)
✔ P11/P13 catch static element access roles on every MUI surface, including Paper (314.3961ms)
✔ P12 checks React createElement and JSX-runtime element factories (312.5007ms)
✔ P14 resolves bodyMode literal aliases and fails closed when ownership is unknown (877.5814ms)
✔ checks Panel ancestry when React elements are created natively (295.2821ms)
✔ keeps independent nested surfaces and portaled dialogs as separate owners (763.1845ms)
✔ accepts finite bodyMode branches and every mode in the public component contracts (1169.0134ms)
✔ stops inherited gap ownership at Panels and independent bordered surfaces (771.8331ms)
✔ tracks gaps through fragments, conditions and ready QueryState, but not inside DOM wrappers (416.4335ms)
✔ applies the same finite modes and wrapper boundaries to native React factories (677.8772ms)
✔ recognizes native outlined Paper and nested Box surface inset boundaries (645.6824ms)
✔ fails closed when an unresolved custom wrapper obscures a semantic gap owner (294.9039ms)
✔ rejects unsupported placement and rhythm values while accepting finite aliases and branches (583.4115ms)
✔ rejects unsupported finite values through React element factories (737.3394ms)
✔ accepts semantic composition, closed geometry and business-specific MUI primitives (6.5982ms)
✔ rejects rebuilding each shared spacing owner at a consumer (2.0808ms)
✔ follows aliases, local style variables, object spreads and namespace imports (1.0412ms)
✔ rejects direct and spread spacing overrides on semantic components (0.6598ms)
✔ rejects spacing or opaque spreads hidden in geometry (0.2848ms)
✔ allows the canonical owner implementation and fails closed on malformed source (1.2268ms)
✔ rejects duplicated parent boundary and duplicated Panel inset (0.6079ms)
✔ checks default MUI imports and fails closed for opaque geometry (0.3759ms)
✔ distinguishes content grids from flex flows when reporting the shared owner (0.3037ms)
✔ rejects page spacing for paired fields and peer Panels without a section gap owner (1.7579ms)
✔ related sibling gaps belong to ActionGroup comfortable density, not consumer Stack styles (0.4958ms)
✔ density profiles are finite and new spacing paths retain the shared owner (1.2099ms)
✔ Amount consumers declare wrapping outside DataTable columns and keep table money unbroken (56.7753ms)
✔ the shared catalog covers every public React component and supporting Column type (45.2021ms)
✔ SPC-067 covers discovered public Shared APIs without a fixed export count (0.7432ms)
✔ every public React API has a direct rendered contract test (1.2521ms)
✔ catalog declaration lines and stated JSX counts match resolved source symbols (90.6747ms)
✔ every shared React export has a resolved production consumer or an explicit zero-use lifecycle decision (69.299ms)
✔ required UI evidence and regression gates remain wired to root verify and the active parent workflow (0.5328ms)
✔ composition prop allowlists match the TypeScript owners exactly (0.2426ms)
✔ QueryState uses only the approved inline and section pending profiles (0.3071ms)
✔ QueryState consumers reserve section loading for primary content and keep every other state inline by default (45.0983ms)
✔ body modes, placement roles and geometry keys match the TypeScript contracts (1.0706ms)
✔ Panel geometry and DataTable columns remain closed public contracts (4.5277ms)
✔ shared component and composition props expose no arbitrary layout/style escape hatch (0.211ms)
✔ layout role types, runtime values, consumers and ownership documentation stay closed (2893.4849ms)
ℹ tests 41
ℹ suites 0
ℹ pass 41
ℹ fail 0
ℹ cancelled 0
ℹ skipped 0
ℹ todo 0
ℹ duration_ms 9165.9163
ui-composition PASS: 91 source files, 0 finding(s)

