
> botsales-frontend@0.1.0 test:e2e
> node scripts/run-e2e.mjs tests/frontend-corrections.spec.ts tests/artifacts/demo-preview.spec.ts tests/fe021.spec.ts tests/ui-panel-layout.spec.ts tests/session/demo-worker-startup.spec.ts tests/fe013.spec.ts tests/ui012-keyboard.spec.ts tests/vertical-slices/fe022-flows.spec.ts --grep F01 shop|thousand synthetic|timezone|titled Fulfillment|conditional module|FE013.AC01|marketing chart|FE022.VS03|FE022.S05 --reporter=line --output evidence/github-delivery-20261010/ci-browser-matrix/local-targeted-attempt-01


> npm run setup

> botsales-frontend@0.1.0 setup
> node scripts/setup.mjs

{"status":"PASS","outputs":15,"schemas":346,"operations":245,"routes":61}
Copying the worker script at "C:\Users\Joker-PC\Documents\Projects\Bot-AI-Ban-hang-FB\BotSalesAI_Frontend\apps\web\public"...

Worker script successfully copied!
  - public

Continue by describing the network in your application:


https://mswjs.io/docs/quick-start

Thiết lập xong. npm run dev chạy frontend mô phỏng; không kết nối khách hàng hoặc provider thật.

> npm run build

> botsales-frontend@0.1.0 build
> npm run generate:check && npm run typecheck && npm run build --workspace @botsales/web


> botsales-frontend@0.1.0 generate:check
> node scripts/generate.mjs --check

{"status":"PASS","outputs":15,"schemas":346,"operations":245,"routes":61}

> botsales-frontend@0.1.0 typecheck
> tsc -p apps/web/tsconfig.json --noEmit


> @botsales/web@0.1.0 build
> vite build --mode production

vite v7.3.6 building client environment for production...
transforming...
✓ 2077 modules transformed.
rendering chunks...
computing gzip size...
dist/index.html                              1.23 kB │ gzip:   0.61 kB
dist/assets/index-BQPx7lJM.css               3.56 kB │ gzip:   1.33 kB
dist/assets/download-8lJFmiSZ.js             0.23 kB │ gzip:   0.17 kB
dist/assets/filters-CM07jGKE.js              0.32 kB │ gzip:   0.25 kB
dist/assets/hooks-CM4cNeoX.js                4.59 kB │ gzip:   2.15 kB
dist/assets/draft-conflict-CEqgJk9K.js       5.37 kB │ gzip:   2.49 kB
dist/assets/index-CXDnFFr1.js                8.25 kB │ gzip:   3.27 kB
dist/assets/index-BVw5OFW8.js                9.42 kB │ gzip:   3.73 kB
dist/assets/index-DQ7Lx9C6.js               13.14 kB │ gzip:   5.19 kB
dist/assets/index-oZNCZy9p.js               15.39 kB │ gzip:   5.89 kB
dist/assets/index-BEE_YYTj.js               16.98 kB │ gzip:   5.57 kB
dist/assets/index-D9VPg2WO.js               16.99 kB │ gzip:   5.81 kB
dist/assets/index-BW_bMDVb.js               18.85 kB │ gzip:   6.32 kB
dist/assets/index-ziKMMw4O.js               18.92 kB │ gzip:   6.95 kB
dist/assets/index-Cng8XEfd.js               20.90 kB │ gzip:   6.92 kB
dist/assets/index-CoQn338D.js               21.23 kB │ gzip:   7.65 kB
dist/assets/index-CyZC2Xek.js               24.80 kB │ gzip:   8.24 kB
dist/assets/index-DvwoHLVl.js               25.06 kB │ gzip:   8.46 kB
dist/assets/index-DVtu7qy2.js               30.93 kB │ gzip:   9.93 kB
dist/assets/index-DLZtW0bU.js               32.48 kB │ gzip:  10.82 kB
dist/assets/query-Df7VyXaF.js               33.15 kB │ gzip:   9.92 kB
dist/assets/index-CENCcdEj.js               42.03 kB │ gzip:  11.49 kB
dist/assets/i18n-D4N_7Z3Q.js                46.14 kB │ gzip:  15.12 kB
dist/assets/index-ChbxMYYy.js               64.28 kB │ gzip:  17.67 kB
dist/assets/schemas-CoWCwirf.js             85.75 kB │ gzip:  25.72 kB
dist/assets/index-CZ8lHn7k.js              100.89 kB │ gzip:  32.03 kB
dist/assets/schema-validation-B78jEm7B.js  149.80 kB │ gzip:  45.12 kB
dist/assets/react-runtime-gLMyUIL2.js      279.79 kB │ gzip:  90.28 kB
dist/assets/charts-BwhaRlrs.js             320.23 kB │ gzip:  96.79 kB
dist/assets/mui-CJj7QyVx.js                328.77 kB │ gzip: 100.20 kB
dist/assets/contract-data-BRT-TOMX.js      368.62 kB │ gzip:  42.83 kB
✓ built in 2.94s

> npm run build:demo

> botsales-frontend@0.1.0 build:demo
> npm run generate:check && npm run typecheck && npm run build:demo --workspace @botsales/web


> botsales-frontend@0.1.0 generate:check
> node scripts/generate.mjs --check

{"status":"PASS","outputs":15,"schemas":346,"operations":245,"routes":61}

> botsales-frontend@0.1.0 typecheck
> tsc -p apps/web/tsconfig.json --noEmit


> @botsales/web@0.1.0 build:demo
> vite build --mode demo --outDir dist-demo

vite v7.3.6 building client environment for demo...
transforming...
✓ 2293 modules transformed.
rendering chunks...
computing gzip size...
dist-demo/index.html                              1.23 kB │ gzip:   0.61 kB
dist-demo/assets/index-BQPx7lJM.css               3.56 kB │ gzip:   1.33 kB
dist-demo/assets/download-CWiaXb8A.js             0.24 kB │ gzip:   0.17 kB
dist-demo/assets/filters-CirfTR7_.js              0.32 kB │ gzip:   0.25 kB
dist-demo/assets/control-CmLeKeil.js              1.73 kB │ gzip:   0.94 kB
dist-demo/assets/hooks-DiyyWyrx.js                4.59 kB │ gzip:   2.15 kB
dist-demo/assets/draft-conflict-gC_moQwo.js       5.37 kB │ gzip:   2.49 kB
dist-demo/assets/index-DM1uUYZ4.js                8.79 kB │ gzip:   3.47 kB
dist-demo/assets/index-DfiqcyVB.js                9.42 kB │ gzip:   3.73 kB
dist-demo/assets/index-CWD9sqWf.js               13.14 kB │ gzip:   5.18 kB
dist-demo/assets/index-DgEQMKCN.js               15.09 kB │ gzip:   5.71 kB
dist-demo/assets/index-BczCrPY5.js               17.14 kB │ gzip:   5.61 kB
dist-demo/assets/index-Bbz-TS-3.js               18.85 kB │ gzip:   6.32 kB
dist-demo/assets/index-DpZdGDnn.js               19.11 kB │ gzip:   7.01 kB
dist-demo/assets/index-vJkFoFjp.js               19.18 kB │ gzip:   6.54 kB
dist-demo/assets/index-hxBA7ED8.js               20.90 kB │ gzip:   6.92 kB
dist-demo/assets/index-B30vRNO6.js               24.80 kB │ gzip:   8.24 kB
dist-demo/assets/index-DJulOjMJ.js               25.47 kB │ gzip:   8.62 kB
dist-demo/assets/index-tUPPrkEo.js               28.10 kB │ gzip:   9.79 kB
dist-demo/assets/index-I-2-X1_Z.js               30.93 kB │ gzip:   9.93 kB
dist-demo/assets/index-E4tvoavJ.js               32.93 kB │ gzip:  10.94 kB
dist-demo/assets/query-Df7VyXaF.js               33.15 kB │ gzip:   9.92 kB
dist-demo/assets/index-Dgsb7oVw.js               42.03 kB │ gzip:  11.49 kB
dist-demo/assets/i18n-D4N_7Z3Q.js                46.14 kB │ gzip:  15.12 kB
dist-demo/assets/index-DV5tc4FD.js               65.49 kB │ gzip:  18.10 kB
dist-demo/assets/schemas-CoWCwirf.js             85.75 kB │ gzip:  25.72 kB
dist-demo/assets/index-D-liCnbQ.js              105.42 kB │ gzip:  33.42 kB
dist-demo/assets/schema-validation-B78jEm7B.js  149.80 kB │ gzip:  45.12 kB
dist-demo/assets/service-Bm9CW7T5.js            233.46 kB │ gzip:  54.16 kB
dist-demo/assets/browser-BJIsrzs-.js            255.64 kB │ gzip:  87.02 kB
dist-demo/assets/react-runtime-gLMyUIL2.js      279.79 kB │ gzip:  90.28 kB
dist-demo/assets/charts-uDdGNk6t.js             320.23 kB │ gzip:  96.79 kB
dist-demo/assets/mui-CUCPJGs1.js                328.77 kB │ gzip: 100.20 kB
dist-demo/assets/contract-data-CJyvN5AM.js      375.47 kB │ gzip:  44.43 kB
✓ built in 3.39s

> node node_modules\@playwright\test\cli.js test tests/frontend-corrections.spec.ts tests/artifacts/demo-preview.spec.ts tests/fe021.spec.ts tests/ui-panel-layout.spec.ts tests/session/demo-worker-startup.spec.ts tests/fe013.spec.ts tests/ui012-keyboard.spec.ts tests/vertical-slices/fe022-flows.spec.ts --grep F01 shop|thousand synthetic|timezone|titled Fulfillment|conditional module|FE013.AC01|marketing chart|FE022.VS03|FE022.S05 --reporter=line --output evidence/github-delivery-20261010/ci-browser-matrix/local-targeted-attempt-01

Running 24 tests using 1 worker



(node:82552) Warning: The 'NO_COLOR' env is ignored due to the 'FORCE_COLOR' env being set.
(Use `node --trace-warnings ...` to show where the warning was created)
[1/24] [chromium] › tests\artifacts\demo-preview.spec.ts:104:1 › a thousand synthetic customers remain API-paginated in the built demo artifact
[chromium] › tests\artifacts\demo-preview.spec.ts:104:1 › a thousand synthetic customers remain API-paginated in the built demo artifact
[large-dataset-api] {"url":"http://127.0.0.1:53090/api/v2/shops/shop-demo/customers?limit=20","count":20,"page":{"limit":20,"total":1004,"hasMore":true,"nextCursor":"perf-customer-0016"},"firstIds":["c1","c2","c3"]}

[large-dataset-preview] {"scope":"FRONTEND_WITH_SYNTHETIC_MOCK_API","artifact":"apps/web/dist-demo","datasetId":"FE025-LARGE-CUSTOMERS-1000-V1","generatedRows":1000,"firstPageIds":["c1","c2","c3","c4","perf-customer-0001","perf-customer-0002","perf-customer-0003","perf-customer-0004","perf-customer-0005","perf-customer-0006","perf-customer-0007","perf-customer-0008","perf-customer-0009","perf-customer-0010","perf-customer-0011","perf-customer-0012","perf-customer-0013","perf-customer-0014","perf-customer-0015","perf-customer-0016"],"api":{"status":200,"pageLimit":20,"total":1004,"hasMore":true,"nextCursor":"perf-customer-0016"},"domRowsIncludingHeader":21,"firstPageReadyMs":138,"browser":"Mozilla/5.0 (Windows NT 10.0; Win64; x64) AppleWebKit/537.36 (KHTML, like Gecko) Chrome/153.0.8010.12 Safari/537.36","viewport":{"width":1280,"height":720},"note":"Synthetic customer identities only; the React screen renders one API page and exposes the next cursor instead of mounting the full collection."}

[2/24] [chromium] › tests\fe013.spec.ts:68:1 › FE013.AC01–AC04 stale claim conflict is visible; pick, pack, dispatch and delivery use current API versions once
  1) [chromium] › tests\fe013.spec.ts:68:1 › FE013.AC01–AC04 stale claim conflict is visible; pick, pack, dispatch and delivery use current API versions once 

    Error: expect(locator).toBeVisible() failed

    Locator: getByRole('dialog', { name: 'Rời biểu mẫu chưa lưu?', exact: true })
    Expected: visible
    Timeout: 5000ms
    Error: element(s) not found

    Call log:
      - Expect "toBeVisible" getByRole('dialog', { name: 'Rời biểu mẫu chưa lưu?', exact: true }) with timeout 5000ms
      - waiting for getByRole('dialog', { name: 'Rời biểu mẫu chưa lưu?', exact: true })


      167 |     await replay.getByRole('button', { name: 'Hủy', exact: true }).click();
      168 |     const discardDuplicate = page.getByRole('dialog', { name: 'Rời biểu mẫu chưa lưu?', exact: true });
    > 169 |     await expect(discardDuplicate).toBeVisible();
          |                                    ^
      170 |     await discardDuplicate.getByRole('button', { name: 'Bỏ thay đổi', exact: true }).click();
      171 |     await expect(replay).toBeHidden();
      172 |
        at C:\Users\Joker-PC\Documents\Projects\Bot-AI-Ban-hang-FB\BotSalesAI_Frontend\tests\fe013.spec.ts:169:36

    Error Context: evidence\github-delivery-20261010\ci-browser-matrix\local-targeted-attempt-01\fe013-FE013-AC01–AC04-stal-e2b2e-e-current-API-versions-once-chromium\error-context.md

    Error Context: evidence\github-delivery-20261010\ci-browser-matrix\local-targeted-attempt-01\fe013-FE013-AC01–AC04-stal-e2b2e-e-current-API-versions-once-chromium\error-context.md

    attachment #3: trace (application/zip) ─────────────────────────────────────────────────────────
    evidence\github-delivery-20261010\ci-browser-matrix\local-targeted-attempt-01\fe013-FE013-AC01–AC04-stal-e2b2e-e-current-API-versions-once-chromium\trace.zip
    Usage:

        npx playwright show-trace evidence\github-delivery-20261010\ci-browser-matrix\local-targeted-attempt-01\fe013-FE013-AC01–AC04-stal-e2b2e-e-current-API-versions-once-chromium\trace.zip

    ────────────────────────────────────────────────────────────────────────────────────────────────


(node:73092) Warning: The 'NO_COLOR' env is ignored due to the 'FORCE_COLOR' env being set.
(Use `node --trace-warnings ...` to show where the warning was created)


[3/24] [chromium] › tests\fe013.spec.ts:258:1 › FE013.AC01 role scope and FE013.AC05 responsive shipment/preparation views remain accessible
[4/24] [chromium] › tests\fe021.spec.ts:46:1 › FE021 timezone and privacy validation waits for interaction and blocks invalid writes
[5/24] [chromium] › tests\fe021.spec.ts:249:1 › FE021 mock rejects an invalid report timezone before creating an export job
[6/24] [chromium] › tests\frontend-corrections.spec.ts:191:1 › F01 shop settings merges a server-only locale change and preserves edits typed during save
[7/24] [chromium] › tests\session\demo-worker-startup.spec.ts:17:1 › demo conditional module requests return complete exports without changing live or non-asset caching
[8/24] [chromium] › tests\ui-panel-layout.spec.ts:15:1 › the titled Fulfillment Panel owns its body inset and keeps one 12px header boundary
[9/24] [chromium] › tests\ui012-keyboard.spec.ts:200:1 › UI012 keyboard can reach and horizontally scroll the marketing chart data alternative
[10/24] [chromium] › tests\ui012-keyboard.spec.ts:227:1 › UI012 marketing chart keeps every category label visible beside its data table
[11/24] [chromium] › tests\vertical-slices\fe022-flows.spec.ts:168:1 › FE022.VS03 finance → reconciliation retains bank transaction and partial debt allocation
  2) [chromium] › tests\vertical-slices\fe022-flows.spec.ts:168:1 › FE022.VS03 finance → reconciliation retains bank transaction and partial debt allocation 

    Error: expect(received).toBe(expected) // Object.is equality

    Expected: 202
    Received: 200

      184 |     const importResponse = page.waitForResponse(response => response.request().method() === 'POST' && new URL(response.url()).pathname.endsWith('/bank-transactions/import'));
      185 |     await dialog.getByRole('button', { name: 'Nhập các dòng hợp lệ' }).click();
    > 186 |     expect((await importResponse).status()).toBe(202);
          |                                             ^
      187 |     await expect(dialog.getByRole('link', { name: 'Xem kết quả nhập' })).toBeVisible();
      188 |     await dialog.getByRole('button', { name: 'Hủy' }).click();
      189 |
        at C:\Users\Joker-PC\Documents\Projects\Bot-AI-Ban-hang-FB\BotSalesAI_Frontend\tests\vertical-slices\fe022-flows.spec.ts:186:45

    Error Context: evidence\github-delivery-20261010\ci-browser-matrix\local-targeted-attempt-01\vertical-slices-fe022-flow-cf2e0-and-partial-debt-allocation-chromium\error-context.md

    Error Context: evidence\github-delivery-20261010\ci-browser-matrix\local-targeted-attempt-01\vertical-slices-fe022-flow-cf2e0-and-partial-debt-allocation-chromium\error-context.md

    attachment #3: trace (application/zip) ─────────────────────────────────────────────────────────
    evidence\github-delivery-20261010\ci-browser-matrix\local-targeted-attempt-01\vertical-slices-fe022-flow-cf2e0-and-partial-debt-allocation-chromium\trace.zip
    Usage:

        npx playwright show-trace evidence\github-delivery-20261010\ci-browser-matrix\local-targeted-attempt-01\vertical-slices-fe022-flow-cf2e0-and-partial-debt-allocation-chromium\trace.zip

    ────────────────────────────────────────────────────────────────────────────────────────────────




(node:24288) Warning: The 'NO_COLOR' env is ignored due to the 'FORCE_COLOR' env being set.
(Use `node --trace-warnings ...` to show where the warning was created)
[12/24] [chromium] › tests\vertical-slices\fe022-flows.spec.ts:252:1 › FE022.S05 route and feature matrix covers canonical IDs with executed cases or explicit frontend gaps
  3) [chromium] › tests\vertical-slices\fe022-flows.spec.ts:252:1 › FE022.S05 route and feature matrix covers canonical IDs with executed cases or explicit frontend gaps 

    Error: expect(received).toMatchObject(expected)

    - Expected  - 1
    + Received  + 0

      Object {
        "acceptanceScenarioIds": Array [
          "SC2-F04",
          "SC2-F05",
    -     "SC2-D06",
        ],
        "route": "/s/:shopId/approvals",
      }

      287 |     for (const route of routeManifest.routes) {
      288 |         const row = matrix.find(item => item.routeId === route.id);
    > 289 |         expect(row).toMatchObject({ route: route.path, acceptanceScenarioIds: route.acceptanceScenarioIds });
          |                     ^
      290 |         expect(fs.readFileSync(path.resolve(process.cwd(), row!.source), 'utf8')).toContain(`function ${row!.component}(`);
      291 |         if (sourceOnly) {
      292 |             expect(row).toMatchObject({ state: 'SOURCE_IMPLEMENTED_BROWSER_NOT_REVALIDATED', routeEvidence: { result: 'NOT_RUN' }, journeys: [], featureCoverage: [] });
        at C:\Users\Joker-PC\Documents\Projects\Bot-AI-Ban-hang-FB\BotSalesAI_Frontend\tests\vertical-slices\fe022-flows.spec.ts:289:21

    Error Context: evidence\github-delivery-20261010\ci-browser-matrix\local-targeted-attempt-01\vertical-slices-fe022-flow-22554-s-or-explicit-frontend-gaps-chromium\error-context.md

    Error Context: evidence\github-delivery-20261010\ci-browser-matrix\local-targeted-attempt-01\vertical-slices-fe022-flow-22554-s-or-explicit-frontend-gaps-chromium\error-context.md

    attachment #3: trace (application/zip) ─────────────────────────────────────────────────────────
    evidence\github-delivery-20261010\ci-browser-matrix\local-targeted-attempt-01\vertical-slices-fe022-flow-22554-s-or-explicit-frontend-gaps-chromium\trace.zip
    Usage:

        npx playwright show-trace evidence\github-delivery-20261010\ci-browser-matrix\local-targeted-attempt-01\vertical-slices-fe022-flow-22554-s-or-explicit-frontend-gaps-chromium\trace.zip

    ────────────────────────────────────────────────────────────────────────────────────────────────



(node:87124) Warning: The 'NO_COLOR' env is ignored due to the 'FORCE_COLOR' env being set.
(Use `node --trace-warnings ...` to show where the warning was created)

[13/24] [firefox] › tests\artifacts\demo-preview.spec.ts:104:1 › a thousand synthetic customers remain API-paginated in the built demo artifact
[firefox] › tests\artifacts\demo-preview.spec.ts:104:1 › a thousand synthetic customers remain API-paginated in the built demo artifact
[large-dataset-api] {"url":"http://127.0.0.1:63023/api/v2/shops/shop-demo/customers?limit=20","count":20,"page":{"limit":20,"total":1004,"hasMore":true,"nextCursor":"perf-customer-0016"},"firstIds":["c1","c2","c3"]}

[large-dataset-preview] {"scope":"FRONTEND_WITH_SYNTHETIC_MOCK_API","artifact":"apps/web/dist-demo","datasetId":"FE025-LARGE-CUSTOMERS-1000-V1","generatedRows":1000,"firstPageIds":["c1","c2","c3","c4","perf-customer-0001","perf-customer-0002","perf-customer-0003","perf-customer-0004","perf-customer-0005","perf-customer-0006","perf-customer-0007","perf-customer-0008","perf-customer-0009","perf-customer-0010","perf-customer-0011","perf-customer-0012","perf-customer-0013","perf-customer-0014","perf-customer-0015","perf-customer-0016"],"api":{"status":200,"pageLimit":20,"total":1004,"hasMore":true,"nextCursor":"perf-customer-0016"},"domRowsIncludingHeader":21,"firstPageReadyMs":217,"browser":"Mozilla/5.0 (Windows NT 10.0; Win64; x64; rv:155.0) Gecko/20100101 Firefox/155.0","viewport":{"width":1280,"height":720},"note":"Synthetic customer identities only; the React screen renders one API page and exposes the next cursor instead of mounting the full collection."}

[14/24] [firefox] › tests\fe013.spec.ts:68:1 › FE013.AC01–AC04 stale claim conflict is visible; pick, pack, dispatch and delivery use current API versions once
  4) [firefox] › tests\fe013.spec.ts:68:1 › FE013.AC01–AC04 stale claim conflict is visible; pick, pack, dispatch and delivery use current API versions once 

    Error: expect(locator).toBeVisible() failed

    Locator: getByRole('dialog', { name: 'Rời biểu mẫu chưa lưu?', exact: true })
    Expected: visible
    Timeout: 5000ms
    Error: element(s) not found

    Call log:
      - Expect "toBeVisible" getByRole('dialog', { name: 'Rời biểu mẫu chưa lưu?', exact: true }) with timeout 5000ms
      - waiting for getByRole('dialog', { name: 'Rời biểu mẫu chưa lưu?', exact: true })


      167 |     await replay.getByRole('button', { name: 'Hủy', exact: true }).click();
      168 |     const discardDuplicate = page.getByRole('dialog', { name: 'Rời biểu mẫu chưa lưu?', exact: true });
    > 169 |     await expect(discardDuplicate).toBeVisible();
          |                                    ^
      170 |     await discardDuplicate.getByRole('button', { name: 'Bỏ thay đổi', exact: true }).click();
      171 |     await expect(replay).toBeHidden();
      172 |
        at C:\Users\Joker-PC\Documents\Projects\Bot-AI-Ban-hang-FB\BotSalesAI_Frontend\tests\fe013.spec.ts:169:36

    Error Context: evidence\github-delivery-20261010\ci-browser-matrix\local-targeted-attempt-01\fe013-FE013-AC01–AC04-stal-e2b2e-e-current-API-versions-once-firefox\error-context.md

    Error Context: evidence\github-delivery-20261010\ci-browser-matrix\local-targeted-attempt-01\fe013-FE013-AC01–AC04-stal-e2b2e-e-current-API-versions-once-firefox\error-context.md

    attachment #3: trace (application/zip) ─────────────────────────────────────────────────────────
    evidence\github-delivery-20261010\ci-browser-matrix\local-targeted-attempt-01\fe013-FE013-AC01–AC04-stal-e2b2e-e-current-API-versions-once-firefox\trace.zip
    Usage:

        npx playwright show-trace evidence\github-delivery-20261010\ci-browser-matrix\local-targeted-attempt-01\fe013-FE013-AC01–AC04-stal-e2b2e-e-current-API-versions-once-firefox\trace.zip

    ────────────────────────────────────────────────────────────────────────────────────────────────


(node:45048) Warning: The 'NO_COLOR' env is ignored due to the 'FORCE_COLOR' env being set.
(Use `node --trace-warnings ...` to show where the warning was created)


[15/24] [firefox] › tests\fe013.spec.ts:258:1 › FE013.AC01 role scope and FE013.AC05 responsive shipment/preparation views remain accessible
[16/24] [firefox] › tests\fe021.spec.ts:46:1 › FE021 timezone and privacy validation waits for interaction and blocks invalid writes
[17/24] [firefox] › tests\fe021.spec.ts:249:1 › FE021 mock rejects an invalid report timezone before creating an export job
[18/24] [firefox] › tests\frontend-corrections.spec.ts:191:1 › F01 shop settings merges a server-only locale change and preserves edits typed during save
[19/24] [firefox] › tests\session\demo-worker-startup.spec.ts:17:1 › demo conditional module requests return complete exports without changing live or non-asset caching
[20/24] [firefox] › tests\ui-panel-layout.spec.ts:15:1 › the titled Fulfillment Panel owns its body inset and keeps one 12px header boundary
[21/24] [firefox] › tests\ui012-keyboard.spec.ts:200:1 › UI012 keyboard can reach and horizontally scroll the marketing chart data alternative
[22/24] [firefox] › tests\ui012-keyboard.spec.ts:227:1 › UI012 marketing chart keeps every category label visible beside its data table
[23/24] [firefox] › tests\vertical-slices\fe022-flows.spec.ts:168:1 › FE022.VS03 finance → reconciliation retains bank transaction and partial debt allocation
  5) [firefox] › tests\vertical-slices\fe022-flows.spec.ts:168:1 › FE022.VS03 finance → reconciliation retains bank transaction and partial debt allocation 

    Error: expect(received).toBe(expected) // Object.is equality

    Expected: 202
    Received: 200

      184 |     const importResponse = page.waitForResponse(response => response.request().method() === 'POST' && new URL(response.url()).pathname.endsWith('/bank-transactions/import'));
      185 |     await dialog.getByRole('button', { name: 'Nhập các dòng hợp lệ' }).click();
    > 186 |     expect((await importResponse).status()).toBe(202);
          |                                             ^
      187 |     await expect(dialog.getByRole('link', { name: 'Xem kết quả nhập' })).toBeVisible();
      188 |     await dialog.getByRole('button', { name: 'Hủy' }).click();
      189 |
        at C:\Users\Joker-PC\Documents\Projects\Bot-AI-Ban-hang-FB\BotSalesAI_Frontend\tests\vertical-slices\fe022-flows.spec.ts:186:45

    Error Context: evidence\github-delivery-20261010\ci-browser-matrix\local-targeted-attempt-01\vertical-slices-fe022-flow-cf2e0-and-partial-debt-allocation-firefox\error-context.md

    Error Context: evidence\github-delivery-20261010\ci-browser-matrix\local-targeted-attempt-01\vertical-slices-fe022-flow-cf2e0-and-partial-debt-allocation-firefox\error-context.md

    attachment #3: trace (application/zip) ─────────────────────────────────────────────────────────
    evidence\github-delivery-20261010\ci-browser-matrix\local-targeted-attempt-01\vertical-slices-fe022-flow-cf2e0-and-partial-debt-allocation-firefox\trace.zip
    Usage:

        npx playwright show-trace evidence\github-delivery-20261010\ci-browser-matrix\local-targeted-attempt-01\vertical-slices-fe022-flow-cf2e0-and-partial-debt-allocation-firefox\trace.zip

    ────────────────────────────────────────────────────────────────────────────────────────────────



(node:70668) Warning: The 'NO_COLOR' env is ignored due to the 'FORCE_COLOR' env being set.
(Use `node --trace-warnings ...` to show where the warning was created)

[24/24] [firefox] › tests\vertical-slices\fe022-flows.spec.ts:252:1 › FE022.S05 route and feature matrix covers canonical IDs with executed cases or explicit frontend gaps
  6) [firefox] › tests\vertical-slices\fe022-flows.spec.ts:252:1 › FE022.S05 route and feature matrix covers canonical IDs with executed cases or explicit frontend gaps 

    Error: expect(received).toMatchObject(expected)

    - Expected  - 1
    + Received  + 0

      Object {
        "acceptanceScenarioIds": Array [
          "SC2-F04",
          "SC2-F05",
    -     "SC2-D06",
        ],
        "route": "/s/:shopId/approvals",
      }

      287 |     for (const route of routeManifest.routes) {
      288 |         const row = matrix.find(item => item.routeId === route.id);
    > 289 |         expect(row).toMatchObject({ route: route.path, acceptanceScenarioIds: route.acceptanceScenarioIds });
          |                     ^
      290 |         expect(fs.readFileSync(path.resolve(process.cwd(), row!.source), 'utf8')).toContain(`function ${row!.component}(`);
      291 |         if (sourceOnly) {
      292 |             expect(row).toMatchObject({ state: 'SOURCE_IMPLEMENTED_BROWSER_NOT_REVALIDATED', routeEvidence: { result: 'NOT_RUN' }, journeys: [], featureCoverage: [] });
        at C:\Users\Joker-PC\Documents\Projects\Bot-AI-Ban-hang-FB\BotSalesAI_Frontend\tests\vertical-slices\fe022-flows.spec.ts:289:21

    Error Context: evidence\github-delivery-20261010\ci-browser-matrix\local-targeted-attempt-01\vertical-slices-fe022-flow-22554-s-or-explicit-frontend-gaps-firefox\error-context.md

    Error Context: evidence\github-delivery-20261010\ci-browser-matrix\local-targeted-attempt-01\vertical-slices-fe022-flow-22554-s-or-explicit-frontend-gaps-firefox\error-context.md

    attachment #3: trace (application/zip) ─────────────────────────────────────────────────────────
    evidence\github-delivery-20261010\ci-browser-matrix\local-targeted-attempt-01\vertical-slices-fe022-flow-22554-s-or-explicit-frontend-gaps-firefox\trace.zip
    Usage:

        npx playwright show-trace evidence\github-delivery-20261010\ci-browser-matrix\local-targeted-attempt-01\vertical-slices-fe022-flow-22554-s-or-explicit-frontend-gaps-firefox\trace.zip

    ────────────────────────────────────────────────────────────────────────────────────────────────


  6 failed
    [chromium] › tests\fe013.spec.ts:68:1 › FE013.AC01–AC04 stale claim conflict is visible; pick, pack, dispatch and delivery use current API versions once 
    [chromium] › tests\vertical-slices\fe022-flows.spec.ts:168:1 › FE022.VS03 finance → reconciliation retains bank transaction and partial debt allocation 
    [chromium] › tests\vertical-slices\fe022-flows.spec.ts:252:1 › FE022.S05 route and feature matrix covers canonical IDs with executed cases or explicit frontend gaps 
    [firefox] › tests\fe013.spec.ts:68:1 › FE013.AC01–AC04 stale claim conflict is visible; pick, pack, dispatch and delivery use current API versions once 
    [firefox] › tests\vertical-slices\fe022-flows.spec.ts:168:1 › FE022.VS03 finance → reconciliation retains bank transaction and partial debt allocation 
    [firefox] › tests\vertical-slices\fe022-flows.spec.ts:252:1 › FE022.S05 route and feature matrix covers canonical IDs with executed cases or explicit frontend gaps 
  18 passed (2.0m)
