
> botsales-frontend@0.1.0 test:e2e
> node scripts/run-e2e.mjs tests/ui-finance-layout.spec.ts tests/fe015.spec.ts tests/ui011-date-time.spec.ts tests/ui013-url-state.spec.ts tests/ui012-keyboard.spec.ts tests/vertical-slices/fe022-flows.spec.ts


> npm run setup

> botsales-frontend@0.1.0 setup
> node scripts/setup.mjs

{"status":"PASS","outputs":11,"schemas":283,"operations":210,"routes":54}
Copying the worker script at "C:\Users\Joker-PC\Documents\Projects\Bot-AI-Ban-hang-FB\BotSalesAI_Frontend\apps\web\public"...

Worker script successfully copied!
  - public

Continue by describing the network in your application:


https://mswjs.io/docs/quick-start

Thiết lập xong. npm run dev chạy frontend mô phỏng; không kết nối khách hàng hoặc provider thật.

> npm run build

> botsales-frontend@0.1.0 build
> npm run generate:check && npm run typecheck && npm run build --workspace @botsales/web


> botsales-frontend@0.1.0 generate:check
> node scripts/generate.mjs --check

{"status":"PASS","outputs":11,"schemas":283,"operations":210,"routes":54}

> botsales-frontend@0.1.0 typecheck
> tsc -p apps/web/tsconfig.json --noEmit


> @botsales/web@0.1.0 build
> vite build --mode production

vite v7.3.6 building client environment for production...
transforming...
✓ 2056 modules transformed.
rendering chunks...
computing gzip size...
dist/index.html                              1.19 kB │ gzip:   0.60 kB
dist/assets/index-CNveuCZ2.css               2.48 kB │ gzip:   0.99 kB
dist/assets/download-8lJFmiSZ.js             0.23 kB │ gzip:   0.17 kB
dist/assets/filters-BJmJubfC.js              0.31 kB │ gzip:   0.23 kB
dist/assets/hooks-DFLLi3YT.js                3.19 kB │ gzip:   1.62 kB
dist/assets/index-rEb1VxS-.js                7.79 kB │ gzip:   3.13 kB
dist/assets/index-CBx50rx6.js                8.68 kB │ gzip:   3.65 kB
dist/assets/index-CTdRU6Fz.js                9.03 kB │ gzip:   3.49 kB
dist/assets/index-YglUKoHN.js               13.12 kB │ gzip:   5.41 kB
dist/assets/index-B04Kak2-.js               13.33 kB │ gzip:   4.42 kB
dist/assets/index-iHO1hiWT.js               13.43 kB │ gzip:   5.05 kB
dist/assets/index-Y7WbQadb.js               13.88 kB │ gzip:   5.36 kB
dist/assets/index-DjUNPmO-.js               16.05 kB │ gzip:   5.35 kB
dist/assets/index-Y_Qyb9GF.js               16.08 kB │ gzip:   5.43 kB
dist/assets/index-D_WVkkM-.js               17.21 kB │ gzip:   6.09 kB
dist/assets/index-BWK191dw.js               18.07 kB │ gzip:   6.03 kB
dist/assets/index-BpXlCdJa.js               21.85 kB │ gzip:   7.37 kB
dist/assets/index-B5e_DVwo.js               22.39 kB │ gzip:   8.07 kB
dist/assets/index-DTYgD7WX.js               25.94 kB │ gzip:   8.42 kB
dist/assets/index-BI0yw62F.js               31.29 kB │ gzip:   9.76 kB
dist/assets/query-5vm9EU1C.js               33.15 kB │ gzip:   9.92 kB
dist/assets/index-BW7h_HsR.js               37.31 kB │ gzip:  10.04 kB
dist/assets/i18n-xB0mQYCC.js                46.14 kB │ gzip:  15.12 kB
dist/assets/index-BGh4gZr7.js               75.34 kB │ gzip:  25.04 kB
dist/assets/schemas-jpQ0XMzw.js             79.18 kB │ gzip:  24.03 kB
dist/assets/schema-validation-Bhr7oAQE.js  149.80 kB │ gzip:  45.12 kB
dist/assets/contract-data-Dmdv2cKW.js      262.00 kB │ gzip:  35.24 kB
dist/assets/react-runtime-D0NtfbPC.js      279.78 kB │ gzip:  90.28 kB
dist/assets/charts-CQ4oecFO.js             313.03 kB │ gzip:  94.99 kB
dist/assets/mui-Bz_aCSm2.js                328.33 kB │ gzip: 100.02 kB
✓ built in 3.00s

> npm run build:demo

> botsales-frontend@0.1.0 build:demo
> npm run generate:check && npm run typecheck && npm run build:demo --workspace @botsales/web


> botsales-frontend@0.1.0 generate:check
> node scripts/generate.mjs --check

{"status":"PASS","outputs":11,"schemas":283,"operations":210,"routes":54}

> botsales-frontend@0.1.0 typecheck
> tsc -p apps/web/tsconfig.json --noEmit


> @botsales/web@0.1.0 build:demo
> vite build --mode demo --outDir dist-demo

vite v7.3.6 building client environment for demo...
transforming...
✓ 2272 modules transformed.
rendering chunks...
computing gzip size...
dist-demo/index.html                              1.19 kB │ gzip:   0.59 kB
dist-demo/assets/index-CNveuCZ2.css               2.48 kB │ gzip:   0.99 kB
dist-demo/assets/download-CWiaXb8A.js             0.24 kB │ gzip:   0.17 kB
dist-demo/assets/filters-BJmJubfC.js              0.31 kB │ gzip:   0.23 kB
dist-demo/assets/control-B9mHuWYJ.js              0.72 kB │ gzip:   0.43 kB
dist-demo/assets/hooks-Cunch5FZ.js                3.19 kB │ gzip:   1.62 kB
dist-demo/assets/index-ByJQQqgH.js                8.32 kB │ gzip:   3.32 kB
dist-demo/assets/index-CRbVCYGS.js                8.68 kB │ gzip:   3.64 kB
dist-demo/assets/index-DrpgF6jq.js                9.03 kB │ gzip:   3.50 kB
dist-demo/assets/index-cHtJgihV.js               13.29 kB │ gzip:   5.46 kB
dist-demo/assets/index-Byd4HPO2.js               13.33 kB │ gzip:   4.41 kB
dist-demo/assets/index-CGteU1y0.js               13.57 kB │ gzip:   5.17 kB
dist-demo/assets/index-CLiWsnQp.js               16.20 kB │ gzip:   5.39 kB
dist-demo/assets/index-DKlifQij.js               17.21 kB │ gzip:   6.09 kB
dist-demo/assets/index-wmTmcFNQ.js               18.07 kB │ gzip:   6.03 kB
dist-demo/assets/index-DioGqfcB.js               18.29 kB │ gzip:   6.17 kB
dist-demo/assets/index-FUcbLcz5.js               21.25 kB │ gzip:   7.50 kB
dist-demo/assets/index-BEaEQMOw.js               22.26 kB │ gzip:   7.53 kB
dist-demo/assets/index-D_x00Pv-.js               22.61 kB │ gzip:   8.13 kB
dist-demo/assets/index-Blem5cTL.js               26.41 kB │ gzip:   8.56 kB
dist-demo/assets/query-5vm9EU1C.js               33.15 kB │ gzip:   9.92 kB
dist-demo/assets/index-ClXxH7lk.js               33.40 kB │ gzip:  10.45 kB
dist-demo/assets/index-CyXuTVHK.js               37.31 kB │ gzip:  10.04 kB
dist-demo/assets/i18n-xB0mQYCC.js                46.14 kB │ gzip:  15.12 kB
dist-demo/assets/schemas-jpQ0XMzw.js             79.18 kB │ gzip:  24.03 kB
dist-demo/assets/index-BunAeVZy.js               79.20 kB │ gzip:  26.16 kB
dist-demo/assets/schema-validation-Bhr7oAQE.js  149.80 kB │ gzip:  45.12 kB
dist-demo/assets/service-C09KbfDh.js            159.35 kB │ gzip:  34.71 kB
dist-demo/assets/browser-BRU_nn8g.js            255.20 kB │ gzip:  86.82 kB
dist-demo/assets/contract-data-Bmlj3jVV.js      267.78 kB │ gzip:  36.38 kB
dist-demo/assets/react-runtime-D0NtfbPC.js      279.78 kB │ gzip:  90.28 kB
dist-demo/assets/charts-RcpaDpmM.js             313.03 kB │ gzip:  94.99 kB
dist-demo/assets/mui-azn9KfGV.js                328.33 kB │ gzip: 100.02 kB
✓ built in 3.14s

> node node_modules\@playwright\test\cli.js test tests/ui-finance-layout.spec.ts tests/fe015.spec.ts tests/ui011-date-time.spec.ts tests/ui013-url-state.spec.ts tests/ui012-keyboard.spec.ts tests/vertical-slices/fe022-flows.spec.ts

Running 66 tests using 1 worker

(node:58512) Warning: The 'NO_COLOR' env is ignored due to the 'FORCE_COLOR' env being set.
(Use `node --trace-warnings ...` to show where the warning was created)
  ok  1 [chromium] › tests\fe015.spec.ts:49:1 › FE015.AC01 report filters use exact timezone boundaries and mock API aggregates (2.5s)
  ok  2 [chromium] › tests\fe015.spec.ts:95:1 › FE021.E08 report explanation is mock-only, cites the filtered P&L snapshot, and never writes finance data (1.3s)
  ok  3 [chromium] › tests\fe015.spec.ts:116:1 › UI003 report timestamps follow the active shop timezone (3.2s)
  ok  4 [chromium] › tests\fe015.spec.ts:173:1 › FE015.E02/E03 profit report renders canonical cost, gross-profit and operating-expense values (870ms)
  ok  5 [chromium] › tests\fe015.spec.ts:201:1 › FE015.AC02 journal rejects unbalanced decimal lines before POST and sends exact money strings (2.8s)
  ok  6 [chromium] › tests\fe015.spec.ts:236:1 › FE015.AC02 closed accounting period is visible and disables journal draft creation (2.0s)
  ok  7 [chromium] › tests\fe015.spec.ts:257:1 › FE015.AC03 CSV import keeps partial row failures visible and deduplicates external transactions (1.8s)
  ok  8 [chromium] › tests\fe015.spec.ts:280:1 › UI001 reconciliation cursors stay scoped and dialogs load choices beyond the visible table page (8.2s)
  ok  9 [chromium] › tests\fe015.spec.ts:407:1 › FE015.AC03 COD settlement matches net remittance plus documented fee (3.5s)
  ok 10 [chromium] › tests\fe015.spec.ts:441:1 › FE015.AC03 partial bank allocation leaves the remaining amount and debt visible (2.7s)
  ok 11 [chromium] › tests\fe015.spec.ts:466:1 › FE015.AC03 unknown journal posting is not resent from the same draft (4.1s)
  ok 12 [chromium] › tests\ui-finance-layout.spec.ts:30:1 › Finance R20/R21/R22/R48/R49/R50 route layouts retain shell gutter without horizontal overflow from 320–1440px (28.9s)
  ok 13 [chromium] › tests\ui-finance-layout.spec.ts:62:1 › Finance report, entry, journal, reconciliation and period dialogs remain in the viewport without submitting (12.6s)
  ok 14 [chromium] › tests\ui011-date-time.spec.ts:16:1 › UI011 report defaults use the active shop calendar month at a UTC month boundary (1.7s)
  ok 15 [chromium] › tests\ui011-date-time.spec.ts:29:1 › UI011 journal effective date defaults to the active shop calendar date (1.4s)
  ok 16 [chromium] › tests\ui011-date-time.spec.ts:41:1 › UI011 shipment event input and API instant use the shop timezone, not browser timezone (1.6s)
  ok 17 [chromium] › tests\ui012-keyboard.spec.ts:42:1 › UI012 keyboard-only finance edit handles select, discard warning and focus return (2.9s)
  ok 18 [chromium] › tests\ui012-keyboard.spec.ts:103:1 › UI012 keyboard validation focuses the field named by a synthetic 422 response (2.9s)
  ok 19 [chromium] › tests\ui012-keyboard.spec.ts:160:1 › UI012 keyboard activates the CSV chooser and discards its selected file without upload (1.8s)
  ok 20 [chromium] › tests\ui012-keyboard.spec.ts:200:1 › UI012 keyboard can reach and horizontally scroll the marketing chart data alternative (1.3s)
  ok 21 [chromium] › tests\ui012-keyboard.spec.ts:227:1 › UI012 marketing chart keeps every category label visible beside its data table (2.4s)
  ok 22 [chromium] › tests\ui012-keyboard.spec.ts:268:1 › UI012 inbox feedback actions identify their message and return focus after Escape (2.6s)
  ok 23 [chromium] › tests\ui012-keyboard.spec.ts:301:1 › UI012 order draft does not announce an untouched required customer as invalid (1.2s)
  ok 24 [chromium] › tests\ui012-keyboard.spec.ts:314:1 › UI012 long BotConfig policy literal wraps inside its alert at a 320 CSS-pixel viewport (1.2s)
  ok 25 [chromium] › tests\ui012-keyboard.spec.ts:348:1 › UI012 dashboard CTA separates hover and pressed feedback while keeping keyboard focus visible (3.3s)
  ok 26 [chromium] › tests\ui013-url-state.spec.ts:19:1 › UI013 reconciliation tab deep links and survives refresh; malformed tab safely falls back (5.1s)
  ok 27 [chromium] › tests\ui013-url-state.spec.ts:39:1 › UI013 finance date range deep link, edit, refresh and Back use shop-local filter state (3.2s)
  ok 28 [chromium] › tests\ui013-url-state.spec.ts:70:1 › UI013 report type and export date filters are deep-linkable, refreshable and malformed values fall back safely (3.9s)
  ok 29 [chromium] › tests\vertical-slices\fe022-flows.spec.ts:36:1 › FE022.VS01 catalog → stock → order → prep keeps product, reservation, and order references linked (3.2s)
  ok 30 [chromium] › tests\vertical-slices\fe022-flows.spec.ts:90:1 › FE022.VS02 procurement → approval → receipt → stock and payable preserves the purchase identity (6.4s)
  ok 31 [chromium] › tests\vertical-slices\fe022-flows.spec.ts:166:1 › FE022.VS03 finance → reconciliation retains bank transaction and partial debt allocation (2.0s)
  ok 32 [chromium] › tests\vertical-slices\fe022-flows.spec.ts:202:1 › FE022.VS04 inbox → knowledge draft → bot evaluation preserves feedback and revision source IDs (3.1s)
  ok 33 [chromium] › tests\vertical-slices\fe022-flows.spec.ts:244:1 › FE022.S05 route and feature matrix covers canonical IDs with executed cases or explicit frontend gaps (269ms)
(node:47280) Warning: The 'NO_COLOR' env is ignored due to the 'FORCE_COLOR' env being set.
(Use `node --trace-warnings ...` to show where the warning was created)
  ok 34 [firefox] › tests\fe015.spec.ts:49:1 › FE015.AC01 report filters use exact timezone boundaries and mock API aggregates (2.0s)
  ok 35 [firefox] › tests\fe015.spec.ts:95:1 › FE021.E08 report explanation is mock-only, cites the filtered P&L snapshot, and never writes finance data (1.5s)
  ok 36 [firefox] › tests\fe015.spec.ts:116:1 › UI003 report timestamps follow the active shop timezone (3.3s)
  ok 37 [firefox] › tests\fe015.spec.ts:173:1 › FE015.E02/E03 profit report renders canonical cost, gross-profit and operating-expense values (1.1s)
  ok 38 [firefox] › tests\fe015.spec.ts:201:1 › FE015.AC02 journal rejects unbalanced decimal lines before POST and sends exact money strings (3.0s)
  ok 39 [firefox] › tests\fe015.spec.ts:236:1 › FE015.AC02 closed accounting period is visible and disables journal draft creation (2.2s)
  ok 40 [firefox] › tests\fe015.spec.ts:257:1 › FE015.AC03 CSV import keeps partial row failures visible and deduplicates external transactions (2.2s)
  ok 41 [firefox] › tests\fe015.spec.ts:280:1 › UI001 reconciliation cursors stay scoped and dialogs load choices beyond the visible table page (9.7s)
  ok 42 [firefox] › tests\fe015.spec.ts:407:1 › FE015.AC03 COD settlement matches net remittance plus documented fee (4.1s)
  ok 43 [firefox] › tests\fe015.spec.ts:441:1 › FE015.AC03 partial bank allocation leaves the remaining amount and debt visible (3.7s)
  ok 44 [firefox] › tests\fe015.spec.ts:466:1 › FE015.AC03 unknown journal posting is not resent from the same draft (4.5s)
  ok 45 [firefox] › tests\ui-finance-layout.spec.ts:30:1 › Finance R20/R21/R22/R48/R49/R50 route layouts retain shell gutter without horizontal overflow from 320–1440px (34.5s)
  ok 46 [firefox] › tests\ui-finance-layout.spec.ts:62:1 › Finance report, entry, journal, reconciliation and period dialogs remain in the viewport without submitting (13.3s)
  ok 47 [firefox] › tests\ui011-date-time.spec.ts:16:1 › UI011 report defaults use the active shop calendar month at a UTC month boundary (1.8s)
  ok 48 [firefox] › tests\ui011-date-time.spec.ts:29:1 › UI011 journal effective date defaults to the active shop calendar date (1.5s)
  ok 49 [firefox] › tests\ui011-date-time.spec.ts:41:1 › UI011 shipment event input and API instant use the shop timezone, not browser timezone (1.7s)
  ok 50 [firefox] › tests\ui012-keyboard.spec.ts:42:1 › UI012 keyboard-only finance edit handles select, discard warning and focus return (3.2s)
  ok 51 [firefox] › tests\ui012-keyboard.spec.ts:103:1 › UI012 keyboard validation focuses the field named by a synthetic 422 response (3.4s)
  ok 52 [firefox] › tests\ui012-keyboard.spec.ts:160:1 › UI012 keyboard activates the CSV chooser and discards its selected file without upload (2.0s)
  ok 53 [firefox] › tests\ui012-keyboard.spec.ts:200:1 › UI012 keyboard can reach and horizontally scroll the marketing chart data alternative (2.3s)
  ok 54 [firefox] › tests\ui012-keyboard.spec.ts:227:1 › UI012 marketing chart keeps every category label visible beside its data table (2.7s)
  ok 55 [firefox] › tests\ui012-keyboard.spec.ts:268:1 › UI012 inbox feedback actions identify their message and return focus after Escape (2.7s)
  ok 56 [firefox] › tests\ui012-keyboard.spec.ts:301:1 › UI012 order draft does not announce an untouched required customer as invalid (1.3s)
  ok 57 [firefox] › tests\ui012-keyboard.spec.ts:314:1 › UI012 long BotConfig policy literal wraps inside its alert at a 320 CSS-pixel viewport (1.3s)
  ok 58 [firefox] › tests\ui012-keyboard.spec.ts:348:1 › UI012 dashboard CTA separates hover and pressed feedback while keeping keyboard focus visible (3.6s)
  ok 59 [firefox] › tests\ui013-url-state.spec.ts:19:1 › UI013 reconciliation tab deep links and survives refresh; malformed tab safely falls back (5.2s)
  ok 60 [firefox] › tests\ui013-url-state.spec.ts:39:1 › UI013 finance date range deep link, edit, refresh and Back use shop-local filter state (3.8s)
  ok 61 [firefox] › tests\ui013-url-state.spec.ts:70:1 › UI013 report type and export date filters are deep-linkable, refreshable and malformed values fall back safely (4.1s)
  ok 62 [firefox] › tests\vertical-slices\fe022-flows.spec.ts:36:1 › FE022.VS01 catalog → stock → order → prep keeps product, reservation, and order references linked (4.1s)
  ok 63 [firefox] › tests\vertical-slices\fe022-flows.spec.ts:90:1 › FE022.VS02 procurement → approval → receipt → stock and payable preserves the purchase identity (7.9s)
  ok 64 [firefox] › tests\vertical-slices\fe022-flows.spec.ts:166:1 › FE022.VS03 finance → reconciliation retains bank transaction and partial debt allocation (2.5s)
  ok 65 [firefox] › tests\vertical-slices\fe022-flows.spec.ts:202:1 › FE022.VS04 inbox → knowledge draft → bot evaluation preserves feedback and revision source IDs (3.8s)
  ok 66 [firefox] › tests\vertical-slices\fe022-flows.spec.ts:244:1 › FE022.S05 route and feature matrix covers canonical IDs with executed cases or explicit frontend gaps (219ms)

  66 passed (4.8m)
W15_TARGETED_FINANCE_E2E_EXIT_CODE=0
