{
  "executedAt": "2026-10-09T05:26:09.148Z",
  "taskId": "FE020",
  "stepId": "S02",
  "facts": [
    {
      "name": "Canonical task criteria",
      "action": "Hoàn thiện approval queue/tasks/briefing/team-policy/runtime readiness UI; các quyết định/bản tin mock có ID/version/source/timestamps.",
      "verification": "Luồng happy path có payload/request và thay đổi state mock quan sát được; dữ liệu trả đúng schema và totals từ API. Ghi command/cwd/exit code, expected/observed, log/hash và source snapshot thực. Scope FRONTEND_WITH_SYNTHETIC_MOCK_API; không dùng kết quả prototype hoặc backend chưa chạy."
    },
    {
      "name": "Current task contract/source ownership",
      "routes": [
        {
          "id": "R37",
          "source": "apps/web/src/modules/operations/index.tsx",
          "component": "OperationsPage"
        },
        {
          "id": "R38",
          "source": "apps/web/src/modules/operations/index.tsx",
          "component": "ApprovalsPage"
        },
        {
          "id": "R52",
          "source": "apps/web/src/modules/operations/index.tsx",
          "component": "DigestsPage"
        }
      ],
      "operationIds": [
        "claimWorkItem",
        "controlAutomation",
        "decideApproval",
        "getApproval",
        "getOperationsSummary",
        "listApprovals",
        "listDigests",
        "listWorkItems",
        "updateWorkItem"
      ],
      "crosswalk": {
        "operations": 210,
        "files": 71,
        "calls": 222,
        "unresolved": 0
      }
    },
    {
      "name": "Named executed owner behavior",
      "scope": "owner suite",
      "cases": [
        "FE020.AC01 approval detail is fetched and a changed source resource rejects the stale decision",
        "FE020.AC02/03 work-item actions follow allowedActions and operations health stays explicitly synthetic",
        "FE020.AC03 role pause control uses the canonical versioned mock and never claims readiness",
        "FE020.F03 operations exception filter groups overdue, blocked, and unclaimed synthetic work",
        "FE020.F05 delegation rule preview stays local and grants no API approval capability",
        "FE020.F06/H01 digest and dependency health panels show synthetic history without claiming workers are ready",
        "FE027.H08 restore and release readiness stay unknown without a verified rehearsal or deployment gate",
        "A01 order lines keep intrinsic remove actions with clean and invalid quantities",
        "A02 product editors align category and status faces independently from lookup metadata",
        "Shared outlined labels focus empty and populated native controls",
        "A02 variant fields retain readable widths when text doubles",
        "A03 import mapping preserves natural remove actions and editable mappings",
        "A04 full precision money wraps outside tables and remains unbroken in the named scroll region",
        "A05 status height follows its own label while long labels remain fully readable",
        "A06 Empty wraps unbroken reference text and retains its keyboard action",
        "A07 locked order addresses expose full text and edit lines retain intrinsic actions"
      ],
      "executions": 32,
      "assertionInventory": [
        {
          "file": "tests/fe020.spec.ts",
          "sha256": "a999f67c5308dee76342950570556a50202d60a3aac182672ac062ec021cd659",
          "cases": [
            {
              "title": "FE020.AC01 approval detail is fetched and a changed source resource rejects the stale decision",
              "line": 43,
              "assertions": [
                "expect(row).toBeVisible()",
                "expect(detailResponse.status()).toBe(200)",
                "expect(detail).toMatchObject({ id: approval.id, status: 'pending', intentHash: approval.intentHash, resourceVersion: approval.resourceVersion })",
                "expect(dialog.getByText('synthetic-policy-1', { exact: true })).toBeVisible()",
                "expect(dialog.getByText(new RegExp(`phiên bản ${approval.resourceVersion}`, 'i'))).toBeVisible()",
                "expect(mutations.wrongIntentStatus).toBe(409)",
                "expect(mutations.wrongIntentProblem.detail).toBe('Nội dung phê duyệt đã đổi.')",
                "expect(mutations.cancelStatus).toBe(202)",
                "expect(body).toMatchObject({ expectedVersion: approval.version, intentHash: approval.intentHash, decision: 'approve' })",
                "expect((await decisionResponse).status()).toBe(409)",
                "expect(dialog.getByRole('alert').filter({ hasText: 'Đơn mua đã thay đổi sau khi xin duyệt.' })).toBeVisible()",
                "expect(dialog.getByRole('textbox', { name: 'Lý do quyết định' })).toHaveValue('Không duyệt vì nguồn đã thay đổi sau khi xin duyệt.')"
              ],
              "projects": [
                "chromium",
                "firefox"
              ]
            },
            {
              "title": "FE020.AC02/03 work-item actions follow allowedActions and operations health stays explicitly synthetic",
              "line": 89,
              "assertions": [
                "expect(page.getByText('Dữ liệu vận hành và trạng thái dịch vụ đang được mô phỏng', { exact: false })).toBeVisible()",
                "expect(page.getByRole('button', { name: 'Cập nhật', exact: true })).toHaveCount(0)",
                "expect(page.getByText('Được phép: Không có hành động', { exact: true }).first()).toBeVisible()",
                "expect(attempt.status).toBe(409)",
                "expect(attempt.problem.code).toBe('CAPABILITY_UNAVAILABLE')",
                "expect(attempt.claimStatus).toBe(409)",
                "expect(attempt.claimProblem.code).toBe('CAPABILITY_UNAVAILABLE')",
                "expect(page.getByText('Bản tin mẫu', { exact: false })).toBeVisible()",
                "expect(page.getByText('Đây là dữ liệu mô phỏng.', { exact: false })).toBeVisible()",
                "expect(page.getByText('digest-01 · phiên bản 1', { exact: true })).toBeVisible()",
                "expect(page.getByText('Không có mục công việc được tham chiếu', { exact: true })).toBeVisible()",
                "expect(page.getByText(/Chưa có API tạo\\/sửa lịch bản tin/)).toBeVisible()",
                "expect(page.getByText('Chưa kiểm tra thực tế', { exact: true }).first()).toBeVisible()",
                "expect(page.getByRole('button', { name: /Tạo lịch bản tin|Lưu lịch bản tin/ })).toHaveCount(0)",
                "expect(page.getByRole('button', { name: 'Tạm dừng vai trò' })).toHaveCount(0)",
                "expect(page.getByRole('button', { name: 'Kiểm tra điều kiện tiếp tục' })).toHaveCount(0)",
                "expect(denied.status).toBe(403)",
                "expect(denied.problem.code).toBe('FORBIDDEN')"
              ],
              "projects": [
                "chromium",
                "firefox"
              ]
            },
            {
              "title": "FE020.AC03 role pause control uses the canonical versioned mock and never claims readiness",
              "line": 140,
              "assertions": [
                "expect(body).toMatchObject({ expectedVersion: 1, scope: 'role', action: 'resume', reason: 'Kiểm tra mô phỏng policy và version hiện tại.' })",
                "expect(body.resourceId).toBeTruthy()",
                "expect((await responseWait).status()).toBe(202)",
                "expect(dialog).toHaveCount(0)",
                "expect(page.getByText(/Thế hệ 2 · Chưa cấu hình/).first()).toBeVisible()",
                "expect(page.getByText(/healthy|Đã sẵn sàng/)).toHaveCount(0)"
              ],
              "projects": [
                "chromium",
                "firefox"
              ]
            },
            {
              "title": "FE020.F03 operations exception filter groups overdue, blocked, and unclaimed synthetic work",
              "line": 157,
              "assertions": [
                "expect(panel).toContainText('Chỉ lọc trang dữ liệu hiện đang tải')",
                "expect(table.getByRole('row').filter({ hasText: sourceRef })).toBeVisible()",
                "expect(table.getByRole('row').filter({ hasText: 'DH-DEMO-PAID-01' })).toHaveCount(0)",
                "expect(table.getByRole('row')).toHaveCount(4)",
                "expect(table.getByRole('row').filter({ hasText: 'DH-DEMO-PAID-01' })).toBeVisible()",
                "expect(table.getByRole('row')).toHaveCount(5)",
                "expect(writes).toEqual([])"
              ],
              "projects": [
                "chromium",
                "firefox"
              ]
            },
            {
              "title": "FE020.F05 delegation rule preview stays local and grants no API approval capability",
              "line": 178,
              "assertions": [
                "expect(preview).toContainText('Kho & mua hàng')",
                "expect(preview).toContainText('450.000 VND')",
                "expect(preview).toContainText('không nâng scope')",
                "expect(writes).toEqual([])"
              ],
              "projects": [
                "chromium",
                "firefox"
              ]
            },
            {
              "title": "FE020.F06/H01 digest and dependency health panels show synthetic history without claiming workers are ready",
              "line": 195,
              "assertions": [
                "expect(digestsResponse.status()).toBe(200)",
                "expect(healthResponse.status()).toBe(200)",
                "expect(page.getByRole('heading', { name: 'Bản tin & sức khỏe hệ thống', exact: true })).toBeVisible()",
                "expect(page.getByText('Đây là dữ liệu mô phỏng.', { exact: false })).toBeVisible()",
                "expect(page.getByRole('heading', { name: 'Bản tin điều hành', exact: true })).toBeVisible()",
                "expect(page.getByText(digest.id, { exact: false })).toBeVisible()",
                "expect(page.getByText(digest.text, { exact: true })).toBeVisible()",
                "expect(digest.status).toBe('draft')",
                "expect(check.status).toBe('unknown')",
                "expect(check.checkedAt).toBeNull()",
                "expect(page.getByText(check.component, { exact: true })).toBeVisible()",
                "expect(page.getByText(check.reason, { exact: true })).toHaveCount(summary.health.filter(candidate => candidate.reason === check.reason).length)",
                "expect(page.getByText('Chưa kiểm tra thực tế', { exact: true })).toHaveCount(summary.health.length)",
                "expect(page.getByText(/Chưa có API tạo\\/sửa lịch bản tin/)).toBeVisible()",
                "expect(writes).toEqual([])"
              ],
              "projects": [
                "chromium",
                "firefox"
              ]
            },
            {
              "title": "FE027.H08 restore and release readiness stay unknown without a verified rehearsal or deployment gate",
              "line": 228,
              "assertions": [
                "expect(preview).toContainText('Diễn tập khôi phục bản sao lưu')",
                "expect(preview).toContainText('Kiểm tra freshness của artifact và revision')",
                "expect(preview).toContainText('Gates triển khai và kết quả CI')",
                "expect(preview).toContainText('Môi trường/provider sau khi khôi phục')",
                "expect(preview.getByText('Chưa xác minh', { exact: true })).toHaveCount(4)",
                "expect(preview).toContainText('không thể cấp tín hiệu cho phép phát hành')",
                "expect(readinessCalls).toEqual([])",
                "expect(writes).toEqual([])"
              ],
              "projects": [
                "chromium",
                "firefox"
              ]
            }
          ]
        },
        {
          "file": "tests/ui-component-layout.spec.ts",
          "sha256": "ed0f76f9f902a593d991c50bba9163d0d2a66a9df07478643779c09b83041e67",
          "cases": [
            {
              "title": "A01 order lines keep intrinsic remove actions with clean and invalid quantities",
              "line": 40,
              "assertions": [
                "expect(page.getByRole('button', { name: 'Bỏ dòng 1', exact: true })).toBeVisible()",
                "expect(geometry.actual).toBeLessThanOrEqual(geometry.natural + 1)",
                "expect(page.getByRole('combobox', { name: 'Sản phẩm 2', exact: true })).toBeVisible()",
                "expect(page.getByRole('combobox', { name: 'Sản phẩm 2', exact: true })).toHaveCount(0)"
              ],
              "projects": [
                "chromium",
                "firefox"
              ]
            },
            {
              "title": "A02 product editors align category and status faces independently from lookup metadata",
              "line": 61,
              "assertions": [
                "expect(page.getByRole('textbox', { name: 'Tìm danh mục', exact: true })).toBeVisible()",
                "expect(page.getByText('Đã tải 3 lựa chọn', { exact: true })).toBeVisible()",
                "expect(Math.abs(geometry.category.y - geometry.status.y)).toBeLessThanOrEqual(1)",
                "expect(geometry.status.y).toBeGreaterThan(geometry.category.y)",
                "expect(page.getByText('Không tìm thấy danh mục phù hợp.', { exact: true })).toBeVisible()",
                "expect(page.getByRole('textbox', { name: 'Tên sản phẩm', exact: true })).toHaveValue('Bản nháp cần giữ')",
                "expect(Math.abs(category!.y - status!.y)).toBeLessThanOrEqual(1)"
              ],
              "projects": [
                "chromium",
                "firefox"
              ]
            },
            {
              "title": "Shared outlined labels focus empty and populated native controls",
              "line": 84,
              "assertions": [
                "expect(control).toBeFocused()",
                "expect(control).toHaveValue(value)"
              ],
              "projects": [
                "chromium",
                "firefox"
              ]
            },
            {
              "title": "A02 variant fields retain readable widths when text doubles",
              "line": 99,
              "assertions": [
                "expect(name).toBeVisible()",
                "expect(labels.length).toBeGreaterThanOrEqual(3)",
                "expect(labels.filter(label => label.overlaps || label.outsideField)).toEqual([])",
                "expect(label.fieldBounds.right - label.fieldBounds.left).toBeGreaterThanOrEqual(120)",
                "expect(name).toHaveValue('Bản nháp biến thể cần giữ')",
                "expect(page.getByRole('textbox', { name: 'Tên / màu / kích cỡ', exact: true })).toHaveCount(initial + 1)",
                "expect(page.getByRole('textbox', { name: 'Tên / màu / kích cỡ', exact: true })).toHaveCount(initial)",
                "expect(name).toHaveValue('Bản nháp biến thể cần giữ')"
              ],
              "projects": [
                "chromium",
                "firefox"
              ]
            },
            {
              "title": "A03 import mapping preserves natural remove actions and editable mappings",
              "line": 130,
              "assertions": [
                "expect(remove).toHaveCount(5)",
                "expect(geometry.actual).toBeLessThanOrEqual(geometry.natural + 1)",
                "expect(remove).toHaveCount(4)",
                "expect(remove).toHaveCount(5)",
                "expect(page.getByRole('textbox', { name: 'Tên cột trong tệp', exact: true }).first()).toHaveValue('Mã SKU đã sửa')"
              ],
              "projects": [
                "chromium",
                "firefox"
              ]
            },
            {
              "title": "A04 full precision money wraps outside tables and remains unbroken in the named scroll region",
              "line": 150,
              "assertions": [
                "expect(amount).toHaveCount(2)",
                "expect(page.getByText(expected.negative, { exact: true })).toBeVisible()",
                "expect(await amount.first().evaluate(node => getComputedStyle(node).whiteSpace)).toBe('normal')",
                "expect(await amount.last().evaluate(node => getComputedStyle(node).whiteSpace)).toBe('nowrap')",
                "expect(clipping).toBe(false)",
                "expect(overflow).toBe(true)",
                "expect.poll(() => table.evaluate(node => node.scrollLeft)).toBeGreaterThan(before)",
                "expect.poll(() => table.evaluate(node => node.scrollLeft))",
                "expect(await table.evaluate(node => node.scrollLeft)).toBe(before)",
                "expect((await new AxeBuilder({ page }).include('main').analyze()).violations).toEqual([])"
              ],
              "projects": [
                "chromium",
                "firefox"
              ]
            },
            {
              "title": "A05 status height follows its own label while long labels remain fully readable",
              "line": 176,
              "assertions": [
                "expect(geometry.actual).toBeLessThanOrEqual(Math.max(geometry.minimum, geometry.label) + 1)",
                "expect(geometry.actual).toBeLessThanOrEqual(intrinsicSize.natural + 1)",
                "expect(long).toHaveText('Trạng thái chưa biết ' + 'A'.repeat(120))",
                "expect(await long.evaluate(node => node.scrollWidth <= node.clientWidth + 1)).toBe(true)",
                "expect((await new AxeBuilder({ page }).include('main').analyze()).violations).toEqual([])"
              ],
              "projects": [
                "chromium",
                "firefox"
              ]
            },
            {
              "title": "A06 Empty wraps unbroken reference text and retains its keyboard action",
              "line": 195,
              "assertions": [
                "expect(page.getByRole('status')).toContainText('Mã tham chiếu: ' + 'A'.repeat(120))",
                "expect(await text.evaluate(node => node.scrollWidth <= node.clientWidth + 1)).toBe(true)",
                "expect(action).toBeFocused()",
                "expect((await new AxeBuilder({ page }).include('main').analyze()).violations).toEqual([])"
              ],
              "projects": [
                "chromium",
                "firefox"
              ]
            },
            {
              "title": "A07 locked order addresses expose full text and edit lines retain intrinsic actions",
              "line": 208,
              "assertions": [
                "expect(dialog).toBeVisible()",
                "expect(address).toBeVisible()",
                "expect(dialog.getByRole('combobox', { name: /^Địa chỉ giao hàng/ })).toHaveCount(0)",
                "expect(dialog.getByRole('combobox', { name: /^Thanh toán/ })).toHaveCount(0)",
                "expect(dialog.getByRole('group', { name: 'Thanh toán', exact: true })).toContainText('Thu khi giao (COD)')",
                "expect(addressText).toHaveText(expected)",
                "expect(await addressText.evaluate(node => node.scrollWidth <= node.clientWidth + 1 && getComputedStyle(node).textOverflow !== 'ellipsis')).toBe(true)",
                "expect(geometry.actual).toBeLessThanOrEqual(geometry.natural + 1)",
                "expect(addressText).toHaveText(original!)",
                "expect((await new AxeBuilder({ page }).include('[role=\"dialog\"]').analyze()).violations).toEqual([])",
                "expect(option).toBeVisible()",
                "expect(await option.evaluate(node => {\n            const paper = node.closest('.MuiPaper-root')!.getBoundingClientRect(), range = document.createRange(); range.selectNodeContents(node);\n            return getComputedStyle(node).whiteSpace === 'normal' && [...range.getClientRects()].every(rect => rect.left >= paper.left - 1 && rect.right <= paper.right + 1);\n        })).toBe(true)",
                "expect(page.getByRole('listbox')).toHaveCount(0)"
              ],
              "projects": [
                "chromium",
                "firefox"
              ]
            }
          ]
        }
      ]
    },
    {
      "name": "Current shared dependency regressions",
      "unit": 181,
      "domain": 88,
      "sourceMap": 16,
      "browser": 624,
      "builtArtifact": 6,
      "limits": "Counts describe distinct suites; they are not added into a checkpoint percentage. Owner case and source checks above are required independently."
    },
    {
      "name": "Executed unit owners",
      "owners": [
        {
          "file": "apps/web/tests/versioned-draft.test.tsx",
          "sha256": "664d2c84a48ed012aee2039b70cd322fa63186e254b5cd246f86edc803b81ee8",
          "cases": [
            "F01/F02/F03 keeps the baseline version and draft across unrelated and conflicting server changes",
            "F01 requires choices for both-side changes and treats arrays as one field",
            "F01 rejects outdated comparison choices when the server changes again",
            "F01 removes newly hidden fields from comparison and outgoing patches",
            "F05-style save completion preserves edits made after submission and commits the authoritative version",
            "fingerprints ignore object key order but preserve array order, null and empty values",
            "F01 releases a dismissed editor baseline before reopening the same resource with newer data"
          ]
        },
        {
          "file": "apps/web/tests/command-lifetime.test.tsx",
          "sha256": "9c85b3fedbb57f9169f878112a0494121532be434b4a8fd1165955c61d36e2f5",
          "cases": [
            "F04 rejects a retained execute function from a previous scope before HTTP",
            "F04 does not report success when the scope closes while authoritative cache refresh is pending",
            "F04 rejects a pre-aborted execution without sending or recording an unknown mutation",
            "F04 only completes after authoritative success while the StrictMode scope remains alive"
          ]
        },
        {
          "file": "apps/web/tests/scope-events.test.tsx",
          "sha256": "5cea51724d2f1ca1c1d34325b7b310e57ff35754510452117e20329f301bb622",
          "cases": [
            "F09 narrows identified Inbox events and ignores duplicate/out-of-order/foreign-shop events",
            "F09 revocation closes the stream and refreshes the session even when its sequence is old",
            "F09 rejects callbacks from a disposed stream after shop/permission changes or unmount"
          ]
        }
      ],
      "limit": "Literal owner titles bind actual verbose output; parameterized cases remain covered by the whole 181-case run, without inventing separate executions."
    },
    {
      "name": "Compiled width behavior",
      "routeObservations": 216,
      "focusedCases": 70,
      "artifact": "built-shared-review.json",
      "limit": "Actual compiled geometry/axe/keyboard; counts remain separate from full browser suite."
    }
  ],
  "executionRecords": [
    {
      "stage": "composer-stability",
      "startedAt": "2026-10-09T05:07:15.134Z",
      "finishedAt": "2026-10-09T05:08:10.178Z",
      "log": {
        "path": "BotSalesAI_Frontend/evidence/frontend-spacing-density-20261009/runs/density-1791522425617-76720/composer-stability.log",
        "sha256": "c079a393ffdf279c19f59e441cbf4ff5dab6167a5476fbc4d1bfaad7d793da56"
      },
      "sourceDrift": []
    },
    {
      "stage": "imports-clearance-regression",
      "startedAt": "2026-10-09T05:08:19.164Z",
      "finishedAt": "2026-10-09T05:08:39.156Z",
      "log": {
        "path": "BotSalesAI_Frontend/evidence/frontend-spacing-density-20261009/runs/density-1791522490344-8672/imports-clearance-regression.log",
        "sha256": "950791e791deafe07d84a64fcbecb6479f91ee1dcd33b86f6eb82521d196ae2a"
      },
      "sourceDrift": []
    },
    {
      "stage": "e2e",
      "startedAt": "2026-10-09T03:47:09.137Z",
      "finishedAt": "2026-10-09T04:47:48.711Z",
      "log": {
        "path": "BotSalesAI_Frontend/evidence/frontend-spacing-density-20261009/runs/density-1791517621537-90700/e2e.log",
        "sha256": "8c35ba10b993a303946c89addd4dcb04c7fc718f5cff8daa5a74f2e3fd8fe85d"
      },
      "sourceDrift": []
    },
    {
      "stage": "verify",
      "startedAt": "2026-10-09T03:44:04.675Z",
      "finishedAt": "2026-10-09T03:47:01.145Z",
      "log": {
        "path": "BotSalesAI_Frontend/evidence/frontend-spacing-density-20261009/runs/density-1791517444670-94456/verify.log",
        "sha256": "fe34adfd7fbd0931c58b87f7e5405aa833e13009571d6cc92d5517e9b15ab0f0"
      },
      "sourceDrift": []
    },
    {
      "stage": "unit",
      "startedAt": "2026-10-09T03:42:18.472Z",
      "finishedAt": "2026-10-09T03:42:24.862Z",
      "log": {
        "path": "BotSalesAI_Frontend/evidence/frontend-spacing-density-20261009/runs/density-1791517338471-44912/unit.log",
        "sha256": "d1928a0902ebc21f0c0780bc9467ca4e0f52beb179b91314a6cf1533aee097a8"
      },
      "sourceDrift": []
    },
    {
      "stage": "source-maps",
      "startedAt": "2026-10-09T03:47:01.271Z",
      "finishedAt": "2026-10-09T03:47:01.452Z",
      "log": {
        "path": "BotSalesAI_Frontend/evidence/frontend-spacing-density-20261009/runs/density-1791517621270-95168/source-maps.log",
        "sha256": "a7dc3557124f4394e17cdb8a7a42cd23a7ee839ade15529024a2fa2d7cb76e33"
      },
      "sourceDrift": []
    },
    {
      "stage": "built-demo",
      "startedAt": "2026-10-09T04:48:06.078Z",
      "finishedAt": "2026-10-09T04:51:16.462Z",
      "log": {
        "path": "BotSalesAI_Frontend/evidence/frontend-spacing-density-20261009/runs/density-1791521277863-27488/built-demo.log",
        "sha256": "4c4a6c6fdcbbd0bfa0e5344760595a858ad7e5df5662cdcfbdb32c0d8380db58"
      },
      "sourceDrift": []
    },
    {
      "stage": "startup-cache-regression",
      "startedAt": "2026-10-09T05:11:14.912Z",
      "finishedAt": "2026-10-09T05:11:36.059Z",
      "log": {
        "path": "BotSalesAI_Frontend/evidence/frontend-spacing-density-20261009/runs/density-1791522665730-96308/startup-cache-regression.log",
        "sha256": "b78941e75dca7664227a303ce9bbb0e70d77c3957ae994adfbd112ae2be241d3"
      },
      "sourceDrift": []
    },
    {
      "stage": "label-regression",
      "startedAt": "2026-10-09T05:10:37.682Z",
      "finishedAt": "2026-10-09T05:11:05.627Z",
      "log": {
        "path": "BotSalesAI_Frontend/evidence/frontend-spacing-density-20261009/runs/density-1791522628388-90736/label-regression.log",
        "sha256": "f28164351bc45da0b3df30632d3557484bc591686832bb955d35119531c55684"
      },
      "sourceDrift": []
    },
    {
      "stage": "variant-regression",
      "startedAt": "2026-10-09T05:09:47.479Z",
      "finishedAt": "2026-10-09T05:10:28.292Z",
      "log": {
        "path": "BotSalesAI_Frontend/evidence/frontend-spacing-density-20261009/runs/density-1791522578658-74300/variant-regression.log",
        "sha256": "62f3d31abc4f6d7965fb2f70604b46342b5b0d978064d34f335264ad9171c42f"
      },
      "sourceDrift": []
    },
    {
      "stage": "label-focus-regression",
      "startedAt": "2026-10-09T05:09:17.882Z",
      "finishedAt": "2026-10-09T05:09:38.570Z",
      "log": {
        "path": "BotSalesAI_Frontend/evidence/frontend-spacing-density-20261009/runs/density-1791522549023-26236/label-focus-regression.log",
        "sha256": "6891aae72dc105e22e42f974e8faf94492ed251b3c7f67146a0a2ae6335e96ab"
      },
      "sourceDrift": []
    },
    {
      "stage": "composer-regression",
      "startedAt": "2026-10-09T05:08:48.237Z",
      "finishedAt": "2026-10-09T05:09:08.934Z",
      "log": {
        "path": "BotSalesAI_Frontend/evidence/frontend-spacing-density-20261009/runs/density-1791522519245-33232/composer-regression.log",
        "sha256": "1fcc0bfd08e59012b4cf1aad212270969d3f68a497ceac5c02e2e27a5995a176"
      },
      "sourceDrift": []
    }
  ],
  "sourceSnapshotSha256": "627ad5c3515369c00ab6c3a3a84b055ef2762caa4ff204f803f2fc7bcb6cccc4"
}
