
> botsales-frontend@0.1.0 test:e2e
> playwright test tests/fe020.spec.ts --grep FE020 partial digest or readiness --reporter=line --timeout=20000


Running 1 test using 1 worker



[1A[2K(node:31864) Warning: The 'NO_COLOR' env is ignored due to the 'FORCE_COLOR' env being set.
(Use `node --trace-warnings ...` to show where the warning was created)

[1A[2K(node:31864) Warning: The 'NO_COLOR' env is ignored due to the 'FORCE_COLOR' env being set.
(Use `node --trace-warnings ...` to show where the warning was created)

[1A[2K[1/1] [chromium] › tests\fe020.spec.ts:301:1 › FE020 partial digest or readiness failure leaves the independent pane usable
[1A[2K  1) [chromium] › tests\fe020.spec.ts:301:1 › FE020 partial digest or readiness failure leaves the independent pane usable › Expect "poll toBe" 

    Error: [2mexpect([22m[31mreceived[39m[2m).[22mtoBe[2m([22m[32mexpected[39m[2m) // Object.is equality[22m

    Expected: [32mtrue[39m
    Received: [31mfalse[39m

    Call Log:
    - Timeout 10000ms exceeded while waiting on the predicate

      166 |         window.dispatchEvent(new PopStateEvent('popstate', { state: window.history.state }));
      167 |     });
    > 168 |     await expect.poll(() => summaryResponses.some(response => response.status === 503), { timeout: 10000 }).toBe(true);
          |     ^
      169 |     const failed = summaryResponses.find(response => response.status === 503);
      170 |     expect(failed).toBeTruthy();
      171 |     await expect(page.getByRole('alert').filter({ hasText: 'Lỗi dịch vụ mô phỏng' })).toBeVisible();
        at C:\Users\Joker-PC\Documents\Projects\Bot-AI-Ban-hang-FB\BotSalesAI_Frontend\tests\fe020.spec.ts:168:5

    Error Context: test-results\fe020-FE020-partial-digest-66c63-the-independent-pane-usable-chromium\error-context.md

    attachment #2: trace (application/zip) ─────────────────────────────────────────────────────────
    test-results\fe020-FE020-partial-digest-66c63-the-independent-pane-usable-chromium\trace.zip
    Usage:

        npx playwright show-trace test-results\fe020-FE020-partial-digest-66c63-the-independent-pane-usable-chromium\trace.zip

    ────────────────────────────────────────────────────────────────────────────────────────────────


[1A[2K  1 failed
    [chromium] › tests\fe020.spec.ts:301:1 › FE020 partial digest or readiness failure leaves the independent pane usable 
