
> botsales-frontend@0.1.0 test:e2e
> node scripts/run-e2e.mjs tests/fe020.spec.ts


> npm run setup

> botsales-frontend@0.1.0 setup
> node scripts/setup.mjs

{"status":"PASS","outputs":11,"schemas":283,"operations":210,"routes":54}
Copying the worker script at "C:\Users\Joker-PC\Documents\Projects\Bot-AI-Ban-hang-FB\BotSalesAI_Frontend\apps\web\public"...

Worker script successfully copied!
  - public

Continue by describing the network in your application:


https://mswjs.io/docs/quick-start

Thiết lập xong. npm run dev chạy frontend mô phỏng; không kết nối khách hàng hoặc provider thật.

> npm run build

> botsales-frontend@0.1.0 build
> npm run generate:check && npm run typecheck && npm run build --workspace @botsales/web


> botsales-frontend@0.1.0 generate:check
> node scripts/generate.mjs --check

{"status":"PASS","outputs":11,"schemas":283,"operations":210,"routes":54}

> botsales-frontend@0.1.0 typecheck
> tsc -p apps/web/tsconfig.json --noEmit


> @botsales/web@0.1.0 build
> vite build --mode production

vite v7.3.6 building client environment for production...
transforming...
✓ 2058 modules transformed.
rendering chunks...
computing gzip size...
dist/index.html                              1.19 kB │ gzip:   0.60 kB
dist/assets/index-BQPx7lJM.css               3.56 kB │ gzip:   1.33 kB
dist/assets/download-8lJFmiSZ.js             0.23 kB │ gzip:   0.17 kB
dist/assets/filters-CVitQAxr.js              0.32 kB │ gzip:   0.25 kB
dist/assets/hooks-CBDxsWZl.js                3.19 kB │ gzip:   1.62 kB
dist/assets/index-Dt4AXT1m.js                7.86 kB │ gzip:   3.14 kB
dist/assets/index-9BtJMVCU.js                8.29 kB │ gzip:   3.52 kB
dist/assets/index-C9AgEiGR.js                9.79 kB │ gzip:   3.68 kB
dist/assets/index-C3Kf44d7.js               13.65 kB │ gzip:   4.48 kB
dist/assets/index-CvElWXHx.js               13.78 kB │ gzip:   5.62 kB
dist/assets/index-Bwgmy1zt.js               14.15 kB │ gzip:   5.48 kB
dist/assets/index-Bks9rNSx.js               14.30 kB │ gzip:   5.30 kB
dist/assets/index-DrG-q_e5.js               16.21 kB │ gzip:   5.48 kB
dist/assets/index-6x8HVE-S.js               16.38 kB │ gzip:   5.41 kB
dist/assets/index-C5lWfmsM.js               17.80 kB │ gzip:   6.25 kB
dist/assets/index-B5svGCaS.js               18.46 kB │ gzip:   6.15 kB
dist/assets/index-5VaCK5KI.js               21.82 kB │ gzip:   7.41 kB
dist/assets/index-CPdfFEJ_.js               22.92 kB │ gzip:   8.18 kB
dist/assets/index-DCvRshdR.js               25.83 kB │ gzip:   8.43 kB
dist/assets/index-DitEZlo5.js               31.55 kB │ gzip:   9.82 kB
dist/assets/query-5vm9EU1C.js               33.15 kB │ gzip:   9.92 kB
dist/assets/index-FjkcWVPW.js               37.04 kB │ gzip:  10.06 kB
dist/assets/i18n-xB0mQYCC.js                46.14 kB │ gzip:  15.12 kB
dist/assets/schemas-jpQ0XMzw.js             79.18 kB │ gzip:  24.03 kB
dist/assets/index-CiQzCbiY.js               87.75 kB │ gzip:  27.86 kB
dist/assets/schema-validation-Bhr7oAQE.js  149.80 kB │ gzip:  45.12 kB
dist/assets/react-runtime-D0NtfbPC.js      279.78 kB │ gzip:  90.28 kB
dist/assets/contract-data-BIzYYkc1.js      303.99 kB │ gzip:  36.17 kB
dist/assets/charts-CQ4oecFO.js             313.03 kB │ gzip:  94.99 kB
dist/assets/mui-Bz_aCSm2.js                328.33 kB │ gzip: 100.02 kB
✓ built in 2.76s

> npm run build:demo

> botsales-frontend@0.1.0 build:demo
> npm run generate:check && npm run typecheck && npm run build:demo --workspace @botsales/web


> botsales-frontend@0.1.0 generate:check
> node scripts/generate.mjs --check

{"status":"PASS","outputs":11,"schemas":283,"operations":210,"routes":54}

> botsales-frontend@0.1.0 typecheck
> tsc -p apps/web/tsconfig.json --noEmit


> @botsales/web@0.1.0 build:demo
> vite build --mode demo --outDir dist-demo

vite v7.3.6 building client environment for demo...
transforming...
✓ 2274 modules transformed.
rendering chunks...
computing gzip size...
dist-demo/index.html                              1.19 kB │ gzip:   0.59 kB
dist-demo/assets/index-BQPx7lJM.css               3.56 kB │ gzip:   1.33 kB
dist-demo/assets/download-CWiaXb8A.js             0.24 kB │ gzip:   0.17 kB
dist-demo/assets/filters-Bi-qlnQp.js              0.32 kB │ gzip:   0.24 kB
dist-demo/assets/control-6gq2NE8L.js              0.72 kB │ gzip:   0.43 kB
dist-demo/assets/hooks-CfgBtLfw.js                3.19 kB │ gzip:   1.62 kB
dist-demo/assets/index-CqBBOSKs.js                8.30 kB │ gzip:   3.52 kB
dist-demo/assets/index-BVy9FJF5.js                8.40 kB │ gzip:   3.33 kB
dist-demo/assets/index-B14mYDvE.js                9.79 kB │ gzip:   3.68 kB
dist-demo/assets/index-5vUHDzqU.js               13.65 kB │ gzip:   4.48 kB
dist-demo/assets/index-DjQYVQBN.js               13.85 kB │ gzip:   5.28 kB
dist-demo/assets/index-ByPokguO.js               13.97 kB │ gzip:   5.68 kB
dist-demo/assets/index-CvZhFJu8.js               16.54 kB │ gzip:   5.45 kB
dist-demo/assets/index-CLrGh_Ba.js               17.80 kB │ gzip:   6.25 kB
dist-demo/assets/index-DHnyyXSn.js               18.41 kB │ gzip:   6.25 kB
dist-demo/assets/index-CqNsJVHo.js               18.46 kB │ gzip:   6.15 kB
dist-demo/assets/index-D0CJ-99J.js               22.23 kB │ gzip:   7.57 kB
dist-demo/assets/index-CsCeMRSS.js               22.32 kB │ gzip:   7.75 kB
dist-demo/assets/index-CAYOA1ry.js               23.16 kB │ gzip:   8.24 kB
dist-demo/assets/index-2e6O5J2Y.js               26.30 kB │ gzip:   8.57 kB
dist-demo/assets/query-5vm9EU1C.js               33.15 kB │ gzip:   9.92 kB
dist-demo/assets/index-DSOP2yCc.js               33.81 kB │ gzip:  10.53 kB
dist-demo/assets/index-BgH-bgCL.js               37.04 kB │ gzip:  10.06 kB
dist-demo/assets/i18n-xB0mQYCC.js                46.14 kB │ gzip:  15.12 kB
dist-demo/assets/schemas-jpQ0XMzw.js             79.18 kB │ gzip:  24.03 kB
dist-demo/assets/index-BrET1yGr.js               91.61 kB │ gzip:  28.98 kB
dist-demo/assets/schema-validation-Bhr7oAQE.js  149.80 kB │ gzip:  45.12 kB
dist-demo/assets/service-BepI4YXI.js            159.35 kB │ gzip:  34.71 kB
dist-demo/assets/browser-BmJvqrDj.js            255.20 kB │ gzip:  86.82 kB
dist-demo/assets/react-runtime-D0NtfbPC.js      279.78 kB │ gzip:  90.28 kB
dist-demo/assets/contract-data-D-QqiNa-.js      309.77 kB │ gzip:  37.31 kB
dist-demo/assets/charts-RcpaDpmM.js             313.03 kB │ gzip:  94.99 kB
dist-demo/assets/mui-azn9KfGV.js                328.33 kB │ gzip: 100.02 kB
✓ built in 3.04s

> node node_modules\@playwright\test\cli.js test tests/fe020.spec.ts

Running 14 tests using 1 worker

(node:65768) Warning: The 'NO_COLOR' env is ignored due to the 'FORCE_COLOR' env being set.
(Use `node --trace-warnings ...` to show where the warning was created)
  ok  1 [chromium] › tests\fe020.spec.ts:41:1 › FE020.AC01 approval detail is fetched and a changed source resource rejects the stale decision (4.0s)
  ok  2 [chromium] › tests\fe020.spec.ts:87:1 › FE020.AC02/03 work-item actions follow allowedActions and operations health stays explicitly synthetic (2.8s)
  ok  3 [chromium] › tests\fe020.spec.ts:137:1 › FE020.AC03 role pause control uses the canonical versioned mock and never claims readiness (1.7s)
  ok  4 [chromium] › tests\fe020.spec.ts:154:1 › FE020.F03 operations exception filter groups overdue, blocked, and unclaimed synthetic work (1.4s)
  ok  5 [chromium] › tests\fe020.spec.ts:175:1 › FE020.F05 delegation rule preview stays local and grants no API approval capability (1.8s)
  ok  6 [chromium] › tests\fe020.spec.ts:192:1 › FE020.F06/H01 digest and dependency health panels show synthetic history without claiming workers are ready (894ms)
  ok  7 [chromium] › tests\fe020.spec.ts:225:1 › FE027.H08 restore and release readiness stay unknown without a verified rehearsal or deployment gate (1.2s)
(node:43360) Warning: The 'NO_COLOR' env is ignored due to the 'FORCE_COLOR' env being set.
(Use `node --trace-warnings ...` to show where the warning was created)
  ok  8 [firefox] › tests\fe020.spec.ts:41:1 › FE020.AC01 approval detail is fetched and a changed source resource rejects the stale decision (4.7s)
  ok  9 [firefox] › tests\fe020.spec.ts:87:1 › FE020.AC02/03 work-item actions follow allowedActions and operations health stays explicitly synthetic (3.3s)
  ok 10 [firefox] › tests\fe020.spec.ts:137:1 › FE020.AC03 role pause control uses the canonical versioned mock and never claims readiness (1.9s)
  ok 11 [firefox] › tests\fe020.spec.ts:154:1 › FE020.F03 operations exception filter groups overdue, blocked, and unclaimed synthetic work (1.6s)
  ok 12 [firefox] › tests\fe020.spec.ts:175:1 › FE020.F05 delegation rule preview stays local and grants no API approval capability (2.0s)
  ok 13 [firefox] › tests\fe020.spec.ts:192:1 › FE020.F06/H01 digest and dependency health panels show synthetic history without claiming workers are ready (1.1s)
  ok 14 [firefox] › tests\fe020.spec.ts:225:1 › FE027.H08 restore and release readiness stay unknown without a verified rehearsal or deployment gate (1.5s)

  14 passed (42.3s)
