
> botsales-frontend@0.1.0 build
> npm run generate:check && npm run typecheck && npm run build --workspace @botsales/web


> botsales-frontend@0.1.0 generate:check
> node scripts/generate.mjs --check

{"status":"PASS","outputs":11,"schemas":283,"operations":210,"routes":54}

> botsales-frontend@0.1.0 typecheck
> tsc -p apps/web/tsconfig.json --noEmit


> @botsales/web@0.1.0 build
> vite build --mode production

vite v7.1.3 building for production...
transforming...
✓ 2043 modules transformed.
rendering chunks...
computing gzip size...
dist/index.html                                 0.86 kB │ gzip:   0.52 kB
dist/assets/index-v_6AJcWh.css                  2.36 kB │ gzip:   0.95 kB
dist/assets/filters-nRMGn4UG.js                 0.26 kB │ gzip:   0.22 kB
dist/assets/DeleteOutlineRounded-D4-xf-m9.js    0.53 kB │ gzip:   0.31 kB
dist/assets/hooks-BdM5uYrV.js                   2.29 kB │ gzip:   1.27 kB
dist/assets/imports-H_Hgt1Xz.js                 4.84 kB │ gzip:   2.25 kB
dist/assets/index-i7e0bbwJ.js                   4.99 kB │ gzip:   2.24 kB
dist/assets/index-jjLfdG7N.js                   7.24 kB │ gzip:   2.93 kB
dist/assets/index-etEGMwFm.js                   8.35 kB │ gzip:   3.54 kB
dist/assets/index-CiyrxMX6.js                   8.92 kB │ gzip:   3.27 kB
dist/assets/index-C--Bjcq7.js                  11.38 kB │ gzip:   4.24 kB
dist/assets/index-CZy7NHzV.js                  12.33 kB │ gzip:   4.46 kB
dist/assets/index-rBd2VHCx.js                  12.38 kB │ gzip:   5.06 kB
dist/assets/index-8QfNjmAe.js                  12.67 kB │ gzip:   4.80 kB
dist/assets/index-C2lRNz-w.js                  14.32 kB │ gzip:   4.79 kB
dist/assets/index-B_mSCIaP.js                  14.57 kB │ gzip:   4.85 kB
dist/assets/index-DxwkCn_X.js                  14.71 kB │ gzip:   4.82 kB
dist/assets/index-Bqgk-vdQ.js                  17.82 kB │ gzip:   6.15 kB
dist/assets/index-B6S_WEym.js                  24.47 kB │ gzip:   8.00 kB
dist/assets/index-DGwG4t9o.js                  28.34 kB │ gzip:   8.79 kB
dist/assets/index-8zP7n9q5.js                  29.31 kB │ gzip:   8.56 kB
dist/assets/schemas-BxEwpae2.js                79.16 kB │ gzip:  24.02 kB
dist/assets/react-DF-xeFnn.js                  91.29 kB │ gzip:  30.95 kB
dist/assets/index-Bj7iUCHN.js                 318.06 kB │ gzip:  97.27 kB
dist/assets/mui-BF0nbChU.js                   319.26 kB │ gzip:  97.02 kB
dist/assets/index-Di1Fq2Ju.js                 719.57 kB │ gzip: 180.32 kB
✓ built in 2.67s

(!) Some chunks are larger than 500 kB after minification. Consider:
- Using dynamic import() to code-split the application
- Use build.rollupOptions.output.manualChunks to improve chunking: https://rollupjs.org/configuration-options/#output-manualchunks
- Adjust chunk size limit for this warning via build.chunkSizeWarningLimit.
