FE005.S02 evidence freshness review after SPC-060
reviewedAt=2026-10-06T08:41:48.122Z
reviewCommand=C:\Program Files\nodejs\node.exe botsales-kit/execution/frontend-evidence/FE028/revalidate-prior-ledger-after-spc060-docs-20261006.mjs
cwd=C:\Users\Joker-PC\Documents\Projects\Bot-AI-Ban-hang-FB\BotSalesAI_Frontend
reviewExitCode=0
originalExecutionAt=2026-10-06T06:05:07.546Z
originalCommand=set PATH=C:\Windows\System32;C:\Program Files\nodejs;%PATH% && npm.cmd --script-shell=cmd.exe run generate:check
originalLog=execution/frontend-evidence/FE005/S02-spc059-refresh-20261006.log
originalLogSha256=1c96d0654ac83ad188b97f4cc3a2e0d730c47efdeb47ebaa74594d73dba99ffd
expected=Check generator from canonical kit to frontend packages/CSS/manifest, with YAML/index/DTO projections unable to drift as parallel sources; do not hand-edit generated outputs.
observed=The frontend generator now treats openapi.json as the single API source and validates YAML/index projections before comparing generated outputs. Registered generate:check passed 11/283/210/54; contract regression tests passed 7/7. No generated output was edited manually and no backend execution is claimed.
revalidation=Only shared policy/documentation files changed; the prior frontend source, contract, fixture, and test result inputs for this checkpoint retain their recorded hashes.
testRerun=false; original test execution time and log are retained; no new runtime test execution is claimed.
refreshedPolicySources=botsales-kit/docs/18_CODING_STANDARDS.md
scope=FRONTEND_WITH_SYNTHETIC_MOCK_API
sourceSnapshotSha256=75a7b4d2973f18847934e426316441e39cad78b037deb39c310a6450d388ff61
SOURCE apps/web/public/app-icon.svg sha256=d0ed30dd4410fde97ebac0d7be8f2a6329cde38effdd109dd219036b85fdab27
SOURCE apps/web/public/manifest.webmanifest sha256=ea8e42e73426d3a399074bda5bc722b60955b8bb93d3be1d32425882fbb6ca53
SOURCE apps/web/src/app/tokens.css sha256=f7f6bc21f94664af6cc4173353b2632ef01cf5915cf407b256e3530f96f75fca
SOURCE botsales-kit/contracts/events.schema.json sha256=7f2071f90cc925b4c32cb6d6de0ef99f8cc14b618c0e04224f024f3aa83c21ee
SOURCE botsales-kit/contracts/openapi.json sha256=d88a70957a9de36402ff5ac0cb757a2f1c496519c7e1fd2e28df17e867f78c7c
SOURCE botsales-kit/contracts/openapi.yaml sha256=c3afa8ea1a2022581955fc62348f2264ab25fa3db0ffb2c46f04572e6741256f
SOURCE botsales-kit/contracts/operation-index.json sha256=6927578fa9cad2799d1e4ab8c27b2ed010c4e83227c8576f5fb0802a37c37d99
SOURCE botsales-kit/contracts/permission-catalog.json sha256=58461beb5d4ad1a19107cdf01361e2a649a41dea611272d84ee79fcd376d55d1
SOURCE botsales-kit/contracts/route-manifest.json sha256=360871c008fac723cfc77dec79417838d24d4fae844452909eb347ec8893f2b2
SOURCE botsales-kit/design/tokens.json sha256=95b1202c741162890227ddc70adc7c1e479d17348bedaea56d3dea019f45bbb0
SOURCE botsales-kit/docs/06_API_AND_REALTIME.md sha256=0ea1fddc67a9e1aa5de1865efa937a1d1e12a680236482a992ae1ec830997da5
SOURCE botsales-kit/docs/18_CODING_STANDARDS.md sha256=021c3cb8382f507fead86e1ee755acfb1e66f192483fcb8abb6cd813f2f9dcd9
SOURCE botsales-kit/execution/frontend-command-map.json sha256=48cf675d36b3c99d5fe6147a08531a1e1aecd1ee5e6136b62d787dd833d98744
SOURCE botsales-kit/execution/frontend-evidence/FE005/S02-contract-tests-spc059-current-20261006.log sha256=70a04aff923e7ab326b7ca7c40441357e9cb7f16d0a90ac4e52149c81ff7805e
SOURCE botsales-kit/execution/frontend-evidence/FE005/S02-diff-check-spc059-current-20261006.log sha256=0074d27490b5e29b66269770a820afb589acd0070c5c7f744b682fad61955211
SOURCE botsales-kit/execution/frontend-evidence/FE005/S02-generate-check-spc059-current-20261006.log sha256=c7aa886473210279feb176653171a4299022c223c273f746f904d69576367bc0
SOURCE botsales-kit/execution/frontend-evidence/FE005/capture-s02-spc059-refresh-20261006.mjs sha256=79d77f68a5fca333b02204732f19dc23e5f7c16939fe2894af6bdb9820127bb1
SOURCE botsales-kit/execution/frontend-plan.json sha256=4a3adb88f87019284f383dd22cfa8d93676086f201050377e31808eb94c5e94f
SOURCE package-lock.json sha256=a3c0bb3a4906f92a5f23d4e8a0b862769b71de9e7efc9a48601ae44282bc963a
SOURCE package.json sha256=729b9a0cff11da4e1272b06ae972b721def85c8ce2759219a6ff4677f54033c9
SOURCE packages/contracts/src/generated.ts sha256=0d27c530b1122843a6f30c1493183cd7362ffd6219d28eacbff68c6cd0e2c709
SOURCE packages/contracts/src/index.ts sha256=bcc7e843b4ad0f8e5609e262fb9d0d1e9f1845bd88b6153e3a9ef63cf7fde2c7
SOURCE packages/contracts/src/operations.json sha256=1d386010f82335bebc55f4a2e35fdfa41279786139a1c9e6b7834f32683ffb88
SOURCE packages/contracts/src/permissions.json sha256=58461beb5d4ad1a19107cdf01361e2a649a41dea611272d84ee79fcd376d55d1
SOURCE packages/contracts/src/routes.json sha256=360871c008fac723cfc77dec79417838d24d4fae844452909eb347ec8893f2b2
SOURCE packages/contracts/src/schemas.json sha256=9b83f0a2059a6318e62a7583358499b284b69182666281a6094f20e5af372ec1
SOURCE packages/design-tokens/src/index.ts sha256=527d92791c58163352bbb84031c303b47b9eff0999f0698ec12eed35c9f5b49a
SOURCE packages/design-tokens/src/tokens.json sha256=95b1202c741162890227ddc70adc7c1e479d17348bedaea56d3dea019f45bbb0
SOURCE scripts/generate.mjs sha256=beae96652c33bdfa46f90a0660b670db4d9f45a69a227e10dcacd2adfc722d5f
SOURCE tests/contracts/generator.test.mjs sha256=7ff255de33ec7c1d2f78773aabc7de17829ae83d4d8067fedddc942c03a457d0
