FE005.S03 typed HTTP client contract verification
HEAD=53c0ba8f413b1f1e0fa16a747ed27f728b861dd6 plus current working-tree source
Vitest tests passed=138; typecheck exit=0
Root cause confirmed: successful HTTP status was not compared with generated operations[operationId].status; e.g. logout expects 204 but any 2xx could pass.
Fix: reject undeclared successful status as UNEXPECTED_STATUS. A 2xx mismatch for an idempotent mutation is preserved as UnknownResultError because the server may already have applied it.
checksTotal=5; failed=0
CHECK PASS: full Vitest suite passes 138 tests including the API client contract suite
CHECK PASS: strict TypeScript typecheck passes on the edited frontend source
CHECK PASS: successful HTTP status must match the operation status generated from canonical OpenAPI
CHECK PASS: wrong 2xx on an idempotent mutation becomes UnknownResultError, not a committed success
CHECK PASS: existing CSRF, version, idempotency, AbortSignal, request/response schema and Problem paths remain covered
sourceSnapshotSha256=9ba395208d4af79aa26384199a7ec7723f96aa25c8a04b8e530458d461a00160
SOURCE apps/web/src/shared/api/client.ts sha256=8e11a4b16a7f6e5213feaa54a7c0236177a18325f7fe9f696679d36b771cc2c4
SOURCE apps/web/src/shared/api/errors.ts sha256=dacb2b086a75c4695f64ad4714c0cda0199b59e491e3293c8813c08c10f5b227
SOURCE apps/web/src/shared/api/hooks.ts sha256=05ee735f2522545eb4c67f8e8e7ab7f2104d0ae61db5b5fb1db65898cf6549c1
SOURCE apps/web/src/shared/api/intents.ts sha256=3ac04111ea98ec3a7bb4f67f296764c966e6788a1000793d212b02244ab3912b
SOURCE apps/web/src/shared/api/validation.ts sha256=5dabe9985b9eb9dea4b67233713cf007a99d6fc55276bd3a285664977f58f1a1
SOURCE apps/web/tests/api-client.test.tsx sha256=57b186f6732c6eb50afe9f9c5c00e5b7f3becc078ef89ace7ff69f5f69fdc379
SOURCE apps/web/tsconfig.json sha256=da77a7cc404d19e9128ab6ce1428d1cc4872b97d3316fe08cb192e6b1b7574b1
SOURCE apps/web/vitest.config.ts sha256=48ae3b2f1579380ce3ac309aea96201dec2f7cd4445551bea90ddfba73fcf32e
SOURCE botsales-kit/docs/06_API_AND_REALTIME.md sha256=0ea1fddc67a9e1aa5de1865efa937a1d1e12a680236482a992ae1ec830997da5
SOURCE botsales-kit/docs/18_CODING_STANDARDS.md sha256=98e1f9e6b561264445ae2115289edffad35310d5161d58dc662eca7026547866
SOURCE botsales-kit/execution/frontend-command-map.json sha256=48cf675d36b3c99d5fe6147a08531a1e1aecd1ee5e6136b62d787dd833d98744
SOURCE botsales-kit/execution/frontend-evidence/FE005/capture-s03-api-client-current-20261007.mjs sha256=a4a30fa8999877d8cf8f954811bf0c46b6e3f0b6f5660ef023f4456a4b7027f1
SOURCE botsales-kit/execution/frontend-evidence/FE005/S03-types-current-20261007.log sha256=9e04ec511f174b9d4160e2a73b9e7deaa50a87d0045932132de4484abfe4278b
SOURCE botsales-kit/execution/frontend-evidence/FE005/S03-unit-current-20261007.log sha256=629d4b47ee11e0dfa19f4467ca2d3032f1cf90714bef4c682cc96e7dc7bc6179
SOURCE botsales-kit/execution/frontend-plan.json sha256=f0e54ec3cf455a14d79cdadfb4aa6e4ec6091c7a7d832251c83c958a8d4e3e4e
SOURCE package-lock.json sha256=a3c0bb3a4906f92a5f23d4e8a0b862769b71de9e7efc9a48601ae44282bc963a
SOURCE package.json sha256=3a7da11e60a8baf002ac749c49c24c134640ce8d412402caa86a16c1beb34138
SOURCE packages/contracts/src/generated.ts sha256=0d27c530b1122843a6f30c1493183cd7362ffd6219d28eacbff68c6cd0e2c709
SOURCE packages/contracts/src/operations.json sha256=1d386010f82335bebc55f4a2e35fdfa41279786139a1c9e6b7834f32683ffb88
SOURCE packages/contracts/src/schemas.json sha256=9b83f0a2059a6318e62a7583358499b284b69182666281a6094f20e5af372ec1

=== unit | exit=0 ===
Command: set PATH=C:\Windows\System32;C:\Program Files\nodejs;%PATH% && npm.cmd --script-shell=cmd.exe test
CWD: C:\Users\Joker-PC\Documents\Projects\Bot-AI-Ban-hang-FB\BotSalesAI_Frontend

> botsales-frontend@0.1.0 test
> vitest run --config apps/web/vitest.config.ts


 RUN  v5.0.3 C:/Users/Joker-PC/Documents/Projects/Bot-AI-Ban-hang-FB/BotSalesAI_Frontend


 Test Files  12 passed (12)
      Tests  138 passed (138)
   Start at  20:19:26
   Duration  13.51s (tests 59%, import 16%, environment 15%, transform 6%, setup 4%)


[stderr]
[BABEL] Note: The code generator has deoptimised the styling of C:\Users\Joker-PC\AppData\Local\Temp\botsales-vite-cache\ea27c7577456f6009d55\direct-vite\18652\deps\react-dom_client.js?v=386c07e0 as it exceeds the max of 500KB.


=== types | exit=0 ===
Command: set PATH=C:\Windows\System32;C:\Program Files\nodejs;%PATH% && npm.cmd --script-shell=cmd.exe run typecheck
CWD: C:\Users\Joker-PC\Documents\Projects\Bot-AI-Ban-hang-FB\BotSalesAI_Frontend

> botsales-frontend@0.1.0 typecheck
> tsc -p apps/web/tsconfig.json --noEmit


