
> botsales-frontend@0.1.0 test:source
> node scripts/check-source.mjs

{
  "checkedAt": "2026-09-30T15:40:19.171Z",
  "scope": "Syntax, operation identifiers, route-source mapping, permissions and token adoption. NOT React typecheck, build or browser test.",
  "compiler": "5.9.2",
  "compilerSource": "project dependency",
  "files": 53,
  "operationCalls": 207,
  "routes": 54,
  "issues": [],
  "status": "PASS"
}

{
  "output": "botsales-kit\\execution\\frontend-evidence\\FE005\\S01-operation-map-current-refresh.json",
  "status": "PASS",
  "apiVersion": "2.0.0",
  "canonicalOperations": 210,
  "generatedOperations": 210,
  "sourceCheck": {
    "files": 53,
    "operationCalls": 207,
    "routes": 54,
    "issues": 0,
    "status": "PASS"
  },
  "selectedOperations": [
    [
      "listProducts",
      true
    ],
    [
      "createProduct",
      true
    ],
    [
      "updateProduct",
      true
    ],
    [
      "listCategories",
      true
    ],
    [
      "getCategory",
      true
    ],
    [
      "uploadFile",
      true
    ],
    [
      "createProductImport",
      true
    ],
    [
      "getJob",
      true
    ],
    [
      "commitProductImport",
      true
    ],
    [
      "listServiceCases",
      true
    ],
    [
      "getCashflow",
      true
    ],
    [
      "getProfitLoss",
      true
    ]
  ],
  "issues": []
}
