✔ P10/P15 catch alias and neutral-wrapper duplicate insets through fragments and conditionals (699.2583ms)
✔ P20 resolves shared composition identities through a barrel and const component aliases (643.9646ms)
✔ P11/P13 catch static element access roles on every MUI surface, including Paper (387.5685ms)
✔ P12 checks React createElement and JSX-runtime element factories (404.3398ms)
✔ P14 resolves bodyMode literal aliases and fails closed when ownership is unknown (968.6093ms)
✔ checks Panel ancestry when React elements are created natively (360.2892ms)
✔ keeps independent nested surfaces and portaled dialogs as separate owners (666.2852ms)
✔ accepts finite bodyMode branches and every mode in the public component contracts (1035.6076ms)
✔ stops inherited gap ownership at Panels and independent bordered surfaces (684.297ms)
✔ tracks gaps through fragments, conditions and ready QueryState, but not inside DOM wrappers (312.3169ms)
✔ applies the same finite modes and wrapper boundaries to native React factories (664.4798ms)
✔ recognizes native outlined Paper and nested Box surface inset boundaries (652.5537ms)
✔ fails closed when an unresolved custom wrapper obscures a semantic gap owner (362.4413ms)
✔ rejects unsupported placement and rhythm values while accepting finite aliases and branches (606.8668ms)
✔ rejects unsupported finite values through React element factories (607.9269ms)
✔ accepts semantic composition, closed geometry and business-specific MUI primitives (6.1541ms)
✔ rejects rebuilding each shared spacing owner at a consumer (2.0041ms)
✔ follows aliases, local style variables, object spreads and namespace imports (0.8768ms)
✔ rejects direct and spread spacing overrides on semantic components (0.8108ms)
✔ rejects spacing or opaque spreads hidden in geometry (0.3482ms)
✔ allows the canonical owner implementation and fails closed on malformed source (1.1241ms)
✔ rejects duplicated parent boundary and duplicated Panel inset (0.7732ms)
✔ checks default MUI imports and fails closed for opaque geometry (0.5167ms)
✔ distinguishes content grids from flex flows when reporting the shared owner (0.4736ms)
✔ rejects page spacing for paired fields and peer Panels without a section gap owner (1.8511ms)
✔ related sibling gaps belong to ActionGroup comfortable density, not consumer Stack styles (0.5327ms)
✔ Amount consumers declare wrapping outside DataTable columns and keep table money unbroken (33.4465ms)
✔ the shared catalog covers every public React component and supporting Column type (39.6881ms)
✔ every public React API has a direct rendered contract test (1.308ms)
✔ catalog declaration lines and stated JSX counts match resolved source symbols (21.6818ms)
✔ every shared React export has a resolved production consumer or an explicit zero-use lifecycle decision (27.2561ms)
✔ required UI evidence and regression gates remain wired to root verify and the active parent workflow (0.5656ms)
✔ composition prop allowlists match the TypeScript owners exactly (0.2488ms)
✔ QueryState uses only the approved inline and section pending profiles (0.2986ms)
✔ QueryState consumers reserve section loading for primary content and keep every other state inline by default (21.3718ms)
✔ body modes, placement roles and geometry keys match the TypeScript contracts (1.3718ms)
✔ Panel geometry and DataTable columns remain closed public contracts (6.2261ms)
✔ shared component and composition props expose no arbitrary layout/style escape hatch (0.2654ms)
✔ layout role types, runtime values, consumers and ownership documentation stay closed (2830.2947ms)
ℹ tests 39
ℹ suites 0
ℹ pass 39
ℹ fail 0
ℹ cancelled 0
ℹ skipped 0
ℹ todo 0
ℹ duration_ms 9572.7862
