
> botsales-frontend@0.1.0 verify
> npm run generate:check && npm run test:source && npm run boundaries && npm run lint && npm run typecheck && npm run test:domain && npm test && npm run build


> botsales-frontend@0.1.0 generate:check
> node scripts/generate.mjs --check

{"status":"PASS","outputs":11,"schemas":283,"operations":210,"routes":54}

> botsales-frontend@0.1.0 test:source
> node scripts/check-source.mjs && node --test tests/source-checker.test.mjs

{
  "checkedAt": "2026-10-04T17:15:14.890Z",
  "scope": "Syntax, operation identifiers, route-source mapping, permissions and token adoption. NOT React typecheck, build or browser test.",
  "compiler": "5.9.2",
  "compilerSource": "project dependency",
  "files": 65,
  "operationCalls": 220,
  "routes": 54,
  "issues": [],
  "status": "PASS"
}
✔ module path classification accepts Windows and POSIX spellings, but excludes app files (1.0052ms)
✔ the source-checker CLI rejects a prohibited color literal in a module (152.0776ms)
✔ the source-checker CLI accepts a token-based module and leaves app-level colors outside the rule (148.2717ms)
ℹ tests 3
ℹ suites 0
ℹ pass 3
ℹ fail 0
ℹ cancelled 0
ℹ skipped 0
ℹ todo 0
ℹ duration_ms 358.1286

> botsales-frontend@0.1.0 boundaries
> node scripts/check-boundaries.mjs

{
  "checkedAt": "2026-10-04T17:15:17.566Z",
  "scope": "AST imports resolve aliases/relative paths, module boundaries and cycles; parser diagnostics are errors",
  "files": 65,
  "imports": 430,
  "negativeFixtures": "Boundary fixtures: PASS 10/10 scenarios (allowed shared/public imports, alias, relative, app deep import, type-only, dynamic, unresolved, cycle, parser error).",
  "status": "PASS",
  "issues": []
}

> botsales-frontend@0.1.0 lint
> eslint apps/web/src --max-warnings 0


> botsales-frontend@0.1.0 typecheck
> tsc -p apps/web/tsconfig.json --noEmit


> botsales-frontend@0.1.0 test:domain
> node scripts/test-domain.mjs

{"status":"PASS","simulatorChecks":75,"networkChecks":13,"networkHandlers":210,"passed":88,"operations":89,"node":"v24.19.0","typescript":"5.9.2"}

> botsales-frontend@0.1.0 test
> vitest run --config apps/web/vitest.config.ts


 RUN  v5.0.3 C:/Users/Joker-PC/Documents/Projects/Bot-AI-Ban-hang-FB/BotSalesAI_Frontend

[BABEL] Note: The code generator has deoptimised the styling of C:\Users\Joker-PC\AppData\Local\Temp\botsales-vite-cache\ea27c7577456f6009d55\direct-vite\46844\deps\react-dom_client.js?v=d5add907 as it exceeds the max of 500KB.

 Test Files  10 passed (10)
      Tests  85 passed (85)
   Start at  00:15:27
   Duration  5.46s (tests 48%, environment 24%, import 14%, transform 7%, setup 6%)


> botsales-frontend@0.1.0 build
> npm run generate:check && npm run typecheck && npm run build --workspace @botsales/web


> botsales-frontend@0.1.0 generate:check
> node scripts/generate.mjs --check

{"status":"PASS","outputs":11,"schemas":283,"operations":210,"routes":54}

> botsales-frontend@0.1.0 typecheck
> tsc -p apps/web/tsconfig.json --noEmit


> @botsales/web@0.1.0 build
> vite build --mode production

vite v7.3.6 building client environment for production...
transforming...
✓ 2055 modules transformed.
rendering chunks...
computing gzip size...
dist/index.html                              1.19 kB │ gzip:   0.60 kB
dist/assets/index-v_6AJcWh.css               2.36 kB │ gzip:   0.95 kB
dist/assets/download-8lJFmiSZ.js             0.23 kB │ gzip:   0.17 kB
dist/assets/filters-BJmJubfC.js              0.31 kB │ gzip:   0.23 kB
dist/assets/hooks-6c3d6vKr.js                3.19 kB │ gzip:   1.62 kB
dist/assets/index-DEFLoV2B.js                7.79 kB │ gzip:   3.13 kB
dist/assets/index-B6F_GGAe.js                8.48 kB │ gzip:   3.61 kB
dist/assets/index-yQ5aA4p3.js                9.00 kB │ gzip:   3.48 kB
dist/assets/index-BBNSN205.js               13.12 kB │ gzip:   5.41 kB
dist/assets/index-BwimRYZg.js               13.33 kB │ gzip:   4.42 kB
dist/assets/index-CNR_dvuM.js               13.42 kB │ gzip:   5.04 kB
dist/assets/index-DdPgrMOr.js               13.88 kB │ gzip:   5.36 kB
dist/assets/index-CsP7Z4-J.js               15.87 kB │ gzip:   5.37 kB
dist/assets/index-BjBPmAuT.js               16.02 kB │ gzip:   5.34 kB
dist/assets/index-MwxLHBb_.js               17.19 kB │ gzip:   6.08 kB
dist/assets/index-ud072nqa.js               18.06 kB │ gzip:   6.02 kB
dist/assets/index-Cf6i_hZp.js               21.55 kB │ gzip:   7.34 kB
dist/assets/index-BxNKBlXc.js               22.38 kB │ gzip:   8.06 kB
dist/assets/index-DxmA1DJw.js               25.65 kB │ gzip:   8.35 kB
dist/assets/index-BhlVagTb.js               31.02 kB │ gzip:   9.67 kB
dist/assets/query-5vm9EU1C.js               33.15 kB │ gzip:   9.92 kB
dist/assets/index-vFbgn9Ml.js               36.84 kB │ gzip:  10.01 kB
dist/assets/i18n-xB0mQYCC.js                46.14 kB │ gzip:  15.12 kB
dist/assets/index-Dr4GE2gu.js               70.83 kB │ gzip:  23.87 kB
dist/assets/schemas-jpQ0XMzw.js             79.18 kB │ gzip:  24.03 kB
dist/assets/schema-validation-Bhr7oAQE.js  149.80 kB │ gzip:  45.12 kB
dist/assets/contract-data-Dmdv2cKW.js      262.00 kB │ gzip:  35.24 kB
dist/assets/react-runtime-D0NtfbPC.js      279.78 kB │ gzip:  90.28 kB
dist/assets/charts-CQ4oecFO.js             313.03 kB │ gzip:  94.99 kB
dist/assets/mui-Bz_aCSm2.js                328.33 kB │ gzip: 100.02 kB
✓ built in 2.83s
