
> botsales-frontend@0.1.0 test:e2e
> node scripts/run-e2e.mjs


> npm run setup

> botsales-frontend@0.1.0 setup
> node scripts/setup.mjs

{"status":"PASS","outputs":11,"schemas":283,"operations":210,"routes":54}
Copying the worker script at "C:\Users\Joker-PC\Documents\Projects\Bot-AI-Ban-hang-FB\BotSalesAI_Frontend\apps\web\public"...

Worker script successfully copied!
  - public

Continue by describing the network in your application:


https://mswjs.io/docs/quick-start

Thiết lập xong. npm run dev chạy frontend mô phỏng; không kết nối khách hàng hoặc provider thật.

> npm run build

> botsales-frontend@0.1.0 build
> npm run generate:check && npm run typecheck && npm run build --workspace @botsales/web


> botsales-frontend@0.1.0 generate:check
> node scripts/generate.mjs --check

{"status":"PASS","outputs":11,"schemas":283,"operations":210,"routes":54}

> botsales-frontend@0.1.0 typecheck
> tsc -p apps/web/tsconfig.json --noEmit


> @botsales/web@0.1.0 build
> vite build --mode production

vite v7.3.6 building client environment for production...
transforming...
✓ 2061 modules transformed.
rendering chunks...
computing gzip size...
dist/index.html                              1.19 kB │ gzip:   0.59 kB
dist/assets/index-BQPx7lJM.css               3.56 kB │ gzip:   1.33 kB
dist/assets/download-8lJFmiSZ.js             0.23 kB │ gzip:   0.17 kB
dist/assets/filters-CVitQAxr.js              0.32 kB │ gzip:   0.25 kB
dist/assets/hooks-Ds0G-8M4.js                4.58 kB │ gzip:   2.14 kB
dist/assets/draft-conflict-7-4cVcmL.js       5.35 kB │ gzip:   2.47 kB
dist/assets/index-BXXgotM3.js                7.85 kB │ gzip:   3.13 kB
dist/assets/index-BQPcKVvb.js                8.31 kB │ gzip:   3.53 kB
dist/assets/index-BIZ9jMx7.js                9.81 kB │ gzip:   3.68 kB
dist/assets/index-C0ysiyyX.js               13.80 kB │ gzip:   5.63 kB
dist/assets/index-CxWXSk2u.js               14.52 kB │ gzip:   5.35 kB
dist/assets/index-BMW2HIix.js               14.58 kB │ gzip:   4.92 kB
dist/assets/index-BzMGQLm1.js               15.21 kB │ gzip:   5.85 kB
dist/assets/index-CiUlM2ax.js               16.16 kB │ gzip:   5.51 kB
dist/assets/index-BtbxdZIr.js               16.40 kB │ gzip:   5.42 kB
dist/assets/index-fpKSjQbD.js               17.81 kB │ gzip:   6.26 kB
dist/assets/index-Bh9cVQBT.js               18.33 kB │ gzip:   6.16 kB
dist/assets/index-B5oeNJ-u.js               23.69 kB │ gzip:   8.49 kB
dist/assets/index-BTpDFmx4.js               23.80 kB │ gzip:   8.12 kB
dist/assets/index-B9lEwiv3.js               29.24 kB │ gzip:   9.51 kB
dist/assets/index-CjiAAxmZ.js               31.62 kB │ gzip:   9.82 kB
dist/assets/query-5vm9EU1C.js               33.15 kB │ gzip:   9.92 kB
dist/assets/index-CJk5sjTg.js               37.94 kB │ gzip:  10.46 kB
dist/assets/i18n-xB0mQYCC.js                46.14 kB │ gzip:  15.12 kB
dist/assets/schemas-Ct4RWo9M.js             80.75 kB │ gzip:  24.39 kB
dist/assets/index-BuoCanb5.js               89.01 kB │ gzip:  28.24 kB
dist/assets/schema-validation-Bhr7oAQE.js  149.80 kB │ gzip:  45.12 kB
dist/assets/react-runtime-D0NtfbPC.js      279.78 kB │ gzip:  90.28 kB
dist/assets/contract-data-BIzYYkc1.js      303.99 kB │ gzip:  36.17 kB
dist/assets/charts-CQ4oecFO.js             313.03 kB │ gzip:  94.99 kB
dist/assets/mui-Bz_aCSm2.js                328.33 kB │ gzip: 100.02 kB
✓ built in 3.03s

> npm run build:demo

> botsales-frontend@0.1.0 build:demo
> npm run generate:check && npm run typecheck && npm run build:demo --workspace @botsales/web


> botsales-frontend@0.1.0 generate:check
> node scripts/generate.mjs --check

{"status":"PASS","outputs":11,"schemas":283,"operations":210,"routes":54}

> botsales-frontend@0.1.0 typecheck
> tsc -p apps/web/tsconfig.json --noEmit


> @botsales/web@0.1.0 build:demo
> vite build --mode demo --outDir dist-demo

vite v7.3.6 building client environment for demo...
transforming...
✓ 2277 modules transformed.
rendering chunks...
computing gzip size...
dist-demo/index.html                              1.19 kB │ gzip:   0.59 kB
dist-demo/assets/index-BQPx7lJM.css               3.56 kB │ gzip:   1.33 kB
dist-demo/assets/download-CWiaXb8A.js             0.24 kB │ gzip:   0.17 kB
dist-demo/assets/filters-Bi-qlnQp.js              0.32 kB │ gzip:   0.24 kB
dist-demo/assets/control-6gq2NE8L.js              0.72 kB │ gzip:   0.43 kB
dist-demo/assets/hooks-DbOMPuxp.js                4.58 kB │ gzip:   2.14 kB
dist-demo/assets/draft-conflict-C1T_pS6f.js       5.35 kB │ gzip:   2.47 kB
dist-demo/assets/index-_O5L3TSv.js                8.31 kB │ gzip:   3.53 kB
dist-demo/assets/index-jyOeIDvC.js                8.39 kB │ gzip:   3.33 kB
dist-demo/assets/index-BJvLBKj7.js                9.81 kB │ gzip:   3.68 kB
dist-demo/assets/index-CgVVPQ6N.js               13.99 kB │ gzip:   5.69 kB
dist-demo/assets/index-DwA-e164.js               14.58 kB │ gzip:   4.92 kB
dist-demo/assets/index-DeLM-jZn.js               14.90 kB │ gzip:   5.66 kB
dist-demo/assets/index-BSUdRt-3.js               16.56 kB │ gzip:   5.45 kB
dist-demo/assets/index-BX6doHAq.js               17.81 kB │ gzip:   6.26 kB
dist-demo/assets/index-T8sCEhR5.js               18.33 kB │ gzip:   6.15 kB
dist-demo/assets/index-CAmcIvhX.js               18.36 kB │ gzip:   6.28 kB
dist-demo/assets/index-a_f6n4bd.js               22.53 kB │ gzip:   7.81 kB
dist-demo/assets/index-CGLPtouX.js               23.92 kB │ gzip:   8.56 kB
dist-demo/assets/index-B4UFfa1J.js               24.21 kB │ gzip:   8.28 kB
dist-demo/assets/index-Dva139y1.js               29.75 kB │ gzip:   9.65 kB
dist-demo/assets/query-5vm9EU1C.js               33.15 kB │ gzip:   9.92 kB
dist-demo/assets/index-TkrWO84B.js               33.87 kB │ gzip:  10.55 kB
dist-demo/assets/index-KDH0x96d.js               37.94 kB │ gzip:  10.46 kB
dist-demo/assets/i18n-xB0mQYCC.js                46.14 kB │ gzip:  15.12 kB
dist-demo/assets/schemas-Ct4RWo9M.js             80.75 kB │ gzip:  24.39 kB
dist-demo/assets/index-CvleD9Av.js               92.86 kB │ gzip:  29.37 kB
dist-demo/assets/schema-validation-Bhr7oAQE.js  149.80 kB │ gzip:  45.12 kB
dist-demo/assets/service-BepI4YXI.js            159.35 kB │ gzip:  34.71 kB
dist-demo/assets/browser-Q7hU35s0.js            255.64 kB │ gzip:  87.01 kB
dist-demo/assets/react-runtime-D0NtfbPC.js      279.78 kB │ gzip:  90.28 kB
dist-demo/assets/contract-data-D-QqiNa-.js      309.77 kB │ gzip:  37.31 kB
dist-demo/assets/charts-RcpaDpmM.js             313.03 kB │ gzip:  94.99 kB
dist-demo/assets/mui-azn9KfGV.js                328.33 kB │ gzip: 100.02 kB
✓ built in 3.15s

> node node_modules\@playwright\test\cli.js test
[WebServer] (node:59288) Warning: The 'NO_COLOR' env is ignored due to the 'FORCE_COLOR' env being set.
[WebServer] (Use `node --trace-warnings ...` to show where the warning was created)
✔ canonical contracts validate and generate the API base path from OpenAPI (53.6018ms)
✔ rejects drift in OpenAPI YAML and operation index projections (84.6971ms)
✔ generated operation registry preserves required and optional query parameter metadata (20.889ms)
✔ rejects unresolved schema references before generation (38.763ms)
✔ rejects missing API version and a server URL outside same-origin path form (38.589ms)
✔ rejects route-to-operation drift without rewriting the canonical manifest (34.6476ms)
✔ detects a stale generated file and accepts it after regeneration (4.159ms)
{
  "taskId": "FE011",
  "scope": "FRONTEND_WITH_SYNTHETIC_MOCK_API",
  "routes": [
    {
      "id": "R15",
      "path": "/s/:shopId/inventory",
      "permission": "inventory.read",
      "reads": [
        "listStockSnapshots",
        "getShop"
      ],
      "action": {
        "label": "Điều chỉnh tồn",
        "operationId": "createInventoryAdjustment",
        "permission": "inventory.adjust"
      }
    },
    {
      "id": "R16",
      "path": "/s/:shopId/inventory/movements",
      "permission": "inventory.read",
      "reads": [
        "listStockMovements"
      ]
    }
  ],
  "operations": [
    "listStockSnapshots",
    "listStockMovements",
    "createInventoryAdjustment",
    "getShop"
  ],
  "permissionBoundary": "Route reads require inventory.read; adjustment uses inventory.adjust; cost requires finance.read; product and order links are permission-gated.",
  "commandSemantics": "202 CommandResponse; expectedVersion and unitCost are contract-required body properties; the shared client waits for terminal state and handles unknown outcomes.",
  "checks": 17
}
✔ FE011 routes, permissions, operations and DTOs map to canonical contracts and current source (30.022ms)
{
  "taskId": "FE012",
  "scope": "FRONTEND_WITH_SYNTHETIC_MOCK_API",
  "routes": [
    "R17",
    "R18",
    "R19",
    "R43"
  ],
  "operations": [
    "listOrders",
    "getOrder",
    "getShop",
    "listCustomers",
    "listProducts",
    "listConversations",
    "createOrder",
    "updateOrderDraft",
    "quoteOrder",
    "recordCustomerConfirmation",
    "confirmOrder",
    "cancelOrder",
    "listReturnCases",
    "getReturnCase",
    "createReturnCase",
    "inspectReturn",
    "getCommand",
    "handoverShipment",
    "payOrder",
    "refundOrder"
  ],
  "contractEvidence": "OrderDraft carries required IDs and 1..100 lines, integer quantity 1..1000000 and notes up to 2000; confirmation requires quote hash/version and customer message evidence; return inspection is line-scoped.",
  "permissionBoundary": "Customer/product pickers are enabled only with read capability; write actions follow orders.write, orders.confirm, orders.return and inventory.adjust.",
  "limitations": "No address CRUD endpoint is introduced; shippingAddressId remains an external verified ID and mock confirmation is only a demo simulation.",
  "checks": 35
}
✔ FE012 routes, operations, permissions and DTO limits map to canonical contracts and orders source (62.7046ms)
{"taskId":"FE016","scope":"FRONTEND_WITH_SYNTHETIC_MOCK_API","routes":["R05","R06"],"operations":["listConversations","getConversation","listMessages","sendMessage","takeoverConversation","releaseConversation","resolveConversation","assignConversation","listFeedback","createFeedback","reviewFeedback","listCommands","getCommand","getInboxMetadata"],"knownGap":"Canonical Message has no media or attachment field/operation; UI must not invent a provider endpoint.","checks":3}
{
  "taskId": "FE013",
  "scope": "FRONTEND_WITH_SYNTHETIC_MOCK_API",
  "routes": [
    "R41",
    "R42"
  ],
  "operations": [
    "listPrepJobs",
    "getPrepJob",
    "getWorkItem",
    "claimWorkItem",
    "pickPrepLine",
    "packPrepJob",
    "listShipments",
    "getShipment",
    "createShipment",
    "handoverShipment",
    "recordShipmentEvent"
  ],
  "permissionBoundary": "fulfillment.read gates route data, operations.claim gates WorkItem claim, fulfillment.write gates picks/pack/events/shipment creation, and fulfillment.handover gates stock-consuming handover.",
  "stateBoundary": "Claim/pick/pack/handover/delivery/payment remain separate states; return eligibility continues to come from the order API.",
  "checks": 54
}
✔ FE013 routes, permissions, DTOs and state transitions map to canonical contracts and fulfillment source (99.1285ms)
{"taskId":"FE017","scope":"FRONTEND_WITH_SYNTHETIC_MOCK_API","routes":["R23","R24","R25"],"operations":15,"unresolvedContractField":"Knowledge.allowedActions","checks":4}
{
  "taskId": "FE014",
  "scope": "FRONTEND_WITH_SYNTHETIC_MOCK_API",
  "routes": [
    "R44",
    "R45",
    "R46",
    "R47"
  ],
  "operations": 13,
  "checks": 95
}
✔ FE014 procurement routes, permissions, DTOs and current source follow canonical contracts (49.1305ms)
{"taskId":"FE018","scope":"FRONTEND_WITH_SYNTHETIC_MOCK_API","routes":["R26","R27","R28","R51"],"operations":18,"checks":2,"knownRouteMappingGap":"R51 omits updateBudgetPolicy; UI uses canonical operation permission operations.manage"}
FE015 source map: 131 contract/source assertions passed
✔ FE015 finance routes, capabilities, operations and DTOs follow canonical contracts (56.5338ms)
✔ FE016 maps R05/R06 reads and mutations to canonical permissions and current inbox source (0.3145ms)
✔ FE016 contract bounds list filters, safe message refs and versioned send payloads (0.2ms)
✔ FE016 uses shell-owned resync and command recovery, and mock takeover enforces current version (0.2423ms)
✔ FE017 R23-R25 operations and action permissions match canonical routes (0.3705ms)
✔ FE017 uses the user-approved permission and lifecycle UI substitute without inventing a Knowledge DTO field (0.1046ms)
✔ FE017 price and availability source preview uses separately permissioned canonical APIs (0.0569ms)
✔ FE017 mock keeps published revisions immutable and feedback approval creates a draft revision (0.0475ms)
✔ FE018 R26/R27/R28/R51 actions use canonical routes, operation IDs, and permissions (0.2848ms)
✔ FE018 capability, tool permissions, human confirmation, and evaluation labels stay within declared schemas (0.1124ms)
✔ FE020 source stays mapped to canonical operations, permissions, and safe missing-schedule boundary (0.7675ms)
✔ FE020 mock enforces work-item capabilities and keeps integration readiness unknown (0.1233ms)
✔ accepts semantic bridge roles, the closed token-derived factor map, geometry, and reset values (924.1487ms)
✔ rejects a CSS spacing role without a declared shared owner (925.1837ms)
✔ rejects scale-conforming and off-scale literals in sx, responsive leaves, named and namespace MUI System props (958.1275ms)
✔ follows local aliases and style callbacks; rejects theme spacing helpers and preset overrides (960.926ms)
✔ scans nested slotProps but does not confuse event handlers or geometric dimensions with spacing (976.4871ms)
✔ keeps Panel geometry inspectable and rejects spacing hidden in its geometry prop (2835.0435ms)
✔ accepts only an exact CSS exception and reports stale or mismatched exception scope (2841.127ms)
✔ rejects malformed TypeScript, malformed CSS, bad exception schema, and raw values in the bridge (3727.1459ms)
✔ rejects canonical pixel tokens used as MUI factors and an altered bridge factor table (1838.9848ms)
✔ report mode inventories migration debt without turning findings into PASS (935.7691ms)
[WebServer] [BABEL] Note: The code generator has deoptimised the styling of C:\Users\Joker-PC\AppData\Local\Temp\botsales-vite-cache\ea27c7577456f6009d55\playwright-webserver\playwright-83708-37f9dd3e-b8da-4927-aa67-13be93205908\deps\react-dom_client.js?v=ade3cf6b as it exceeds the max of 500KB.
✔ module path classification accepts Windows and POSIX spellings, but excludes app files (6.1303ms)
✔ the source-checker CLI rejects a prohibited color literal in a module (207.2889ms)
✔ the source-checker CLI accepts a token-based module and leaves app-level colors outside the rule (159.319ms)
✔ uses the installed project compiler and the pinned version in this checkout (99.7913ms)
✔ accepts a local compiler whose manifest, module and executable match the project (43.7243ms)
✔ fails closed for missing local compiler without selecting a global fallback (14.554ms)
✔ fails closed for different installed package version without selecting a global fallback (14.6383ms)
✔ fails closed for module version differs from its manifest without selecting a global fallback (14.4195ms)
✔ fails closed for ancestor compiler silently resolved outside this project without selecting a global fallback (12.9801ms)
✔ fails closed for missing compiler executable without selecting a global fallback (14.3383ms)
✔ fails closed for unpinned project compiler requirement without selecting a global fallback (15.1477ms)
✔ production composition gate detects const MUI alias and namespace layout role (486.261ms)
✔ production composition gate closes aliased barrel API props (406.8779ms)
✔ production composition gate does not mistake shadowed local component for shared API (391.4929ms)
✔ production composition gate keeps valid canonical barrel consumer (429.6596ms)
✔ production visual gate rejects pretrusted-name spoof and parameter shadow (330.4262ms)
✔ production visual gate rejects a fake canonical module suffix (314.0397ms)
✔ production visual gate inspects renamed genuine styled factory (303.2974ms)
✔ production visual gate preserves canonical barrel aliases and finite palette selection (318.1653ms)
✔ production visual gate rejects raw values hidden in a finite palette (305.452ms)
✔ production visual gate does not follow a global alias through parameter shadow (289.4231ms)
✔ production composition geometry cannot resolve a shadowed global variable (278.5637ms)
✔ finite semantic prop types do not grant trust to a different same-named parameter (289.8992ms)
✔ opaque namespace composition selection cannot bypass closed props (320.945ms)
✔ opaque namespace style factory remains a visual binding failure (389.8889ms)
✔ canonical renamed import and constant alias preserve owner and path (265.1032ms)
✔ namespace and literal element access resolve canonical exports (276.2249ms)
✔ barrel re-export resolves original component identity (278.6753ms)
✔ parameter shadow does not inherit canonical import trust (277.5514ms)
✔ fake trusted names and a module named visual are not canonical (310.1437ms)
✔ mutable aliases, opaque keys and cyclic locals are not proven canonical (267.6888ms)
✔ destructured constant and safe type syntax preserve provenance (281.3123ms)
✔ installed MUI renamed styled resolves while local styled does not (274.3804ms)
✔ JavaScript workers remain in the Program import closure (318.9787ms)
✔ malformed element access is unproven rather than crashing the resolver (277.0734ms)
✔ a tsconfig alias cannot label another dependency as genuine MUI (281.5238ms)
✔ MUI re-export through a first-party barrel keeps library identity (281.0624ms)
✔ constant property-key aliases preserve canonical element access (284.6744ms)
✔ public layout mapping cannot be written through a direct consumer reference (407.3842ms)
✔ public layout nested aliases remain readonly (369.264ms)
✔ public visual mapping already rejects consumer writes (120.5678ms)
✔ canonical readonly style maps remain readable by consumers (373.5042ms)
✔ canonical token space cannot be overwritten through an alias (121.5083ms)
✔ public color export cannot be overwritten (122.4217ms)
✔ readonly token and color reads retain their public types (121.4863ms)
✔ P10/P15 catch alias and neutral-wrapper duplicate insets through fragments and conditionals (334.6063ms)
✔ P20 resolves shared composition identities through a barrel and const component aliases (330.9318ms)
✔ P11/P13 catch static element access roles on every MUI surface, including Paper (275.6821ms)
✔ P12 checks React createElement and JSX-runtime element factories (275.7073ms)
✔ P14 resolves bodyMode literal aliases and fails closed when ownership is unknown (788.9892ms)
✔ checks Panel ancestry when React elements are created natively (316.4897ms)
✔ keeps independent nested surfaces and portaled dialogs as separate owners (548.453ms)
✔ accepts finite bodyMode branches and every mode in the public component contracts (966.3963ms)
✔ stops inherited gap ownership at Panels and independent bordered surfaces (553.0434ms)
✔ tracks gaps through fragments, conditions and ready QueryState, but not inside DOM wrappers (282.6334ms)
✔ applies the same finite modes and wrapper boundaries to native React factories (542.6308ms)
✔ recognizes native outlined Paper and nested Box surface inset boundaries (595.3952ms)
✔ fails closed when an unresolved custom wrapper obscures a semantic gap owner (393.5213ms)
✔ rejects unsupported placement and rhythm values while accepting finite aliases and branches (581.8402ms)
✔ rejects unsupported finite values through React element factories (576.8873ms)
✔ accepts semantic composition, closed geometry and business-specific MUI primitives (8.062ms)
✔ rejects rebuilding each shared spacing owner at a consumer (7.8899ms)
✔ follows aliases, local style variables, object spreads and namespace imports (8.2907ms)
✔ rejects direct and spread spacing overrides on semantic components (8.0406ms)
✔ rejects spacing or opaque spreads hidden in geometry (8.2945ms)
✔ allows the canonical owner implementation and fails closed on malformed source (7.7678ms)
✔ rejects duplicated parent boundary and duplicated Panel inset (8.3645ms)
✔ checks default MUI imports and fails closed for opaque geometry (9.1537ms)
✔ distinguishes content grids from flex flows when reporting the shared owner (8.2912ms)
✔ rejects page spacing for paired fields and peer Panels without a section gap owner (8.984ms)
✔ related sibling gaps belong to ActionGroup comfortable density, not consumer Stack styles (9.4821ms)
✔ check-layout rejects missing-html at the UI entry boundary (594.1365ms)
✔ check-layout rejects missing-style at the UI entry boundary (609.0308ms)
✔ check-layout rejects inline-style at the UI entry boundary (620.258ms)
✔ check-layout rejects alias-mismatch at the UI entry boundary (601.9929ms)
✔ check-visual-tokens rejects missing-html at the UI entry boundary (717.0433ms)
✔ check-visual-tokens rejects missing-style at the UI entry boundary (607.7964ms)
✔ check-visual-tokens rejects inline-style at the UI entry boundary (595.6504ms)
✔ check-visual-tokens rejects alias-mismatch at the UI entry boundary (586.6933ms)
✔ check-ui-composition rejects missing-html at the UI entry boundary (559.2936ms)
✔ check-ui-composition rejects missing-style at the UI entry boundary (583.2132ms)
✔ check-ui-composition rejects inline-style at the UI entry boundary (582.12ms)
✔ check-ui-composition rejects alias-mismatch at the UI entry boundary (587.8693ms)
✔ DOM entry inspection never executes an inline script and detects decoded attributes (20.9054ms)
✔ manifest icons are resolved and malformed manifest data fails closed (17.2842ms)
✔ data and remote module sources cannot stand in for a scanned script entry (14.8892ms)
✔ an unused alias map cannot prove the exported Vite configuration (12.444ms)
✔ a Vite HTML generator cannot inject an unscanned stylesheet through a hook (12.3045ms)
✔ accepts current fingerprints, honest open coverage, and explained N/A (10.5598ms)
✔ rejects a stale source fingerprint (9.327ms)
✔ rejects a stale command log (9.4825ms)
✔ rejects missing, absolute, and escaping source paths (8.7916ms)
✔ rejects unrun, missing, duplicate, and nonzero command results marked PASS (9.8051ms)
✔ rejects PASS when expected and observed results differ (9.2015ms)
✔ rejects inconsistent coverage and N/A without a reason (9.4273ms)
✔ rejects a baseline falsely dated after implementation started and detects changed baseline artifacts (12.7838ms)
✔ COMPLETE cannot contain open coverage or failed commands (10.0899ms)
✔ S19 must explicitly reconcile files, APIs, routes, rendered routes, slots, and states (11.7928ms)
✔ rejects malformed top-level evidence instead of treating missing fields as success (8.3911ms)
✔ check-layout fails closed for relative missing import (633.8974ms)
✔ check-layout fails closed for aliased missing import (609.6084ms)
✔ check-layout fails closed for missing CSS import (585.1308ms)
✔ check-layout fails closed for opaque dynamic import (598.579ms)
✔ check-visual-tokens fails closed for relative missing import (584.4009ms)
✔ check-visual-tokens fails closed for aliased missing import (627.4338ms)
✔ check-visual-tokens fails closed for missing CSS import (594.0073ms)
✔ check-visual-tokens fails closed for opaque dynamic import (612.5438ms)
✔ check-ui-composition fails closed for relative missing import (599.0302ms)
✔ check-ui-composition fails closed for aliased missing import (601.709ms)
✔ check-ui-composition fails closed for missing CSS import (614.3513ms)
✔ check-ui-composition fails closed for opaque dynamic import (639.6692ms)
✔ scope follows a canonical package alias and classifies data assets separately (20.1959ms)
✔ scope follows CSS imports and rejects a missing nested stylesheet (19.2116ms)
✔ missing and malformed tsconfig cannot silently supply default resolution (10.5309ms)
✔ scope rejects discovered script sources omitted by the compiler config (16.7523ms)
✔ config includes are discovered even when a package source has no app import yet (16.7861ms)
✔ a first-party import cannot silently claim source outside the project (17.2337ms)
✔ malformed CSS and unhandled stylesheet languages cannot be classified as harmless data (22.7956ms)
✔ CSS asset URLs resolve with queries and fragments and reject missing files (25.6159ms)
✔ native service worker scripts enter the source closure and missing URLs fail (25.5068ms)
✔ Vite BASE_URL sample downloads enter asset coverage and missing samples fail (31.8963ms)
✔ a declared MSW worker has a vendor owner and rejects modifications (36.6938ms)
✔ CommonJS and TypeScript import-equals cannot hide missing first-party modules (27.0891ms)
✔ canonical writes through casts and aliases fail outside style expressions (964.0347ms)
✔ Object.assign cannot mutate canonical data but can copy to a fresh object (1856.1198ms)
✔ layout gate rejects raw spacing on const alias of MUI component (927.9137ms)
✔ canonical mutation gate follows global mutator aliases and reflection (973.9909ms)
✔ local mutator names do not acquire global mutation identity (963.7678ms)
✔ destructured mutators and call/apply retain canonical mutation checks (962.6347ms)
✔ global mutator call/apply can copy canonical values into fresh objects (972.4475ms)
✔ mutable aliases with possible canonical destinations fail closed (987.9552ms)
✔ opaque apply arguments fail closed while unrelated mutable data stays valid (2158.012ms)
✔ canonical references inside containers and destructured aliases cannot be mutated (1038.3062ms)
✔ independent shallow copies of scalar canonical fields remain mutable (1115.1294ms)
✔ array references and nested destructuring preserve canonical write provenance (1030.6492ms)
✔ array destinations distinguish independent elements from canonical references (975.0552ms)
✔ array destructuring, dynamic indices and spread cannot hide canonical references (990.7632ms)
✔ dynamic indices and destructuring of independent arrays stay mutable (1010.1447ms)
✔ function parameters cannot hide canonical mutation across source files (1045.4186ms)
✔ read-only helpers and mutations of unrelated arguments remain valid (1046.4063ms)
✔ returned canonical references remain protected across helper boundaries (1000.9176ms)
✔ helper returns of fresh scalar copies do not retain canonical destination identity (1140.0297ms)
✔ destructured object parameters cannot mutate canonical arguments (1030.3531ms)
✔ destructured object parameters retain independent argument mutability (972.8916ms)
✔ default parameter and binding initializers cannot hide canonical mutations (967.7994ms)
✔ fresh default parameter and binding copies remain mutable (987.447ms)
✔ rest parameters retain canonical argument write provenance (1268.7083ms)
✔ rest parameters distinguish independent positions from canonical siblings (1057.8488ms)
✔ finite spread arguments preserve shifted positional and rest destinations (1237.3386ms)
✔ finite spread expansion keeps independent argument positions mutable (1190.6739ms)
✔ opaque spreads keep positional mutation destinations unknown (1059.7744ms)
✔ opaque spreads into read-only helpers do not invent mutation findings (1073.0812ms)
✔ array parameter patterns retain canonical positions including nested object arrays (1037.2542ms)
✔ array parameter patterns retain independent bound element mutability (1037.1517ms)
✔ layout gate rejects parameter shadow of canonical layout name (1159.6233ms)
✔ layout gate follows genuine renamed styled factory (992.0486ms)
✔ layout gate accepts canonical namespace, element access and barrel alias (995.5311ms)
✔ layout gate does not mistake local component named Stack for MUI (1000.4213ms)
✔ layout gate inspects renamed installed Emotion css tag (1049.9129ms)
✔ layout gate preserves genuine aliased Controller field forwarding (1238.3104ms)
✔ a same-named local Controller cannot exempt an unknown prop spread (1049.2303ms)
✔ genuine useForm registration survives property and destructured aliases (1017.372ms)
✔ a function named register cannot exempt injected style props (977.147ms)
✔ a bridge callback parameter cannot impersonate its private factor binding (988.9325ms)
✔ opaque namespace component selection remains a strict binding failure (978.7238ms)
✔ opaque namespace factory cannot hide style arguments (981.831ms)
✔ MUI re-export cannot hide raw spacing behind a first-party barrel (1015.6912ms)
✔ destructuring assignments cannot hide canonical write targets (1000.2578ms)
✔ destructuring assignments can update independent copied destinations (984.9426ms)
✔ object rest retains nested canonical references while copying the outer object (960.7327ms)
✔ rest scalar copies and replacement of container references stay mutable (984.1464ms)
✔ shallow object spread preserves canonical child references and last-writer order (979.7546ms)
✔ shallow spread with a later independent override stays mutable (976.1172ms)
✔ exported mutable aliases retain assignments from their declaring file (993.709ms)
✔ exported independent mutable data does not acquire canonical provenance (963.8291ms)
✔ literal computed keys retain canonical container and parameter provenance (959.1871ms)
✔ literal computed keys do not taint independent selected properties (968.9707ms)
✔ Object.assign shallow copies retain canonical nested reference provenance (1002.3653ms)
✔ Object.assign later independent overrides and scalar copies stay mutable (964.5451ms)
✔ union and dynamic property selections retain possible canonical destinations (954.2268ms)
✔ finite union property selections exclude canonical siblings not in the key set (956.7746ms)
✔ union selection over Object.assign output retains canonical child provenance (969.0676ms)
✔ union selection over independent Object.assign output remains mutable (965.995ms)
✔ Reflect.set call/apply checks the target argument rather than the assigned value (2984.6866ms)
✔ aliased React createElement checks MUI and native style objects (999.7866ms)
✔ GlobalStyles.styles is checked and local createElement names stay local (1930.7676ms)
✔ React JSX runtime factories cannot bypass MUI or native style checks (959.9888ms)
✔ React cloneElement checks the cloned MUI element and preserves native props (3813.5397ms)
✔ Emotion css props and object factories are inspected with native CSS semantics (2937.4231ms)
✔ Inline style elements in JSX, React factories, DOM and the HTML entry fail closed (7826.4251ms)
✔ DOM CSSOM spacing writes use semantic roles and reject opaque style strings (1944.7719ms)
✔ HTML parsing and runtime stylesheet mutation cannot bypass the imported CSS boundary (1946.4748ms)
✔ spacing shorthand values and responsive breakpoints preserve token and unit provenance (9917.6823ms)
✔ function return producers cannot hide canonical children behind spreads (967.4803ms)
✔ producer spreads keep later independent child overrides writable (960.0412ms)
✔ Amount consumers declare wrapping outside DataTable columns and keep table money unbroken (23.7924ms)
✔ the shared catalog covers every public React component and supporting Column type (35.9952ms)
✔ every public React API has a direct rendered contract test (7.9542ms)
✔ catalog declaration lines and stated JSX counts match resolved source symbols (23.7189ms)
✔ every shared React export has a resolved production consumer or an explicit zero-use lifecycle decision (23.4262ms)
✔ required UI evidence and regression gates remain wired to root verify and the active parent workflow (6.8283ms)
✔ composition prop allowlists match the TypeScript owners exactly (6.3805ms)
✔ QueryState uses only the approved inline and section pending profiles (6.3928ms)
✔ QueryState consumers reserve section loading for primary content and keep every other state inline by default (24.979ms)
✔ body modes, placement roles and geometry keys match the TypeScript contracts (8.068ms)
✔ Panel geometry and DataTable columns remain closed public contracts (10.4944ms)
✔ shared component and composition props expose no arbitrary layout/style escape hatch (6.6438ms)
✔ layout role types, runtime values, consumers and ownership documentation stay closed (2244.4493ms)
✔ check-layout rejects missing source instead of returning an empty PASS (413.1173ms)
✔ check-layout rejects empty source instead of returning an empty PASS (434.1187ms)
✔ check-layout rejects generated-only source instead of returning an empty PASS (404.4668ms)
✔ check-layout rejects jsx-parse source instead of returning an empty PASS (424.0468ms)
✔ check-visual-tokens rejects missing source instead of returning an empty PASS (407.3121ms)
✔ check-visual-tokens rejects empty source instead of returning an empty PASS (410.5882ms)
✔ check-visual-tokens rejects generated-only source instead of returning an empty PASS (410.1307ms)
✔ check-visual-tokens rejects jsx-parse source instead of returning an empty PASS (411.4049ms)
✔ check-ui-composition rejects missing source instead of returning an empty PASS (420.6627ms)
✔ check-ui-composition rejects empty source instead of returning an empty PASS (404.507ms)
✔ check-ui-composition rejects generated-only source instead of returning an empty PASS (403.5326ms)
✔ check-ui-composition rejects jsx-parse source instead of returning an empty PASS (426.1413ms)
✔ visual checker accepts canonical theme roles, token references, geometry and semantic responsive props (303.5964ms)
✔ visual checker rejects raw literals across sx, JSX system props and CSS declarations (282.3132ms)
✔ visual checker follows local style aliases and callback themes, but fails raw nested values (287.6802ms)
✔ visual checker reports unresolved spreads and malformed style sources as UNKNOWN or parse errors (425.5323ms)
✔ visual checker includes newly added TSX files under the source root (286.5675ms)

Running 580 tests using 1 worker

(node:85080) Warning: The 'NO_COLOR' env is ignored due to the 'FORCE_COLOR' env being set.
(Use `node --trace-warnings ...` to show where the warning was created)
  ok   1 [chromium] › tests\accessibility\routes.spec.ts:17:1 › all canonical routes pass whole-page WCAG 2.1 A/AA axe checks in the React demo (54.4s)
[artifact-preview] {"scope":"FRONTEND_WITH_SYNTHETIC_MOCK_API","artifact":"apps/web/dist-demo","browserMetrics":{"browser":"Mozilla/5.0 (Windows NT 10.0; Win64; x64) AppleWebKit/537.36 (KHTML, like Gecko) Chrome/153.0.8010.12 Safari/537.36","viewport":{"width":1280,"height":720},"route":"/s/shop-demo/overview","domContentLoadedMs":67,"loadEventMs":67,"scriptCount":11,"scriptTransferBytes":451552,"scriptAssets":[{"file":"index-CvleD9Av.js","transferBytes":29665,"decodedBytes":92860,"durationMs":9},{"file":"react-runtime-D0NtfbPC.js","transferBytes":90580,"decodedBytes":279779,"durationMs":15},{"file":"query-5vm9EU1C.js","transferBytes":10220,"decodedBytes":33154,"durationMs":8},{"file":"contract-data-D-QqiNa-.js","transferBytes":37614,"decodedBytes":309769,"durationMs":12},{"file":"mui-azn9KfGV.js","transferBytes":100319,"decodedBytes":328326,"durationMs":15},{"file":"i18n-xB0mQYCC.js","transferBytes":15416,"decodedBytes":46142,"durationMs":11},{"file":"schema-validation-Bhr7oAQE.js","transferBytes":45419,"decodedBytes":149800,"durationMs":13},{"file":"browser-Q7hU35s0.js","transferBytes":87313,"decodedBytes":255636,"durationMs":8},{"file":"service-BepI4YXI.js","transferBytes":35006,"decodedBytes":159351,"durationMs":5},{"file":"index-BJvLBKj7.js","transferBytes":0,"decodedBytes":9810,"durationMs":53},{"file":"hooks-DbOMPuxp.js","transferBytes":0,"decodedBytes":4582,"durationMs":57}]},"bundles":{"javascriptFiles":32,"totalBytes":2373057,"totalGzipBytes":679931,"initialRouteGzipBytes":454679,"proposedBudgets":{"initialRouteGzipKiB":500,"largestChunkGzipKiB":200,"basis":"Local demo preview limits for the measured Chromium artifact; not a backend or platform SLO."},"largest":[{"file":"apps/web/dist-demo/assets/mui-azn9KfGV.js","bytes":328326,"gzipBytes":100019},{"file":"apps/web/dist-demo/assets/charts-RcpaDpmM.js","bytes":313031,"gzipBytes":94993},{"file":"apps/web/dist-demo/assets/contract-data-D-QqiNa-.js","bytes":309769,"gzipBytes":37314},{"file":"apps/web/dist-demo/assets/react-runtime-D0NtfbPC.js","bytes":279779,"gzipBytes":90280},{"file":"apps/web/dist-demo/assets/browser-Q7hU35s0.js","bytes":255636,"gzipBytes":87013}]},"observedApi":{"path":"/api/v2/session","status":200,"servedBy":"MSW in the built demo artifact"},"dataSource":"synthetic-msw"}
  ok   2 [chromium] › tests\artifacts\demo-preview.spec.ts:39:1 › the built demo artifact serves the React UI and synthetic API through preview (726ms)
[large-dataset-api] {"url":"http://127.0.0.1:55693/api/v2/shops/shop-demo/customers?limit=20","count":20,"page":{"limit":20,"total":1004,"hasMore":true,"nextCursor":"perf-customer-0016"},"firstIds":["c1","c2","c3"]}
[large-dataset-preview] {"scope":"FRONTEND_WITH_SYNTHETIC_MOCK_API","artifact":"apps/web/dist-demo","datasetId":"FE025-LARGE-CUSTOMERS-1000-V1","generatedRows":1000,"firstPageIds":["c1","c2","c3","c4","perf-customer-0001","perf-customer-0002","perf-customer-0003","perf-customer-0004","perf-customer-0005","perf-customer-0006","perf-customer-0007","perf-customer-0008","perf-customer-0009","perf-customer-0010","perf-customer-0011","perf-customer-0012","perf-customer-0013","perf-customer-0014","perf-customer-0015","perf-customer-0016"],"api":{"status":200,"pageLimit":20,"total":1004,"hasMore":true,"nextCursor":"perf-customer-0016"},"domRowsIncludingHeader":21,"firstPageReadyMs":351,"browser":"Mozilla/5.0 (Windows NT 10.0; Win64; x64) AppleWebKit/537.36 (KHTML, like Gecko) Chrome/153.0.8010.12 Safari/537.36","viewport":{"width":1280,"height":720},"note":"Synthetic customer identities only; the React screen renders one API page and exposes the next cursor instead of mounting the full collection."}
  ok   3 [chromium] › tests\artifacts\demo-preview.spec.ts:103:1 › a thousand synthetic customers remain API-paginated in the built demo artifact (974ms)
  ok   4 [chromium] › tests\artifacts\demo-preview.spec.ts:141:1 › the production artifact contains neither the mock worker asset nor MSW fixtures/runtime (10ms)
  ok   5 [chromium] › tests\fe009.spec.ts:35:1 › workspace onboarding creates a shop with an active membership and returns to its scoped route (2.4s)
  ok   6 [chromium] › tests\fe009.spec.ts:57:1 › customer create validates fields, submits through mock HTTP, and preserves edits after a stale version (3.6s)
  ok   7 [chromium] › tests\fe009.spec.ts:125:1 › customer detail keeps redacted contact fields read-only and does not overwrite them on save (1.2s)
  ok   8 [chromium] › tests\fe009.spec.ts:142:1 › job detail follows an export created in the current synthetic shop and can refetch it (1.4s)
  ok   9 [chromium] › tests\fe009.spec.ts:177:1 › FE009.G01 shop setup checklist guides to supported pages and leaves missing contract fields unverified (1.1s)
  ok  10 [chromium] › tests\fe009.spec.ts:190:1 › FE009.G05 marketing consent preview is interactive but never claims server opt-out (1.2s)
  ok  11 [chromium] › tests\fe009.spec.ts:205:1 › FE009.H06 audit screen distinguishes available fields from missing contract detail (1.1s)
  ok  12 [chromium] › tests\fe009.spec.ts:214:1 › FE009.B06 after-sale cases only link orders loaded for the selected customer and customer profile shows their shipment (5.3s)
  ok  13 [chromium] › tests\fe009.spec.ts:246:1 › team invitation and membership revoke stay shop-scoped and protect the active owner (2.3s)
  ok  14 [chromium] › tests\fe009.spec.ts:282:1 › privacy delete requests remain pending approval with no frontend step-up shortcut (2.6s)
