
> botsales-frontend@0.1.0 verify
> npm run generate:check && npm run test:source && npm run boundaries && npm run lint && npm run typecheck && npm run test:domain && npm test && npm run build


> botsales-frontend@0.1.0 generate:check
> node scripts/generate.mjs --check

{"status":"PASS","outputs":11,"schemas":283,"operations":210,"routes":54}

> botsales-frontend@0.1.0 test:source
> node scripts/check-source.mjs && node --test tests/source-checker.test.mjs

{
  "checkedAt": "2026-10-02T13:25:01.919Z",
  "scope": "Syntax, operation identifiers, route-source mapping, permissions and token adoption. NOT React typecheck, build or browser test.",
  "compiler": "5.9.2",
  "compilerSource": "project dependency",
  "files": 62,
  "operationCalls": 227,
  "routes": 54,
  "issues": [],
  "status": "PASS"
}
✔ module path classification accepts Windows and POSIX spellings, but excludes app files (0.9843ms)
✔ the source-checker CLI rejects a prohibited color literal in a module (149.5616ms)
✔ the source-checker CLI accepts a token-based module and leaves app-level colors outside the rule (146.2807ms)
ℹ tests 3
ℹ suites 0
ℹ pass 3
ℹ fail 0
ℹ cancelled 0
ℹ skipped 0
ℹ todo 0
ℹ duration_ms 351.0428

> botsales-frontend@0.1.0 boundaries
> node scripts/check-boundaries.mjs

{
  "checkedAt": "2026-10-02T13:25:03.914Z",
  "scope": "AST imports resolve aliases/relative paths, module boundaries and cycles; parser diagnostics are errors",
  "files": 62,
  "imports": 411,
  "negativeFixtures": "Boundary fixtures: PASS 8/8 scenarios (allowed import, alias, relative, type-only, dynamic, unresolved, cycle, parser error).",
  "status": "PASS",
  "issues": []
}

> botsales-frontend@0.1.0 lint
> eslint apps/web/src --max-warnings 0


> botsales-frontend@0.1.0 typecheck
> tsc -p apps/web/tsconfig.json --noEmit


> botsales-frontend@0.1.0 test:domain
> node scripts/test-domain.mjs

{"status":"PASS","simulatorChecks":75,"networkChecks":13,"networkHandlers":210,"passed":88,"operations":89,"node":"v24.19.0","typescript":"5.9.2"}

> botsales-frontend@0.1.0 test
> vitest run --config apps/web/vitest.config.ts


 RUN  v5.0.3 C:/Users/Joker-PC/Documents/Projects/Bot-AI-Ban-hang-FB/BotSalesAI_Frontend

[BABEL] Note: The code generator has deoptimised the styling of C:\Users\Joker-PC\AppData\Local\Temp\botsales-vite-cache\ea27c7577456f6009d55\direct-vite\30508\deps\react-dom_client.js?v=e310791d as it exceeds the max of 500KB.

 Test Files  8 passed (8)
      Tests  72 passed (72)
   Start at  20:25:12
   Duration  5.33s (tests 54%, environment 22%, import 12%, setup 6%, transform 6%)


> botsales-frontend@0.1.0 build
> npm run generate:check && npm run typecheck && npm run build --workspace @botsales/web


> botsales-frontend@0.1.0 generate:check
> node scripts/generate.mjs --check

{"status":"PASS","outputs":11,"schemas":283,"operations":210,"routes":54}

> botsales-frontend@0.1.0 typecheck
> tsc -p apps/web/tsconfig.json --noEmit


> @botsales/web@0.1.0 build
> vite build --mode production

vite v7.3.6 building client environment for production...
transforming...
✓ 2051 modules transformed.
rendering chunks...
computing gzip size...
dist/index.html                                 0.86 kB │ gzip:   0.52 kB
dist/assets/index-v_6AJcWh.css                  2.36 kB │ gzip:   0.95 kB
dist/assets/download-8lJFmiSZ.js                0.23 kB │ gzip:   0.17 kB
dist/assets/filters-BA4iHnhs.js                 0.30 kB │ gzip:   0.23 kB
dist/assets/import-file-Ct8hcUTT.js             0.32 kB │ gzip:   0.26 kB
dist/assets/DeleteOutlineRounded-JzQdE_Cb.js    0.53 kB │ gzip:   0.31 kB
dist/assets/hooks-FdfTTGry.js                   4.17 kB │ gzip:   1.94 kB
dist/assets/imports-a3N7DQHw.js                 6.19 kB │ gzip:   2.76 kB
dist/assets/index-DE_Fcckb.js                   7.27 kB │ gzip:   2.94 kB
dist/assets/index-DyhqGeKM.js                   7.80 kB │ gzip:   3.14 kB
dist/assets/index-DNyjtQ2y.js                   8.35 kB │ gzip:   3.54 kB
dist/assets/index-BVEbyFGd.js                  12.08 kB │ gzip:   4.31 kB
dist/assets/index-B5sHabam.js                  12.73 kB │ gzip:   5.22 kB
dist/assets/index-Ba2m0mDK.js                  13.21 kB │ gzip:   4.98 kB
dist/assets/index-D_MWUMvC.js                  14.47 kB │ gzip:   5.21 kB
dist/assets/index-DU1pTOAV.js                  14.73 kB │ gzip:   4.94 kB
dist/assets/index-CWyASyGU.js                  15.81 kB │ gzip:   5.23 kB
dist/assets/index-Cst3xdd-.js                  16.21 kB │ gzip:   5.68 kB
dist/assets/index-Bn1ZGpsi.js                  17.55 kB │ gzip:   5.81 kB
dist/assets/index-BI0HJrHy.js                  23.67 kB │ gzip:   8.06 kB
dist/assets/index-CPTg_cy9.js                  24.70 kB │ gzip:   8.07 kB
dist/assets/index-CLskUyaA.js                  29.46 kB │ gzip:   8.60 kB
dist/assets/index-9KKCHhxu.js                  30.83 kB │ gzip:   9.62 kB
dist/assets/schemas-BNOgWa61.js                79.17 kB │ gzip:  24.03 kB
dist/assets/react-NCqEdj2_.js                 104.73 kB │ gzip:  35.41 kB
dist/assets/mui-CPcoVmWS.js                   322.09 kB │ gzip:  97.68 kB
dist/assets/index-J_ctRH44.js                 324.31 kB │ gzip:  99.40 kB
dist/assets/index-I-HVnqjH.js                 730.75 kB │ gzip: 184.42 kB

(!) Some chunks are larger than 500 kB after minification. Consider:
- Using dynamic import() to code-split the application
- Use build.rollupOptions.output.manualChunks to improve chunking: https://rollupjs.org/configuration-options/#output-manualchunks
- Adjust chunk size limit for this warning via build.chunkSizeWarningLimit.
✓ built in 2.74s
