{
  "executedAt": "2026-10-08T16:25:09.898Z",
  "taskId": "FE025",
  "stepId": "S02",
  "facts": [
    {
      "name": "Canonical task criteria",
      "action": "Sửa overflow/touch/keyboard/focus/zoom/reduced-motion/forced-colors và semantics trong source bị ảnh hưởng.",
      "verification": "Màn 320px/desktop theo docs dùng được; responsive không làm mất action/data bắt buộc. Ghi command/cwd/exit code, expected/observed, log/hash và source snapshot thực. Scope FRONTEND_WITH_SYNTHETIC_MOCK_API; không dùng kết quả prototype hoặc backend chưa chạy."
    },
    {
      "name": "Current task contract/source ownership",
      "routes": [
        {
          "id": "R01",
          "source": "apps/web/src/modules/workspace/index.tsx",
          "component": "LoginPage"
        },
        {
          "id": "R02",
          "source": "apps/web/src/modules/workspace/index.tsx",
          "component": "WorkspacesPage"
        },
        {
          "id": "R03",
          "source": "apps/web/src/modules/workspace/index.tsx",
          "component": "OnboardingPage"
        },
        {
          "id": "R04",
          "source": "apps/web/src/modules/dashboard/index.tsx",
          "component": "DashboardPage"
        },
        {
          "id": "R05",
          "source": "apps/web/src/modules/inbox/index.tsx",
          "component": "InboxPage"
        },
        {
          "id": "R06",
          "source": "apps/web/src/modules/inbox/index.tsx",
          "component": "InboxPage"
        },
        {
          "id": "R07",
          "source": "apps/web/src/modules/customers/index.tsx",
          "component": "CustomersPage"
        },
        {
          "id": "R08",
          "source": "apps/web/src/modules/customers/index.tsx",
          "component": "CustomerPage"
        },
        {
          "id": "R09",
          "source": "apps/web/src/modules/catalog/index.tsx",
          "component": "ProductsPage"
        },
        {
          "id": "R10",
          "source": "apps/web/src/modules/catalog/index.tsx",
          "component": "ProductEditorPage"
        },
        {
          "id": "R11",
          "source": "apps/web/src/modules/catalog/index.tsx",
          "component": "ProductEditorPage"
        },
        {
          "id": "R12",
          "source": "apps/web/src/modules/catalog/index.tsx",
          "component": "CategoriesPage"
        },
        {
          "id": "R13",
          "source": "apps/web/src/modules/catalog/imports.tsx",
          "component": "ImportsPage"
        },
        {
          "id": "R14",
          "source": "apps/web/src/modules/catalog/imports.tsx",
          "component": "ImportResultPage"
        },
        {
          "id": "R15",
          "source": "apps/web/src/modules/inventory/index.tsx",
          "component": "InventoryPage"
        },
        {
          "id": "R16",
          "source": "apps/web/src/modules/inventory/index.tsx",
          "component": "MovementsPage"
        },
        {
          "id": "R17",
          "source": "apps/web/src/modules/orders/index.tsx",
          "component": "OrdersPage"
        },
        {
          "id": "R18",
          "source": "apps/web/src/modules/orders/index.tsx",
          "component": "NewOrderPage"
        },
        {
          "id": "R19",
          "source": "apps/web/src/modules/orders/index.tsx",
          "component": "OrderDetailPage"
        },
        {
          "id": "R20",
          "source": "apps/web/src/modules/finance/index.tsx",
          "component": "CashflowPage"
        },
        {
          "id": "R21",
          "source": "apps/web/src/modules/finance/index.tsx",
          "component": "EntriesPage"
        },
        {
          "id": "R22",
          "source": "apps/web/src/modules/finance/index.tsx",
          "component": "ProfitLossPage"
        },
        {
          "id": "R23",
          "source": "apps/web/src/modules/knowledge/index.tsx",
          "component": "KnowledgePage"
        },
        {
          "id": "R24",
          "source": "apps/web/src/modules/knowledge/index.tsx",
          "component": "KnowledgeDetailPage"
        },
        {
          "id": "R25",
          "source": "apps/web/src/modules/knowledge/index.tsx",
          "component": "FeedbackPage"
        },
        {
          "id": "R26",
          "source": "apps/web/src/modules/bot/index.tsx",
          "component": "BotConfigPage"
        },
        {
          "id": "R27",
          "source": "apps/web/src/modules/bot/index.tsx",
          "component": "PlaygroundPage"
        },
        {
          "id": "R28",
          "source": "apps/web/src/modules/bot/index.tsx",
          "component": "EvaluationsPage"
        },
        {
          "id": "R29",
          "source": "apps/web/src/modules/integrations/index.tsx",
          "component": "ChannelsPage"
        },
        {
          "id": "R30",
          "source": "apps/web/src/modules/integrations/index.tsx",
          "component": "AIProvidersPage"
        },
        {
          "id": "R31",
          "source": "apps/web/src/modules/reports/index.tsx",
          "component": "ReportsPage"
        },
        {
          "id": "R32",
          "source": "apps/web/src/modules/workspace/index.tsx",
          "component": "TeamPage"
        },
        {
          "id": "R33",
          "source": "apps/web/src/modules/workspace/index.tsx",
          "component": "ShopSettingsPage"
        },
        {
          "id": "R34",
          "source": "apps/web/src/modules/workspace/index.tsx",
          "component": "AuditPage"
        },
        {
          "id": "R35",
          "source": "apps/web/src/modules/workspace/index.tsx",
          "component": "PrivacyPage"
        },
        {
          "id": "R36",
          "source": "apps/web/src/modules/workspace/index.tsx",
          "component": "JobPage"
        },
        {
          "id": "R37",
          "source": "apps/web/src/modules/operations/index.tsx",
          "component": "OperationsPage"
        },
        {
          "id": "R38",
          "source": "apps/web/src/modules/operations/index.tsx",
          "component": "ApprovalsPage"
        },
        {
          "id": "R39",
          "source": "apps/web/src/modules/notifications/index.tsx",
          "component": "NotificationsPage"
        },
        {
          "id": "R40",
          "source": "apps/web/src/modules/notifications/index.tsx",
          "component": "DevicesPage"
        },
        {
          "id": "R41",
          "source": "apps/web/src/modules/fulfillment/index.tsx",
          "component": "FulfillmentPage"
        },
        {
          "id": "R42",
          "source": "apps/web/src/modules/fulfillment/index.tsx",
          "component": "ShipmentsPage"
        },
        {
          "id": "R43",
          "source": "apps/web/src/modules/orders/index.tsx",
          "component": "ReturnsPage"
        },
        {
          "id": "R44",
          "source": "apps/web/src/modules/procurement/index.tsx",
          "component": "SuppliersPage"
        },
        {
          "id": "R45",
          "source": "apps/web/src/modules/procurement/index.tsx",
          "component": "ReplenishmentPage"
        },
        {
          "id": "R46",
          "source": "apps/web/src/modules/procurement/index.tsx",
          "component": "PurchasesPage"
        },
        {
          "id": "R47",
          "source": "apps/web/src/modules/procurement/index.tsx",
          "component": "ReceiptsPage"
        },
        {
          "id": "R48",
          "source": "apps/web/src/modules/finance/index.tsx",
          "component": "JournalsPage"
        },
        {
          "id": "R49",
          "source": "apps/web/src/modules/finance/index.tsx",
          "component": "ReconciliationPage"
        },
        {
          "id": "R50",
          "source": "apps/web/src/modules/finance/index.tsx",
          "component": "DebtsPage"
        },
        {
          "id": "R51",
          "source": "apps/web/src/modules/bot/index.tsx",
          "component": "AgentTeamPage"
        },
        {
          "id": "R52",
          "source": "apps/web/src/modules/operations/index.tsx",
          "component": "DigestsPage"
        },
        {
          "id": "R53",
          "source": "apps/web/src/modules/reports/index.tsx",
          "component": "MarketingPage"
        },
        {
          "id": "R54",
          "source": "apps/web/src/modules/customers/index.tsx",
          "component": "ServiceCasesPage"
        }
      ],
      "operationIds": [
        "acknowledgeNotification",
        "addInternalNote",
        "approvePrivacyRequest",
        "archiveCategory",
        "archiveProduct",
        "assignConversation",
        "beginChannelConnect",
        "beginLogin",
        "beginTelegramPairing",
        "cancelOrder",
        "checkChannelHealth",
        "claimWorkItem",
        "closeAccountingPeriod",
        "commitProductImport",
        "confirmOrder",
        "confirmPurchaseOrder",
        "controlAutomation",
        "createAIConnection",
        "createCategory",
        "createCustomer",
        "createDevice",
        "createEvaluation",
        "createExport",
        "createFeedback",
        "createFinanceEntry",
        "createGoodsReceipt",
        "createInventoryAdjustment",
        "createJournal",
        "createKnowledge",
        "createKnowledgeRevision",
        "createOrder",
        "createPrivacyRequest",
        "createProduct",
        "createProductImport",
        "createPurchaseOrder",
        "createReorderRule",
        "createReturnCase",
        "createServiceCase",
        "createShipment",
        "createShop",
        "createSupplier",
        "createSupplierOffer",
        "decideApproval",
        "deleteAIConnection",
        "disconnectChannel",
        "evaluateReorder",
        "getAIConnection",
        "getApproval",
        "getBotConfig",
        "getBotRevision",
        "getCashflow",
        "getCategory",
        "getChannel",
        "getCommand",
        "getConversation",
        "getCsrfToken",
        "getCustomer",
        "getDashboard",
        "getEvaluation",
        "getFile",
        "getFinanceEntry",
        "getGoodsReceipt",
        "getInboxMetadata",
        "getJob",
        "getJournal",
        "getKnowledge",
        "getKnowledgeRevision",
        "getMarketingSummary",
        "getMember",
        "getNotification",
        "getNotificationPolicy",
        "getOperationsSummary",
        "getOrder",
        "getPrepJob",
        "getPrivacyPolicy",
        "getProduct",
        "getProfitLoss",
        "getProviderCatalog",
        "getPurchaseOrder",
        "getReportSummary",
        "getReturnCase",
        "getServiceCase",
        "getSession",
        "getShipment",
        "getShop",
        "getSupplier",
        "handoverShipment",
        "importBankStatement",
        "importCODStatement",
        "inspectReturn",
        "inviteMember",
        "listAIConnections",
        "listAccountingPeriods",
        "listAgentRoles",
        "listApprovals",
        "listAuditEvents",
        "listBankTransactions",
        "listBotRevisions",
        "listBudgetPolicies",
        "listCODSettlements",
        "listCategories",
        "listChannels",
        "listConversations",
        "listCustomers",
        "listDebtItems",
        "listDevices",
        "listDigests",
        "listEvaluations",
        "listFeedback",
        "listFinanceEntries",
        "listGoodsReceipts",
        "listJobs",
        "listJournals",
        "listKnowledge",
        "listKnowledgeRevisions",
        "listMembers",
        "listMessages",
        "listNotifications",
        "listOrders",
        "listPrepJobs",
        "listPrivacyRequests",
        "listProducts",
        "listPurchaseOrders",
        "listPurchaseSuggestions",
        "listReconciliationCases",
        "listReorderRules",
        "listReturnCases",
        "listServiceCases",
        "listShipments",
        "listShops",
        "listStockMovements",
        "listStockSnapshots",
        "listSupplierOffers",
        "listSuppliers",
        "listWorkItems",
        "matchCODSettlement",
        "matchSettlement",
        "packPrepJob",
        "pauseBot",
        "payOrder",
        "pickPrepLine",
        "postFinanceEntry",
        "postGoodsReceipt",
        "postJournal",
        "publishBotConfig",
        "publishKnowledge",
        "quoteOrder",
        "reconnectChannel",
        "recordShipmentEvent",
        "refundOrder",
        "releaseConversation",
        "reopenAccountingPeriod",
        "requestPurchaseApproval",
        "resolveConversation",
        "restoreBotRevision",
        "restoreKnowledgeRevision",
        "retireKnowledge",
        "reverseFinanceEntry",
        "reverseJournal",
        "reviewFeedback",
        "revokeDevice",
        "revokeMembership",
        "runPlayground",
        "sendMessage",
        "sendPurchaseOrder",
        "setServiceCaseStatus",
        "setSupplierStatus",
        "stepUp",
        "submitKnowledgeReview",
        "takeoverConversation",
        "testAIConnection",
        "testDevice",
        "updateAIConnection",
        "updateAgentRole",
        "updateBotDraft",
        "updateCategory",
        "updateCustomer",
        "updateFinanceEntry",
        "updateKnowledge",
        "updateMemberRoles",
        "updateNotificationPolicy",
        "updateOrderDraft",
        "updatePrivacyPolicy",
        "updateProduct",
        "updateReorderRule",
        "updateShop",
        "updateSupplier",
        "updateWorkItem",
        "uploadFile"
      ],
      "crosswalk": {
        "operations": 210,
        "files": 71,
        "calls": 222,
        "unresolved": 0
      }
    },
    {
      "name": "Named executed owner behavior",
      "scope": "owner suite",
      "cases": [
        "the built demo artifact serves the React UI and synthetic API through preview",
        "a thousand synthetic customers remain API-paginated in the built demo artifact",
        "the production artifact contains neither the mock worker asset nor MSW fixtures/runtime",
        "UI012 keyboard-only finance edit handles select, discard warning and focus return",
        "UI012 keyboard validation focuses the field named by a synthetic 422 response",
        "UI012 keyboard activates the CSV chooser and discards its selected file without upload",
        "UI012 keyboard can reach and horizontally scroll the marketing chart data alternative",
        "UI012 marketing chart keeps every category label visible beside its data table",
        "UI012 inbox feedback actions identify their message and return focus after Escape",
        "UI012 order draft does not announce an untouched required customer as invalid",
        "UI012 long BotConfig policy literal wraps inside its alert at a 320 CSS-pixel viewport",
        "UI012 dashboard CTA separates hover and pressed feedback while keeping keyboard focus visible",
        "Toolbar geometry: multiline category lookup cannot stretch the search button",
        "Toolbar affected routes keep intrinsic actions, capability branches and 320px reflow",
        "Toolbar public extra slot cannot stretch a single-line submit action",
        "Toolbar preserves Products URL filters, search submit, clear and independent category lookup",
        "Toolbar keeps Inventory apply/reset separate from search submission",
        "Toolbar category more/busy/error/retry branches preserve search geometry and actual pagination",
        "Shell keeps header, banner, main and footer on one responsive gutter",
        "demo controls stay discoverable on mobile and usable on desktop",
        "SPC-055/057 floated demo-control labels keep a clear gap on every Shell route consumer",
        "unmatched route fallback owns its page gutter without horizontal overflow",
        "A01 order lines keep intrinsic remove actions with clean and invalid quantities",
        "A02 product editors align category and status faces independently from lookup metadata",
        "A03 import mapping preserves natural remove actions and editable mappings",
        "A04 full precision money wraps outside tables and remains unbroken in the named scroll region",
        "A05 status height follows its own label while long labels remain fully readable",
        "A06 Empty wraps unbroken reference text and retains its keyboard action",
        "A07 locked order addresses expose full text and edit lines retain intrinsic actions",
        "W01 AI single connection fills its collection at breakpoint edges and wide viewports",
        "W01 AI keeps two-column collection for two/three items and refetch preserves the new count",
        "W01 AI empty result keeps one accessible create action and no empty grid",
        "W02 full-width form groups fill their panel and retain input/mapping/shipping behavior",
        "W03 notification protection notice occupies the full page row after the two panes",
        "W04 detail rows stay atomic in content rhythm and plain containers"
      ],
      "executions": 70,
      "assertionInventory": [
        {
          "file": "tests/artifacts/demo-preview.spec.ts",
          "sha256": "97177073bb270a69a49ad0e3e2aee4ea5474370b05f409955d33971727e7b1c3",
          "cases": [
            {
              "title": "the built demo artifact serves the React UI and synthetic API through preview",
              "line": 39,
              "assertions": [
                "expect(response.status()).toBe(200)",
                "expect(page.getByText('Dữ liệu mô phỏng', { exact: true })).toBeVisible()",
                "expect(page.locator('main h1').first()).toBeVisible()",
                "expect(initialGzipBytes).toBeLessThanOrEqual(500 * 1024)",
                "expect(largestGzipBytes).toBeLessThanOrEqual(200 * 1024)"
              ],
              "projects": [
                "chromium",
                "firefox"
              ]
            },
            {
              "title": "a thousand synthetic customers remain API-paginated in the built demo artifact",
              "line": 103,
              "assertions": [
                "expect(page.getByText('Dữ liệu mô phỏng', { exact: true })).toBeVisible()",
                "expect(page.getByRole('status')).toHaveText('Đã tải 1.000 khách hàng tổng hợp vào API mô phỏng.')",
                "expect(response.status()).toBe(200)",
                "expect(renderedRows).toHaveCount(21)",
                "expect(page.locator('a[href*=\"perf-customer-\"]').first()).toBeVisible()",
                "expect(envelope.page).toMatchObject({ limit: 20, total: 1004, hasMore: true })"
              ],
              "projects": [
                "chromium",
                "firefox"
              ]
            },
            {
              "title": "the production artifact contains neither the mock worker asset nor MSW fixtures/runtime",
              "line": 141,
              "assertions": [
                "expect(files.some(file => path.basename(file) === 'mockServiceWorker.js')).toBe(false)",
                "expect(bundles).not.toContain(marker)",
                "expect(bundles).not.toContain('service worker mô phỏng')"
              ],
              "projects": [
                "chromium",
                "firefox"
              ]
            }
          ]
        },
        {
          "file": "tests/ui012-keyboard.spec.ts",
          "sha256": "f780da7c5716ab6ec28844a880aab3168b1a74c9d3829bf40d26122abfc964c8",
          "cases": [
            {
              "title": "UI012 keyboard-only finance edit handles select, discard warning and focus return",
              "line": 42,
              "assertions": [
                "expect(page.locator('#root')).not.toBeEmpty()",
                "expect(page.getByRole('heading', { name: 'Sổ thu chi', exact: true })).toBeVisible()",
                "expect(main).toBeVisible()",
                "expect(skipLink).toBeFocused()",
                "expect(page).toHaveURL(/#main-content$/)",
                "expect(main).toBeFocused()",
                "expect(dialog).toBeVisible()",
                "expect(listbox).toBeVisible()",
                "expect(kind).toContainText('Thu tiền')",
                "expect(kind).toBeFocused()",
                "expect(discard).toBeVisible()",
                "expect(discard).toHaveCount(0)",
                "expect(dialog).toBeVisible()",
                "expect(kind).toContainText('Thu tiền')",
                "expect(amount).toHaveValue('1250')",
                "expect(discard).toBeVisible()",
                "expect(dialog).toHaveCount(0)",
                "expect(trigger).toBeFocused()",
                "expect(writes).toEqual([])"
              ],
              "projects": [
                "chromium",
                "firefox"
              ]
            },
            {
              "title": "UI012 keyboard validation focuses the field named by a synthetic 422 response",
              "line": 103,
              "assertions": [
                "expect(page.getByRole('heading', { name: 'Kiến thức cửa hàng', exact: true })).toBeVisible()",
                "expect(skipLink).toBeFocused()",
                "expect(main).toBeFocused()",
                "expect(dialog).toBeVisible()",
                "expect(alert).toBeVisible()",
                "expect(await page.evaluate(() => (window as Window & { __ui012Synthetic422: boolean }).__ui012Synthetic422)).toBe(true)",
                "expect(content).toBeFocused()",
                "expect(content).toHaveAttribute('aria-invalid', 'true')",
                "expect(alert).toContainText('Nội dung: Hãy rà soát nội dung nguồn.')",
                "expect(alert).not.toContainText('content:')"
              ],
              "projects": [
                "chromium",
                "firefox"
              ]
            },
            {
              "title": "UI012 keyboard activates the CSV chooser and discards its selected file without upload",
              "line": 160,
              "assertions": [
                "expect(page.getByRole('heading', { name: 'Đối soát ngân hàng & COD', exact: true })).toBeVisible()",
                "expect(skipLink).toBeFocused()",
                "expect(main).toBeFocused()",
                "expect(dialog).toBeVisible()",
                "expect(dialog.getByRole('button', { name: 'ui012-keyboard.csv', exact: true })).toBeVisible()",
                "expect(discard).toBeVisible()",
                "expect(dialog).toHaveCount(0)",
                "expect(trigger).toBeFocused()",
                "expect(writes).toEqual([])"
              ],
              "projects": [
                "chromium",
                "firefox"
              ]
            },
            {
              "title": "UI012 keyboard can reach and horizontally scroll the marketing chart data alternative",
              "line": 200,
              "assertions": [
                "expect(page.getByRole('heading', { name: 'Thông tin cho marketing', exact: true })).toBeVisible()",
                "expect(chart).toBeVisible()",
                "expect(table.getByRole('row').nth(1)).toBeVisible()",
                "expect(region).toBeVisible()",
                "expect(skipLink).toBeFocused()",
                "expect(main).toBeFocused()",
                "expect(region).toBeFocused()",
                "expect(await region.evaluate(element => (element as HTMLElement).scrollWidth > (element as HTMLElement).clientWidth)).toBe(true)",
                "expect(after).toBeGreaterThan(before)",
                "expect(await page.evaluate(() => document.documentElement.scrollLeft)).toBe(0)"
              ],
              "projects": [
                "chromium",
                "firefox"
              ]
            },
            {
              "title": "UI012 marketing chart keeps every category label visible beside its data table",
              "line": 227,
              "assertions": [
                "expect(chart).toBeVisible()",
                "expect(table).toBeVisible()",
                "expect(chartLabels).toEqual(expect.arrayContaining(expectedLabels))",
                "expect.arrayContaining(expectedLabels)",
                "expect(table.getByRole('row')).toHaveCount(4)",
                "expect(chartBounds).not.toBeNull()",
                "expect(labelBounds).toHaveLength(expectedLabels.length)",
                "expect(bounds.x).toBeGreaterThanOrEqual(chartBounds!.x)",
                "expect(bounds.right).toBeLessThanOrEqual(chartBounds!.x + chartBounds!.width)",
                "expect(bounds.fontSize).toBeGreaterThanOrEqual(14)",
                "expect(labelBounds[index - 1].right).toBeLessThanOrEqual(labelBounds[index].x)",
                "expect(await page.evaluate(() => document.documentElement.scrollWidth <= document.documentElement.clientWidth)).toBe(true)"
              ],
              "projects": [
                "chromium",
                "firefox"
              ]
            },
            {
              "title": "UI012 inbox feedback actions identify their message and return focus after Escape",
              "line": 268,
              "assertions": [
                "expect(actions).toHaveCount(2)",
                "expect(actionNames.every(name => name.startsWith('Đánh giá tin nhắn'))).toBe(true)",
                "expect(new Set(actionNames).size).toBe(actionNames.length)",
                "expect(actionNames).toContainEqual(expect.stringContaining('Shop ơi áo thun còn size L không?'))",
                "expect.stringContaining('Shop ơi áo thun còn size L không?')",
                "expect(actions.first()).toBeFocused()",
                "expect(dialog).toBeVisible()",
                "expect(ratingField).toBeFocused()",
                "expect(dialog).toHaveCount(0)",
                "expect(actions.first()).toBeFocused()",
                "expect(mutationRequests).toEqual([])"
              ],
              "projects": [
                "chromium",
                "firefox"
              ]
            },
            {
              "title": "UI012 order draft does not announce an untouched required customer as invalid",
              "line": 301,
              "assertions": [
                "expect(page.getByRole('heading', { name: 'Tạo đơn hàng', exact: true })).toBeVisible()",
                "expect(customer).toBeVisible()",
                "expect(customer).not.toHaveAttribute('aria-invalid', 'true')",
                "expect(customer).toHaveAttribute('aria-required', 'true')",
                "expect(customer).not.toHaveClass(/Mui-error/)",
                "expect(page.getByText('Chọn khách hàng để lưu đơn nháp.', { exact: true })).toBeVisible()",
                "expect(page.getByRole('button', { name: 'Lưu đơn nháp' })).toBeDisabled()"
              ],
              "projects": [
                "chromium",
                "firefox"
              ]
            },
            {
              "title": "UI012 long BotConfig policy literal wraps inside its alert at a 320 CSS-pixel viewport",
              "line": 314,
              "assertions": [
                "expect(alert).toBeVisible()",
                "expect(alert.getByText('requireHumanOrderConfirmation=true', { exact: true })).toBeVisible()",
                "expect(layout.scrollWidth).toBeLessThanOrEqual(layout.clientWidth + 1)",
                "expect(layout.clippedTextRects).toEqual([])",
                "expect(layout.documentScrollWidth).toBeLessThanOrEqual(layout.documentClientWidth + 1)"
              ],
              "projects": [
                "chromium",
                "firefox"
              ]
            },
            {
              "title": "UI012 dashboard CTA separates hover and pressed feedback while keeping keyboard focus visible",
              "line": 348,
              "assertions": [
                "expect(action).toBeVisible()",
                "expect(bounds).not.toBeNull()",
                "expect(hoverColor).toBe('rgb(255, 219, 140)')",
                "expect(pressedColor).toBe('rgb(223, 174, 79)')",
                "expect(pressedColor).not.toBe(hoverColor)",
                "expect(hoverContrast).toBeGreaterThanOrEqual(4.5)",
                "expect(pressedContrast).toBeGreaterThanOrEqual(4.5)",
                "expect(skipLink).toBeFocused()",
                "expect(action).toBeFocused()",
                "expect(await action.evaluate(element => element.matches(':focus-visible'))).toBe(true)"
              ],
              "projects": [
                "chromium",
                "firefox"
              ]
            }
          ]
        },
        {
          "file": "tests/ui-toolbar-layout.spec.ts",
          "sha256": "8202f2cf064ec3491cb6b957245fc8bc61b379eb6a21f0ba651ca43a417856f8",
          "cases": [
            {
              "title": "Toolbar geometry: multiline category lookup cannot stretch the search button",
              "line": 32,
              "assertions": [
                "expect(page.getByText('Đã tải 3 lựa chọn', { exact: true })).toBeVisible()",
                "expect(geometry.buttonHeight).toBeLessThanOrEqual(geometry.naturalHeight + 1)",
                "expect(primary.getByRole('combobox', { name: 'Trạng thái', exact: true })).toBeVisible()",
                "expect(primary.getByRole('textbox', { name: 'Tìm danh mục', exact: true })).toHaveCount(0)",
                "expect(filters).toBeVisible()",
                "expect(secondary!.y).toBeGreaterThanOrEqual(search!.y + search!.height)",
                "expect((await new AxeBuilder({ page }).include('main').analyze()).violations).toEqual([])"
              ],
              "projects": [
                "chromium",
                "firefox"
              ]
            },
            {
              "title": "Toolbar affected routes keep intrinsic actions, capability branches and 320px reflow",
              "line": 49,
              "assertions": [
                "expect(search).toHaveCount(Number(route.supportsSearch))",
                "expect(search).toBeVisible()",
                "expect(geometry.buttonHeight, `${route.id} ${width}px`).toBeLessThanOrEqual(geometry.naturalHeight + 1)",
                "expect(search).toBeHidden()",
                "expect(documentWidth, `${route.id} document at ${width}px`).toBeLessThanOrEqual(width)",
                "expect(observations).toHaveLength(impact.routes.length * 2)",
                "expect(errors).toEqual([])"
              ],
              "projects": [
                "chromium",
                "firefox"
              ]
            },
            {
              "title": "Toolbar public extra slot cannot stretch a single-line submit action",
              "line": 74,
              "assertions": [
                "expect(page.getByRole('textbox', { name: 'Lọc hai' })).toBeVisible()",
                "expect(geometry.formHeight).toBeGreaterThan(geometry.buttonHeight * 2)",
                "expect(geometry.buttonHeight).toBeLessThanOrEqual(geometry.naturalHeight + 1)"
              ],
              "projects": [
                "chromium",
                "firefox"
              ]
            },
            {
              "title": "Toolbar preserves Products URL filters, search submit, clear and independent category lookup",
              "line": 91,
              "assertions": [
                "expect(page).toHaveURL(/status=active/)",
                "expect(new URL(page.url()).searchParams.has('q')).toBe(false)",
                "expect(search).toHaveValue('')",
                "expect(search).toHaveValue('Áo')",
                "expect(page).toHaveURL(/q=/)",
                "expect(new URL(page.url()).searchParams.get('q')).toBe('Áo')",
                "expect(search).toBeFocused()",
                "expect(new URL(page.url()).searchParams.get('status')).toBe('active')",
                "expect(new URL(page.url()).searchParams.has('q')).toBe(false)",
                "expect(page.getByText('Đã tải 3 lựa chọn', { exact: true })).toHaveCount(0)",
                "expect(new URL(page.url()).searchParams.has('q')).toBe(false)",
                "expect(page.getByText('Đã tải 3 lựa chọn', { exact: true })).toBeVisible()",
                "expect(selected).toBeTruthy()",
                "expect(page.getByText('Đã tải 3 lựa chọn', { exact: true })).toHaveCount(0)",
                "expect(page.getByRole('combobox', { name: /^Danh mục(?: |$)/ })).toContainText('Quần')",
                "expect(new URL(page.url()).searchParams.get('categoryId')).toBe(selected)"
              ],
              "projects": [
                "chromium",
                "firefox"
              ]
            },
            {
              "title": "Toolbar keeps Inventory apply/reset separate from search submission",
              "line": 127,
              "assertions": [
                "expect(new URL(page.url()).searchParams.has('q')).toBe(false)",
                "expect(new URL(page.url()).searchParams.has('warehouseId')).toBe(false)",
                "expect(new URL(page.url()).searchParams.get('warehouseId')).toBe('wh1')",
                "expect(new URL(page.url()).searchParams.has('warehouseId')).toBe(false)",
                "expect(warehouse).toHaveValue('')"
              ],
              "projects": [
                "chromium",
                "firefox"
              ]
            },
            {
              "title": "Toolbar category more/busy/error/retry branches preserve search geometry and actual pagination",
              "line": 143,
              "assertions": [
                "expect(more).toBeEnabled()",
                "expect(page.getByText('Đã tải 20 lựa chọn', { exact: true })).toBeVisible()",
                "expect(more).toBeEnabled()",
                "expect(more).toBeDisabled()",
                "expect(more).toHaveText('Đang tải…')",
                "expect((await searchGeometry(page)).buttonHeight).toBe(baseline.buttonHeight)",
                "expect(page.getByText(`Đã tải ${count} lựa chọn`, { exact: true })).toBeVisible()",
                "expect(more).toHaveCount(0)",
                "expect(retry).toBeVisible()",
                "expect((await searchGeometry(page)).buttonHeight).toBe(baseline.buttonHeight)",
                "expect(retry).toHaveCount(0)",
                "expect(lookup).toHaveValue('toolbar-lookup-error')",
                "expect((await searchGeometry(page)).buttonHeight).toBe(baseline.buttonHeight)"
              ],
              "projects": [
                "chromium",
                "firefox"
              ]
            }
          ]
        },
        {
          "file": "tests/ui-shell-layout.spec.ts",
          "sha256": "36e1cc2537204e9113e9ca3926850b4b018b4614debc1505d42fe1a6f1bde6a2",
          "cases": [
            {
              "title": "Shell keeps header, banner, main and footer on one responsive gutter",
              "line": 44,
              "assertions": [
                "expect(page.locator('main#main-content')).toBeVisible()",
                "expect(metrics.headerHeight).toBe(viewport.header)",
                "expect(metrics.headerContentLeft).toBe(metrics.navigationWidth + viewport.gutter)",
                "expect(metrics.headerContentRight).toBe(viewport.width - viewport.gutter)",
                "expect(metrics.mainLeft).toBe(metrics.navigationWidth + viewport.gutter)",
                "expect(metrics.mainRight).toBe(viewport.width - viewport.gutter)",
                "expect(metrics.bannerLeft).toBe(metrics.navigationWidth + viewport.gutter)",
                "expect(metrics.bannerRight).toBe(viewport.width - viewport.gutter)",
                "expect(metrics.footerLeft).toBe(metrics.navigationWidth + viewport.gutter)",
                "expect(metrics.footerRight).toBe(viewport.width - viewport.gutter)",
                "expect(metrics.footerBlockInset).toBe('16px')",
                "expect(metrics.mainFlexGrow).toBe('1')",
                "expect(metrics.mainBlockInset).toEqual(['24px', '24px'])",
                "expect(metrics.contentColumn).toEqual({ display: 'flex', direction: 'column' })",
                "expect(metrics.document.scrollWidth).toBe(metrics.document.clientWidth)",
                "expect(metrics.accountName.whiteSpace).toBe('normal')",
                "expect(metrics.accountName.overflowWrap).toBe('anywhere')",
                "expect(metrics.accountName.scrollWidth).toBeLessThanOrEqual(metrics.accountName.clientWidth + 1)"
              ],
              "projects": [
                "chromium",
                "firefox"
              ]
            },
            {
              "title": "demo controls stay discoverable on mobile and usable on desktop",
              "line": 105,
              "assertions": [
                "expect(toggle).toBeVisible()",
                "expect(controls).toBeHidden()",
                "expect(page.getByRole('button', { name: 'Ẩn công cụ demo' })).toHaveAttribute('aria-expanded', 'true')",
                "expect(page.getByRole('combobox', { name: 'Vai trò mô phỏng' })).toBeVisible()",
                "expect(page.getByRole('combobox', { name: 'Trạng thái thử' })).toBeVisible()",
                "expect(page.getByRole('combobox', { name: 'Dataset mô phỏng' })).toBeVisible()",
                "expect(toggle).toBeHidden()",
                "expect(controls).toBeVisible()"
              ],
              "projects": [
                "chromium",
                "firefox"
              ]
            },
            {
              "title": "SPC-055/057 floated demo-control labels keep a clear gap on every Shell route consumer",
              "line": 123,
              "assertions": [
                "expect(alert).toBeVisible()",
                "expect(controls).toBeVisible()",
                "expect(visibleGap, `${route.id} (${profileFor(route)}) ${pathname}: visible gap from demo review alert to floated control label`).not.toBeNull()",
                "expect(visibleGap, `${route.id} (${profileFor(route)}) ${pathname}: visible gap from demo review alert to floated control label`).toBeGreaterThanOrEqual(8)"
              ],
              "projects": [
                "chromium",
                "firefox"
              ]
            },
            {
              "title": "unmatched route fallback owns its page gutter without horizontal overflow",
              "line": 147,
              "assertions": [
                "expect(page.getByRole('heading', { name: 'Không tìm thấy trang' })).toBeVisible()",
                "expect(fallback).toHaveCSS('padding-left', '16px')",
                "expect(await page.evaluate(() => document.documentElement.scrollWidth)).toBe(390)"
              ],
              "projects": [
                "chromium",
                "firefox"
              ]
            }
          ]
        },
        {
          "file": "tests/ui-component-layout.spec.ts",
          "sha256": "b35ed966ca888b45ee30bdc4a40cf1c155e5e8b43440684179462b6928f0153a",
          "cases": [
            {
              "title": "A01 order lines keep intrinsic remove actions with clean and invalid quantities",
              "line": 39,
              "assertions": [
                "expect(page.getByRole('button', { name: 'Bỏ dòng 1', exact: true })).toBeVisible()",
                "expect(geometry.actual).toBeLessThanOrEqual(geometry.natural + 1)",
                "expect(page.getByRole('combobox', { name: 'Sản phẩm 2', exact: true })).toBeVisible()",
                "expect(page.getByRole('combobox', { name: 'Sản phẩm 2', exact: true })).toHaveCount(0)"
              ],
              "projects": [
                "chromium",
                "firefox"
              ]
            },
            {
              "title": "A02 product editors align category and status faces independently from lookup metadata",
              "line": 60,
              "assertions": [
                "expect(page.getByRole('textbox', { name: 'Tìm danh mục', exact: true })).toBeVisible()",
                "expect(page.getByText('Đã tải 3 lựa chọn', { exact: true })).toBeVisible()",
                "expect(Math.abs(geometry.category.y - geometry.status.y)).toBeLessThanOrEqual(1)",
                "expect(geometry.status.y).toBeGreaterThan(geometry.category.y)",
                "expect(page.getByText('Không tìm thấy danh mục phù hợp.', { exact: true })).toBeVisible()",
                "expect(page.getByRole('textbox', { name: 'Tên sản phẩm', exact: true })).toHaveValue('Bản nháp cần giữ')",
                "expect(Math.abs(category!.y - status!.y)).toBeLessThanOrEqual(1)"
              ],
              "projects": [
                "chromium",
                "firefox"
              ]
            },
            {
              "title": "A03 import mapping preserves natural remove actions and editable mappings",
              "line": 83,
              "assertions": [
                "expect(remove).toHaveCount(5)",
                "expect(geometry.actual).toBeLessThanOrEqual(geometry.natural + 1)",
                "expect(remove).toHaveCount(4)",
                "expect(remove).toHaveCount(5)",
                "expect(page.getByRole('textbox', { name: 'Tên cột trong tệp', exact: true }).first()).toHaveValue('Mã SKU đã sửa')"
              ],
              "projects": [
                "chromium",
                "firefox"
              ]
            },
            {
              "title": "A04 full precision money wraps outside tables and remains unbroken in the named scroll region",
              "line": 103,
              "assertions": [
                "expect(amount).toHaveCount(2)",
                "expect(page.getByText(expected.negative, { exact: true })).toBeVisible()",
                "expect(await amount.first().evaluate(node => getComputedStyle(node).whiteSpace)).toBe('normal')",
                "expect(await amount.last().evaluate(node => getComputedStyle(node).whiteSpace)).toBe('nowrap')",
                "expect(clipping).toBe(false)",
                "expect(overflow).toBe(true)",
                "expect.poll(() => table.evaluate(node => node.scrollLeft)).toBeGreaterThan(before)",
                "expect.poll(() => table.evaluate(node => node.scrollLeft))",
                "expect(await table.evaluate(node => node.scrollLeft)).toBe(before)",
                "expect((await new AxeBuilder({ page }).include('main').analyze()).violations).toEqual([])"
              ],
              "projects": [
                "chromium",
                "firefox"
              ]
            },
            {
              "title": "A05 status height follows its own label while long labels remain fully readable",
              "line": 129,
              "assertions": [
                "expect(geometry.actual).toBeLessThanOrEqual(Math.max(geometry.minimum, geometry.label) + 1)",
                "expect(geometry.actual).toBeLessThanOrEqual(intrinsicSize.natural + 1)",
                "expect(long).toHaveText('Trạng thái chưa biết ' + 'A'.repeat(120))",
                "expect(await long.evaluate(node => node.scrollWidth <= node.clientWidth + 1)).toBe(true)",
                "expect((await new AxeBuilder({ page }).include('main').analyze()).violations).toEqual([])"
              ],
              "projects": [
                "chromium",
                "firefox"
              ]
            },
            {
              "title": "A06 Empty wraps unbroken reference text and retains its keyboard action",
              "line": 148,
              "assertions": [
                "expect(page.getByRole('status')).toContainText('Mã tham chiếu: ' + 'A'.repeat(120))",
                "expect(await text.evaluate(node => node.scrollWidth <= node.clientWidth + 1)).toBe(true)",
                "expect(action).toBeFocused()",
                "expect((await new AxeBuilder({ page }).include('main').analyze()).violations).toEqual([])"
              ],
              "projects": [
                "chromium",
                "firefox"
              ]
            },
            {
              "title": "A07 locked order addresses expose full text and edit lines retain intrinsic actions",
              "line": 161,
              "assertions": [
                "expect(dialog).toBeVisible()",
                "expect(address).toBeVisible()",
                "expect(dialog.getByRole('combobox', { name: /^Địa chỉ giao hàng/ })).toHaveCount(0)",
                "expect(dialog.getByRole('combobox', { name: /^Thanh toán/ })).toHaveCount(0)",
                "expect(dialog.getByRole('group', { name: 'Thanh toán', exact: true })).toContainText('Thu khi giao (COD)')",
                "expect(addressText).toHaveText(expected)",
                "expect(await addressText.evaluate(node => node.scrollWidth <= node.clientWidth + 1 && getComputedStyle(node).textOverflow !== 'ellipsis')).toBe(true)",
                "expect(geometry.actual).toBeLessThanOrEqual(geometry.natural + 1)",
                "expect(addressText).toHaveText(original!)",
                "expect((await new AxeBuilder({ page }).include('[role=\"dialog\"]').analyze()).violations).toEqual([])",
                "expect(option).toBeVisible()",
                "expect(await option.evaluate(node => {\n            const paper = node.closest('.MuiPaper-root')!.getBoundingClientRect(), range = document.createRange(); range.selectNodeContents(node);\n            return getComputedStyle(node).whiteSpace === 'normal' && [...range.getClientRects()].every(rect => rect.left >= paper.left - 1 && rect.right <= paper.right + 1);\n        })).toBe(true)",
                "expect(page.getByRole('listbox')).toHaveCount(0)"
              ],
              "projects": [
                "chromium",
                "firefox"
              ]
            }
          ]
        },
        {
          "file": "tests/ui-width-layout.spec.ts",
          "sha256": "d1039c5cd74733213f8da8ddfe39289a9a311cb9a3b7ef8c6ad9e14e6d1f45f4",
          "cases": [
            {
              "title": "W01 AI single connection fills its collection at breakpoint edges and wide viewports",
              "line": 29,
              "assertions": [
                "expect(geometry.children).toHaveLength(1)",
                "expect(geometry.children[0].width).toBeCloseTo(geometry.width, 0)"
              ],
              "projects": [
                "chromium",
                "firefox"
              ]
            },
            {
              "title": "W01 AI keeps two-column collection for two/three items and refetch preserves the new count",
              "line": 42,
              "assertions": [
                "expect(dialog).not.toBeVisible()",
                "expect(page.locator('main [data-ui-composition=\"section-grid\"] > .MuiPaper-root')).toHaveCount(count)",
                "expect(geometry.children[0].width * 2 + geometry.gap).toBeCloseTo(geometry.width, 0)",
                "expect(geometry.children[1].y).toBeCloseTo(geometry.children[0].y, 0)",
                "expect(geometry.children[2].y).toBeGreaterThan(geometry.children[0].y)"
              ],
              "projects": [
                "chromium",
                "firefox"
              ]
            },
            {
              "title": "W01 AI empty result keeps one accessible create action and no empty grid",
              "line": 63,
              "assertions": [
                "expect(page.locator('main').getByRole('status').filter({ hasText: 'Chưa có kết nối AI.' })).toBeVisible()",
                "expect(page.locator('main').getByRole('button', { name: 'Thêm kết nối AI', exact: true })).toHaveCount(1)",
                "expect(page.locator('main [data-ui-composition=\"section-grid\"]')).toHaveCount(0)"
              ],
              "projects": [
                "chromium",
                "firefox"
              ]
            },
            {
              "title": "W02 full-width form groups fill their panel and retain input/mapping/shipping behavior",
              "line": 104,
              "assertions": [
                "expect(geometry.width).toBeCloseTo(geometry.available, 0)",
                "expect(geometry.maxWidth).toBe('none')",
                "expect(page.getByRole('dialog', { name: 'Rời màn hình chưa lưu?', exact: true })).toBeVisible()",
                "expect(page.getByRole('dialog', { name: 'Rời màn hình chưa lưu?', exact: true })).toHaveCount(0)",
                "expect(page.locator('.MuiDrawer-modal')).toHaveCount(0)",
                "expect(page.getByRole('textbox', { name: 'Tên cửa hàng', exact: true })).toHaveValue('Tên cửa hàng cần giữ')",
                "expect(page.getByRole('textbox', { name: 'Tên cột trong tệp', exact: true }).first()).toHaveValue('sku-width')",
                "expect(page.getByText('Thiếu địa chỉ giao hàng; chưa thể xác định vùng hoặc hiển thị phí.', { exact: true })).toBeVisible()"
              ],
              "projects": [
                "chromium",
                "firefox"
              ]
            },
            {
              "title": "W03 notification protection notice occupies the full page row after the two panes",
              "line": 143,
              "assertions": [
                "expect(geometry.insideGrid).toBe(false)",
                "expect(geometry.noticeWidth).toBeCloseTo(geometry.gridWidth, 0)",
                "expect(geometry.gap).toBeCloseTo(24, 0)"
              ],
              "projects": [
                "chromium",
                "firefox"
              ]
            },
            {
              "title": "W04 detail rows stay atomic in content rhythm and plain containers",
              "line": 161,
              "assertions": [
                "expect(geometry.childCount).toBe(7)",
                "expect(geometry.gap).toBe(12)",
                "expect(geometry.slots[index].separators).toBe(1)",
                "expect(geometry.slots[index].y - geometry.slots[index - 1].y - geometry.slots[index - 1].height).toBeCloseTo(12, 0)",
                "expect(geometry.plain).toHaveLength(4)",
                "expect(row.height).toBeCloseTo(row.rowHeight + row.separatorHeight, 0)"
              ],
              "projects": [
                "chromium",
                "firefox"
              ]
            }
          ]
        }
      ]
    },
    {
      "name": "Current shared dependency regressions",
      "unit": 175,
      "domain": 88,
      "sourceMap": 16,
      "browser": 600,
      "builtArtifact": 6,
      "limits": "Counts describe distinct suites; they are not added into a checkpoint percentage. Owner case and source checks above are required independently."
    },
    {
      "name": "Executed unit owners",
      "owners": [
        {
          "file": "apps/web/tests/versioned-draft.test.tsx",
          "sha256": "664d2c84a48ed012aee2039b70cd322fa63186e254b5cd246f86edc803b81ee8",
          "cases": [
            "F01/F02/F03 keeps the baseline version and draft across unrelated and conflicting server changes",
            "F01 requires choices for both-side changes and treats arrays as one field",
            "F01 rejects outdated comparison choices when the server changes again",
            "F01 removes newly hidden fields from comparison and outgoing patches",
            "F05-style save completion preserves edits made after submission and commits the authoritative version",
            "fingerprints ignore object key order but preserve array order, null and empty values",
            "F01 releases a dismissed editor baseline before reopening the same resource with newer data"
          ]
        },
        {
          "file": "apps/web/tests/command-lifetime.test.tsx",
          "sha256": "9c85b3fedbb57f9169f878112a0494121532be434b4a8fd1165955c61d36e2f5",
          "cases": [
            "F04 rejects a retained execute function from a previous scope before HTTP",
            "F04 does not report success when the scope closes while authoritative cache refresh is pending",
            "F04 rejects a pre-aborted execution without sending or recording an unknown mutation",
            "F04 only completes after authoritative success while the StrictMode scope remains alive"
          ]
        },
        {
          "file": "apps/web/tests/scope-events.test.tsx",
          "sha256": "5cea51724d2f1ca1c1d34325b7b310e57ff35754510452117e20329f301bb622",
          "cases": [
            "F09 narrows identified Inbox events and ignores duplicate/out-of-order/foreign-shop events",
            "F09 revocation closes the stream and refreshes the session even when its sequence is old",
            "F09 rejects callbacks from a disposed stream after shop/permission changes or unmount"
          ]
        }
      ],
      "limit": "Literal owner titles bind actual verbose output; parameterized cases remain covered by the whole 175-case run, without inventing separate executions."
    },
    {
      "name": "Compiled width behavior",
      "routeObservations": 216,
      "focusedCases": 50,
      "artifact": "built-width-review.json",
      "limit": "Actual compiled geometry/axe/keyboard; counts remain separate from full browser suite."
    },
    {
      "name": "Actual native UI review",
      "artifacts": [
        {
          "path": "evidence/frontend-component-fixes-20261008/actual-browser-zoom-200-current-width-inherited-current-20261008.json",
          "sha256": "fad32307f1fae39c581d5a63f0b0f40fbd904f3a6d9877a45640dd97dc3497b1"
        },
        {
          "path": "evidence/frontend-component-fixes-20261008/native-text-only-200-current-width-inherited-current-20261008.json",
          "sha256": "7f34514e478a466c19b164329b19cf53dbd2c5457337a7b9006ff7d81b133664"
        },
        {
          "path": "evidence/frontend-corrections-20261008/actual-browser-zoom-200-current-width-inherited-current-20261008.json",
          "sha256": "733cb094da5122b17c19de36dc29288861b3b08e5b325e56b10bd14d91d847d6"
        },
        {
          "path": "evidence/frontend-corrections-20261008/native-text-only-200-current-width-inherited-current-20261008.json",
          "sha256": "36f88de5a23116f8a4045e17668ffec05d234365e73a6df46ddd3386b0d07079"
        },
        {
          "path": "evidence/frontend-ui-improvements/UI028/W30/actual-browser-zoom-200-current-width-inherited-current-20261008.json",
          "sha256": "a247b09492bbf41f0f4da3ba58cfc300d623dec7f661159467194aa38e28f733"
        },
        {
          "path": "evidence/frontend-width-fixes-20261008/native-text-only-200-current-width-inherited-r2-20261008.json",
          "sha256": "c28da5a5e77f15307502d7cbce3ed351979ccd46548c8b3a51688a8638023c1f"
        },
        {
          "path": "evidence/frontend-toolbar-20261008/actual-browser-zoom-200-current-width-inherited-r2-20261008.json",
          "sha256": "534fc16c3fca9e3920c4eb2323f1e0b6ec92ad67d756a055c8cb14c9563ad2ed"
        },
        {
          "path": "evidence/frontend-toolbar-20261008/native-text-only-200-current-width-inherited-r2-20261008.json",
          "sha256": "40e305005d91ad0f423c45376f49783968a85104c8be3cace30b1b91c4a2490e"
        },
        {
          "path": "evidence/frontend-width-fixes-20261008/actual-browser-zoom-200-current-width-native-r3-20261008.json",
          "sha256": "962120b4996703b32266c0f0eef95f801b81accdd46e3633d978402469adff4a"
        },
        {
          "path": "evidence/frontend-width-fixes-20261008/native-text-only-200-current-width-native-r3-20261008.json",
          "sha256": "199d9ec367d550174d0eb41eece2bfd5be42dc178db804ed641dcae14cdad5e7"
        }
      ],
      "limit": "Keyboard/axe/reflow/native zoom observed; screen-reader speech and broad human conformance NOT_RUN."
    }
  ],
  "executionRecords": [
    {
      "stage": "e2e",
      "startedAt": "2026-10-08T15:06:43.990Z",
      "finishedAt": "2026-10-08T16:08:18.865Z",
      "log": {
        "path": "BotSalesAI_Frontend/evidence/frontend-width-fixes-20261008/runs/width-1791471997932-85768/e2e.log",
        "sha256": "0dd13c7e0d58c6a0b233fa73b5292792d7fc9d823db36e18e2d43a7681ec7d65"
      },
      "sourceDrift": []
    },
    {
      "stage": "verify",
      "startedAt": "2026-10-08T16:17:12.833Z",
      "finishedAt": "2026-10-08T16:20:43.383Z",
      "log": {
        "path": "BotSalesAI_Frontend/evidence/frontend-width-fixes-20261008/runs/width-1791476232832-77820/verify.log",
        "sha256": "5f1a26eb82b0b3bcbfc4d877b011a2e5bf5a3d667926a7f7372ed9cf888ac533"
      },
      "sourceDrift": []
    },
    {
      "stage": "unit",
      "startedAt": "2026-10-08T15:06:19.368Z",
      "finishedAt": "2026-10-08T15:06:27.830Z",
      "log": {
        "path": "BotSalesAI_Frontend/evidence/frontend-width-fixes-20261008/runs/width-1791471979366-47856/unit.log",
        "sha256": "9bdf32f670c42b6008b248bc8a31bd9c446e58ab5fbed5177ff4b9b8146e86be"
      },
      "sourceDrift": []
    },
    {
      "stage": "source-maps",
      "startedAt": "2026-10-08T15:06:20.146Z",
      "finishedAt": "2026-10-08T15:06:20.494Z",
      "log": {
        "path": "BotSalesAI_Frontend/evidence/frontend-width-fixes-20261008/runs/width-1791471980144-85744/source-maps.log",
        "sha256": "0cd6f9893f86513b00b56e54f6b429fe50eb8ca10472bf361b88fb07e4772b26"
      },
      "sourceDrift": []
    },
    {
      "stage": "built-demo",
      "startedAt": "2026-10-08T16:13:48.583Z",
      "finishedAt": "2026-10-08T16:16:53.763Z",
      "log": {
        "path": "BotSalesAI_Frontend/evidence/frontend-width-fixes-20261008/runs/width-1791476022925-8140/built-demo.log",
        "sha256": "e87ef94110b0b39ed716edef9e8c3192866c234682cdbf4c0b8376c6574fb6ac"
      },
      "sourceDrift": []
    }
  ],
  "sourceSnapshotSha256": "0dbfe47e8ce796c58c9db706d4628be2db100463d30a8f65b88405286fbb4f03"
}
