{
  "executedAt": "2026-10-08T13:13:56.752Z",
  "taskId": "FE025",
  "stepId": "S03",
  "facts": [
    {
      "name": "Canonical task criteria",
      "action": "Đo route loading/chunk/bundle/table-large-data; tối ưu theo bottleneck thật và Complexity Gate.",
      "verification": "Không cache/global state/virtualization mới nếu chưa chứng minh nhu cầu; ngưỡng đã chọn không bị hạ để pass. Ghi command/cwd/exit code, expected/observed, log/hash và source snapshot thực. Scope FRONTEND_WITH_SYNTHETIC_MOCK_API; không dùng kết quả prototype hoặc backend chưa chạy."
    },
    {
      "name": "Current task contract/source ownership",
      "routes": [
        {
          "id": "R01",
          "source": "apps/web/src/modules/workspace/index.tsx",
          "component": "LoginPage"
        },
        {
          "id": "R02",
          "source": "apps/web/src/modules/workspace/index.tsx",
          "component": "WorkspacesPage"
        },
        {
          "id": "R03",
          "source": "apps/web/src/modules/workspace/index.tsx",
          "component": "OnboardingPage"
        },
        {
          "id": "R04",
          "source": "apps/web/src/modules/dashboard/index.tsx",
          "component": "DashboardPage"
        },
        {
          "id": "R05",
          "source": "apps/web/src/modules/inbox/index.tsx",
          "component": "InboxPage"
        },
        {
          "id": "R06",
          "source": "apps/web/src/modules/inbox/index.tsx",
          "component": "InboxPage"
        },
        {
          "id": "R07",
          "source": "apps/web/src/modules/customers/index.tsx",
          "component": "CustomersPage"
        },
        {
          "id": "R08",
          "source": "apps/web/src/modules/customers/index.tsx",
          "component": "CustomerPage"
        },
        {
          "id": "R09",
          "source": "apps/web/src/modules/catalog/index.tsx",
          "component": "ProductsPage"
        },
        {
          "id": "R10",
          "source": "apps/web/src/modules/catalog/index.tsx",
          "component": "ProductEditorPage"
        },
        {
          "id": "R11",
          "source": "apps/web/src/modules/catalog/index.tsx",
          "component": "ProductEditorPage"
        },
        {
          "id": "R12",
          "source": "apps/web/src/modules/catalog/index.tsx",
          "component": "CategoriesPage"
        },
        {
          "id": "R13",
          "source": "apps/web/src/modules/catalog/imports.tsx",
          "component": "ImportsPage"
        },
        {
          "id": "R14",
          "source": "apps/web/src/modules/catalog/imports.tsx",
          "component": "ImportResultPage"
        },
        {
          "id": "R15",
          "source": "apps/web/src/modules/inventory/index.tsx",
          "component": "InventoryPage"
        },
        {
          "id": "R16",
          "source": "apps/web/src/modules/inventory/index.tsx",
          "component": "MovementsPage"
        },
        {
          "id": "R17",
          "source": "apps/web/src/modules/orders/index.tsx",
          "component": "OrdersPage"
        },
        {
          "id": "R18",
          "source": "apps/web/src/modules/orders/index.tsx",
          "component": "NewOrderPage"
        },
        {
          "id": "R19",
          "source": "apps/web/src/modules/orders/index.tsx",
          "component": "OrderDetailPage"
        },
        {
          "id": "R20",
          "source": "apps/web/src/modules/finance/index.tsx",
          "component": "CashflowPage"
        },
        {
          "id": "R21",
          "source": "apps/web/src/modules/finance/index.tsx",
          "component": "EntriesPage"
        },
        {
          "id": "R22",
          "source": "apps/web/src/modules/finance/index.tsx",
          "component": "ProfitLossPage"
        },
        {
          "id": "R23",
          "source": "apps/web/src/modules/knowledge/index.tsx",
          "component": "KnowledgePage"
        },
        {
          "id": "R24",
          "source": "apps/web/src/modules/knowledge/index.tsx",
          "component": "KnowledgeDetailPage"
        },
        {
          "id": "R25",
          "source": "apps/web/src/modules/knowledge/index.tsx",
          "component": "FeedbackPage"
        },
        {
          "id": "R26",
          "source": "apps/web/src/modules/bot/index.tsx",
          "component": "BotConfigPage"
        },
        {
          "id": "R27",
          "source": "apps/web/src/modules/bot/index.tsx",
          "component": "PlaygroundPage"
        },
        {
          "id": "R28",
          "source": "apps/web/src/modules/bot/index.tsx",
          "component": "EvaluationsPage"
        },
        {
          "id": "R29",
          "source": "apps/web/src/modules/integrations/index.tsx",
          "component": "ChannelsPage"
        },
        {
          "id": "R30",
          "source": "apps/web/src/modules/integrations/index.tsx",
          "component": "AIProvidersPage"
        },
        {
          "id": "R31",
          "source": "apps/web/src/modules/reports/index.tsx",
          "component": "ReportsPage"
        },
        {
          "id": "R32",
          "source": "apps/web/src/modules/workspace/index.tsx",
          "component": "TeamPage"
        },
        {
          "id": "R33",
          "source": "apps/web/src/modules/workspace/index.tsx",
          "component": "ShopSettingsPage"
        },
        {
          "id": "R34",
          "source": "apps/web/src/modules/workspace/index.tsx",
          "component": "AuditPage"
        },
        {
          "id": "R35",
          "source": "apps/web/src/modules/workspace/index.tsx",
          "component": "PrivacyPage"
        },
        {
          "id": "R36",
          "source": "apps/web/src/modules/workspace/index.tsx",
          "component": "JobPage"
        },
        {
          "id": "R37",
          "source": "apps/web/src/modules/operations/index.tsx",
          "component": "OperationsPage"
        },
        {
          "id": "R38",
          "source": "apps/web/src/modules/operations/index.tsx",
          "component": "ApprovalsPage"
        },
        {
          "id": "R39",
          "source": "apps/web/src/modules/notifications/index.tsx",
          "component": "NotificationsPage"
        },
        {
          "id": "R40",
          "source": "apps/web/src/modules/notifications/index.tsx",
          "component": "DevicesPage"
        },
        {
          "id": "R41",
          "source": "apps/web/src/modules/fulfillment/index.tsx",
          "component": "FulfillmentPage"
        },
        {
          "id": "R42",
          "source": "apps/web/src/modules/fulfillment/index.tsx",
          "component": "ShipmentsPage"
        },
        {
          "id": "R43",
          "source": "apps/web/src/modules/orders/index.tsx",
          "component": "ReturnsPage"
        },
        {
          "id": "R44",
          "source": "apps/web/src/modules/procurement/index.tsx",
          "component": "SuppliersPage"
        },
        {
          "id": "R45",
          "source": "apps/web/src/modules/procurement/index.tsx",
          "component": "ReplenishmentPage"
        },
        {
          "id": "R46",
          "source": "apps/web/src/modules/procurement/index.tsx",
          "component": "PurchasesPage"
        },
        {
          "id": "R47",
          "source": "apps/web/src/modules/procurement/index.tsx",
          "component": "ReceiptsPage"
        },
        {
          "id": "R48",
          "source": "apps/web/src/modules/finance/index.tsx",
          "component": "JournalsPage"
        },
        {
          "id": "R49",
          "source": "apps/web/src/modules/finance/index.tsx",
          "component": "ReconciliationPage"
        },
        {
          "id": "R50",
          "source": "apps/web/src/modules/finance/index.tsx",
          "component": "DebtsPage"
        },
        {
          "id": "R51",
          "source": "apps/web/src/modules/bot/index.tsx",
          "component": "AgentTeamPage"
        },
        {
          "id": "R52",
          "source": "apps/web/src/modules/operations/index.tsx",
          "component": "DigestsPage"
        },
        {
          "id": "R53",
          "source": "apps/web/src/modules/reports/index.tsx",
          "component": "MarketingPage"
        },
        {
          "id": "R54",
          "source": "apps/web/src/modules/customers/index.tsx",
          "component": "ServiceCasesPage"
        }
      ],
      "operationIds": [
        "acknowledgeNotification",
        "addInternalNote",
        "approvePrivacyRequest",
        "archiveCategory",
        "archiveProduct",
        "assignConversation",
        "beginChannelConnect",
        "beginLogin",
        "beginTelegramPairing",
        "cancelOrder",
        "checkChannelHealth",
        "claimWorkItem",
        "closeAccountingPeriod",
        "commitProductImport",
        "confirmOrder",
        "confirmPurchaseOrder",
        "controlAutomation",
        "createAIConnection",
        "createCategory",
        "createCustomer",
        "createDevice",
        "createEvaluation",
        "createExport",
        "createFeedback",
        "createFinanceEntry",
        "createGoodsReceipt",
        "createInventoryAdjustment",
        "createJournal",
        "createKnowledge",
        "createKnowledgeRevision",
        "createOrder",
        "createPrivacyRequest",
        "createProduct",
        "createProductImport",
        "createPurchaseOrder",
        "createReorderRule",
        "createReturnCase",
        "createServiceCase",
        "createShipment",
        "createShop",
        "createSupplier",
        "createSupplierOffer",
        "decideApproval",
        "deleteAIConnection",
        "disconnectChannel",
        "evaluateReorder",
        "getAIConnection",
        "getApproval",
        "getBotConfig",
        "getBotRevision",
        "getCashflow",
        "getCategory",
        "getChannel",
        "getCommand",
        "getConversation",
        "getCsrfToken",
        "getCustomer",
        "getDashboard",
        "getEvaluation",
        "getFile",
        "getFinanceEntry",
        "getGoodsReceipt",
        "getInboxMetadata",
        "getJob",
        "getJournal",
        "getKnowledge",
        "getKnowledgeRevision",
        "getMarketingSummary",
        "getMember",
        "getNotification",
        "getNotificationPolicy",
        "getOperationsSummary",
        "getOrder",
        "getPrepJob",
        "getPrivacyPolicy",
        "getProduct",
        "getProfitLoss",
        "getProviderCatalog",
        "getPurchaseOrder",
        "getReportSummary",
        "getReturnCase",
        "getServiceCase",
        "getSession",
        "getShipment",
        "getShop",
        "getSupplier",
        "handoverShipment",
        "importBankStatement",
        "importCODStatement",
        "inspectReturn",
        "inviteMember",
        "listAIConnections",
        "listAccountingPeriods",
        "listAgentRoles",
        "listApprovals",
        "listAuditEvents",
        "listBankTransactions",
        "listBotRevisions",
        "listBudgetPolicies",
        "listCODSettlements",
        "listCategories",
        "listChannels",
        "listConversations",
        "listCustomers",
        "listDebtItems",
        "listDevices",
        "listDigests",
        "listEvaluations",
        "listFeedback",
        "listFinanceEntries",
        "listGoodsReceipts",
        "listJobs",
        "listJournals",
        "listKnowledge",
        "listKnowledgeRevisions",
        "listMembers",
        "listMessages",
        "listNotifications",
        "listOrders",
        "listPrepJobs",
        "listPrivacyRequests",
        "listProducts",
        "listPurchaseOrders",
        "listPurchaseSuggestions",
        "listReconciliationCases",
        "listReorderRules",
        "listReturnCases",
        "listServiceCases",
        "listShipments",
        "listShops",
        "listStockMovements",
        "listStockSnapshots",
        "listSupplierOffers",
        "listSuppliers",
        "listWorkItems",
        "matchCODSettlement",
        "matchSettlement",
        "packPrepJob",
        "pauseBot",
        "payOrder",
        "pickPrepLine",
        "postFinanceEntry",
        "postGoodsReceipt",
        "postJournal",
        "publishBotConfig",
        "publishKnowledge",
        "quoteOrder",
        "reconnectChannel",
        "recordShipmentEvent",
        "refundOrder",
        "releaseConversation",
        "reopenAccountingPeriod",
        "requestPurchaseApproval",
        "resolveConversation",
        "restoreBotRevision",
        "restoreKnowledgeRevision",
        "retireKnowledge",
        "reverseFinanceEntry",
        "reverseJournal",
        "reviewFeedback",
        "revokeDevice",
        "revokeMembership",
        "runPlayground",
        "sendMessage",
        "sendPurchaseOrder",
        "setServiceCaseStatus",
        "setSupplierStatus",
        "stepUp",
        "submitKnowledgeReview",
        "takeoverConversation",
        "testAIConnection",
        "testDevice",
        "updateAIConnection",
        "updateAgentRole",
        "updateBotDraft",
        "updateCategory",
        "updateCustomer",
        "updateFinanceEntry",
        "updateKnowledge",
        "updateMemberRoles",
        "updateNotificationPolicy",
        "updateOrderDraft",
        "updatePrivacyPolicy",
        "updateProduct",
        "updateReorderRule",
        "updateShop",
        "updateSupplier",
        "updateWorkItem",
        "uploadFile"
      ],
      "crosswalk": {
        "operations": 210,
        "files": 71,
        "calls": 222,
        "unresolved": 0
      }
    },
    {
      "name": "Named executed owner behavior",
      "scope": "negative cases plus owner suite",
      "cases": [
        "UI012 order draft does not announce an untouched required customer as invalid",
        "Toolbar geometry: multiline category lookup cannot stretch the search button",
        "Toolbar public extra slot cannot stretch a single-line submit action",
        "Toolbar category more/busy/error/retry branches preserve search geometry and actual pagination",
        "A01 order lines keep intrinsic remove actions with clean and invalid quantities",
        "A06 Empty wraps unbroken reference text and retains its keyboard action"
      ],
      "executions": 58,
      "assertionInventory": [
        {
          "file": "tests/artifacts/demo-preview.spec.ts",
          "sha256": "97177073bb270a69a49ad0e3e2aee4ea5474370b05f409955d33971727e7b1c3",
          "cases": [
            {
              "title": "the built demo artifact serves the React UI and synthetic API through preview",
              "line": 39,
              "assertions": [
                "expect(response.status()).toBe(200)",
                "expect(page.getByText('Dữ liệu mô phỏng', { exact: true })).toBeVisible()",
                "expect(page.locator('main h1').first()).toBeVisible()",
                "expect(initialGzipBytes).toBeLessThanOrEqual(500 * 1024)",
                "expect(largestGzipBytes).toBeLessThanOrEqual(200 * 1024)"
              ],
              "projects": [
                "chromium",
                "firefox"
              ]
            },
            {
              "title": "a thousand synthetic customers remain API-paginated in the built demo artifact",
              "line": 103,
              "assertions": [
                "expect(page.getByText('Dữ liệu mô phỏng', { exact: true })).toBeVisible()",
                "expect(page.getByRole('status')).toHaveText('Đã tải 1.000 khách hàng tổng hợp vào API mô phỏng.')",
                "expect(response.status()).toBe(200)",
                "expect(renderedRows).toHaveCount(21)",
                "expect(page.locator('a[href*=\"perf-customer-\"]').first()).toBeVisible()",
                "expect(envelope.page).toMatchObject({ limit: 20, total: 1004, hasMore: true })"
              ],
              "projects": [
                "chromium",
                "firefox"
              ]
            },
            {
              "title": "the production artifact contains neither the mock worker asset nor MSW fixtures/runtime",
              "line": 141,
              "assertions": [
                "expect(files.some(file => path.basename(file) === 'mockServiceWorker.js')).toBe(false)",
                "expect(bundles).not.toContain(marker)",
                "expect(bundles).not.toContain('service worker mô phỏng')"
              ],
              "projects": [
                "chromium",
                "firefox"
              ]
            }
          ]
        },
        {
          "file": "tests/ui012-keyboard.spec.ts",
          "sha256": "f780da7c5716ab6ec28844a880aab3168b1a74c9d3829bf40d26122abfc964c8",
          "cases": [
            {
              "title": "UI012 keyboard-only finance edit handles select, discard warning and focus return",
              "line": 42,
              "assertions": [
                "expect(page.locator('#root')).not.toBeEmpty()",
                "expect(page.getByRole('heading', { name: 'Sổ thu chi', exact: true })).toBeVisible()",
                "expect(main).toBeVisible()",
                "expect(skipLink).toBeFocused()",
                "expect(page).toHaveURL(/#main-content$/)",
                "expect(main).toBeFocused()",
                "expect(dialog).toBeVisible()",
                "expect(listbox).toBeVisible()",
                "expect(kind).toContainText('Thu tiền')",
                "expect(kind).toBeFocused()",
                "expect(discard).toBeVisible()",
                "expect(discard).toHaveCount(0)",
                "expect(dialog).toBeVisible()",
                "expect(kind).toContainText('Thu tiền')",
                "expect(amount).toHaveValue('1250')",
                "expect(discard).toBeVisible()",
                "expect(dialog).toHaveCount(0)",
                "expect(trigger).toBeFocused()",
                "expect(writes).toEqual([])"
              ],
              "projects": [
                "chromium",
                "firefox"
              ]
            },
            {
              "title": "UI012 keyboard validation focuses the field named by a synthetic 422 response",
              "line": 103,
              "assertions": [
                "expect(page.getByRole('heading', { name: 'Kiến thức cửa hàng', exact: true })).toBeVisible()",
                "expect(skipLink).toBeFocused()",
                "expect(main).toBeFocused()",
                "expect(dialog).toBeVisible()",
                "expect(alert).toBeVisible()",
                "expect(await page.evaluate(() => (window as Window & { __ui012Synthetic422: boolean }).__ui012Synthetic422)).toBe(true)",
                "expect(content).toBeFocused()",
                "expect(content).toHaveAttribute('aria-invalid', 'true')",
                "expect(alert).toContainText('Nội dung: Hãy rà soát nội dung nguồn.')",
                "expect(alert).not.toContainText('content:')"
              ],
              "projects": [
                "chromium",
                "firefox"
              ]
            },
            {
              "title": "UI012 keyboard activates the CSV chooser and discards its selected file without upload",
              "line": 160,
              "assertions": [
                "expect(page.getByRole('heading', { name: 'Đối soát ngân hàng & COD', exact: true })).toBeVisible()",
                "expect(skipLink).toBeFocused()",
                "expect(main).toBeFocused()",
                "expect(dialog).toBeVisible()",
                "expect(dialog.getByRole('button', { name: 'ui012-keyboard.csv', exact: true })).toBeVisible()",
                "expect(discard).toBeVisible()",
                "expect(dialog).toHaveCount(0)",
                "expect(trigger).toBeFocused()",
                "expect(writes).toEqual([])"
              ],
              "projects": [
                "chromium",
                "firefox"
              ]
            },
            {
              "title": "UI012 keyboard can reach and horizontally scroll the marketing chart data alternative",
              "line": 200,
              "assertions": [
                "expect(page.getByRole('heading', { name: 'Thông tin cho marketing', exact: true })).toBeVisible()",
                "expect(chart).toBeVisible()",
                "expect(table.getByRole('row').nth(1)).toBeVisible()",
                "expect(region).toBeVisible()",
                "expect(skipLink).toBeFocused()",
                "expect(main).toBeFocused()",
                "expect(region).toBeFocused()",
                "expect(await region.evaluate(element => (element as HTMLElement).scrollWidth > (element as HTMLElement).clientWidth)).toBe(true)",
                "expect(after).toBeGreaterThan(before)",
                "expect(await page.evaluate(() => document.documentElement.scrollLeft)).toBe(0)"
              ],
              "projects": [
                "chromium",
                "firefox"
              ]
            },
            {
              "title": "UI012 marketing chart keeps every category label visible beside its data table",
              "line": 227,
              "assertions": [
                "expect(chart).toBeVisible()",
                "expect(table).toBeVisible()",
                "expect(chartLabels).toEqual(expect.arrayContaining(expectedLabels))",
                "expect.arrayContaining(expectedLabels)",
                "expect(table.getByRole('row')).toHaveCount(4)",
                "expect(chartBounds).not.toBeNull()",
                "expect(labelBounds).toHaveLength(expectedLabels.length)",
                "expect(bounds.x).toBeGreaterThanOrEqual(chartBounds!.x)",
                "expect(bounds.right).toBeLessThanOrEqual(chartBounds!.x + chartBounds!.width)",
                "expect(bounds.fontSize).toBeGreaterThanOrEqual(14)",
                "expect(labelBounds[index - 1].right).toBeLessThanOrEqual(labelBounds[index].x)",
                "expect(await page.evaluate(() => document.documentElement.scrollWidth <= document.documentElement.clientWidth)).toBe(true)"
              ],
              "projects": [
                "chromium",
                "firefox"
              ]
            },
            {
              "title": "UI012 inbox feedback actions identify their message and return focus after Escape",
              "line": 268,
              "assertions": [
                "expect(actions).toHaveCount(2)",
                "expect(actionNames.every(name => name.startsWith('Đánh giá tin nhắn'))).toBe(true)",
                "expect(new Set(actionNames).size).toBe(actionNames.length)",
                "expect(actionNames).toContainEqual(expect.stringContaining('Shop ơi áo thun còn size L không?'))",
                "expect.stringContaining('Shop ơi áo thun còn size L không?')",
                "expect(actions.first()).toBeFocused()",
                "expect(dialog).toBeVisible()",
                "expect(ratingField).toBeFocused()",
                "expect(dialog).toHaveCount(0)",
                "expect(actions.first()).toBeFocused()",
                "expect(mutationRequests).toEqual([])"
              ],
              "projects": [
                "chromium",
                "firefox"
              ]
            },
            {
              "title": "UI012 order draft does not announce an untouched required customer as invalid",
              "line": 301,
              "assertions": [
                "expect(page.getByRole('heading', { name: 'Tạo đơn hàng', exact: true })).toBeVisible()",
                "expect(customer).toBeVisible()",
                "expect(customer).not.toHaveAttribute('aria-invalid', 'true')",
                "expect(customer).toHaveAttribute('aria-required', 'true')",
                "expect(customer).not.toHaveClass(/Mui-error/)",
                "expect(page.getByText('Chọn khách hàng để lưu đơn nháp.', { exact: true })).toBeVisible()",
                "expect(page.getByRole('button', { name: 'Lưu đơn nháp' })).toBeDisabled()"
              ],
              "projects": [
                "chromium",
                "firefox"
              ]
            },
            {
              "title": "UI012 long BotConfig policy literal wraps inside its alert at a 320 CSS-pixel viewport",
              "line": 314,
              "assertions": [
                "expect(alert).toBeVisible()",
                "expect(alert.getByText('requireHumanOrderConfirmation=true', { exact: true })).toBeVisible()",
                "expect(layout.scrollWidth).toBeLessThanOrEqual(layout.clientWidth + 1)",
                "expect(layout.clippedTextRects).toEqual([])",
                "expect(layout.documentScrollWidth).toBeLessThanOrEqual(layout.documentClientWidth + 1)"
              ],
              "projects": [
                "chromium",
                "firefox"
              ]
            },
            {
              "title": "UI012 dashboard CTA separates hover and pressed feedback while keeping keyboard focus visible",
              "line": 348,
              "assertions": [
                "expect(action).toBeVisible()",
                "expect(bounds).not.toBeNull()",
                "expect(hoverColor).toBe('rgb(255, 219, 140)')",
                "expect(pressedColor).toBe('rgb(223, 174, 79)')",
                "expect(pressedColor).not.toBe(hoverColor)",
                "expect(hoverContrast).toBeGreaterThanOrEqual(4.5)",
                "expect(pressedContrast).toBeGreaterThanOrEqual(4.5)",
                "expect(skipLink).toBeFocused()",
                "expect(action).toBeFocused()",
                "expect(await action.evaluate(element => element.matches(':focus-visible'))).toBe(true)"
              ],
              "projects": [
                "chromium",
                "firefox"
              ]
            }
          ]
        },
        {
          "file": "tests/ui-toolbar-layout.spec.ts",
          "sha256": "8202f2cf064ec3491cb6b957245fc8bc61b379eb6a21f0ba651ca43a417856f8",
          "cases": [
            {
              "title": "Toolbar geometry: multiline category lookup cannot stretch the search button",
              "line": 32,
              "assertions": [
                "expect(page.getByText('Đã tải 3 lựa chọn', { exact: true })).toBeVisible()",
                "expect(geometry.buttonHeight).toBeLessThanOrEqual(geometry.naturalHeight + 1)",
                "expect(primary.getByRole('combobox', { name: 'Trạng thái', exact: true })).toBeVisible()",
                "expect(primary.getByRole('textbox', { name: 'Tìm danh mục', exact: true })).toHaveCount(0)",
                "expect(filters).toBeVisible()",
                "expect(secondary!.y).toBeGreaterThanOrEqual(search!.y + search!.height)",
                "expect((await new AxeBuilder({ page }).include('main').analyze()).violations).toEqual([])"
              ],
              "projects": [
                "chromium",
                "firefox"
              ]
            },
            {
              "title": "Toolbar affected routes keep intrinsic actions, capability branches and 320px reflow",
              "line": 49,
              "assertions": [
                "expect(search).toHaveCount(Number(route.supportsSearch))",
                "expect(search).toBeVisible()",
                "expect(geometry.buttonHeight, `${route.id} ${width}px`).toBeLessThanOrEqual(geometry.naturalHeight + 1)",
                "expect(search).toBeHidden()",
                "expect(documentWidth, `${route.id} document at ${width}px`).toBeLessThanOrEqual(width)",
                "expect(observations).toHaveLength(impact.routes.length * 2)",
                "expect(errors).toEqual([])"
              ],
              "projects": [
                "chromium",
                "firefox"
              ]
            },
            {
              "title": "Toolbar public extra slot cannot stretch a single-line submit action",
              "line": 74,
              "assertions": [
                "expect(page.getByRole('textbox', { name: 'Lọc hai' })).toBeVisible()",
                "expect(geometry.formHeight).toBeGreaterThan(geometry.buttonHeight * 2)",
                "expect(geometry.buttonHeight).toBeLessThanOrEqual(geometry.naturalHeight + 1)"
              ],
              "projects": [
                "chromium",
                "firefox"
              ]
            },
            {
              "title": "Toolbar preserves Products URL filters, search submit, clear and independent category lookup",
              "line": 91,
              "assertions": [
                "expect(page).toHaveURL(/status=active/)",
                "expect(new URL(page.url()).searchParams.has('q')).toBe(false)",
                "expect(search).toHaveValue('')",
                "expect(search).toHaveValue('Áo')",
                "expect(page).toHaveURL(/q=/)",
                "expect(new URL(page.url()).searchParams.get('q')).toBe('Áo')",
                "expect(search).toBeFocused()",
                "expect(new URL(page.url()).searchParams.get('status')).toBe('active')",
                "expect(new URL(page.url()).searchParams.has('q')).toBe(false)",
                "expect(page.getByText('Đã tải 3 lựa chọn', { exact: true })).toHaveCount(0)",
                "expect(new URL(page.url()).searchParams.has('q')).toBe(false)",
                "expect(page.getByText('Đã tải 3 lựa chọn', { exact: true })).toBeVisible()",
                "expect(selected).toBeTruthy()",
                "expect(page.getByText('Đã tải 3 lựa chọn', { exact: true })).toHaveCount(0)",
                "expect(page.getByRole('combobox', { name: /^Danh mục(?: |$)/ })).toContainText('Quần')",
                "expect(new URL(page.url()).searchParams.get('categoryId')).toBe(selected)"
              ],
              "projects": [
                "chromium",
                "firefox"
              ]
            },
            {
              "title": "Toolbar keeps Inventory apply/reset separate from search submission",
              "line": 127,
              "assertions": [
                "expect(new URL(page.url()).searchParams.has('q')).toBe(false)",
                "expect(new URL(page.url()).searchParams.has('warehouseId')).toBe(false)",
                "expect(new URL(page.url()).searchParams.get('warehouseId')).toBe('wh1')",
                "expect(new URL(page.url()).searchParams.has('warehouseId')).toBe(false)",
                "expect(warehouse).toHaveValue('')"
              ],
              "projects": [
                "chromium",
                "firefox"
              ]
            },
            {
              "title": "Toolbar category more/busy/error/retry branches preserve search geometry and actual pagination",
              "line": 143,
              "assertions": [
                "expect(more).toBeEnabled()",
                "expect(page.getByText('Đã tải 20 lựa chọn', { exact: true })).toBeVisible()",
                "expect(more).toBeEnabled()",
                "expect(more).toBeDisabled()",
                "expect(more).toHaveText('Đang tải…')",
                "expect((await searchGeometry(page)).buttonHeight).toBe(baseline.buttonHeight)",
                "expect(page.getByText(`Đã tải ${count} lựa chọn`, { exact: true })).toBeVisible()",
                "expect(more).toHaveCount(0)",
                "expect(retry).toBeVisible()",
                "expect((await searchGeometry(page)).buttonHeight).toBe(baseline.buttonHeight)",
                "expect(retry).toHaveCount(0)",
                "expect(lookup).toHaveValue('toolbar-lookup-error')",
                "expect((await searchGeometry(page)).buttonHeight).toBe(baseline.buttonHeight)"
              ],
              "projects": [
                "chromium",
                "firefox"
              ]
            }
          ]
        },
        {
          "file": "tests/ui-shell-layout.spec.ts",
          "sha256": "36e1cc2537204e9113e9ca3926850b4b018b4614debc1505d42fe1a6f1bde6a2",
          "cases": [
            {
              "title": "Shell keeps header, banner, main and footer on one responsive gutter",
              "line": 44,
              "assertions": [
                "expect(page.locator('main#main-content')).toBeVisible()",
                "expect(metrics.headerHeight).toBe(viewport.header)",
                "expect(metrics.headerContentLeft).toBe(metrics.navigationWidth + viewport.gutter)",
                "expect(metrics.headerContentRight).toBe(viewport.width - viewport.gutter)",
                "expect(metrics.mainLeft).toBe(metrics.navigationWidth + viewport.gutter)",
                "expect(metrics.mainRight).toBe(viewport.width - viewport.gutter)",
                "expect(metrics.bannerLeft).toBe(metrics.navigationWidth + viewport.gutter)",
                "expect(metrics.bannerRight).toBe(viewport.width - viewport.gutter)",
                "expect(metrics.footerLeft).toBe(metrics.navigationWidth + viewport.gutter)",
                "expect(metrics.footerRight).toBe(viewport.width - viewport.gutter)",
                "expect(metrics.footerBlockInset).toBe('16px')",
                "expect(metrics.mainFlexGrow).toBe('1')",
                "expect(metrics.mainBlockInset).toEqual(['24px', '24px'])",
                "expect(metrics.contentColumn).toEqual({ display: 'flex', direction: 'column' })",
                "expect(metrics.document.scrollWidth).toBe(metrics.document.clientWidth)",
                "expect(metrics.accountName.whiteSpace).toBe('normal')",
                "expect(metrics.accountName.overflowWrap).toBe('anywhere')",
                "expect(metrics.accountName.scrollWidth).toBeLessThanOrEqual(metrics.accountName.clientWidth + 1)"
              ],
              "projects": [
                "chromium",
                "firefox"
              ]
            },
            {
              "title": "demo controls stay discoverable on mobile and usable on desktop",
              "line": 105,
              "assertions": [
                "expect(toggle).toBeVisible()",
                "expect(controls).toBeHidden()",
                "expect(page.getByRole('button', { name: 'Ẩn công cụ demo' })).toHaveAttribute('aria-expanded', 'true')",
                "expect(page.getByRole('combobox', { name: 'Vai trò mô phỏng' })).toBeVisible()",
                "expect(page.getByRole('combobox', { name: 'Trạng thái thử' })).toBeVisible()",
                "expect(page.getByRole('combobox', { name: 'Dataset mô phỏng' })).toBeVisible()",
                "expect(toggle).toBeHidden()",
                "expect(controls).toBeVisible()"
              ],
              "projects": [
                "chromium",
                "firefox"
              ]
            },
            {
              "title": "SPC-055/057 floated demo-control labels keep a clear gap on every Shell route consumer",
              "line": 123,
              "assertions": [
                "expect(alert).toBeVisible()",
                "expect(controls).toBeVisible()",
                "expect(visibleGap, `${route.id} (${profileFor(route)}) ${pathname}: visible gap from demo review alert to floated control label`).not.toBeNull()",
                "expect(visibleGap, `${route.id} (${profileFor(route)}) ${pathname}: visible gap from demo review alert to floated control label`).toBeGreaterThanOrEqual(8)"
              ],
              "projects": [
                "chromium",
                "firefox"
              ]
            },
            {
              "title": "unmatched route fallback owns its page gutter without horizontal overflow",
              "line": 147,
              "assertions": [
                "expect(page.getByRole('heading', { name: 'Không tìm thấy trang' })).toBeVisible()",
                "expect(fallback).toHaveCSS('padding-left', '16px')",
                "expect(await page.evaluate(() => document.documentElement.scrollWidth)).toBe(390)"
              ],
              "projects": [
                "chromium",
                "firefox"
              ]
            }
          ]
        },
        {
          "file": "tests/ui-component-layout.spec.ts",
          "sha256": "b35ed966ca888b45ee30bdc4a40cf1c155e5e8b43440684179462b6928f0153a",
          "cases": [
            {
              "title": "A01 order lines keep intrinsic remove actions with clean and invalid quantities",
              "line": 39,
              "assertions": [
                "expect(page.getByRole('button', { name: 'Bỏ dòng 1', exact: true })).toBeVisible()",
                "expect(geometry.actual).toBeLessThanOrEqual(geometry.natural + 1)",
                "expect(page.getByRole('combobox', { name: 'Sản phẩm 2', exact: true })).toBeVisible()",
                "expect(page.getByRole('combobox', { name: 'Sản phẩm 2', exact: true })).toHaveCount(0)"
              ],
              "projects": [
                "chromium",
                "firefox"
              ]
            },
            {
              "title": "A02 product editors align category and status faces independently from lookup metadata",
              "line": 60,
              "assertions": [
                "expect(page.getByRole('textbox', { name: 'Tìm danh mục', exact: true })).toBeVisible()",
                "expect(page.getByText('Đã tải 3 lựa chọn', { exact: true })).toBeVisible()",
                "expect(Math.abs(geometry.category.y - geometry.status.y)).toBeLessThanOrEqual(1)",
                "expect(geometry.status.y).toBeGreaterThan(geometry.category.y)",
                "expect(page.getByText('Không tìm thấy danh mục phù hợp.', { exact: true })).toBeVisible()",
                "expect(page.getByRole('textbox', { name: 'Tên sản phẩm', exact: true })).toHaveValue('Bản nháp cần giữ')",
                "expect(Math.abs(category!.y - status!.y)).toBeLessThanOrEqual(1)"
              ],
              "projects": [
                "chromium",
                "firefox"
              ]
            },
            {
              "title": "A03 import mapping preserves natural remove actions and editable mappings",
              "line": 83,
              "assertions": [
                "expect(remove).toHaveCount(5)",
                "expect(geometry.actual).toBeLessThanOrEqual(geometry.natural + 1)",
                "expect(remove).toHaveCount(4)",
                "expect(remove).toHaveCount(5)",
                "expect(page.getByRole('textbox', { name: 'Tên cột trong tệp', exact: true }).first()).toHaveValue('Mã SKU đã sửa')"
              ],
              "projects": [
                "chromium",
                "firefox"
              ]
            },
            {
              "title": "A04 full precision money wraps outside tables and remains unbroken in the named scroll region",
              "line": 103,
              "assertions": [
                "expect(amount).toHaveCount(2)",
                "expect(page.getByText(expected.negative, { exact: true })).toBeVisible()",
                "expect(await amount.first().evaluate(node => getComputedStyle(node).whiteSpace)).toBe('normal')",
                "expect(await amount.last().evaluate(node => getComputedStyle(node).whiteSpace)).toBe('nowrap')",
                "expect(clipping).toBe(false)",
                "expect(overflow).toBe(true)",
                "expect.poll(() => table.evaluate(node => node.scrollLeft)).toBeGreaterThan(before)",
                "expect.poll(() => table.evaluate(node => node.scrollLeft))",
                "expect(await table.evaluate(node => node.scrollLeft)).toBe(before)",
                "expect((await new AxeBuilder({ page }).include('main').analyze()).violations).toEqual([])"
              ],
              "projects": [
                "chromium",
                "firefox"
              ]
            },
            {
              "title": "A05 status height follows its own label while long labels remain fully readable",
              "line": 129,
              "assertions": [
                "expect(geometry.actual).toBeLessThanOrEqual(Math.max(geometry.minimum, geometry.label) + 1)",
                "expect(geometry.actual).toBeLessThanOrEqual(intrinsicSize.natural + 1)",
                "expect(long).toHaveText('Trạng thái chưa biết ' + 'A'.repeat(120))",
                "expect(await long.evaluate(node => node.scrollWidth <= node.clientWidth + 1)).toBe(true)",
                "expect((await new AxeBuilder({ page }).include('main').analyze()).violations).toEqual([])"
              ],
              "projects": [
                "chromium",
                "firefox"
              ]
            },
            {
              "title": "A06 Empty wraps unbroken reference text and retains its keyboard action",
              "line": 148,
              "assertions": [
                "expect(page.getByRole('status')).toContainText('Mã tham chiếu: ' + 'A'.repeat(120))",
                "expect(await text.evaluate(node => node.scrollWidth <= node.clientWidth + 1)).toBe(true)",
                "expect(action).toBeFocused()",
                "expect((await new AxeBuilder({ page }).include('main').analyze()).violations).toEqual([])"
              ],
              "projects": [
                "chromium",
                "firefox"
              ]
            },
            {
              "title": "A07 locked order addresses expose full text and edit lines retain intrinsic actions",
              "line": 161,
              "assertions": [
                "expect(dialog).toBeVisible()",
                "expect(address).toBeVisible()",
                "expect(dialog.getByRole('combobox', { name: /^Địa chỉ giao hàng/ })).toHaveCount(0)",
                "expect(dialog.getByRole('combobox', { name: /^Thanh toán/ })).toHaveCount(0)",
                "expect(dialog.getByRole('group', { name: 'Thanh toán', exact: true })).toContainText('Thu khi giao (COD)')",
                "expect(addressText).toHaveText(expected)",
                "expect(await addressText.evaluate(node => node.scrollWidth <= node.clientWidth + 1 && getComputedStyle(node).textOverflow !== 'ellipsis')).toBe(true)",
                "expect(geometry.actual).toBeLessThanOrEqual(geometry.natural + 1)",
                "expect(addressText).toHaveText(original!)",
                "expect((await new AxeBuilder({ page }).include('[role=\"dialog\"]').analyze()).violations).toEqual([])",
                "expect(option).toBeVisible()",
                "expect(await option.evaluate(node => {\n            const paper = node.closest('.MuiPaper-root')!.getBoundingClientRect(), range = document.createRange(); range.selectNodeContents(node);\n            return getComputedStyle(node).whiteSpace === 'normal' && [...range.getClientRects()].every(rect => rect.left >= paper.left - 1 && rect.right <= paper.right + 1);\n        })).toBe(true)",
                "expect(page.getByRole('listbox')).toHaveCount(0)"
              ],
              "projects": [
                "chromium",
                "firefox"
              ]
            }
          ]
        }
      ]
    },
    {
      "name": "Current shared dependency regressions",
      "unit": 174,
      "domain": 88,
      "sourceMap": 16,
      "browser": 580,
      "builtArtifact": 6,
      "limits": "Counts describe distinct suites; they are not added into a checkpoint percentage. Owner case and source checks above are required independently."
    },
    {
      "name": "Executed unit owners",
      "owners": [
        {
          "file": "apps/web/tests/versioned-draft.test.tsx",
          "sha256": "664d2c84a48ed012aee2039b70cd322fa63186e254b5cd246f86edc803b81ee8",
          "cases": [
            "F01/F02/F03 keeps the baseline version and draft across unrelated and conflicting server changes",
            "F01 requires choices for both-side changes and treats arrays as one field",
            "F01 rejects outdated comparison choices when the server changes again",
            "F01 removes newly hidden fields from comparison and outgoing patches",
            "F05-style save completion preserves edits made after submission and commits the authoritative version",
            "fingerprints ignore object key order but preserve array order, null and empty values",
            "F01 releases a dismissed editor baseline before reopening the same resource with newer data"
          ]
        },
        {
          "file": "apps/web/tests/command-lifetime.test.tsx",
          "sha256": "9c85b3fedbb57f9169f878112a0494121532be434b4a8fd1165955c61d36e2f5",
          "cases": [
            "F04 rejects a retained execute function from a previous scope before HTTP",
            "F04 does not report success when the scope closes while authoritative cache refresh is pending",
            "F04 rejects a pre-aborted execution without sending or recording an unknown mutation",
            "F04 only completes after authoritative success while the StrictMode scope remains alive"
          ]
        },
        {
          "file": "apps/web/tests/scope-events.test.tsx",
          "sha256": "5cea51724d2f1ca1c1d34325b7b310e57ff35754510452117e20329f301bb622",
          "cases": [
            "F09 narrows identified Inbox events and ignores duplicate/out-of-order/foreign-shop events",
            "F09 revocation closes the stream and refreshes the session even when its sequence is old",
            "F09 rejects callbacks from a disposed stream after shop/permission changes or unmount"
          ]
        }
      ],
      "limit": "Literal owner titles bind actual verbose output; parameterized cases remain covered by the whole 174-case run, without inventing separate executions."
    },
    {
      "name": "Compiled comparison behavior",
      "browsers": [
        {
          "browser": "chromium",
          "writes": [
            {
              "version": "\"1\"",
              "body": {
                "notes": "Built concurrent server note"
              }
            },
            {
              "version": "\"2\"",
              "body": {
                "displayName": "Built local draft"
              }
            }
          ],
          "result": "PASS"
        },
        {
          "browser": "firefox",
          "writes": [
            {
              "version": "\"1\"",
              "body": {
                "notes": "Built concurrent server note"
              }
            },
            {
              "version": "\"2\"",
              "body": {
                "displayName": "Built local draft"
              }
            }
          ],
          "result": "PASS"
        }
      ],
      "artifact": "built-comparison-review-current.json",
      "limit": "Additional built-artifact observation; not added into full browser or six-case built-suite counts."
    },
    {
      "name": "Actual native UI review",
      "artifacts": [
        {
          "path": "evidence/frontend-corrections-20261008/actual-browser-zoom-200-current-components-inherited-current-20261008.json",
          "sha256": "a9202b92d470bbe216495b7177d89f73810735f4f67a293d0e8096166716105c"
        },
        {
          "path": "evidence/frontend-corrections-20261008/native-text-only-200-current-components-inherited-current-20261008.json",
          "sha256": "447f8aae15f64d7316bc890acbc8ef89f3d57c207aac975402ec02eda8e64e42"
        },
        {
          "path": "evidence/frontend-ui-improvements/UI028/W30/actual-browser-zoom-200-current-components-inherited-current-20261008.json",
          "sha256": "53cf2470276245b0dc6d58702dbf263deeab8709434c997558550275bab430bb"
        },
        {
          "path": "evidence/frontend-ui-improvements/UI028/W30/native-text-only-200-current-components-inherited-current-20261008.json",
          "sha256": "a13902f7e52cea355099a4397cd2a495684037120195b6ad399aa30209d02b46"
        },
        {
          "path": "evidence/frontend-toolbar-20261008/actual-browser-zoom-200-current-components-inherited-current-20261008.json",
          "sha256": "ea3c54f3273253602270947dbeb86da94feadfb8f5af318e91bd725c643f8994"
        },
        {
          "path": "evidence/frontend-toolbar-20261008/native-text-only-200-current-components-inherited-current-20261008.json",
          "sha256": "956d76e97ad44af9bc6c24180de8e7a7a783f8746a5d4ec18cffd93f701977f7"
        },
        {
          "path": "evidence/frontend-component-fixes-20261008/actual-browser-zoom-200-current-components-native-r5-20261008.json",
          "sha256": "af089a71987655b1dfb596e191f592ab1e299dc4547031620db12421222c86be"
        },
        {
          "path": "evidence/frontend-component-fixes-20261008/native-text-only-200-current-components-native-r5-20261008.json",
          "sha256": "0db62ebbc3145594277c525c591e92bee503430049bedcf0e18cb9fa2818c66c"
        }
      ],
      "limit": "Keyboard/axe/reflow/native zoom observed; screen-reader speech and broad human conformance NOT_RUN."
    }
  ],
  "executionRecords": [
    {
      "stage": "e2e",
      "startedAt": "2026-10-08T12:04:15.857Z",
      "finishedAt": "2026-10-08T13:01:24.980Z",
      "log": {
        "path": "BotSalesAI_Frontend/evidence/frontend-component-fixes-20261008/runs/components-1791461051112-24880/e2e.log",
        "sha256": "0d615324b9e8f61d00996ad9b00103b60815d0af16b223d888ab9308a626c966"
      },
      "sourceDrift": []
    },
    {
      "stage": "verify",
      "startedAt": "2026-10-08T12:00:38.731Z",
      "finishedAt": "2026-10-08T12:03:41.371Z",
      "log": {
        "path": "BotSalesAI_Frontend/evidence/frontend-component-fixes-20261008/runs/components-1791460838729-35556/verify.log",
        "sha256": "2bf03ff3a3789667568cf2e52b9b4d8f32d4d2b03ecbe2333462f8ef93245d0c"
      },
      "sourceDrift": []
    },
    {
      "stage": "unit",
      "startedAt": "2026-10-08T11:58:37.260Z",
      "finishedAt": "2026-10-08T11:58:44.713Z",
      "log": {
        "path": "BotSalesAI_Frontend/evidence/frontend-component-fixes-20261008/runs/components-1791460717257-83008/unit.log",
        "sha256": "6a52939fd24f06a2700c7aec5b45e73a63495140cc7be6b6b42fa6d5878c2612"
      },
      "sourceDrift": []
    },
    {
      "stage": "source-maps",
      "startedAt": "2026-10-08T11:58:44.810Z",
      "finishedAt": "2026-10-08T11:58:45.052Z",
      "log": {
        "path": "BotSalesAI_Frontend/evidence/frontend-component-fixes-20261008/runs/components-1791460724809-86548/source-maps.log",
        "sha256": "031e77043d35d92181bc7a3975bb04f8ea186bb5cc3aa41325ac9637064e0fd9"
      },
      "sourceDrift": []
    },
    {
      "stage": "built-demo",
      "startedAt": "2026-10-08T12:05:42.238Z",
      "finishedAt": "2026-10-08T12:08:56.218Z",
      "log": {
        "path": "BotSalesAI_Frontend/evidence/frontend-component-fixes-20261008/runs/components-1791461137424-54940/built-demo.log",
        "sha256": "3f1000af3cd493c20b1b28030fe48f1bd9b992f40597ad178e1418ac9e418de6"
      },
      "sourceDrift": []
    }
  ],
  "sourceSnapshotSha256": "76039915ed89a74c54ed7a7d85923295992fe95320aa6031ec2c6e22ad033ad5"
}
