
> @botsales/web@0.1.0 build
> vite build --mode production --sourcemap --outDir C:\Users\Joker-PC\AppData\Local\Temp\botsales-fe-analysis-b525e739b6c54640a60d414a8f29d55b

vite v7.3.6 building client environment for production...
transforming...
✓ 2049 modules transformed.

(!) outDir C:\Users\Joker-PC\AppData\Local\Temp\botsales-fe-analysis-b525e739b6c54640a60d414a8f29d55b is not inside project root and will not be emptied.
Use --emptyOutDir to override.

rendering chunks...
computing gzip size...
../../../../../../AppData/Local/Temp/botsales-fe-analysis-b525e739b6c54640a60d414a8f29d55b/index.html                                 0.86 kB │ gzip:   0.52 kB
../../../../../../AppData/Local/Temp/botsales-fe-analysis-b525e739b6c54640a60d414a8f29d55b/assets/index-v_6AJcWh.css                  2.36 kB │ gzip:   0.95 kB
../../../../../../AppData/Local/Temp/botsales-fe-analysis-b525e739b6c54640a60d414a8f29d55b/assets/download-8lJFmiSZ.js                0.28 kB │ gzip:   0.21 kB │ map:     1.25 kB
../../../../../../AppData/Local/Temp/botsales-fe-analysis-b525e739b6c54640a60d414a8f29d55b/assets/filters-DHvyWlDw.js                 0.30 kB │ gzip:   0.26 kB │ map:     0.96 kB
../../../../../../AppData/Local/Temp/botsales-fe-analysis-b525e739b6c54640a60d414a8f29d55b/assets/import-file-Ct8hcUTT.js             0.37 kB │ gzip:   0.30 kB │ map:     1.57 kB
../../../../../../AppData/Local/Temp/botsales-fe-analysis-b525e739b6c54640a60d414a8f29d55b/assets/DeleteOutlineRounded-JzQdE_Cb.js    0.59 kB │ gzip:   0.36 kB │ map:     1.45 kB
../../../../../../AppData/Local/Temp/botsales-fe-analysis-b525e739b6c54640a60d414a8f29d55b/assets/hooks-Dk_Lkavu.js                   4.21 kB │ gzip:   1.98 kB │ map:    16.55 kB
../../../../../../AppData/Local/Temp/botsales-fe-analysis-b525e739b6c54640a60d414a8f29d55b/assets/imports-BCPhs1IQ.js                 5.18 kB │ gzip:   2.42 kB │ map:    12.29 kB
../../../../../../AppData/Local/Temp/botsales-fe-analysis-b525e739b6c54640a60d414a8f29d55b/assets/index-CwQXDEv0.js                   7.28 kB │ gzip:   2.97 kB │ map:    19.38 kB
../../../../../../AppData/Local/Temp/botsales-fe-analysis-b525e739b6c54640a60d414a8f29d55b/assets/index-CnLn80gB.js                   7.84 kB │ gzip:   3.17 kB │ map:    18.50 kB
../../../../../../AppData/Local/Temp/botsales-fe-analysis-b525e739b6c54640a60d414a8f29d55b/assets/index-hkqHv9U2.js                   8.39 kB │ gzip:   3.57 kB │ map:    22.12 kB
../../../../../../AppData/Local/Temp/botsales-fe-analysis-b525e739b6c54640a60d414a8f29d55b/assets/index-yBs0PTfA.js                  12.06 kB │ gzip:   4.53 kB │ map:    31.77 kB
../../../../../../AppData/Local/Temp/botsales-fe-analysis-b525e739b6c54640a60d414a8f29d55b/assets/index-CaXuN73y.js                  12.12 kB │ gzip:   4.34 kB │ map:    31.22 kB
../../../../../../AppData/Local/Temp/botsales-fe-analysis-b525e739b6c54640a60d414a8f29d55b/assets/index-BOQVjyuA.js                  12.41 kB │ gzip:   5.10 kB │ map:    31.07 kB
../../../../../../AppData/Local/Temp/botsales-fe-analysis-b525e739b6c54640a60d414a8f29d55b/assets/index-kkKq3x3q.js                  12.77 kB │ gzip:   4.86 kB │ map:    34.27 kB
../../../../../../AppData/Local/Temp/botsales-fe-analysis-b525e739b6c54640a60d414a8f29d55b/assets/index-BMDaCFNd.js                  14.62 kB │ gzip:   4.88 kB │ map:    34.81 kB
../../../../../../AppData/Local/Temp/botsales-fe-analysis-b525e739b6c54640a60d414a8f29d55b/assets/index-pa0m5H33.js                  14.75 kB │ gzip:   4.86 kB │ map:    36.17 kB
../../../../../../AppData/Local/Temp/botsales-fe-analysis-b525e739b6c54640a60d414a8f29d55b/assets/index-BkEB9MuZ.js                  14.77 kB │ gzip:   4.97 kB │ map:    44.01 kB
../../../../../../AppData/Local/Temp/botsales-fe-analysis-b525e739b6c54640a60d414a8f29d55b/assets/index-CLnlpgD0.js                  15.10 kB │ gzip:   5.39 kB │ map:    39.04 kB
../../../../../../AppData/Local/Temp/botsales-fe-analysis-b525e739b6c54640a60d414a8f29d55b/assets/index-CqtY5rV4.js                  23.72 kB │ gzip:   8.09 kB │ map:    51.99 kB
../../../../../../AppData/Local/Temp/botsales-fe-analysis-b525e739b6c54640a60d414a8f29d55b/assets/index-C22EwU6B.js                  24.87 kB │ gzip:   8.14 kB │ map:    66.39 kB
../../../../../../AppData/Local/Temp/botsales-fe-analysis-b525e739b6c54640a60d414a8f29d55b/assets/index-DAz8_Hs4.js                  29.51 kB │ gzip:   8.64 kB │ map:    79.14 kB
../../../../../../AppData/Local/Temp/botsales-fe-analysis-b525e739b6c54640a60d414a8f29d55b/assets/index-BAVCNFS7.js                  30.14 kB │ gzip:   9.43 kB │ map:    78.13 kB
../../../../../../AppData/Local/Temp/botsales-fe-analysis-b525e739b6c54640a60d414a8f29d55b/assets/schemas-CP5ZQpDB.js                79.21 kB │ gzip:  24.06 kB │ map:   459.51 kB
../../../../../../AppData/Local/Temp/botsales-fe-analysis-b525e739b6c54640a60d414a8f29d55b/assets/react-NCqEdj2_.js                 104.77 kB │ gzip:  35.44 kB │ map:   613.96 kB
../../../../../../AppData/Local/Temp/botsales-fe-analysis-b525e739b6c54640a60d414a8f29d55b/assets/mui-CPcoVmWS.js                   322.13 kB │ gzip:  97.72 kB │ map: 1,730.40 kB
../../../../../../AppData/Local/Temp/botsales-fe-analysis-b525e739b6c54640a60d414a8f29d55b/assets/index-BWpqE3KC.js                 324.35 kB │ gzip:  99.44 kB │ map: 1,706.17 kB
../../../../../../AppData/Local/Temp/botsales-fe-analysis-b525e739b6c54640a60d414a8f29d55b/assets/index-BQXIS4rB.js                 730.52 kB │ gzip: 184.34 kB │ map: 1,895.31 kB

(!) Some chunks are larger than 500 kB after minification. Consider:
- Using dynamic import() to code-split the application
- Use build.rollupOptions.output.manualChunks to improve chunking: https://rollupjs.org/configuration-options/#output-manualchunks
- Adjust chunk size limit for this warning via build.chunkSizeWarningLimit.
✓ built in 3.06s
