{
  "outDir": "C:\\Users\\Joker-PC\\AppData\\Local\\Temp\\botsales-fe-analysis-b525e739b6c54640a60d414a8f29d55b",
  "largest": {
    "name": "index-BQXIS4rB.js",
    "size": 730521
  },
  "jsCount": 26,
  "topSources": [
    {
      "source": "../../../../../Documents/Projects/Bot-AI-Ban-hang-FB/BotSalesAI_Frontend/node_modules/react-dom/cjs/react-dom-client.production.js",
      "bytes": 515019
    },
    {
      "source": "../../../../../Documents/Projects/Bot-AI-Ban-hang-FB/BotSalesAI_Frontend/packages/contracts/src/generated.ts",
      "bytes": 87223
    },
    {
      "source": "../../../../../Documents/Projects/Bot-AI-Ban-hang-FB/BotSalesAI_Frontend/node_modules/i18next/dist/esm/i18next.js",
      "bytes": 79769
    },
    {
      "source": "../../../../../Documents/Projects/Bot-AI-Ban-hang-FB/BotSalesAI_Frontend/node_modules/ajv/dist/core.js",
      "bytes": 25202
    },
    {
      "source": "../../../../../Documents/Projects/Bot-AI-Ban-hang-FB/BotSalesAI_Frontend/apps/web/src/shared/ui/components.tsx",
      "bytes": 24758
    },
    {
      "source": "../../../../../Documents/Projects/Bot-AI-Ban-hang-FB/BotSalesAI_Frontend/node_modules/ajv/dist/compile/codegen/index.js",
      "bytes": 23127
    },
    {
      "source": "../../../../../Documents/Projects/Bot-AI-Ban-hang-FB/BotSalesAI_Frontend/node_modules/fast-uri/index.js",
      "bytes": 22264
    },
    {
      "source": "../../../../../Documents/Projects/Bot-AI-Ban-hang-FB/BotSalesAI_Frontend/node_modules/fast-uri/lib/utils.js",
      "bytes": 20835
    },
    {
      "source": "../../../../../Documents/Projects/Bot-AI-Ban-hang-FB/BotSalesAI_Frontend/node_modules/ajv/dist/compile/validate/index.js",
      "bytes": 20552
    },
    {
      "source": "../../../../../Documents/Projects/Bot-AI-Ban-hang-FB/BotSalesAI_Frontend/apps/web/src/app/Shell.tsx",
      "bytes": 16500
    },
    {
      "source": "../../../../../Documents/Projects/Bot-AI-Ban-hang-FB/BotSalesAI_Frontend/node_modules/@tanstack/query-core/build/modern/queryObserver.js",
      "bytes": 16235
    },
    {
      "source": "../../../../../Documents/Projects/Bot-AI-Ban-hang-FB/BotSalesAI_Frontend/node_modules/ajv-formats/dist/formats.js",
      "bytes": 12263
    },
    {
      "source": "../../../../../Documents/Projects/Bot-AI-Ban-hang-FB/BotSalesAI_Frontend/node_modules/@tanstack/query-core/build/modern/query.js",
      "bytes": 12063
    },
    {
      "source": "../../../../../Documents/Projects/Bot-AI-Ban-hang-FB/BotSalesAI_Frontend/apps/web/src/app/router.tsx",
      "bytes": 11055
    },
    {
      "source": "../../../../../Documents/Projects/Bot-AI-Ban-hang-FB/BotSalesAI_Frontend/node_modules/scheduler/cjs/scheduler.production.js",
      "bytes": 10181
    },
    {
      "source": "../../../../../Documents/Projects/Bot-AI-Ban-hang-FB/BotSalesAI_Frontend/node_modules/ajv/dist/compile/index.js",
      "bytes": 10046
    },
    {
      "source": "../../../../../Documents/Projects/Bot-AI-Ban-hang-FB/BotSalesAI_Frontend/node_modules/@tanstack/query-core/build/modern/queryClient.js",
      "bytes": 9549
    },
    {
      "source": "../../../../../Documents/Projects/Bot-AI-Ban-hang-FB/BotSalesAI_Frontend/apps/web/src/shared/api/client.ts",
      "bytes": 9347
    },
    {
      "source": "../../../../../Documents/Projects/Bot-AI-Ban-hang-FB/BotSalesAI_Frontend/node_modules/ajv/dist/compile/validate/dataType.js",
      "bytes": 8409
    },
    {
      "source": "../../../../../Documents/Projects/Bot-AI-Ban-hang-FB/BotSalesAI_Frontend/node_modules/fast-uri/lib/schemes.js",
      "bytes": 7367
    },
    {
      "source": "../../../../../Documents/Projects/Bot-AI-Ban-hang-FB/BotSalesAI_Frontend/node_modules/ajv/dist/compile/util.js",
      "bytes": 7103
    },
    {
      "source": "../../../../../Documents/Projects/Bot-AI-Ban-hang-FB/BotSalesAI_Frontend/node_modules/@tanstack/query-core/build/modern/utils.js",
      "bytes": 6876
    },
    {
      "source": "../../../../../Documents/Projects/Bot-AI-Ban-hang-FB/BotSalesAI_Frontend/node_modules/@tanstack/query-core/build/modern/mutation.js",
      "bytes": 6233
    },
    {
      "source": "../../../../../Documents/Projects/Bot-AI-Ban-hang-FB/BotSalesAI_Frontend/node_modules/ajv/dist/vocabularies/code.js",
      "bytes": 6216
    },
    {
      "source": "../../../../../Documents/Projects/Bot-AI-Ban-hang-FB/BotSalesAI_Frontend/apps/web/src/shared/ui/theme.ts",
      "bytes": 5791
    },
    {
      "source": "../../../../../Documents/Projects/Bot-AI-Ban-hang-FB/BotSalesAI_Frontend/node_modules/ajv/dist/compile/errors.js",
      "bytes": 5771
    },
    {
      "source": "../../../../../Documents/Projects/Bot-AI-Ban-hang-FB/BotSalesAI_Frontend/node_modules/ajv/dist/compile/validate/keyword.js",
      "bytes": 5695
    },
    {
      "source": "../../../../../Documents/Projects/Bot-AI-Ban-hang-FB/BotSalesAI_Frontend/apps/web/src/shared/model/dirty-drafts.ts",
      "bytes": 5615
    },
    {
      "source": "../../../../../Documents/Projects/Bot-AI-Ban-hang-FB/BotSalesAI_Frontend/node_modules/ajv/dist/vocabularies/core/ref.js",
      "bytes": 5234
    },
    {
      "source": "../../../../../Documents/Projects/Bot-AI-Ban-hang-FB/BotSalesAI_Frontend/node_modules/ajv/dist/compile/codegen/scope.js",
      "bytes": 5198
    }
  ],
  "totalEmbeddedSourceBytes": 1185278
}
