
> botsales-frontend@0.1.0 test:e2e
> npm run setup && npm run build && npm run build:demo && playwright test --grep all canonical routes pass whole-page WCAG 2.1 A/AA axe checks --reporter=line


> botsales-frontend@0.1.0 setup
> node scripts/setup.mjs

{"status":"PASS","outputs":11,"schemas":283,"operations":210,"routes":54}
Copying the worker script at "C:\Users\Joker-PC\Documents\Projects\Bot-AI-Ban-hang-FB\BotSalesAI_Frontend\apps\web\public"...

Worker script successfully copied!
  - public

Continue by describing the network in your application:


https://mswjs.io/docs/quick-start

Thiết lập xong. npm run dev chạy frontend mô phỏng; không kết nối khách hàng hoặc provider thật.

> botsales-frontend@0.1.0 build
> npm run generate:check && npm run typecheck && npm run build --workspace @botsales/web


> botsales-frontend@0.1.0 generate:check
> node scripts/generate.mjs --check

{"status":"PASS","outputs":11,"schemas":283,"operations":210,"routes":54}

> botsales-frontend@0.1.0 typecheck
> tsc -p apps/web/tsconfig.json --noEmit


> @botsales/web@0.1.0 build
> vite build --mode production

vite v7.3.6 building client environment for production...
transforming...
✓ 2049 modules transformed.
rendering chunks...
computing gzip size...
dist/index.html                                 0.86 kB │ gzip:   0.52 kB
dist/assets/index-v_6AJcWh.css                  2.36 kB │ gzip:   0.95 kB
dist/assets/download-8lJFmiSZ.js                0.23 kB │ gzip:   0.17 kB
dist/assets/filters-DHvyWlDw.js                 0.26 kB │ gzip:   0.22 kB
dist/assets/import-file-Ct8hcUTT.js             0.32 kB │ gzip:   0.26 kB
dist/assets/DeleteOutlineRounded-JzQdE_Cb.js    0.53 kB │ gzip:   0.31 kB
dist/assets/hooks-RSjkJFJy.js                   4.17 kB │ gzip:   1.94 kB
dist/assets/imports-sOZYdQeo.js                 5.14 kB │ gzip:   2.39 kB
dist/assets/index-C9X6FxG4.js                   7.23 kB │ gzip:   2.93 kB
dist/assets/index-DkXVzqvi.js                   7.80 kB │ gzip:   3.14 kB
dist/assets/index-D3dYgCTD.js                   8.35 kB │ gzip:   3.54 kB
dist/assets/index-DuNAjUaE.js                  12.02 kB │ gzip:   4.50 kB
dist/assets/index-RtFS65Uw.js                  12.08 kB │ gzip:   4.31 kB
dist/assets/index-DqBDJ56d.js                  12.37 kB │ gzip:   5.06 kB
dist/assets/index-BBi6tODu.js                  12.68 kB │ gzip:   4.81 kB
dist/assets/index-BeUXOuX5.js                  14.57 kB │ gzip:   4.85 kB
dist/assets/index-iZ-_WtyM.js                  14.71 kB │ gzip:   4.82 kB
dist/assets/index-DeAtgPfk.js                  14.73 kB │ gzip:   4.94 kB
dist/assets/index-QVwoSksW.js                  15.05 kB │ gzip:   5.36 kB
dist/assets/index-Ck-FHDvt.js                  23.55 kB │ gzip:   8.02 kB
dist/assets/index-3JYn1DUN.js                  24.83 kB │ gzip:   8.11 kB
dist/assets/index-C49qqtDX.js                  29.46 kB │ gzip:   8.60 kB
dist/assets/index-L12TmjQG.js                  30.10 kB │ gzip:   9.40 kB
dist/assets/schemas-CP5ZQpDB.js                79.16 kB │ gzip:  24.02 kB
dist/assets/react-NCqEdj2_.js                 104.73 kB │ gzip:  35.41 kB
dist/assets/mui-CPcoVmWS.js                   322.09 kB │ gzip:  97.68 kB
dist/assets/index-DFqhoMoY.js                 324.31 kB │ gzip:  99.40 kB
dist/assets/index-Dm23hkGT.js                 730.23 kB │ gzip: 184.29 kB

(!) Some chunks are larger than 500 kB after minification. Consider:
- Using dynamic import() to code-split the application
- Use build.rollupOptions.output.manualChunks to improve chunking: https://rollupjs.org/configuration-options/#output-manualchunks
- Adjust chunk size limit for this warning via build.chunkSizeWarningLimit.
✓ built in 2.67s

> botsales-frontend@0.1.0 build:demo
> npm run generate:check && npm run typecheck && npm run build:demo --workspace @botsales/web


> botsales-frontend@0.1.0 generate:check
> node scripts/generate.mjs --check

{"status":"PASS","outputs":11,"schemas":283,"operations":210,"routes":54}

> botsales-frontend@0.1.0 typecheck
> tsc -p apps/web/tsconfig.json --noEmit


> @botsales/web@0.1.0 build:demo
> vite build --mode demo --outDir dist-demo

vite v7.3.6 building client environment for demo...
transforming...
✓ 2265 modules transformed.
rendering chunks...
computing gzip size...
dist-demo/index.html                                 0.86 kB │ gzip:   0.52 kB
dist-demo/assets/index-v_6AJcWh.css                  2.36 kB │ gzip:   0.95 kB
dist-demo/assets/download-CWiaXb8A.js                0.24 kB │ gzip:   0.17 kB
dist-demo/assets/filters-DHvyWlDw.js                 0.26 kB │ gzip:   0.22 kB
dist-demo/assets/DeleteOutlineRounded-TVhbfOvT.js    0.53 kB │ gzip:   0.31 kB
dist-demo/assets/import-file-DUoT3ERC.js             0.55 kB │ gzip:   0.37 kB
dist-demo/assets/control-DRPOHfaf.js                 0.72 kB │ gzip:   0.46 kB
dist-demo/assets/hooks-YtWngH3v.js                   4.17 kB │ gzip:   1.94 kB
dist-demo/assets/imports-B-JX0eWL.js                 5.31 kB │ gzip:   2.49 kB
dist-demo/assets/index-DADBRI4N.js                   7.76 kB │ gzip:   3.12 kB
dist-demo/assets/index-CuiyAKcm.js                   7.79 kB │ gzip:   3.14 kB
dist-demo/assets/index-CxXZFs-5.js                   8.35 kB │ gzip:   3.54 kB
dist-demo/assets/permissions-DSwmPBth.js             8.41 kB │ gzip:   1.94 kB
dist-demo/assets/index-DrfrKaiM.js                  12.03 kB │ gzip:   4.50 kB
dist-demo/assets/index-kATDJpwX.js                  12.06 kB │ gzip:   4.88 kB
dist-demo/assets/index-B_GgHTTo.js                  12.08 kB │ gzip:   4.31 kB
dist-demo/assets/index-DdwGFqLt.js                  14.71 kB │ gzip:   4.82 kB
dist-demo/assets/index-BlMpXzFZ.js                  14.73 kB │ gzip:   4.90 kB
dist-demo/assets/index-CcehLmJ5.js                  14.81 kB │ gzip:   5.48 kB
dist-demo/assets/index-CWCN4Mtt.js                  15.05 kB │ gzip:   5.36 kB
dist-demo/assets/index-M-mgn9bx.js                  16.92 kB │ gzip:   5.69 kB
dist-demo/assets/index-Cp_rnd_r.js                  21.18 kB │ gzip:   7.61 kB
dist-demo/assets/index-CzoiTn1G.js                  24.83 kB │ gzip:   8.11 kB
dist-demo/assets/index-vpx2_ie_.js                  29.46 kB │ gzip:   8.60 kB
dist-demo/assets/index-BwMq11uS.js                  31.46 kB │ gzip:   9.88 kB
dist-demo/assets/schemas-CP5ZQpDB.js                79.16 kB │ gzip:  24.02 kB
dist-demo/assets/react-NCqEdj2_.js                 104.73 kB │ gzip:  35.41 kB
dist-demo/assets/service-BJ8vDhAP.js               158.93 kB │ gzip:  34.59 kB
dist-demo/assets/browser-Bb4uUVLr.js               255.09 kB │ gzip:  86.76 kB
dist-demo/assets/mui-D8ryPhxS.js                   322.10 kB │ gzip:  97.68 kB
dist-demo/assets/index-B09Vr-DW.js                 324.48 kB │ gzip:  99.45 kB
dist-demo/assets/index-B8Nm5IIH.js                 733.26 kB │ gzip: 185.22 kB

(!) Some chunks are larger than 500 kB after minification. Consider:
- Using dynamic import() to code-split the application
- Use build.rollupOptions.output.manualChunks to improve chunking: https://rollupjs.org/configuration-options/#output-manualchunks
- Adjust chunk size limit for this warning via build.chunkSizeWarningLimit.
✓ built in 2.98s
[WebServer] (node:19608) Warning: The 'NO_COLOR' env is ignored due to the 'FORCE_COLOR' env being set.
[WebServer] (Use `node --trace-warnings ...` to show where the warning was created)

✔ canonical contracts validate and generate the API base path from OpenAPI (23.1973ms)
✔ generated operation registry preserves required and optional query parameter metadata (8.2369ms)
✔ rejects unresolved schema references before generation (21.6214ms)
✔ rejects missing API version and a server URL outside same-origin path form (18.3256ms)
✔ rejects route-to-operation drift without rewriting the canonical manifest (14.344ms)
✔ detects a stale generated file and accepts it after regeneration (2.0227ms)
{
  "taskId": "FE011",
  "scope": "FRONTEND_WITH_SYNTHETIC_MOCK_API",
  "routes": [
    {
      "id": "R15",
      "path": "/s/:shopId/inventory",
      "permission": "inventory.read",
      "reads": [
        "listStockSnapshots",
        "getShop"
      ],
      "action": {
        "label": "Điều chỉnh tồn",
        "operationId": "createInventoryAdjustment",
        "permission": "inventory.adjust"
      }
    },
    {
      "id": "R16",
      "path": "/s/:shopId/inventory/movements",
      "permission": "inventory.read",
      "reads": [
        "listStockMovements"
      ]
    }
  ],
  "operations": [
    "listStockSnapshots",
    "listStockMovements",
    "createInventoryAdjustment",
    "getShop"
  ],
  "permissionBoundary": "Route reads require inventory.read; adjustment uses inventory.adjust; cost requires finance.read; product and order links are permission-gated.",
  "commandSemantics": "202 CommandResponse; expectedVersion and unitCost are contract-required body properties; the shared client waits for terminal state and handles unknown outcomes.",
  "checks": 17
}
✔ FE011 routes, permissions, operations and DTOs map to canonical contracts and current source (11.1037ms)
{
  "taskId": "FE012",
  "scope": "FRONTEND_WITH_SYNTHETIC_MOCK_API",
  "routes": [
    "R17",
    "R18",
    "R19",
    "R43"
  ],
  "operations": [
    "listOrders",
    "getOrder",
    "getShop",
    "listCustomers",
    "listProducts",
    "listConversations",
    "createOrder",
    "updateOrderDraft",
    "quoteOrder",
    "recordCustomerConfirmation",
    "confirmOrder",
    "cancelOrder",
    "listReturnCases",
    "getReturnCase",
    "createReturnCase",
    "inspectReturn",
    "getCommand",
    "handoverShipment",
    "payOrder",
    "refundOrder"
  ],
  "contractEvidence": "OrderDraft carries required IDs and 1..100 lines, integer quantity 1..1000000 and notes up to 2000; confirmation requires quote hash/version and customer message evidence; return inspection is line-scoped.",
  "permissionBoundary": "Customer/product pickers are enabled only with read capability; write actions follow orders.write, orders.confirm, orders.return and inventory.adjust.",
  "limitations": "No address CRUD endpoint is introduced; shippingAddressId remains an external verified ID and mock confirmation is only a demo simulation.",
  "checks": 35
}
✔ FE012 routes, operations, permissions and DTO limits map to canonical contracts and orders source (13.7666ms)
{
  "taskId": "FE013",
  "scope": "FRONTEND_WITH_SYNTHETIC_MOCK_API",
  "routes": [
    "R41",
    "R42"
  ],
  "operations": [
    "listPrepJobs",
    "getPrepJob",
    "getWorkItem",
    "claimWorkItem",
    "pickPrepLine",
    "packPrepJob",
    "listShipments",
    "getShipment",
    "createShipment",
    "handoverShipment",
    "recordShipmentEvent"
  ],
  "permissionBoundary": "fulfillment.read gates route data, operations.claim gates WorkItem claim, fulfillment.write gates picks/pack/events/shipment creation, and fulfillment.handover gates stock-consuming handover.",
  "stateBoundary": "Claim/pick/pack/handover/delivery/payment remain separate states; return eligibility continues to come from the order API.",
  "checks": 54
}
✔ FE013 routes, permissions, DTOs and state transitions map to canonical contracts and fulfillment source (15.0019ms)
{"taskId":"FE016","scope":"FRONTEND_WITH_SYNTHETIC_MOCK_API","routes":["R05","R06"],"operations":["listConversations","getConversation","listMessages","sendMessage","takeoverConversation","releaseConversation","resolveConversation","assignConversation","listFeedback","createFeedback","reviewFeedback","listCommands","getCommand","getInboxMetadata"],"knownGap":"Canonical Message has no media or attachment field/operation; UI must not invent a provider endpoint.","checks":3}
{"taskId":"FE017","scope":"FRONTEND_WITH_SYNTHETIC_MOCK_API","routes":["R23","R24","R25"],"operations":15,"unresolvedContractField":"Knowledge.allowedActions","checks":4}
{
  "taskId": "FE014",
  "scope": "FRONTEND_WITH_SYNTHETIC_MOCK_API",
  "routes": [
    "R44",
    "R45",
    "R46",
    "R47"
  ],
  "operations": 13,
  "checks": 95
}
✔ FE014 procurement routes, permissions, DTOs and current source follow canonical contracts (21.4948ms)
{"taskId":"FE018","scope":"FRONTEND_WITH_SYNTHETIC_MOCK_API","routes":["R26","R27","R28","R51"],"operations":18,"checks":2,"knownRouteMappingGap":"R51 omits updateBudgetPolicy; UI uses canonical operation permission operations.manage"}
FE015 source map: 131 contract/source assertions passed
✔ FE015 finance routes, capabilities, operations and DTOs follow canonical contracts (22.2156ms)
✔ FE016 maps R05/R06 reads and mutations to canonical permissions and current inbox source (0.271ms)
✔ FE016 contract bounds list filters, safe message refs and versioned send payloads (0.2007ms)
✔ FE016 uses shell-owned resync and command recovery, and mock takeover enforces current version (0.2168ms)
✔ FE017 R23-R25 operations and action permissions match canonical routes (0.3833ms)
✖ FE017 uses the user-approved permission and lifecycle UI substitute without inventing a Knowledge DTO field (1.5103ms)
✔ FE017 price and availability source preview uses separately permissioned canonical APIs (0.0763ms)
✔ FE017 mock keeps published revisions immutable and feedback approval creates a draft revision (0.054ms)
✔ FE018 R26/R27/R28/R51 actions use canonical routes, operation IDs, and permissions (0.286ms)
✔ FE018 capability, tool permissions, human confirmation, and evaluation labels stay within declared schemas (0.1128ms)
✔ FE020 source stays mapped to canonical operations, permissions, and safe missing-schedule boundary (0.9465ms)
✔ FE020 mock enforces work-item capabilities and keeps integration readiness unknown (0.1227ms)

Running 1 test using 1 worker

(node:24808) Warning: The 'NO_COLOR' env is ignored due to the 'FORCE_COLOR' env being set.
(Use `node --trace-warnings ...` to show where the warning was created)


[1/1] [chromium] › tests\accessibility\routes.spec.ts:17:1 › all canonical routes pass whole-page WCAG 2.1 A/AA axe checks in the React demo
  1) [chromium] › tests\accessibility\routes.spec.ts:17:1 › all canonical routes pass whole-page WCAG 2.1 A/AA axe checks in the React demo 

    Test timeout of 180000ms exceeded.

    Error: locator.waitFor: Test timeout of 180000ms exceeded.
    Call log:
      - waiting for locator('main#main-content') to be visible


      31 |             await expect(page.locator('#root')).not.toBeEmpty();
      32 |             await expect(page.getByText('Chưa khởi động được ứng dụng', { exact: true })).toHaveCount(0);
    > 33 |             await page.locator('main#main-content').waitFor({ state: 'visible' });
         |                                                     ^
      34 |             const audit = await new AxeBuilder({ page })
      35 |                 .withTags(['wcag2a', 'wcag2aa', 'wcag21a', 'wcag21aa'])
      36 |                 .analyze();
        at C:\Users\Joker-PC\Documents\Projects\Bot-AI-Ban-hang-FB\BotSalesAI_Frontend\tests\accessibility\routes.spec.ts:33:53

    Error Context: test-results\accessibility-routes-all-c-a4e72-xe-checks-in-the-React-demo-chromium\error-context.md

    attachment #2: trace (application/zip) ─────────────────────────────────────────────────────────
    test-results\accessibility-routes-all-c-a4e72-xe-checks-in-the-React-demo-chromium\trace.zip
    Usage:

        npx playwright show-trace test-results\accessibility-routes-all-c-a4e72-xe-checks-in-the-React-demo-chromium\trace.zip

    ────────────────────────────────────────────────────────────────────────────────────────────────


  1 failed
    [chromium] › tests\accessibility\routes.spec.ts:17:1 › all canonical routes pass whole-page WCAG 2.1 A/AA axe checks in the React demo 
