FE026 isolated clean install and reproducible production/demo artifact run
executedAt=2026-10-08T19:21:35.063Z
status=PASS
isolatedWorkspace=C:\Users\Joker-PC\AppData\Local\Temp\botsales-width-clean-20261009-O7BOy1
sourceLockSha256=a3c0bb3a4906f92a5f23d4e8a0b862769b71de9e7efc9a48601ae44282bc963a
copiedLockSha256=a3c0bb3a4906f92a5f23d4e8a0b862769b71de9e7efc9a48601ae44282bc963a
userEnvLocalCopied=false
rootWorkflowSha256=238511056b84e1cc972b87d2e8c673be34a8aac57295f4dd7855992c38804dc2
rootWorkflowCopiedToExpectedRelativePath=true
isolatedGitMetadata=git init --quiet at the temporary multi-project root only so the evidence validator resolves Frontend and Kit paths; no source repository .git directory, history, branch, or user changes were copied.
setupBehavior=npm run setup can create a fresh .env.local from .env.example when the isolated target is absent; it never copies the source workspace .env.local.

## initialize-isolated-git-root
command=git init --quiet
cwd=C:\Users\Joker-PC\AppData\Local\Temp\botsales-width-clean-20261009-O7BOy1
exitCode=0


## clean-install
command=node "C:\Program Files\nodejs\node_modules\npm\bin\npm-cli.js" "--script-shell=cmd.exe" "ci"
cwd=C:\Users\Joker-PC\AppData\Local\Temp\botsales-width-clean-20261009-O7BOy1\BotSalesAI_Frontend
exitCode=0

added 411 packages, and audited 413 packages in 36s

86 packages are looking for funding
  run `npm fund` for details

found 0 vulnerabilities
npm warn deprecated whatwg-encoding@3.1.1: Use @exodus/bytes instead for a more spec-conformant and faster implementation
npm warn deprecated eslint@9.34.0: This version is no longer supported. Please see https://eslint.org/version-support for other options.
npm warn allow-scripts 2 packages have install scripts not yet covered by allowScripts:
npm warn allow-scripts   esbuild@0.28.2 (postinstall: node install.js)
npm warn allow-scripts   msw@2.11.1 (postinstall: node -e "import('./config/scripts/postinstall.js').catch(() => void 0)")
npm warn allow-scripts
npm warn allow-scripts Run `npm approve-scripts --allow-scripts-pending` to review, or `npm approve-scripts <pkg>` to allow.

## npm-audit-low
command=node "C:\Program Files\nodejs\node_modules\npm\bin\npm-cli.js" "--script-shell=cmd.exe" "audit" "--audit-level=low"
cwd=C:\Users\Joker-PC\AppData\Local\Temp\botsales-width-clean-20261009-O7BOy1\BotSalesAI_Frontend
exitCode=0
found 0 vulnerabilities

## setup
command=node "C:\Program Files\nodejs\node_modules\npm\bin\npm-cli.js" "--script-shell=cmd.exe" "run" "setup"
cwd=C:\Users\Joker-PC\AppData\Local\Temp\botsales-width-clean-20261009-O7BOy1\BotSalesAI_Frontend
exitCode=0

> botsales-frontend@0.1.0 setup
> node scripts/setup.mjs

{"status":"PASS","outputs":11,"schemas":283,"operations":210,"routes":54}
Copying the worker script at "C:\Users\Joker-PC\AppData\Local\Temp\botsales-width-clean-20261009-O7BOy1\BotSalesAI_Frontend\apps\web\public"...

Worker script successfully copied!
  - public

Continue by describing the network in your application:


https://mswjs.io/docs/quick-start

Thiết lập xong. npm run dev chạy frontend mô phỏng; không kết nối khách hàng hoặc provider thật.

## verify
command=node "C:\Program Files\nodejs\node_modules\npm\bin\npm-cli.js" "--script-shell=cmd.exe" "run" "verify"
cwd=C:\Users\Joker-PC\AppData\Local\Temp\botsales-width-clean-20261009-O7BOy1\BotSalesAI_Frontend
exitCode=0

> botsales-frontend@0.1.0 verify
> npm run generate:check && npm run test:source && npm run boundaries && npm run lint && npm run typecheck && npm run test:domain && npm test && npm run build && npm run test:layout && npm run test:visual-tokens && npm run test:ui-composition && npm run test:evidence


> botsales-frontend@0.1.0 generate:check
> node scripts/generate.mjs --check

{"status":"PASS","outputs":11,"schemas":283,"operations":210,"routes":54}

> botsales-frontend@0.1.0 test:source
> node scripts/check-source.mjs && node --test tests/source-checker.test.mjs

{
  "checkedAt": "2026-10-08T19:16:56.624Z",
  "scope": "Syntax, operation identifiers, route-source mapping, permissions and token adoption. NOT React typecheck, build or browser test.",
  "compiler": "5.9.2",
  "compilerSource": "project dependency",
  "files": 71,
  "operationCalls": 222,
  "routes": 54,
  "issues": [],
  "status": "PASS"
}
✔ module path classification accepts Windows and POSIX spellings, but excludes app files (1.279ms)
✔ the source-checker CLI rejects a prohibited color literal in a module (171.4203ms)
✔ the source-checker CLI accepts a token-based module and leaves app-level colors outside the rule (172.5542ms)
ℹ tests 3
ℹ suites 0
ℹ pass 3
ℹ fail 0
ℹ cancelled 0
ℹ skipped 0
ℹ todo 0
ℹ duration_ms 403.38

> botsales-frontend@0.1.0 boundaries
> node scripts/check-boundaries.mjs

{
  "checkedAt": "2026-10-08T19:16:59.846Z",
  "scope": "AST imports resolve aliases/relative paths, module boundaries and cycles; parser diagnostics are errors",
  "files": 71,
  "imports": 534,
  "negativeFixtures": "Boundary fixtures: PASS 10/10 scenarios (allowed shared/public imports, alias, relative, app deep import, type-only, dynamic, unresolved, cycle, parser error).",
  "status": "PASS",
  "issues": []
}

> botsales-frontend@0.1.0 lint
> eslint apps/web/src --max-warnings 0


> botsales-frontend@0.1.0 typecheck
> tsc -p apps/web/tsconfig.json --noEmit


> botsales-frontend@0.1.0 test:domain
> node scripts/test-domain.mjs

{"status":"PASS","simulatorChecks":75,"networkChecks":13,"networkHandlers":210,"passed":88,"operations":89,"node":"v24.19.0","typescript":"5.9.2"}

> botsales-frontend@0.1.0 test
> vitest run --config apps/web/vitest.config.ts


 RUN  v5.0.3 C:/Users/Joker-PC/AppData/Local/Temp/botsales-width-clean-20261009-O7BOy1/BotSalesAI_Frontend


 Test Files  15 passed (15)
      Tests  175 passed (175)
   Start at  02:17:34
   Duration  27.04s (environment 55%, import 25%, setup 11%, tests 7%, transform 1%)


> botsales-frontend@0.1.0 build
> npm run generate:check && npm run typecheck && npm run build --workspace @botsales/web


> botsales-frontend@0.1.0 generate:check
> node scripts/generate.mjs --check

{"status":"PASS","outputs":11,"schemas":283,"operations":210,"routes":54}

> botsales-frontend@0.1.0 typecheck
> tsc -p apps/web/tsconfig.json --noEmit


> @botsales/web@0.1.0 build
> vite build --mode production

vite v7.3.6 building client environment for production...
transforming...
✓ 2061 modules transformed.
rendering chunks...
computing gzip size...
dist/index.html                              1.19 kB │ gzip:   0.60 kB
dist/assets/index-BQPx7lJM.css               3.56 kB │ gzip:   1.33 kB
dist/assets/download-8lJFmiSZ.js             0.23 kB │ gzip:   0.17 kB
dist/assets/filters-CVitQAxr.js              0.32 kB │ gzip:   0.25 kB
dist/assets/hooks-dOBs4L2R.js                4.58 kB │ gzip:   2.15 kB
dist/assets/draft-conflict-AT7ehQkS.js       5.35 kB │ gzip:   2.47 kB
dist/assets/index-BtmtYQJ9.js                7.92 kB │ gzip:   3.16 kB
dist/assets/index-PXcoSfdd.js                8.31 kB │ gzip:   3.53 kB
dist/assets/index-B7LobazH.js                9.32 kB │ gzip:   3.69 kB
dist/assets/index-DTmv05z2.js               13.80 kB │ gzip:   5.63 kB
dist/assets/index-nQjkVTBE.js               14.50 kB │ gzip:   5.36 kB
dist/assets/index-DTmMGIkh.js               14.58 kB │ gzip:   4.92 kB
dist/assets/index-CU9nyGur.js               15.21 kB │ gzip:   5.85 kB
dist/assets/index-BbvOY1LV.js               16.16 kB │ gzip:   5.51 kB
dist/assets/index-BVndoZ1d.js               16.40 kB │ gzip:   5.42 kB
dist/assets/index-f2mI55S0.js               17.81 kB │ gzip:   6.26 kB
dist/assets/index-BQewL7WW.js               18.33 kB │ gzip:   6.16 kB
dist/assets/index-DX6Y_GR1.js               23.80 kB │ gzip:   8.11 kB
dist/assets/index-BsL8l7vT.js               24.13 kB │ gzip:   8.60 kB
dist/assets/index-DAdO-NWH.js               29.24 kB │ gzip:   9.51 kB
dist/assets/index-LoHFK73V.js               31.62 kB │ gzip:   9.82 kB
dist/assets/query-5vm9EU1C.js               33.15 kB │ gzip:   9.92 kB
dist/assets/index-CAwxBfjX.js               37.94 kB │ gzip:  10.46 kB
dist/assets/i18n-xB0mQYCC.js                46.14 kB │ gzip:  15.12 kB
dist/assets/schemas-Ct4RWo9M.js             80.75 kB │ gzip:  24.39 kB
dist/assets/index-D1gZz_tD.js               89.08 kB │ gzip:  28.26 kB
dist/assets/schema-validation-Bhr7oAQE.js  149.80 kB │ gzip:  45.12 kB
dist/assets/react-runtime-D0NtfbPC.js      279.78 kB │ gzip:  90.28 kB
dist/assets/contract-data-BIzYYkc1.js      303.99 kB │ gzip:  36.17 kB
dist/assets/charts-CQ4oecFO.js             313.03 kB │ gzip:  94.99 kB
dist/assets/mui-Bz_aCSm2.js                328.33 kB │ gzip: 100.02 kB
✓ built in 3.69s

> botsales-frontend@0.1.0 test:layout
> node --test tests/layout-checker.test.mjs tests/ui-layout-binding-gates.test.mjs && node scripts/check-layout.mjs

✔ accepts semantic bridge roles, the closed token-derived factor map, geometry, and reset values (1846.6877ms)
✔ rejects a CSS spacing role without a declared shared owner (1153.2061ms)
✔ rejects scale-conforming and off-scale literals in sx, responsive leaves, named and namespace MUI System props (1301.0098ms)
✔ follows local aliases and style callbacks; rejects theme spacing helpers and preset overrides (1179.237ms)
✔ scans nested slotProps but does not confuse event handlers or geometric dimensions with spacing (1150.4207ms)
✔ keeps Panel geometry inspectable and rejects spacing hidden in its geometry prop (3355.4997ms)
✔ accepts only an exact CSS exception and reports stale or mismatched exception scope (3406.3343ms)
✔ rejects malformed TypeScript, malformed CSS, bad exception schema, and raw values in the bridge (4595.4479ms)
✔ rejects canonical pixel tokens used as MUI factors and an altered bridge factor table (2281.587ms)
✔ report mode inventories migration debt without turning findings into PASS (1174.1741ms)
✔ canonical writes through casts and aliases fail outside style expressions (1857.3293ms)
✔ Object.assign cannot mutate canonical data but can copy to a fresh object (2512.2484ms)
✔ layout gate rejects raw spacing on const alias of MUI component (1335.8873ms)
✔ canonical mutation gate follows global mutator aliases and reflection (1181.9003ms)
✔ local mutator names do not acquire global mutation identity (1168.7521ms)
✔ destructured mutators and call/apply retain canonical mutation checks (1189.0258ms)
✔ global mutator call/apply can copy canonical values into fresh objects (1175.8516ms)
✔ mutable aliases with possible canonical destinations fail closed (1171.4049ms)
✔ opaque apply arguments fail closed while unrelated mutable data stays valid (2344.1089ms)
✔ canonical references inside containers and destructured aliases cannot be mutated (1188.1476ms)
✔ independent shallow copies of scalar canonical fields remain mutable (1412.2603ms)
✔ array references and nested destructuring preserve canonical write provenance (1181.8225ms)
✔ array destinations distinguish independent elements from canonical references (1186.8671ms)
✔ array destructuring, dynamic indices and spread cannot hide canonical references (1179.2777ms)
✔ dynamic indices and destructuring of independent arrays stay mutable (1207.8074ms)
✔ function parameters cannot hide canonical mutation across source files (1139.4499ms)
✔ read-only helpers and mutations of unrelated arguments remain valid (1141.7236ms)
✔ returned canonical references remain protected across helper boundaries (1157.0478ms)
✔ helper returns of fresh scalar copies do not retain canonical destination identity (1193.3364ms)
✔ destructured object parameters cannot mutate canonical arguments (1150.4633ms)
✔ destructured object parameters retain independent argument mutability (1095.6393ms)
✔ default parameter and binding initializers cannot hide canonical mutations (1122.1978ms)
✔ fresh default parameter and binding copies remain mutable (1115.0448ms)
✔ rest parameters retain canonical argument write provenance (1091.2757ms)
✔ rest parameters distinguish independent positions from canonical siblings (1175.9234ms)
✔ finite spread arguments preserve shifted positional and rest destinations (1170.07ms)
✔ finite spread expansion keeps independent argument positions mutable (1231.0579ms)
✔ opaque spreads keep positional mutation destinations unknown (1308.3856ms)
✔ opaque spreads into read-only helpers do not invent mutation findings (1236.5242ms)
✔ array parameter patterns retain canonical positions including nested object arrays (1170.5438ms)
✔ array parameter patterns retain independent bound element mutability (1140.638ms)
✔ layout gate rejects parameter shadow of canonical layout name (1120.5756ms)
✔ layout gate follows genuine renamed styled factory (1147.0341ms)
✔ layout gate accepts canonical namespace, element access and barrel alias (1164.163ms)
✔ layout gate does not mistake local component named Stack for MUI (1270.0651ms)
✔ layout gate inspects renamed installed Emotion css tag (1123.3761ms)
✔ layout gate preserves genuine aliased Controller field forwarding (1104.2733ms)
✔ a same-named local Controller cannot exempt an unknown prop spread (1100.3834ms)
✔ genuine useForm registration survives property and destructured aliases (1114.2232ms)
✔ a function named register cannot exempt injected style props (1118.3986ms)
✔ a bridge callback parameter cannot impersonate its private factor binding (1112.7013ms)
✔ opaque namespace component selection remains a strict binding failure (1143.1549ms)
✔ opaque namespace factory cannot hide style arguments (1316.9443ms)
✔ MUI re-export cannot hide raw spacing behind a first-party barrel (1251.2646ms)
✔ destructuring assignments cannot hide canonical write targets (1153.687ms)
✔ destructuring assignments can update independent copied destinations (1142.8833ms)
✔ object rest retains nested canonical references while copying the outer object (1129.943ms)
✔ rest scalar copies and replacement of container references stay mutable (1112.5743ms)
✔ shallow object spread preserves canonical child references and last-writer order (1118.3811ms)
✔ shallow spread with a later independent override stays mutable (1129.0127ms)
✔ exported mutable aliases retain assignments from their declaring file (1120.8343ms)
✔ exported independent mutable data does not acquire canonical provenance (1110.33ms)
✔ literal computed keys retain canonical container and parameter provenance (1117.5229ms)
✔ literal computed keys do not taint independent selected properties (1277.4325ms)
✔ Object.assign shallow copies retain canonical nested reference provenance (1243.576ms)
✔ Object.assign later independent overrides and scalar copies stay mutable (1223.0731ms)
✔ union and dynamic property selections retain possible canonical destinations (1204.367ms)
✔ finite union property selections exclude canonical siblings not in the key set (1249.6749ms)
✔ union selection over Object.assign output retains canonical child provenance (1202.2827ms)
✔ union selection over independent Object.assign output remains mutable (1124.3069ms)
✔ Reflect.set call/apply checks the target argument rather than the assigned value (3432.0015ms)
✔ aliased React createElement checks MUI and native style objects (1246.6859ms)
✔ GlobalStyles.styles is checked and local createElement names stay local (2226.3298ms)
✔ React JSX runtime factories cannot bypass MUI or native style checks (1079.4986ms)
✔ React cloneElement checks the cloned MUI element and preserves native props (4578.3527ms)
✔ Emotion css props and object factories are inspected with native CSS semantics (3476.2042ms)
✔ Inline style elements in JSX, React factories, DOM and the HTML entry fail closed (9592.3997ms)
✔ DOM CSSOM spacing writes use semantic roles and reject opaque style strings (2361.4875ms)
✔ HTML parsing and runtime stylesheet mutation cannot bypass the imported CSS boundary (2445.6446ms)
✔ spacing shorthand values and responsive breakpoints preserve token and unit provenance (12482.0246ms)
✔ function return producers cannot hide canonical children behind spreads (1159.3616ms)
✔ producer spreads keep later independent child overrides writable (1109.0924ms)
ℹ tests 82
ℹ suites 0
ℹ pass 82
ℹ fail 0
ℹ cancelled 0
ℹ skipped 0
ℹ todo 0
ℹ duration_ms 118946.1474
layout-check PASS: 79 source files, 0 finding(s), 1 exception(s) used

> botsales-frontend@0.1.0 test:visual-tokens
> node --test tests/visual-token-checker.test.mjs && node scripts/check-visual-tokens.mjs

✔ visual checker accepts canonical theme roles, token references, geometry and semantic responsive props (601.9604ms)
✔ visual checker rejects raw literals across sx, JSX system props and CSS declarations (426.5878ms)
✔ visual checker follows local style aliases and callback themes, but fails raw nested values (409.8917ms)
✔ visual checker reports unresolved spreads and malformed style sources as UNKNOWN or parse errors (392.2735ms)
✔ visual checker includes newly added TSX files under the source root (447.5524ms)
ℹ tests 5
ℹ suites 0
ℹ pass 5
ℹ fail 0
ℹ cancelled 0
ℹ skipped 0
ℹ todo 0
ℹ duration_ms 2747.5581
visual-token-check PASS: 78 source files, 0 finding(s)

> botsales-frontend@0.1.0 test:ui-composition
> node --test tests/ui-composition-checker.test.mjs tests/ui-composition-ancestry.test.mjs tests/ui-shared-api-contract.test.mjs && node scripts/check-ui-composition.mjs

✔ P10/P15 catch alias and neutral-wrapper duplicate insets through fragments and conditionals (634.1958ms)
✔ P20 resolves shared composition identities through a barrel and const component aliases (501.0544ms)
✔ P11/P13 catch static element access roles on every MUI surface, including Paper (444.997ms)
✔ P12 checks React createElement and JSX-runtime element factories (430.1068ms)
✔ P14 resolves bodyMode literal aliases and fails closed when ownership is unknown (1371.4234ms)
✔ checks Panel ancestry when React elements are created natively (401.6909ms)
✔ keeps independent nested surfaces and portaled dialogs as separate owners (800.6916ms)
✔ accepts finite bodyMode branches and every mode in the public component contracts (1138.2241ms)
✔ stops inherited gap ownership at Panels and independent bordered surfaces (773.4101ms)
✔ tracks gaps through fragments, conditions and ready QueryState, but not inside DOM wrappers (402.5775ms)
✔ applies the same finite modes and wrapper boundaries to native React factories (806.7076ms)
✔ recognizes native outlined Paper and nested Box surface inset boundaries (746.9047ms)
✔ fails closed when an unresolved custom wrapper obscures a semantic gap owner (368.3361ms)
✔ rejects unsupported placement and rhythm values while accepting finite aliases and branches (825.3067ms)
✔ rejects unsupported finite values through React element factories (799.7508ms)
✔ accepts semantic composition, closed geometry and business-specific MUI primitives (6.9669ms)
✔ rejects rebuilding each shared spacing owner at a consumer (2.4572ms)
✔ follows aliases, local style variables, object spreads and namespace imports (0.8839ms)
✔ rejects direct and spread spacing overrides on semantic components (0.7019ms)
✔ rejects spacing or opaque spreads hidden in geometry (0.2904ms)
✔ allows the canonical owner implementation and fails closed on malformed source (1.315ms)
✔ rejects duplicated parent boundary and duplicated Panel inset (1.4191ms)
✔ checks default MUI imports and fails closed for opaque geometry (0.6666ms)
✔ distinguishes content grids from flex flows when reporting the shared owner (0.388ms)
✔ rejects page spacing for paired fields and peer Panels without a section gap owner (2.0414ms)
✔ related sibling gaps belong to ActionGroup comfortable density, not consumer Stack styles (0.5623ms)
✔ Amount consumers declare wrapping outside DataTable columns and keep table money unbroken (26.0364ms)
✔ the shared catalog covers every public React component and supporting Column type (38.362ms)
✔ SPC-067 covers discovered public Shared APIs without a fixed export count (2.6635ms)
✔ every public React API has a direct rendered contract test (2.41ms)
✔ catalog declaration lines and stated JSX counts match resolved source symbols (23.1499ms)
✔ every shared React export has a resolved production consumer or an explicit zero-use lifecycle decision (26.2886ms)
✔ required UI evidence and regression gates remain wired to root verify and the active parent workflow (1.053ms)
✔ composition prop allowlists match the TypeScript owners exactly (0.2662ms)
✔ QueryState uses only the approved inline and section pending profiles (0.3122ms)
✔ QueryState consumers reserve section loading for primary content and keep every other state inline by default (21.14ms)
✔ body modes, placement roles and geometry keys match the TypeScript contracts (1.1535ms)
✔ Panel geometry and DataTable columns remain closed public contracts (4.5664ms)
✔ shared component and composition props expose no arbitrary layout/style escape hatch (0.2349ms)
✔ layout role types, runtime values, consumers and ownership documentation stay closed (3170.5848ms)
ℹ tests 40
ℹ suites 0
ℹ pass 40
ℹ fail 0
ℹ cancelled 0
ℹ skipped 0
ℹ todo 0
ℹ duration_ms 11027.6817
ui-composition PASS: 77 source files, 0 finding(s)


> botsales-frontend@0.1.0 test:evidence
> node --test tests/ui-evidence-validator.test.mjs && node scripts/validate-ui-evidence.mjs evidence/frontend-ui-improvements/ui-governance-rollout-20261007/S17-current-evidence.json

✔ accepts current fingerprints, honest open coverage, and explained N/A (5.8599ms)
✔ rejects a stale source fingerprint (3.9898ms)
✔ rejects a stale command log (3.772ms)
✔ rejects missing, absolute, and escaping source paths (3.0359ms)
✔ rejects unrun, missing, duplicate, and nonzero command results marked PASS (3.7282ms)
✔ rejects PASS when expected and observed results differ (3.5304ms)
✔ rejects inconsistent coverage and N/A without a reason (3.2785ms)
✔ rejects a baseline falsely dated after implementation started and detects changed baseline artifacts (6.6467ms)
✔ COMPLETE cannot contain open coverage or failed commands (4.5382ms)
✔ S19 must explicitly reconcile files, APIs, routes, rendered routes, slots, and states (5.7822ms)
✔ rejects malformed top-level evidence instead of treating missing fields as success (2.4187ms)
ℹ tests 11
ℹ suites 0
ℹ pass 11
ℹ fail 0
ℹ cancelled 0
ℹ skipped 0
ℹ todo 0
ℹ duration_ms 103.9805
ui-evidence PASS: S17; 3 command/log record(s), 3 coverage row(s), 238 current fingerprint(s); status=COMPLETE
[BABEL] Note: The code generator has deoptimised the styling of C:\Users\Joker-PC\AppData\Local\Temp\botsales-vite-cache\ff733e7ddd6b58adbdaf\direct-vite\95872\deps\react-dom_client.js?v=728f9ee7 as it exceeds the max of 500KB.

## contract-tests
command=node --test tests/contracts/generator.test.mjs
cwd=C:\Users\Joker-PC\AppData\Local\Temp\botsales-width-clean-20261009-O7BOy1\BotSalesAI_Frontend
exitCode=0
✔ canonical contracts validate and generate the API base path from OpenAPI (60.2224ms)
✔ rejects drift in OpenAPI YAML and operation index projections (96.2784ms)
✔ generated operation registry preserves required and optional query parameter metadata (26.1763ms)
✔ rejects unresolved schema references before generation (41.2909ms)
✔ rejects missing API version and a server URL outside same-origin path form (39.5619ms)
✔ rejects route-to-operation drift without rewriting the canonical manifest (44.2254ms)
✔ detects a stale generated file and accepts it after regeneration (3.6559ms)
ℹ tests 7
ℹ suites 0
ℹ pass 7
ℹ fail 0
ℹ cancelled 0
ℹ skipped 0
ℹ todo 0
ℹ duration_ms 397.2259

## build-demo
command=node "C:\Program Files\nodejs\node_modules\npm\bin\npm-cli.js" "--script-shell=cmd.exe" "run" "build:demo"
cwd=C:\Users\Joker-PC\AppData\Local\Temp\botsales-width-clean-20261009-O7BOy1\BotSalesAI_Frontend
exitCode=0

> botsales-frontend@0.1.0 build:demo
> npm run generate:check && npm run typecheck && npm run build:demo --workspace @botsales/web


> botsales-frontend@0.1.0 generate:check
> node scripts/generate.mjs --check

{"status":"PASS","outputs":11,"schemas":283,"operations":210,"routes":54}

> botsales-frontend@0.1.0 typecheck
> tsc -p apps/web/tsconfig.json --noEmit


> @botsales/web@0.1.0 build:demo
> vite build --mode demo --outDir dist-demo

vite v7.3.6 building client environment for demo...
transforming...
✓ 2277 modules transformed.
rendering chunks...
computing gzip size...
dist-demo/index.html                              1.19 kB │ gzip:   0.59 kB
dist-demo/assets/index-BQPx7lJM.css               3.56 kB │ gzip:   1.33 kB
dist-demo/assets/download-CWiaXb8A.js             0.24 kB │ gzip:   0.17 kB
dist-demo/assets/filters-Bi-qlnQp.js              0.32 kB │ gzip:   0.24 kB
dist-demo/assets/control-6gq2NE8L.js              0.72 kB │ gzip:   0.43 kB
dist-demo/assets/hooks-DnShZ1fz.js                4.58 kB │ gzip:   2.14 kB
dist-demo/assets/draft-conflict-DjVtEdLI.js       5.35 kB │ gzip:   2.47 kB
dist-demo/assets/index-BJuS0BG4.js                8.31 kB │ gzip:   3.52 kB
dist-demo/assets/index-FSputLXl.js                8.46 kB │ gzip:   3.35 kB
dist-demo/assets/index-CuIvBDeO.js                9.33 kB │ gzip:   3.69 kB
dist-demo/assets/index-CX2Rn9WK.js               13.99 kB │ gzip:   5.69 kB
dist-demo/assets/index-gBLBkBTy.js               14.58 kB │ gzip:   4.92 kB
dist-demo/assets/index-Bp7x9Enh.js               14.90 kB │ gzip:   5.66 kB
dist-demo/assets/index-Dg_gL8Fe.js               16.56 kB │ gzip:   5.46 kB
dist-demo/assets/index-CZ817Rh5.js               17.81 kB │ gzip:   6.26 kB
dist-demo/assets/index-s5qKE3w3.js               18.33 kB │ gzip:   6.15 kB
dist-demo/assets/index-DZK8QXeq.js               18.48 kB │ gzip:   6.32 kB
dist-demo/assets/index-DEDdlHv7.js               22.56 kB │ gzip:   7.81 kB
dist-demo/assets/index-DdoqwV6M.js               24.21 kB │ gzip:   8.27 kB
dist-demo/assets/index-D-oqgHmg.js               24.36 kB │ gzip:   8.66 kB
dist-demo/assets/index-CfyL8U0v.js               29.75 kB │ gzip:   9.65 kB
dist-demo/assets/query-5vm9EU1C.js               33.15 kB │ gzip:   9.92 kB
dist-demo/assets/index-BFsErpiF.js               33.87 kB │ gzip:  10.55 kB
dist-demo/assets/index-DJrnnybP.js               37.94 kB │ gzip:  10.46 kB
dist-demo/assets/i18n-xB0mQYCC.js                46.14 kB │ gzip:  15.12 kB
dist-demo/assets/schemas-Ct4RWo9M.js             80.75 kB │ gzip:  24.39 kB
dist-demo/assets/index-DDk2MhvC.js               92.93 kB │ gzip:  29.37 kB
dist-demo/assets/schema-validation-Bhr7oAQE.js  149.80 kB │ gzip:  45.12 kB
dist-demo/assets/service-BepI4YXI.js            159.35 kB │ gzip:  34.71 kB
dist-demo/assets/browser-DCcIToaN.js            255.64 kB │ gzip:  87.01 kB
dist-demo/assets/react-runtime-D0NtfbPC.js      279.78 kB │ gzip:  90.28 kB
dist-demo/assets/contract-data-D-QqiNa-.js      309.77 kB │ gzip:  37.31 kB
dist-demo/assets/charts-RcpaDpmM.js             313.03 kB │ gzip:  94.99 kB
dist-demo/assets/mui-azn9KfGV.js                328.33 kB │ gzip: 100.02 kB
✓ built in 3.51s

## repeat-production-build
command=node "C:\Program Files\nodejs\node_modules\npm\bin\npm-cli.js" "--script-shell=cmd.exe" "run" "build"
cwd=C:\Users\Joker-PC\AppData\Local\Temp\botsales-width-clean-20261009-O7BOy1\BotSalesAI_Frontend
exitCode=0

> botsales-frontend@0.1.0 build
> npm run generate:check && npm run typecheck && npm run build --workspace @botsales/web


> botsales-frontend@0.1.0 generate:check
> node scripts/generate.mjs --check

{"status":"PASS","outputs":11,"schemas":283,"operations":210,"routes":54}

> botsales-frontend@0.1.0 typecheck
> tsc -p apps/web/tsconfig.json --noEmit


> @botsales/web@0.1.0 build
> vite build --mode production

vite v7.3.6 building client environment for production...
transforming...
✓ 2061 modules transformed.
rendering chunks...
computing gzip size...
dist/index.html                              1.19 kB │ gzip:   0.60 kB
dist/assets/index-BQPx7lJM.css               3.56 kB │ gzip:   1.33 kB
dist/assets/download-8lJFmiSZ.js             0.23 kB │ gzip:   0.17 kB
dist/assets/filters-CVitQAxr.js              0.32 kB │ gzip:   0.25 kB
dist/assets/hooks-dOBs4L2R.js                4.58 kB │ gzip:   2.15 kB
dist/assets/draft-conflict-AT7ehQkS.js       5.35 kB │ gzip:   2.47 kB
dist/assets/index-BtmtYQJ9.js                7.92 kB │ gzip:   3.16 kB
dist/assets/index-PXcoSfdd.js                8.31 kB │ gzip:   3.53 kB
dist/assets/index-B7LobazH.js                9.32 kB │ gzip:   3.69 kB
dist/assets/index-DTmv05z2.js               13.80 kB │ gzip:   5.63 kB
dist/assets/index-nQjkVTBE.js               14.50 kB │ gzip:   5.36 kB
dist/assets/index-DTmMGIkh.js               14.58 kB │ gzip:   4.92 kB
dist/assets/index-CU9nyGur.js               15.21 kB │ gzip:   5.85 kB
dist/assets/index-BbvOY1LV.js               16.16 kB │ gzip:   5.51 kB
dist/assets/index-BVndoZ1d.js               16.40 kB │ gzip:   5.42 kB
dist/assets/index-f2mI55S0.js               17.81 kB │ gzip:   6.26 kB
dist/assets/index-BQewL7WW.js               18.33 kB │ gzip:   6.16 kB
dist/assets/index-DX6Y_GR1.js               23.80 kB │ gzip:   8.11 kB
dist/assets/index-BsL8l7vT.js               24.13 kB │ gzip:   8.60 kB
dist/assets/index-DAdO-NWH.js               29.24 kB │ gzip:   9.51 kB
dist/assets/index-LoHFK73V.js               31.62 kB │ gzip:   9.82 kB
dist/assets/query-5vm9EU1C.js               33.15 kB │ gzip:   9.92 kB
dist/assets/index-CAwxBfjX.js               37.94 kB │ gzip:  10.46 kB
dist/assets/i18n-xB0mQYCC.js                46.14 kB │ gzip:  15.12 kB
dist/assets/schemas-Ct4RWo9M.js             80.75 kB │ gzip:  24.39 kB
dist/assets/index-D1gZz_tD.js               89.08 kB │ gzip:  28.26 kB
dist/assets/schema-validation-Bhr7oAQE.js  149.80 kB │ gzip:  45.12 kB
dist/assets/react-runtime-D0NtfbPC.js      279.78 kB │ gzip:  90.28 kB
dist/assets/contract-data-BIzYYkc1.js      303.99 kB │ gzip:  36.17 kB
dist/assets/charts-CQ4oecFO.js             313.03 kB │ gzip:  94.99 kB
dist/assets/mui-Bz_aCSm2.js                328.33 kB │ gzip: 100.02 kB
✓ built in 3.17s

## repeat-demo-build
command=node "C:\Program Files\nodejs\node_modules\npm\bin\npm-cli.js" "--script-shell=cmd.exe" "run" "build:demo"
cwd=C:\Users\Joker-PC\AppData\Local\Temp\botsales-width-clean-20261009-O7BOy1\BotSalesAI_Frontend
exitCode=0

> botsales-frontend@0.1.0 build:demo
> npm run generate:check && npm run typecheck && npm run build:demo --workspace @botsales/web


> botsales-frontend@0.1.0 generate:check
> node scripts/generate.mjs --check

{"status":"PASS","outputs":11,"schemas":283,"operations":210,"routes":54}

> botsales-frontend@0.1.0 typecheck
> tsc -p apps/web/tsconfig.json --noEmit


> @botsales/web@0.1.0 build:demo
> vite build --mode demo --outDir dist-demo

vite v7.3.6 building client environment for demo...
transforming...
✓ 2277 modules transformed.
rendering chunks...
computing gzip size...
dist-demo/index.html                              1.19 kB │ gzip:   0.59 kB
dist-demo/assets/index-BQPx7lJM.css               3.56 kB │ gzip:   1.33 kB
dist-demo/assets/download-CWiaXb8A.js             0.24 kB │ gzip:   0.17 kB
dist-demo/assets/filters-Bi-qlnQp.js              0.32 kB │ gzip:   0.24 kB
dist-demo/assets/control-6gq2NE8L.js              0.72 kB │ gzip:   0.43 kB
dist-demo/assets/hooks-DnShZ1fz.js                4.58 kB │ gzip:   2.14 kB
dist-demo/assets/draft-conflict-DjVtEdLI.js       5.35 kB │ gzip:   2.47 kB
dist-demo/assets/index-BJuS0BG4.js                8.31 kB │ gzip:   3.52 kB
dist-demo/assets/index-FSputLXl.js                8.46 kB │ gzip:   3.35 kB
dist-demo/assets/index-CuIvBDeO.js                9.33 kB │ gzip:   3.69 kB
dist-demo/assets/index-CX2Rn9WK.js               13.99 kB │ gzip:   5.69 kB
dist-demo/assets/index-gBLBkBTy.js               14.58 kB │ gzip:   4.92 kB
dist-demo/assets/index-Bp7x9Enh.js               14.90 kB │ gzip:   5.66 kB
dist-demo/assets/index-Dg_gL8Fe.js               16.56 kB │ gzip:   5.46 kB
dist-demo/assets/index-CZ817Rh5.js               17.81 kB │ gzip:   6.26 kB
dist-demo/assets/index-s5qKE3w3.js               18.33 kB │ gzip:   6.15 kB
dist-demo/assets/index-DZK8QXeq.js               18.48 kB │ gzip:   6.32 kB
dist-demo/assets/index-DEDdlHv7.js               22.56 kB │ gzip:   7.81 kB
dist-demo/assets/index-DdoqwV6M.js               24.21 kB │ gzip:   8.27 kB
dist-demo/assets/index-D-oqgHmg.js               24.36 kB │ gzip:   8.66 kB
dist-demo/assets/index-CfyL8U0v.js               29.75 kB │ gzip:   9.65 kB
dist-demo/assets/query-5vm9EU1C.js               33.15 kB │ gzip:   9.92 kB
dist-demo/assets/index-BFsErpiF.js               33.87 kB │ gzip:  10.55 kB
dist-demo/assets/index-DJrnnybP.js               37.94 kB │ gzip:  10.46 kB
dist-demo/assets/i18n-xB0mQYCC.js                46.14 kB │ gzip:  15.12 kB
dist-demo/assets/schemas-Ct4RWo9M.js             80.75 kB │ gzip:  24.39 kB
dist-demo/assets/index-DDk2MhvC.js               92.93 kB │ gzip:  29.37 kB
dist-demo/assets/schema-validation-Bhr7oAQE.js  149.80 kB │ gzip:  45.12 kB
dist-demo/assets/service-BepI4YXI.js            159.35 kB │ gzip:  34.71 kB
dist-demo/assets/browser-DCcIToaN.js            255.64 kB │ gzip:  87.01 kB
dist-demo/assets/react-runtime-D0NtfbPC.js      279.78 kB │ gzip:  90.28 kB
dist-demo/assets/contract-data-D-QqiNa-.js      309.77 kB │ gzip:  37.31 kB
dist-demo/assets/charts-RcpaDpmM.js             313.03 kB │ gzip:  94.99 kB
dist-demo/assets/mui-azn9KfGV.js                328.33 kB │ gzip: 100.02 kB
✓ built in 3.73s

## production-unavailable-smoke
command=node "C:\Users\Joker-PC\AppData\Local\Temp\botsales-width-clean-20261009-O7BOy1\BotSalesAI_Frontend\production-unavailable-smoke-current-20261009.mjs"
cwd=C:\Users\Joker-PC\AppData\Local\Temp\botsales-width-clean-20261009-O7BOy1\BotSalesAI_Frontend
exitCode=0
[production-unavailable-smoke] {"scope":"FRONTEND_WITH_SYNTHETIC_MOCK_API","artifact":"apps/web/dist","route":"/s/shop-demo/overview","apiUnavailable":true,"explicitErrorVisible":true,"automaticMockFallback":false,"sessionRequests":1,"mockWorkerRequests":0}

artifactManifest={"productionAfterVerify":{"fileCount":35,"totalBytes":1940452,"treeSha256":"45f25ddf3cc633ee01d074b7ab2a5808d8136667e8a27edb5f820e0acbb46045","workerIncluded":false,"files":[{"path":"app-icon.svg","bytes":373,"sha256":"d0ed30dd4410fde97ebac0d7be8f2a6329cde38effdd109dd219036b85fdab27"},{"path":"app-sw.js","bytes":1187,"sha256":"9080a6f5bfdd8753d64bc3a5632ee626517a79bd9d989edb3cc54f089e721936"},{"path":"assets/charts-CQ4oecFO.js","bytes":313031,"sha256":"441ffc9804f390e596000259d9097f8f983b7414a5ea769cf115f3cc2cc45d25"},{"path":"assets/contract-data-BIzYYkc1.js","bytes":303991,"sha256":"eefcaed6dd2aa9c9a486754efe19af940cfb9a4e45756f4929a3ae5523892ac8"},{"path":"assets/download-8lJFmiSZ.js","bytes":230,"sha256":"9a8e735d740169508ef12c9df76e70df3df3c2d783fdb88d301cd422e8cd426e"},{"path":"assets/draft-conflict-AT7ehQkS.js","bytes":5349,"sha256":"b1728103b20854a3bac39118f816a0c915d866cd62ff74b0e699d7f026167ade"},{"path":"assets/filters-CVitQAxr.js","bytes":316,"sha256":"0c31488c9c1bfdfbcf0c4407aeb5164f9ac034e2dc571cd2553f8a976afd78a8"},{"path":"assets/hooks-dOBs4L2R.js","bytes":4580,"sha256":"0c7db79655733b039035652b8368921b9ad27545d9f80a215c307f475186e5d4"},{"path":"assets/i18n-xB0mQYCC.js","bytes":46142,"sha256":"13644fbf7cd7df2f1f5dbf8d9d8b4e67124bcb1c28b64855469888db1f87ad24"},{"path":"assets/index-B7LobazH.js","bytes":9322,"sha256":"7fa5ca4874f0fa6a207e4c78498a3dfbff5b8d6602a03c00ed2ab1cc3a557b93"},{"path":"assets/index-BQPx7lJM.css","bytes":3564,"sha256":"a4ec85dc6c7b5fb62000019591a8aa24b0eeec962674aedf375462a82563b305"},{"path":"assets/index-BQewL7WW.js","bytes":18328,"sha256":"6b5a53da67ba10fbc3d622881ec745e045712db254f71eb34326b97af0807d4c"},{"path":"assets/index-BVndoZ1d.js","bytes":16402,"sha256":"1387d59400a828380c8f23125cf4020a921132580bdd3c613d4c60be5f2aab9f"},{"path":"assets/index-BbvOY1LV.js","bytes":16155,"sha256":"7bef989025081ceaf813f501c39463ecfa7cb197f332e829f50ff5eb34c48342"},{"path":"assets/index-BsL8l7vT.js","bytes":24125,"sha256":"b9bab18c4938c7dee8373b2198385467c5f36083e9d3738141556d2010685a74"},{"path":"assets/index-BtmtYQJ9.js","bytes":7920,"sha256":"1c14a6a7feaa916cc0866623898d911229395a0fd186752388c2a8179f4cbabc"},{"path":"assets/index-CAwxBfjX.js","bytes":37941,"sha256":"78faf03ca2cacce975e2562ebeefe2c776311f0331d33201a8094b3a0253d65c"},{"path":"assets/index-CU9nyGur.js","bytes":15206,"sha256":"b956595b57e4f23797b375f27d9e86c5c206151ee4b72004246561cbb5295d8d"},{"path":"assets/index-D1gZz_tD.js","bytes":89079,"sha256":"27f7b8b02b6d0ee26f40e9280e11cad9efd1439a5058b0cbab0c545cc8307143"},{"path":"assets/index-DAdO-NWH.js","bytes":29238,"sha256":"1ab9030b44bf2781c089b28e18f69c4ae113261b180016273168e2ecda70e65c"},{"path":"assets/index-DTmMGIkh.js","bytes":14582,"sha256":"95fd61fa36314a4efc37b1e501eefc622413d9ad5f831339b13009592a040544"},{"path":"assets/index-DTmv05z2.js","bytes":13799,"sha256":"87a14fd3588b4355fb173bac11d7dfef9cd624ff5d583ec2ea8d20c21beb2cd9"},{"path":"assets/index-DX6Y_GR1.js","bytes":23802,"sha256":"97b1e4af544e3677edf7641475211d0a7baf15e0c1b869ca33f3716052ef7fef"},{"path":"assets/index-LoHFK73V.js","bytes":31618,"sha256":"dc12ef38ef51e02d4e81b1d01fa9632b9cf6dbb8379caaf14f145bfbc356b200"},{"path":"assets/index-PXcoSfdd.js","bytes":8305,"sha256":"9adcf98d94e543c1419fbc0d7a81881d163e74997d0afd79c3f293c7ede54a85"},{"path":"assets/index-f2mI55S0.js","bytes":17812,"sha256":"fb5c9a4b6d6336686016a4ea42149fcb4f61a7b8e2c90f09edcfae6a24449734"},{"path":"assets/index-nQjkVTBE.js","bytes":14503,"sha256":"526804f37edfbb992fe836a7824c4525ce6ade198a78f3f3fae6e41ca5f9a00e"},{"path":"assets/mui-Bz_aCSm2.js","bytes":328326,"sha256":"f5e8d31741fcfacabe2e870a463acd5276073e9b78250aedc9b36cb40bcbcd1d"},{"path":"assets/query-5vm9EU1C.js","bytes":33154,"sha256":"59fc23875862ba142b1e9059d7a4ace925c491196d120b34a9c80b9b2744f83d"},{"path":"assets/react-runtime-D0NtfbPC.js","bytes":279779,"sha256":"cf962651294a083f09b7bb7e480d6094fcf60c8d1e0f68d93cf11e11edd45118"},{"path":"assets/schema-validation-Bhr7oAQE.js","bytes":149800,"sha256":"d15d3ecd00c25627b4b9c7e8a55997b20fd8a0480e3a3269b55473cff83b3647"},{"path":"assets/schemas-Ct4RWo9M.js","bytes":80749,"sha256":"ac69c8161e1991df96c06d5eb9ea91d64c742b5a7102604e4f81c03a69f8d30f"},{"path":"index.html","bytes":1185,"sha256":"ff7bc7c924739edf461189ec3d7768f822fe8ec5ac458527f6a319ad02c5e6e1"},{"path":"manifest.webmanifest","bytes":332,"sha256":"ea8e42e73426d3a399074bda5bc722b60955b8bb93d3be1d32425882fbb6ca53"},{"path":"samples/products.csv","bytes":227,"sha256":"51b4eabb0beb11d93e7b86fd5ef252fa3c1dc4b20782f8eaf4cbac783e3109d5"}]},"demoFirstBuild":{"fileCount":39,"totalBytes":2389110,"treeSha256":"f42be661d5a714b4ba4d833c2faaa74580c989ff565ce26774c835d9bd151326","workerIncluded":true,"files":[{"path":"app-icon.svg","bytes":373,"sha256":"d0ed30dd4410fde97ebac0d7be8f2a6329cde38effdd109dd219036b85fdab27"},{"path":"app-sw.js","bytes":1187,"sha256":"9080a6f5bfdd8753d64bc3a5632ee626517a79bd9d989edb3cc54f089e721936"},{"path":"assets/browser-DCcIToaN.js","bytes":255636,"sha256":"8b75daf9edc29d2caf73312046074f056e62d8b116a80bc010582aeff02153db"},{"path":"assets/charts-RcpaDpmM.js","bytes":313031,"sha256":"902a10c7526d03091b8d6a53a4217b3714eb6319488abe363b789606eee71118"},{"path":"assets/contract-data-D-QqiNa-.js","bytes":309769,"sha256":"eaafc38117364ea7ab02b292c0f829c660f9e10401b8e042df0802cfd413b01b"},{"path":"assets/control-6gq2NE8L.js","bytes":724,"sha256":"d1b3243f08a4ffcda96aae0a55271275193cb754a547f55ed134e731b7a13c14"},{"path":"assets/download-CWiaXb8A.js","bytes":241,"sha256":"0e78970ab1b31fdcc54910e92fb351800f24b3a3a54e3f00ddf5a46b0ee2aefb"},{"path":"assets/draft-conflict-DjVtEdLI.js","bytes":5349,"sha256":"a00063fc29896bfbd0222ee54c0d9ca90f6c99d3164ce7f1a8b89677af0acc66"},{"path":"assets/filters-Bi-qlnQp.js","bytes":316,"sha256":"7b1e552ef7622a318c73d10894d594b097d77641707a17a20479df96c593d44e"},{"path":"assets/hooks-DnShZ1fz.js","bytes":4582,"sha256":"9d064008a7f658cb4497326484ba2c2f35a39b4bdc05733dd004f0c100d7102f"},{"path":"assets/i18n-xB0mQYCC.js","bytes":46142,"sha256":"13644fbf7cd7df2f1f5dbf8d9d8b4e67124bcb1c28b64855469888db1f87ad24"},{"path":"assets/index-BFsErpiF.js","bytes":33874,"sha256":"2ee8c4c078ba7a618028653af4695390688d6c019bec9560f5c03ea088b7289d"},{"path":"assets/index-BJuS0BG4.js","bytes":8305,"sha256":"835b5768c8feb8f49e30d1310dd9bf1253adacc6f9af4ffff88ba63c88a9590e"},{"path":"assets/index-BQPx7lJM.css","bytes":3564,"sha256":"a4ec85dc6c7b5fb62000019591a8aa24b0eeec962674aedf375462a82563b305"},{"path":"assets/index-Bp7x9Enh.js","bytes":14903,"sha256":"9e8298241f0e8ae196d9217c20e9bcdb4d8015d95d35d41b1648b9bf7eb9cb34"},{"path":"assets/index-CX2Rn9WK.js","bytes":13985,"sha256":"a03dbfecb245ab1c8a6fbd1805a20f9071778574de5a7898b9193078aaf5d6be"},{"path":"assets/index-CZ817Rh5.js","bytes":17812,"sha256":"4fcd59f0225b0dcf9a79a6ce260a9393f04b293138a1ab8c176b1a460f6154a1"},{"path":"assets/index-CfyL8U0v.js","bytes":29746,"sha256":"6e0e28241fcd5c65135a06fac241b35f10631fe93a849a7319b26dc36aceb1b0"},{"path":"assets/index-CuIvBDeO.js","bytes":9327,"sha256":"f90043130d07a7b4bd2ac6a72711f39d49cf976f78518e2f8a16f51bc0168d50"},{"path":"assets/index-D-oqgHmg.js","bytes":24359,"sha256":"946cc181d6548c3b070daa3b7b0ce96ff70dc3a973dae8f95e262a1309d63091"},{"path":"assets/index-DDk2MhvC.js","bytes":92932,"sha256":"5bb6f7a3cf88a8e1c6c43a602587cbd842c2a13e941ec1795bbe408f8991adcf"},{"path":"assets/index-DEDdlHv7.js","bytes":22557,"sha256":"e1c7797de5195c43d60f43c4331901b087ebe489b1ab917a72f64dffec6bed14"},{"path":"assets/index-DJrnnybP.js","bytes":37941,"sha256":"caa9dfbcef787e28b8b6fc97003b44b732c6252344fc97f3fa051de02a1c2683"},{"path":"assets/index-DZK8QXeq.js","bytes":18481,"sha256":"d5908f7b3214b85c99c97ca1b19a149e6ecdf52950c75c7056b01dc93fdd98fd"},{"path":"assets/index-DdoqwV6M.js","bytes":24211,"sha256":"e22f701e2d88b06a6e2232670ec29252bb6ebf481720066224248db83a61382c"},{"path":"assets/index-Dg_gL8Fe.js","bytes":16561,"sha256":"a7a1f9d0c53ff7f51259bb1182809bab38022a95ef8b584a23afc97ce16c78f7"},{"path":"assets/index-FSputLXl.js","bytes":8461,"sha256":"ae2354dd0268bd95afaae92c0f40b3c2b97953247bc1d218ab9d7b48b2dc36c1"},{"path":"assets/index-gBLBkBTy.js","bytes":14582,"sha256":"65037a84aca0e8d1dfd5b4011e6487fbafcb7513550cdd69bfa4f3e3cfd694b1"},{"path":"assets/index-s5qKE3w3.js","bytes":18328,"sha256":"4bbcab53a4070d1789b839bce2025144dcfc7bd474ba0a73b5f8afff315887e2"},{"path":"assets/mui-azn9KfGV.js","bytes":328326,"sha256":"23033088ba6e83e3b1b82eb11daf38061fab58b98a5c997b98d81ea0cbdbbc72"},{"path":"assets/query-5vm9EU1C.js","bytes":33154,"sha256":"59fc23875862ba142b1e9059d7a4ace925c491196d120b34a9c80b9b2744f83d"},{"path":"assets/react-runtime-D0NtfbPC.js","bytes":279779,"sha256":"cf962651294a083f09b7bb7e480d6094fcf60c8d1e0f68d93cf11e11edd45118"},{"path":"assets/schema-validation-Bhr7oAQE.js","bytes":149800,"sha256":"d15d3ecd00c25627b4b9c7e8a55997b20fd8a0480e3a3269b55473cff83b3647"},{"path":"assets/schemas-Ct4RWo9M.js","bytes":80749,"sha256":"ac69c8161e1991df96c06d5eb9ea91d64c742b5a7102604e4f81c03a69f8d30f"},{"path":"assets/service-BepI4YXI.js","bytes":159351,"sha256":"f34691f2561486f583155b602875b48510743be69750efd5877958382c12dbf1"},{"path":"index.html","bytes":1185,"sha256":"79546ebbbbf6aad483995fe9910283114ac921bb58c11c30ba8bf1184c18ca7b"},{"path":"manifest.webmanifest","bytes":332,"sha256":"ea8e42e73426d3a399074bda5bc722b60955b8bb93d3be1d32425882fbb6ca53"},{"path":"mockServiceWorker.js","bytes":8928,"sha256":"3e3b8fd4d49f22241f1782e15474251074ab5e9ad129fdffc8a3192630941ccc"},{"path":"samples/products.csv","bytes":227,"sha256":"51b4eabb0beb11d93e7b86fd5ef252fa3c1dc4b20782f8eaf4cbac783e3109d5"}]},"productionRepeat":{"fileCount":35,"totalBytes":1940452,"treeSha256":"45f25ddf3cc633ee01d074b7ab2a5808d8136667e8a27edb5f820e0acbb46045","workerIncluded":false,"files":[{"path":"app-icon.svg","bytes":373,"sha256":"d0ed30dd4410fde97ebac0d7be8f2a6329cde38effdd109dd219036b85fdab27"},{"path":"app-sw.js","bytes":1187,"sha256":"9080a6f5bfdd8753d64bc3a5632ee626517a79bd9d989edb3cc54f089e721936"},{"path":"assets/charts-CQ4oecFO.js","bytes":313031,"sha256":"441ffc9804f390e596000259d9097f8f983b7414a5ea769cf115f3cc2cc45d25"},{"path":"assets/contract-data-BIzYYkc1.js","bytes":303991,"sha256":"eefcaed6dd2aa9c9a486754efe19af940cfb9a4e45756f4929a3ae5523892ac8"},{"path":"assets/download-8lJFmiSZ.js","bytes":230,"sha256":"9a8e735d740169508ef12c9df76e70df3df3c2d783fdb88d301cd422e8cd426e"},{"path":"assets/draft-conflict-AT7ehQkS.js","bytes":5349,"sha256":"b1728103b20854a3bac39118f816a0c915d866cd62ff74b0e699d7f026167ade"},{"path":"assets/filters-CVitQAxr.js","bytes":316,"sha256":"0c31488c9c1bfdfbcf0c4407aeb5164f9ac034e2dc571cd2553f8a976afd78a8"},{"path":"assets/hooks-dOBs4L2R.js","bytes":4580,"sha256":"0c7db79655733b039035652b8368921b9ad27545d9f80a215c307f475186e5d4"},{"path":"assets/i18n-xB0mQYCC.js","bytes":46142,"sha256":"13644fbf7cd7df2f1f5dbf8d9d8b4e67124bcb1c28b64855469888db1f87ad24"},{"path":"assets/index-B7LobazH.js","bytes":9322,"sha256":"7fa5ca4874f0fa6a207e4c78498a3dfbff5b8d6602a03c00ed2ab1cc3a557b93"},{"path":"assets/index-BQPx7lJM.css","bytes":3564,"sha256":"a4ec85dc6c7b5fb62000019591a8aa24b0eeec962674aedf375462a82563b305"},{"path":"assets/index-BQewL7WW.js","bytes":18328,"sha256":"6b5a53da67ba10fbc3d622881ec745e045712db254f71eb34326b97af0807d4c"},{"path":"assets/index-BVndoZ1d.js","bytes":16402,"sha256":"1387d59400a828380c8f23125cf4020a921132580bdd3c613d4c60be5f2aab9f"},{"path":"assets/index-BbvOY1LV.js","bytes":16155,"sha256":"7bef989025081ceaf813f501c39463ecfa7cb197f332e829f50ff5eb34c48342"},{"path":"assets/index-BsL8l7vT.js","bytes":24125,"sha256":"b9bab18c4938c7dee8373b2198385467c5f36083e9d3738141556d2010685a74"},{"path":"assets/index-BtmtYQJ9.js","bytes":7920,"sha256":"1c14a6a7feaa916cc0866623898d911229395a0fd186752388c2a8179f4cbabc"},{"path":"assets/index-CAwxBfjX.js","bytes":37941,"sha256":"78faf03ca2cacce975e2562ebeefe2c776311f0331d33201a8094b3a0253d65c"},{"path":"assets/index-CU9nyGur.js","bytes":15206,"sha256":"b956595b57e4f23797b375f27d9e86c5c206151ee4b72004246561cbb5295d8d"},{"path":"assets/index-D1gZz_tD.js","bytes":89079,"sha256":"27f7b8b02b6d0ee26f40e9280e11cad9efd1439a5058b0cbab0c545cc8307143"},{"path":"assets/index-DAdO-NWH.js","bytes":29238,"sha256":"1ab9030b44bf2781c089b28e18f69c4ae113261b180016273168e2ecda70e65c"},{"path":"assets/index-DTmMGIkh.js","bytes":14582,"sha256":"95fd61fa36314a4efc37b1e501eefc622413d9ad5f831339b13009592a040544"},{"path":"assets/index-DTmv05z2.js","bytes":13799,"sha256":"87a14fd3588b4355fb173bac11d7dfef9cd624ff5d583ec2ea8d20c21beb2cd9"},{"path":"assets/index-DX6Y_GR1.js","bytes":23802,"sha256":"97b1e4af544e3677edf7641475211d0a7baf15e0c1b869ca33f3716052ef7fef"},{"path":"assets/index-LoHFK73V.js","bytes":31618,"sha256":"dc12ef38ef51e02d4e81b1d01fa9632b9cf6dbb8379caaf14f145bfbc356b200"},{"path":"assets/index-PXcoSfdd.js","bytes":8305,"sha256":"9adcf98d94e543c1419fbc0d7a81881d163e74997d0afd79c3f293c7ede54a85"},{"path":"assets/index-f2mI55S0.js","bytes":17812,"sha256":"fb5c9a4b6d6336686016a4ea42149fcb4f61a7b8e2c90f09edcfae6a24449734"},{"path":"assets/index-nQjkVTBE.js","bytes":14503,"sha256":"526804f37edfbb992fe836a7824c4525ce6ade198a78f3f3fae6e41ca5f9a00e"},{"path":"assets/mui-Bz_aCSm2.js","bytes":328326,"sha256":"f5e8d31741fcfacabe2e870a463acd5276073e9b78250aedc9b36cb40bcbcd1d"},{"path":"assets/query-5vm9EU1C.js","bytes":33154,"sha256":"59fc23875862ba142b1e9059d7a4ace925c491196d120b34a9c80b9b2744f83d"},{"path":"assets/react-runtime-D0NtfbPC.js","bytes":279779,"sha256":"cf962651294a083f09b7bb7e480d6094fcf60c8d1e0f68d93cf11e11edd45118"},{"path":"assets/schema-validation-Bhr7oAQE.js","bytes":149800,"sha256":"d15d3ecd00c25627b4b9c7e8a55997b20fd8a0480e3a3269b55473cff83b3647"},{"path":"assets/schemas-Ct4RWo9M.js","bytes":80749,"sha256":"ac69c8161e1991df96c06d5eb9ea91d64c742b5a7102604e4f81c03a69f8d30f"},{"path":"index.html","bytes":1185,"sha256":"ff7bc7c924739edf461189ec3d7768f822fe8ec5ac458527f6a319ad02c5e6e1"},{"path":"manifest.webmanifest","bytes":332,"sha256":"ea8e42e73426d3a399074bda5bc722b60955b8bb93d3be1d32425882fbb6ca53"},{"path":"samples/products.csv","bytes":227,"sha256":"51b4eabb0beb11d93e7b86fd5ef252fa3c1dc4b20782f8eaf4cbac783e3109d5"}]},"demoRepeat":{"fileCount":39,"totalBytes":2389110,"treeSha256":"f42be661d5a714b4ba4d833c2faaa74580c989ff565ce26774c835d9bd151326","workerIncluded":true,"files":[{"path":"app-icon.svg","bytes":373,"sha256":"d0ed30dd4410fde97ebac0d7be8f2a6329cde38effdd109dd219036b85fdab27"},{"path":"app-sw.js","bytes":1187,"sha256":"9080a6f5bfdd8753d64bc3a5632ee626517a79bd9d989edb3cc54f089e721936"},{"path":"assets/browser-DCcIToaN.js","bytes":255636,"sha256":"8b75daf9edc29d2caf73312046074f056e62d8b116a80bc010582aeff02153db"},{"path":"assets/charts-RcpaDpmM.js","bytes":313031,"sha256":"902a10c7526d03091b8d6a53a4217b3714eb6319488abe363b789606eee71118"},{"path":"assets/contract-data-D-QqiNa-.js","bytes":309769,"sha256":"eaafc38117364ea7ab02b292c0f829c660f9e10401b8e042df0802cfd413b01b"},{"path":"assets/control-6gq2NE8L.js","bytes":724,"sha256":"d1b3243f08a4ffcda96aae0a55271275193cb754a547f55ed134e731b7a13c14"},{"path":"assets/download-CWiaXb8A.js","bytes":241,"sha256":"0e78970ab1b31fdcc54910e92fb351800f24b3a3a54e3f00ddf5a46b0ee2aefb"},{"path":"assets/draft-conflict-DjVtEdLI.js","bytes":5349,"sha256":"a00063fc29896bfbd0222ee54c0d9ca90f6c99d3164ce7f1a8b89677af0acc66"},{"path":"assets/filters-Bi-qlnQp.js","bytes":316,"sha256":"7b1e552ef7622a318c73d10894d594b097d77641707a17a20479df96c593d44e"},{"path":"assets/hooks-DnShZ1fz.js","bytes":4582,"sha256":"9d064008a7f658cb4497326484ba2c2f35a39b4bdc05733dd004f0c100d7102f"},{"path":"assets/i18n-xB0mQYCC.js","bytes":46142,"sha256":"13644fbf7cd7df2f1f5dbf8d9d8b4e67124bcb1c28b64855469888db1f87ad24"},{"path":"assets/index-BFsErpiF.js","bytes":33874,"sha256":"2ee8c4c078ba7a618028653af4695390688d6c019bec9560f5c03ea088b7289d"},{"path":"assets/index-BJuS0BG4.js","bytes":8305,"sha256":"835b5768c8feb8f49e30d1310dd9bf1253adacc6f9af4ffff88ba63c88a9590e"},{"path":"assets/index-BQPx7lJM.css","bytes":3564,"sha256":"a4ec85dc6c7b5fb62000019591a8aa24b0eeec962674aedf375462a82563b305"},{"path":"assets/index-Bp7x9Enh.js","bytes":14903,"sha256":"9e8298241f0e8ae196d9217c20e9bcdb4d8015d95d35d41b1648b9bf7eb9cb34"},{"path":"assets/index-CX2Rn9WK.js","bytes":13985,"sha256":"a03dbfecb245ab1c8a6fbd1805a20f9071778574de5a7898b9193078aaf5d6be"},{"path":"assets/index-CZ817Rh5.js","bytes":17812,"sha256":"4fcd59f0225b0dcf9a79a6ce260a9393f04b293138a1ab8c176b1a460f6154a1"},{"path":"assets/index-CfyL8U0v.js","bytes":29746,"sha256":"6e0e28241fcd5c65135a06fac241b35f10631fe93a849a7319b26dc36aceb1b0"},{"path":"assets/index-CuIvBDeO.js","bytes":9327,"sha256":"f90043130d07a7b4bd2ac6a72711f39d49cf976f78518e2f8a16f51bc0168d50"},{"path":"assets/index-D-oqgHmg.js","bytes":24359,"sha256":"946cc181d6548c3b070daa3b7b0ce96ff70dc3a973dae8f95e262a1309d63091"},{"path":"assets/index-DDk2MhvC.js","bytes":92932,"sha256":"5bb6f7a3cf88a8e1c6c43a602587cbd842c2a13e941ec1795bbe408f8991adcf"},{"path":"assets/index-DEDdlHv7.js","bytes":22557,"sha256":"e1c7797de5195c43d60f43c4331901b087ebe489b1ab917a72f64dffec6bed14"},{"path":"assets/index-DJrnnybP.js","bytes":37941,"sha256":"caa9dfbcef787e28b8b6fc97003b44b732c6252344fc97f3fa051de02a1c2683"},{"path":"assets/index-DZK8QXeq.js","bytes":18481,"sha256":"d5908f7b3214b85c99c97ca1b19a149e6ecdf52950c75c7056b01dc93fdd98fd"},{"path":"assets/index-DdoqwV6M.js","bytes":24211,"sha256":"e22f701e2d88b06a6e2232670ec29252bb6ebf481720066224248db83a61382c"},{"path":"assets/index-Dg_gL8Fe.js","bytes":16561,"sha256":"a7a1f9d0c53ff7f51259bb1182809bab38022a95ef8b584a23afc97ce16c78f7"},{"path":"assets/index-FSputLXl.js","bytes":8461,"sha256":"ae2354dd0268bd95afaae92c0f40b3c2b97953247bc1d218ab9d7b48b2dc36c1"},{"path":"assets/index-gBLBkBTy.js","bytes":14582,"sha256":"65037a84aca0e8d1dfd5b4011e6487fbafcb7513550cdd69bfa4f3e3cfd694b1"},{"path":"assets/index-s5qKE3w3.js","bytes":18328,"sha256":"4bbcab53a4070d1789b839bce2025144dcfc7bd474ba0a73b5f8afff315887e2"},{"path":"assets/mui-azn9KfGV.js","bytes":328326,"sha256":"23033088ba6e83e3b1b82eb11daf38061fab58b98a5c997b98d81ea0cbdbbc72"},{"path":"assets/query-5vm9EU1C.js","bytes":33154,"sha256":"59fc23875862ba142b1e9059d7a4ace925c491196d120b34a9c80b9b2744f83d"},{"path":"assets/react-runtime-D0NtfbPC.js","bytes":279779,"sha256":"cf962651294a083f09b7bb7e480d6094fcf60c8d1e0f68d93cf11e11edd45118"},{"path":"assets/schema-validation-Bhr7oAQE.js","bytes":149800,"sha256":"d15d3ecd00c25627b4b9c7e8a55997b20fd8a0480e3a3269b55473cff83b3647"},{"path":"assets/schemas-Ct4RWo9M.js","bytes":80749,"sha256":"ac69c8161e1991df96c06d5eb9ea91d64c742b5a7102604e4f81c03a69f8d30f"},{"path":"assets/service-BepI4YXI.js","bytes":159351,"sha256":"f34691f2561486f583155b602875b48510743be69750efd5877958382c12dbf1"},{"path":"index.html","bytes":1185,"sha256":"79546ebbbbf6aad483995fe9910283114ac921bb58c11c30ba8bf1184c18ca7b"},{"path":"manifest.webmanifest","bytes":332,"sha256":"ea8e42e73426d3a399074bda5bc722b60955b8bb93d3be1d32425882fbb6ca53"},{"path":"mockServiceWorker.js","bytes":8928,"sha256":"3e3b8fd4d49f22241f1782e15474251074ab5e9ad129fdffc8a3192630941ccc"},{"path":"samples/products.csv","bytes":227,"sha256":"51b4eabb0beb11d93e7b86fd5ef252fa3c1dc4b20782f8eaf4cbac783e3109d5"}]},"productionMarkerMatches":[],"demoFixtureMarkers":["Joker Studio","shop-second"]}
failure=none
scope=FRONTEND_WITH_SYNTHETIC_MOCK_API; no live Backend/provider, hosted CI run, deployment, staging, or production-hosting claim.
