{
  "browser": "153.0.8010.12",
  "probes": [
    {
      "id": "PAGINATION_EVALUATIONS",
      "reproduced": true
    },
    {
      "id": "SHOP_TIMEZONE_CASHFLOW",
      "reproduced": true
    },
    {
      "id": "CHANNELS_EMPTY_COMPOSITION",
      "reproduced": true
    },
    {
      "id": "RECONCILIATION_SHARED_CURSOR",
      "reproduced": true
    },
    {
      "id": "INBOX_SHARED_CURSOR",
      "reproduced": true
    },
    {
      "id": "PRODUCT_CATEGORY_LOOKUP_100_LIMIT",
      "reproduced": true
    }
  ]
}
