
Running 14 tests using 1 worker

(node:51656) Warning: The 'NO_COLOR' env is ignored due to the 'FORCE_COLOR' env being set.
(Use `node --trace-warnings ...` to show where the warning was created)


[1/14] [chromium] › tests\ui-width-layout.spec.ts:29:1 › W01 AI single connection fills its collection at breakpoint edges and wide viewports
[2/14] [chromium] › tests\ui-width-layout.spec.ts:42:1 › W01 AI keeps two-column collection for two/three items and refetch preserves the new count
[3/14] [chromium] › tests\ui-width-layout.spec.ts:63:1 › W01 AI empty result keeps one accessible create action and no empty grid
[4/14] [chromium] › tests\ui-width-layout.spec.ts:72:35 › W01 workspace collection handles 0 visible shops
[5/14] [chromium] › tests\ui-width-layout.spec.ts:72:35 › W01 workspace collection handles 1 visible shops
[6/14] [chromium] › tests\ui-width-layout.spec.ts:72:35 › W01 workspace collection handles 2 visible shops
[7/14] [chromium] › tests\ui-width-layout.spec.ts:72:35 › W01 workspace collection handles 3 visible shops
(node:72820) Warning: The 'NO_COLOR' env is ignored due to the 'FORCE_COLOR' env being set.
(Use `node --trace-warnings ...` to show where the warning was created)


[8/14] [firefox] › tests\ui-width-layout.spec.ts:29:1 › W01 AI single connection fills its collection at breakpoint edges and wide viewports
[9/14] [firefox] › tests\ui-width-layout.spec.ts:42:1 › W01 AI keeps two-column collection for two/three items and refetch preserves the new count
[10/14] [firefox] › tests\ui-width-layout.spec.ts:63:1 › W01 AI empty result keeps one accessible create action and no empty grid
[11/14] [firefox] › tests\ui-width-layout.spec.ts:72:35 › W01 workspace collection handles 0 visible shops
[12/14] [firefox] › tests\ui-width-layout.spec.ts:72:35 › W01 workspace collection handles 1 visible shops
[13/14] [firefox] › tests\ui-width-layout.spec.ts:72:35 › W01 workspace collection handles 2 visible shops
[14/14] [firefox] › tests\ui-width-layout.spec.ts:72:35 › W01 workspace collection handles 3 visible shops
  14 passed (1.4m)
