
> botsales-frontend@0.1.0 test:layout
> node --test tests/layout-checker.test.mjs tests/ui-layout-binding-gates.test.mjs && node scripts/check-layout.mjs

✔ accepts semantic bridge roles, the closed token-derived factor map, geometry, and reset values (2305.7037ms)
✔ rejects a CSS spacing role without a declared shared owner (1144.6232ms)
✔ rejects scale-conforming and off-scale literals in sx, responsive leaves, named and namespace MUI System props (1037.2158ms)
✔ follows local aliases and style callbacks; rejects theme spacing helpers and preset overrides (1153.0938ms)
✔ scans nested slotProps but does not confuse event handlers or geometric dimensions with spacing (1045.4168ms)
✔ keeps Panel geometry inspectable and rejects spacing hidden in its geometry prop (2917.28ms)
✔ accepts only an exact CSS exception and reports stale or mismatched exception scope (2944.2514ms)
✔ rejects malformed TypeScript, malformed CSS, bad exception schema, and raw values in the bridge (3845.3907ms)
✔ rejects canonical pixel tokens used as MUI factors and an altered bridge factor table (1910.8214ms)
✔ report mode inventories migration debt without turning findings into PASS (1063.2158ms)
✔ canonical writes through casts and aliases fail outside style expressions (2310.4596ms)
✔ Object.assign cannot mutate canonical data but can copy to a fresh object (2226.4997ms)
✔ layout gate rejects raw spacing on const alias of MUI component (1108.0984ms)
✔ canonical mutation gate follows global mutator aliases and reflection (1076.1251ms)
✔ local mutator names do not acquire global mutation identity (1004.0255ms)
✔ destructured mutators and call/apply retain canonical mutation checks (1036.277ms)
✔ global mutator call/apply can copy canonical values into fresh objects (1007.5717ms)
✔ mutable aliases with possible canonical destinations fail closed (1012.7478ms)
✔ opaque apply arguments fail closed while unrelated mutable data stays valid (1989.3889ms)
✔ canonical references inside containers and destructured aliases cannot be mutated (1004.4118ms)
✔ independent shallow copies of scalar canonical fields remain mutable (964.703ms)
✔ array references and nested destructuring preserve canonical write provenance (1002.3889ms)
✔ array destinations distinguish independent elements from canonical references (980.4789ms)
✔ array destructuring, dynamic indices and spread cannot hide canonical references (999.9245ms)
✔ dynamic indices and destructuring of independent arrays stay mutable (1046.0023ms)
✔ function parameters cannot hide canonical mutation across source files (1099.4819ms)
✔ read-only helpers and mutations of unrelated arguments remain valid (1007.9039ms)
✔ returned canonical references remain protected across helper boundaries (998.6838ms)
✔ helper returns of fresh scalar copies do not retain canonical destination identity (1010.921ms)
✔ destructured object parameters cannot mutate canonical arguments (985.7078ms)
✔ destructured object parameters retain independent argument mutability (985.9996ms)
✔ default parameter and binding initializers cannot hide canonical mutations (992.1871ms)
✔ fresh default parameter and binding copies remain mutable (972.9182ms)
✔ rest parameters retain canonical argument write provenance (977.0548ms)
✔ rest parameters distinguish independent positions from canonical siblings (980.9738ms)
✔ finite spread arguments preserve shifted positional and rest destinations (974.3676ms)
✔ finite spread expansion keeps independent argument positions mutable (1014.7604ms)
✔ opaque spreads keep positional mutation destinations unknown (1029.7829ms)
✔ opaque spreads into read-only helpers do not invent mutation findings (955.4333ms)
✔ array parameter patterns retain canonical positions including nested object arrays (1043.078ms)
✔ array parameter patterns retain independent bound element mutability (1052.8901ms)
✔ layout gate rejects parameter shadow of canonical layout name (1058.9829ms)
✔ layout gate follows genuine renamed styled factory (991.4654ms)
✔ layout gate accepts canonical namespace, element access and barrel alias (990.2449ms)
✔ layout gate does not mistake local component named Stack for MUI (972.9279ms)
✔ layout gate inspects renamed installed Emotion css tag (975.8349ms)
✔ layout gate preserves genuine aliased Controller field forwarding (967.8011ms)
✔ a same-named local Controller cannot exempt an unknown prop spread (1021.5638ms)
✔ genuine useForm registration survives property and destructured aliases (1019.8931ms)
✔ a function named register cannot exempt injected style props (978.6825ms)
✔ a bridge callback parameter cannot impersonate its private factor binding (984.4843ms)
✔ opaque namespace component selection remains a strict binding failure (992.8074ms)
✔ opaque namespace factory cannot hide style arguments (987.6365ms)
✔ MUI re-export cannot hide raw spacing behind a first-party barrel (988.6624ms)
✔ destructuring assignments cannot hide canonical write targets (990.4441ms)
✔ destructuring assignments can update independent copied destinations (986.0858ms)
✔ object rest retains nested canonical references while copying the outer object (975.1803ms)
✔ rest scalar copies and replacement of container references stay mutable (965.4544ms)
✔ shallow object spread preserves canonical child references and last-writer order (962.554ms)
✔ shallow spread with a later independent override stays mutable (1005.952ms)
✔ exported mutable aliases retain assignments from their declaring file (1015.6678ms)
✔ exported independent mutable data does not acquire canonical provenance (1017.2885ms)
✔ literal computed keys retain canonical container and parameter provenance (991.4212ms)
✔ literal computed keys do not taint independent selected properties (988.8581ms)
✔ Object.assign shallow copies retain canonical nested reference provenance (963.2773ms)
✔ Object.assign later independent overrides and scalar copies stay mutable (967.9048ms)
✔ union and dynamic property selections retain possible canonical destinations (987.1744ms)
✔ finite union property selections exclude canonical siblings not in the key set (963.504ms)
✔ union selection over Object.assign output retains canonical child provenance (975.3711ms)
✔ union selection over independent Object.assign output remains mutable (1050.6539ms)
✔ Reflect.set call/apply checks the target argument rather than the assigned value (2885.0633ms)
✔ aliased React createElement checks MUI and native style objects (965.9814ms)
✔ GlobalStyles.styles is checked and local createElement names stay local (1944.2751ms)
✔ React JSX runtime factories cannot bypass MUI or native style checks (1015.8967ms)
✔ React cloneElement checks the cloned MUI element and preserves native props (3941.7245ms)
✔ Emotion css props and object factories are inspected with native CSS semantics (2897.9486ms)
✔ Inline style elements in JSX, React factories, DOM and the HTML entry fail closed (7862.3224ms)
✔ DOM CSSOM spacing writes use semantic roles and reject opaque style strings (1961.1393ms)
✔ HTML parsing and runtime stylesheet mutation cannot bypass the imported CSS boundary (1907.5973ms)
✔ spacing shorthand values and responsive breakpoints preserve token and unit provenance (10041.3781ms)
✔ function return producers cannot hide canonical children behind spreads (1106.9437ms)
✔ producer spreads keep later independent child overrides writable (1142.8144ms)
ℹ tests 82
ℹ suites 0
ℹ pass 82
ℹ fail 0
ℹ cancelled 0
ℹ skipped 0
ℹ todo 0
ℹ duration_ms 101376.4428
layout-check PASS: 79 source files, 0 finding(s), 1 exception(s) used
