
> botsales-frontend@0.1.0 test:e2e
> node scripts/run-e2e.mjs


> npm run setup

> botsales-frontend@0.1.0 setup
> node scripts/setup.mjs

{"status":"PASS","outputs":11,"schemas":283,"operations":210,"routes":54}
Copying the worker script at "C:\Users\Joker-PC\Documents\Projects\Bot-AI-Ban-hang-FB\BotSalesAI_Frontend\apps\web\public"...

Worker script successfully copied!
  - public

Continue by describing the network in your application:


https://mswjs.io/docs/quick-start

Thiết lập xong. npm run dev chạy frontend mô phỏng; không kết nối khách hàng hoặc provider thật.

> npm run build

> botsales-frontend@0.1.0 build
> npm run generate:check && npm run typecheck && npm run build --workspace @botsales/web


> botsales-frontend@0.1.0 generate:check
> node scripts/generate.mjs --check

{"status":"PASS","outputs":11,"schemas":283,"operations":210,"routes":54}

> botsales-frontend@0.1.0 typecheck
> tsc -p apps/web/tsconfig.json --noEmit


> @botsales/web@0.1.0 build
> vite build --mode production

vite v7.3.6 building client environment for production...
transforming...
✓ 2061 modules transformed.
rendering chunks...
computing gzip size...
dist/index.html                              1.19 kB │ gzip:   0.60 kB
dist/assets/index-BQPx7lJM.css               3.56 kB │ gzip:   1.33 kB
dist/assets/download-8lJFmiSZ.js             0.23 kB │ gzip:   0.17 kB
dist/assets/filters-CVitQAxr.js              0.32 kB │ gzip:   0.25 kB
dist/assets/hooks-dOBs4L2R.js                4.58 kB │ gzip:   2.15 kB
dist/assets/draft-conflict-AT7ehQkS.js       5.35 kB │ gzip:   2.47 kB
dist/assets/index-BtmtYQJ9.js                7.92 kB │ gzip:   3.16 kB
dist/assets/index-PXcoSfdd.js                8.31 kB │ gzip:   3.53 kB
dist/assets/index-B7LobazH.js                9.32 kB │ gzip:   3.69 kB
dist/assets/index-DTmv05z2.js               13.80 kB │ gzip:   5.63 kB
dist/assets/index-nQjkVTBE.js               14.50 kB │ gzip:   5.36 kB
dist/assets/index-DTmMGIkh.js               14.58 kB │ gzip:   4.92 kB
dist/assets/index-CU9nyGur.js               15.21 kB │ gzip:   5.85 kB
dist/assets/index-BbvOY1LV.js               16.16 kB │ gzip:   5.51 kB
dist/assets/index-BVndoZ1d.js               16.40 kB │ gzip:   5.42 kB
dist/assets/index-f2mI55S0.js               17.81 kB │ gzip:   6.26 kB
dist/assets/index-BQewL7WW.js               18.33 kB │ gzip:   6.16 kB
dist/assets/index-DX6Y_GR1.js               23.80 kB │ gzip:   8.11 kB
dist/assets/index-BsL8l7vT.js               24.13 kB │ gzip:   8.60 kB
dist/assets/index-DAdO-NWH.js               29.24 kB │ gzip:   9.51 kB
dist/assets/index-LoHFK73V.js               31.62 kB │ gzip:   9.82 kB
dist/assets/query-5vm9EU1C.js               33.15 kB │ gzip:   9.92 kB
dist/assets/index-CAwxBfjX.js               37.94 kB │ gzip:  10.46 kB
dist/assets/i18n-xB0mQYCC.js                46.14 kB │ gzip:  15.12 kB
dist/assets/schemas-Ct4RWo9M.js             80.75 kB │ gzip:  24.39 kB
dist/assets/index-D1gZz_tD.js               89.08 kB │ gzip:  28.26 kB
dist/assets/schema-validation-Bhr7oAQE.js  149.80 kB │ gzip:  45.12 kB
dist/assets/react-runtime-D0NtfbPC.js      279.78 kB │ gzip:  90.28 kB
dist/assets/contract-data-BIzYYkc1.js      303.99 kB │ gzip:  36.17 kB
dist/assets/charts-CQ4oecFO.js             313.03 kB │ gzip:  94.99 kB
dist/assets/mui-Bz_aCSm2.js                328.33 kB │ gzip: 100.02 kB
✓ built in 3.69s

> npm run build:demo

> botsales-frontend@0.1.0 build:demo
> npm run generate:check && npm run typecheck && npm run build:demo --workspace @botsales/web


> botsales-frontend@0.1.0 generate:check
> node scripts/generate.mjs --check

{"status":"PASS","outputs":11,"schemas":283,"operations":210,"routes":54}

> botsales-frontend@0.1.0 typecheck
> tsc -p apps/web/tsconfig.json --noEmit


> @botsales/web@0.1.0 build:demo
> vite build --mode demo --outDir dist-demo

vite v7.3.6 building client environment for demo...
transforming...
✓ 2277 modules transformed.
rendering chunks...
computing gzip size...
dist-demo/index.html                              1.19 kB │ gzip:   0.59 kB
dist-demo/assets/index-BQPx7lJM.css               3.56 kB │ gzip:   1.33 kB
dist-demo/assets/download-CWiaXb8A.js             0.24 kB │ gzip:   0.17 kB
dist-demo/assets/filters-Bi-qlnQp.js              0.32 kB │ gzip:   0.24 kB
dist-demo/assets/control-6gq2NE8L.js              0.72 kB │ gzip:   0.43 kB
dist-demo/assets/hooks-DnShZ1fz.js                4.58 kB │ gzip:   2.14 kB
dist-demo/assets/draft-conflict-DjVtEdLI.js       5.35 kB │ gzip:   2.47 kB
dist-demo/assets/index-BJuS0BG4.js                8.31 kB │ gzip:   3.52 kB
dist-demo/assets/index-FSputLXl.js                8.46 kB │ gzip:   3.35 kB
dist-demo/assets/index-CuIvBDeO.js                9.33 kB │ gzip:   3.69 kB
dist-demo/assets/index-CX2Rn9WK.js               13.99 kB │ gzip:   5.69 kB
dist-demo/assets/index-gBLBkBTy.js               14.58 kB │ gzip:   4.92 kB
dist-demo/assets/index-Bp7x9Enh.js               14.90 kB │ gzip:   5.66 kB
dist-demo/assets/index-Dg_gL8Fe.js               16.56 kB │ gzip:   5.46 kB
dist-demo/assets/index-CZ817Rh5.js               17.81 kB │ gzip:   6.26 kB
dist-demo/assets/index-s5qKE3w3.js               18.33 kB │ gzip:   6.15 kB
dist-demo/assets/index-DZK8QXeq.js               18.48 kB │ gzip:   6.32 kB
dist-demo/assets/index-DEDdlHv7.js               22.56 kB │ gzip:   7.81 kB
dist-demo/assets/index-DdoqwV6M.js               24.21 kB │ gzip:   8.27 kB
dist-demo/assets/index-D-oqgHmg.js               24.36 kB │ gzip:   8.66 kB
dist-demo/assets/index-CfyL8U0v.js               29.75 kB │ gzip:   9.65 kB
dist-demo/assets/query-5vm9EU1C.js               33.15 kB │ gzip:   9.92 kB
dist-demo/assets/index-BFsErpiF.js               33.87 kB │ gzip:  10.55 kB
dist-demo/assets/index-DJrnnybP.js               37.94 kB │ gzip:  10.46 kB
dist-demo/assets/i18n-xB0mQYCC.js                46.14 kB │ gzip:  15.12 kB
dist-demo/assets/schemas-Ct4RWo9M.js             80.75 kB │ gzip:  24.39 kB
dist-demo/assets/index-DDk2MhvC.js               92.93 kB │ gzip:  29.37 kB
dist-demo/assets/schema-validation-Bhr7oAQE.js  149.80 kB │ gzip:  45.12 kB
dist-demo/assets/service-BepI4YXI.js            159.35 kB │ gzip:  34.71 kB
dist-demo/assets/browser-DCcIToaN.js            255.64 kB │ gzip:  87.01 kB
dist-demo/assets/react-runtime-D0NtfbPC.js      279.78 kB │ gzip:  90.28 kB
dist-demo/assets/contract-data-D-QqiNa-.js      309.77 kB │ gzip:  37.31 kB
dist-demo/assets/charts-RcpaDpmM.js             313.03 kB │ gzip:  94.99 kB
dist-demo/assets/mui-azn9KfGV.js                328.33 kB │ gzip: 100.02 kB
✓ built in 3.87s

> node node_modules\@playwright\test\cli.js test
✔ canonical contracts validate and generate the API base path from OpenAPI (54.0354ms)
✔ rejects drift in OpenAPI YAML and operation index projections (86.7965ms)
✔ generated operation registry preserves required and optional query parameter metadata (21.8657ms)
✔ rejects unresolved schema references before generation (41.2892ms)
✔ rejects missing API version and a server URL outside same-origin path form (36.7ms)
✔ rejects route-to-operation drift without rewriting the canonical manifest (34.1223ms)
✔ detects a stale generated file and accepts it after regeneration (69.971ms)
{
  "taskId": "FE011",
  "scope": "FRONTEND_WITH_SYNTHETIC_MOCK_API",
  "routes": [
    {
      "id": "R15",
      "path": "/s/:shopId/inventory",
      "permission": "inventory.read",
      "reads": [
        "listStockSnapshots",
        "getShop"
      ],
      "action": {
        "label": "Điều chỉnh tồn",
        "operationId": "createInventoryAdjustment",
        "permission": "inventory.adjust"
      }
    },
    {
      "id": "R16",
      "path": "/s/:shopId/inventory/movements",
      "permission": "inventory.read",
      "reads": [
        "listStockMovements"
      ]
    }
  ],
  "operations": [
    "listStockSnapshots",
    "listStockMovements",
    "createInventoryAdjustment",
    "getShop"
  ],
  "permissionBoundary": "Route reads require inventory.read; adjustment uses inventory.adjust; cost requires finance.read; product and order links are permission-gated.",
  "commandSemantics": "202 CommandResponse; expectedVersion and unitCost are contract-required body properties; the shared client waits for terminal state and handles unknown outcomes.",
  "checks": 17
}
✔ FE011 routes, permissions, operations and DTOs map to canonical contracts and current source (21.107ms)
{
  "taskId": "FE012",
  "scope": "FRONTEND_WITH_SYNTHETIC_MOCK_API",
  "routes": [
    "R17",
    "R18",
    "R19",
    "R43"
  ],
  "operations": [
    "listOrders",
    "getOrder",
    "getShop",
    "listCustomers",
    "listProducts",
    "listConversations",
    "createOrder",
    "updateOrderDraft",
    "quoteOrder",
    "recordCustomerConfirmation",
    "confirmOrder",
    "cancelOrder",
    "listReturnCases",
    "getReturnCase",
    "createReturnCase",
    "inspectReturn",
    "getCommand",
    "handoverShipment",
    "payOrder",
    "refundOrder"
  ],
  "contractEvidence": "OrderDraft carries required IDs and 1..100 lines, integer quantity 1..1000000 and notes up to 2000; confirmation requires quote hash/version and customer message evidence; return inspection is line-scoped.",
  "permissionBoundary": "Customer/product pickers are enabled only with read capability; write actions follow orders.write, orders.confirm, orders.return and inventory.adjust.",
  "limitations": "No address CRUD endpoint is introduced; shippingAddressId remains an external verified ID and mock confirmation is only a demo simulation.",
  "checks": 35
}
✔ FE012 routes, operations, permissions and DTO limits map to canonical contracts and orders source (40.7021ms)
{"taskId":"FE016","scope":"FRONTEND_WITH_SYNTHETIC_MOCK_API","routes":["R05","R06"],"operations":["listConversations","getConversation","listMessages","sendMessage","takeoverConversation","releaseConversation","resolveConversation","assignConversation","listFeedback","createFeedback","reviewFeedback","listCommands","getCommand","getInboxMetadata"],"knownGap":"Canonical Message has no media or attachment field/operation; UI must not invent a provider endpoint.","checks":3}
{
  "taskId": "FE013",
  "scope": "FRONTEND_WITH_SYNTHETIC_MOCK_API",
  "routes": [
    "R41",
    "R42"
  ],
  "operations": [
    "listPrepJobs",
    "getPrepJob",
    "getWorkItem",
    "claimWorkItem",
    "pickPrepLine",
    "packPrepJob",
    "listShipments",
    "getShipment",
    "createShipment",
    "handoverShipment",
    "recordShipmentEvent"
  ],
  "permissionBoundary": "fulfillment.read gates route data, operations.claim gates WorkItem claim, fulfillment.write gates picks/pack/events/shipment creation, and fulfillment.handover gates stock-consuming handover.",
  "stateBoundary": "Claim/pick/pack/handover/delivery/payment remain separate states; return eligibility continues to come from the order API.",
  "checks": 54
}
✔ FE013 routes, permissions, DTOs and state transitions map to canonical contracts and fulfillment source (46.1508ms)
{"taskId":"FE017","scope":"FRONTEND_WITH_SYNTHETIC_MOCK_API","routes":["R23","R24","R25"],"operations":15,"unresolvedContractField":"Knowledge.allowedActions","checks":4}
{
  "taskId": "FE014",
  "scope": "FRONTEND_WITH_SYNTHETIC_MOCK_API",
  "routes": [
    "R44",
    "R45",
    "R46",
    "R47"
  ],
  "operations": 13,
  "checks": 95
}
✔ FE014 procurement routes, permissions, DTOs and current source follow canonical contracts (38.7186ms)
{"taskId":"FE018","scope":"FRONTEND_WITH_SYNTHETIC_MOCK_API","routes":["R26","R27","R28","R51"],"operations":18,"checks":2,"knownRouteMappingGap":"R51 omits updateBudgetPolicy; UI uses canonical operation permission operations.manage"}
FE015 source map: 131 contract/source assertions passed
✔ FE015 finance routes, capabilities, operations and DTOs follow canonical contracts (33.9312ms)
✔ FE016 maps R05/R06 reads and mutations to canonical permissions and current inbox source (0.3089ms)
✔ FE016 contract bounds list filters, safe message refs and versioned send payloads (0.2021ms)
✔ FE016 uses shell-owned resync and command recovery, and mock takeover enforces current version (0.19ms)
✔ FE017 R23-R25 operations and action permissions match canonical routes (0.4464ms)
✔ FE017 uses the user-approved permission and lifecycle UI substitute without inventing a Knowledge DTO field (0.118ms)
✔ FE017 price and availability source preview uses separately permissioned canonical APIs (0.077ms)
✔ FE017 mock keeps published revisions immutable and feedback approval creates a draft revision (0.0557ms)
✔ FE018 R26/R27/R28/R51 actions use canonical routes, operation IDs, and permissions (0.3233ms)
✔ FE018 capability, tool permissions, human confirmation, and evaluation labels stay within declared schemas (0.125ms)
✔ FE020 source stays mapped to canonical operations, permissions, and safe missing-schedule boundary (0.7456ms)
✔ FE020 mock enforces work-item capabilities and keeps integration readiness unknown (0.1244ms)
✔ accepts semantic bridge roles, the closed token-derived factor map, geometry, and reset values (1011.775ms)
✔ rejects a CSS spacing role without a declared shared owner (1056.1513ms)
✔ rejects scale-conforming and off-scale literals in sx, responsive leaves, named and namespace MUI System props (979.1637ms)
✔ follows local aliases and style callbacks; rejects theme spacing helpers and preset overrides (993.2656ms)
✔ scans nested slotProps but does not confuse event handlers or geometric dimensions with spacing (1035.3448ms)
✔ keeps Panel geometry inspectable and rejects spacing hidden in its geometry prop (2965.0836ms)
✔ accepts only an exact CSS exception and reports stale or mismatched exception scope (3022.4312ms)
✔ rejects malformed TypeScript, malformed CSS, bad exception schema, and raw values in the bridge (4057.2924ms)
✔ rejects canonical pixel tokens used as MUI factors and an altered bridge factor table (2005.9556ms)
✔ report mode inventories migration debt without turning findings into PASS (1016.6923ms)
✔ module path classification accepts Windows and POSIX spellings, but excludes app files (6.4664ms)
✔ the source-checker CLI rejects a prohibited color literal in a module (184.855ms)
✔ the source-checker CLI accepts a token-based module and leaves app-level colors outside the rule (178.3113ms)
✔ uses the installed project compiler and the pinned version in this checkout (107.353ms)
✔ accepts a local compiler whose manifest, module and executable match the project (47.6825ms)
✔ fails closed for missing local compiler without selecting a global fallback (17.2403ms)
✔ fails closed for different installed package version without selecting a global fallback (17.4685ms)
✔ fails closed for module version differs from its manifest without selecting a global fallback (17.2587ms)
✔ fails closed for ancestor compiler silently resolved outside this project without selecting a global fallback (14.7058ms)
✔ fails closed for missing compiler executable without selecting a global fallback (16.4523ms)
✔ fails closed for unpinned project compiler requirement without selecting a global fallback (16.8865ms)
✔ production composition gate detects const MUI alias and namespace layout role (554.2453ms)
✔ production composition gate closes aliased barrel API props (379.4567ms)
✔ production composition gate does not mistake shadowed local component for shared API (371.7207ms)
✔ production composition gate keeps valid canonical barrel consumer (413.5798ms)
✔ production visual gate rejects pretrusted-name spoof and parameter shadow (428.9746ms)
✔ production visual gate rejects a fake canonical module suffix (492.6353ms)
✔ production visual gate inspects renamed genuine styled factory (742.7816ms)
✔ production visual gate preserves canonical barrel aliases and finite palette selection (739.7666ms)
✔ production visual gate rejects raw values hidden in a finite palette (540.3416ms)
✔ production visual gate does not follow a global alias through parameter shadow (586.6358ms)
✔ production composition geometry cannot resolve a shadowed global variable (499.1861ms)
✔ finite semantic prop types do not grant trust to a different same-named parameter (642.6551ms)
✔ opaque namespace composition selection cannot bypass closed props (591.3687ms)
✔ opaque namespace style factory remains a visual binding failure (571.9624ms)
✔ canonical renamed import and constant alias preserve owner and path (454.4705ms)
✔ namespace and literal element access resolve canonical exports (495.039ms)
✔ barrel re-export resolves original component identity (345.016ms)
✔ parameter shadow does not inherit canonical import trust (352.4294ms)
✔ fake trusted names and a module named visual are not canonical (336.519ms)
✔ mutable aliases, opaque keys and cyclic locals are not proven canonical (324.7021ms)
✔ destructured constant and safe type syntax preserve provenance (344.7602ms)
✔ installed MUI renamed styled resolves while local styled does not (316.1006ms)
✔ JavaScript workers remain in the Program import closure (320.6185ms)
✔ malformed element access is unproven rather than crashing the resolver (329.7176ms)
✔ a tsconfig alias cannot label another dependency as genuine MUI (311.1668ms)
✔ MUI re-export through a first-party barrel keeps library identity (362.6201ms)
✔ constant property-key aliases preserve canonical element access (304.8471ms)
✔ public layout mapping cannot be written through a direct consumer reference (479.9323ms)
✔ public layout nested aliases remain readonly (473.6162ms)
✔ public visual mapping already rejects consumer writes (136.3619ms)
✔ canonical readonly style maps remain readable by consumers (411.9497ms)
✔ canonical token space cannot be overwritten through an alias (227.7358ms)
✔ public color export cannot be overwritten (127.4746ms)
✔ readonly token and color reads retain their public types (287.1524ms)
✔ P10/P15 catch alias and neutral-wrapper duplicate insets through fragments and conditionals (345.8916ms)
✔ P20 resolves shared composition identities through a barrel and const component aliases (461.0311ms)
✔ P11/P13 catch static element access roles on every MUI surface, including Paper (342.8973ms)
✔ P12 checks React createElement and JSX-runtime element factories (347.3077ms)
✔ P14 resolves bodyMode literal aliases and fails closed when ownership is unknown (981.0868ms)
✔ checks Panel ancestry when React elements are created natively (345.993ms)
✔ keeps independent nested surfaces and portaled dialogs as separate owners (677.3334ms)
✔ accepts finite bodyMode branches and every mode in the public component contracts (1268.1468ms)
✔ stops inherited gap ownership at Panels and independent bordered surfaces (776.5041ms)
✔ tracks gaps through fragments, conditions and ready QueryState, but not inside DOM wrappers (349.5107ms)
✔ applies the same finite modes and wrapper boundaries to native React factories (686.8659ms)
✔ recognizes native outlined Paper and nested Box surface inset boundaries (807.2523ms)
✔ fails closed when an unresolved custom wrapper obscures a semantic gap owner (412.4137ms)
✔ rejects unsupported placement and rhythm values while accepting finite aliases and branches (715.1605ms)
✔ rejects unsupported finite values through React element factories (616.4218ms)
✔ accepts semantic composition, closed geometry and business-specific MUI primitives (8.177ms)
✔ rejects rebuilding each shared spacing owner at a consumer (8.3552ms)
✔ follows aliases, local style variables, object spreads and namespace imports (8.6498ms)
✔ rejects direct and spread spacing overrides on semantic components (8.7751ms)
✔ rejects spacing or opaque spreads hidden in geometry (9.5723ms)
✔ allows the canonical owner implementation and fails closed on malformed source (8.9144ms)
✔ rejects duplicated parent boundary and duplicated Panel inset (10.6123ms)
✔ checks default MUI imports and fails closed for opaque geometry (12.1237ms)
✔ distinguishes content grids from flex flows when reporting the shared owner (9.0529ms)
✔ rejects page spacing for paired fields and peer Panels without a section gap owner (11.1476ms)
✔ related sibling gaps belong to ActionGroup comfortable density, not consumer Stack styles (13.2864ms)
✔ check-layout rejects missing-html at the UI entry boundary (652.2707ms)
✔ check-layout rejects missing-style at the UI entry boundary (664.7334ms)
✔ check-layout rejects inline-style at the UI entry boundary (1795.6243ms)
✔ check-layout rejects alias-mismatch at the UI entry boundary (645.0335ms)
✔ check-visual-tokens rejects missing-html at the UI entry boundary (646.8726ms)
✔ check-visual-tokens rejects missing-style at the UI entry boundary (641.5171ms)
✔ check-visual-tokens rejects inline-style at the UI entry boundary (664.9932ms)
✔ check-visual-tokens rejects alias-mismatch at the UI entry boundary (659.7716ms)
✔ check-ui-composition rejects missing-html at the UI entry boundary (664.3696ms)
✔ check-ui-composition rejects missing-style at the UI entry boundary (823.0971ms)
✔ check-ui-composition rejects inline-style at the UI entry boundary (650.962ms)
✔ check-ui-composition rejects alias-mismatch at the UI entry boundary (644.568ms)
✔ DOM entry inspection never executes an inline script and detects decoded attributes (22.8252ms)
✔ manifest icons are resolved and malformed manifest data fails closed (31.4834ms)
✔ data and remote module sources cannot stand in for a scanned script entry (17.2045ms)
✔ an unused alias map cannot prove the exported Vite configuration (15.5817ms)
✔ a Vite HTML generator cannot inject an unscanned stylesheet through a hook (14.2313ms)
✔ accepts current fingerprints, honest open coverage, and explained N/A (13.3354ms)
✔ rejects a stale source fingerprint (12.0294ms)
✔ rejects a stale command log (11.9073ms)
✔ rejects missing, absolute, and escaping source paths (12.0648ms)
✔ rejects unrun, missing, duplicate, and nonzero command results marked PASS (12.4103ms)
✔ rejects PASS when expected and observed results differ (11.3033ms)
✔ rejects inconsistent coverage and N/A without a reason (10.8978ms)
✔ rejects a baseline falsely dated after implementation started and detects changed baseline artifacts (15.5501ms)
✔ COMPLETE cannot contain open coverage or failed commands (12.775ms)
✔ S19 must explicitly reconcile files, APIs, routes, rendered routes, slots, and states (15.0902ms)
✔ rejects malformed top-level evidence instead of treating missing fields as success (10.2352ms)
✔ check-layout fails closed for relative missing import (672.958ms)
✔ check-layout fails closed for aliased missing import (654.8253ms)
✔ check-layout fails closed for missing CSS import (631.4765ms)
✔ check-layout fails closed for opaque dynamic import (636.1652ms)
✔ check-visual-tokens fails closed for relative missing import (660.2601ms)
✔ check-visual-tokens fails closed for aliased missing import (657.5188ms)
✔ check-visual-tokens fails closed for missing CSS import (627.2307ms)
✔ check-visual-tokens fails closed for opaque dynamic import (800.2252ms)
✔ check-ui-composition fails closed for relative missing import (681.5205ms)
✔ check-ui-composition fails closed for aliased missing import (667.6194ms)
✔ check-ui-composition fails closed for missing CSS import (643.8178ms)
✔ check-ui-composition fails closed for opaque dynamic import (663.6515ms)
✔ scope follows a canonical package alias and classifies data assets separately (197.4005ms)
✔ scope follows CSS imports and rejects a missing nested stylesheet (86.3673ms)
✔ missing and malformed tsconfig cannot silently supply default resolution (14.6217ms)
✔ scope rejects discovered script sources omitted by the compiler config (25.8189ms)
✔ config includes are discovered even when a package source has no app import yet (21.5566ms)
✔ a first-party import cannot silently claim source outside the project (25.1481ms)
✔ malformed CSS and unhandled stylesheet languages cannot be classified as harmless data (43.4172ms)
✔ CSS asset URLs resolve with queries and fragments and reject missing files (33.9048ms)
✔ native service worker scripts enter the source closure and missing URLs fail (29.8669ms)
✔ Vite BASE_URL sample downloads enter asset coverage and missing samples fail (29.0543ms)
✔ a declared MSW worker has a vendor owner and rejects modifications (42.5583ms)
✔ CommonJS and TypeScript import-equals cannot hide missing first-party modules (35.8271ms)
✔ canonical writes through casts and aliases fail outside style expressions (1042.2131ms)
✔ Object.assign cannot mutate canonical data but can copy to a fresh object (2056.3574ms)
✔ layout gate rejects raw spacing on const alias of MUI component (1036.0832ms)
✔ canonical mutation gate follows global mutator aliases and reflection (1105.1163ms)
✔ local mutator names do not acquire global mutation identity (1073.2738ms)
✔ destructured mutators and call/apply retain canonical mutation checks (1075.4948ms)
✔ global mutator call/apply can copy canonical values into fresh objects (1043.2988ms)
✔ mutable aliases with possible canonical destinations fail closed (1037.1769ms)
✔ opaque apply arguments fail closed while unrelated mutable data stays valid (2076.3442ms)
✔ canonical references inside containers and destructured aliases cannot be mutated (1072.2653ms)
✔ independent shallow copies of scalar canonical fields remain mutable (1133.3403ms)
✔ array references and nested destructuring preserve canonical write provenance (1095.7314ms)
✔ array destinations distinguish independent elements from canonical references (1029.4077ms)
✔ array destructuring, dynamic indices and spread cannot hide canonical references (1090.6374ms)
✔ dynamic indices and destructuring of independent arrays stay mutable (1055.3495ms)
✔ function parameters cannot hide canonical mutation across source files (1040.8693ms)
✔ read-only helpers and mutations of unrelated arguments remain valid (1120.8998ms)
✔ returned canonical references remain protected across helper boundaries (1178.626ms)
✔ helper returns of fresh scalar copies do not retain canonical destination identity (1058.6223ms)
✔ destructured object parameters cannot mutate canonical arguments (1006.3704ms)
✔ destructured object parameters retain independent argument mutability (1031.0056ms)
✔ default parameter and binding initializers cannot hide canonical mutations (1085.9896ms)
✔ fresh default parameter and binding copies remain mutable (1092.6948ms)
✔ rest parameters retain canonical argument write provenance (1629.2576ms)
✔ rest parameters distinguish independent positions from canonical siblings (1123.1421ms)
✔ finite spread arguments preserve shifted positional and rest destinations (1116.8076ms)
✔ finite spread expansion keeps independent argument positions mutable (1083.5583ms)
✔ opaque spreads keep positional mutation destinations unknown (1064.0569ms)
✔ opaque spreads into read-only helpers do not invent mutation findings (1231.8461ms)
✔ array parameter patterns retain canonical positions including nested object arrays (1058.2516ms)
✔ array parameter patterns retain independent bound element mutability (1106.1856ms)
✔ layout gate rejects parameter shadow of canonical layout name (1104.4777ms)
✔ layout gate follows genuine renamed styled factory (1177.4595ms)
✔ layout gate accepts canonical namespace, element access and barrel alias (1361.5596ms)
✔ layout gate does not mistake local component named Stack for MUI (1053.9384ms)
✔ layout gate inspects renamed installed Emotion css tag (1068.2686ms)
✔ layout gate preserves genuine aliased Controller field forwarding (1081.1874ms)
✔ a same-named local Controller cannot exempt an unknown prop spread (1244.3367ms)
✔ genuine useForm registration survives property and destructured aliases (1071.5737ms)
✔ a function named register cannot exempt injected style props (1078.4802ms)
✔ a bridge callback parameter cannot impersonate its private factor binding (1041.5022ms)
✔ opaque namespace component selection remains a strict binding failure (1069.6659ms)
✔ opaque namespace factory cannot hide style arguments (1038.3351ms)
✔ MUI re-export cannot hide raw spacing behind a first-party barrel (1091.64ms)
✔ destructuring assignments cannot hide canonical write targets (1082.2076ms)
✔ destructuring assignments can update independent copied destinations (1086.1913ms)
✔ object rest retains nested canonical references while copying the outer object (1049.7645ms)
✔ rest scalar copies and replacement of container references stay mutable (1062.0387ms)
✔ shallow object spread preserves canonical child references and last-writer order (1035.0352ms)
✔ shallow spread with a later independent override stays mutable (1035.8586ms)
✔ exported mutable aliases retain assignments from their declaring file (1049.8868ms)
✔ exported independent mutable data does not acquire canonical provenance (1057.4737ms)
✔ literal computed keys retain canonical container and parameter provenance (1044.105ms)
✔ literal computed keys do not taint independent selected properties (1129.5816ms)
✔ Object.assign shallow copies retain canonical nested reference provenance (1004.4502ms)
✔ Object.assign later independent overrides and scalar copies stay mutable (1027.3912ms)
✔ union and dynamic property selections retain possible canonical destinations (1043.1802ms)
✔ finite union property selections exclude canonical siblings not in the key set (1010.2546ms)
✔ union selection over Object.assign output retains canonical child provenance (1029.8113ms)
✔ union selection over independent Object.assign output remains mutable (1040.8819ms)
✔ Reflect.set call/apply checks the target argument rather than the assigned value (3503.8862ms)
✔ aliased React createElement checks MUI and native style objects (1105.0402ms)
✔ GlobalStyles.styles is checked and local createElement names stay local (2056.7684ms)
✔ React JSX runtime factories cannot bypass MUI or native style checks (1029.1415ms)
✔ React cloneElement checks the cloned MUI element and preserves native props (4216.5523ms)
✔ Emotion css props and object factories are inspected with native CSS semantics (3000.0352ms)
✔ Inline style elements in JSX, React factories, DOM and the HTML entry fail closed (8474.8412ms)
✔ DOM CSSOM spacing writes use semantic roles and reject opaque style strings (2041.4954ms)
✔ HTML parsing and runtime stylesheet mutation cannot bypass the imported CSS boundary (2076.1413ms)
✔ spacing shorthand values and responsive breakpoints preserve token and unit provenance (10593.6702ms)
✔ function return producers cannot hide canonical children behind spreads (1058.4427ms)
✔ producer spreads keep later independent child overrides writable (1023.5013ms)
✔ Amount consumers declare wrapping outside DataTable columns and keep table money unbroken (70.9067ms)
✔ the shared catalog covers every public React component and supporting Column type (133.9279ms)
✔ SPC-067 covers discovered public Shared APIs without a fixed export count (41.8452ms)
✔ every public React API has a direct rendered contract test (10.4375ms)
✔ catalog declaration lines and stated JSX counts match resolved source symbols (36.4699ms)
✔ every shared React export has a resolved production consumer or an explicit zero-use lifecycle decision (33.5754ms)
✔ required UI evidence and regression gates remain wired to root verify and the active parent workflow (9.2319ms)
✔ composition prop allowlists match the TypeScript owners exactly (9.0612ms)
✔ QueryState uses only the approved inline and section pending profiles (9.7324ms)
✔ QueryState consumers reserve section loading for primary content and keep every other state inline by default (38.3537ms)
✔ body modes, placement roles and geometry keys match the TypeScript contracts (11.7995ms)
✔ Panel geometry and DataTable columns remain closed public contracts (12.2438ms)
✔ shared component and composition props expose no arbitrary layout/style escape hatch (8.62ms)
✔ layout role types, runtime values, consumers and ownership documentation stay closed (2573.6381ms)
✔ check-layout rejects missing source instead of returning an empty PASS (461.8871ms)
✔ check-layout rejects empty source instead of returning an empty PASS (444.9107ms)
✔ check-layout rejects generated-only source instead of returning an empty PASS (438.2607ms)
✔ check-layout rejects jsx-parse source instead of returning an empty PASS (436.3317ms)
✔ check-visual-tokens rejects missing source instead of returning an empty PASS (437.3281ms)
✔ check-visual-tokens rejects empty source instead of returning an empty PASS (430.7607ms)
✔ check-visual-tokens rejects generated-only source instead of returning an empty PASS (433.4062ms)
✔ check-visual-tokens rejects jsx-parse source instead of returning an empty PASS (435.4713ms)
✔ check-ui-composition rejects missing source instead of returning an empty PASS (435.0091ms)
✔ check-ui-composition rejects empty source instead of returning an empty PASS (438.4829ms)
✔ check-ui-composition rejects generated-only source instead of returning an empty PASS (448.958ms)
✔ check-ui-composition rejects jsx-parse source instead of returning an empty PASS (454.5102ms)
✔ visual checker accepts canonical theme roles, token references, geometry and semantic responsive props (353.3685ms)
✔ visual checker rejects raw literals across sx, JSX system props and CSS declarations (309.8098ms)
✔ visual checker follows local style aliases and callback themes, but fails raw nested values (369.6974ms)
✔ visual checker reports unresolved spreads and malformed style sources as UNKNOWN or parse errors (427.8914ms)
✔ visual checker includes newly added TSX files under the source root (320.0847ms)

Running 608 tests using 1 worker

(node:72340) Warning: The 'NO_COLOR' env is ignored due to the 'FORCE_COLOR' env being set.
(Use `node --trace-warnings ...` to show where the warning was created)
  ok   1 [chromium] › tests\accessibility\routes.spec.ts:17:1 › all canonical routes pass whole-page WCAG 2.1 A/AA axe checks in the React demo (57.5s)
[artifact-preview] {"scope":"FRONTEND_WITH_SYNTHETIC_MOCK_API","artifact":"apps/web/dist-demo","browserMetrics":{"browser":"Mozilla/5.0 (Windows NT 10.0; Win64; x64) AppleWebKit/537.36 (KHTML, like Gecko) Chrome/153.0.8010.12 Safari/537.36","viewport":{"width":1280,"height":720},"route":"/s/shop-demo/overview","domContentLoadedMs":66,"loadEventMs":66,"scriptCount":11,"scriptTransferBytes":451561,"scriptAssets":[{"file":"index-DDk2MhvC.js","transferBytes":29673,"decodedBytes":92932,"durationMs":10},{"file":"react-runtime-D0NtfbPC.js","transferBytes":90580,"decodedBytes":279779,"durationMs":15},{"file":"query-5vm9EU1C.js","transferBytes":10220,"decodedBytes":33154,"durationMs":9},{"file":"contract-data-D-QqiNa-.js","transferBytes":37614,"decodedBytes":309769,"durationMs":12},{"file":"schema-validation-Bhr7oAQE.js","transferBytes":45419,"decodedBytes":149800,"durationMs":13},{"file":"mui-azn9KfGV.js","transferBytes":100319,"decodedBytes":328326,"durationMs":15},{"file":"i18n-xB0mQYCC.js","transferBytes":15416,"decodedBytes":46142,"durationMs":11},{"file":"browser-DCcIToaN.js","transferBytes":87314,"decodedBytes":255636,"durationMs":9},{"file":"service-BepI4YXI.js","transferBytes":35006,"decodedBytes":159351,"durationMs":5},{"file":"index-CuIvBDeO.js","transferBytes":0,"decodedBytes":9327,"durationMs":53},{"file":"hooks-DnShZ1fz.js","transferBytes":0,"decodedBytes":4582,"durationMs":56}]},"bundles":{"javascriptFiles":32,"totalBytes":2373314,"totalGzipBytes":680112,"initialRouteGzipBytes":454698,"proposedBudgets":{"initialRouteGzipKiB":500,"largestChunkGzipKiB":200,"basis":"Local demo preview limits for the measured Chromium artifact; not a backend or platform SLO."},"largest":[{"file":"apps/web/dist-demo/assets/mui-azn9KfGV.js","bytes":328326,"gzipBytes":100019},{"file":"apps/web/dist-demo/assets/charts-RcpaDpmM.js","bytes":313031,"gzipBytes":94993},{"file":"apps/web/dist-demo/assets/contract-data-D-QqiNa-.js","bytes":309769,"gzipBytes":37314},{"file":"apps/web/dist-demo/assets/react-runtime-D0NtfbPC.js","bytes":279779,"gzipBytes":90280},{"file":"apps/web/dist-demo/assets/browser-DCcIToaN.js","bytes":255636,"gzipBytes":87014}]},"observedApi":{"path":"/api/v2/session","status":200,"servedBy":"MSW in the built demo artifact"},"dataSource":"synthetic-msw"}
  ok   2 [chromium] › tests\artifacts\demo-preview.spec.ts:39:1 › the built demo artifact serves the React UI and synthetic API through preview (728ms)
[large-dataset-api] {"url":"http://127.0.0.1:57281/api/v2/shops/shop-demo/customers?limit=20","count":20,"page":{"limit":20,"total":1004,"hasMore":true,"nextCursor":"perf-customer-0016"},"firstIds":["c1","c2","c3"]}
[large-dataset-preview] {"scope":"FRONTEND_WITH_SYNTHETIC_MOCK_API","artifact":"apps/web/dist-demo","datasetId":"FE025-LARGE-CUSTOMERS-1000-V1","generatedRows":1000,"firstPageIds":["c1","c2","c3","c4","perf-customer-0001","perf-customer-0002","perf-customer-0003","perf-customer-0004","perf-customer-0005","perf-customer-0006","perf-customer-0007","perf-customer-0008","perf-customer-0009","perf-customer-0010","perf-customer-0011","perf-customer-0012","perf-customer-0013","perf-customer-0014","perf-customer-0015","perf-customer-0016"],"api":{"status":200,"pageLimit":20,"total":1004,"hasMore":true,"nextCursor":"perf-customer-0016"},"domRowsIncludingHeader":21,"firstPageReadyMs":351,"browser":"Mozilla/5.0 (Windows NT 10.0; Win64; x64) AppleWebKit/537.36 (KHTML, like Gecko) Chrome/153.0.8010.12 Safari/537.36","viewport":{"width":1280,"height":720},"note":"Synthetic customer identities only; the React screen renders one API page and exposes the next cursor instead of mounting the full collection."}
  ok   3 [chromium] › tests\artifacts\demo-preview.spec.ts:103:1 › a thousand synthetic customers remain API-paginated in the built demo artifact (994ms)
  ok   4 [chromium] › tests\artifacts\demo-preview.spec.ts:141:1 › the production artifact contains neither the mock worker asset nor MSW fixtures/runtime (48ms)
  ok   5 [chromium] › tests\fe009.spec.ts:35:1 › workspace onboarding creates a shop with an active membership and returns to its scoped route (2.5s)
  ok   6 [chromium] › tests\fe009.spec.ts:57:1 › customer create validates fields, submits through mock HTTP, and preserves edits after a stale version (3.6s)
  ok   7 [chromium] › tests\fe009.spec.ts:125:1 › customer detail keeps redacted contact fields read-only and does not overwrite them on save (1.2s)
  ok   8 [chromium] › tests\fe009.spec.ts:142:1 › job detail follows an export created in the current synthetic shop and can refetch it (1.4s)
  ok   9 [chromium] › tests\fe009.spec.ts:177:1 › FE009.G01 shop setup checklist guides to supported pages and leaves missing contract fields unverified (1.1s)
  ok  10 [chromium] › tests\fe009.spec.ts:190:1 › FE009.G05 marketing consent preview is interactive but never claims server opt-out (1.2s)
  ok  11 [chromium] › tests\fe009.spec.ts:205:1 › FE009.H06 audit screen distinguishes available fields from missing contract detail (1.1s)
  ok  12 [chromium] › tests\fe009.spec.ts:214:1 › FE009.B06 after-sale cases only link orders loaded for the selected customer and customer profile shows their shipment (5.2s)
  ok  13 [chromium] › tests\fe009.spec.ts:246:1 › team invitation and membership revoke stay shop-scoped and protect the active owner (2.3s)
  ok  14 [chromium] › tests\fe009.spec.ts:282:1 › privacy delete requests remain pending approval with no frontend step-up shortcut (2.6s)
  ok  15 [chromium] › tests\fe010.spec.ts:38:1 › product editor validates positive prices, protects image-only drafts, and saves variant payload through mock HTTP (3.6s)
  ok  16 [chromium] › tests\fe010.spec.ts:108:1 › product update sends If-Match and keeps edits visible after a 412 conflict (2.0s)
  ok  17 [chromium] › tests\fe010.spec.ts:140:1 › warehouse role can read catalog products but cannot edit product fields or price cost data (761ms)
  ok  18 [chromium] › tests\fe010.spec.ts:149:1 › categories create, search, update with a version, and render cursor pagination (2.0s)
  ok  19 [chromium] › tests\fe010.spec.ts:178:1 › CSV preview reports row-level errors and commits only valid product rows (2.2s)
  ok  20 [chromium] › tests\fe010.spec.ts:250:1 › import validation token is rejected with 412 after catalog changes and the preview remains visible (2.1s)
  ok  21 [chromium] › tests\fe010.spec.ts:282:1 › CSV demo row limit is explained and rejects more than 1000 data rows before preview (1.2s)
  ok  22 [chromium] › tests\fe010.spec.ts:295:1 › demo upload rejects files over 5 MB before making an upload request (1.4s)
UI005 acceptance: {"categoryTotal":105,"createCategoryId":"cat-2","editCategoryId":"cat-0","categoryRequests":20}
  ok  23 [chromium] › tests\fe010.spec.ts:306:1 › product category lookup pages the full collection and preserves the selected category while editing (9.6s)
  ok  24 [chromium] › tests\fe011.spec.ts:35:1 › FE011.AC01 snapshot drives stock totals and the SKU opens its catalog result (1.3s)
  ok  25 [chromium] › tests\fe011.spec.ts:54:1 › FE011.AC02 adjustment validates, waits for mock confirmation, and reconciles movement history once (3.7s)
  ok  26 [chromium] › tests\fe011.spec.ts:92:1 › FE011.AC03 conflict and insufficient stock preserve the draft and never update optimistically (2.8s)
  ok  27 [chromium] › tests\fe011.spec.ts:120:1 › FE011.AC03 forbidden adjustment retains user input and shows no success state (1.7s)
  ok  28 [chromium] › tests\fe011.spec.ts:136:1 › FE011.AC03 unknown command blocks duplicate submission until shared recovery reconciles it (2.0s)
  ok  29 [chromium] › tests\fe011.spec.ts:154:1 › FE011.AC04 movement contract filters are URL-backed and history exposes actor and permission-gated source (1.2s)
  ok  30 [chromium] › tests\fe011.spec.ts:182:1 › FE011.AC05 inventory reflows at mobile widths, passes axe, and restores keyboard focus after adjustment dialog (1.8s)
  ok  31 [chromium] › tests\fe011.spec.ts:205:1 › FE011.AC03 unknown shop scope shows no stock from another shop (301ms)
  ok  32 [chromium] › tests\fe012.spec.ts:35:1 › FE012.AC01 searchable customer and product pickers submit contract-shaped draft and reject fractional quantity (3.8s)
  ok  33 [chromium] › tests\fe012.spec.ts:93:1 › FE012 demo address choice is labeled synthetic and completes the mock order flow (8.5s)
