
> botsales-frontend@0.1.0 test:source
> node scripts/check-source.mjs && node --test tests/source-checker.test.mjs

{
  "checkedAt": "2026-10-06T07:21:58.827Z",
  "scope": "Syntax, operation identifiers, route-source mapping, permissions and token adoption. NOT React typecheck, build or browser test.",
  "compiler": "5.9.2",
  "compilerSource": "project dependency",
  "files": 67,
  "operationCalls": 220,
  "routes": 54,
  "issues": [],
  "status": "PASS"
}
✔ module path classification accepts Windows and POSIX spellings, but excludes app files (1.2577ms)
✔ the source-checker CLI rejects a prohibited color literal in a module (161.8898ms)
✔ the source-checker CLI accepts a token-based module and leaves app-level colors outside the rule (160.8046ms)
ℹ tests 3
ℹ suites 0
ℹ pass 3
ℹ fail 0
ℹ cancelled 0
ℹ skipped 0
ℹ todo 0
ℹ duration_ms 380.6356
exitCode=0
