
> botsales-frontend@0.1.0 test:e2e
> playwright test --grep FE011 --timeout=60000 --reporter=line

✔ canonical contracts validate and generate the API base path from OpenAPI (17.8255ms)
✔ generated operation registry preserves required and optional query parameter metadata (7.8936ms)
✔ rejects unresolved schema references before generation (20.5259ms)
✔ rejects missing API version and a server URL outside same-origin path form (17.1652ms)
✔ rejects route-to-operation drift without rewriting the canonical manifest (14.6835ms)
✔ detects a stale generated file and accepts it after regeneration (1.8827ms)
{
  "taskId": "FE011",
  "scope": "FRONTEND_WITH_SYNTHETIC_MOCK_API",
  "routes": [
    {
      "id": "R15",
      "path": "/s/:shopId/inventory",
      "permission": "inventory.read",
      "reads": [
        "listStockSnapshots",
        "getShop"
      ],
      "action": {
        "label": "Điều chỉnh tồn",
        "operationId": "createInventoryAdjustment",
        "permission": "inventory.adjust"
      }
    },
    {
      "id": "R16",
      "path": "/s/:shopId/inventory/movements",
      "permission": "inventory.read",
      "reads": [
        "listStockMovements"
      ]
    }
  ],
  "operations": [
    "listStockSnapshots",
    "listStockMovements",
    "createInventoryAdjustment",
    "getShop"
  ],
  "permissionBoundary": "Route reads require inventory.read; adjustment uses inventory.adjust; cost requires finance.read; product and order links are permission-gated.",
  "commandSemantics": "202 CommandResponse; expectedVersion and unitCost are contract-required body properties; the shared client waits for terminal state and handles unknown outcomes.",
  "checks": 17
}
✔ FE011 routes, permissions, operations and DTOs map to canonical contracts and current source (43.0145ms)
{
  "taskId": "FE012",
  "scope": "FRONTEND_WITH_SYNTHETIC_MOCK_API",
  "routes": [
    "R17",
    "R18",
    "R19",
    "R43"
  ],
  "operations": [
    "listOrders",
    "getOrder",
    "getShop",
    "listCustomers",
    "listProducts",
    "listConversations",
    "createOrder",
    "updateOrderDraft",
    "quoteOrder",
    "recordCustomerConfirmation",
    "confirmOrder",
    "cancelOrder",
    "listReturnCases",
    "getReturnCase",
    "createReturnCase",
    "inspectReturn",
    "getCommand",
    "handoverShipment",
    "payOrder",
    "refundOrder"
  ],
  "contractEvidence": "OrderDraft carries required IDs and 1..100 lines, integer quantity 1..1000000 and notes up to 2000; confirmation requires quote hash/version and customer message evidence; return inspection is line-scoped.",
  "permissionBoundary": "Customer/product pickers are enabled only with read capability; write actions follow orders.write, orders.confirm, orders.return and inventory.adjust.",
  "limitations": "No address CRUD endpoint is introduced; shippingAddressId remains an external verified ID and mock confirmation is only a demo simulation.",
  "checks": 35
}
✔ FE012 routes, operations, permissions and DTO limits map to canonical contracts and orders source (8.1838ms)

Running 8 tests using 1 worker



[1A[2K(node:24732) Warning: The 'NO_COLOR' env is ignored due to the 'FORCE_COLOR' env being set.
(Use `node --trace-warnings ...` to show where the warning was created)


[1A[2K(node:24732) Warning: The 'NO_COLOR' env is ignored due to the 'FORCE_COLOR' env being set.
(Use `node --trace-warnings ...` to show where the warning was created)
[1A[2K[1/8] [chromium] › tests\fe011.spec.ts:40:1 › FE011.AC01 snapshot drives stock totals and the SKU opens its catalog result
[1A[2K[2/8] [chromium] › tests\fe011.spec.ts:72:1 › FE011.AC02 adjustment validates, waits for mock confirmation, and reconciles movement history once
[1A[2K[3/8] [chromium] › tests\fe011.spec.ts:143:1 › FE011.AC03 conflict and insufficient stock preserve the draft and never update optimistically
[1A[2K[4/8] [chromium] › tests\fe011.spec.ts:184:1 › FE011.AC03 forbidden adjustment retains user input and shows no success state
[1A[2K[5/8] [chromium] › tests\fe011.spec.ts:213:1 › FE011.AC03 unknown command blocks duplicate submission until shared recovery reconciles it
[1A[2K[6/8] [chromium] › tests\fe011.spec.ts:250:1 › FE011.AC04 movement filters are URL-backed and history exposes actor and permission-gated source
[1A[2K[7/8] [chromium] › tests\fe011.spec.ts:282:1 › FE011.AC05 inventory reflows at mobile widths, passes axe, and restores keyboard focus after adjustment dialog
[1A[2K[8/8] [chromium] › tests\fe011.spec.ts:326:1 › FE011.AC03 unknown shop scope shows no stock from another shop
[1A[2K  8 passed (18.5s)
