FE001.S03 evidence freshness review after SPC-060
reviewedAt=2026-10-06T08:41:48.076Z
reviewCommand=C:\Program Files\nodejs\node.exe botsales-kit/execution/frontend-evidence/FE028/revalidate-prior-ledger-after-spc060-docs-20261006.mjs
cwd=C:\Users\Joker-PC\Documents\Projects\Bot-AI-Ban-hang-FB\BotSalesAI_Frontend
reviewExitCode=0
originalExecutionAt=2026-10-06T05:58:11.248Z
originalCommand=node botsales-kit/execution/frontend-evidence/FE001/capture-post-spc059-intake-20261006.mjs S03
originalLog=execution/frontend-evidence/FE001/S03-post-spc059-current-20261006.log
originalLogSha256=042296016fed1cab9dfcde9a9b04d9bec08a9dbf504117d768870a637b05651c
expected=Đối chiếu REPORT/KNOWN_GAPS/package.json; ghi kiểm đã chạy, chưa chạy và lỗi nền theo môi trường.
observed=package=botsales-frontend; app=@botsales/web; Node=24.19.0; npm=npm@11.17.0; package-lock=present; node.exe scripts/generate.mjs --check exit=0; REPORT/KNOWN_GAPS retain scope and residual limits.
revalidation=Only shared policy/documentation files changed; the prior frontend source, contract, fixture, and test result inputs for this checkpoint retain their recorded hashes.
testRerun=false; original test execution time and log are retained; no new runtime test execution is claimed.
refreshedPolicySources=evidence/REPORT.md
scope=FRONTEND_WITH_SYNTHETIC_MOCK_API
sourceSnapshotSha256=883c13251004d7d958cf658ebba71fd07ce3c511a0dd218101bcaa4a65cb554b
SOURCE evidence/REPORT.md sha256=c981899f66ae3a45d8e74dacddf72759b899e2d5e21096ff54c12454dcf7303d
SOURCE docs/KNOWN_GAPS.md sha256=63c353f7a2bdc7e4c28113490c6cd5be4948f123f49fa4ca9b5aeb62a0b0ffc8
SOURCE package.json sha256=729b9a0cff11da4e1272b06ae972b721def85c8ce2759219a6ff4677f54033c9
SOURCE apps/web/package.json sha256=1f57a81cd2012b0f73f735ca0af9802454ccdc301610033181701bfd4e4d878a
SOURCE botsales-kit/execution/frontend-command-map.json sha256=48cf675d36b3c99d5fe6147a08531a1e1aecd1ee5e6136b62d787dd833d98744
SOURCE botsales-kit/execution/frontend-evidence/FE001/S03-generate-check-post-spc056-current-20261006.log sha256=cefbe1ce7c72a6a6c05dc1f23aa6585cf0b6eb681a38dd93586a6ff870bb9d7a
SOURCE botsales-kit/execution/frontend-evidence/FE001/capture-post-spc059-intake-20261006.mjs sha256=cb6ad83dc7535f54b4f3ec2813adac89c2869ada692780e3e3ef0ba0e02412ee
