FE008.S01 current deterministic synthetic dataset and scenario evidence
HEAD=53c0ba8 plus current frontend working tree; scope=FRONTEND_WITH_SYNTHETIC_MOCK_API
commandId=domain; command=set PATH=C:\Windows\System32;C:\Program Files\nodejs;%PATH% && npm.cmd --script-shell=cmd.exe run test:domain; cwd=C:\Users\Joker-PC\Documents\Projects\Bot-AI-Ban-hang-FB\BotSalesAI_Frontend; exitCode=0; log=botsales-kit/execution/frontend-evidence/FE008/S01-domain-current-20261007.log; logSha256=2b259d41cd2deac2532615bc111eabdcd1ecd5797004d770f788b66bd7e258ef
domainReport=botsales-kit/execution/frontend-evidence/FE008/S01-domain-report-current-20261007.json; domainChecks=75/75; networkChecks=13/13; handlers=210/210
seedAudit=botsales-kit/execution/frontend-evidence/FE008/S01-seed-audit-current-20261007.json; seedAuditLogSha256=2d4dbe6eb0841cc62d66015fc334b2a9a9e418a6fe2cdb1ae9cd7bf6f0d29af9
Current registered domain command passed 75/75 simulator checks and 13/13 MSW network scenarios over 210 handlers. Read-only seed audit covers 54 canonical routes, 64 features, 2 shops, 9 memberships, 231 synthetic records in 51 collections, 229 shop-scoped records, seven relationship families, exact VND integer strings, and zero orphan shop references. Mock seed, sequence, clock, fault/delay/file/idempotency reset are deterministic. No live customer/shop data.
protectedOutputRestoration=PASS (evidence\domain-tests.json:sha256=5214c26d55a7c6c9d9872b9d2925a0900318de57eea6ca0c9319fd9a59ffe7bb; restored sha256=5214c26d55a7c6c9d9872b9d2925a0900318de57eea6ca0c9319fd9a59ffe7bb; evidence\logs\mock-typecheck.log:sha256=a3a17eff2606b9273041f34e07776a74dd5c700fc8546a0405ecd803c4e6b467; restored sha256=a3a17eff2606b9273041f34e07776a74dd5c700fc8546a0405ecd803c4e6b467)
sourceSnapshotSha256=ec37c8dfc68cb8baaabba199f3fa5862f12afe04bf55d24fe75a6191362218be
SOURCE AGENTS.md sha256=07bc3fc2998c25cf702b325e71e3eb970df019d5184c2bbd7cc11fb676089222
SOURCE AI_RULES.md sha256=1662406d9ac9e63646130516ad6811934b2bd7f0a6b7d240403749200777f9e3
SOURCE apps/web/src/mocks/collections.json sha256=27afe9a3795cb4919a5349120f3067c197348a3062009d8d00585e72d1ff16c6
SOURCE apps/web/src/mocks/database.ts sha256=093fb1e7cd79d3b25a07b5eb3d892163a45b01cd9cc823b25b8b49531c1cb25c
SOURCE apps/web/src/mocks/seed.json sha256=fa115cadbe18a035602d1fe1acffe9714b0eaf99354927f99823bf8b6c3d744d
SOURCE apps/web/src/mocks/service.ts sha256=e9043a25b86f7ac07dea9d609593397ea9bc2b0faa945058c7ea4566f16ccd69
SOURCE botsales-kit/contracts/feature-catalog.json sha256=7c08400704112767224a27c7b1ffb3a81154f94045ae6b8ab0f9e9a68212b37d
SOURCE botsales-kit/contracts/permission-catalog.json sha256=58461beb5d4ad1a19107cdf01361e2a649a41dea611272d84ee79fcd376d55d1
SOURCE botsales-kit/contracts/route-manifest.json sha256=360871c008fac723cfc77dec79417838d24d4fae844452909eb347ec8893f2b2
SOURCE botsales-kit/execution/frontend-command-map.json sha256=48cf675d36b3c99d5fe6147a08531a1e1aecd1ee5e6136b62d787dd833d98744
SOURCE botsales-kit/execution/frontend-evidence/FE008/capture-s01-dataset-current-20261007.mjs sha256=3e0459be88a1b242b0e6ce3100018f47ef7828b42502559e80e373bb09a2a0c3
SOURCE botsales-kit/execution/frontend-evidence/FE008/S01-domain-current-20261007.log sha256=2b259d41cd2deac2532615bc111eabdcd1ecd5797004d770f788b66bd7e258ef
SOURCE botsales-kit/execution/frontend-evidence/FE008/S01-domain-report-current-20261007.json sha256=fdceb1be8690d8232c9b2eed209a153721af23ee8ffdee44a4836dcab9154f25
SOURCE botsales-kit/execution/frontend-evidence/FE008/S01-seed-audit-current-20261007.json sha256=4559bac2e00617535c0f1f1d53330406f0335487f208bce3fa61f8e38e2e6255
SOURCE botsales-kit/execution/frontend-evidence/FE008/S01-seed-audit-current-20261007.log sha256=2d4dbe6eb0841cc62d66015fc334b2a9a9e418a6fe2cdb1ae9cd7bf6f0d29af9
SOURCE botsales-kit/execution/frontend-plan.json sha256=f0e54ec3cf455a14d79cdadfb4aa6e4ec6091c7a7d832251c83c958a8d4e3e4e
SOURCE docs/route-implementation.json sha256=381b4091300ee542bfc7033b88249259cb716ac43f8a61789288fe61f9dd63ae
SOURCE packages/contracts/src/operations.json sha256=1d386010f82335bebc55f4a2e35fdfa41279786139a1c9e6b7834f32683ffb88
SOURCE scripts/test-domain.mjs sha256=6fad16d1450fa44011c63a022c023d3271cf33fa6a257f0437f6c7318d027a9a
SOURCE tests/domain-scenarios.cjs sha256=ac65e916a6433de60f96292ac03381b625aece42a04f6ac37085eb1243766245
SOURCE tests/fixtures/mock-network.mjs sha256=a074b777328e7aae5d81f6f2b60ea0653c674fcd80b1c146820e94daffdad6e6
