FE008.S01 evidence freshness review after SPC-060
reviewedAt=2026-10-06T08:41:48.189Z
reviewCommand=C:\Program Files\nodejs\node.exe botsales-kit/execution/frontend-evidence/FE028/revalidate-prior-ledger-after-spc060-docs-20261006.mjs
cwd=C:\Users\Joker-PC\Documents\Projects\Bot-AI-Ban-hang-FB\BotSalesAI_Frontend
reviewExitCode=0
originalExecutionAt=2026-10-06T06:19:42.958Z
originalCommand=npm.cmd --script-shell=cmd.exe run verify
originalLog=execution/frontend-evidence/FE008/S01-after-spc059-20261006.log
originalLogSha256=e0d274b737d969c570111c7975846f16acbe538e84f6eb7ed6c1cbb224747eb1
expected=A deterministic synthetic dataset covers the canonical route/features, two shops and approved member roles; IDs, shop ownership and money/state relationships are internally consistent.
observed=Canonical route/feature audit: 54 routes, 64 features with valid canonical route IDs, and 54 route/source/component mappings. Synthetic seed: 2 shops, 9 scoped memberships covering all 7 canonical role presets; 231 records with 229 shop-scoped rows and no orphan shop references. Product/category/variant/stock/order/conversation/message relationships, exact VND money strings and deterministic seed/clock/reset checks pass. Current full verify log includes 88/88 simulator/network checks. No live customer/shop data.
revalidation=Only shared policy/documentation files changed; the prior frontend source, contract, fixture, and test result inputs for this checkpoint retain their recorded hashes.
testRerun=false; original test execution time and log are retained; no new runtime test execution is claimed.
refreshedPolicySources=AGENTS.md,docs/FRONTEND_SCOPE.md,docs/PROJECT_CONTEXT.md
scope=FRONTEND_WITH_SYNTHETIC_MOCK_API
sourceSnapshotSha256=4f04ba926f7b37dde73f166c26143afc9e509e75d973e627f0dd28969c5baa65
SOURCE AGENTS.md sha256=1de4eb192b263d059a3a6199449b196a9ad8c280a329c09fec0cfc33293bf134
SOURCE AI_RULES.md sha256=1662406d9ac9e63646130516ad6811934b2bd7f0a6b7d240403749200777f9e3
SOURCE apps/web/src/mocks/collections.json sha256=27afe9a3795cb4919a5349120f3067c197348a3062009d8d00585e72d1ff16c6
SOURCE apps/web/src/mocks/database.ts sha256=093fb1e7cd79d3b25a07b5eb3d892163a45b01cd9cc823b25b8b49531c1cb25c
SOURCE apps/web/src/mocks/seed.json sha256=fa115cadbe18a035602d1fe1acffe9714b0eaf99354927f99823bf8b6c3d744d
SOURCE apps/web/src/mocks/service.ts sha256=e9043a25b86f7ac07dea9d609593397ea9bc2b0faa945058c7ea4566f16ccd69
SOURCE botsales-kit/contracts/feature-catalog.json sha256=7c08400704112767224a27c7b1ffb3a81154f94045ae6b8ab0f9e9a68212b37d
SOURCE botsales-kit/contracts/openapi.json sha256=d88a70957a9de36402ff5ac0cb757a2f1c496519c7e1fd2e28df17e867f78c7c
SOURCE botsales-kit/contracts/permission-catalog.json sha256=58461beb5d4ad1a19107cdf01361e2a649a41dea611272d84ee79fcd376d55d1
SOURCE botsales-kit/contracts/route-manifest.json sha256=360871c008fac723cfc77dec79417838d24d4fae844452909eb347ec8893f2b2
SOURCE botsales-kit/execution/frontend-command-map.json sha256=48cf675d36b3c99d5fe6147a08531a1e1aecd1ee5e6136b62d787dd833d98744
SOURCE botsales-kit/execution/frontend-evidence/FE006/S05-verify-spc059-current-20261006.log sha256=d35d24fc42fed633fe8c2b87ce64c2a1ef17beeff33ec2ae8a0bb38484251345
SOURCE botsales-kit/execution/frontend-evidence/FE008/S01-dataset-audit-spc059-current-20261006.json sha256=01f5cd26e99b7e4e92c624067925dcf781e19fb254d6191550ffa94f517cab7d
SOURCE botsales-kit/execution/frontend-evidence/FE008/S01-dataset-audit-spc059-current-20261006.log sha256=18788632b2558124ee49c9d58587802ad0b58409caf2ba228b3f4b4c5e789bcf
SOURCE botsales-kit/execution/frontend-evidence/FE008/audit-s01-dataset-current-20261006.mjs sha256=dec52186d42a716189115262d90d98d8d19beebfb3196f294358daf9c1dd8df8
SOURCE docs/FRONTEND_SCOPE.md sha256=2d0ebf8290bc993f3dc0e6cbaa259d95c0d0c15d8976f5246666cfdf4389af13
SOURCE docs/PROJECT_CONTEXT.md sha256=a473bd7741c4ae4c740677854acdc6b8fcad5b041d1b908329a48211dd0e94bb
SOURCE docs/route-implementation.json sha256=8c94c435b9172070539207cab12ae58e6ff25b49be60b5518f75f13da7b451fe
SOURCE scripts/test-domain.mjs sha256=6fad16d1450fa44011c63a022c023d3271cf33fa6a257f0437f6c7318d027a9a
SOURCE tests/fixtures/mock-network.mjs sha256=dc367b505a5cd380d40ab30619ec6f7e403cbd538f1ae87d09746b3384bca78c
