FE008.S02 evidence freshness review after UI028 W36 documentation freeze
reviewedAt=2026-10-06T09:56:28.538Z
reviewCommand=C:\Program Files\nodejs\node.exe botsales-kit/execution/frontend-evidence/FE028/revalidate-prior-ledger-after-ui028-w36-docs-20261006.mjs
cwd=C:\Users\Joker-PC\Documents\Projects\Bot-AI-Ban-hang-FB\BotSalesAI_Frontend
reviewExitCode=0
originalExecutionAt=2026-10-06T08:18:17.995Z
originalCommand=set PATH=C:\Windows\System32;C:\Program Files\nodejs;%PATH% && npm.cmd --script-shell=cmd.exe run test:domain
originalLog=execution/frontend-evidence/FE008/S02-after-spc060-20261006.log
originalLogSha256=daaea9a03e4854d54ce4c5765859a79021e2ea96720d1278c360eb72507d3475
expected=Every canonical HTTP operation uses shared operation-ID-derived MSW handlers; schema-invalid and wrong-shop requests are detected; deterministic seed/reset, fixtures, and SSE remain frontend-only.
observed=Fresh registered domain run exited 0: 75/75 simulator checks, 13/13 MSW network scenarios, 210/210 canonical operation handlers. Current static review confirms shared response-schema validation, separated demo/live activation, production mock guard, and strict unhandled requests.
revalidation=Shared policy/documentation hashes were refreshed. Where a FE008/FE027 generated test-result artifact changed, the current ordered verify and full 484-case built-demo E2E were rerun and are attached as corroborating evidence; original checkpoint logs remain preserved.
currentDomainAndUnitVerify=evidence/frontend-ui-improvements/UI028/W36/verify-equivalent-final-current-20261006-v2.log
currentBuiltDemoE2E=evidence/frontend-ui-improvements/UI028/W36/built-demo-e2e-final-current-20261006.log
runtimeTestsRerun=false
refreshedSources=evidence/domain-tests.json
removedEphemeralReferences=(none)
scope=FRONTEND_WITH_SYNTHETIC_MOCK_API
sourceSnapshotSha256=cbe2e0765db2c55cb0064fcdd78562cd7a90fee030ddf384a7d3e04bf5df6bbe
SOURCE AGENTS.md sha256=1de4eb192b263d059a3a6199449b196a9ad8c280a329c09fec0cfc33293bf134
SOURCE AI_RULES.md sha256=1662406d9ac9e63646130516ad6811934b2bd7f0a6b7d240403749200777f9e3
SOURCE apps/web/package.json sha256=1f57a81cd2012b0f73f735ca0af9802454ccdc301610033181701bfd4e4d878a
SOURCE apps/web/src/main.tsx sha256=2fbb13874110b3e6fc3f5583d36fc50a409f3dd5e28d7946f8b5b61c946d6bbb
SOURCE apps/web/src/mocks/browser.ts sha256=91138a6c675903e7aec92237387d6797169b6b4d7bbedca24c304d0d79942cd9
SOURCE apps/web/src/mocks/database.ts sha256=093fb1e7cd79d3b25a07b5eb3d892163a45b01cd9cc823b25b8b49531c1cb25c
SOURCE apps/web/src/mocks/handlers.ts sha256=e66c5410cb59486a8cac78fe7d512740376b884f8fcae31941785a148d656608
SOURCE apps/web/src/mocks/service.ts sha256=e9043a25b86f7ac07dea9d609593397ea9bc2b0faa945058c7ea4566f16ccd69
SOURCE apps/web/src/shared/api/client.ts sha256=4986739ee8ddf673d0d94a0702e7251c087e69824b88e37b5ec644ddf72fa39e
SOURCE apps/web/vite.config.ts sha256=5cf012d64418ea4c9f404005fc4f3240e33a4c1dd5a700ebda00f8c2477eea4a
SOURCE botsales-kit/contracts/feature-catalog.json sha256=7c08400704112767224a27c7b1ffb3a81154f94045ae6b8ab0f9e9a68212b37d
SOURCE botsales-kit/contracts/openapi.json sha256=d88a70957a9de36402ff5ac0cb757a2f1c496519c7e1fd2e28df17e867f78c7c
SOURCE botsales-kit/contracts/permission-catalog.json sha256=58461beb5d4ad1a19107cdf01361e2a649a41dea611272d84ee79fcd376d55d1
SOURCE botsales-kit/contracts/route-manifest.json sha256=360871c008fac723cfc77dec79417838d24d4fae844452909eb347ec8893f2b2
SOURCE botsales-kit/execution/frontend-command-map.json sha256=48cf675d36b3c99d5fe6147a08531a1e1aecd1ee5e6136b62d787dd833d98744
SOURCE botsales-kit/execution/frontend-evidence/FE008/S02-after-spc059-20261006.json sha256=5b1009542e0b1b06d64fe82e4060266c09f23f418e5b74f3f70d708407ed8a7e
SOURCE botsales-kit/execution/frontend-evidence/FE008/S02-domain-spc059-current-20261006.log sha256=89464b808703a56d40fe2e3b934b4c5c735cd7a4478e51785f36258c2c3e9970
SOURCE botsales-kit/execution/frontend-evidence/FE008/S02-transport-audit-spc059-current-20261006.json sha256=44d2afbfe8d8a1ccea222e3eeaba2cc346c75fadca1e4e84f71462b0186dae7a
SOURCE botsales-kit/execution/frontend-evidence/FE008/S02-transport-audit-spc059-current-20261006.log sha256=27325c950d3b7e7876bfaefb8658a0e7a899881ee7638c3d24ba02cd4b24b6b8
SOURCE botsales-kit/execution/frontend-evidence/FE008/S03-domain-spc059-current-20261006.log sha256=89464b808703a56d40fe2e3b934b4c5c735cd7a4478e51785f36258c2c3e9970
SOURCE botsales-kit/execution/frontend-evidence/FE008/audit-s02-transport-current-20261006.mjs sha256=dcebc39e2b128662fe06f956c2292da23e86022c8f86599040651c9a243716b2
SOURCE botsales-kit/execution/frontend-evidence/FE008/refresh-s02-current-domain-evidence-20261006.mjs sha256=1ae31b2559ada77d03b1add21e733f35ddf597cba8a5d4233e4c02386eafdb40
SOURCE evidence/domain-tests.json sha256=1e95056e9e6642cc32c48a4270ce5e67f1e6506b29b10c0728f09617855726e4
SOURCE packages/contracts/src/operations.json sha256=1d386010f82335bebc55f4a2e35fdfa41279786139a1c9e6b7834f32683ffb88
SOURCE scripts/test-domain.mjs sha256=6fad16d1450fa44011c63a022c023d3271cf33fa6a257f0437f6c7318d027a9a
SOURCE tests/fixtures/mock-network.mjs sha256=dc367b505a5cd380d40ab30619ec6f7e403cbd538f1ae87d09746b3384bca78c
