
> botsales-frontend@0.1.0 build:demo
> npm run generate:check && npm run typecheck && npm run build:demo --workspace @botsales/web


> botsales-frontend@0.1.0 generate:check
> node scripts/generate.mjs --check

{"status":"PASS","outputs":11,"schemas":283,"operations":210,"routes":54}

> botsales-frontend@0.1.0 typecheck
> tsc -p apps/web/tsconfig.json --noEmit


> @botsales/web@0.1.0 build:demo
> vite build --mode demo --outDir dist-demo

vite v7.1.3 building for demo...
transforming...
✓ 2262 modules transformed.
rendering chunks...
computing gzip size...
dist-demo/index.html                                 0.86 kB │ gzip:   0.52 kB
dist-demo/assets/index-v_6AJcWh.css                  2.36 kB │ gzip:   0.95 kB
dist-demo/assets/filters-nRMGn4UG.js                 0.26 kB │ gzip:   0.22 kB
dist-demo/assets/DeleteOutlineRounded-SkadxC2V.js    0.53 kB │ gzip:   0.31 kB
dist-demo/assets/control-D0DVrJE4.js                 0.57 kB │ gzip:   0.38 kB
dist-demo/assets/hooks-CHJcdnWo.js                   4.17 kB │ gzip:   1.94 kB
dist-demo/assets/imports-CxkJ_CXe.js                 5.01 kB │ gzip:   2.34 kB
dist-demo/assets/index-B9j8WrYS.js                   7.77 kB │ gzip:   3.12 kB
dist-demo/assets/index-uBW3OLZi.js                   7.80 kB │ gzip:   3.14 kB
dist-demo/assets/index-kPm4MlV9.js                   8.35 kB │ gzip:   3.54 kB
dist-demo/assets/permissions-DSwmPBth.js             8.41 kB │ gzip:   1.94 kB
dist-demo/assets/index-7Mmnk5_p.js                   9.06 kB │ gzip:   3.33 kB
dist-demo/assets/index-DKDeeLkc.js                  11.38 kB │ gzip:   4.24 kB
dist-demo/assets/index-C3sLCJ9t.js                  12.07 kB │ gzip:   4.88 kB
dist-demo/assets/index-v8H4OJjk.js                  12.33 kB │ gzip:   4.45 kB
dist-demo/assets/index-BZ2GCRju.js                  12.67 kB │ gzip:   4.80 kB
dist-demo/assets/index-IORowK2Z.js                  14.46 kB │ gzip:   4.85 kB
dist-demo/assets/index-kC2P9-hP.js                  14.71 kB │ gzip:   4.82 kB
dist-demo/assets/index-Bu_2FqTB.js                  14.73 kB │ gzip:   4.89 kB
dist-demo/assets/index-9hS6d2xF.js                  15.41 kB │ gzip:   5.73 kB
dist-demo/assets/index-BP-f6H0N.js                  24.84 kB │ gzip:   8.11 kB
dist-demo/assets/index-vmwYRHn-.js                  28.42 kB │ gzip:   8.83 kB
dist-demo/assets/index-BWbYKV5A.js                  29.48 kB │ gzip:   8.60 kB
dist-demo/assets/schemas-BxEwpae2.js                79.16 kB │ gzip:  24.02 kB
dist-demo/assets/react-DF-xeFnn.js                  91.29 kB │ gzip:  30.95 kB
dist-demo/assets/service-DnEiYaiw.js               156.42 kB │ gzip:  33.78 kB
dist-demo/assets/browser-B5V49YfC.js               257.06 kB │ gzip:  87.91 kB
dist-demo/assets/mui-DslolQl_.js                   322.83 kB │ gzip:  97.90 kB
dist-demo/assets/index-D4Z04Jn7.js                 325.48 kB │ gzip:  99.86 kB
dist-demo/assets/index-hsBHa6CS.js                 732.17 kB │ gzip: 184.97 kB

(!) Some chunks are larger than 500 kB after minification. Consider:
- Using dynamic import() to code-split the application
- Use build.rollupOptions.output.manualChunks to improve chunking: https://rollupjs.org/configuration-options/#output-manualchunks
- Adjust chunk size limit for this warning via build.chunkSizeWarningLimit.
✓ built in 2.92s
