{
  "status": "PASS",
  "checks": [
    {
      "label": "production index exists",
      "result": "PASS"
    },
    {
      "label": "demo index exists",
      "result": "PASS"
    },
    {
      "label": "production mock worker file absent",
      "result": "PASS"
    },
    {
      "label": "production bundle excludes MSW browser runtime",
      "result": "PASS"
    },
    {
      "label": "production worker reference only supports unregister cleanup",
      "result": "PASS",
      "details": "occurrences=1"
    },
    {
      "label": "demo mock worker emitted",
      "result": "PASS"
    },
    {
      "label": "demo includes MSW browser runtime",
      "result": "PASS",
      "details": "assets=browser-B9dh2nwZ.js"
    },
    {
      "label": "demo bundle labels synthetic data",
      "result": "PASS"
    },
    {
      "label": "production bundle does not enable synthetic demo banner",
      "result": "PASS"
    }
  ],
  "productionJsAssets": 25,
  "demoJsAssets": 30
}
EXIT_CODE=0
