FE026 isolated clean install and reproducible production/demo artifact run
executedAt=2026-10-09T05:04:20.435Z
status=PASS
isolatedWorkspace=C:\Users\Joker-PC\AppData\Local\Temp\botsales-width-clean-20261009-kpLaTa
sourceLockSha256=a3c0bb3a4906f92a5f23d4e8a0b862769b71de9e7efc9a48601ae44282bc963a
copiedLockSha256=a3c0bb3a4906f92a5f23d4e8a0b862769b71de9e7efc9a48601ae44282bc963a
userEnvLocalCopied=false
rootWorkflowSha256=238511056b84e1cc972b87d2e8c673be34a8aac57295f4dd7855992c38804dc2
rootWorkflowCopiedToExpectedRelativePath=true
isolatedGitMetadata=git init --quiet at the temporary multi-project root only so the evidence validator resolves Frontend and Kit paths; no source repository .git directory, history, branch, or user changes were copied.
setupBehavior=npm run setup can create a fresh .env.local from .env.example when the isolated target is absent; it never copies the source workspace .env.local.

## initialize-isolated-git-root
command=git init --quiet
cwd=C:\Users\Joker-PC\AppData\Local\Temp\botsales-width-clean-20261009-kpLaTa
exitCode=0


## clean-install
command=node "C:\Program Files\nodejs\node_modules\npm\bin\npm-cli.js" "--script-shell=cmd.exe" "ci"
cwd=C:\Users\Joker-PC\AppData\Local\Temp\botsales-width-clean-20261009-kpLaTa\BotSalesAI_Frontend
exitCode=0

added 411 packages, and audited 413 packages in 30s

86 packages are looking for funding
  run `npm fund` for details

found 0 vulnerabilities
npm warn deprecated whatwg-encoding@3.1.1: Use @exodus/bytes instead for a more spec-conformant and faster implementation
npm warn deprecated eslint@9.34.0: This version is no longer supported. Please see https://eslint.org/version-support for other options.
npm warn allow-scripts 2 packages have install scripts not yet covered by allowScripts:
npm warn allow-scripts   esbuild@0.28.2 (postinstall: node install.js)
npm warn allow-scripts   msw@2.11.1 (postinstall: node -e "import('./config/scripts/postinstall.js').catch(() => void 0)")
npm warn allow-scripts
npm warn allow-scripts Run `npm approve-scripts --allow-scripts-pending` to review, or `npm approve-scripts <pkg>` to allow.

## npm-audit-low
command=node "C:\Program Files\nodejs\node_modules\npm\bin\npm-cli.js" "--script-shell=cmd.exe" "audit" "--audit-level=low"
cwd=C:\Users\Joker-PC\AppData\Local\Temp\botsales-width-clean-20261009-kpLaTa\BotSalesAI_Frontend
exitCode=0
found 0 vulnerabilities

## setup
command=node "C:\Program Files\nodejs\node_modules\npm\bin\npm-cli.js" "--script-shell=cmd.exe" "run" "setup"
cwd=C:\Users\Joker-PC\AppData\Local\Temp\botsales-width-clean-20261009-kpLaTa\BotSalesAI_Frontend
exitCode=0

> botsales-frontend@0.1.0 setup
> node scripts/setup.mjs

{"status":"PASS","outputs":11,"schemas":283,"operations":210,"routes":54}
Copying the worker script at "C:\Users\Joker-PC\AppData\Local\Temp\botsales-width-clean-20261009-kpLaTa\BotSalesAI_Frontend\apps\web\public"...

Worker script successfully copied!
  - public

Continue by describing the network in your application:


https://mswjs.io/docs/quick-start

Thiết lập xong. npm run dev chạy frontend mô phỏng; không kết nối khách hàng hoặc provider thật.

## verify
command=node "C:\Program Files\nodejs\node_modules\npm\bin\npm-cli.js" "--script-shell=cmd.exe" "run" "verify"
cwd=C:\Users\Joker-PC\AppData\Local\Temp\botsales-width-clean-20261009-kpLaTa\BotSalesAI_Frontend
exitCode=0

> botsales-frontend@0.1.0 verify
> npm run generate:check && npm run test:source && npm run boundaries && npm run lint && npm run typecheck && npm run test:domain && npm test && npm run build && npm run test:layout && npm run test:visual-tokens && npm run test:ui-composition && npm run test:evidence


> botsales-frontend@0.1.0 generate:check
> node scripts/generate.mjs --check

{"status":"PASS","outputs":11,"schemas":283,"operations":210,"routes":54}

> botsales-frontend@0.1.0 test:source
> node scripts/check-source.mjs && node --test tests/source-checker.test.mjs

{
  "checkedAt": "2026-10-09T04:59:49.414Z",
  "scope": "Syntax, operation identifiers, route-source mapping, permissions and token adoption. NOT React typecheck, build or browser test.",
  "compiler": "5.9.2",
  "compilerSource": "project dependency",
  "files": 71,
  "operationCalls": 222,
  "routes": 54,
  "issues": [],
  "status": "PASS"
}
✔ module path classification accepts Windows and POSIX spellings, but excludes app files (1.0991ms)
✔ the source-checker CLI rejects a prohibited color literal in a module (160.3691ms)
✔ the source-checker CLI accepts a token-based module and leaves app-level colors outside the rule (151.7245ms)
ℹ tests 3
ℹ suites 0
ℹ pass 3
ℹ fail 0
ℹ cancelled 0
ℹ skipped 0
ℹ todo 0
ℹ duration_ms 372.2987

> botsales-frontend@0.1.0 boundaries
> node scripts/check-boundaries.mjs

{
  "checkedAt": "2026-10-09T04:59:51.868Z",
  "scope": "AST imports resolve aliases/relative paths, module boundaries and cycles; parser diagnostics are errors",
  "files": 71,
  "imports": 534,
  "negativeFixtures": "Boundary fixtures: PASS 10/10 scenarios (allowed shared/public imports, alias, relative, app deep import, type-only, dynamic, unresolved, cycle, parser error).",
  "status": "PASS",
  "issues": []
}

> botsales-frontend@0.1.0 lint
> eslint apps/web/src --max-warnings 0


> botsales-frontend@0.1.0 typecheck
> tsc -p apps/web/tsconfig.json --noEmit


> botsales-frontend@0.1.0 test:domain
> node scripts/test-domain.mjs

{"status":"PASS","simulatorChecks":75,"networkChecks":13,"networkHandlers":210,"passed":88,"operations":89,"node":"v24.19.0","typescript":"5.9.2"}

> botsales-frontend@0.1.0 test
> vitest run --config apps/web/vitest.config.ts


 RUN  v5.0.3 C:/Users/Joker-PC/AppData/Local/Temp/botsales-width-clean-20261009-kpLaTa/BotSalesAI_Frontend


 Test Files  15 passed (15)
      Tests  181 passed (181)
   Start at  12:00:22
   Duration  25.63s (environment 54%, import 24%, setup 12%, tests 8%, transform 2%)


> botsales-frontend@0.1.0 build
> npm run generate:check && npm run typecheck && npm run build --workspace @botsales/web


> botsales-frontend@0.1.0 generate:check
> node scripts/generate.mjs --check

{"status":"PASS","outputs":11,"schemas":283,"operations":210,"routes":54}

> botsales-frontend@0.1.0 typecheck
> tsc -p apps/web/tsconfig.json --noEmit


> @botsales/web@0.1.0 build
> vite build --mode production

vite v7.3.6 building client environment for production...
transforming...
✓ 2061 modules transformed.
rendering chunks...
computing gzip size...
dist/index.html                              1.19 kB │ gzip:   0.60 kB
dist/assets/index-BQPx7lJM.css               3.56 kB │ gzip:   1.33 kB
dist/assets/download-8lJFmiSZ.js             0.23 kB │ gzip:   0.17 kB
dist/assets/filters-CVitQAxr.js              0.32 kB │ gzip:   0.25 kB
dist/assets/hooks-Bh4yxJox.js                4.58 kB │ gzip:   2.15 kB
dist/assets/draft-conflict-zCgoI5Xq.js       5.37 kB │ gzip:   2.48 kB
dist/assets/index-Cqcxzoya.js                7.94 kB │ gzip:   3.17 kB
dist/assets/index-CJHxTmt7.js                8.31 kB │ gzip:   3.53 kB
dist/assets/index-CMvvAnNB.js                9.32 kB │ gzip:   3.69 kB
dist/assets/index-DBIcZpOb.js               13.80 kB │ gzip:   5.63 kB
dist/assets/index-zoSlvthM.js               14.58 kB │ gzip:   4.92 kB
dist/assets/index-Bcu-6ktU.js               14.74 kB │ gzip:   5.43 kB
dist/assets/index-CYsHE65O.js               15.21 kB │ gzip:   5.85 kB
dist/assets/index-D0E7snO7.js               16.16 kB │ gzip:   5.51 kB
dist/assets/index-D8AXfWDG.js               16.40 kB │ gzip:   5.41 kB
dist/assets/index-0SsNDo-_.js               17.81 kB │ gzip:   6.26 kB
dist/assets/index-DYR1XjDe.js               18.37 kB │ gzip:   6.17 kB
dist/assets/index-D7DNvjQd.js               24.13 kB │ gzip:   8.60 kB
dist/assets/index-nLTWfh-I.js               24.18 kB │ gzip:   8.20 kB
dist/assets/index-dIniEi9r.js               29.24 kB │ gzip:   9.51 kB
dist/assets/index-Ycmkpmtf.js               31.62 kB │ gzip:   9.82 kB
dist/assets/query-5vm9EU1C.js               33.15 kB │ gzip:   9.92 kB
dist/assets/index-BbZjuB2W.js               37.94 kB │ gzip:  10.46 kB
dist/assets/i18n-xB0mQYCC.js                46.14 kB │ gzip:  15.12 kB
dist/assets/schemas-Ct4RWo9M.js             80.75 kB │ gzip:  24.39 kB
dist/assets/index-BMbdLtv2.js               90.44 kB │ gzip:  28.61 kB
dist/assets/schema-validation-Bhr7oAQE.js  149.80 kB │ gzip:  45.12 kB
dist/assets/react-runtime-D0NtfbPC.js      279.78 kB │ gzip:  90.28 kB
dist/assets/contract-data-BIzYYkc1.js      303.99 kB │ gzip:  36.17 kB
dist/assets/charts-CQ4oecFO.js             313.03 kB │ gzip:  94.99 kB
dist/assets/mui-Bz_aCSm2.js                328.33 kB │ gzip: 100.02 kB
✓ built in 2.98s

> botsales-frontend@0.1.0 test:layout
> node --test tests/layout-checker.test.mjs tests/ui-layout-binding-gates.test.mjs && node scripts/check-layout.mjs

✔ CSS label gap accepts the canonical direct pixel constructor and its exact owner/property (1622.7639ms)
✔ CSS label gap cannot be used as an unrelated spacing property (1036.8071ms)
✔ CSS label gap rejects a raw pixel constructor argument (1052.8164ms)
✔ CSS label gap cannot impersonate a role from another owner (1036.9013ms)
✔ accepts semantic bridge roles, the closed token-derived factor map, geometry, and reset values (1062.9366ms)
✔ rejects a CSS spacing role without a declared shared owner (1022.4996ms)
✔ rejects scale-conforming and off-scale literals in sx, responsive leaves, named and namespace MUI System props (1062.2326ms)
✔ follows local aliases and style callbacks; rejects theme spacing helpers and preset overrides (1044.4402ms)
✔ scans nested slotProps but does not confuse event handlers or geometric dimensions with spacing (1069.0654ms)
✔ keeps Panel geometry inspectable and rejects spacing hidden in its geometry prop (3151.2395ms)
✔ accepts only an exact CSS exception and reports stale or mismatched exception scope (3040.0847ms)
✔ rejects malformed TypeScript, malformed CSS, bad exception schema, and raw values in the bridge (4064.6813ms)
✔ rejects canonical pixel tokens used as MUI factors and an altered bridge factor table (2049.5563ms)
✔ report mode inventories migration debt without turning findings into PASS (1011.2555ms)
✔ canonical writes through casts and aliases fail outside style expressions (1635.5269ms)
✔ Object.assign cannot mutate canonical data but can copy to a fresh object (2115.9661ms)
✔ layout gate rejects raw spacing on const alias of MUI component (1074.3714ms)
✔ canonical mutation gate follows global mutator aliases and reflection (1050.473ms)
✔ local mutator names do not acquire global mutation identity (1124.8159ms)
✔ destructured mutators and call/apply retain canonical mutation checks (1073.288ms)
✔ global mutator call/apply can copy canonical values into fresh objects (1046.349ms)
✔ mutable aliases with possible canonical destinations fail closed (1066.7911ms)
✔ opaque apply arguments fail closed while unrelated mutable data stays valid (2148.0405ms)
✔ canonical references inside containers and destructured aliases cannot be mutated (1089.5425ms)
✔ independent shallow copies of scalar canonical fields remain mutable (1066.0634ms)
✔ array references and nested destructuring preserve canonical write provenance (1083.9716ms)
✔ array destinations distinguish independent elements from canonical references (1059.7499ms)
✔ array destructuring, dynamic indices and spread cannot hide canonical references (1064.6806ms)
✔ dynamic indices and destructuring of independent arrays stay mutable (1060.175ms)
✔ function parameters cannot hide canonical mutation across source files (1054.2339ms)
✔ read-only helpers and mutations of unrelated arguments remain valid (1070.9281ms)
✔ returned canonical references remain protected across helper boundaries (1059.513ms)
✔ helper returns of fresh scalar copies do not retain canonical destination identity (1059.9299ms)
✔ destructured object parameters cannot mutate canonical arguments (1074.1815ms)
✔ destructured object parameters retain independent argument mutability (1010.6225ms)
✔ default parameter and binding initializers cannot hide canonical mutations (1022.6758ms)
✔ fresh default parameter and binding copies remain mutable (1055.2452ms)
✔ rest parameters retain canonical argument write provenance (1035.5328ms)
✔ rest parameters distinguish independent positions from canonical siblings (1036.3033ms)
✔ finite spread arguments preserve shifted positional and rest destinations (1047.4822ms)
✔ finite spread expansion keeps independent argument positions mutable (1077.5953ms)
✔ opaque spreads keep positional mutation destinations unknown (1043.8727ms)
✔ opaque spreads into read-only helpers do not invent mutation findings (1031.3014ms)
✔ array parameter patterns retain canonical positions including nested object arrays (1080.3083ms)
✔ array parameter patterns retain independent bound element mutability (1100.4863ms)
✔ layout gate rejects parameter shadow of canonical layout name (1076.0407ms)
✔ layout gate follows genuine renamed styled factory (1214.4958ms)
✔ layout gate accepts canonical namespace, element access and barrel alias (1224.3694ms)
✔ layout gate does not mistake local component named Stack for MUI (1081.9797ms)
✔ layout gate inspects renamed installed Emotion css tag (1109.4716ms)
✔ layout gate preserves genuine aliased Controller field forwarding (1058.9383ms)
✔ a same-named local Controller cannot exempt an unknown prop spread (1097.4452ms)
✔ genuine useForm registration survives property and destructured aliases (1062.9202ms)
✔ a function named register cannot exempt injected style props (1069.5765ms)
✔ a bridge callback parameter cannot impersonate its private factor binding (1034.3543ms)
✔ opaque namespace component selection remains a strict binding failure (1076.3266ms)
✔ opaque namespace factory cannot hide style arguments (1067.6922ms)
✔ MUI re-export cannot hide raw spacing behind a first-party barrel (1061.8855ms)
✔ destructuring assignments cannot hide canonical write targets (1073.5768ms)
✔ destructuring assignments can update independent copied destinations (1056.9117ms)
✔ object rest retains nested canonical references while copying the outer object (1068.96ms)
✔ rest scalar copies and replacement of container references stay mutable (1060.8107ms)
✔ shallow object spread preserves canonical child references and last-writer order (1066.2466ms)
✔ shallow spread with a later independent override stays mutable (1069.6344ms)
✔ exported mutable aliases retain assignments from their declaring file (1072.9599ms)
✔ exported independent mutable data does not acquire canonical provenance (1047.5953ms)
✔ literal computed keys retain canonical container and parameter provenance (1067.8206ms)
✔ literal computed keys do not taint independent selected properties (1042.711ms)
✔ Object.assign shallow copies retain canonical nested reference provenance (1068.9764ms)
✔ Object.assign later independent overrides and scalar copies stay mutable (1063.4939ms)
✔ union and dynamic property selections retain possible canonical destinations (1077.9322ms)
✔ finite union property selections exclude canonical siblings not in the key set (1065.1288ms)
✔ union selection over Object.assign output retains canonical child provenance (1073.3112ms)
✔ union selection over independent Object.assign output remains mutable (1062.4873ms)
✔ Reflect.set call/apply checks the target argument rather than the assigned value (3184.5783ms)
✔ aliased React createElement checks MUI and native style objects (1067.8617ms)
✔ GlobalStyles.styles is checked and local createElement names stay local (2156.9433ms)
✔ React JSX runtime factories cannot bypass MUI or native style checks (1094.5661ms)
✔ React cloneElement checks the cloned MUI element and preserves native props (4340.4631ms)
✔ Emotion css props and object factories are inspected with native CSS semantics (3263.6805ms)
✔ Inline style elements in JSX, React factories, DOM and the HTML entry fail closed (8568.4363ms)
✔ DOM CSSOM spacing writes use semantic roles and reject opaque style strings (2145.9627ms)
✔ HTML parsing and runtime stylesheet mutation cannot bypass the imported CSS boundary (2131.3824ms)
✔ spacing shorthand values and responsive breakpoints preserve token and unit provenance (10651.9798ms)
✔ function return producers cannot hide canonical children behind spreads (1067.7275ms)
✔ producer spreads keep later independent child overrides writable (1066.2271ms)
ℹ tests 86
ℹ suites 0
ℹ pass 86
ℹ fail 0
ℹ cancelled 0
ℹ skipped 0
ℹ todo 0
ℹ duration_ms 107710.9093
layout-check PASS: 79 source files, 0 finding(s), 1 exception(s) used

> botsales-frontend@0.1.0 test:visual-tokens
> node --test tests/visual-token-checker.test.mjs && node scripts/check-visual-tokens.mjs

✔ visual checker accepts canonical theme roles, token references, geometry and semantic responsive props (550.5723ms)
✔ visual checker rejects raw literals across sx, JSX system props and CSS declarations (372.7064ms)
✔ visual checker follows local style aliases and callback themes, but fails raw nested values (355.3695ms)
✔ visual checker reports unresolved spreads and malformed style sources as UNKNOWN or parse errors (342.8006ms)
✔ visual checker includes newly added TSX files under the source root (357.282ms)
ℹ tests 5
ℹ suites 0
ℹ pass 5
ℹ fail 0
ℹ cancelled 0
ℹ skipped 0
ℹ todo 0
ℹ duration_ms 2414.4752
visual-token-check PASS: 78 source files, 0 finding(s)

> botsales-frontend@0.1.0 test:ui-composition
> node --test tests/ui-composition-checker.test.mjs tests/ui-composition-ancestry.test.mjs tests/ui-shared-api-contract.test.mjs && node scripts/check-ui-composition.mjs

✔ P10/P15 catch alias and neutral-wrapper duplicate insets through fragments and conditionals (513.8494ms)
✔ P20 resolves shared composition identities through a barrel and const component aliases (379.3241ms)
✔ P11/P13 catch static element access roles on every MUI surface, including Paper (378.7693ms)
✔ P12 checks React createElement and JSX-runtime element factories (363.225ms)
✔ P14 resolves bodyMode literal aliases and fails closed when ownership is unknown (1055.9632ms)
✔ checks Panel ancestry when React elements are created natively (478.4207ms)
✔ keeps independent nested surfaces and portaled dialogs as separate owners (937.4965ms)
✔ accepts finite bodyMode branches and every mode in the public component contracts (1420.8897ms)
✔ stops inherited gap ownership at Panels and independent bordered surfaces (931.6956ms)
✔ tracks gaps through fragments, conditions and ready QueryState, but not inside DOM wrappers (504.343ms)
✔ applies the same finite modes and wrapper boundaries to native React factories (930.6173ms)
✔ recognizes native outlined Paper and nested Box surface inset boundaries (889.644ms)
✔ fails closed when an unresolved custom wrapper obscures a semantic gap owner (449.534ms)
✔ rejects unsupported placement and rhythm values while accepting finite aliases and branches (892.827ms)
✔ rejects unsupported finite values through React element factories (921.8001ms)
✔ accepts semantic composition, closed geometry and business-specific MUI primitives (6.3899ms)
✔ rejects rebuilding each shared spacing owner at a consumer (1.9373ms)
✔ follows aliases, local style variables, object spreads and namespace imports (0.8543ms)
✔ rejects direct and spread spacing overrides on semantic components (0.6532ms)
✔ rejects spacing or opaque spreads hidden in geometry (0.2608ms)
✔ allows the canonical owner implementation and fails closed on malformed source (1.0091ms)
✔ rejects duplicated parent boundary and duplicated Panel inset (0.6087ms)
✔ checks default MUI imports and fails closed for opaque geometry (0.3946ms)
✔ distinguishes content grids from flex flows when reporting the shared owner (0.3221ms)
✔ rejects page spacing for paired fields and peer Panels without a section gap owner (1.8811ms)
✔ related sibling gaps belong to ActionGroup comfortable density, not consumer Stack styles (0.5152ms)
✔ density profiles are finite and new spacing paths retain the shared owner (1.2578ms)
✔ Amount consumers declare wrapping outside DataTable columns and keep table money unbroken (22.7786ms)
✔ the shared catalog covers every public React component and supporting Column type (32.0357ms)
✔ SPC-067 covers discovered public Shared APIs without a fixed export count (1.0698ms)
✔ every public React API has a direct rendered contract test (1.7284ms)
✔ catalog declaration lines and stated JSX counts match resolved source symbols (20.4269ms)
✔ every shared React export has a resolved production consumer or an explicit zero-use lifecycle decision (22.7796ms)
✔ required UI evidence and regression gates remain wired to root verify and the active parent workflow (0.8148ms)
✔ composition prop allowlists match the TypeScript owners exactly (0.2493ms)
✔ QueryState uses only the approved inline and section pending profiles (0.3114ms)
✔ QueryState consumers reserve section loading for primary content and keep every other state inline by default (20.4355ms)
✔ body modes, placement roles and geometry keys match the TypeScript contracts (1.0829ms)
✔ Panel geometry and DataTable columns remain closed public contracts (4.7545ms)
✔ shared component and composition props expose no arbitrary layout/style escape hatch (0.2269ms)
✔ layout role types, runtime values, consumers and ownership documentation stay closed (3084.3003ms)
ℹ tests 41
ℹ suites 0
ℹ pass 41
ℹ fail 0
ℹ cancelled 0
ℹ skipped 0
ℹ todo 0
ℹ duration_ms 11532.6889
ui-composition PASS: 77 source files, 0 finding(s)


> botsales-frontend@0.1.0 test:evidence
> node --test tests/ui-evidence-validator.test.mjs && node scripts/validate-ui-evidence.mjs evidence/frontend-ui-improvements/ui-governance-rollout-20261007/S17-current-evidence.json

✔ accepts current fingerprints, honest open coverage, and explained N/A (6.1426ms)
✔ rejects a stale source fingerprint (3.9309ms)
✔ rejects a stale command log (3.4146ms)
✔ rejects missing, absolute, and escaping source paths (3.1136ms)
✔ rejects unrun, missing, duplicate, and nonzero command results marked PASS (3.2169ms)
✔ rejects PASS when expected and observed results differ (3.1868ms)
✔ rejects inconsistent coverage and N/A without a reason (3.2618ms)
✔ rejects a baseline falsely dated after implementation started and detects changed baseline artifacts (6.2006ms)
✔ COMPLETE cannot contain open coverage or failed commands (4.4269ms)
✔ S19 must explicitly reconcile files, APIs, routes, rendered routes, slots, and states (5.2926ms)
✔ rejects malformed top-level evidence instead of treating missing fields as success (2.2715ms)
ℹ tests 11
ℹ suites 0
ℹ pass 11
ℹ fail 0
ℹ cancelled 0
ℹ skipped 0
ℹ todo 0
ℹ duration_ms 101.9705
ui-evidence PASS: S17; 3 command/log record(s), 3 coverage row(s), 241 current fingerprint(s); status=COMPLETE
[BABEL] Note: The code generator has deoptimised the styling of C:\Users\Joker-PC\AppData\Local\Temp\botsales-vite-cache\6d945d5f53e329dc9ef7\direct-vite\33168\deps\react-dom_client.js?v=6b5d59ac as it exceeds the max of 500KB.

## contract-tests
command=node --test tests/contracts/generator.test.mjs
cwd=C:\Users\Joker-PC\AppData\Local\Temp\botsales-width-clean-20261009-kpLaTa\BotSalesAI_Frontend
exitCode=0
✔ canonical contracts validate and generate the API base path from OpenAPI (55.1428ms)
✔ rejects drift in OpenAPI YAML and operation index projections (88.7534ms)
✔ generated operation registry preserves required and optional query parameter metadata (25.7759ms)
✔ rejects unresolved schema references before generation (37.0563ms)
✔ rejects missing API version and a server URL outside same-origin path form (35.7405ms)
✔ rejects route-to-operation drift without rewriting the canonical manifest (40.4574ms)
✔ detects a stale generated file and accepts it after regeneration (3.9358ms)
ℹ tests 7
ℹ suites 0
ℹ pass 7
ℹ fail 0
ℹ cancelled 0
ℹ skipped 0
ℹ todo 0
ℹ duration_ms 361.3893

## build-demo
command=node "C:\Program Files\nodejs\node_modules\npm\bin\npm-cli.js" "--script-shell=cmd.exe" "run" "build:demo"
cwd=C:\Users\Joker-PC\AppData\Local\Temp\botsales-width-clean-20261009-kpLaTa\BotSalesAI_Frontend
exitCode=0

> botsales-frontend@0.1.0 build:demo
> npm run generate:check && npm run typecheck && npm run build:demo --workspace @botsales/web


> botsales-frontend@0.1.0 generate:check
> node scripts/generate.mjs --check

{"status":"PASS","outputs":11,"schemas":283,"operations":210,"routes":54}

> botsales-frontend@0.1.0 typecheck
> tsc -p apps/web/tsconfig.json --noEmit


> @botsales/web@0.1.0 build:demo
> vite build --mode demo --outDir dist-demo

vite v7.3.6 building client environment for demo...
transforming...
✓ 2277 modules transformed.
rendering chunks...
computing gzip size...
dist-demo/index.html                              1.19 kB │ gzip:   0.59 kB
dist-demo/assets/index-BQPx7lJM.css               3.56 kB │ gzip:   1.33 kB
dist-demo/assets/download-CWiaXb8A.js             0.24 kB │ gzip:   0.17 kB
dist-demo/assets/filters-Bi-qlnQp.js              0.32 kB │ gzip:   0.24 kB
dist-demo/assets/control-6gq2NE8L.js              0.72 kB │ gzip:   0.43 kB
dist-demo/assets/hooks-Iqw_Q9-6.js                4.58 kB │ gzip:   2.14 kB
dist-demo/assets/draft-conflict-DL7MUTfs.js       5.37 kB │ gzip:   2.48 kB
dist-demo/assets/index-tfyleFTv.js                8.31 kB │ gzip:   3.53 kB
dist-demo/assets/index-B-P2rShA.js                8.48 kB │ gzip:   3.37 kB
dist-demo/assets/index-D1PvNftt.js                9.33 kB │ gzip:   3.69 kB
dist-demo/assets/index-BGaYKHh6.js               13.99 kB │ gzip:   5.69 kB
dist-demo/assets/index-BznUY1xd.js               14.58 kB │ gzip:   4.92 kB
dist-demo/assets/index-CIGvitM-.js               14.90 kB │ gzip:   5.66 kB
dist-demo/assets/index-CCN0ahPB.js               16.56 kB │ gzip:   5.46 kB
dist-demo/assets/index-BJ9N15o9.js               17.81 kB │ gzip:   6.26 kB
dist-demo/assets/index-DjiEdwi9.js               18.37 kB │ gzip:   6.17 kB
dist-demo/assets/index-SXHXVnnP.js               18.48 kB │ gzip:   6.32 kB
dist-demo/assets/index-CjykhRIg.js               22.79 kB │ gzip:   7.88 kB
dist-demo/assets/index-pqoguh8c.js               24.36 kB │ gzip:   8.66 kB
dist-demo/assets/index-tJ1MWvvz.js               24.58 kB │ gzip:   8.36 kB
dist-demo/assets/index-xWaent_A.js               29.75 kB │ gzip:   9.65 kB
dist-demo/assets/query-5vm9EU1C.js               33.15 kB │ gzip:   9.92 kB
dist-demo/assets/index-BYI99n1e.js               33.87 kB │ gzip:  10.55 kB
dist-demo/assets/index-D1q8FZ0J.js               37.94 kB │ gzip:  10.46 kB
dist-demo/assets/i18n-xB0mQYCC.js                46.14 kB │ gzip:  15.12 kB
dist-demo/assets/schemas-Ct4RWo9M.js             80.75 kB │ gzip:  24.39 kB
dist-demo/assets/index-apChiCeg.js               94.61 kB │ gzip:  29.84 kB
dist-demo/assets/schema-validation-Bhr7oAQE.js  149.80 kB │ gzip:  45.12 kB
dist-demo/assets/service-BepI4YXI.js            159.35 kB │ gzip:  34.71 kB
dist-demo/assets/browser-BIB0k4Gl.js            255.64 kB │ gzip:  87.01 kB
dist-demo/assets/react-runtime-D0NtfbPC.js      279.78 kB │ gzip:  90.28 kB
dist-demo/assets/contract-data-D-QqiNa-.js      309.77 kB │ gzip:  37.31 kB
dist-demo/assets/charts-RcpaDpmM.js             313.03 kB │ gzip:  94.99 kB
dist-demo/assets/mui-azn9KfGV.js                328.33 kB │ gzip: 100.02 kB
✓ built in 3.44s

## repeat-production-build
command=node "C:\Program Files\nodejs\node_modules\npm\bin\npm-cli.js" "--script-shell=cmd.exe" "run" "build"
cwd=C:\Users\Joker-PC\AppData\Local\Temp\botsales-width-clean-20261009-kpLaTa\BotSalesAI_Frontend
exitCode=0

> botsales-frontend@0.1.0 build
> npm run generate:check && npm run typecheck && npm run build --workspace @botsales/web


> botsales-frontend@0.1.0 generate:check
> node scripts/generate.mjs --check

{"status":"PASS","outputs":11,"schemas":283,"operations":210,"routes":54}

> botsales-frontend@0.1.0 typecheck
> tsc -p apps/web/tsconfig.json --noEmit


> @botsales/web@0.1.0 build
> vite build --mode production

vite v7.3.6 building client environment for production...
transforming...
✓ 2061 modules transformed.
rendering chunks...
computing gzip size...
dist/index.html                              1.19 kB │ gzip:   0.60 kB
dist/assets/index-BQPx7lJM.css               3.56 kB │ gzip:   1.33 kB
dist/assets/download-8lJFmiSZ.js             0.23 kB │ gzip:   0.17 kB
dist/assets/filters-CVitQAxr.js              0.32 kB │ gzip:   0.25 kB
dist/assets/hooks-Bh4yxJox.js                4.58 kB │ gzip:   2.15 kB
dist/assets/draft-conflict-zCgoI5Xq.js       5.37 kB │ gzip:   2.48 kB
dist/assets/index-Cqcxzoya.js                7.94 kB │ gzip:   3.17 kB
dist/assets/index-CJHxTmt7.js                8.31 kB │ gzip:   3.53 kB
dist/assets/index-CMvvAnNB.js                9.32 kB │ gzip:   3.69 kB
dist/assets/index-DBIcZpOb.js               13.80 kB │ gzip:   5.63 kB
dist/assets/index-zoSlvthM.js               14.58 kB │ gzip:   4.92 kB
dist/assets/index-Bcu-6ktU.js               14.74 kB │ gzip:   5.43 kB
dist/assets/index-CYsHE65O.js               15.21 kB │ gzip:   5.85 kB
dist/assets/index-D0E7snO7.js               16.16 kB │ gzip:   5.51 kB
dist/assets/index-D8AXfWDG.js               16.40 kB │ gzip:   5.41 kB
dist/assets/index-0SsNDo-_.js               17.81 kB │ gzip:   6.26 kB
dist/assets/index-DYR1XjDe.js               18.37 kB │ gzip:   6.17 kB
dist/assets/index-D7DNvjQd.js               24.13 kB │ gzip:   8.60 kB
dist/assets/index-nLTWfh-I.js               24.18 kB │ gzip:   8.20 kB
dist/assets/index-dIniEi9r.js               29.24 kB │ gzip:   9.51 kB
dist/assets/index-Ycmkpmtf.js               31.62 kB │ gzip:   9.82 kB
dist/assets/query-5vm9EU1C.js               33.15 kB │ gzip:   9.92 kB
dist/assets/index-BbZjuB2W.js               37.94 kB │ gzip:  10.46 kB
dist/assets/i18n-xB0mQYCC.js                46.14 kB │ gzip:  15.12 kB
dist/assets/schemas-Ct4RWo9M.js             80.75 kB │ gzip:  24.39 kB
dist/assets/index-BMbdLtv2.js               90.44 kB │ gzip:  28.61 kB
dist/assets/schema-validation-Bhr7oAQE.js  149.80 kB │ gzip:  45.12 kB
dist/assets/react-runtime-D0NtfbPC.js      279.78 kB │ gzip:  90.28 kB
dist/assets/contract-data-BIzYYkc1.js      303.99 kB │ gzip:  36.17 kB
dist/assets/charts-CQ4oecFO.js             313.03 kB │ gzip:  94.99 kB
dist/assets/mui-Bz_aCSm2.js                328.33 kB │ gzip: 100.02 kB
✓ built in 2.91s

## repeat-demo-build
command=node "C:\Program Files\nodejs\node_modules\npm\bin\npm-cli.js" "--script-shell=cmd.exe" "run" "build:demo"
cwd=C:\Users\Joker-PC\AppData\Local\Temp\botsales-width-clean-20261009-kpLaTa\BotSalesAI_Frontend
exitCode=0

> botsales-frontend@0.1.0 build:demo
> npm run generate:check && npm run typecheck && npm run build:demo --workspace @botsales/web


> botsales-frontend@0.1.0 generate:check
> node scripts/generate.mjs --check

{"status":"PASS","outputs":11,"schemas":283,"operations":210,"routes":54}

> botsales-frontend@0.1.0 typecheck
> tsc -p apps/web/tsconfig.json --noEmit


> @botsales/web@0.1.0 build:demo
> vite build --mode demo --outDir dist-demo

vite v7.3.6 building client environment for demo...
transforming...
✓ 2277 modules transformed.
rendering chunks...
computing gzip size...
dist-demo/index.html                              1.19 kB │ gzip:   0.59 kB
dist-demo/assets/index-BQPx7lJM.css               3.56 kB │ gzip:   1.33 kB
dist-demo/assets/download-CWiaXb8A.js             0.24 kB │ gzip:   0.17 kB
dist-demo/assets/filters-Bi-qlnQp.js              0.32 kB │ gzip:   0.24 kB
dist-demo/assets/control-6gq2NE8L.js              0.72 kB │ gzip:   0.43 kB
dist-demo/assets/hooks-Iqw_Q9-6.js                4.58 kB │ gzip:   2.14 kB
dist-demo/assets/draft-conflict-DL7MUTfs.js       5.37 kB │ gzip:   2.48 kB
dist-demo/assets/index-tfyleFTv.js                8.31 kB │ gzip:   3.53 kB
dist-demo/assets/index-B-P2rShA.js                8.48 kB │ gzip:   3.37 kB
dist-demo/assets/index-D1PvNftt.js                9.33 kB │ gzip:   3.69 kB
dist-demo/assets/index-BGaYKHh6.js               13.99 kB │ gzip:   5.69 kB
dist-demo/assets/index-BznUY1xd.js               14.58 kB │ gzip:   4.92 kB
dist-demo/assets/index-CIGvitM-.js               14.90 kB │ gzip:   5.66 kB
dist-demo/assets/index-CCN0ahPB.js               16.56 kB │ gzip:   5.46 kB
dist-demo/assets/index-BJ9N15o9.js               17.81 kB │ gzip:   6.26 kB
dist-demo/assets/index-DjiEdwi9.js               18.37 kB │ gzip:   6.17 kB
dist-demo/assets/index-SXHXVnnP.js               18.48 kB │ gzip:   6.32 kB
dist-demo/assets/index-CjykhRIg.js               22.79 kB │ gzip:   7.88 kB
dist-demo/assets/index-pqoguh8c.js               24.36 kB │ gzip:   8.66 kB
dist-demo/assets/index-tJ1MWvvz.js               24.58 kB │ gzip:   8.36 kB
dist-demo/assets/index-xWaent_A.js               29.75 kB │ gzip:   9.65 kB
dist-demo/assets/query-5vm9EU1C.js               33.15 kB │ gzip:   9.92 kB
dist-demo/assets/index-BYI99n1e.js               33.87 kB │ gzip:  10.55 kB
dist-demo/assets/index-D1q8FZ0J.js               37.94 kB │ gzip:  10.46 kB
dist-demo/assets/i18n-xB0mQYCC.js                46.14 kB │ gzip:  15.12 kB
dist-demo/assets/schemas-Ct4RWo9M.js             80.75 kB │ gzip:  24.39 kB
dist-demo/assets/index-apChiCeg.js               94.61 kB │ gzip:  29.84 kB
dist-demo/assets/schema-validation-Bhr7oAQE.js  149.80 kB │ gzip:  45.12 kB
dist-demo/assets/service-BepI4YXI.js            159.35 kB │ gzip:  34.71 kB
dist-demo/assets/browser-BIB0k4Gl.js            255.64 kB │ gzip:  87.01 kB
dist-demo/assets/react-runtime-D0NtfbPC.js      279.78 kB │ gzip:  90.28 kB
dist-demo/assets/contract-data-D-QqiNa-.js      309.77 kB │ gzip:  37.31 kB
dist-demo/assets/charts-RcpaDpmM.js             313.03 kB │ gzip:  94.99 kB
dist-demo/assets/mui-azn9KfGV.js                328.33 kB │ gzip: 100.02 kB
✓ built in 3.30s

## production-unavailable-smoke
command=node "C:\Users\Joker-PC\AppData\Local\Temp\botsales-width-clean-20261009-kpLaTa\BotSalesAI_Frontend\production-unavailable-smoke-current-20261009.mjs"
cwd=C:\Users\Joker-PC\AppData\Local\Temp\botsales-width-clean-20261009-kpLaTa\BotSalesAI_Frontend
exitCode=0
[production-unavailable-smoke] {"scope":"FRONTEND_WITH_SYNTHETIC_MOCK_API","artifact":"apps/web/dist","route":"/s/shop-demo/overview","apiUnavailable":true,"explicitErrorVisible":true,"automaticMockFallback":false,"sessionRequests":1,"mockWorkerRequests":0}

artifactManifest={"productionAfterVerify":{"fileCount":35,"totalBytes":1942505,"treeSha256":"fafb9b24e490c3084a60ff6a7b7ec9b96086396554509a7b406e38a0ddaf49e4","workerIncluded":false,"files":[{"path":"app-icon.svg","bytes":373,"sha256":"d0ed30dd4410fde97ebac0d7be8f2a6329cde38effdd109dd219036b85fdab27"},{"path":"app-sw.js","bytes":1187,"sha256":"9080a6f5bfdd8753d64bc3a5632ee626517a79bd9d989edb3cc54f089e721936"},{"path":"assets/charts-CQ4oecFO.js","bytes":313031,"sha256":"441ffc9804f390e596000259d9097f8f983b7414a5ea769cf115f3cc2cc45d25"},{"path":"assets/contract-data-BIzYYkc1.js","bytes":303991,"sha256":"eefcaed6dd2aa9c9a486754efe19af940cfb9a4e45756f4929a3ae5523892ac8"},{"path":"assets/download-8lJFmiSZ.js","bytes":230,"sha256":"9a8e735d740169508ef12c9df76e70df3df3c2d783fdb88d301cd422e8cd426e"},{"path":"assets/draft-conflict-zCgoI5Xq.js","bytes":5371,"sha256":"57ca65b59ca9982cf8dd5a48f4b6bf4d2c09fd5586e7f84de3d993e664209678"},{"path":"assets/filters-CVitQAxr.js","bytes":316,"sha256":"0c31488c9c1bfdfbcf0c4407aeb5164f9ac034e2dc571cd2553f8a976afd78a8"},{"path":"assets/hooks-Bh4yxJox.js","bytes":4580,"sha256":"3688a3b96dd9b9098637f125aee8bdfe6876edee59c380a39c075661abb4211a"},{"path":"assets/i18n-xB0mQYCC.js","bytes":46142,"sha256":"13644fbf7cd7df2f1f5dbf8d9d8b4e67124bcb1c28b64855469888db1f87ad24"},{"path":"assets/index-0SsNDo-_.js","bytes":17812,"sha256":"450fe1e28c25c5564fbd51032e9992968a74bc0a2e1f70b5d5af730388e3f492"},{"path":"assets/index-BMbdLtv2.js","bytes":90443,"sha256":"42f89e2347ec92308b9dd65ec3a8ff78d2e35e2905de57b8a2d9568bb5228e65"},{"path":"assets/index-BQPx7lJM.css","bytes":3564,"sha256":"a4ec85dc6c7b5fb62000019591a8aa24b0eeec962674aedf375462a82563b305"},{"path":"assets/index-BbZjuB2W.js","bytes":37941,"sha256":"f290fd6167560f896a19eee6c3587aeaeed983668523a30edcce6a2c827b699c"},{"path":"assets/index-Bcu-6ktU.js","bytes":14739,"sha256":"823c6aecf4d626cb931faabb4997f3938b89dbb2faf9c364f7ac7895b0858783"},{"path":"assets/index-CJHxTmt7.js","bytes":8305,"sha256":"8431f4fe91a4e391f707bd017f63bffa29c079835b41b9cc64fbfffbdb4eff9c"},{"path":"assets/index-CMvvAnNB.js","bytes":9322,"sha256":"00f0b2b91966a9516b56f55ab91a9ab25a8eed3040ccc8fd874280d46620cc6a"},{"path":"assets/index-CYsHE65O.js","bytes":15206,"sha256":"f5f862a0926407af949b31ec1b0bb6fecaccd0634d9a139f3823356cbb01604b"},{"path":"assets/index-Cqcxzoya.js","bytes":7941,"sha256":"51fa11ab3002e2986621b61743fe7a8168d38f61118164012515dd95da1e9919"},{"path":"assets/index-D0E7snO7.js","bytes":16155,"sha256":"e02d2a9cac0cfb6671e3d3e29753f4a511fd0105cb1f15dd18aa0f8e3786736b"},{"path":"assets/index-D7DNvjQd.js","bytes":24125,"sha256":"6e8717b2c0289e0210b3c167a9a68bfbb5c623fffa9d1d4967355c6e5838724c"},{"path":"assets/index-D8AXfWDG.js","bytes":16402,"sha256":"49cdd8e542af55fd1b8c3ffbc059f8bd2d86838faef05f4b1b7237c2d5b71842"},{"path":"assets/index-DBIcZpOb.js","bytes":13799,"sha256":"a3c4df72ced8b2cc90234e9aab9af55e2403fa15fefd46368cb5fdbd7ca5a0db"},{"path":"assets/index-DYR1XjDe.js","bytes":18365,"sha256":"8a2e245758b836b2d287ef79bb2f4bfe98a8cc622a8632b4ed783a50f4ddbb90"},{"path":"assets/index-Ycmkpmtf.js","bytes":31618,"sha256":"c56812e33ede96f9e89e62e6d2f89fbddaece38e8313ef00ea87f50e9cb1e178"},{"path":"assets/index-dIniEi9r.js","bytes":29238,"sha256":"c67f3ce73aa819ea40b9ce3759178df5578e2e0fcbbc29f4f55d4c88c2a5c340"},{"path":"assets/index-nLTWfh-I.js","bytes":24175,"sha256":"263a6b4c72ee09fd7ccce0929e92023e81bd9b1409acc03074e6919b2f05ee39"},{"path":"assets/index-zoSlvthM.js","bytes":14582,"sha256":"e84fca6af631e927c63cfbc24f8771489044490d4967cad4b9aa3e521567b035"},{"path":"assets/mui-Bz_aCSm2.js","bytes":328326,"sha256":"f5e8d31741fcfacabe2e870a463acd5276073e9b78250aedc9b36cb40bcbcd1d"},{"path":"assets/query-5vm9EU1C.js","bytes":33154,"sha256":"59fc23875862ba142b1e9059d7a4ace925c491196d120b34a9c80b9b2744f83d"},{"path":"assets/react-runtime-D0NtfbPC.js","bytes":279779,"sha256":"cf962651294a083f09b7bb7e480d6094fcf60c8d1e0f68d93cf11e11edd45118"},{"path":"assets/schema-validation-Bhr7oAQE.js","bytes":149800,"sha256":"d15d3ecd00c25627b4b9c7e8a55997b20fd8a0480e3a3269b55473cff83b3647"},{"path":"assets/schemas-Ct4RWo9M.js","bytes":80749,"sha256":"ac69c8161e1991df96c06d5eb9ea91d64c742b5a7102604e4f81c03a69f8d30f"},{"path":"index.html","bytes":1185,"sha256":"429b2e1520d5a181c8f7da57c7134be5b427d682d8ec44add4a482ead413a811"},{"path":"manifest.webmanifest","bytes":332,"sha256":"ea8e42e73426d3a399074bda5bc722b60955b8bb93d3be1d32425882fbb6ca53"},{"path":"samples/products.csv","bytes":227,"sha256":"51b4eabb0beb11d93e7b86fd5ef252fa3c1dc4b20782f8eaf4cbac783e3109d5"}]},"demoFirstBuild":{"fileCount":39,"totalBytes":2391478,"treeSha256":"f2a7705b6f782f77bbd57d6ef299b046fdb4164dce4b14fd64b69a64c36ab0d9","workerIncluded":true,"files":[{"path":"app-icon.svg","bytes":373,"sha256":"d0ed30dd4410fde97ebac0d7be8f2a6329cde38effdd109dd219036b85fdab27"},{"path":"app-sw.js","bytes":1187,"sha256":"9080a6f5bfdd8753d64bc3a5632ee626517a79bd9d989edb3cc54f089e721936"},{"path":"assets/browser-BIB0k4Gl.js","bytes":255636,"sha256":"ab42a5ce1dd7a73b24e53869273ed306359d01a9440f7557c2729799de7b4a6d"},{"path":"assets/charts-RcpaDpmM.js","bytes":313031,"sha256":"902a10c7526d03091b8d6a53a4217b3714eb6319488abe363b789606eee71118"},{"path":"assets/contract-data-D-QqiNa-.js","bytes":309769,"sha256":"eaafc38117364ea7ab02b292c0f829c660f9e10401b8e042df0802cfd413b01b"},{"path":"assets/control-6gq2NE8L.js","bytes":724,"sha256":"d1b3243f08a4ffcda96aae0a55271275193cb754a547f55ed134e731b7a13c14"},{"path":"assets/download-CWiaXb8A.js","bytes":241,"sha256":"0e78970ab1b31fdcc54910e92fb351800f24b3a3a54e3f00ddf5a46b0ee2aefb"},{"path":"assets/draft-conflict-DL7MUTfs.js","bytes":5371,"sha256":"b1d157ea7a784deedb8f365536cff2507c1f7726627c4e44ebb7fdef81c045f7"},{"path":"assets/filters-Bi-qlnQp.js","bytes":316,"sha256":"7b1e552ef7622a318c73d10894d594b097d77641707a17a20479df96c593d44e"},{"path":"assets/hooks-Iqw_Q9-6.js","bytes":4582,"sha256":"229fe4ef3091fed55123b8c295c04509bb49014de9b3d19fc16e93fde0b1d080"},{"path":"assets/i18n-xB0mQYCC.js","bytes":46142,"sha256":"13644fbf7cd7df2f1f5dbf8d9d8b4e67124bcb1c28b64855469888db1f87ad24"},{"path":"assets/index-B-P2rShA.js","bytes":8482,"sha256":"6cdefd99290ede45c4e3312bfd848406373973467deb3676711ea7e8a3c177eb"},{"path":"assets/index-BGaYKHh6.js","bytes":13985,"sha256":"97f01532c5b274b0e0f509d505981fede2b47e5ec4f698c40a3f4a69bb08a81b"},{"path":"assets/index-BJ9N15o9.js","bytes":17812,"sha256":"1d2a014aaf90e3bfcdcfe6bc2ef1a830a0dd9716501aaa691475670495c8ad98"},{"path":"assets/index-BQPx7lJM.css","bytes":3564,"sha256":"a4ec85dc6c7b5fb62000019591a8aa24b0eeec962674aedf375462a82563b305"},{"path":"assets/index-BYI99n1e.js","bytes":33874,"sha256":"30097706fc82d2e031e108a84cc338f5748f2adc22cd6e5563f0d337cb746c93"},{"path":"assets/index-BznUY1xd.js","bytes":14582,"sha256":"cce00f9cd3d799f985bf2209ee036703a40ff24dd2878296f6269dec68c54ad9"},{"path":"assets/index-CCN0ahPB.js","bytes":16561,"sha256":"61ed0c0dafc9e12deb5a1f0f5ee3a72f575bdb4cdd78f3d7a110d2a5ca366793"},{"path":"assets/index-CIGvitM-.js","bytes":14903,"sha256":"52b631e773bcb3eab7f020fcf2eaa0be2f0585109f540427c5b82ff66db1e1dd"},{"path":"assets/index-CjykhRIg.js","bytes":22793,"sha256":"a8faaf223c8649b2054da450305f22149f14540c7b52c72a59370cc557f26f35"},{"path":"assets/index-D1PvNftt.js","bytes":9327,"sha256":"4fe4fcb1b8a57d8de632c5eaaf80a0404dc81e3eff6a0c96ded6abcf69bc55e2"},{"path":"assets/index-D1q8FZ0J.js","bytes":37941,"sha256":"44045cbb1296f933be358e480cd5f4fe9a1a456b3b4493b86156f6dccc2eaf42"},{"path":"assets/index-DjiEdwi9.js","bytes":18365,"sha256":"35e01c2b534be65368326e4aae219ecd8fb9f0cb9196865e2be2dc39f0c276b6"},{"path":"assets/index-SXHXVnnP.js","bytes":18481,"sha256":"b56c34159607e2dd0863748f036dd1f732d495e67d87c273e14553ef9496bb32"},{"path":"assets/index-apChiCeg.js","bytes":94611,"sha256":"dc4fdd9ba216aa4ab198690ac2186cd3cd9f31c5fcc549a5bf7455cbcc3b191e"},{"path":"assets/index-pqoguh8c.js","bytes":24359,"sha256":"ee6efec9d6f1c4208749daf12e983e06475a534f643386a77d76db76d08c23e7"},{"path":"assets/index-tJ1MWvvz.js","bytes":24584,"sha256":"c9508d0546c53d81406c7d932b9208f218a492b80faf70820e5b67e9ade62c08"},{"path":"assets/index-tfyleFTv.js","bytes":8305,"sha256":"dd1aafcc6416e043195eacc75344784b185504ccddcb9d21b9826629691f3452"},{"path":"assets/index-xWaent_A.js","bytes":29746,"sha256":"4105a1840a00823b4293a2e3ab7ae04f7a94d92d928fc724984dd5b61b7b941d"},{"path":"assets/mui-azn9KfGV.js","bytes":328326,"sha256":"23033088ba6e83e3b1b82eb11daf38061fab58b98a5c997b98d81ea0cbdbbc72"},{"path":"assets/query-5vm9EU1C.js","bytes":33154,"sha256":"59fc23875862ba142b1e9059d7a4ace925c491196d120b34a9c80b9b2744f83d"},{"path":"assets/react-runtime-D0NtfbPC.js","bytes":279779,"sha256":"cf962651294a083f09b7bb7e480d6094fcf60c8d1e0f68d93cf11e11edd45118"},{"path":"assets/schema-validation-Bhr7oAQE.js","bytes":149800,"sha256":"d15d3ecd00c25627b4b9c7e8a55997b20fd8a0480e3a3269b55473cff83b3647"},{"path":"assets/schemas-Ct4RWo9M.js","bytes":80749,"sha256":"ac69c8161e1991df96c06d5eb9ea91d64c742b5a7102604e4f81c03a69f8d30f"},{"path":"assets/service-BepI4YXI.js","bytes":159351,"sha256":"f34691f2561486f583155b602875b48510743be69750efd5877958382c12dbf1"},{"path":"index.html","bytes":1185,"sha256":"e37b187b1b812387ffc84052f0c3aab5ec58c3a9eaedf88fc1b119f2b30fc550"},{"path":"manifest.webmanifest","bytes":332,"sha256":"ea8e42e73426d3a399074bda5bc722b60955b8bb93d3be1d32425882fbb6ca53"},{"path":"mockServiceWorker.js","bytes":8928,"sha256":"3e3b8fd4d49f22241f1782e15474251074ab5e9ad129fdffc8a3192630941ccc"},{"path":"samples/products.csv","bytes":227,"sha256":"51b4eabb0beb11d93e7b86fd5ef252fa3c1dc4b20782f8eaf4cbac783e3109d5"}]},"productionRepeat":{"fileCount":35,"totalBytes":1942505,"treeSha256":"fafb9b24e490c3084a60ff6a7b7ec9b96086396554509a7b406e38a0ddaf49e4","workerIncluded":false,"files":[{"path":"app-icon.svg","bytes":373,"sha256":"d0ed30dd4410fde97ebac0d7be8f2a6329cde38effdd109dd219036b85fdab27"},{"path":"app-sw.js","bytes":1187,"sha256":"9080a6f5bfdd8753d64bc3a5632ee626517a79bd9d989edb3cc54f089e721936"},{"path":"assets/charts-CQ4oecFO.js","bytes":313031,"sha256":"441ffc9804f390e596000259d9097f8f983b7414a5ea769cf115f3cc2cc45d25"},{"path":"assets/contract-data-BIzYYkc1.js","bytes":303991,"sha256":"eefcaed6dd2aa9c9a486754efe19af940cfb9a4e45756f4929a3ae5523892ac8"},{"path":"assets/download-8lJFmiSZ.js","bytes":230,"sha256":"9a8e735d740169508ef12c9df76e70df3df3c2d783fdb88d301cd422e8cd426e"},{"path":"assets/draft-conflict-zCgoI5Xq.js","bytes":5371,"sha256":"57ca65b59ca9982cf8dd5a48f4b6bf4d2c09fd5586e7f84de3d993e664209678"},{"path":"assets/filters-CVitQAxr.js","bytes":316,"sha256":"0c31488c9c1bfdfbcf0c4407aeb5164f9ac034e2dc571cd2553f8a976afd78a8"},{"path":"assets/hooks-Bh4yxJox.js","bytes":4580,"sha256":"3688a3b96dd9b9098637f125aee8bdfe6876edee59c380a39c075661abb4211a"},{"path":"assets/i18n-xB0mQYCC.js","bytes":46142,"sha256":"13644fbf7cd7df2f1f5dbf8d9d8b4e67124bcb1c28b64855469888db1f87ad24"},{"path":"assets/index-0SsNDo-_.js","bytes":17812,"sha256":"450fe1e28c25c5564fbd51032e9992968a74bc0a2e1f70b5d5af730388e3f492"},{"path":"assets/index-BMbdLtv2.js","bytes":90443,"sha256":"42f89e2347ec92308b9dd65ec3a8ff78d2e35e2905de57b8a2d9568bb5228e65"},{"path":"assets/index-BQPx7lJM.css","bytes":3564,"sha256":"a4ec85dc6c7b5fb62000019591a8aa24b0eeec962674aedf375462a82563b305"},{"path":"assets/index-BbZjuB2W.js","bytes":37941,"sha256":"f290fd6167560f896a19eee6c3587aeaeed983668523a30edcce6a2c827b699c"},{"path":"assets/index-Bcu-6ktU.js","bytes":14739,"sha256":"823c6aecf4d626cb931faabb4997f3938b89dbb2faf9c364f7ac7895b0858783"},{"path":"assets/index-CJHxTmt7.js","bytes":8305,"sha256":"8431f4fe91a4e391f707bd017f63bffa29c079835b41b9cc64fbfffbdb4eff9c"},{"path":"assets/index-CMvvAnNB.js","bytes":9322,"sha256":"00f0b2b91966a9516b56f55ab91a9ab25a8eed3040ccc8fd874280d46620cc6a"},{"path":"assets/index-CYsHE65O.js","bytes":15206,"sha256":"f5f862a0926407af949b31ec1b0bb6fecaccd0634d9a139f3823356cbb01604b"},{"path":"assets/index-Cqcxzoya.js","bytes":7941,"sha256":"51fa11ab3002e2986621b61743fe7a8168d38f61118164012515dd95da1e9919"},{"path":"assets/index-D0E7snO7.js","bytes":16155,"sha256":"e02d2a9cac0cfb6671e3d3e29753f4a511fd0105cb1f15dd18aa0f8e3786736b"},{"path":"assets/index-D7DNvjQd.js","bytes":24125,"sha256":"6e8717b2c0289e0210b3c167a9a68bfbb5c623fffa9d1d4967355c6e5838724c"},{"path":"assets/index-D8AXfWDG.js","bytes":16402,"sha256":"49cdd8e542af55fd1b8c3ffbc059f8bd2d86838faef05f4b1b7237c2d5b71842"},{"path":"assets/index-DBIcZpOb.js","bytes":13799,"sha256":"a3c4df72ced8b2cc90234e9aab9af55e2403fa15fefd46368cb5fdbd7ca5a0db"},{"path":"assets/index-DYR1XjDe.js","bytes":18365,"sha256":"8a2e245758b836b2d287ef79bb2f4bfe98a8cc622a8632b4ed783a50f4ddbb90"},{"path":"assets/index-Ycmkpmtf.js","bytes":31618,"sha256":"c56812e33ede96f9e89e62e6d2f89fbddaece38e8313ef00ea87f50e9cb1e178"},{"path":"assets/index-dIniEi9r.js","bytes":29238,"sha256":"c67f3ce73aa819ea40b9ce3759178df5578e2e0fcbbc29f4f55d4c88c2a5c340"},{"path":"assets/index-nLTWfh-I.js","bytes":24175,"sha256":"263a6b4c72ee09fd7ccce0929e92023e81bd9b1409acc03074e6919b2f05ee39"},{"path":"assets/index-zoSlvthM.js","bytes":14582,"sha256":"e84fca6af631e927c63cfbc24f8771489044490d4967cad4b9aa3e521567b035"},{"path":"assets/mui-Bz_aCSm2.js","bytes":328326,"sha256":"f5e8d31741fcfacabe2e870a463acd5276073e9b78250aedc9b36cb40bcbcd1d"},{"path":"assets/query-5vm9EU1C.js","bytes":33154,"sha256":"59fc23875862ba142b1e9059d7a4ace925c491196d120b34a9c80b9b2744f83d"},{"path":"assets/react-runtime-D0NtfbPC.js","bytes":279779,"sha256":"cf962651294a083f09b7bb7e480d6094fcf60c8d1e0f68d93cf11e11edd45118"},{"path":"assets/schema-validation-Bhr7oAQE.js","bytes":149800,"sha256":"d15d3ecd00c25627b4b9c7e8a55997b20fd8a0480e3a3269b55473cff83b3647"},{"path":"assets/schemas-Ct4RWo9M.js","bytes":80749,"sha256":"ac69c8161e1991df96c06d5eb9ea91d64c742b5a7102604e4f81c03a69f8d30f"},{"path":"index.html","bytes":1185,"sha256":"429b2e1520d5a181c8f7da57c7134be5b427d682d8ec44add4a482ead413a811"},{"path":"manifest.webmanifest","bytes":332,"sha256":"ea8e42e73426d3a399074bda5bc722b60955b8bb93d3be1d32425882fbb6ca53"},{"path":"samples/products.csv","bytes":227,"sha256":"51b4eabb0beb11d93e7b86fd5ef252fa3c1dc4b20782f8eaf4cbac783e3109d5"}]},"demoRepeat":{"fileCount":39,"totalBytes":2391478,"treeSha256":"f2a7705b6f782f77bbd57d6ef299b046fdb4164dce4b14fd64b69a64c36ab0d9","workerIncluded":true,"files":[{"path":"app-icon.svg","bytes":373,"sha256":"d0ed30dd4410fde97ebac0d7be8f2a6329cde38effdd109dd219036b85fdab27"},{"path":"app-sw.js","bytes":1187,"sha256":"9080a6f5bfdd8753d64bc3a5632ee626517a79bd9d989edb3cc54f089e721936"},{"path":"assets/browser-BIB0k4Gl.js","bytes":255636,"sha256":"ab42a5ce1dd7a73b24e53869273ed306359d01a9440f7557c2729799de7b4a6d"},{"path":"assets/charts-RcpaDpmM.js","bytes":313031,"sha256":"902a10c7526d03091b8d6a53a4217b3714eb6319488abe363b789606eee71118"},{"path":"assets/contract-data-D-QqiNa-.js","bytes":309769,"sha256":"eaafc38117364ea7ab02b292c0f829c660f9e10401b8e042df0802cfd413b01b"},{"path":"assets/control-6gq2NE8L.js","bytes":724,"sha256":"d1b3243f08a4ffcda96aae0a55271275193cb754a547f55ed134e731b7a13c14"},{"path":"assets/download-CWiaXb8A.js","bytes":241,"sha256":"0e78970ab1b31fdcc54910e92fb351800f24b3a3a54e3f00ddf5a46b0ee2aefb"},{"path":"assets/draft-conflict-DL7MUTfs.js","bytes":5371,"sha256":"b1d157ea7a784deedb8f365536cff2507c1f7726627c4e44ebb7fdef81c045f7"},{"path":"assets/filters-Bi-qlnQp.js","bytes":316,"sha256":"7b1e552ef7622a318c73d10894d594b097d77641707a17a20479df96c593d44e"},{"path":"assets/hooks-Iqw_Q9-6.js","bytes":4582,"sha256":"229fe4ef3091fed55123b8c295c04509bb49014de9b3d19fc16e93fde0b1d080"},{"path":"assets/i18n-xB0mQYCC.js","bytes":46142,"sha256":"13644fbf7cd7df2f1f5dbf8d9d8b4e67124bcb1c28b64855469888db1f87ad24"},{"path":"assets/index-B-P2rShA.js","bytes":8482,"sha256":"6cdefd99290ede45c4e3312bfd848406373973467deb3676711ea7e8a3c177eb"},{"path":"assets/index-BGaYKHh6.js","bytes":13985,"sha256":"97f01532c5b274b0e0f509d505981fede2b47e5ec4f698c40a3f4a69bb08a81b"},{"path":"assets/index-BJ9N15o9.js","bytes":17812,"sha256":"1d2a014aaf90e3bfcdcfe6bc2ef1a830a0dd9716501aaa691475670495c8ad98"},{"path":"assets/index-BQPx7lJM.css","bytes":3564,"sha256":"a4ec85dc6c7b5fb62000019591a8aa24b0eeec962674aedf375462a82563b305"},{"path":"assets/index-BYI99n1e.js","bytes":33874,"sha256":"30097706fc82d2e031e108a84cc338f5748f2adc22cd6e5563f0d337cb746c93"},{"path":"assets/index-BznUY1xd.js","bytes":14582,"sha256":"cce00f9cd3d799f985bf2209ee036703a40ff24dd2878296f6269dec68c54ad9"},{"path":"assets/index-CCN0ahPB.js","bytes":16561,"sha256":"61ed0c0dafc9e12deb5a1f0f5ee3a72f575bdb4cdd78f3d7a110d2a5ca366793"},{"path":"assets/index-CIGvitM-.js","bytes":14903,"sha256":"52b631e773bcb3eab7f020fcf2eaa0be2f0585109f540427c5b82ff66db1e1dd"},{"path":"assets/index-CjykhRIg.js","bytes":22793,"sha256":"a8faaf223c8649b2054da450305f22149f14540c7b52c72a59370cc557f26f35"},{"path":"assets/index-D1PvNftt.js","bytes":9327,"sha256":"4fe4fcb1b8a57d8de632c5eaaf80a0404dc81e3eff6a0c96ded6abcf69bc55e2"},{"path":"assets/index-D1q8FZ0J.js","bytes":37941,"sha256":"44045cbb1296f933be358e480cd5f4fe9a1a456b3b4493b86156f6dccc2eaf42"},{"path":"assets/index-DjiEdwi9.js","bytes":18365,"sha256":"35e01c2b534be65368326e4aae219ecd8fb9f0cb9196865e2be2dc39f0c276b6"},{"path":"assets/index-SXHXVnnP.js","bytes":18481,"sha256":"b56c34159607e2dd0863748f036dd1f732d495e67d87c273e14553ef9496bb32"},{"path":"assets/index-apChiCeg.js","bytes":94611,"sha256":"dc4fdd9ba216aa4ab198690ac2186cd3cd9f31c5fcc549a5bf7455cbcc3b191e"},{"path":"assets/index-pqoguh8c.js","bytes":24359,"sha256":"ee6efec9d6f1c4208749daf12e983e06475a534f643386a77d76db76d08c23e7"},{"path":"assets/index-tJ1MWvvz.js","bytes":24584,"sha256":"c9508d0546c53d81406c7d932b9208f218a492b80faf70820e5b67e9ade62c08"},{"path":"assets/index-tfyleFTv.js","bytes":8305,"sha256":"dd1aafcc6416e043195eacc75344784b185504ccddcb9d21b9826629691f3452"},{"path":"assets/index-xWaent_A.js","bytes":29746,"sha256":"4105a1840a00823b4293a2e3ab7ae04f7a94d92d928fc724984dd5b61b7b941d"},{"path":"assets/mui-azn9KfGV.js","bytes":328326,"sha256":"23033088ba6e83e3b1b82eb11daf38061fab58b98a5c997b98d81ea0cbdbbc72"},{"path":"assets/query-5vm9EU1C.js","bytes":33154,"sha256":"59fc23875862ba142b1e9059d7a4ace925c491196d120b34a9c80b9b2744f83d"},{"path":"assets/react-runtime-D0NtfbPC.js","bytes":279779,"sha256":"cf962651294a083f09b7bb7e480d6094fcf60c8d1e0f68d93cf11e11edd45118"},{"path":"assets/schema-validation-Bhr7oAQE.js","bytes":149800,"sha256":"d15d3ecd00c25627b4b9c7e8a55997b20fd8a0480e3a3269b55473cff83b3647"},{"path":"assets/schemas-Ct4RWo9M.js","bytes":80749,"sha256":"ac69c8161e1991df96c06d5eb9ea91d64c742b5a7102604e4f81c03a69f8d30f"},{"path":"assets/service-BepI4YXI.js","bytes":159351,"sha256":"f34691f2561486f583155b602875b48510743be69750efd5877958382c12dbf1"},{"path":"index.html","bytes":1185,"sha256":"e37b187b1b812387ffc84052f0c3aab5ec58c3a9eaedf88fc1b119f2b30fc550"},{"path":"manifest.webmanifest","bytes":332,"sha256":"ea8e42e73426d3a399074bda5bc722b60955b8bb93d3be1d32425882fbb6ca53"},{"path":"mockServiceWorker.js","bytes":8928,"sha256":"3e3b8fd4d49f22241f1782e15474251074ab5e9ad129fdffc8a3192630941ccc"},{"path":"samples/products.csv","bytes":227,"sha256":"51b4eabb0beb11d93e7b86fd5ef252fa3c1dc4b20782f8eaf4cbac783e3109d5"}]},"productionMarkerMatches":[],"demoFixtureMarkers":["Joker Studio","shop-second"]}
failure=none
scope=FRONTEND_WITH_SYNTHETIC_MOCK_API; no live Backend/provider, hosted CI run, deployment, staging, or production-hosting claim.
