✔ P10/P15 catch alias and neutral-wrapper duplicate insets through fragments and conditionals (828.2337ms)
✔ P20 resolves shared composition identities through a barrel and const component aliases (675.7273ms)
✔ P11/P13 catch static element access roles on every MUI surface, including Paper (467.4623ms)
✔ P12 checks React createElement and JSX-runtime element factories (539.6587ms)
✔ P14 resolves bodyMode literal aliases and fails closed when ownership is unknown (1235.5124ms)
✔ checks Panel ancestry when React elements are created natively (445.347ms)
✔ keeps independent nested surfaces and portaled dialogs as separate owners (823.0365ms)
✔ accepts finite bodyMode branches and every mode in the public component contracts (1207.8543ms)
✔ stops inherited gap ownership at Panels and independent bordered surfaces (744.2754ms)
✔ tracks gaps through fragments, conditions and ready QueryState, but not inside DOM wrappers (381.2624ms)
✔ applies the same finite modes and wrapper boundaries to native React factories (758.9787ms)
✔ recognizes native outlined Paper and nested Box surface inset boundaries (684.5539ms)
✔ fails closed when an unresolved custom wrapper obscures a semantic gap owner (596.9241ms)
✔ rejects unsupported placement and rhythm values while accepting finite aliases and branches (1066.5534ms)
✔ rejects unsupported finite values through React element factories (926.1449ms)
✔ accepts semantic composition, closed geometry and business-specific MUI primitives (7.3567ms)
✔ rejects rebuilding each shared spacing owner at a consumer (2.5954ms)
✔ follows aliases, local style variables, object spreads and namespace imports (1.367ms)
✔ rejects direct and spread spacing overrides on semantic components (1.0434ms)
✔ rejects spacing or opaque spreads hidden in geometry (0.4798ms)
✔ allows the canonical owner implementation and fails closed on malformed source (1.2583ms)
✔ rejects duplicated parent boundary and duplicated Panel inset (0.7551ms)
✔ checks default MUI imports and fails closed for opaque geometry (0.4143ms)
✔ distinguishes content grids from flex flows when reporting the shared owner (0.3416ms)
✔ rejects page spacing for paired fields and peer Panels without a section gap owner (2.4793ms)
✔ related sibling gaps belong to ActionGroup comfortable density, not consumer Stack styles (0.6119ms)
✔ Amount consumers declare wrapping outside DataTable columns and keep table money unbroken (37.6965ms)
✔ the shared catalog covers every public React component and supporting Column type (47.922ms)
✔ SPC-067 covers discovered public Shared APIs without a fixed export count (1.3926ms)
✔ every public React API has a direct rendered contract test (2.0374ms)
✔ catalog declaration lines and stated JSX counts match resolved source symbols (56.2448ms)
✔ every shared React export has a resolved production consumer or an explicit zero-use lifecycle decision (39.8774ms)
✔ required UI evidence and regression gates remain wired to root verify and the active parent workflow (1.3048ms)
✔ composition prop allowlists match the TypeScript owners exactly (0.3226ms)
✔ QueryState uses only the approved inline and section pending profiles (0.4611ms)
✔ QueryState consumers reserve section loading for primary content and keep every other state inline by default (30.1641ms)
✔ body modes, placement roles and geometry keys match the TypeScript contracts (1.1565ms)
✔ Panel geometry and DataTable columns remain closed public contracts (6.0575ms)
✔ shared component and composition props expose no arbitrary layout/style escape hatch (0.2574ms)
✔ layout role types, runtime values, consumers and ownership documentation stay closed (3739.8092ms)
ℹ tests 40
ℹ suites 0
ℹ pass 40
ℹ fail 0
ℹ cancelled 0
ℹ skipped 0
ℹ todo 0
ℹ duration_ms 12011.9934
