
> botsales-frontend@0.1.0 verify
> npm run generate:check && npm run test:source && npm run boundaries && npm run lint && npm run typecheck && npm run test:domain && npm test && npm run build && npm run test:layout && npm run test:visual-tokens && npm run test:ui-composition && npm run test:evidence


> botsales-frontend@0.1.0 generate:check
> node scripts/generate.mjs --check

{"status":"PASS","outputs":11,"schemas":283,"operations":210,"routes":54}

> botsales-frontend@0.1.0 test:source
> node scripts/check-source.mjs && node --test tests/source-checker.test.mjs

{
  "checkedAt": "2026-10-08T09:57:52.861Z",
  "scope": "Syntax, operation identifiers, route-source mapping, permissions and token adoption. NOT React typecheck, build or browser test.",
  "compiler": "5.9.2",
  "compilerSource": "project dependency",
  "files": 71,
  "operationCalls": 222,
  "routes": 54,
  "issues": [],
  "status": "PASS"
}
✔ module path classification accepts Windows and POSIX spellings, but excludes app files (1.402ms)
✔ the source-checker CLI rejects a prohibited color literal in a module (163.4427ms)
✔ the source-checker CLI accepts a token-based module and leaves app-level colors outside the rule (160.1401ms)
ℹ tests 3
ℹ suites 0
ℹ pass 3
ℹ fail 0
ℹ cancelled 0
ℹ skipped 0
ℹ todo 0
ℹ duration_ms 384.0488

> botsales-frontend@0.1.0 boundaries
> node scripts/check-boundaries.mjs

{
  "checkedAt": "2026-10-08T09:57:55.306Z",
  "scope": "AST imports resolve aliases/relative paths, module boundaries and cycles; parser diagnostics are errors",
  "files": 71,
  "imports": 534,
  "negativeFixtures": "Boundary fixtures: PASS 10/10 scenarios (allowed shared/public imports, alias, relative, app deep import, type-only, dynamic, unresolved, cycle, parser error).",
  "status": "PASS",
  "issues": []
}

> botsales-frontend@0.1.0 lint
> eslint apps/web/src --max-warnings 0


> botsales-frontend@0.1.0 typecheck
> tsc -p apps/web/tsconfig.json --noEmit


> botsales-frontend@0.1.0 test:domain
> node scripts/test-domain.mjs

{"status":"PASS","simulatorChecks":75,"networkChecks":13,"networkHandlers":210,"passed":88,"operations":89,"node":"v24.19.0","typescript":"5.9.2"}

> botsales-frontend@0.1.0 test
> vitest run --config apps/web/vitest.config.ts


 RUN  v5.0.3 C:/Users/Joker-PC/Documents/Projects/Bot-AI-Ban-hang-FB/BotSalesAI_Frontend

[BABEL] Note: The code generator has deoptimised the styling of C:\Users\Joker-PC\AppData\Local\Temp\botsales-vite-cache\ea27c7577456f6009d55\direct-vite\11452\deps\react-dom_client.js?v=7bd933bf as it exceeds the max of 500KB.

 Test Files  15 passed (15)
      Tests  174 passed (174)
   Start at  16:58:06
   Duration  6.44s (tests 36%, environment 30%, import 18%, setup 9%, transform 7%)


> botsales-frontend@0.1.0 build
> npm run generate:check && npm run typecheck && npm run build --workspace @botsales/web


> botsales-frontend@0.1.0 generate:check
> node scripts/generate.mjs --check

{"status":"PASS","outputs":11,"schemas":283,"operations":210,"routes":54}

> botsales-frontend@0.1.0 typecheck
> tsc -p apps/web/tsconfig.json --noEmit


> @botsales/web@0.1.0 build
> vite build --mode production

vite v7.3.6 building client environment for production...
transforming...
✓ 2061 modules transformed.
rendering chunks...
computing gzip size...
dist/index.html                              1.19 kB │ gzip:   0.60 kB
dist/assets/index-BQPx7lJM.css               3.56 kB │ gzip:   1.33 kB
dist/assets/download-8lJFmiSZ.js             0.23 kB │ gzip:   0.17 kB
dist/assets/filters-CVitQAxr.js              0.32 kB │ gzip:   0.25 kB
dist/assets/hooks-Cv_4e2Cr.js                4.58 kB │ gzip:   2.15 kB
dist/assets/draft-conflict-DZwuQ4Jl.js       5.35 kB │ gzip:   2.48 kB
dist/assets/index-D3K0wuib.js                7.85 kB │ gzip:   3.13 kB
dist/assets/index-D0RioPQj.js                8.31 kB │ gzip:   3.53 kB
dist/assets/index-aR7_g95y.js                9.79 kB │ gzip:   3.68 kB
dist/assets/index-BFAaq332.js               13.78 kB │ gzip:   5.63 kB
dist/assets/index-CjciyJml.js               14.52 kB │ gzip:   5.36 kB
dist/assets/index-DMj1ZX3C.js               14.57 kB │ gzip:   4.92 kB
dist/assets/index-BChnRWzN.js               15.21 kB │ gzip:   5.85 kB
dist/assets/index-CeozX49X.js               16.16 kB │ gzip:   5.51 kB
dist/assets/index-BReXMFH6.js               16.39 kB │ gzip:   5.41 kB
dist/assets/index-QLzE3xht.js               17.80 kB │ gzip:   6.26 kB
dist/assets/index-q_4zHCTY.js               18.33 kB │ gzip:   6.16 kB
dist/assets/index-EaGZM4Lu.js               23.69 kB │ gzip:   8.49 kB
dist/assets/index-CHgta7lE.js               23.76 kB │ gzip:   8.12 kB
dist/assets/index-CPOgjM4Q.js               28.41 kB │ gzip:   9.35 kB
dist/assets/index-DpFx1orP.js               31.55 kB │ gzip:   9.82 kB
dist/assets/query-5vm9EU1C.js               33.15 kB │ gzip:   9.92 kB
dist/assets/index-gUj81vKj.js               37.93 kB │ gzip:  10.46 kB
dist/assets/i18n-xB0mQYCC.js                46.14 kB │ gzip:  15.12 kB
dist/assets/schemas-Ct4RWo9M.js             80.75 kB │ gzip:  24.39 kB
dist/assets/index-B728J5Gc.js               88.85 kB │ gzip:  28.21 kB
dist/assets/schema-validation-Bhr7oAQE.js  149.80 kB │ gzip:  45.12 kB
dist/assets/react-runtime-D0NtfbPC.js      279.78 kB │ gzip:  90.28 kB
dist/assets/contract-data-BIzYYkc1.js      303.99 kB │ gzip:  36.17 kB
dist/assets/charts-CQ4oecFO.js             313.03 kB │ gzip:  94.99 kB
dist/assets/mui-Bz_aCSm2.js                328.33 kB │ gzip: 100.02 kB
✓ built in 3.12s

> botsales-frontend@0.1.0 test:layout
> node --test tests/layout-checker.test.mjs tests/ui-layout-binding-gates.test.mjs && node scripts/check-layout.mjs

✔ accepts semantic bridge roles, the closed token-derived factor map, geometry, and reset values (982.3025ms)
✔ rejects a CSS spacing role without a declared shared owner (915.6744ms)
✔ rejects scale-conforming and off-scale literals in sx, responsive leaves, named and namespace MUI System props (918.7453ms)
✔ follows local aliases and style callbacks; rejects theme spacing helpers and preset overrides (924.8046ms)
✔ scans nested slotProps but does not confuse event handlers or geometric dimensions with spacing (923.528ms)
✔ keeps Panel geometry inspectable and rejects spacing hidden in its geometry prop (2764.8606ms)
✔ accepts only an exact CSS exception and reports stale or mismatched exception scope (2748.6983ms)
✔ rejects malformed TypeScript, malformed CSS, bad exception schema, and raw values in the bridge (3645.6404ms)
✔ rejects canonical pixel tokens used as MUI factors and an altered bridge factor table (1831.1199ms)
✔ report mode inventories migration debt without turning findings into PASS (909.8429ms)
✔ canonical writes through casts and aliases fail outside style expressions (1005.9034ms)
✔ Object.assign cannot mutate canonical data but can copy to a fresh object (1883.3268ms)
✔ layout gate rejects raw spacing on const alias of MUI component (950.5849ms)
✔ canonical mutation gate follows global mutator aliases and reflection (942.2815ms)
✔ local mutator names do not acquire global mutation identity (960.3981ms)
✔ destructured mutators and call/apply retain canonical mutation checks (960.7815ms)
✔ global mutator call/apply can copy canonical values into fresh objects (958.5295ms)
✔ mutable aliases with possible canonical destinations fail closed (954.9344ms)
✔ opaque apply arguments fail closed while unrelated mutable data stays valid (1874.1872ms)
✔ canonical references inside containers and destructured aliases cannot be mutated (945.0059ms)
✔ independent shallow copies of scalar canonical fields remain mutable (947.3543ms)
✔ array references and nested destructuring preserve canonical write provenance (956.1568ms)
✔ array destinations distinguish independent elements from canonical references (942.4754ms)
✔ array destructuring, dynamic indices and spread cannot hide canonical references (946.8458ms)
✔ dynamic indices and destructuring of independent arrays stay mutable (946.2361ms)
✔ function parameters cannot hide canonical mutation across source files (955.0408ms)
✔ read-only helpers and mutations of unrelated arguments remain valid (923.6473ms)
✔ returned canonical references remain protected across helper boundaries (932.8632ms)
✔ helper returns of fresh scalar copies do not retain canonical destination identity (911.0079ms)
✔ destructured object parameters cannot mutate canonical arguments (961.4846ms)
✔ destructured object parameters retain independent argument mutability (946.6041ms)
✔ default parameter and binding initializers cannot hide canonical mutations (959.4411ms)
✔ fresh default parameter and binding copies remain mutable (935.9012ms)
✔ rest parameters retain canonical argument write provenance (918.2727ms)
✔ rest parameters distinguish independent positions from canonical siblings (922.2516ms)
✔ finite spread arguments preserve shifted positional and rest destinations (929.4641ms)
✔ finite spread expansion keeps independent argument positions mutable (994.8832ms)
✔ opaque spreads keep positional mutation destinations unknown (947.581ms)
✔ opaque spreads into read-only helpers do not invent mutation findings (919.411ms)
✔ array parameter patterns retain canonical positions including nested object arrays (1015.0527ms)
✔ array parameter patterns retain independent bound element mutability (926.5875ms)
✔ layout gate rejects parameter shadow of canonical layout name (909.1468ms)
✔ layout gate follows genuine renamed styled factory (906.798ms)
✔ layout gate accepts canonical namespace, element access and barrel alias (909.5331ms)
✔ layout gate does not mistake local component named Stack for MUI (917.3117ms)
✔ layout gate inspects renamed installed Emotion css tag (941.7011ms)
✔ layout gate preserves genuine aliased Controller field forwarding (936.5527ms)
✔ a same-named local Controller cannot exempt an unknown prop spread (962.2831ms)
✔ genuine useForm registration survives property and destructured aliases (987.064ms)
✔ a function named register cannot exempt injected style props (955.7008ms)
✔ a bridge callback parameter cannot impersonate its private factor binding (931.5121ms)
✔ opaque namespace component selection remains a strict binding failure (924.8126ms)
✔ opaque namespace factory cannot hide style arguments (922.4518ms)
✔ MUI re-export cannot hide raw spacing behind a first-party barrel (909.397ms)
✔ destructuring assignments cannot hide canonical write targets (938.4514ms)
✔ destructuring assignments can update independent copied destinations (927.8113ms)
✔ object rest retains nested canonical references while copying the outer object (932.8731ms)
✔ rest scalar copies and replacement of container references stay mutable (947.0165ms)
✔ shallow object spread preserves canonical child references and last-writer order (943.2245ms)
✔ shallow spread with a later independent override stays mutable (923.9042ms)
✔ exported mutable aliases retain assignments from their declaring file (939.2966ms)
✔ exported independent mutable data does not acquire canonical provenance (918.934ms)
✔ literal computed keys retain canonical container and parameter provenance (938.1495ms)
✔ literal computed keys do not taint independent selected properties (930.4991ms)
✔ Object.assign shallow copies retain canonical nested reference provenance (914.2976ms)
✔ Object.assign later independent overrides and scalar copies stay mutable (922.4611ms)
✔ union and dynamic property selections retain possible canonical destinations (921.7268ms)
✔ finite union property selections exclude canonical siblings not in the key set (931.7061ms)
✔ union selection over Object.assign output retains canonical child provenance (945.5741ms)
✔ union selection over independent Object.assign output remains mutable (918.0703ms)
✔ Reflect.set call/apply checks the target argument rather than the assigned value (2842.2298ms)
✔ aliased React createElement checks MUI and native style objects (911.3169ms)
✔ GlobalStyles.styles is checked and local createElement names stay local (1838.7933ms)
✔ React JSX runtime factories cannot bypass MUI or native style checks (943.7136ms)
✔ React cloneElement checks the cloned MUI element and preserves native props (3810.5745ms)
✔ Emotion css props and object factories are inspected with native CSS semantics (2790.8242ms)
✔ Inline style elements in JSX, React factories, DOM and the HTML entry fail closed (7378.9807ms)
✔ DOM CSSOM spacing writes use semantic roles and reject opaque style strings (1876.3721ms)
✔ HTML parsing and runtime stylesheet mutation cannot bypass the imported CSS boundary (1863.0287ms)
✔ spacing shorthand values and responsive breakpoints preserve token and unit provenance (9603.9402ms)
✔ function return producers cannot hide canonical children behind spreads (928.3368ms)
✔ producer spreads keep later independent child overrides writable (923.6584ms)
ℹ tests 82
ℹ suites 0
ℹ pass 82
ℹ fail 0
ℹ cancelled 0
ℹ skipped 0
ℹ todo 0
ℹ duration_ms 94065.8565
layout-check PASS: 79 source files, 0 finding(s), 1 exception(s) used

> botsales-frontend@0.1.0 test:visual-tokens
> node --test tests/visual-token-checker.test.mjs && node scripts/check-visual-tokens.mjs

✔ visual checker accepts canonical theme roles, token references, geometry and semantic responsive props (481.9522ms)
✔ visual checker rejects raw literals across sx, JSX system props and CSS declarations (292.2867ms)
✔ visual checker follows local style aliases and callback themes, but fails raw nested values (291.7158ms)
✔ visual checker reports unresolved spreads and malformed style sources as UNKNOWN or parse errors (273.6951ms)
✔ visual checker includes newly added TSX files under the source root (273.2538ms)
ℹ tests 5
ℹ suites 0
ℹ pass 5
ℹ fail 0
ℹ cancelled 0
ℹ skipped 0
ℹ todo 0
ℹ duration_ms 2044.9805
visual-token-check PASS: 78 source files, 0 finding(s)

> botsales-frontend@0.1.0 test:ui-composition
> node --test tests/ui-composition-checker.test.mjs tests/ui-composition-ancestry.test.mjs tests/ui-shared-api-contract.test.mjs && node scripts/check-ui-composition.mjs

✔ P10/P15 catch alias and neutral-wrapper duplicate insets through fragments and conditionals (435.5549ms)
✔ P20 resolves shared composition identities through a barrel and const component aliases (296.6365ms)
✔ P11/P13 catch static element access roles on every MUI surface, including Paper (301.0267ms)
✔ P12 checks React createElement and JSX-runtime element factories (278.6843ms)
✔ P14 resolves bodyMode literal aliases and fails closed when ownership is unknown (823.8881ms)
✔ checks Panel ancestry when React elements are created natively (269.5536ms)
✔ keeps independent nested surfaces and portaled dialogs as separate owners (532.3816ms)
✔ accepts finite bodyMode branches and every mode in the public component contracts (774.871ms)
✔ stops inherited gap ownership at Panels and independent bordered surfaces (520.7336ms)
✔ tracks gaps through fragments, conditions and ready QueryState, but not inside DOM wrappers (262.4636ms)
✔ applies the same finite modes and wrapper boundaries to native React factories (506.9033ms)
✔ recognizes native outlined Paper and nested Box surface inset boundaries (521.6896ms)
✔ fails closed when an unresolved custom wrapper obscures a semantic gap owner (249.4402ms)
✔ rejects unsupported placement and rhythm values while accepting finite aliases and branches (502.5484ms)
✔ rejects unsupported finite values through React element factories (513.5312ms)
✔ accepts semantic composition, closed geometry and business-specific MUI primitives (6.4207ms)
✔ rejects rebuilding each shared spacing owner at a consumer (2.0292ms)
✔ follows aliases, local style variables, object spreads and namespace imports (0.9248ms)
✔ rejects direct and spread spacing overrides on semantic components (0.583ms)
✔ rejects spacing or opaque spreads hidden in geometry (0.2611ms)
✔ allows the canonical owner implementation and fails closed on malformed source (1.0159ms)
✔ rejects duplicated parent boundary and duplicated Panel inset (0.6211ms)
✔ checks default MUI imports and fails closed for opaque geometry (0.3881ms)
✔ distinguishes content grids from flex flows when reporting the shared owner (0.3462ms)
✔ rejects page spacing for paired fields and peer Panels without a section gap owner (1.979ms)
✔ related sibling gaps belong to ActionGroup comfortable density, not consumer Stack styles (0.5551ms)
✔ the shared catalog covers every public React component and supporting Column type (36.6041ms)
✔ every public React API has a direct rendered contract test (1.3696ms)
✔ catalog declaration lines and stated JSX counts match resolved source symbols (27.1683ms)
✔ every shared React export has a resolved production consumer or an explicit zero-use lifecycle decision (20.2345ms)
✔ required UI evidence and regression gates remain wired to root verify and the active parent workflow (0.4263ms)
✔ composition prop allowlists match the TypeScript owners exactly (0.2101ms)
✔ QueryState uses only the approved inline and section pending profiles (0.3103ms)
✔ QueryState consumers reserve section loading for primary content and keep every other state inline by default (19.1397ms)
✔ body modes, placement roles and geometry keys match the TypeScript contracts (1.0856ms)
✔ Panel geometry and DataTable columns remain closed public contracts (4.4413ms)
✔ shared component and composition props expose no arbitrary layout/style escape hatch (0.1896ms)
✔ layout role types, runtime values, consumers and ownership documentation stay closed (2159.1365ms)
ℹ tests 38
ℹ suites 0
ℹ pass 38
ℹ fail 0
ℹ cancelled 0
ℹ skipped 0
ℹ todo 0
ℹ duration_ms 7233.7401
ui-composition PASS: 77 source files, 0 finding(s)


> botsales-frontend@0.1.0 test:evidence
> node --test tests/ui-evidence-validator.test.mjs && node scripts/validate-ui-evidence.mjs evidence/frontend-ui-improvements/ui-governance-rollout-20261007/S17-current-evidence.json

✔ accepts current fingerprints, honest open coverage, and explained N/A (5.6329ms)
✔ rejects a stale source fingerprint (3.4547ms)
✔ rejects a stale command log (3.3948ms)
✔ rejects missing, absolute, and escaping source paths (2.6986ms)
✔ rejects unrun, missing, duplicate, and nonzero command results marked PASS (2.9195ms)
✔ rejects PASS when expected and observed results differ (2.8836ms)
✔ rejects inconsistent coverage and N/A without a reason (2.7535ms)
✔ rejects a baseline falsely dated after implementation started and detects changed baseline artifacts (6.6369ms)
✔ COMPLETE cannot contain open coverage or failed commands (3.9595ms)
✔ S19 must explicitly reconcile files, APIs, routes, rendered routes, slots, and states (5.0683ms)
✔ rejects malformed top-level evidence instead of treating missing fields as success (1.9559ms)
ℹ tests 11
ℹ suites 0
ℹ pass 11
ℹ fail 0
ℹ cancelled 0
ℹ skipped 0
ℹ todo 0
ℹ duration_ms 99.0329
ui-evidence PASS: S17; 3 command/log record(s), 3 coverage row(s), 242 current fingerprint(s); status=COMPLETE
