
> botsales-frontend@0.1.0 test:layout
> node --test tests/layout-checker.test.mjs tests/ui-layout-binding-gates.test.mjs && node scripts/check-layout.mjs

✔ accepts semantic bridge roles, the closed token-derived factor map, geometry, and reset values (4678.1943ms)
✔ rejects a CSS spacing role without a declared shared owner (2326.9931ms)
✔ rejects scale-conforming and off-scale literals in sx, responsive leaves, named and namespace MUI System props (1579.5911ms)
✔ follows local aliases and style callbacks; rejects theme spacing helpers and preset overrides (1649.6049ms)
✔ scans nested slotProps but does not confuse event handlers or geometric dimensions with spacing (1410.7924ms)
✔ keeps Panel geometry inspectable and rejects spacing hidden in its geometry prop (3630.3318ms)
✔ accepts only an exact CSS exception and reports stale or mismatched exception scope (3309.8944ms)
✔ rejects malformed TypeScript, malformed CSS, bad exception schema, and raw values in the bridge (4274.5521ms)
✔ rejects canonical pixel tokens used as MUI factors and an altered bridge factor table (2065.674ms)
✔ report mode inventories migration debt without turning findings into PASS (988.3718ms)
✔ canonical writes through casts and aliases fail outside style expressions (4293.3926ms)
✔ Object.assign cannot mutate canonical data but can copy to a fresh object (3970.5839ms)
✔ layout gate rejects raw spacing on const alias of MUI component (1576.3835ms)
✔ canonical mutation gate follows global mutator aliases and reflection (1535.089ms)
✔ local mutator names do not acquire global mutation identity (1383.1025ms)
✔ destructured mutators and call/apply retain canonical mutation checks (1277.3603ms)
✔ global mutator call/apply can copy canonical values into fresh objects (1200.1155ms)
✔ mutable aliases with possible canonical destinations fail closed (1306.6724ms)
✔ opaque apply arguments fail closed while unrelated mutable data stays valid (2245.1798ms)
✔ canonical references inside containers and destructured aliases cannot be mutated (1078.46ms)
✔ independent shallow copies of scalar canonical fields remain mutable (1098.5277ms)
✔ array references and nested destructuring preserve canonical write provenance (1095.2409ms)
✔ array destinations distinguish independent elements from canonical references (1095.947ms)
✔ array destructuring, dynamic indices and spread cannot hide canonical references (1059.12ms)
✔ dynamic indices and destructuring of independent arrays stay mutable (1008.4106ms)
✔ function parameters cannot hide canonical mutation across source files (1037.7187ms)
✔ read-only helpers and mutations of unrelated arguments remain valid (998.2052ms)
✔ returned canonical references remain protected across helper boundaries (1000.4863ms)
✔ helper returns of fresh scalar copies do not retain canonical destination identity (1001.6973ms)
✔ destructured object parameters cannot mutate canonical arguments (1000.7136ms)
✔ destructured object parameters retain independent argument mutability (997.9913ms)
✔ default parameter and binding initializers cannot hide canonical mutations (996.7163ms)
✔ fresh default parameter and binding copies remain mutable (988.8383ms)
✔ rest parameters retain canonical argument write provenance (980.6877ms)
✔ rest parameters distinguish independent positions from canonical siblings (971.9726ms)
✔ finite spread arguments preserve shifted positional and rest destinations (994.4157ms)
✔ finite spread expansion keeps independent argument positions mutable (993.3666ms)
✔ opaque spreads keep positional mutation destinations unknown (994.7557ms)
✔ opaque spreads into read-only helpers do not invent mutation findings (1110.7383ms)
✔ array parameter patterns retain canonical positions including nested object arrays (1009.6866ms)
✔ array parameter patterns retain independent bound element mutability (1049.8845ms)
✔ layout gate rejects parameter shadow of canonical layout name (997.4246ms)
✔ layout gate follows genuine renamed styled factory (963.4168ms)
✔ layout gate accepts canonical namespace, element access and barrel alias (1031.466ms)
✔ layout gate does not mistake local component named Stack for MUI (965.0078ms)
✔ layout gate inspects renamed installed Emotion css tag (949.6193ms)
✔ layout gate preserves genuine aliased Controller field forwarding (976.9676ms)
✔ a same-named local Controller cannot exempt an unknown prop spread (969.6631ms)
✔ genuine useForm registration survives property and destructured aliases (970.764ms)
✔ a function named register cannot exempt injected style props (941.3445ms)
✔ a bridge callback parameter cannot impersonate its private factor binding (960.8499ms)
✔ opaque namespace component selection remains a strict binding failure (959.662ms)
✔ opaque namespace factory cannot hide style arguments (944.5739ms)
✔ MUI re-export cannot hide raw spacing behind a first-party barrel (957.2736ms)
✔ destructuring assignments cannot hide canonical write targets (947.9243ms)
✔ destructuring assignments can update independent copied destinations (967.0014ms)
✔ object rest retains nested canonical references while copying the outer object (1012.0649ms)
✔ rest scalar copies and replacement of container references stay mutable (962.9312ms)
✔ shallow object spread preserves canonical child references and last-writer order (984.9539ms)
✔ shallow spread with a later independent override stays mutable (929.2461ms)
✔ exported mutable aliases retain assignments from their declaring file (983.0811ms)
✔ exported independent mutable data does not acquire canonical provenance (961.9433ms)
✔ literal computed keys retain canonical container and parameter provenance (955.9951ms)
✔ literal computed keys do not taint independent selected properties (958.838ms)
✔ Object.assign shallow copies retain canonical nested reference provenance (998.2713ms)
✔ Object.assign later independent overrides and scalar copies stay mutable (992.2632ms)
✔ union and dynamic property selections retain possible canonical destinations (974.5916ms)
✔ finite union property selections exclude canonical siblings not in the key set (999.1163ms)
✔ union selection over Object.assign output retains canonical child provenance (986.0597ms)
✔ union selection over independent Object.assign output remains mutable (993.699ms)
✔ Reflect.set call/apply checks the target argument rather than the assigned value (3009.3862ms)
✔ aliased React createElement checks MUI and native style objects (1001.5074ms)
✔ GlobalStyles.styles is checked and local createElement names stay local (1978.1356ms)
✔ React JSX runtime factories cannot bypass MUI or native style checks (978.8938ms)
✔ React cloneElement checks the cloned MUI element and preserves native props (3980.7591ms)
✔ Emotion css props and object factories are inspected with native CSS semantics (2938.9545ms)
✔ Inline style elements in JSX, React factories, DOM and the HTML entry fail closed (8027.1092ms)
✔ DOM CSSOM spacing writes use semantic roles and reject opaque style strings (2031.0424ms)
✔ HTML parsing and runtime stylesheet mutation cannot bypass the imported CSS boundary (1943.1242ms)
✔ spacing shorthand values and responsive breakpoints preserve token and unit provenance (9721.7094ms)
✔ function return producers cannot hide canonical children behind spreads (976.2369ms)
✔ producer spreads keep later independent child overrides writable (965.8081ms)
ℹ tests 82
ℹ suites 0
ℹ pass 82
ℹ fail 0
ℹ cancelled 0
ℹ skipped 0
ℹ todo 0
ℹ duration_ms 107490.539
layout-check PASS: 79 source files, 0 finding(s), 1 exception(s) used
