
> botsales-frontend@0.1.0 test:ui-composition
> node --test tests/ui-composition-checker.test.mjs tests/ui-composition-ancestry.test.mjs tests/ui-shared-api-contract.test.mjs && node scripts/check-ui-composition.mjs

✔ P10/P15 catch alias and neutral-wrapper duplicate insets through fragments and conditionals (486.2556ms)
✔ P20 resolves shared composition identities through a barrel and const component aliases (314.0917ms)
✔ P11/P13 catch static element access roles on every MUI surface, including Paper (308.3768ms)
✔ P12 checks React createElement and JSX-runtime element factories (307.055ms)
✔ P14 resolves bodyMode literal aliases and fails closed when ownership is unknown (896.2531ms)
✔ checks Panel ancestry when React elements are created natively (335.7474ms)
✔ keeps independent nested surfaces and portaled dialogs as separate owners (790.126ms)
✔ accepts finite bodyMode branches and every mode in the public component contracts (1192.5139ms)
✔ stops inherited gap ownership at Panels and independent bordered surfaces (821.2018ms)
✔ tracks gaps through fragments, conditions and ready QueryState, but not inside DOM wrappers (447.0772ms)
✔ applies the same finite modes and wrapper boundaries to native React factories (862.3522ms)
✔ recognizes native outlined Paper and nested Box surface inset boundaries (810.964ms)
✔ fails closed when an unresolved custom wrapper obscures a semantic gap owner (397.6609ms)
✔ rejects unsupported placement and rhythm values while accepting finite aliases and branches (795.8005ms)
✔ rejects unsupported finite values through React element factories (820.5135ms)
✔ accepts semantic composition, closed geometry and business-specific MUI primitives (6.28ms)
✔ rejects rebuilding each shared spacing owner at a consumer (1.951ms)
✔ follows aliases, local style variables, object spreads and namespace imports (0.8538ms)
✔ rejects direct and spread spacing overrides on semantic components (0.7206ms)
✔ rejects spacing or opaque spreads hidden in geometry (0.2998ms)
✔ allows the canonical owner implementation and fails closed on malformed source (1.119ms)
✔ rejects duplicated parent boundary and duplicated Panel inset (0.6175ms)
✔ checks default MUI imports and fails closed for opaque geometry (0.3814ms)
✔ distinguishes content grids from flex flows when reporting the shared owner (0.3178ms)
✔ rejects page spacing for paired fields and peer Panels without a section gap owner (1.8149ms)
✔ related sibling gaps belong to ActionGroup comfortable density, not consumer Stack styles (0.5057ms)
✔ density profiles are finite and new spacing paths retain the shared owner (1.1714ms)
✔ Amount consumers declare wrapping outside DataTable columns and keep table money unbroken (57.7674ms)
✔ the shared catalog covers every public React component and supporting Column type (45.8087ms)
✔ SPC-067 covers discovered public Shared APIs without a fixed export count (0.8941ms)
✔ every public React API has a direct rendered contract test (1.2731ms)
✔ catalog declaration lines and stated JSX counts match resolved source symbols (91.5115ms)
✔ every shared React export has a resolved production consumer or an explicit zero-use lifecycle decision (56.9699ms)
✔ required UI evidence and regression gates remain wired to root verify and the active parent workflow (0.7968ms)
✔ composition prop allowlists match the TypeScript owners exactly (0.2495ms)
✔ QueryState uses only the approved inline and section pending profiles (0.3194ms)
✔ QueryState consumers reserve section loading for primary content and keep every other state inline by default (45.7789ms)
✔ body modes, placement roles and geometry keys match the TypeScript contracts (1.0475ms)
✔ Panel geometry and DataTable columns remain closed public contracts (4.6695ms)
✔ shared component and composition props expose no arbitrary layout/style escape hatch (0.2706ms)
✔ layout role types, runtime values, consumers and ownership documentation stay closed (3150.4156ms)
ℹ tests 41
ℹ suites 0
ℹ pass 41
ℹ fail 0
ℹ cancelled 0
ℹ skipped 0
ℹ todo 0
ℹ duration_ms 10168.4346
ui-composition PASS: 91 source files, 0 finding(s)

