
> botsales-frontend@0.1.0 test:layout
> node --test tests/layout-checker.test.mjs tests/ui-layout-binding-gates.test.mjs && node scripts/check-layout.mjs

✔ CSS label gap accepts the canonical direct pixel constructor and its exact owner/property (1090.001ms)
✔ CSS label gap cannot be used as an unrelated spacing property (1000.7391ms)
✔ CSS label gap rejects a raw pixel constructor argument (1004.5829ms)
✔ CSS label gap cannot impersonate a role from another owner (978.2138ms)
✔ accepts semantic bridge roles, the closed token-derived factor map, geometry, and reset values (996.0645ms)
✔ rejects a CSS spacing role without a declared shared owner (1016.217ms)
✔ rejects scale-conforming and off-scale literals in sx, responsive leaves, named and namespace MUI System props (1066.2041ms)
✔ follows local aliases and style callbacks; rejects theme spacing helpers and preset overrides (1057.3195ms)
✔ scans nested slotProps but does not confuse event handlers or geometric dimensions with spacing (1007.3189ms)
✔ keeps Panel geometry inspectable and rejects spacing hidden in its geometry prop (2971.8102ms)
✔ accepts only an exact CSS exception and reports stale or mismatched exception scope (2931.8398ms)
✔ rejects malformed TypeScript, malformed CSS, bad exception schema, and raw values in the bridge (3767.2622ms)
✔ rejects canonical pixel tokens used as MUI factors and an altered bridge factor table (1865.9631ms)
✔ report mode inventories migration debt without turning findings into PASS (940.2316ms)
✔ canonical writes through casts and aliases fail outside style expressions (1129.7668ms)
✔ Object.assign cannot mutate canonical data but can copy to a fresh object (2088.4858ms)
✔ layout gate rejects raw spacing on const alias of MUI component (1018.9434ms)
✔ canonical mutation gate follows global mutator aliases and reflection (1019.4174ms)
✔ local mutator names do not acquire global mutation identity (1048.5769ms)
✔ destructured mutators and call/apply retain canonical mutation checks (1132.1803ms)
✔ global mutator call/apply can copy canonical values into fresh objects (1065.8514ms)
✔ mutable aliases with possible canonical destinations fail closed (1057.0428ms)
✔ opaque apply arguments fail closed while unrelated mutable data stays valid (2070.3965ms)
✔ canonical references inside containers and destructured aliases cannot be mutated (1074.03ms)
✔ independent shallow copies of scalar canonical fields remain mutable (1036.2819ms)
✔ array references and nested destructuring preserve canonical write provenance (966.0254ms)
✔ array destinations distinguish independent elements from canonical references (975.8002ms)
✔ array destructuring, dynamic indices and spread cannot hide canonical references (977.4099ms)
✔ dynamic indices and destructuring of independent arrays stay mutable (956.4418ms)
✔ function parameters cannot hide canonical mutation across source files (982.3493ms)
✔ read-only helpers and mutations of unrelated arguments remain valid (963.054ms)
✔ returned canonical references remain protected across helper boundaries (967.7991ms)
✔ helper returns of fresh scalar copies do not retain canonical destination identity (963.2546ms)
✔ destructured object parameters cannot mutate canonical arguments (959.5583ms)
✔ destructured object parameters retain independent argument mutability (940.9251ms)
✔ default parameter and binding initializers cannot hide canonical mutations (968.3253ms)
✔ fresh default parameter and binding copies remain mutable (973.8627ms)
✔ rest parameters retain canonical argument write provenance (1090.6277ms)
✔ rest parameters distinguish independent positions from canonical siblings (1041.6905ms)
✔ finite spread arguments preserve shifted positional and rest destinations (1019.95ms)
✔ finite spread expansion keeps independent argument positions mutable (984.0562ms)
✔ opaque spreads keep positional mutation destinations unknown (991.7228ms)
✔ opaque spreads into read-only helpers do not invent mutation findings (1037.2627ms)
✔ array parameter patterns retain canonical positions including nested object arrays (1017.423ms)
✔ array parameter patterns retain independent bound element mutability (953.1959ms)
✔ layout gate rejects parameter shadow of canonical layout name (941.2807ms)
✔ layout gate follows genuine renamed styled factory (934.7459ms)
✔ layout gate accepts canonical namespace, element access and barrel alias (1011.1312ms)
✔ layout gate does not mistake local component named Stack for MUI (946.5644ms)
✔ layout gate inspects renamed installed Emotion css tag (956.6054ms)
✔ layout gate preserves genuine aliased Controller field forwarding (941.2935ms)
✔ a same-named local Controller cannot exempt an unknown prop spread (945.0364ms)
✔ genuine useForm registration survives property and destructured aliases (997.9393ms)
✔ a function named register cannot exempt injected style props (951.553ms)
✔ a bridge callback parameter cannot impersonate its private factor binding (942.3699ms)
✔ opaque namespace component selection remains a strict binding failure (1008.7762ms)
✔ opaque namespace factory cannot hide style arguments (957.2362ms)
✔ MUI re-export cannot hide raw spacing behind a first-party barrel (1074.7222ms)
✔ destructuring assignments cannot hide canonical write targets (950.9625ms)
✔ destructuring assignments can update independent copied destinations (952.3184ms)
✔ object rest retains nested canonical references while copying the outer object (954.5979ms)
✔ rest scalar copies and replacement of container references stay mutable (953.0829ms)
✔ shallow object spread preserves canonical child references and last-writer order (1028.0017ms)
✔ shallow spread with a later independent override stays mutable (941.1924ms)
✔ exported mutable aliases retain assignments from their declaring file (944.4121ms)
✔ exported independent mutable data does not acquire canonical provenance (937.075ms)
✔ literal computed keys retain canonical container and parameter provenance (955.3393ms)
✔ literal computed keys do not taint independent selected properties (938.4552ms)
✔ Object.assign shallow copies retain canonical nested reference provenance (947.2016ms)
✔ Object.assign later independent overrides and scalar copies stay mutable (953.4696ms)
✔ union and dynamic property selections retain possible canonical destinations (943.4896ms)
✔ finite union property selections exclude canonical siblings not in the key set (936.3979ms)
✔ union selection over Object.assign output retains canonical child provenance (944.6264ms)
✔ union selection over independent Object.assign output remains mutable (941.246ms)
✔ Reflect.set call/apply checks the target argument rather than the assigned value (2846.3026ms)
✔ aliased React createElement checks MUI and native style objects (936.8438ms)
✔ GlobalStyles.styles is checked and local createElement names stay local (1875.4985ms)
✔ React JSX runtime factories cannot bypass MUI or native style checks (950.0908ms)
✔ React cloneElement checks the cloned MUI element and preserves native props (3778.2866ms)
✔ Emotion css props and object factories are inspected with native CSS semantics (2812.6715ms)
✔ Inline style elements in JSX, React factories, DOM and the HTML entry fail closed (7410.0534ms)
✔ DOM CSSOM spacing writes use semantic roles and reject opaque style strings (1878.5379ms)
✔ HTML parsing and runtime stylesheet mutation cannot bypass the imported CSS boundary (1890.9168ms)
✔ spacing shorthand values and responsive breakpoints preserve token and unit provenance (9359.2018ms)
✔ function return producers cannot hide canonical children behind spreads (936.7575ms)
✔ producer spreads keep later independent child overrides writable (926.6357ms)
ℹ tests 86
ℹ suites 0
ℹ pass 86
ℹ fail 0
ℹ cancelled 0
ℹ skipped 0
ℹ todo 0
ℹ duration_ms 96981.2548
layout-check PASS: 93 source files, 0 finding(s), 1 exception(s) used
