{
  "executedAt": "2026-10-08T23:16:34.860Z",
  "taskId": "FE015",
  "stepId": "S02",
  "facts": [
    {
      "name": "Canonical task criteria",
      "action": "Hoàn thiện cashflow/journal nhiều dòng/COD/statements/matching/receivables/period UI; amount decimal string/currency, dữ liệu snapshot từ mock.",
      "verification": "Luồng happy path có payload/request và thay đổi state mock quan sát được; dữ liệu trả đúng schema và totals từ API. Ghi command/cwd/exit code, expected/observed, log/hash và source snapshot thực. Scope FRONTEND_WITH_SYNTHETIC_MOCK_API; không dùng kết quả prototype hoặc backend chưa chạy."
    },
    {
      "name": "Current task contract/source ownership",
      "routes": [
        {
          "id": "R20",
          "source": "apps/web/src/modules/finance/index.tsx",
          "component": "CashflowPage"
        },
        {
          "id": "R21",
          "source": "apps/web/src/modules/finance/index.tsx",
          "component": "EntriesPage"
        },
        {
          "id": "R22",
          "source": "apps/web/src/modules/finance/index.tsx",
          "component": "ProfitLossPage"
        },
        {
          "id": "R48",
          "source": "apps/web/src/modules/finance/index.tsx",
          "component": "JournalsPage"
        },
        {
          "id": "R49",
          "source": "apps/web/src/modules/finance/index.tsx",
          "component": "ReconciliationPage"
        },
        {
          "id": "R50",
          "source": "apps/web/src/modules/finance/index.tsx",
          "component": "DebtsPage"
        }
      ],
      "operationIds": [
        "closeAccountingPeriod",
        "createFinanceEntry",
        "createJournal",
        "getCashflow",
        "getCommand",
        "getFinanceEntry",
        "getJournal",
        "getProfitLoss",
        "importBankStatement",
        "importCODStatement",
        "listAccountingPeriods",
        "listBankTransactions",
        "listCODSettlements",
        "listDebtItems",
        "listFinanceEntries",
        "listJournals",
        "listReconciliationCases",
        "matchCODSettlement",
        "matchSettlement",
        "postFinanceEntry",
        "postJournal",
        "reopenAccountingPeriod",
        "reverseFinanceEntry",
        "reverseJournal",
        "updateFinanceEntry"
      ],
      "crosswalk": {
        "operations": 210,
        "files": 71,
        "calls": 222,
        "unresolved": 0
      }
    },
    {
      "name": "Named executed owner behavior",
      "scope": "owner suite",
      "cases": [
        "FE015.AC01 report filters use exact timezone boundaries and mock API aggregates",
        "FE021.E08 report explanation is mock-only, cites the filtered P&L snapshot, and never writes finance data",
        "UI003 report timestamps follow the active shop timezone",
        "FE015.E02/E03 profit report renders canonical cost, gross-profit and operating-expense values",
        "FE015.AC02 journal rejects unbalanced decimal lines before POST and sends exact money strings",
        "FE015.AC02 closed accounting period is visible and disables journal draft creation",
        "FE015.AC03 CSV import keeps partial row failures visible and deduplicates external transactions",
        "UI001 reconciliation cursors stay scoped and dialogs load choices beyond the visible table page",
        "FE015.AC03 COD settlement matches net remittance plus documented fee",
        "FE015.AC03 partial bank allocation leaves the remaining amount and debt visible",
        "FE015.AC03 unknown journal posting is not resent from the same draft",
        "A01 order lines keep intrinsic remove actions with clean and invalid quantities",
        "A02 product editors align category and status faces independently from lookup metadata",
        "Shared outlined labels focus empty and populated native controls",
        "A02 variant fields retain readable widths when text doubles",
        "A03 import mapping preserves natural remove actions and editable mappings",
        "A04 full precision money wraps outside tables and remains unbroken in the named scroll region",
        "A05 status height follows its own label while long labels remain fully readable",
        "A06 Empty wraps unbroken reference text and retains its keyboard action",
        "A07 locked order addresses expose full text and edit lines retain intrinsic actions"
      ],
      "executions": 40,
      "assertionInventory": [
        {
          "file": "tests/fe015.spec.ts",
          "sha256": "aa701e02703a32e7203757173977d8f6347aec697fb7be598a89f82e73d8ea19",
          "cases": [
            {
              "title": "FE015.AC01 report filters use exact timezone boundaries and mock API aggregates",
              "line": 50,
              "assertions": [
                "expect(from).toBeVisible()",
                "expect(septemberResponse.status()).toBe(200)",
                "expect(report).toMatchObject({ from: '2026-08-31T17:00:00.000Z', to: '2026-10-01T17:00:00.000Z', timezone: 'Asia/Vientiane' })",
                "expect(report.receipts.amount).toBe('249000')",
                "expect(report.disbursements.amount).toBe('274000')",
                "expect(october.receipts.amount).toBe('0')",
                "expect(october.disbursements.amount).toBe('0')",
                "expect(profitResponse.status()).toBe(200)",
                "expect(profit).toHaveProperty('policyVersion', 'synthetic-policy-1')",
                "expect(profit).toHaveProperty('asOf')"
              ],
              "projects": [
                "chromium",
                "firefox"
              ]
            },
            {
              "title": "FE021.E08 report explanation is mock-only, cites the filtered P&L snapshot, and never writes finance data",
              "line": 96,
              "assertions": [
                "expect(page.getByRole('heading', { name: 'Lợi nhuận quản trị', exact: true })).toBeVisible()",
                "expect(page.getByRole('heading', { name: 'Hỏi đáp có nguồn', exact: true })).toBeVisible()",
                "expect(page.getByText(/Chế độ mô phỏng: câu trả lời theo mẫu cố định/)).toBeVisible()",
                "expect(explanation).toBeVisible()",
                "expect(explanation).toContainText('Snapshot báo cáo ghi nhận doanh thu thuần')",
                "expect(explanation).toContainText('Khoảng báo cáo')",
                "expect(explanation).toContainText('synthetic-policy-1')",
                "expect(explanation.getByText(/getProfitLoss chưa trả về journal ID/)).toBeVisible()",
                "expect(writes).toEqual([])"
              ],
              "projects": [
                "chromium",
                "firefox"
              ]
            },
            {
              "title": "UI003 report timestamps follow the active shop timezone",
              "line": 117,
              "assertions": [
                "expect(timezone).toHaveValue('Asia/Vientiane')",
                "expect(updateResponse.status()).toBe(200)",
                "expect((await updateResponse.json()).data.timezone).toBe('UTC')",
                "expect(page.getByRole('status')).toContainText('Đã lưu cấu hình cửa hàng.')",
                "expect(utcReportResponse.status()).toBe(200)",
                "expect(utcReport).toMatchObject({ from: '2026-09-01T00:00:00.000Z', to: '2026-10-01T00:00:00.000Z', timezone: 'UTC' })",
                "expect(Date.parse(utcReport.asOf)).toBeGreaterThan(0)",
                "expect(page.locator('body')).toContainText(dateTime(utcReport.from, 'UTC'))",
                "expect(page.locator('body')).toContainText(dateTime(utcReport.to, 'UTC'))",
                "expect(page.locator('body')).toContainText(dateTime(utcReport.asOf, 'UTC'))",
                "expect(vientianeReportResponse.status()).toBe(200)",
                "expect(vientianeReport).toMatchObject({ from: '2026-08-31T17:00:00.000Z', to: '2026-09-30T17:00:00.000Z', timezone: 'Asia/Vientiane' })",
                "expect(Date.parse(vientianeReport.asOf)).toBeGreaterThan(0)",
                "expect(page.locator('body')).toContainText(dateTime(vientianeReport.from, 'Asia/Vientiane'))",
                "expect(page.locator('body')).toContainText(dateTime(vientianeReport.asOf, 'Asia/Vientiane'))"
              ],
              "projects": [
                "chromium",
                "firefox"
              ]
            },
            {
              "title": "FE015.E02/E03 profit report renders canonical cost, gross-profit and operating-expense values",
              "line": 174,
              "assertions": [
                "expect(response.status()).toBe(200)",
                "expect(page.getByRole('heading', { name: 'Lợi nhuận quản trị', exact: true })).toBeVisible()",
                "expect(page.getByText(label, { exact: true }).first()).toBeVisible()",
                "expect(page.getByText(formatMoney(amount), { exact: true }).first()).toBeVisible()",
                "expect(writes).toEqual([])"
              ],
              "projects": [
                "chromium",
                "firefox"
              ]
            },
            {
              "title": "FE015.AC02 journal rejects unbalanced decimal lines before POST and sends exact money strings",
              "line": 202,
              "assertions": [
                "expect(dialog.getByRole('alert').filter({ hasText: 'đang mở' })).toBeVisible()",
                "expect(save).toBeDisabled()",
                "expect(dialog.getByRole('alert').filter({ hasText: 'Cần cân bằng' })).toBeVisible()",
                "expect(dialog.getByRole('alert').filter({ hasText: 'Đã cân bằng' })).toBeVisible()",
                "expect(JSON.parse(request.postData() || 'null')).toEqual({\n        sourceType: 'manual', sourceId: 'FE015-JOURNAL-01', effectiveDate: '2026-09-29',\n        lines: [\n            { accountId: 'cash', debit: { amount: '100.25', currency: 'VND' }, credit: { amount: '0', currency: 'VND' }, description: 'Thu tiền mẫu' },\n            { accountId: 'sales', debit: { amount: '0', currency: 'VND' }, credit: { amount: '100.25', currency: 'VND' }, description: 'Doanh thu mẫu' },\n        ], reason: 'Ghi nhận bút toán kiểm thử cân bằng.',\n    })",
                "expect((await responseWait).status()).toBe(201)"
              ],
              "projects": [
                "chromium",
                "firefox"
              ]
            },
            {
              "title": "FE015.AC02 closed accounting period is visible and disables journal draft creation",
              "line": 237,
              "assertions": [
                "expect(period).toBeVisible()",
                "expect(JSON.parse((await closeRequest).postData() || 'null')).toEqual({ expectedVersion: 1 })",
                "expect((await closeResponse).status()).toBe(202)",
                "expect(period.getByText('Đã đóng', { exact: true })).toBeVisible()",
                "expect(journal.getByRole('alert').filter({ hasText: 'đã khóa; không thể tạo' })).toBeVisible()",
                "expect(journal.getByRole('button', { name: 'Lưu nháp' })).toBeDisabled()"
              ],
              "projects": [
                "chromium",
                "firefox"
              ]
            },
            {
              "title": "FE015.AC03 CSV import keeps partial row failures visible and deduplicates external transactions",
              "line": 258,
              "assertions": [
                "expect(response.status()).toBe(200)",
                "expect(payload.data).toMatchObject({ status: 'partial', total: 2, completed: 1, errorCount: 1 })",
                "expect(payload.data.rowErrors).toHaveLength(1)",
                "expect(page.getByRole('row').filter({ hasText: 'FE015-IMPORT-OK' })).toBeVisible()",
                "expect(page.getByRole('row').filter({ hasText: 'FE015-IMPORT-BAD' })).toHaveCount(0)",
                "expect(reimport.payload.data).toMatchObject({ status: 'failed', completed: 0, errorCount: 1 })",
                "expect(page.getByRole('row').filter({ hasText: 'FE015-IMPORT-OK' })).toHaveCount(1)"
              ],
              "projects": [
                "chromium",
                "firefox"
              ]
            },
            {
              "title": "UI001 reconciliation cursors stay scoped and dialogs load choices beyond the visible table page",
              "line": 281,
              "assertions": [
                "expect(bankImport.payload.data).toMatchObject({ status: 'succeeded', completed: 25, errorCount: 0 })",
                "expect(codImport.payload.data).toMatchObject({ status: 'succeeded', completed: 1, errorCount: 0 })",
                "expect(page.getByRole('row').filter({ hasText: 'FE015-UI001-BANK-05' })).toBeVisible()",
                "expect(page.getByRole('row').filter({ hasText: 'FE015-UI001-BANK-25' })).toHaveCount(0)",
                "expect(bankCursor).toBeTruthy()",
                "expect(new URL(page.url()).searchParams.has('codCursor')).toBe(false)",
                "expect(new URL(page.url()).searchParams.has('caseCursor')).toBe(false)",
                "expect(listRequests.some(request => request.collection === 'bank-transactions' && request.cursor === bankCursor)).toBe(true)",
                "expect(listRequests.filter(request => ['cod-settlements', 'reconciliation-cases'].includes(request.collection)).every(request => request.cursor === null)).toBe(true)",
                "expect(codRow).toBeVisible()",
                "expect(codDialog.getByRole('button', { name: 'Tải thêm giao dịch ngân hàng' })).toBeVisible()",
                "expect(codDialog.getByRole('button', { name: 'Xác nhận khớp' })).toBeEnabled()",
                "expect(page.getByRole('tab', { name: 'Chênh lệch cần xử lý' })).toHaveAttribute('aria-selected', 'true')",
                "expect(page.getByRole('alert').filter({ hasText: /Cursor không còn phù hợp|INVALID_CURSOR/ })).toHaveCount(0)",
                "expect(rows.nth(1)).toBeVisible()",
                "expect(caseRow).toBeDefined()",
                "expect(caseDialog.getByRole('textbox', { name: 'Giao dịch ngoài hệ thống' })).toHaveValue((await bankDetail).data.externalTransactionId)",
                "expect(caseDialog.getByRole('combobox', { name: 'Khoản công nợ' })).toContainText('seed-debtitem-10028')",
                "expect(listRequests.some(request => request.collection === 'debts' && request.cursor === null)).toBe(true)",
                "expect(caseDialog.getByRole('button', { name: 'Ghi kết quả đối soát' })).toBeEnabled()",
                "expect((await codMatchResponse).status()).toBe(202)",
                "expect(afterMatchBank.payload.data).toMatchObject({ status: 'succeeded', completed: 1, errorCount: 0 })",
                "expect(postMatchCase).toBeVisible()",
                "expect((await postMatchBankDetail.json()).data.externalTransactionId).toBe('FE015-UI001-POSTMATCH-BANK')",
                "expect(postMatchDialog.getByRole('textbox', { name: 'Giao dịch ngoài hệ thống' })).toHaveValue('FE015-UI001-POSTMATCH-BANK')",
                "expect(page.getByRole('option', { name: /seed-debtitem-10028/ })).toHaveCount(0)",
                "expect(new URL(page.url()).searchParams.has('bankCursor')).toBe(false)",
                "expect(page.getByRole('alert').filter({ hasText: /Cursor không còn phù hợp|INVALID_CURSOR/ })).toHaveCount(0)",
                "expect(invalidListResponses).toEqual([])"
              ],
              "projects": [
                "chromium",
                "firefox"
              ]
            },
            {
              "title": "FE015.AC03 COD settlement matches net remittance plus documented fee",
              "line": 408,
              "assertions": [
                "expect(codImport.payload.data).toMatchObject({ status: 'succeeded', completed: 1, errorCount: 0 })",
                "expect(codRow).toBeVisible()",
                "expect(codBody).toMatchObject({ expectedVersion: 1, actualFees: { amount: '20000', currency: 'VND' }, feeEvidenceRef: 'FEE-INVOICE-FE015-01' })",
                "expect((await codResponse).status()).toBe(202)",
                "expect(codRow.getByText('matched', { exact: true })).toBeVisible()",
                "expect(posts).toHaveLength(1)"
              ],
              "projects": [
                "chromium",
                "firefox"
              ]
            },
            {
              "title": "FE015.AC03 partial bank allocation leaves the remaining amount and debt visible",
              "line": 442,
              "assertions": [
                "expect(caseRow).toBeVisible()",
                "expect(allocationBody).toMatchObject({ allocations: [{ resource: { type: 'debt', id: 'seed-debtitem-10028' }, amount: { amount: '50000', currency: 'VND' } }] })",
                "expect((await allocationResponse).status()).toBe(202)",
                "expect(caseRow.getByText('suggested', { exact: true })).toBeVisible()",
                "expect(allocationDialog).toBeHidden()"
              ],
              "projects": [
                "chromium",
                "firefox"
              ]
            },
            {
              "title": "FE015.AC03 unknown journal posting is not resent from the same draft",
              "line": 467,
              "assertions": [
                "expect((await created).status()).toBe(201)",
                "expect(row).toBeVisible()",
                "expect((await postResponse).status()).toBe(202)",
                "expect(page.getByText(/Có 1 thao tác chưa xác minh kết quả/)).toBeVisible()",
                "expect(confirm.getByRole('alert')).toContainText(/chưa xác minh|chưa hoàn tất|unknown/i)",
                "expect.poll(() => postCalls.length).toBe(1)",
                "expect.poll(() => postCalls.length)",
                "expect(postCalls).toHaveLength(1)"
              ],
              "projects": [
                "chromium",
                "firefox"
              ]
            }
          ]
        },
        {
          "file": "tests/ui-component-layout.spec.ts",
          "sha256": "ed0f76f9f902a593d991c50bba9163d0d2a66a9df07478643779c09b83041e67",
          "cases": [
            {
              "title": "A01 order lines keep intrinsic remove actions with clean and invalid quantities",
              "line": 40,
              "assertions": [
                "expect(page.getByRole('button', { name: 'Bỏ dòng 1', exact: true })).toBeVisible()",
                "expect(geometry.actual).toBeLessThanOrEqual(geometry.natural + 1)",
                "expect(page.getByRole('combobox', { name: 'Sản phẩm 2', exact: true })).toBeVisible()",
                "expect(page.getByRole('combobox', { name: 'Sản phẩm 2', exact: true })).toHaveCount(0)"
              ],
              "projects": [
                "chromium",
                "firefox"
              ]
            },
            {
              "title": "A02 product editors align category and status faces independently from lookup metadata",
              "line": 61,
              "assertions": [
                "expect(page.getByRole('textbox', { name: 'Tìm danh mục', exact: true })).toBeVisible()",
                "expect(page.getByText('Đã tải 3 lựa chọn', { exact: true })).toBeVisible()",
                "expect(Math.abs(geometry.category.y - geometry.status.y)).toBeLessThanOrEqual(1)",
                "expect(geometry.status.y).toBeGreaterThan(geometry.category.y)",
                "expect(page.getByText('Không tìm thấy danh mục phù hợp.', { exact: true })).toBeVisible()",
                "expect(page.getByRole('textbox', { name: 'Tên sản phẩm', exact: true })).toHaveValue('Bản nháp cần giữ')",
                "expect(Math.abs(category!.y - status!.y)).toBeLessThanOrEqual(1)"
              ],
              "projects": [
                "chromium",
                "firefox"
              ]
            },
            {
              "title": "Shared outlined labels focus empty and populated native controls",
              "line": 84,
              "assertions": [
                "expect(control).toBeFocused()",
                "expect(control).toHaveValue(value)"
              ],
              "projects": [
                "chromium",
                "firefox"
              ]
            },
            {
              "title": "A02 variant fields retain readable widths when text doubles",
              "line": 99,
              "assertions": [
                "expect(name).toBeVisible()",
                "expect(labels.length).toBeGreaterThanOrEqual(3)",
                "expect(labels.filter(label => label.overlaps || label.outsideField)).toEqual([])",
                "expect(label.fieldBounds.right - label.fieldBounds.left).toBeGreaterThanOrEqual(120)",
                "expect(name).toHaveValue('Bản nháp biến thể cần giữ')",
                "expect(page.getByRole('textbox', { name: 'Tên / màu / kích cỡ', exact: true })).toHaveCount(initial + 1)",
                "expect(page.getByRole('textbox', { name: 'Tên / màu / kích cỡ', exact: true })).toHaveCount(initial)",
                "expect(name).toHaveValue('Bản nháp biến thể cần giữ')"
              ],
              "projects": [
                "chromium",
                "firefox"
              ]
            },
            {
              "title": "A03 import mapping preserves natural remove actions and editable mappings",
              "line": 130,
              "assertions": [
                "expect(remove).toHaveCount(5)",
                "expect(geometry.actual).toBeLessThanOrEqual(geometry.natural + 1)",
                "expect(remove).toHaveCount(4)",
                "expect(remove).toHaveCount(5)",
                "expect(page.getByRole('textbox', { name: 'Tên cột trong tệp', exact: true }).first()).toHaveValue('Mã SKU đã sửa')"
              ],
              "projects": [
                "chromium",
                "firefox"
              ]
            },
            {
              "title": "A04 full precision money wraps outside tables and remains unbroken in the named scroll region",
              "line": 150,
              "assertions": [
                "expect(amount).toHaveCount(2)",
                "expect(page.getByText(expected.negative, { exact: true })).toBeVisible()",
                "expect(await amount.first().evaluate(node => getComputedStyle(node).whiteSpace)).toBe('normal')",
                "expect(await amount.last().evaluate(node => getComputedStyle(node).whiteSpace)).toBe('nowrap')",
                "expect(clipping).toBe(false)",
                "expect(overflow).toBe(true)",
                "expect.poll(() => table.evaluate(node => node.scrollLeft)).toBeGreaterThan(before)",
                "expect.poll(() => table.evaluate(node => node.scrollLeft))",
                "expect(await table.evaluate(node => node.scrollLeft)).toBe(before)",
                "expect((await new AxeBuilder({ page }).include('main').analyze()).violations).toEqual([])"
              ],
              "projects": [
                "chromium",
                "firefox"
              ]
            },
            {
              "title": "A05 status height follows its own label while long labels remain fully readable",
              "line": 176,
              "assertions": [
                "expect(geometry.actual).toBeLessThanOrEqual(Math.max(geometry.minimum, geometry.label) + 1)",
                "expect(geometry.actual).toBeLessThanOrEqual(intrinsicSize.natural + 1)",
                "expect(long).toHaveText('Trạng thái chưa biết ' + 'A'.repeat(120))",
                "expect(await long.evaluate(node => node.scrollWidth <= node.clientWidth + 1)).toBe(true)",
                "expect((await new AxeBuilder({ page }).include('main').analyze()).violations).toEqual([])"
              ],
              "projects": [
                "chromium",
                "firefox"
              ]
            },
            {
              "title": "A06 Empty wraps unbroken reference text and retains its keyboard action",
              "line": 195,
              "assertions": [
                "expect(page.getByRole('status')).toContainText('Mã tham chiếu: ' + 'A'.repeat(120))",
                "expect(await text.evaluate(node => node.scrollWidth <= node.clientWidth + 1)).toBe(true)",
                "expect(action).toBeFocused()",
                "expect((await new AxeBuilder({ page }).include('main').analyze()).violations).toEqual([])"
              ],
              "projects": [
                "chromium",
                "firefox"
              ]
            },
            {
              "title": "A07 locked order addresses expose full text and edit lines retain intrinsic actions",
              "line": 208,
              "assertions": [
                "expect(dialog).toBeVisible()",
                "expect(address).toBeVisible()",
                "expect(dialog.getByRole('combobox', { name: /^Địa chỉ giao hàng/ })).toHaveCount(0)",
                "expect(dialog.getByRole('combobox', { name: /^Thanh toán/ })).toHaveCount(0)",
                "expect(dialog.getByRole('group', { name: 'Thanh toán', exact: true })).toContainText('Thu khi giao (COD)')",
                "expect(addressText).toHaveText(expected)",
                "expect(await addressText.evaluate(node => node.scrollWidth <= node.clientWidth + 1 && getComputedStyle(node).textOverflow !== 'ellipsis')).toBe(true)",
                "expect(geometry.actual).toBeLessThanOrEqual(geometry.natural + 1)",
                "expect(addressText).toHaveText(original!)",
                "expect((await new AxeBuilder({ page }).include('[role=\"dialog\"]').analyze()).violations).toEqual([])",
                "expect(option).toBeVisible()",
                "expect(await option.evaluate(node => {\n            const paper = node.closest('.MuiPaper-root')!.getBoundingClientRect(), range = document.createRange(); range.selectNodeContents(node);\n            return getComputedStyle(node).whiteSpace === 'normal' && [...range.getClientRects()].every(rect => rect.left >= paper.left - 1 && rect.right <= paper.right + 1);\n        })).toBe(true)",
                "expect(page.getByRole('listbox')).toHaveCount(0)"
              ],
              "projects": [
                "chromium",
                "firefox"
              ]
            }
          ]
        }
      ]
    },
    {
      "name": "Current shared dependency regressions",
      "unit": 175,
      "domain": 88,
      "sourceMap": 16,
      "browser": 614,
      "builtArtifact": 6,
      "limits": "Counts describe distinct suites; they are not added into a checkpoint percentage. Owner case and source checks above are required independently."
    },
    {
      "name": "Executed unit owners",
      "owners": [
        {
          "file": "apps/web/tests/versioned-draft.test.tsx",
          "sha256": "664d2c84a48ed012aee2039b70cd322fa63186e254b5cd246f86edc803b81ee8",
          "cases": [
            "F01/F02/F03 keeps the baseline version and draft across unrelated and conflicting server changes",
            "F01 requires choices for both-side changes and treats arrays as one field",
            "F01 rejects outdated comparison choices when the server changes again",
            "F01 removes newly hidden fields from comparison and outgoing patches",
            "F05-style save completion preserves edits made after submission and commits the authoritative version",
            "fingerprints ignore object key order but preserve array order, null and empty values",
            "F01 releases a dismissed editor baseline before reopening the same resource with newer data"
          ]
        },
        {
          "file": "apps/web/tests/command-lifetime.test.tsx",
          "sha256": "9c85b3fedbb57f9169f878112a0494121532be434b4a8fd1165955c61d36e2f5",
          "cases": [
            "F04 rejects a retained execute function from a previous scope before HTTP",
            "F04 does not report success when the scope closes while authoritative cache refresh is pending",
            "F04 rejects a pre-aborted execution without sending or recording an unknown mutation",
            "F04 only completes after authoritative success while the StrictMode scope remains alive"
          ]
        },
        {
          "file": "apps/web/tests/scope-events.test.tsx",
          "sha256": "5cea51724d2f1ca1c1d34325b7b310e57ff35754510452117e20329f301bb622",
          "cases": [
            "F09 narrows identified Inbox events and ignores duplicate/out-of-order/foreign-shop events",
            "F09 revocation closes the stream and refreshes the session even when its sequence is old",
            "F09 rejects callbacks from a disposed stream after shop/permission changes or unmount"
          ]
        }
      ],
      "limit": "Literal owner titles bind actual verbose output; parameterized cases remain covered by the whole 175-case run, without inventing separate executions."
    },
    {
      "name": "Compiled width behavior",
      "routeObservations": 216,
      "focusedCases": 30,
      "artifact": "built-shared-review.json",
      "limit": "Actual compiled geometry/axe/keyboard; counts remain separate from full browser suite."
    }
  ],
  "executionRecords": [
    {
      "stage": "composer-stability",
      "startedAt": "2026-10-08T22:04:51.889Z",
      "finishedAt": "2026-10-08T22:05:45.243Z",
      "log": {
        "path": "BotSalesAI_Frontend/evidence/frontend-shared-consolidation-20261009/runs/shared-1791497086991-68376/composer-stability.log",
        "sha256": "fa81aec433d11ecb23320a190321673579591590693cbfd704d319a39b8660d8"
      },
      "sourceDrift": []
    },
    {
      "stage": "imports-clearance-regression",
      "startedAt": "2026-10-08T22:02:21.334Z",
      "finishedAt": "2026-10-08T22:02:39.379Z",
      "log": {
        "path": "BotSalesAI_Frontend/evidence/frontend-shared-consolidation-20261009/runs/shared-1791496936285-58828/imports-clearance-regression.log",
        "sha256": "7d2e16cc4c11461e3296218078efc0bf0ba2d0e93ea30ec5956c3b760ebe4871"
      },
      "sourceDrift": []
    },
    {
      "stage": "e2e",
      "startedAt": "2026-10-08T22:11:38.622Z",
      "finishedAt": "2026-10-08T23:11:25.849Z",
      "log": {
        "path": "BotSalesAI_Frontend/evidence/frontend-shared-consolidation-20261009/runs/shared-1791497493248-49984/e2e.log",
        "sha256": "6fd084377cbd0e7a76ad5b770d18b7f0972253de81bd08fa5a45f88afd21f4b4"
      },
      "sourceDrift": []
    },
    {
      "stage": "verify",
      "startedAt": "2026-10-08T22:06:05.023Z",
      "finishedAt": "2026-10-08T22:09:18.030Z",
      "log": {
        "path": "BotSalesAI_Frontend/evidence/frontend-shared-consolidation-20261009/runs/shared-1791497165022-11008/verify.log",
        "sha256": "66c0700c579b8351b264a281a593b6eff11ec995dde473ba4dae7c30a19794e7"
      },
      "sourceDrift": []
    },
    {
      "stage": "unit",
      "startedAt": "2026-10-08T21:59:56.125Z",
      "finishedAt": "2026-10-08T22:00:04.585Z",
      "log": {
        "path": "BotSalesAI_Frontend/evidence/frontend-shared-consolidation-20261009/runs/shared-1791496796123-33904/unit.log",
        "sha256": "04c3f089347abe026dde44d521d08f622159956f409bd70ec43b328cfd3f8c5c"
      },
      "sourceDrift": []
    },
    {
      "stage": "source-maps",
      "startedAt": "2026-10-08T21:59:56.190Z",
      "finishedAt": "2026-10-08T21:59:56.428Z",
      "log": {
        "path": "BotSalesAI_Frontend/evidence/frontend-shared-consolidation-20261009/runs/shared-1791496796189-65096/source-maps.log",
        "sha256": "088c9148a0b6218ab388252154db0806095d725e2ed5323714b6318bb7e3ca2b"
      },
      "sourceDrift": []
    },
    {
      "stage": "built-demo",
      "startedAt": "2026-10-08T23:11:37.759Z",
      "finishedAt": "2026-10-08T23:14:51.054Z",
      "log": {
        "path": "BotSalesAI_Frontend/evidence/frontend-shared-consolidation-20261009/runs/shared-1791501092771-85932/built-demo.log",
        "sha256": "c4c97f6b06c5d750966fd536c524f0f58a09e39f56d8e1891198facf0689a4e0"
      },
      "sourceDrift": []
    },
    {
      "stage": "startup-cache-regression",
      "startedAt": "2026-10-08T22:02:44.491Z",
      "finishedAt": "2026-10-08T22:03:04.849Z",
      "log": {
        "path": "BotSalesAI_Frontend/evidence/frontend-shared-consolidation-20261009/runs/shared-1791496959473-24216/startup-cache-regression.log",
        "sha256": "9004892a42123b1fa16a7047cec6d68057259593767d75762ff9a96547219d19"
      },
      "sourceDrift": []
    },
    {
      "stage": "label-regression",
      "startedAt": "2026-10-08T22:03:10.257Z",
      "finishedAt": "2026-10-08T22:03:37.271Z",
      "log": {
        "path": "BotSalesAI_Frontend/evidence/frontend-shared-consolidation-20261009/runs/shared-1791496984953-80724/label-regression.log",
        "sha256": "c62aeda4db51ef709c08b7b981c921f2070e2f670d835fae186bf557271d04ae"
      },
      "sourceDrift": []
    },
    {
      "stage": "variant-regression",
      "startedAt": "2026-10-08T22:03:42.336Z",
      "finishedAt": "2026-10-08T22:04:21.603Z",
      "log": {
        "path": "BotSalesAI_Frontend/evidence/frontend-shared-consolidation-20261009/runs/shared-1791497017357-92224/variant-regression.log",
        "sha256": "7c76de255e9abb25a769266a7c55041d2ca03f6b8944655f037f20b854c67469"
      },
      "sourceDrift": []
    },
    {
      "stage": "label-focus-regression",
      "startedAt": "2026-10-08T22:04:27.114Z",
      "finishedAt": "2026-10-08T22:04:46.907Z",
      "log": {
        "path": "BotSalesAI_Frontend/evidence/frontend-shared-consolidation-20261009/runs/shared-1791497061691-27108/label-focus-regression.log",
        "sha256": "562ed7ba43eb709ca28883c539abd30e41ef4338daec4ddcd430a6f8ffa9af56"
      },
      "sourceDrift": []
    },
    {
      "stage": "composer-regression",
      "startedAt": "2026-10-08T21:58:02.730Z",
      "finishedAt": "2026-10-08T21:58:21.823Z",
      "log": {
        "path": "BotSalesAI_Frontend/evidence/frontend-shared-consolidation-20261009/runs/shared-1791496677776-86172/composer-regression.log",
        "sha256": "990822a2322386a19e5a56654d532b6852062f120996e32210b0b8d3d60028e7"
      },
      "sourceDrift": []
    }
  ],
  "sourceSnapshotSha256": "4927ad05a636a4ea4f7f0c9a5a1b4e1bd63af15bf9d5dcb00acafedd31f06013"
}
