
> botsales-frontend@0.1.0 verify
> npm run generate:check && npm run test:source && npm run boundaries && npm run lint && npm run typecheck && npm run test:domain && npm test && npm run build && npm run test:layout && npm run test:visual-tokens && npm run test:ui-composition && npm run test:evidence


> botsales-frontend@0.1.0 generate:check
> node scripts/generate.mjs --check

{"status":"PASS","outputs":11,"schemas":283,"operations":210,"routes":54}

> botsales-frontend@0.1.0 test:source
> node scripts/check-source.mjs && node --test tests/source-checker.test.mjs

{
  "checkedAt": "2026-10-09T03:04:37.707Z",
  "scope": "Syntax, operation identifiers, route-source mapping, permissions and token adoption. NOT React typecheck, build or browser test.",
  "compiler": "5.9.2",
  "compilerSource": "project dependency",
  "files": 71,
  "operationCalls": 222,
  "routes": 54,
  "issues": [],
  "status": "PASS"
}
✔ module path classification accepts Windows and POSIX spellings, but excludes app files (1.0471ms)
✔ the source-checker CLI rejects a prohibited color literal in a module (156.3755ms)
✔ the source-checker CLI accepts a token-based module and leaves app-level colors outside the rule (151.1742ms)
ℹ tests 3
ℹ suites 0
ℹ pass 3
ℹ fail 0
ℹ cancelled 0
ℹ skipped 0
ℹ todo 0
ℹ duration_ms 367.6372

> botsales-frontend@0.1.0 boundaries
> node scripts/check-boundaries.mjs

{
  "checkedAt": "2026-10-09T03:04:40.091Z",
  "scope": "AST imports resolve aliases/relative paths, module boundaries and cycles; parser diagnostics are errors",
  "files": 71,
  "imports": 534,
  "negativeFixtures": "Boundary fixtures: PASS 10/10 scenarios (allowed shared/public imports, alias, relative, app deep import, type-only, dynamic, unresolved, cycle, parser error).",
  "status": "PASS",
  "issues": []
}

> botsales-frontend@0.1.0 lint
> eslint apps/web/src --max-warnings 0


> botsales-frontend@0.1.0 typecheck
> tsc -p apps/web/tsconfig.json --noEmit


> botsales-frontend@0.1.0 test:domain
> node scripts/test-domain.mjs

{"status":"PASS","simulatorChecks":75,"networkChecks":13,"networkHandlers":210,"passed":88,"operations":89,"node":"v24.19.0","typescript":"5.9.2"}

> botsales-frontend@0.1.0 test
> vitest run --config apps/web/vitest.config.ts


 RUN  v5.0.3 C:/Users/Joker-PC/Documents/Projects/Bot-AI-Ban-hang-FB/BotSalesAI_Frontend

[BABEL] Note: The code generator has deoptimised the styling of C:\Users\Joker-PC\AppData\Local\Temp\botsales-vite-cache\ea27c7577456f6009d55\direct-vite\58232\deps\react-dom_client.js?v=3f69980a as it exceeds the max of 500KB.

 Test Files  15 passed (15)
      Tests  181 passed (181)
   Start at  10:04:52
   Duration  6.19s (tests 45%, environment 22%, import 19%, transform 8%, setup 6%)


> botsales-frontend@0.1.0 build
> npm run generate:check && npm run typecheck && npm run build --workspace @botsales/web


> botsales-frontend@0.1.0 generate:check
> node scripts/generate.mjs --check

{"status":"PASS","outputs":11,"schemas":283,"operations":210,"routes":54}

> botsales-frontend@0.1.0 typecheck
> tsc -p apps/web/tsconfig.json --noEmit


> @botsales/web@0.1.0 build
> vite build --mode production

vite v7.3.6 building client environment for production...
transforming...
✓ 2061 modules transformed.
rendering chunks...
computing gzip size...
dist/index.html                              1.19 kB │ gzip:   0.60 kB
dist/assets/index-BQPx7lJM.css               3.56 kB │ gzip:   1.33 kB
dist/assets/download-8lJFmiSZ.js             0.23 kB │ gzip:   0.17 kB
dist/assets/filters-CVitQAxr.js              0.32 kB │ gzip:   0.25 kB
dist/assets/hooks-Bh4yxJox.js                4.58 kB │ gzip:   2.15 kB
dist/assets/draft-conflict-zCgoI5Xq.js       5.37 kB │ gzip:   2.48 kB
dist/assets/index-Cqcxzoya.js                7.94 kB │ gzip:   3.17 kB
dist/assets/index-CJHxTmt7.js                8.31 kB │ gzip:   3.53 kB
dist/assets/index-CMvvAnNB.js                9.32 kB │ gzip:   3.69 kB
dist/assets/index-DBIcZpOb.js               13.80 kB │ gzip:   5.63 kB
dist/assets/index-zoSlvthM.js               14.58 kB │ gzip:   4.92 kB
dist/assets/index-Bcu-6ktU.js               14.74 kB │ gzip:   5.43 kB
dist/assets/index-CYsHE65O.js               15.21 kB │ gzip:   5.85 kB
dist/assets/index-D0E7snO7.js               16.16 kB │ gzip:   5.51 kB
dist/assets/index-D8AXfWDG.js               16.40 kB │ gzip:   5.41 kB
dist/assets/index-0SsNDo-_.js               17.81 kB │ gzip:   6.26 kB
dist/assets/index-DYR1XjDe.js               18.37 kB │ gzip:   6.17 kB
dist/assets/index-D7DNvjQd.js               24.13 kB │ gzip:   8.60 kB
dist/assets/index-nLTWfh-I.js               24.18 kB │ gzip:   8.20 kB
dist/assets/index-dIniEi9r.js               29.24 kB │ gzip:   9.51 kB
dist/assets/index-Ycmkpmtf.js               31.62 kB │ gzip:   9.82 kB
dist/assets/query-5vm9EU1C.js               33.15 kB │ gzip:   9.92 kB
dist/assets/index-BbZjuB2W.js               37.94 kB │ gzip:  10.46 kB
dist/assets/i18n-xB0mQYCC.js                46.14 kB │ gzip:  15.12 kB
dist/assets/schemas-Ct4RWo9M.js             80.75 kB │ gzip:  24.39 kB
dist/assets/index-BMbdLtv2.js               90.44 kB │ gzip:  28.61 kB
dist/assets/schema-validation-Bhr7oAQE.js  149.80 kB │ gzip:  45.12 kB
dist/assets/react-runtime-D0NtfbPC.js      279.78 kB │ gzip:  90.28 kB
dist/assets/contract-data-BIzYYkc1.js      303.99 kB │ gzip:  36.17 kB
dist/assets/charts-CQ4oecFO.js             313.03 kB │ gzip:  94.99 kB
dist/assets/mui-Bz_aCSm2.js                328.33 kB │ gzip: 100.02 kB
✓ built in 2.96s

> botsales-frontend@0.1.0 test:layout
> node --test tests/layout-checker.test.mjs tests/ui-layout-binding-gates.test.mjs && node scripts/check-layout.mjs

✔ CSS label gap accepts the canonical direct pixel constructor and its exact owner/property (962.9692ms)
✔ CSS label gap cannot be used as an unrelated spacing property (944.0287ms)
✔ CSS label gap rejects a raw pixel constructor argument (941.2437ms)
✔ CSS label gap cannot impersonate a role from another owner (920.3789ms)
✔ accepts semantic bridge roles, the closed token-derived factor map, geometry, and reset values (949.3232ms)
✔ rejects a CSS spacing role without a declared shared owner (921.1049ms)
✔ rejects scale-conforming and off-scale literals in sx, responsive leaves, named and namespace MUI System props (944.9168ms)
✔ follows local aliases and style callbacks; rejects theme spacing helpers and preset overrides (941.9421ms)
✔ scans nested slotProps but does not confuse event handlers or geometric dimensions with spacing (965.0897ms)
✔ keeps Panel geometry inspectable and rejects spacing hidden in its geometry prop (2792.8177ms)
✔ accepts only an exact CSS exception and reports stale or mismatched exception scope (2746.9678ms)
✔ rejects malformed TypeScript, malformed CSS, bad exception schema, and raw values in the bridge (3697.1785ms)
✔ rejects canonical pixel tokens used as MUI factors and an altered bridge factor table (1848.6103ms)
✔ report mode inventories migration debt without turning findings into PASS (940.7834ms)
✔ canonical writes through casts and aliases fail outside style expressions (991.5873ms)
✔ Object.assign cannot mutate canonical data but can copy to a fresh object (1959.4876ms)
✔ layout gate rejects raw spacing on const alias of MUI component (942.1353ms)
✔ canonical mutation gate follows global mutator aliases and reflection (952.1722ms)
✔ local mutator names do not acquire global mutation identity (948.6965ms)
✔ destructured mutators and call/apply retain canonical mutation checks (974.6644ms)
✔ global mutator call/apply can copy canonical values into fresh objects (957.232ms)
✔ mutable aliases with possible canonical destinations fail closed (959.692ms)
✔ opaque apply arguments fail closed while unrelated mutable data stays valid (1933.037ms)
✔ canonical references inside containers and destructured aliases cannot be mutated (967.0254ms)
✔ independent shallow copies of scalar canonical fields remain mutable (958.467ms)
✔ array references and nested destructuring preserve canonical write provenance (979.15ms)
✔ array destinations distinguish independent elements from canonical references (943.6676ms)
✔ array destructuring, dynamic indices and spread cannot hide canonical references (951.145ms)
✔ dynamic indices and destructuring of independent arrays stay mutable (956.2066ms)
✔ function parameters cannot hide canonical mutation across source files (973.4948ms)
✔ read-only helpers and mutations of unrelated arguments remain valid (966.2492ms)
✔ returned canonical references remain protected across helper boundaries (956.441ms)
✔ helper returns of fresh scalar copies do not retain canonical destination identity (975.8934ms)
✔ destructured object parameters cannot mutate canonical arguments (939.4405ms)
✔ destructured object parameters retain independent argument mutability (926.6798ms)
✔ default parameter and binding initializers cannot hide canonical mutations (937.1038ms)
✔ fresh default parameter and binding copies remain mutable (941.9362ms)
✔ rest parameters retain canonical argument write provenance (937.0335ms)
✔ rest parameters distinguish independent positions from canonical siblings (946.9371ms)
✔ finite spread arguments preserve shifted positional and rest destinations (981.2747ms)
✔ finite spread expansion keeps independent argument positions mutable (928.9578ms)
✔ opaque spreads keep positional mutation destinations unknown (931.2959ms)
✔ opaque spreads into read-only helpers do not invent mutation findings (945.6276ms)
✔ array parameter patterns retain canonical positions including nested object arrays (937.064ms)
✔ array parameter patterns retain independent bound element mutability (918.0823ms)
✔ layout gate rejects parameter shadow of canonical layout name (937.9817ms)
✔ layout gate follows genuine renamed styled factory (931.7474ms)
✔ layout gate accepts canonical namespace, element access and barrel alias (947.8321ms)
✔ layout gate does not mistake local component named Stack for MUI (938.9768ms)
✔ layout gate inspects renamed installed Emotion css tag (940.8261ms)
✔ layout gate preserves genuine aliased Controller field forwarding (927.937ms)
✔ a same-named local Controller cannot exempt an unknown prop spread (930.6087ms)
✔ genuine useForm registration survives property and destructured aliases (929.4115ms)
✔ a function named register cannot exempt injected style props (944.5302ms)
✔ a bridge callback parameter cannot impersonate its private factor binding (927.3379ms)
✔ opaque namespace component selection remains a strict binding failure (948.1486ms)
✔ opaque namespace factory cannot hide style arguments (928.2089ms)
✔ MUI re-export cannot hide raw spacing behind a first-party barrel (969.468ms)
✔ destructuring assignments cannot hide canonical write targets (922.2782ms)
✔ destructuring assignments can update independent copied destinations (918.6556ms)
✔ object rest retains nested canonical references while copying the outer object (916.5466ms)
✔ rest scalar copies and replacement of container references stay mutable (921.825ms)
✔ shallow object spread preserves canonical child references and last-writer order (936.5314ms)
✔ shallow spread with a later independent override stays mutable (933.5099ms)
✔ exported mutable aliases retain assignments from their declaring file (940.3461ms)
✔ exported independent mutable data does not acquire canonical provenance (925.3665ms)
✔ literal computed keys retain canonical container and parameter provenance (955.1188ms)
✔ literal computed keys do not taint independent selected properties (929.6454ms)
✔ Object.assign shallow copies retain canonical nested reference provenance (937.415ms)
✔ Object.assign later independent overrides and scalar copies stay mutable (923.0181ms)
✔ union and dynamic property selections retain possible canonical destinations (949.7921ms)
✔ finite union property selections exclude canonical siblings not in the key set (928.2063ms)
✔ union selection over Object.assign output retains canonical child provenance (943.2925ms)
✔ union selection over independent Object.assign output remains mutable (924.2859ms)
✔ Reflect.set call/apply checks the target argument rather than the assigned value (2843.2975ms)
✔ aliased React createElement checks MUI and native style objects (950.9447ms)
✔ GlobalStyles.styles is checked and local createElement names stay local (1851.9009ms)
✔ React JSX runtime factories cannot bypass MUI or native style checks (932.9422ms)
✔ React cloneElement checks the cloned MUI element and preserves native props (3749.9141ms)
✔ Emotion css props and object factories are inspected with native CSS semantics (2799.8544ms)
✔ Inline style elements in JSX, React factories, DOM and the HTML entry fail closed (7486.6304ms)
✔ DOM CSSOM spacing writes use semantic roles and reject opaque style strings (1939.3443ms)
✔ HTML parsing and runtime stylesheet mutation cannot bypass the imported CSS boundary (1946.2526ms)
✔ spacing shorthand values and responsive breakpoints preserve token and unit provenance (9596.5329ms)
✔ function return producers cannot hide canonical children behind spreads (960.6044ms)
✔ producer spreads keep later independent child overrides writable (998.0334ms)
ℹ tests 86
ℹ suites 0
ℹ pass 86
ℹ fail 0
ℹ cancelled 0
ℹ skipped 0
ℹ todo 0
ℹ duration_ms 94754.5685
layout-check PASS: 79 source files, 0 finding(s), 1 exception(s) used

> botsales-frontend@0.1.0 test:visual-tokens
> node --test tests/visual-token-checker.test.mjs && node scripts/check-visual-tokens.mjs

✔ visual checker accepts canonical theme roles, token references, geometry and semantic responsive props (522.0511ms)
✔ visual checker rejects raw literals across sx, JSX system props and CSS declarations (306.9079ms)
✔ visual checker follows local style aliases and callback themes, but fails raw nested values (338.1774ms)
✔ visual checker reports unresolved spreads and malformed style sources as UNKNOWN or parse errors (288.3985ms)
✔ visual checker includes newly added TSX files under the source root (305.8787ms)
ℹ tests 5
ℹ suites 0
ℹ pass 5
ℹ fail 0
ℹ cancelled 0
ℹ skipped 0
ℹ todo 0
ℹ duration_ms 2205.0248
visual-token-check PASS: 78 source files, 0 finding(s)

> botsales-frontend@0.1.0 test:ui-composition
> node --test tests/ui-composition-checker.test.mjs tests/ui-composition-ancestry.test.mjs tests/ui-shared-api-contract.test.mjs && node scripts/check-ui-composition.mjs

✔ P10/P15 catch alias and neutral-wrapper duplicate insets through fragments and conditionals (455.9184ms)
✔ P20 resolves shared composition identities through a barrel and const component aliases (313.2133ms)
✔ P11/P13 catch static element access roles on every MUI surface, including Paper (304.2381ms)
✔ P12 checks React createElement and JSX-runtime element factories (280.0615ms)
✔ P14 resolves bodyMode literal aliases and fails closed when ownership is unknown (849.6656ms)
✔ checks Panel ancestry when React elements are created natively (287.7588ms)
✔ keeps independent nested surfaces and portaled dialogs as separate owners (549.1371ms)
✔ accepts finite bodyMode branches and every mode in the public component contracts (793.1477ms)
✔ stops inherited gap ownership at Panels and independent bordered surfaces (535.9263ms)
✔ tracks gaps through fragments, conditions and ready QueryState, but not inside DOM wrappers (267.2846ms)
✔ applies the same finite modes and wrapper boundaries to native React factories (509.7964ms)
✔ recognizes native outlined Paper and nested Box surface inset boundaries (525.2027ms)
✔ fails closed when an unresolved custom wrapper obscures a semantic gap owner (256.4097ms)
✔ rejects unsupported placement and rhythm values while accepting finite aliases and branches (509.2282ms)
✔ rejects unsupported finite values through React element factories (518.0021ms)
✔ accepts semantic composition, closed geometry and business-specific MUI primitives (6.4748ms)
✔ rejects rebuilding each shared spacing owner at a consumer (2.0311ms)
✔ follows aliases, local style variables, object spreads and namespace imports (0.9113ms)
✔ rejects direct and spread spacing overrides on semantic components (0.6282ms)
✔ rejects spacing or opaque spreads hidden in geometry (0.2749ms)
✔ allows the canonical owner implementation and fails closed on malformed source (1.1126ms)
✔ rejects duplicated parent boundary and duplicated Panel inset (0.6348ms)
✔ checks default MUI imports and fails closed for opaque geometry (0.4439ms)
✔ distinguishes content grids from flex flows when reporting the shared owner (0.3466ms)
✔ rejects page spacing for paired fields and peer Panels without a section gap owner (1.8915ms)
✔ related sibling gaps belong to ActionGroup comfortable density, not consumer Stack styles (0.519ms)
✔ density profiles are finite and new spacing paths retain the shared owner (1.3181ms)
✔ Amount consumers declare wrapping outside DataTable columns and keep table money unbroken (22.0745ms)
✔ the shared catalog covers every public React component and supporting Column type (31.1213ms)
✔ SPC-067 covers discovered public Shared APIs without a fixed export count (0.7906ms)
✔ every public React API has a direct rendered contract test (1.273ms)
✔ catalog declaration lines and stated JSX counts match resolved source symbols (17.9949ms)
✔ every shared React export has a resolved production consumer or an explicit zero-use lifecycle decision (22.3812ms)
✔ required UI evidence and regression gates remain wired to root verify and the active parent workflow (0.4552ms)
✔ composition prop allowlists match the TypeScript owners exactly (0.2402ms)
✔ QueryState uses only the approved inline and section pending profiles (0.3405ms)
✔ QueryState consumers reserve section loading for primary content and keep every other state inline by default (19.2486ms)
✔ body modes, placement roles and geometry keys match the TypeScript contracts (1.3017ms)
✔ Panel geometry and DataTable columns remain closed public contracts (4.6263ms)
✔ shared component and composition props expose no arbitrary layout/style escape hatch (0.2759ms)
✔ layout role types, runtime values, consumers and ownership documentation stay closed (2196.4871ms)
ℹ tests 41
ℹ suites 0
ℹ pass 41
ℹ fail 0
ℹ cancelled 0
ℹ skipped 0
ℹ todo 0
ℹ duration_ms 7416.254
ui-composition PASS: 77 source files, 0 finding(s)


> botsales-frontend@0.1.0 test:evidence
> node --test tests/ui-evidence-validator.test.mjs && node scripts/validate-ui-evidence.mjs evidence/frontend-ui-improvements/ui-governance-rollout-20261007/S17-current-evidence.json

✔ accepts current fingerprints, honest open coverage, and explained N/A (6.0889ms)
✔ rejects a stale source fingerprint (3.5678ms)
✔ rejects a stale command log (3.3986ms)
✔ rejects missing, absolute, and escaping source paths (2.849ms)
✔ rejects unrun, missing, duplicate, and nonzero command results marked PASS (3.3629ms)
✔ rejects PASS when expected and observed results differ (3.0266ms)
✔ rejects inconsistent coverage and N/A without a reason (3.1887ms)
✔ rejects a baseline falsely dated after implementation started and detects changed baseline artifacts (6.0937ms)
✔ COMPLETE cannot contain open coverage or failed commands (4.1828ms)
✔ S19 must explicitly reconcile files, APIs, routes, rendered routes, slots, and states (5.1813ms)
✔ rejects malformed top-level evidence instead of treating missing fields as success (2.0951ms)
ℹ tests 11
ℹ suites 0
ℹ pass 11
ℹ fail 0
ℹ cancelled 0
ℹ skipped 0
ℹ todo 0
ℹ duration_ms 100.1862
ui-evidence PASS: S17; 3 command/log record(s), 3 coverage row(s), 241 current fingerprint(s); status=COMPLETE
