{
  "status": "PASS",
  "output": "botsales-kit/execution/frontend-evidence/FE026/artifact-manifest-current-20261002.json",
  "artifacts": [
    {
      "directory": "apps/web/dist",
      "fileCount": 32,
      "totalBytes": 1823897,
      "treeSha256": "c2b0ade4833ff5c8737b1946d0d431a2aa9637a0888722f28ce0f18e03ddfe15",
      "mswWorkerIncluded": false
    },
    {
      "directory": "apps/web/dist-demo",
      "fileCount": 37,
      "totalBytes": 2270295,
      "treeSha256": "3085362009a6c9060a339eb6e36805f563add61ef1e70e6f831691ad20832b73",
      "mswWorkerIncluded": true
    }
  ]
}
