{
  "status": "PASS",
  "output": "botsales-kit/execution/frontend-evidence/FE026/artifact-manifest-current-20261002.json",
  "artifacts": [
    {
      "directory": "apps/web/dist",
      "fileCount": 32,
      "totalBytes": 1821654,
      "treeSha256": "f4b702872d7eb2e4ff9cd18594cea9263c33f1884b7bd3ec8651c14f7fbe6bd5",
      "mswWorkerIncluded": false
    },
    {
      "directory": "apps/web/dist-demo",
      "fileCount": 37,
      "totalBytes": 2266380,
      "treeSha256": "8317ddaa4ee6fc963b37b6e6d7d5c37e4356dc7e5b8dc1a7beee94c65182d779",
      "mswWorkerIncluded": true
    }
  ]
}
