
> botsales-frontend@0.1.0 verify
> npm run generate:check && npm run test:source && npm run boundaries && npm run lint && npm run typecheck && npm run test:domain && npm test && npm run build


> botsales-frontend@0.1.0 generate:check
> node scripts/generate.mjs --check

{"status":"PASS","outputs":11,"schemas":283,"operations":210,"routes":54}

> botsales-frontend@0.1.0 test:source
> node scripts/check-source.mjs

{
  "checkedAt": "2026-10-01T20:37:33.393Z",
  "scope": "Syntax, operation identifiers, route-source mapping, permissions and token adoption. NOT React typecheck, build or browser test.",
  "compiler": "5.9.2",
  "compilerSource": "project dependency",
  "files": 62,
  "operationCalls": 227,
  "routes": 54,
  "issues": [],
  "status": "PASS"
}

> botsales-frontend@0.1.0 boundaries
> node scripts/check-boundaries.mjs

{
  "checkedAt": "2026-10-01T20:37:34.986Z",
  "scope": "AST imports resolve aliases/relative paths, module boundaries and cycles; parser diagnostics are errors",
  "files": 62,
  "imports": 410,
  "negativeFixtures": "Boundary fixtures: PASS 8/8 scenarios (allowed import, alias, relative, type-only, dynamic, unresolved, cycle, parser error).",
  "status": "PASS",
  "issues": []
}

> botsales-frontend@0.1.0 lint
> eslint apps/web/src --max-warnings 0


> botsales-frontend@0.1.0 typecheck
> tsc -p apps/web/tsconfig.json --noEmit


> botsales-frontend@0.1.0 test:domain
> node scripts/test-domain.mjs

{"status":"PASS","simulatorChecks":75,"networkChecks":13,"networkHandlers":210,"passed":88,"operations":89,"node":"v24.19.0","typescript":"5.9.2"}

> botsales-frontend@0.1.0 test
> vitest run --config apps/web/vitest.config.ts


 RUN  v5.0.3 C:/Users/Joker-PC/Documents/Projects/Bot-AI-Ban-hang-FB/BotSalesAI_Frontend


 Test Files  8 passed (8)
      Tests  71 passed (71)
   Start at  03:37:43
   Duration  5.11s (tests 52%, environment 23%, import 12%, setup 6%, transform 6%)


> botsales-frontend@0.1.0 build
> npm run generate:check && npm run typecheck && npm run build --workspace @botsales/web


> botsales-frontend@0.1.0 generate:check
> node scripts/generate.mjs --check

{"status":"PASS","outputs":11,"schemas":283,"operations":210,"routes":54}

> botsales-frontend@0.1.0 typecheck
> tsc -p apps/web/tsconfig.json --noEmit


> @botsales/web@0.1.0 build
> vite build --mode production

vite v7.3.6 building client environment for production...
transforming...
✓ 2051 modules transformed.
rendering chunks...
computing gzip size...
dist/index.html                                 0.86 kB │ gzip:   0.52 kB
dist/assets/index-v_6AJcWh.css                  2.36 kB │ gzip:   0.95 kB
dist/assets/download-8lJFmiSZ.js                0.23 kB │ gzip:   0.17 kB
dist/assets/filters-DHvyWlDw.js                 0.26 kB │ gzip:   0.22 kB
dist/assets/import-file-Ct8hcUTT.js             0.32 kB │ gzip:   0.26 kB
dist/assets/DeleteOutlineRounded-JzQdE_Cb.js    0.53 kB │ gzip:   0.31 kB
dist/assets/hooks-BxMkny20.js                   4.17 kB │ gzip:   1.94 kB
dist/assets/imports-BJ9sJInK.js                 6.18 kB │ gzip:   2.75 kB
dist/assets/index-BwMRATS2.js                   7.23 kB │ gzip:   2.93 kB
dist/assets/index-BBYKSfI_.js                   7.80 kB │ gzip:   3.14 kB
dist/assets/index-D2nal8lk.js                   8.35 kB │ gzip:   3.54 kB
dist/assets/index-CBqsH1t6.js                  12.08 kB │ gzip:   4.31 kB
dist/assets/index-CWT704Jr.js                  12.33 kB │ gzip:   4.57 kB
dist/assets/index-lWYEWPvv.js                  12.72 kB │ gzip:   5.21 kB
dist/assets/index-C1tIvCez.js                  12.73 kB │ gzip:   4.82 kB
dist/assets/index-DDnAbtao.js                  14.73 kB │ gzip:   4.94 kB
dist/assets/index-C0twASkI.js                  15.75 kB │ gzip:   5.21 kB
dist/assets/index-CrMRbOPf.js                  16.21 kB │ gzip:   5.68 kB
dist/assets/index-C_qIo1EM.js                  17.53 kB │ gzip:   5.80 kB
dist/assets/index-OhA4Fgi7.js                  23.67 kB │ gzip:   8.06 kB
dist/assets/index-DS5seTbJ.js                  24.70 kB │ gzip:   8.07 kB
dist/assets/index-CPKDm55X.js                  29.46 kB │ gzip:   8.60 kB
dist/assets/index-CaJ-lZKf.js                  30.13 kB │ gzip:   9.43 kB
dist/assets/schemas-CP5ZQpDB.js                79.16 kB │ gzip:  24.02 kB
dist/assets/react-NCqEdj2_.js                 104.73 kB │ gzip:  35.41 kB
dist/assets/mui-CPcoVmWS.js                   322.09 kB │ gzip:  97.68 kB
dist/assets/index-BZ7GRgwF.js                 324.31 kB │ gzip:  99.40 kB
dist/assets/index-CjIwAJd_.js                 730.75 kB │ gzip: 184.41 kB

(!) Some chunks are larger than 500 kB after minification. Consider:
- Using dynamic import() to code-split the application
- Use build.rollupOptions.output.manualChunks to improve chunking: https://rollupjs.org/configuration-options/#output-manualchunks
- Adjust chunk size limit for this warning via build.chunkSizeWarningLimit.
✓ built in 2.67s
