node:internal/errors:985
  const err = new Error(message);
              ^

Error: Command failed: C:\Program Files\nodejs\node.exe C:\Users\Joker-PC\Documents\Projects\Bot-AI-Ban-hang-FB\BotSalesAI_Frontend\botsales-kit\scripts\progress.mjs checkpoint FE007 S04 execution/frontend-evidence/FE007/S04-current-ledger-20261002.json --defer-reports
PROGRESS_ERROR: Dependency not verified

    at genericNodeError (node:internal/errors:985:15)
    at wrappedFn (node:internal/errors:539:14)
    at checkExecSyncError (node:child_process:942:11)
    at execFileSync (node:child_process:978:15)
    at runProgress (file:///C:/Users/Joker-PC/Documents/Projects/Bot-AI-Ban-hang-FB/BotSalesAI_Frontend/botsales-kit/execution/frontend-evidence/refresh-current-ledger-20261002.mjs:402:12)
    at file:///C:/Users/Joker-PC/Documents/Projects/Bot-AI-Ban-hang-FB/BotSalesAI_Frontend/botsales-kit/execution/frontend-evidence/refresh-current-ledger-20261002.mjs:433:20
    at ModuleJob.run (node:internal/modules/esm/module_job:439:25)
    at async node:internal/modules/esm/loader:643:26
    at async asyncRunEntryPointWithESMLoader (node:internal/modules/run_main:101:5) {
  status: 1,
  signal: null,
  output: [ null, '', 'PROGRESS_ERROR: Dependency not verified\n' ],
  pid: 35780,
  stdout: '',
  stderr: 'PROGRESS_ERROR: Dependency not verified\n'
}

Node.js v24.19.0
LEDGER_REFRESH_EXIT_CODE=1
