✔ P10/P15 catch alias and neutral-wrapper duplicate insets through fragments and conditionals (568.3087ms)
✔ P20 resolves shared composition identities through a barrel and const component aliases (318.1482ms)
✔ P11/P13 catch static element access roles on every MUI surface, including Paper (309.6632ms)
✔ P12 checks React createElement and JSX-runtime element factories (296.4376ms)
✔ P14 resolves bodyMode literal aliases and fails closed when ownership is unknown (972.8611ms)
✔ checks Panel ancestry when React elements are created natively (432.902ms)
✔ keeps independent nested surfaces and portaled dialogs as separate owners (801.9293ms)
✔ accepts finite bodyMode branches and every mode in the public component contracts (1153.187ms)
✔ stops inherited gap ownership at Panels and independent bordered surfaces (761.4247ms)
✔ tracks gaps through fragments, conditions and ready QueryState, but not inside DOM wrappers (401.2745ms)
✔ applies the same finite modes and wrapper boundaries to native React factories (786.7402ms)
✔ recognizes native outlined Paper and nested Box surface inset boundaries (790.3106ms)
✔ fails closed when an unresolved custom wrapper obscures a semantic gap owner (396.7678ms)
✔ rejects unsupported placement and rhythm values while accepting finite aliases and branches (774.3651ms)
✔ rejects unsupported finite values through React element factories (788.6507ms)
✔ accepts semantic composition, closed geometry and business-specific MUI primitives (6.3688ms)
✔ rejects rebuilding each shared spacing owner at a consumer (2.039ms)
✔ follows aliases, local style variables, object spreads and namespace imports (0.8602ms)
✔ rejects direct and spread spacing overrides on semantic components (0.5845ms)
✔ rejects spacing or opaque spreads hidden in geometry (0.2711ms)
✔ allows the canonical owner implementation and fails closed on malformed source (1.0429ms)
✔ rejects duplicated parent boundary and duplicated Panel inset (0.6032ms)
✔ checks default MUI imports and fails closed for opaque geometry (0.3725ms)
✔ distinguishes content grids from flex flows when reporting the shared owner (0.3158ms)
✔ rejects page spacing for paired fields and peer Panels without a section gap owner (2.0748ms)
✔ related sibling gaps belong to ActionGroup comfortable density, not consumer Stack styles (0.5333ms)
✔ Amount consumers declare wrapping outside DataTable columns and keep table money unbroken (23.4307ms)
✔ the shared catalog covers every public React component and supporting Column type (33.3594ms)
✔ SPC-067 covers discovered public Shared APIs without a fixed export count (0.7915ms)
✔ every public React API has a direct rendered contract test (1.282ms)
✔ catalog declaration lines and stated JSX counts match resolved source symbols (20.1994ms)
✔ every shared React export has a resolved production consumer or an explicit zero-use lifecycle decision (22.9717ms)
✔ required UI evidence and regression gates remain wired to root verify and the active parent workflow (1.998ms)
✔ composition prop allowlists match the TypeScript owners exactly (0.2534ms)
✔ QueryState uses only the approved inline and section pending profiles (0.3023ms)
✔ QueryState consumers reserve section loading for primary content and keep every other state inline by default (19.2723ms)
✔ body modes, placement roles and geometry keys match the TypeScript contracts (1.0694ms)
✔ Panel geometry and DataTable columns remain closed public contracts (4.6574ms)
✔ shared component and composition props expose no arbitrary layout/style escape hatch (0.2359ms)
✔ layout role types, runtime values, consumers and ownership documentation stay closed (2801.9515ms)
ℹ tests 40
ℹ suites 0
ℹ pass 40
ℹ fail 0
ℹ cancelled 0
ℹ skipped 0
ℹ todo 0
ℹ duration_ms 10459.3134
