{
  "executedAt": "2026-10-08T16:21:27.742Z",
  "taskId": "FE023",
  "stepId": "S03",
  "facts": [
    {
      "name": "Canonical task criteria",
      "action": "Hoàn thiện 422 field mapping/412 conflict/428 missing version, URL filters, lookup phân trang và navigation/dialog/shop dirty guards.",
      "verification": "Giữ input, focus error và lựa chọn xử lý; không chỉ lookup 100 dòng cho mọi dữ liệu. Ghi command/cwd/exit code, expected/observed, log/hash và source snapshot thực. Scope FRONTEND_WITH_SYNTHETIC_MOCK_API; không dùng kết quả prototype hoặc backend chưa chạy."
    },
    {
      "name": "Current task contract/source ownership",
      "routes": [
        {
          "id": "R01",
          "source": "apps/web/src/modules/workspace/index.tsx",
          "component": "LoginPage"
        },
        {
          "id": "R02",
          "source": "apps/web/src/modules/workspace/index.tsx",
          "component": "WorkspacesPage"
        },
        {
          "id": "R03",
          "source": "apps/web/src/modules/workspace/index.tsx",
          "component": "OnboardingPage"
        },
        {
          "id": "R04",
          "source": "apps/web/src/modules/dashboard/index.tsx",
          "component": "DashboardPage"
        },
        {
          "id": "R05",
          "source": "apps/web/src/modules/inbox/index.tsx",
          "component": "InboxPage"
        },
        {
          "id": "R06",
          "source": "apps/web/src/modules/inbox/index.tsx",
          "component": "InboxPage"
        },
        {
          "id": "R07",
          "source": "apps/web/src/modules/customers/index.tsx",
          "component": "CustomersPage"
        },
        {
          "id": "R08",
          "source": "apps/web/src/modules/customers/index.tsx",
          "component": "CustomerPage"
        },
        {
          "id": "R09",
          "source": "apps/web/src/modules/catalog/index.tsx",
          "component": "ProductsPage"
        },
        {
          "id": "R10",
          "source": "apps/web/src/modules/catalog/index.tsx",
          "component": "ProductEditorPage"
        },
        {
          "id": "R11",
          "source": "apps/web/src/modules/catalog/index.tsx",
          "component": "ProductEditorPage"
        },
        {
          "id": "R12",
          "source": "apps/web/src/modules/catalog/index.tsx",
          "component": "CategoriesPage"
        },
        {
          "id": "R13",
          "source": "apps/web/src/modules/catalog/imports.tsx",
          "component": "ImportsPage"
        },
        {
          "id": "R14",
          "source": "apps/web/src/modules/catalog/imports.tsx",
          "component": "ImportResultPage"
        },
        {
          "id": "R15",
          "source": "apps/web/src/modules/inventory/index.tsx",
          "component": "InventoryPage"
        },
        {
          "id": "R16",
          "source": "apps/web/src/modules/inventory/index.tsx",
          "component": "MovementsPage"
        },
        {
          "id": "R17",
          "source": "apps/web/src/modules/orders/index.tsx",
          "component": "OrdersPage"
        },
        {
          "id": "R18",
          "source": "apps/web/src/modules/orders/index.tsx",
          "component": "NewOrderPage"
        },
        {
          "id": "R19",
          "source": "apps/web/src/modules/orders/index.tsx",
          "component": "OrderDetailPage"
        },
        {
          "id": "R20",
          "source": "apps/web/src/modules/finance/index.tsx",
          "component": "CashflowPage"
        },
        {
          "id": "R21",
          "source": "apps/web/src/modules/finance/index.tsx",
          "component": "EntriesPage"
        },
        {
          "id": "R22",
          "source": "apps/web/src/modules/finance/index.tsx",
          "component": "ProfitLossPage"
        },
        {
          "id": "R23",
          "source": "apps/web/src/modules/knowledge/index.tsx",
          "component": "KnowledgePage"
        },
        {
          "id": "R24",
          "source": "apps/web/src/modules/knowledge/index.tsx",
          "component": "KnowledgeDetailPage"
        },
        {
          "id": "R25",
          "source": "apps/web/src/modules/knowledge/index.tsx",
          "component": "FeedbackPage"
        },
        {
          "id": "R26",
          "source": "apps/web/src/modules/bot/index.tsx",
          "component": "BotConfigPage"
        },
        {
          "id": "R27",
          "source": "apps/web/src/modules/bot/index.tsx",
          "component": "PlaygroundPage"
        },
        {
          "id": "R28",
          "source": "apps/web/src/modules/bot/index.tsx",
          "component": "EvaluationsPage"
        },
        {
          "id": "R29",
          "source": "apps/web/src/modules/integrations/index.tsx",
          "component": "ChannelsPage"
        },
        {
          "id": "R30",
          "source": "apps/web/src/modules/integrations/index.tsx",
          "component": "AIProvidersPage"
        },
        {
          "id": "R31",
          "source": "apps/web/src/modules/reports/index.tsx",
          "component": "ReportsPage"
        },
        {
          "id": "R32",
          "source": "apps/web/src/modules/workspace/index.tsx",
          "component": "TeamPage"
        },
        {
          "id": "R33",
          "source": "apps/web/src/modules/workspace/index.tsx",
          "component": "ShopSettingsPage"
        },
        {
          "id": "R34",
          "source": "apps/web/src/modules/workspace/index.tsx",
          "component": "AuditPage"
        },
        {
          "id": "R35",
          "source": "apps/web/src/modules/workspace/index.tsx",
          "component": "PrivacyPage"
        },
        {
          "id": "R36",
          "source": "apps/web/src/modules/workspace/index.tsx",
          "component": "JobPage"
        },
        {
          "id": "R37",
          "source": "apps/web/src/modules/operations/index.tsx",
          "component": "OperationsPage"
        },
        {
          "id": "R38",
          "source": "apps/web/src/modules/operations/index.tsx",
          "component": "ApprovalsPage"
        },
        {
          "id": "R39",
          "source": "apps/web/src/modules/notifications/index.tsx",
          "component": "NotificationsPage"
        },
        {
          "id": "R40",
          "source": "apps/web/src/modules/notifications/index.tsx",
          "component": "DevicesPage"
        },
        {
          "id": "R41",
          "source": "apps/web/src/modules/fulfillment/index.tsx",
          "component": "FulfillmentPage"
        },
        {
          "id": "R42",
          "source": "apps/web/src/modules/fulfillment/index.tsx",
          "component": "ShipmentsPage"
        },
        {
          "id": "R43",
          "source": "apps/web/src/modules/orders/index.tsx",
          "component": "ReturnsPage"
        },
        {
          "id": "R44",
          "source": "apps/web/src/modules/procurement/index.tsx",
          "component": "SuppliersPage"
        },
        {
          "id": "R45",
          "source": "apps/web/src/modules/procurement/index.tsx",
          "component": "ReplenishmentPage"
        },
        {
          "id": "R46",
          "source": "apps/web/src/modules/procurement/index.tsx",
          "component": "PurchasesPage"
        },
        {
          "id": "R47",
          "source": "apps/web/src/modules/procurement/index.tsx",
          "component": "ReceiptsPage"
        },
        {
          "id": "R48",
          "source": "apps/web/src/modules/finance/index.tsx",
          "component": "JournalsPage"
        },
        {
          "id": "R49",
          "source": "apps/web/src/modules/finance/index.tsx",
          "component": "ReconciliationPage"
        },
        {
          "id": "R50",
          "source": "apps/web/src/modules/finance/index.tsx",
          "component": "DebtsPage"
        },
        {
          "id": "R51",
          "source": "apps/web/src/modules/bot/index.tsx",
          "component": "AgentTeamPage"
        },
        {
          "id": "R52",
          "source": "apps/web/src/modules/operations/index.tsx",
          "component": "DigestsPage"
        },
        {
          "id": "R53",
          "source": "apps/web/src/modules/reports/index.tsx",
          "component": "MarketingPage"
        },
        {
          "id": "R54",
          "source": "apps/web/src/modules/customers/index.tsx",
          "component": "ServiceCasesPage"
        }
      ],
      "operationIds": [
        "acknowledgeNotification",
        "addInternalNote",
        "approvePrivacyRequest",
        "archiveCategory",
        "archiveProduct",
        "assignConversation",
        "beginChannelConnect",
        "beginLogin",
        "beginTelegramPairing",
        "cancelOrder",
        "checkChannelHealth",
        "claimWorkItem",
        "closeAccountingPeriod",
        "commitProductImport",
        "confirmOrder",
        "confirmPurchaseOrder",
        "controlAutomation",
        "createAIConnection",
        "createCategory",
        "createCustomer",
        "createDevice",
        "createEvaluation",
        "createExport",
        "createFeedback",
        "createFinanceEntry",
        "createGoodsReceipt",
        "createInventoryAdjustment",
        "createJournal",
        "createKnowledge",
        "createKnowledgeRevision",
        "createOrder",
        "createPrivacyRequest",
        "createProduct",
        "createProductImport",
        "createPurchaseOrder",
        "createReorderRule",
        "createReturnCase",
        "createServiceCase",
        "createShipment",
        "createShop",
        "createSupplier",
        "createSupplierOffer",
        "decideApproval",
        "deleteAIConnection",
        "disconnectChannel",
        "evaluateReorder",
        "getAIConnection",
        "getApproval",
        "getBotConfig",
        "getBotRevision",
        "getCashflow",
        "getCategory",
        "getChannel",
        "getCommand",
        "getConversation",
        "getCsrfToken",
        "getCustomer",
        "getDashboard",
        "getEvaluation",
        "getFile",
        "getFinanceEntry",
        "getGoodsReceipt",
        "getInboxMetadata",
        "getJob",
        "getJournal",
        "getKnowledge",
        "getKnowledgeRevision",
        "getMarketingSummary",
        "getMember",
        "getNotification",
        "getNotificationPolicy",
        "getOperationsSummary",
        "getOrder",
        "getPrepJob",
        "getPrivacyPolicy",
        "getProduct",
        "getProfitLoss",
        "getProviderCatalog",
        "getPurchaseOrder",
        "getReportSummary",
        "getReturnCase",
        "getServiceCase",
        "getSession",
        "getShipment",
        "getShop",
        "getSupplier",
        "handoverShipment",
        "importBankStatement",
        "importCODStatement",
        "inspectReturn",
        "inviteMember",
        "listAIConnections",
        "listAccountingPeriods",
        "listAgentRoles",
        "listApprovals",
        "listAuditEvents",
        "listBankTransactions",
        "listBotRevisions",
        "listBudgetPolicies",
        "listCODSettlements",
        "listCategories",
        "listChannels",
        "listConversations",
        "listCustomers",
        "listDebtItems",
        "listDevices",
        "listDigests",
        "listEvaluations",
        "listFeedback",
        "listFinanceEntries",
        "listGoodsReceipts",
        "listJobs",
        "listJournals",
        "listKnowledge",
        "listKnowledgeRevisions",
        "listMembers",
        "listMessages",
        "listNotifications",
        "listOrders",
        "listPrepJobs",
        "listPrivacyRequests",
        "listProducts",
        "listPurchaseOrders",
        "listPurchaseSuggestions",
        "listReconciliationCases",
        "listReorderRules",
        "listReturnCases",
        "listServiceCases",
        "listShipments",
        "listShops",
        "listStockMovements",
        "listStockSnapshots",
        "listSupplierOffers",
        "listSuppliers",
        "listWorkItems",
        "matchCODSettlement",
        "matchSettlement",
        "packPrepJob",
        "pauseBot",
        "payOrder",
        "pickPrepLine",
        "postFinanceEntry",
        "postGoodsReceipt",
        "postJournal",
        "publishBotConfig",
        "publishKnowledge",
        "quoteOrder",
        "reconnectChannel",
        "recordShipmentEvent",
        "refundOrder",
        "releaseConversation",
        "reopenAccountingPeriod",
        "requestPurchaseApproval",
        "resolveConversation",
        "restoreBotRevision",
        "restoreKnowledgeRevision",
        "retireKnowledge",
        "reverseFinanceEntry",
        "reverseJournal",
        "reviewFeedback",
        "revokeDevice",
        "revokeMembership",
        "runPlayground",
        "sendMessage",
        "sendPurchaseOrder",
        "setServiceCaseStatus",
        "setSupplierStatus",
        "stepUp",
        "submitKnowledgeReview",
        "takeoverConversation",
        "testAIConnection",
        "testDevice",
        "updateAIConnection",
        "updateAgentRole",
        "updateBotDraft",
        "updateCategory",
        "updateCustomer",
        "updateFinanceEntry",
        "updateKnowledge",
        "updateMemberRoles",
        "updateNotificationPolicy",
        "updateOrderDraft",
        "updatePrivacyPolicy",
        "updateProduct",
        "updateReorderRule",
        "updateShop",
        "updateSupplier",
        "updateWorkItem",
        "uploadFile"
      ],
      "crosswalk": {
        "operations": 210,
        "files": 71,
        "calls": 222,
        "unresolved": 0
      }
    },
    {
      "name": "Named executed owner behavior",
      "scope": "negative cases plus owner suite",
      "cases": [
        "FE023 unsaved shop settings are preserved when navigation switches shop scope",
        "F06 detects an order draft and blocks navigation until explicit discard",
        "F05 keeps mode changes and unknown sends, locks another send, and observes recovery-registry completion",
        "F01 analogous return-inspection draft does not adopt a refetched version without comparison",
        "F08 privacy bounds reject invalid days and long jurisdiction before HTTP"
      ],
      "executions": 54,
      "assertionInventory": [
        {
          "file": "tests/states/fe023.spec.ts",
          "sha256": "24324d01e83939a7674ca32a7030c140057a094a19c003eb3fd51e77f1e403d0",
          "cases": [
            {
              "title": "FE023.S04 a dirty dialog keeps the form value until the user confirms discard",
              "line": 17,
              "assertions": [
                "expect(confirm).toBeVisible()",
                "expect(name).toHaveValue('Khách hàng đang soạn')",
                "expect(page.getByRole('dialog', { name: 'Thêm khách hàng' })).toHaveCount(0)"
              ],
              "projects": [
                "chromium",
                "firefox"
              ]
            },
            {
              "title": "FE023.S03 a customer lookup loads the next cursor page without dropping earlier choices",
              "line": 35,
              "assertions": [
                "expect(setup.statuses.every(status => status === 201), `Mock customer setup returned ${JSON.stringify(setup)}`).toBe(true)",
                "expect(setup.total).toBeGreaterThan(20)",
                "expect(setup.firstChoice).toBeTruthy()",
                "expect(setup.nextPageChoice).toBeTruthy()",
                "expect(page.getByText('Đã tải 20 lựa chọn')).toBeVisible()",
                "expect(page.getByText(`Đã tải ${setup.total} lựa chọn`)).toBeVisible()",
                "expect(page.getByRole('button', { name: 'Tải thêm khách hàng' })).toHaveCount(0)",
                "expect(page.getByRole('option', { name: setup.nextPageChoice, exact: true })).toBeVisible()",
                "expect(page.getByRole('option', { name: setup.firstChoice, exact: true })).toBeVisible()"
              ],
              "projects": [
                "chromium",
                "firefox"
              ]
            },
            {
              "title": "FE023.S04 delayed requests show loading and failed refresh keeps a retry path",
              "line": 76,
              "assertions": [
                "expect(page.getByRole('status').filter({ hasText: 'Đang tải dữ liệu' })).toBeVisible()",
                "expect(page.getByRole('heading', { name: 'Danh mục', exact: true })).toBeVisible()",
                "expect(page.getByRole('status').filter({ hasText: 'Đang tải dữ liệu' })).toHaveCount(0)",
                "expect(page.getByRole('alert').filter({ hasText: 'Không thể hoàn thành yêu cầu' })).toBeVisible()",
                "expect(page.getByRole('button', { name: 'Thử lại' })).toBeVisible()",
                "expect(page.getByRole('alert').filter({ hasText: 'Không thể hoàn thành yêu cầu' })).toHaveCount(0)"
              ],
              "projects": [
                "chromium",
                "firefox"
              ]
            },
            {
              "title": "FE023 unsaved shop settings are preserved when navigation switches shop scope",
              "line": 103,
              "assertions": [
                "expect(confirm).toBeVisible()",
                "expect(page).toHaveURL(/\\/s\\/shop-demo\\/settings\\/shop$/)",
                "expect(name).toHaveValue('Joker Studio chưa lưu')",
                "expect(page.getByRole('heading', { name: 'Chọn cửa hàng', exact: true })).toBeVisible()",
                "expect(page).toHaveURL(/\\/s\\/shop-second\\/overview$/)"
              ],
              "projects": [
                "chromium",
                "firefox"
              ]
            },
            {
              "title": "FE023 a saved shop form resets its dirty baseline and reports success",
              "line": 121,
              "assertions": [
                "expect(page.getByRole('status').filter({ hasText: 'Đã lưu cấu hình cửa hàng.' })).toBeVisible()",
                "expect(page.getByRole('dialog', { name: 'Rời màn hình chưa lưu?' })).toHaveCount(0)",
                "expect(page.getByRole('textbox', { name: 'Tên cửa hàng' })).toHaveValue(savedName)"
              ],
              "projects": [
                "chromium",
                "firefox"
              ]
            }
          ]
        },
        {
          "file": "tests/ui010-dialog-draft.spec.ts",
          "sha256": "b101a56dae428a8a8c9f1e11a8304563d829a744f39670daf1a50d685afa1d39",
          "cases": [
            {
              "title": "UI010 a discarded confirmation reason is cleared before the dialog opens again",
              "line": 15,
              "assertions": [
                "expect(discardPrompt).toBeVisible()",
                "expect(dialog).toHaveCount(0)",
                "expect(trigger).toBeFocused()",
                "expect(dialog.getByRole('textbox', { name: /Lý do/ })).toHaveValue('')",
                "expect(takeoverRequests).toEqual([])"
              ],
              "projects": [
                "chromium",
                "firefox"
              ]
            }
          ]
        },
        {
          "file": "tests/frontend-corrections.spec.ts",
          "sha256": "c4566d11bd0da0fedbb3af885936c6a80a2669350e8a9a17a76f0449b7f30f90",
          "cases": [
            {
              "title": "F01 preserves a customer draft, compares three snapshots, and PATCHes only chosen changes",
              "line": 18,
              "assertions": [
                "expect(name).toHaveValue('Linh (khách mẫu)')",
                "expect((await mutate(page, 'customers/c1', { notes: 'Concurrent server note' }, 'PATCH', current.version)).status).toBe(200)",
                "expect(name).toHaveValue('Local draft')",
                "expect(notes).toHaveValue(originalNotes)",
                "expect(dialog).toBeVisible()",
                "expect(dialog.getByText('Concurrent server note', { exact: true })).toBeVisible()",
                "expect(notes).toHaveValue('Concurrent server note')",
                "expect(request.headers()['if-match']).toBe(`\"${current.version + 1}\"`)",
                "expect(request.postDataJSON()).toEqual({ displayName: 'Local draft' })",
                "expect(page.getByRole('heading', { name: 'Local draft', exact: true })).toBeVisible()",
                "expect(stored.notes).toBe('Concurrent server note')"
              ],
              "projects": [
                "chromium",
                "firefox"
              ]
            },
            {
              "title": "F01 requires an explicit choice for a field changed by both editors",
              "line": 46,
              "assertions": [
                "expect(page.getByLabel('Tên khách hàng', { exact: true })).toHaveValue('Linh (khách mẫu)')",
                "expect((await mutate(page, 'customers/c1', { displayName: 'Theirs' }, 'PATCH', 1)).status).toBe(200)",
                "expect(page.getByRole('button', { name: 'Đối chiếu', exact: true })).toBeVisible()",
                "expect(apply).toBeDisabled()",
                "expect(apply).toBeEnabled()",
                "expect(page.getByLabel('Tên khách hàng', { exact: true })).toHaveValue('Mine')"
              ],
              "projects": [
                "chromium",
                "firefox"
              ]
            },
            {
              "title": "F06 detects an order draft and blocks navigation until explicit discard",
              "line": 62,
              "assertions": [
                "expect(warning).toBeVisible()",
                "expect(page.getByLabel('Ghi chú chuẩn bị')).toHaveValue('Keep this order draft')",
                "expect(page).toHaveURL(/\\/orders$/)"
              ],
              "projects": [
                "chromium",
                "firefox"
              ]
            },
            {
              "title": "F02 retains an unsaved product image through an unrelated refetch",
              "line": 75,
              "assertions": [
                "expect(page.getByLabel('Tên sản phẩm')).toHaveValue('Áo mẫu A')",
                "expect(page.getByText('1 tệp được gắn với sản phẩm', { exact: true })).toBeVisible()",
                "expect(page.getByText('1 tệp được gắn với sản phẩm', { exact: true })).toBeVisible()",
                "expect(page.getByRole('dialog', { name: 'Rời màn hình chưa lưu?', exact: true })).toBeVisible()"
              ],
              "projects": [
                "chromium",
                "firefox"
              ]
            },
            {
              "title": "F03 retains notification-policy inputs through a background resync and navigation",
              "line": 87,
              "assertions": [
                "expect(minutes).toHaveValue('')",
                "expect(minutes).toHaveValue('17')",
                "expect(page.getByRole('dialog', { name: 'Rời màn hình chưa lưu?', exact: true })).toBeVisible()"
              ],
              "projects": [
                "chromium",
                "firefox"
              ]
            },
            {
              "title": "F05 keeps text typed while a previous internal note is pending",
              "line": 98,
              "assertions": [
                "expect(text).toHaveValue(submittedText)",
                "expect(submittedResponse.status()).toBe(201)",
                "expect((await submittedResponse.json()).data.text).toBe(submittedText)",
                "expect(page.getByRole('button', { name: 'Lưu ghi chú', exact: true })).toBeEnabled()",
                "expect(text).toHaveValue('Typed next while pending')"
              ],
              "projects": [
                "chromium",
                "firefox"
              ]
            },
            {
              "title": "F08 validates 4001 customer-note characters at the field and accepts 4000",
              "line": 113,
              "assertions": [
                "expect(dialog.getByText('Ghi chú không được vượt quá 4.000 ký tự.', { exact: true })).toBeVisible()",
                "expect(posted).toBe(false)",
                "expect(dialog.getByText('Ghi chú không được vượt quá 4.000 ký tự.', { exact: true })).toBeVisible()",
                "expect(posted).toBe(false)",
                "expect(created.status()).toBe(201)",
                "expect(payload.data.notes).toBe('a'.repeat(4000))",
                "expect(page).toHaveURL(demoUrl + '/s/shop-demo/customers/' + payload.data.id)",
                "expect(unicodeCreated.status()).toBe(201)",
                "expect(unicodePayload.data.notes).toBe('😀'.repeat(4000))",
                "expect(page).toHaveURL(demoUrl + '/s/shop-demo/customers/' + unicodePayload.data.id)"
              ],
              "projects": [
                "chromium",
                "firefox"
              ]
            },
            {
              "title": "F07 routes the fulfillment footer close through the shared discard guard",
              "line": 147,
              "assertions": [
                "expect(warning).toBeVisible()",
                "expect(dialog.getByLabel('Nhập/quét SKU thực tế')).toHaveValue('Unsaved scan')"
              ],
              "projects": [
                "chromium",
                "firefox"
              ]
            },
            {
              "title": "F09 refreshes new Inbox messages without refetching the visible product and stock snapshots",
              "line": 161,
              "assertions": [
                "expect(page.getByRole('table', { name: 'Nguồn giá và tồn trong hộp thư', exact: true })).toBeVisible()",
                "expect(page.getByText('Synthetic normal SSE message', { exact: true })).toBeVisible()",
                "expect(requests.filter(path => /\\/(products|inventory\\/snapshots|customers|orders|shipments|service-cases)(\\/|$)/.test(path))).toEqual([])"
              ],
              "projects": [
                "chromium",
                "firefox"
              ]
            },
            {
              "title": "F01 shop settings merges a server-only locale change and preserves edits typed during save",
              "line": 191,
              "assertions": [
                "expect(name).not.toHaveValue('')",
                "expect(changed).toBe(200)",
                "expect(page.getByLabel('Ngôn ngữ', { exact: true })).toHaveValue('en-US')",
                "expect((await sent).postDataJSON()).toEqual({ name: 'Submitted shop' })",
                "expect(page.getByRole('button', { name: 'Lưu cấu hình', exact: true })).toBeEnabled()",
                "expect(name).toHaveValue('Typed later shop')",
                "expect(page.getByRole('dialog', { name: 'Rời màn hình chưa lưu?', exact: true })).toBeVisible()"
              ],
              "projects": [
                "chromium",
                "firefox"
              ]
            },
            {
              "title": "F03 privacy policy preserves refetch drafts and compares before applying the newest version",
              "line": 217,
              "assertions": [
                "expect((await mutate(page, 'privacy/policy', { jurisdictionNote: 'Synthetic server jurisdiction' }, 'PATCH', current.version)).status).toBe(200)",
                "expect(days).toHaveValue('180')",
                "expect(page.getByLabel('Căn cứ / thị trường áp dụng')).toHaveValue('Synthetic server jurisdiction')",
                "expect(request.postDataJSON()).toEqual({ chatRetentionDays: 180 })",
                "expect(request.headers()['if-match']).toBe(`\"${current.version + 1}\"`)"
              ],
              "projects": [
                "chromium",
                "firefox"
              ]
            },
            {
              "title": "F01 category keeps a late edit after saving, and reopens with a clean current baseline",
              "line": 234,
              "assertions": [
                "expect(name).toBeEnabled()",
                "expect(dialog.getByRole('button', { name: 'Lưu', exact: true })).toBeEnabled()",
                "expect(dialog).toBeVisible()",
                "expect(name).toHaveValue('Late category')",
                "expect(dialog).not.toBeVisible()",
                "expect(name).toHaveValue('Submitted category')",
                "expect(dialog).not.toBeVisible()"
              ],
              "projects": [
                "chromium",
                "firefox"
              ]
            },
            {
              "title": "F01 supplier preserves a concurrent server-only term and PATCHes the local name",
              "line": 255,
              "assertions": [
                "expect(dialog.getByLabel('Tên nhà cung cấp', { exact: true })).toBeEnabled()",
                "expect((await mutate(page, 'suppliers/' + current.id, { expectedVersion: current.version, paymentTerms: 'Concurrent terms' }, 'PATCH', current.version)).status).toBe(200)",
                "expect(dialog.getByLabel('Điều kiện thanh toán', { exact: true })).toHaveValue('Concurrent terms')",
                "expect((await sent).postDataJSON()).toEqual({ expectedVersion: current.version + 1, name: 'Local supplier' })",
                "expect(dialog).not.toBeVisible()"
              ],
              "projects": [
                "chromium",
                "firefox"
              ]
            },
            {
              "title": "F08 customer update enforces 4000/4001 before HTTP and retains a 422 draft",
              "line": 272,
              "assertions": [
                "expect(page.getByText('Ghi chú không được vượt quá 4.000 ký tự.', { exact: true })).toBeVisible()",
                "expect(writes).toBe(0)",
                "expect((await rejected).status()).toBe(422)",
                "expect(notes).toHaveValue('b'.repeat(4000))",
                "expect(page.getByText('Ghi chú không được vượt quá 4.000 ký tự.', { exact: true })).toBeVisible()",
                "expect(writes).toBe(previousWrites)",
                "expect((await unicodeRejected).status()).toBe(422)",
                "expect(notes).toHaveValue('😀'.repeat(4000))",
                "expect((await accepted).status()).toBe(200)",
                "expect(notes).toHaveValue('😀'.repeat(4000))",
                "expect(await page.evaluate(async () => (await (await fetch('/api/v2/shops/shop-demo/customers/c1')).json()).data.notes)).toBe('😀'.repeat(4000))"
              ],
              "projects": [
                "chromium",
                "firefox"
              ]
            },
            {
              "title": "F05 keeps mode changes and unknown sends, locks another send, and observes recovery-registry completion",
              "line": 300,
              "assertions": [
                "expect(page.getByLabel('Nội dung trả lời khách')).toHaveValue('Mode switched while pending')",
                "expect((await unknown).status()).toBe(503)",
                "expect(page.getByRole('button', { name: 'Lưu ghi chú', exact: true })).toBeDisabled()",
                "expect(page.getByRole('button', { name: 'Lưu ghi chú', exact: true })).toBeDisabled()",
                "expect(page.getByRole('button', { name: 'Lưu ghi chú', exact: true })).toBeEnabled()",
                "expect(page.getByLabel('Ghi chú cho nhóm')).toHaveValue('Retained unknown draft')"
              ],
              "projects": [
                "chromium",
                "firefox"
              ]
            },
            {
              "title": "F01 order editor keeps its original version and compares whole line lists before PATCH",
              "line": 326,
              "assertions": [
                "expect(current).toBeTruthy()",
                "expect((await mutate(page, 'orders/' + current.id, { warehouseId: 'warehouse-02' }, 'PATCH', current.version)).status).toBe(200)",
                "expect(comparison.getByRole('combobox', { name: /^Chọn dữ liệu: Dòng đơn hàng/ })).toBeVisible()",
                "expect(editor.getByLabel('Mã kho xuất')).toHaveValue('warehouse-02')",
                "expect(request.postDataJSON()).toEqual({ notes: 'Local order note' })",
                "expect(request.headers()['if-match']).toBe(`\"${current.version + 1}\"`)",
                "expect(editor).not.toBeVisible()"
              ],
              "projects": [
                "chromium",
                "firefox"
              ]
            },
            {
              "title": "F06 guards added order rows, shop switch, logout and native reload; successful creation leaves no false guard",
              "line": 345,
              "assertions": [
                "expect(await page.evaluate(async () => (await fetch('/api/v2/session')).status)).toBe(200)",
                "expect(warning).toBeVisible()",
                "expect(warning).toBeVisible()",
                "expect(browserDialog.type()).toBe('beforeunload')",
                "expect(page.getByLabel('Sản phẩm 2', { exact: true })).toBeVisible()",
                "expect(response.status(), JSON.stringify(payload)).toBe(201)",
                "expect(page).toHaveURL(demoUrl + '/s/shop-demo/orders/' + payload.data.id)",
                "expect(warning).not.toBeVisible()"
              ],
              "projects": [
                "chromium",
                "firefox"
              ]
            },
            {
              "title": "F01 analogous return-inspection draft does not adopt a refetched version without comparison",
              "line": 370,
              "assertions": [
                "expect(created.status, JSON.stringify(created.payload)).toBe(201)",
                "expect(editor.getByLabel('Ghi nhận kiểm tra')).toBeVisible()",
                "expect(comparison.getByRole('button', { name: 'Áp dụng vào bản nháp' })).toBeDisabled()",
                "expect((await sent).postDataJSON()).toMatchObject({ expectedVersion: created.payload.data.version + 1, lines: [{ reason: 'Local physical inspection' }] })",
                "expect(editor).not.toBeVisible()"
              ],
              "projects": [
                "chromium",
                "firefox"
              ]
            },
            {
              "title": "F01 comparison supports keyboard choices, server changes again, axe and 320px reflow with long content",
              "line": 394,
              "assertions": [
                "expect((await mutate(page, 'customers/c1', { displayName: 'Server second', notes: 'LongContent'.repeat(350) }, 'PATCH', 1)).status).toBe(200)",
                "expect(comparison.getByRole('button', { name: 'Áp dụng vào bản nháp' })).toBeEnabled()",
                "expect((await mutate(page, 'customers/c1', { displayName: 'Server third' }, 'PATCH', 2)).status).toBe(200)",
                "expect(comparison.getByText('Server third', { exact: true })).toBeVisible()",
                "expect(comparison.getByRole('button', { name: 'Áp dụng vào bản nháp' })).toBeDisabled()",
                "expect.poll(() => comparison.evaluate(element => {\r\n        for (let current: Element | null = element; current; current = current.parentElement)\r\n            if (Number(getComputedStyle(current).opacity) !== 1) return false;\r\n        return true;\r\n    })).toBe(true)",
                "expect.poll(() => comparison.evaluate(element => {\r\n        for (let current: Element | null = element; current; current = current.parentElement)\r\n            if (Number(getComputedStyle(current).opacity) !== 1) return false;\r\n        return true;\r\n    }))",
                "expect(accessibility.violations).toEqual([])",
                "expect(geometry.width).toBeLessThanOrEqual(320)",
                "expect(geometry.scrollWidth).toBeLessThanOrEqual(geometry.clientWidth + 1)",
                "expect(comparison).not.toBeVisible()",
                "expect(page.getByLabel('Tên khách hàng', { exact: true })).toHaveValue('Mine')"
              ],
              "projects": [
                "chromium",
                "firefox"
              ]
            },
            {
              "title": "F08 privacy bounds reject invalid days and long jurisdiction before HTTP",
              "line": 423,
              "assertions": [
                "expect(days).toHaveAttribute('aria-invalid', 'true')",
                "expect(page.getByRole('button', { name: 'Lưu bản nháp chính sách', exact: true })).toBeDisabled()",
                "expect(note).toHaveAttribute('aria-invalid', 'true')",
                "expect(page.getByRole('button', { name: 'Lưu bản nháp chính sách', exact: true })).toBeDisabled()",
                "expect(writes).toEqual([])",
                "expect((await saved).status()).toBe(200)",
                "expect(writes).toHaveLength(1)",
                "expect(note).toHaveAttribute('aria-invalid', 'true')",
                "expect(page.getByRole('button', { name: 'Lưu bản nháp chính sách', exact: true })).toBeDisabled()",
                "expect(writes).toHaveLength(1)",
                "expect(page.getByRole('button', { name: 'Lưu bản nháp chính sách', exact: true })).toBeEnabled()",
                "expect(response.status()).toBe(200)",
                "expect((await response.json()).data.jurisdictionNote).toBe('😀'.repeat(length))",
                "expect(writes).toHaveLength(index + 2)",
                "expect(note).toHaveValue('😀'.repeat(length))",
                "expect(page.getByRole('button', { name: 'Lưu bản nháp chính sách', exact: true })).toBeDisabled()"
              ],
              "projects": [
                "chromium",
                "firefox"
              ]
            },
            {
              "title": "F06 order custom close respects the draft guard and busy editors remain protected",
              "line": 448,
              "assertions": [
                "expect(warning).toBeVisible()",
                "expect(editor.getByLabel('Ghi chú chuẩn bị')).toHaveValue('Unsaved order close')",
                "expect(editor.getByRole('button', { name: 'Đóng chỉnh sửa', exact: true })).toBeDisabled()",
                "expect(editor).toBeVisible()",
                "expect(editor.getByLabel('Ghi chú chuẩn bị')).toHaveValue('Late order change')"
              ],
              "projects": [
                "chromium",
                "firefox"
              ]
            }
          ]
        }
      ]
    },
    {
      "name": "Current shared dependency regressions",
      "unit": 175,
      "domain": 88,
      "sourceMap": 16,
      "browser": 600,
      "builtArtifact": 6,
      "limits": "Counts describe distinct suites; they are not added into a checkpoint percentage. Owner case and source checks above are required independently."
    },
    {
      "name": "Executed unit owners",
      "owners": [
        {
          "file": "apps/web/tests/states/fe023-state.test.tsx",
          "sha256": "15a3815aaaea1bfd726d2d7ada8d867f6695b3531d1ca90c513ad3798944661b",
          "cases": [
            "renders a bounded loading state and does not show success content before data arrives",
            "keeps the loaded data visible after a failed refetch and identifies it as potentially stale",
            "shows forbidden as an access state without offering a meaningless retry",
            "maps 422 errors to a field, focuses it, and preserves the user input",
            "keeps an unknown mutation outcome distinct and includes the reconciliation command ID",
            "asks before closing a dialog with a dirty field and keeps the field until discard is chosen",
            "exposes partial data and unavailable capability as explicit, accessible states",
            "has a complete Vietnamese translation for every registered common and feature UI key"
          ]
        },
        {
          "file": "apps/web/tests/versioned-draft.test.tsx",
          "sha256": "664d2c84a48ed012aee2039b70cd322fa63186e254b5cd246f86edc803b81ee8",
          "cases": [
            "F01/F02/F03 keeps the baseline version and draft across unrelated and conflicting server changes",
            "F01 requires choices for both-side changes and treats arrays as one field",
            "F01 rejects outdated comparison choices when the server changes again",
            "F01 removes newly hidden fields from comparison and outgoing patches",
            "F05-style save completion preserves edits made after submission and commits the authoritative version",
            "fingerprints ignore object key order but preserve array order, null and empty values",
            "F01 releases a dismissed editor baseline before reopening the same resource with newer data"
          ]
        }
      ],
      "limit": "Literal owner titles bind actual verbose output; parameterized cases remain covered by the whole 175-case run, without inventing separate executions."
    },
    {
      "name": "Compiled width behavior",
      "routeObservations": 216,
      "focusedCases": 50,
      "artifact": "built-width-review.json",
      "limit": "Actual compiled geometry/axe/keyboard; counts remain separate from full browser suite."
    }
  ],
  "executionRecords": [
    {
      "stage": "e2e",
      "startedAt": "2026-10-08T15:06:43.990Z",
      "finishedAt": "2026-10-08T16:08:18.865Z",
      "log": {
        "path": "BotSalesAI_Frontend/evidence/frontend-width-fixes-20261008/runs/width-1791471997932-85768/e2e.log",
        "sha256": "0dd13c7e0d58c6a0b233fa73b5292792d7fc9d823db36e18e2d43a7681ec7d65"
      },
      "sourceDrift": []
    },
    {
      "stage": "verify",
      "startedAt": "2026-10-08T16:17:12.833Z",
      "finishedAt": "2026-10-08T16:20:43.383Z",
      "log": {
        "path": "BotSalesAI_Frontend/evidence/frontend-width-fixes-20261008/runs/width-1791476232832-77820/verify.log",
        "sha256": "5f1a26eb82b0b3bcbfc4d877b011a2e5bf5a3d667926a7f7372ed9cf888ac533"
      },
      "sourceDrift": []
    },
    {
      "stage": "unit",
      "startedAt": "2026-10-08T15:06:19.368Z",
      "finishedAt": "2026-10-08T15:06:27.830Z",
      "log": {
        "path": "BotSalesAI_Frontend/evidence/frontend-width-fixes-20261008/runs/width-1791471979366-47856/unit.log",
        "sha256": "9bdf32f670c42b6008b248bc8a31bd9c446e58ab5fbed5177ff4b9b8146e86be"
      },
      "sourceDrift": []
    },
    {
      "stage": "source-maps",
      "startedAt": "2026-10-08T15:06:20.146Z",
      "finishedAt": "2026-10-08T15:06:20.494Z",
      "log": {
        "path": "BotSalesAI_Frontend/evidence/frontend-width-fixes-20261008/runs/width-1791471980144-85744/source-maps.log",
        "sha256": "0cd6f9893f86513b00b56e54f6b429fe50eb8ca10472bf361b88fb07e4772b26"
      },
      "sourceDrift": []
    },
    {
      "stage": "built-demo",
      "startedAt": "2026-10-08T16:13:48.583Z",
      "finishedAt": "2026-10-08T16:16:53.763Z",
      "log": {
        "path": "BotSalesAI_Frontend/evidence/frontend-width-fixes-20261008/runs/width-1791476022925-8140/built-demo.log",
        "sha256": "e87ef94110b0b39ed716edef9e8c3192866c234682cdbf4c0b8376c6574fb6ac"
      },
      "sourceDrift": []
    }
  ],
  "sourceSnapshotSha256": "72ba65e1f2ddd897f4823482d26c3d2c30c83a5aed7fda8e55077479a675ce96"
}
