
> botsales-frontend@0.1.0 test
> vitest run --config apps/web/vitest.config.ts --reporter=verbose


 RUN  v5.0.3 C:/Users/Joker-PC/Documents/Projects/Bot-AI-Ban-hang-FB/BotSalesAI_Frontend

 ✓ apps/web/tests/fe021-source-map.test.ts > FE021 route, contract, and frontend ownership map > maps dashboard, reports, and marketing to canonical route operations and capabilities 2ms
 ✓ apps/web/tests/fe021-source-map.test.ts > FE021 route, contract, and frontend ownership map > records current API gaps instead of inventing date-series and marketing insight operations 1ms
 ✓ apps/web/tests/fe021-source-map.test.ts > FE021 route, contract, and frontend ownership map > binds screens and export rules to the mock/API owners without HTML rendering 1ms
 ✓ apps/web/tests/catalog-import-file.test.ts > catalog import file boundary > requires the advertised CSV extension 1ms
 ✓ apps/web/tests/catalog-import-file.test.ts > catalog import file boundary > rejects files over the demo limit before upload 0ms
 ✓ apps/web/tests/catalog-import-file.test.ts > catalog import file boundary > leaves live size limits to the API contract 0ms
 ✓ apps/web/tests/catalog-import-file.test.ts > product image file boundary > allows supported images and rejects other media types 0ms
 ✓ apps/web/tests/catalog-import-file.test.ts > product image file boundary > rejects images above the demo upload limit 0ms
 ✓ apps/web/tests/push-capabilities.test.ts > Push registration guards > rejects insecure or unsupported browser contexts before creating a subscription 1ms
 ✓ apps/web/tests/push-capabilities.test.ts > Push registration guards > requires explicit operating-system notification consent 0ms
 ✓ apps/web/tests/timezone.test.ts > shop-timezone date and time fields > derives a calendar date and datetime-local value from the shop timezone 10ms
 ✓ apps/web/tests/timezone.test.ts > shop-timezone date and time fields > converts shop-local wall time to the matching UTC instant 0ms
 ✓ apps/web/tests/timezone.test.ts > shop-timezone date and time fields > converts a date-only boundary using the selected calendar date and timezone 1ms
 ✓ apps/web/tests/timezone.test.ts > shop-timezone date and time fields > keeps the start of a daylight-saving day at local midnight 0ms
 ✓ apps/web/tests/timezone.test.ts > shop-timezone date and time fields > uses the first valid instant when a DST transition skips local midnight 0ms
 ✓ apps/web/tests/timezone.test.ts > shop-timezone date and time fields > rejects malformed dates, skipped whole dates and invalid timezones for day boundaries 0ms
 ✓ apps/web/tests/timezone.test.ts > shop-timezone date and time fields > rejects malformed dates and local times skipped by a daylight-saving transition 0ms
 ✓ apps/web/tests/timezone.test.ts > shop-timezone date and time fields > chooses the earlier instant when a fall-back transition repeats a local time 0ms
 ✓ apps/web/tests/timezone.test.ts > shop-timezone date and time fields > accepts only real calendar dates from URL state 0ms
 ✓ apps/web/tests/report-utils.test.ts > report date and download boundaries > converts inclusive date-only filters using the shop timezone 11ms
 ✓ apps/web/tests/report-utils.test.ts > report date and download boundaries > preserves daylight-saving offsets across the selected local day 0ms
 ✓ apps/web/tests/report-utils.test.ts > report date and download boundaries > uses the shared first local-day instant when midnight is skipped 0ms
 ✓ apps/web/tests/report-utils.test.ts > report date and download boundaries > derives defaults from the API snapshot in the shop timezone 0ms
 ✓ apps/web/tests/report-utils.test.ts > report date and download boundaries > limits download names to report enums and date-only values 1ms
 ✓ apps/web/tests/report-utils.test.ts > report date and download boundaries > rejects unsafe schemes and insecure external download targets 0ms
 ✓ apps/web/tests/format.test.ts > Frontend boundary helpers > formats the same instant using the required shop timezone 10ms
 ✓ apps/web/tests/format.test.ts > Frontend boundary helpers > formats exact amounts without floating point rounding 0ms
 ✓ apps/web/tests/format.test.ts > Frontend boundary helpers > does not turn missing amounts into zero 0ms
 ✓ apps/web/tests/format.test.ts > Frontend boundary helpers > rejects external return path //evil.example 0ms
 ✓ apps/web/tests/format.test.ts > Frontend boundary helpers > rejects external return path /\evil.example 0ms
 ✓ apps/web/tests/format.test.ts > Frontend boundary helpers > rejects external return path https://evil.example 0ms
 ✓ apps/web/tests/format.test.ts > Frontend boundary helpers > rejects NUL bytes in internal return paths 0ms
 ✓ apps/web/tests/format.test.ts > Frontend boundary helpers > quotes spreadsheet formula cells 0ms
 ✓ apps/web/tests/format.test.ts > Frontend boundary helpers > rejects malformed amount contracts 2ms
 ✓ apps/web/tests/format.test.ts > Frontend boundary helpers > accepts opaque contract IDs and rejects path traversal values 1ms
 ✓ apps/web/tests/api-client.test.tsx > typed HTTP boundary > serializes product status and category filters from the canonical operation contract 4ms
 ✓ apps/web/tests/api-client.test.tsx > typed HTTP boundary > uses the generated same-origin base path and validates a successful response 2ms
 ✓ apps/web/tests/api-client.test.tsx > typed HTTP boundary > preserves contract nulls, adds CSRF and idempotency headers, and validates the response DTO 4ms
 ✓ apps/web/tests/api-client.test.tsx > typed HTTP boundary > sends only the headers declared by an operation contract 1ms
 ✓ apps/web/tests/api-client.test.tsx > typed HTTP boundary > sets If-Match from the required typed version option 1ms
 ✓ apps/web/tests/api-client.test.tsx > typed HTTP boundary > fails closed when a contract-required version or CSRF token is missing 1ms
 ✓ apps/web/tests/api-client.test.tsx > typed HTTP boundary > rejects invalid CSRF and idempotency values using generated header schemas 1ms
 ✓ apps/web/tests/api-client.test.tsx > typed HTTP boundary > validates path and query values against generated operation parameter schemas 0ms
 ✓ apps/web/tests/api-client.test.tsx > typed HTTP boundary > rejects a missing contract-required request body before sending 0ms
 ✓ apps/web/tests/api-client.test.tsx > typed HTTP boundary > rejects a request body that violates its canonical schema before sending 0ms
 ✓ apps/web/tests/api-client.test.tsx > typed HTTP boundary > rejects missing required query parameters before sending 0ms
 ✓ apps/web/tests/api-client.test.tsx > typed HTTP boundary > preserves structured Problem data for HTTP 409 4ms
 ✓ apps/web/tests/api-client.test.tsx > typed HTTP boundary > preserves structured Problem data for HTTP 412 1ms
 ✓ apps/web/tests/api-client.test.tsx > typed HTTP boundary > preserves structured Problem data for HTTP 422 0ms
 ✓ apps/web/tests/api-client.test.tsx > typed HTTP boundary > preserves structured Problem data for HTTP 428 0ms
 ✓ apps/web/tests/api-client.test.tsx > typed HTTP boundary > preserves structured Problem data for HTTP 429 0ms
 ✓ apps/web/tests/api-client.test.tsx > typed HTTP boundary > does not send a caller-aborted request 0ms
 ✓ apps/web/tests/api-client.test.tsx > typed HTTP boundary > aborts an in-flight read when the caller AbortSignal fires 0ms
 ✓ apps/web/tests/api-client.test.tsx > typed HTTP boundary > classifies a mutation timeout as an unknown result and a read timeout as retryable transport failure 2ms
 ✓ apps/web/tests/api-client.test.tsx > typed HTTP boundary > marks a successful HTTP response with an invalid DTO as unknown for mutations 0ms
 ✓ apps/web/tests/api-client.test.tsx > typed HTTP boundary > rejects an unsupported command status instead of treating it as successful 3ms
 ✓ apps/web/tests/dashboard-labels.test.ts > dashboard labels from API-provided identity values > keeps long display names readable as content instead of truncating them 1ms
 ✓ apps/web/tests/dashboard-labels.test.ts > dashboard labels from API-provided identity values > uses a neutral greeting when the API display name is empty or whitespace-only 0ms
 ✓ apps/web/tests/dashboard-labels.test.ts > dashboard labels from API-provided identity values > labels known agent-role kinds and does not invent a name for an unknown or empty kind 0ms
 ✓ apps/web/tests/states/fe023-state.test.tsx > FE023 shared state and form behavior > renders a bounded loading state and does not show success content before data arrives 41ms
 ✓ apps/web/tests/components.test.tsx > Graphite Gold theme contract > maps the approved dark tokens, typography, radii, and responsive breakpoints 2ms
 ✓ apps/web/tests/components.test.tsx > Graphite Gold theme contract > keeps primary, secondary, status, and control contrast above their design thresholds 0ms
 ✓ apps/web/tests/components.test.tsx > Graphite Gold theme contract > applies semantic token surfaces to standard alerts 43ms
 ✓ apps/web/tests/components.test.tsx > Graphite Gold theme contract > loads canonical dark tokens and bootstrap before application JavaScript 1ms
 ✓ apps/web/tests/components.test.tsx > Graphite Gold theme contract > keeps the application theme and source palette dark-only and token-owned 10ms
 ✓ apps/web/tests/components.test.tsx > Graphite Gold theme contract > rejects copied HEX values and non-dark theme modes with negative fixtures 8ms
 ✓ apps/web/tests/api-client.test.tsx > typed HTTP boundary > waits for command completion after HTTP 202 before resolving useCommand 413ms
 ✓ apps/web/tests/states/fe023-state.test.tsx > FE023 shared state and form behavior > keeps the loaded data visible after a failed refetch and identifies it as potentially stale 64ms
 ✓ apps/web/tests/states/fe023-state.test.tsx > FE023 shared state and form behavior > shows forbidden as an access state without offering a meaningless retry 7ms
 ✓ apps/web/tests/states/fe023-state.test.tsx > FE023 shared state and form behavior > maps 422 errors to a field, focuses it, and preserves the user input 26ms
 ✓ apps/web/tests/states/fe023-state.test.tsx > FE023 shared state and form behavior > presents HTTP 412 with an actionable Vietnamese state 6ms
 ✓ apps/web/tests/states/fe023-state.test.tsx > FE023 shared state and form behavior > presents HTTP 428 with an actionable Vietnamese state 5ms
 ✓ apps/web/tests/states/fe023-state.test.tsx > FE023 shared state and form behavior > presents HTTP 404 with an actionable Vietnamese state 4ms
 ✓ apps/web/tests/states/fe023-state.test.tsx > FE023 shared state and form behavior > keeps an unknown mutation outcome distinct and includes the reconciliation command ID 5ms
 ✓ apps/web/tests/components.test.tsx > Accessible shared presentation > keeps copyable identifiers wrapped, spaced by the semantic role, and announces clipboard feedback 66ms
 ✓ apps/web/tests/components.test.tsx > Accessible shared presentation > uses the canonical touch target for primary controls 8ms
 ✓ apps/web/tests/components.test.tsx > Accessible shared presentation > uses the approved card radius rather than MUI spacing-scaled radius 6ms
 ✓ apps/web/tests/components.test.tsx > Accessible shared presentation > renders semantic status text and a keyboard-navigable, named table region 14ms
 ✓ apps/web/tests/components.test.tsx > Accessible shared presentation > keeps status and empty states understandable without relying on color 9ms
 ✓ apps/web/tests/components.test.tsx > Accessible shared presentation > shows a reserved loading state and a retryable error state 57ms
 ✓ apps/web/tests/components.test.tsx > Accessible shared presentation > uses semantic layout roles for empty, loading, and notice states 16ms
 ✓ apps/web/tests/components.test.tsx > Accessible shared presentation > sets dialog insets and action gap explicitly instead of inheriting button margins 73ms
 ✓ apps/web/tests/api-client.test.tsx > typed HTTP boundary > keeps an accepted command unresolved when command status polling fails 407ms
 ✓ apps/web/tests/components.test.tsx > Accessible shared presentation > clears search, cursor, and returns focus while preserving other filters 350ms
 ✓ apps/web/tests/components.test.tsx > Accessible shared presentation > binds list query fields and search controls to each OpenAPI operation 13ms
 ✓ apps/web/tests/components.test.tsx > Accessible shared presentation > moves between cursor pages without dropping unrelated query filters 111ms
 ✓ apps/web/tests/components.test.tsx > Accessible shared presentation > does not submit an unfinished IME composition 11ms
 ✓ apps/web/tests/states/fe023-state.test.tsx > FE023 shared state and form behavior > asks before closing a dialog with a dirty field and keeps the field until discard is chosen 926ms
 ✓ apps/web/tests/states/fe023-state.test.tsx > FE023 shared state and form behavior > exposes partial data and unavailable capability as explicit, accessible states 8ms
 ✓ apps/web/tests/states/fe023-state.test.tsx > FE023 shared state and form behavior > has a complete Vietnamese translation for every registered common and feature UI key 1ms
[BABEL] Note: The code generator has deoptimised the styling of C:\Users\Joker-PC\AppData\Local\Temp\botsales-vite-cache\ea27c7577456f6009d55\direct-vite\46136\deps\react-dom_client.js?v=32df8f3b as it exceeds the max of 500KB.
 ✓ apps/web/tests/components.test.tsx > Accessible shared presentation > associates form errors with the visible label and returns focus after dialog close 334ms
 ✓ apps/web/tests/components.test.tsx > Accessible shared presentation > has no axe violations in the shared table, status, and search states 70ms
 ✓ apps/web/tests/components.test.tsx > Accessible shared presentation > reflows the real mock application from 320px to 1440px and passes browser axe 3322ms

 Test Files  10 passed (10)
      Tests  93 passed (93)
   Start at  14:49:36
   Duration  5.67s (tests 50%, environment 22%, import 15%, transform 7%, setup 6%)

EXIT_CODE=0
