{
  "executedAt": "2026-10-08T23:16:41.282Z",
  "taskId": "FE018",
  "stepId": "S03",
  "facts": [
    {
      "name": "Canonical task criteria",
      "action": "Kiểm expired approval/limit exceeded/tool denied/kill switch/unknown/config conflict và requireHumanOrderConfirmation legacy gap.",
      "verification": "Luồng âm giữ dữ liệu người dùng và hiện lý do phù hợp; không hành động vượt allowedActions hoặc báo thành công giả. Ghi command/cwd/exit code, expected/observed, log/hash và source snapshot thực. Scope FRONTEND_WITH_SYNTHETIC_MOCK_API; không dùng kết quả prototype hoặc backend chưa chạy."
    },
    {
      "name": "Current task contract/source ownership",
      "routes": [
        {
          "id": "R26",
          "source": "apps/web/src/modules/bot/index.tsx",
          "component": "BotConfigPage"
        },
        {
          "id": "R27",
          "source": "apps/web/src/modules/bot/index.tsx",
          "component": "PlaygroundPage"
        },
        {
          "id": "R28",
          "source": "apps/web/src/modules/bot/index.tsx",
          "component": "EvaluationsPage"
        },
        {
          "id": "R51",
          "source": "apps/web/src/modules/bot/index.tsx",
          "component": "AgentTeamPage"
        }
      ],
      "operationIds": [
        "controlAutomation",
        "createEvaluation",
        "getBotConfig",
        "getBotRevision",
        "getEvaluation",
        "getJob",
        "listAIConnections",
        "listAgentRoles",
        "listBotRevisions",
        "listBudgetPolicies",
        "listEvaluations",
        "listKnowledge",
        "pauseBot",
        "publishBotConfig",
        "restoreBotRevision",
        "runPlayground",
        "updateAgentRole",
        "updateBotDraft"
      ],
      "crosswalk": {
        "operations": 210,
        "files": 71,
        "calls": 222,
        "unresolved": 0
      }
    },
    {
      "name": "Named executed owner behavior",
      "scope": "negative cases plus owner suite",
      "cases": [
        "FE018.AC01/04 draft saves use the contract version and keep human order confirmation locked after a conflict",
        "FE018.AC03 evaluation is synthetic, revision-bound, and cannot publish a stale draft",
        "FE018.AC03 playground sends no external message and preserves unknown cost and token values",
        "FE018.S03 synthetic budget and tool denials retain the prompt and never show a generated answer",
        "FE018.AC02 role kill switch is versioned, preserves API tools, and does not pause the whole bot",
        "FE018.AC02 expired, wrong-scope, and matching approvals produce honest budget results",
        "FE018.AC05 manager and bot-admin roles cannot use operations outside their canonical permissions",
        "FE018.AC05 unknown role command stays unresolved and does not claim successful resumption",
        "A01 order lines keep intrinsic remove actions with clean and invalid quantities",
        "Shared outlined labels focus empty and populated native controls",
        "A06 Empty wraps unbroken reference text and retains its keyboard action"
      ],
      "executions": 44,
      "assertionInventory": [
        {
          "file": "tests/fe018.spec.ts",
          "sha256": "215394c04d3c1e0a9344282645960b51646d04e708c4df55c3736045542e40fc",
          "cases": [
            {
              "title": "FE018.S01 maps routes and operations to the canonical OpenAPI permissions",
              "line": 128,
              "assertions": [
                "expect(route?.module).toBe('bot')",
                "expect(byId.get(action.operationId)?.['x-permission']).toBe(action.permission)",
                "expect(byId.get('updateBudgetPolicy')?.['x-permission']).toBe('operations.manage')"
              ],
              "projects": [
                "chromium",
                "firefox"
              ]
            },
            {
              "title": "FE018.AC01/04 draft saves use the contract version and keep human order confirmation locked after a conflict",
              "line": 145,
              "assertions": [
                "expect(page.getByText('Hợp đồng BotConfigWrite hiện khóa requireHumanOrderConfirmation=true.')).toBeVisible()",
                "expect(request.headers()['if-match']).toBe('\"1\"')",
                "expect(request.postDataJSON()).toMatchObject({ instructions, requireHumanOrderConfirmation: true })",
                "expect(response.status()).toBe(200)",
                "expect((await response.json()).data).toMatchObject({ draftRevision: 2, version: 2, instructions, requireHumanOrderConfirmation: true })",
                "expect(staleResponse.status()).toBe(412)",
                "expect(staleDialog.getByRole('alert').filter({ hasText: 'Mô phỏng dữ liệu bị thay đổi bởi người khác.' })).toBeVisible()",
                "expect(staleDialog.getByLabel('Chỉ dẫn tư vấn đã duyệt')).toHaveValue(edited)",
                "expect(await readApi<{ instructions: string; draftRevision: number }>(page, '/api/v2/shops/shop-demo/bot/config')).toMatchObject({ instructions, draftRevision: 2 })"
              ],
              "projects": [
                "chromium",
                "firefox"
              ]
            },
            {
              "title": "FE018.AC03 evaluation is synthetic, revision-bound, and cannot publish a stale draft",
              "line": 176,
              "assertions": [
                "expect(changed.response.status()).toBe(200)",
                "expect(changed.request.postDataJSON()).toMatchObject({ requireHumanOrderConfirmation: true })",
                "expect(request.postDataJSON()).toMatchObject({ expectedVersion: 2, draftRevision: 2, evaluationRunId: evaluationId, reason: 'Đánh giá cũ không áp dụng' })",
                "expect(response.status()).toBe(409)",
                "expect(dialog.getByRole('alert').filter({ hasText: 'Đánh giá không khớp bản nháp.' })).toBeVisible()",
                "expect(dialog.getByLabel('Mã lần đánh giá đúng bản nháp')).toHaveValue(evaluationId)",
                "expect(await readApi<{ status: string; draftRevision: number; liveRevision: number | null }>(page, '/api/v2/shops/shop-demo/bot/config')).toMatchObject({ status: 'paused', draftRevision: 2, liveRevision: null })"
              ],
              "projects": [
                "chromium",
                "firefox"
              ]
            },
            {
              "title": "FE018.AC01/04 successful publish is tied to the tested revision and pause explains its boundary",
              "line": 200,
              "assertions": [
                "expect(publishRequest.postDataJSON()).toEqual({ expectedVersion: 1, draftRevision: 1, evaluationRunId: evaluationId, reason: 'Đã kiểm tra bản nháp' })",
                "expect(publishResponse.status()).toBe(202)",
                "expect.poll(async () => (await readApi<{ status: string; liveRevision: number | null; requireHumanOrderConfirmation: boolean }>(page, '/api/v2/shops/shop-demo/bot/config'))).toMatchObject({ status: 'active', liveRevision: 1, requireHumanOrderConfirmation: true })",
                "expect.poll(async () => (await readApi<{ status: string; liveRevision: number | null; requireHumanOrderConfirmation: boolean }>(page, '/api/v2/shops/shop-demo/bot/config')))",
                "expect(pauseDialog).toContainText('Tin nhắn đã được nhà cung cấp nhận không thể thu hồi')",
                "expect(pauseRequest.postDataJSON()).toEqual({ expectedVersion: 2, reason: 'Dừng kiểm thử' })",
                "expect(pauseResponse.status()).toBe(202)",
                "expect.poll(async () => (await readApi<{ status: string; liveRevision: number | null }>(page, '/api/v2/shops/shop-demo/bot/config'))).toMatchObject({ status: 'paused', liveRevision: 1 })",
                "expect.poll(async () => (await readApi<{ status: string; liveRevision: number | null }>(page, '/api/v2/shops/shop-demo/bot/config')))"
              ],
              "projects": [
                "chromium",
                "firefox"
              ]
            },
            {
              "title": "FE018.AC03 playground sends no external message and preserves unknown cost and token values",
              "line": 230,
              "assertions": [
                "expect(response.status()).toBe(200)",
                "expect(request.postDataJSON()).toEqual({ configRevision: 1, text: prompt, customerContextId: null })",
                "expect(result).toMatchObject({ configRevision: 1, estimatedCost: null, inputTokens: null, outputTokens: null, externalMessageSent: false })",
                "expect(result.text).toContain('[Mô phỏng, không gọi AI]')",
                "expect(result.warnings).toContain('Đây là kiểm tra giao diện, không đo chất lượng mô hình AI.')",
                "expect(page.getByText('[Mô phỏng, không gọi AI]', { exact: false })).toBeVisible()",
                "expect(page.getByText('Gửi ra ngoài', { exact: true }).locator('..')).toContainText('Không')",
                "expect(page.getByRole('alert').filter({ hasText: 'không đo chất lượng mô hình AI' })).toBeVisible()",
                "expect(await page.evaluate(() => document.documentElement.scrollWidth)).toBeLessThanOrEqual(await page.evaluate(() => document.documentElement.clientWidth) + 1)"
              ],
              "projects": [
                "chromium",
                "firefox"
              ]
            },
            {
              "title": "FE018.S03 synthetic budget and tool denials retain the prompt and never show a generated answer",
              "line": 252,
              "assertions": [
                "expect(budgetResponse.status()).toBe(429)",
                "expect(await budgetResponse.json()).toMatchObject({ code: 'BUDGET_EXCEEDED', status: 429 })",
                "expect(page.getByRole('alert').filter({ hasText: 'Hạn mức AI mô phỏng đã đạt giới hạn' })).toBeVisible()",
                "expect(input).toHaveValue(prompt)",
                "expect(page.getByText('Chạy câu hỏi để xem câu trả lời, nguồn và cảnh báo. Không có điểm chất lượng tự tạo.')).toBeVisible()",
                "expect(toolResponse.status()).toBe(403)",
                "expect(await toolResponse.json()).toMatchObject({ code: 'TOOL_NOT_ALLOWED', status: 403 })",
                "expect(page.getByRole('alert').filter({ hasText: 'không thuộc allowedToolIds' })).toBeVisible()",
                "expect(input).toHaveValue(prompt)",
                "expect(page.getByText('Chạy câu hỏi để xem câu trả lời, nguồn và cảnh báo. Không có điểm chất lượng tự tạo.')).toBeVisible()"
              ],
              "projects": [
                "chromium",
                "firefox"
              ]
            },
            {
              "title": "FE027.H03 budget and provider failover preview refuses silent provider switching on exhaustion",
              "line": 278,
              "assertions": [
                "expect(preview).toContainText('Chi phí trong phòng thử là ước tính mô phỏng')",
                "expect(preview).toContainText('Provider dự phòng')",
                "expect(preview).toContainText('Chưa có trạng thái failover được xác minh')",
                "expect(preview).toContainText('không âm thầm đổi provider')",
                "expect(writes).toEqual([])"
              ],
              "projects": [
                "chromium",
                "firefox"
              ]
            },
            {
              "title": "FE018.AC02 role kill switch is versioned, preserves API tools, and does not pause the whole bot",
              "line": 292,
              "assertions": [
                "expect((await publishResponseWait).status()).toBe(202)",
                "expect(before[0]).toMatchObject({ id: 'agent-0', status: 'paused', allowedToolIds: ['catalog.read', 'quote.create', 'order.draft'] })",
                "expect(before[0].allowedToolIds).not.toContain('orders.confirm')",
                "expect(resumeRequest.postDataJSON()).toMatchObject({ expectedVersion: 1, scope: 'role', resourceId: 'agent-0', action: 'resume', reason: 'Kiểm thử tiếp tục' })",
                "expect((await resumeResponseWait).status()).toBe(202)",
                "expect(page.getByRole('button', { name: 'Tạm dừng' }).first()).toBeVisible()",
                "expect(pauseRequest.postDataJSON()).toMatchObject({ expectedVersion: 2, scope: 'role', resourceId: 'agent-0', action: 'pause', reason: 'Dừng riêng vai trò' })",
                "expect((await pauseResponseWait).status()).toBe(202)",
                "expect(afterRoles[0]).toMatchObject({ id: 'agent-0', status: 'paused', allowedToolIds: before[0].allowedToolIds })",
                "expect(afterBot).toMatchObject({ status: 'active', liveRevision: 1 })"
              ],
              "projects": [
                "chromium",
                "firefox"
              ]
            },
            {
              "title": "FE018.AC02 expired, wrong-scope, and matching approvals produce honest budget results",
              "line": 333,
              "assertions": [
                "expect(wrongScope.request.postDataJSON()).toMatchObject({ expectedVersion: 1, limitAmount: { amount: '350000', currency: 'VND' }, approvalId: 'seed-approval-10049' })",
                "expect(wrongScope.response.status()).toBe(409)",
                "expect(dialog.getByRole('alert').filter({ hasText: 'Phê duyệt đã hết hạn, sai phiên bản hoặc không thuộc hạn mức này.' })).toBeVisible()",
                "expect(expired.response.status()).toBe(409)",
                "expect(unchanged.find(item => item.id === 'budget-0')).toMatchObject({ limitAmount: { amount: '300000' } })",
                "expect(amount).toHaveValue('350000')",
                "expect(valid.response.status()).toBe(200)",
                "expect((await valid.response.json()).data).toMatchObject({ id: 'budget-0', version: 2, limitAmount: { amount: '350000', currency: 'VND' } })"
              ],
              "projects": [
                "chromium",
                "firefox"
              ]
            },
            {
              "title": "FE018.AC05 manager and bot-admin roles cannot use operations outside their canonical permissions",
              "line": 361,
              "assertions": [
                "expect(page.getByRole('button', { name: 'Sửa bản nháp' })).toHaveCount(0)",
                "expect(page.getByRole('button', { name: 'Duyệt & xuất bản' })).toHaveCount(0)",
                "expect(deniedDraft).toBe(403)",
                "expect(await readApi<{ instructions: string; draftRevision: number }>(page, '/api/v2/shops/shop-demo/bot/config')).toMatchObject({ draftRevision: 1 })",
                "expect(page.getByRole('button', { name: 'Đổi có phê duyệt' })).toHaveCount(0)",
                "expect(deniedBudget).toBe(403)",
                "expect(unchanged.find(item => item.id === 'budget-0')).toMatchObject({ limitAmount: { amount: '300000' } })"
              ],
              "projects": [
                "chromium",
                "firefox"
              ]
            },
            {
              "title": "FE018.AC05 unknown role command stays unresolved and does not claim successful resumption",
              "line": 393,
              "assertions": [
                "expect(response.status()).toBe(202)",
                "expect((await response.json()).data.status).toBe('unknown')",
                "expect(dialog.getByRole('alert')).toContainText('Chưa xác minh được kết quả')",
                "expect(dialog).toBeVisible()",
                "expect(await readApi<Array<{ id: string; status: string }>>(page, '/api/v2/shops/shop-demo/agent-roles')).toContainEqual(expect.objectContaining({ id: 'agent-0', status: 'not_configured' }))",
                "expect.objectContaining({ id: 'agent-0', status: 'not_configured' })"
              ],
              "projects": [
                "chromium",
                "firefox"
              ]
            },
            {
              "title": "UI004 25 evaluations: cursor pages reach the last record and preserve detail, search, and browser Back state",
              "line": 409,
              "assertions": [
                "expect(firstPage).toMatchObject({ page: { limit: 20, total: 25, hasMore: true } })",
                "expect(firstPage.data).toHaveLength(20)",
                "expect(await visibleEvaluationIds(page)).toEqual([...createdIds].reverse().slice(0, 20))",
                "expect(page.getByText('25 kết quả', { exact: true })).toBeVisible()",
                "expect(page.getByRole('button', { name: 'Trang tiếp', exact: true })).toBeEnabled()",
                "expect(second.response.status()).toBe(200)",
                "expect(second.envelope).toMatchObject({ page: { total: 25, hasMore: false, nextCursor: null } })",
                "expect(second.envelope.data.map(row => row.id)).toEqual([...createdIds].reverse().slice(20))",
                "expect(await visibleEvaluationIds(page)).toEqual([...createdIds].reverse().slice(20))",
                "expect(page.getByRole('button', { name: 'Trang tiếp', exact: true })).toBeDisabled()",
                "expect(page.getByRole('button', { name: 'Đầu danh sách', exact: true })).toBeEnabled()",
                "expect(detail).toBeVisible()",
                "expect(detail).toBeHidden()",
                "expect.poll(() => new URL(page.url()).searchParams.get('cursor')).toBe(firstPage.page.nextCursor)",
                "expect.poll(() => new URL(page.url()).searchParams.get('cursor'))",
                "expect(await visibleEvaluationIds(page)).toEqual([...createdIds].reverse().slice(20))",
                "expect.poll(() => new URL(page.url()).searchParams.get('cursor')).toBeNull()",
                "expect.poll(() => new URL(page.url()).searchParams.get('cursor'))",
                "expect(await visibleEvaluationIds(page)).toEqual([...createdIds].reverse().slice(0, 20))",
                "expect.poll(() => new URL(page.url()).searchParams.get('cursor')).toBe(firstPage.page.nextCursor)",
                "expect.poll(() => new URL(page.url()).searchParams.get('cursor'))",
                "expect(await visibleEvaluationIds(page)).toEqual([...createdIds].reverse().slice(20))",
                "expect(new URL(page.url()).searchParams.get('cursor')).toBeNull()",
                "expect(searchEnvelope).toMatchObject({ page: { total: 1, hasMore: false } })",
                "expect(await visibleEvaluationIds(page)).toEqual([createdIds[0]])"
              ],
              "projects": [
                "chromium",
                "firefox"
              ]
            },
            {
              "title": "UI004 105 evaluations: cursor traversal reaches every record and retains the failing cursor for retry",
              "line": 455,
              "assertions": [
                "expect(firstPage).toMatchObject({ page: { limit: 20, total: 105, hasMore: true } })",
                "expect(firstPage.data).toHaveLength(20)",
                "expect(await visibleEvaluationIds(page)).toEqual(current.data.map(row => row.id))",
                "expect(page.getByRole('status')).toContainText('Trạng thái thử đã được áp dụng.')",
                "expect(failedResponse.status()).toBe(503)",
                "expect.poll(() => new URL(page.url()).searchParams.get('cursor')).toBe(failedCursor)",
                "expect.poll(() => new URL(page.url()).searchParams.get('cursor'))",
                "expect(page.getByRole('alert').filter({ hasText: 'API mô phỏng đang lỗi liên tục.' })).toBeVisible({ timeout: 15_000 })",
                "expect(page.getByRole('row')).toHaveCount(0)",
                "expect(page.getByRole('status')).toContainText('Trạng thái thử đã được áp dụng.')",
                "expect(retryResponse.status()).toBe(200)",
                "expect(current.data).toHaveLength(20)",
                "expect.poll(() => visibleEvaluationIds(page)).toEqual(current.data.map(row => row.id))",
                "expect.poll(() => visibleEvaluationIds(page))",
                "expect(cursor).toBeTruthy()",
                "expect(next.response.status()).toBe(200)",
                "expect(next.envelope.page.total).toBe(105)",
                "expect(next.envelope.data.map(row => row.id)).toEqual(await visibleEvaluationIds(page))",
                "expect(allVisible).toEqual(orderedExpected)",
                "expect(new Set(allVisible).size).toBe(105)",
                "expect(current.data).toHaveLength(5)",
                "expect(current.page).toMatchObject({ total: 105, hasMore: false, nextCursor: null })",
                "expect(page.getByRole('button', { name: 'Trang tiếp', exact: true })).toBeDisabled()",
                "expect(page.getByRole('button', { name: createdIds[0], exact: true })).toBeVisible()",
                "expect(page.getByRole('dialog', { name: 'Chi tiết đánh giá' })).toBeVisible()",
                "expect(page.getByRole('button', { name: createdIds[0], exact: true })).toBeVisible()"
              ],
              "projects": [
                "chromium",
                "firefox"
              ]
            }
          ]
        },
        {
          "file": "tests/ui-component-layout.spec.ts",
          "sha256": "ed0f76f9f902a593d991c50bba9163d0d2a66a9df07478643779c09b83041e67",
          "cases": [
            {
              "title": "A01 order lines keep intrinsic remove actions with clean and invalid quantities",
              "line": 40,
              "assertions": [
                "expect(page.getByRole('button', { name: 'Bỏ dòng 1', exact: true })).toBeVisible()",
                "expect(geometry.actual).toBeLessThanOrEqual(geometry.natural + 1)",
                "expect(page.getByRole('combobox', { name: 'Sản phẩm 2', exact: true })).toBeVisible()",
                "expect(page.getByRole('combobox', { name: 'Sản phẩm 2', exact: true })).toHaveCount(0)"
              ],
              "projects": [
                "chromium",
                "firefox"
              ]
            },
            {
              "title": "A02 product editors align category and status faces independently from lookup metadata",
              "line": 61,
              "assertions": [
                "expect(page.getByRole('textbox', { name: 'Tìm danh mục', exact: true })).toBeVisible()",
                "expect(page.getByText('Đã tải 3 lựa chọn', { exact: true })).toBeVisible()",
                "expect(Math.abs(geometry.category.y - geometry.status.y)).toBeLessThanOrEqual(1)",
                "expect(geometry.status.y).toBeGreaterThan(geometry.category.y)",
                "expect(page.getByText('Không tìm thấy danh mục phù hợp.', { exact: true })).toBeVisible()",
                "expect(page.getByRole('textbox', { name: 'Tên sản phẩm', exact: true })).toHaveValue('Bản nháp cần giữ')",
                "expect(Math.abs(category!.y - status!.y)).toBeLessThanOrEqual(1)"
              ],
              "projects": [
                "chromium",
                "firefox"
              ]
            },
            {
              "title": "Shared outlined labels focus empty and populated native controls",
              "line": 84,
              "assertions": [
                "expect(control).toBeFocused()",
                "expect(control).toHaveValue(value)"
              ],
              "projects": [
                "chromium",
                "firefox"
              ]
            },
            {
              "title": "A02 variant fields retain readable widths when text doubles",
              "line": 99,
              "assertions": [
                "expect(name).toBeVisible()",
                "expect(labels.length).toBeGreaterThanOrEqual(3)",
                "expect(labels.filter(label => label.overlaps || label.outsideField)).toEqual([])",
                "expect(label.fieldBounds.right - label.fieldBounds.left).toBeGreaterThanOrEqual(120)",
                "expect(name).toHaveValue('Bản nháp biến thể cần giữ')",
                "expect(page.getByRole('textbox', { name: 'Tên / màu / kích cỡ', exact: true })).toHaveCount(initial + 1)",
                "expect(page.getByRole('textbox', { name: 'Tên / màu / kích cỡ', exact: true })).toHaveCount(initial)",
                "expect(name).toHaveValue('Bản nháp biến thể cần giữ')"
              ],
              "projects": [
                "chromium",
                "firefox"
              ]
            },
            {
              "title": "A03 import mapping preserves natural remove actions and editable mappings",
              "line": 130,
              "assertions": [
                "expect(remove).toHaveCount(5)",
                "expect(geometry.actual).toBeLessThanOrEqual(geometry.natural + 1)",
                "expect(remove).toHaveCount(4)",
                "expect(remove).toHaveCount(5)",
                "expect(page.getByRole('textbox', { name: 'Tên cột trong tệp', exact: true }).first()).toHaveValue('Mã SKU đã sửa')"
              ],
              "projects": [
                "chromium",
                "firefox"
              ]
            },
            {
              "title": "A04 full precision money wraps outside tables and remains unbroken in the named scroll region",
              "line": 150,
              "assertions": [
                "expect(amount).toHaveCount(2)",
                "expect(page.getByText(expected.negative, { exact: true })).toBeVisible()",
                "expect(await amount.first().evaluate(node => getComputedStyle(node).whiteSpace)).toBe('normal')",
                "expect(await amount.last().evaluate(node => getComputedStyle(node).whiteSpace)).toBe('nowrap')",
                "expect(clipping).toBe(false)",
                "expect(overflow).toBe(true)",
                "expect.poll(() => table.evaluate(node => node.scrollLeft)).toBeGreaterThan(before)",
                "expect.poll(() => table.evaluate(node => node.scrollLeft))",
                "expect(await table.evaluate(node => node.scrollLeft)).toBe(before)",
                "expect((await new AxeBuilder({ page }).include('main').analyze()).violations).toEqual([])"
              ],
              "projects": [
                "chromium",
                "firefox"
              ]
            },
            {
              "title": "A05 status height follows its own label while long labels remain fully readable",
              "line": 176,
              "assertions": [
                "expect(geometry.actual).toBeLessThanOrEqual(Math.max(geometry.minimum, geometry.label) + 1)",
                "expect(geometry.actual).toBeLessThanOrEqual(intrinsicSize.natural + 1)",
                "expect(long).toHaveText('Trạng thái chưa biết ' + 'A'.repeat(120))",
                "expect(await long.evaluate(node => node.scrollWidth <= node.clientWidth + 1)).toBe(true)",
                "expect((await new AxeBuilder({ page }).include('main').analyze()).violations).toEqual([])"
              ],
              "projects": [
                "chromium",
                "firefox"
              ]
            },
            {
              "title": "A06 Empty wraps unbroken reference text and retains its keyboard action",
              "line": 195,
              "assertions": [
                "expect(page.getByRole('status')).toContainText('Mã tham chiếu: ' + 'A'.repeat(120))",
                "expect(await text.evaluate(node => node.scrollWidth <= node.clientWidth + 1)).toBe(true)",
                "expect(action).toBeFocused()",
                "expect((await new AxeBuilder({ page }).include('main').analyze()).violations).toEqual([])"
              ],
              "projects": [
                "chromium",
                "firefox"
              ]
            },
            {
              "title": "A07 locked order addresses expose full text and edit lines retain intrinsic actions",
              "line": 208,
              "assertions": [
                "expect(dialog).toBeVisible()",
                "expect(address).toBeVisible()",
                "expect(dialog.getByRole('combobox', { name: /^Địa chỉ giao hàng/ })).toHaveCount(0)",
                "expect(dialog.getByRole('combobox', { name: /^Thanh toán/ })).toHaveCount(0)",
                "expect(dialog.getByRole('group', { name: 'Thanh toán', exact: true })).toContainText('Thu khi giao (COD)')",
                "expect(addressText).toHaveText(expected)",
                "expect(await addressText.evaluate(node => node.scrollWidth <= node.clientWidth + 1 && getComputedStyle(node).textOverflow !== 'ellipsis')).toBe(true)",
                "expect(geometry.actual).toBeLessThanOrEqual(geometry.natural + 1)",
                "expect(addressText).toHaveText(original!)",
                "expect((await new AxeBuilder({ page }).include('[role=\"dialog\"]').analyze()).violations).toEqual([])",
                "expect(option).toBeVisible()",
                "expect(await option.evaluate(node => {\n            const paper = node.closest('.MuiPaper-root')!.getBoundingClientRect(), range = document.createRange(); range.selectNodeContents(node);\n            return getComputedStyle(node).whiteSpace === 'normal' && [...range.getClientRects()].every(rect => rect.left >= paper.left - 1 && rect.right <= paper.right + 1);\n        })).toBe(true)",
                "expect(page.getByRole('listbox')).toHaveCount(0)"
              ],
              "projects": [
                "chromium",
                "firefox"
              ]
            }
          ]
        }
      ]
    },
    {
      "name": "Current shared dependency regressions",
      "unit": 175,
      "domain": 88,
      "sourceMap": 16,
      "browser": 614,
      "builtArtifact": 6,
      "limits": "Counts describe distinct suites; they are not added into a checkpoint percentage. Owner case and source checks above are required independently."
    },
    {
      "name": "Executed unit owners",
      "owners": [
        {
          "file": "apps/web/tests/versioned-draft.test.tsx",
          "sha256": "664d2c84a48ed012aee2039b70cd322fa63186e254b5cd246f86edc803b81ee8",
          "cases": [
            "F01/F02/F03 keeps the baseline version and draft across unrelated and conflicting server changes",
            "F01 requires choices for both-side changes and treats arrays as one field",
            "F01 rejects outdated comparison choices when the server changes again",
            "F01 removes newly hidden fields from comparison and outgoing patches",
            "F05-style save completion preserves edits made after submission and commits the authoritative version",
            "fingerprints ignore object key order but preserve array order, null and empty values",
            "F01 releases a dismissed editor baseline before reopening the same resource with newer data"
          ]
        },
        {
          "file": "apps/web/tests/command-lifetime.test.tsx",
          "sha256": "9c85b3fedbb57f9169f878112a0494121532be434b4a8fd1165955c61d36e2f5",
          "cases": [
            "F04 rejects a retained execute function from a previous scope before HTTP",
            "F04 does not report success when the scope closes while authoritative cache refresh is pending",
            "F04 rejects a pre-aborted execution without sending or recording an unknown mutation",
            "F04 only completes after authoritative success while the StrictMode scope remains alive"
          ]
        },
        {
          "file": "apps/web/tests/scope-events.test.tsx",
          "sha256": "5cea51724d2f1ca1c1d34325b7b310e57ff35754510452117e20329f301bb622",
          "cases": [
            "F09 narrows identified Inbox events and ignores duplicate/out-of-order/foreign-shop events",
            "F09 revocation closes the stream and refreshes the session even when its sequence is old",
            "F09 rejects callbacks from a disposed stream after shop/permission changes or unmount"
          ]
        }
      ],
      "limit": "Literal owner titles bind actual verbose output; parameterized cases remain covered by the whole 175-case run, without inventing separate executions."
    },
    {
      "name": "Compiled width behavior",
      "routeObservations": 216,
      "focusedCases": 30,
      "artifact": "built-shared-review.json",
      "limit": "Actual compiled geometry/axe/keyboard; counts remain separate from full browser suite."
    }
  ],
  "executionRecords": [
    {
      "stage": "composer-stability",
      "startedAt": "2026-10-08T22:04:51.889Z",
      "finishedAt": "2026-10-08T22:05:45.243Z",
      "log": {
        "path": "BotSalesAI_Frontend/evidence/frontend-shared-consolidation-20261009/runs/shared-1791497086991-68376/composer-stability.log",
        "sha256": "fa81aec433d11ecb23320a190321673579591590693cbfd704d319a39b8660d8"
      },
      "sourceDrift": []
    },
    {
      "stage": "imports-clearance-regression",
      "startedAt": "2026-10-08T22:02:21.334Z",
      "finishedAt": "2026-10-08T22:02:39.379Z",
      "log": {
        "path": "BotSalesAI_Frontend/evidence/frontend-shared-consolidation-20261009/runs/shared-1791496936285-58828/imports-clearance-regression.log",
        "sha256": "7d2e16cc4c11461e3296218078efc0bf0ba2d0e93ea30ec5956c3b760ebe4871"
      },
      "sourceDrift": []
    },
    {
      "stage": "e2e",
      "startedAt": "2026-10-08T22:11:38.622Z",
      "finishedAt": "2026-10-08T23:11:25.849Z",
      "log": {
        "path": "BotSalesAI_Frontend/evidence/frontend-shared-consolidation-20261009/runs/shared-1791497493248-49984/e2e.log",
        "sha256": "6fd084377cbd0e7a76ad5b770d18b7f0972253de81bd08fa5a45f88afd21f4b4"
      },
      "sourceDrift": []
    },
    {
      "stage": "verify",
      "startedAt": "2026-10-08T22:06:05.023Z",
      "finishedAt": "2026-10-08T22:09:18.030Z",
      "log": {
        "path": "BotSalesAI_Frontend/evidence/frontend-shared-consolidation-20261009/runs/shared-1791497165022-11008/verify.log",
        "sha256": "66c0700c579b8351b264a281a593b6eff11ec995dde473ba4dae7c30a19794e7"
      },
      "sourceDrift": []
    },
    {
      "stage": "unit",
      "startedAt": "2026-10-08T21:59:56.125Z",
      "finishedAt": "2026-10-08T22:00:04.585Z",
      "log": {
        "path": "BotSalesAI_Frontend/evidence/frontend-shared-consolidation-20261009/runs/shared-1791496796123-33904/unit.log",
        "sha256": "04c3f089347abe026dde44d521d08f622159956f409bd70ec43b328cfd3f8c5c"
      },
      "sourceDrift": []
    },
    {
      "stage": "source-maps",
      "startedAt": "2026-10-08T21:59:56.190Z",
      "finishedAt": "2026-10-08T21:59:56.428Z",
      "log": {
        "path": "BotSalesAI_Frontend/evidence/frontend-shared-consolidation-20261009/runs/shared-1791496796189-65096/source-maps.log",
        "sha256": "088c9148a0b6218ab388252154db0806095d725e2ed5323714b6318bb7e3ca2b"
      },
      "sourceDrift": []
    },
    {
      "stage": "built-demo",
      "startedAt": "2026-10-08T23:11:37.759Z",
      "finishedAt": "2026-10-08T23:14:51.054Z",
      "log": {
        "path": "BotSalesAI_Frontend/evidence/frontend-shared-consolidation-20261009/runs/shared-1791501092771-85932/built-demo.log",
        "sha256": "c4c97f6b06c5d750966fd536c524f0f58a09e39f56d8e1891198facf0689a4e0"
      },
      "sourceDrift": []
    },
    {
      "stage": "startup-cache-regression",
      "startedAt": "2026-10-08T22:02:44.491Z",
      "finishedAt": "2026-10-08T22:03:04.849Z",
      "log": {
        "path": "BotSalesAI_Frontend/evidence/frontend-shared-consolidation-20261009/runs/shared-1791496959473-24216/startup-cache-regression.log",
        "sha256": "9004892a42123b1fa16a7047cec6d68057259593767d75762ff9a96547219d19"
      },
      "sourceDrift": []
    },
    {
      "stage": "label-regression",
      "startedAt": "2026-10-08T22:03:10.257Z",
      "finishedAt": "2026-10-08T22:03:37.271Z",
      "log": {
        "path": "BotSalesAI_Frontend/evidence/frontend-shared-consolidation-20261009/runs/shared-1791496984953-80724/label-regression.log",
        "sha256": "c62aeda4db51ef709c08b7b981c921f2070e2f670d835fae186bf557271d04ae"
      },
      "sourceDrift": []
    },
    {
      "stage": "variant-regression",
      "startedAt": "2026-10-08T22:03:42.336Z",
      "finishedAt": "2026-10-08T22:04:21.603Z",
      "log": {
        "path": "BotSalesAI_Frontend/evidence/frontend-shared-consolidation-20261009/runs/shared-1791497017357-92224/variant-regression.log",
        "sha256": "7c76de255e9abb25a769266a7c55041d2ca03f6b8944655f037f20b854c67469"
      },
      "sourceDrift": []
    },
    {
      "stage": "label-focus-regression",
      "startedAt": "2026-10-08T22:04:27.114Z",
      "finishedAt": "2026-10-08T22:04:46.907Z",
      "log": {
        "path": "BotSalesAI_Frontend/evidence/frontend-shared-consolidation-20261009/runs/shared-1791497061691-27108/label-focus-regression.log",
        "sha256": "562ed7ba43eb709ca28883c539abd30e41ef4338daec4ddcd430a6f8ffa9af56"
      },
      "sourceDrift": []
    },
    {
      "stage": "composer-regression",
      "startedAt": "2026-10-08T21:58:02.730Z",
      "finishedAt": "2026-10-08T21:58:21.823Z",
      "log": {
        "path": "BotSalesAI_Frontend/evidence/frontend-shared-consolidation-20261009/runs/shared-1791496677776-86172/composer-regression.log",
        "sha256": "990822a2322386a19e5a56654d532b6852062f120996e32210b0b8d3d60028e7"
      },
      "sourceDrift": []
    }
  ],
  "sourceSnapshotSha256": "3890447704cd0d601e3bebe58c73eda6895344777f881b32334035dd466780e4"
}
