[WebServer] (node:53820) Warning: The 'NO_COLOR' env is ignored due to the 'FORCE_COLOR' env being set.
[WebServer] (Use `node --trace-warnings ...` to show where the warning was created)


Running 10 tests using 1 worker

(node:94664) Warning: The 'NO_COLOR' env is ignored due to the 'FORCE_COLOR' env being set.
(Use `node --trace-warnings ...` to show where the warning was created)


[1/10] [chromium] › tests\ui-density-layout.spec.ts:10:1 › density table saves row space while preserving action target and data
[WebServer] [BABEL] Note: The code generator has deoptimised the styling of C:\Users\Joker-PC\AppData\Local\Temp\botsales-vite-cache\ea27c7577456f6009d55\playwright-webserver\playwright-50348-68a90269-c58b-49f2-bde7-9a2cc265b7b1\deps\react-dom_client.js?v=1f1b4342 as it exceeds the max of 500KB.

  1) [chromium] › tests\ui-density-layout.spec.ts:10:1 › density table saves row space while preserving action target and data 

    Error: expect(locator).toHaveCSS(expected) failed

    Locator:  locator('main tbody td').first()
    Expected: "8px"
    Received: "12px"
    Timeout:  5000ms

    Call log:
      - Expect "toHaveCSS" locator('main tbody td').first() with timeout 5000ms
      - waiting for locator('main tbody td').first()
        14 × locator resolved to <td class="MuiTableCell-root MuiTableCell-body MuiTableCell-sizeSmall css-eb2rcd-MuiTableCell-root">…</td>
           - unexpected value "12px"


      11 |  for(const width of [320,806,1440]){
      12 |   await page.setViewportSize({width,height:900});await ready(page,'products');
    > 13 |   const cells=page.locator('main tbody td');await expect(cells.first()).toHaveCSS('padding-top','8px');await expect(cells.first()).toHaveCSS('padding-left','12px');
         |                                                                         ^
      14 |   const link=page.getByRole('link',{name:'Chi tiết',exact:true}).first();expect((await link.boundingBox())!.height).toBeGreaterThanOrEqual(44);
      15 |   await expect(page.getByText('DEMO-001',{exact:true})).toBeVisible();await expect(page.getByText('150.000 ₫',{exact:true})).toBeVisible();
      16 |   expect(await page.evaluate(()=>document.documentElement.scrollWidth)).toBe(width);
        at C:\Users\Joker-PC\Documents\Projects\Bot-AI-Ban-hang-FB\BotSalesAI_Frontend\tests\ui-density-layout.spec.ts:13:73

    Error Context: test-results\playwright-94664-2daad95b-7951-4342-9739-8d2e44128a91\ui-density-layout-density--dfe22-ving-action-target-and-data-chromium\error-context.md

    Error Context: test-results\playwright-94664-2daad95b-7951-4342-9739-8d2e44128a91\ui-density-layout-density--dfe22-ving-action-target-and-data-chromium\error-context.md

    attachment #3: trace (application/zip) ─────────────────────────────────────────────────────────
    test-results\playwright-94664-2daad95b-7951-4342-9739-8d2e44128a91\ui-density-layout-density--dfe22-ving-action-target-and-data-chromium\trace.zip
    Usage:

        npx playwright show-trace test-results\playwright-94664-2daad95b-7951-4342-9739-8d2e44128a91\ui-density-layout-density--dfe22-ving-action-target-and-data-chromium\trace.zip

    ────────────────────────────────────────────────────────────────────────────────────────────────


(node:28816) Warning: The 'NO_COLOR' env is ignored due to the 'FORCE_COLOR' env being set.
(Use `node --trace-warnings ...` to show where the warning was created)


[2/10] [chromium] › tests\ui-density-layout.spec.ts:22:1 › density divided facts list has one row inset and no additional inter-row gap
  2) [chromium] › tests\ui-density-layout.spec.ts:22:1 › density divided facts list has one row inset and no additional inter-row gap 

    Error: expect(locator).toHaveCount(expected) failed

    Locator:  locator('[data-ui-composition="surface-content"][data-ui-rhythm="dividedRows"]')
    Expected: 1
    Received: 0
    Timeout:  5000ms

    Call log:
      - Expect "toHaveCount" locator('[data-ui-composition="surface-content"][data-ui-rhythm="dividedRows"]') with timeout 5000ms
      - waiting for locator('[data-ui-composition="surface-content"][data-ui-rhythm="dividedRows"]')
        14 × locator resolved to 0 elements
           - unexpected value "0"


      23 |  for(const width of [320,1440]){
      24 |   await page.setViewportSize({width,height:900});await ready(page,'integrations/ai');
    > 25 |   const facts=page.locator('[data-ui-composition="surface-content"][data-ui-rhythm="dividedRows"]');await expect(facts).toHaveCount(1);await expect(facts).toHaveCSS('gap','0px');
         |                                                                                                                         ^
      26 |   await expect(facts.locator(':scope > [data-ui-detail-line]')).toHaveCount(7);
      27 |   for(const row of await facts.locator(':scope > [data-ui-detail-line]').all()){await expect(row.locator(':scope > .MuiStack-root')).toHaveCSS('padding-top','8px');await expect(row.locator('.MuiDivider-root')).toHaveCount(1);}
      28 |   if(width===1440){expect((await facts.boundingBox())!.height).toBeCloseTo(266,0);const panel=page.getByRole('heading',{name:'Kết nối AI mô phỏng'}).locator('xpath=ancestor::*[contains(@class,"MuiPaper-root")][1]');expect((await panel.boundingBox())!.width).toBeGreaterThan(1100);}
        at C:\Users\Joker-PC\Documents\Projects\Bot-AI-Ban-hang-FB\BotSalesAI_Frontend\tests\ui-density-layout.spec.ts:25:121

    Error Context: test-results\playwright-28816-f639035f-0307-467b-a216-f99038c5a5a8\ui-density-layout-density--73b5a-no-additional-inter-row-gap-chromium\error-context.md

    Error Context: test-results\playwright-28816-f639035f-0307-467b-a216-f99038c5a5a8\ui-density-layout-density--73b5a-no-additional-inter-row-gap-chromium\error-context.md

    attachment #3: trace (application/zip) ─────────────────────────────────────────────────────────
    test-results\playwright-28816-f639035f-0307-467b-a216-f99038c5a5a8\ui-density-layout-density--73b5a-no-additional-inter-row-gap-chromium\trace.zip
    Usage:

        npx playwright show-trace test-results\playwright-28816-f639035f-0307-467b-a216-f99038c5a5a8\ui-density-layout-density--73b5a-no-additional-inter-row-gap-chromium\trace.zip

    ────────────────────────────────────────────────────────────────────────────────────────────────


(node:80984) Warning: The 'NO_COLOR' env is ignored due to the 'FORCE_COLOR' env being set.
(Use `node --trace-warnings ...` to show where the warning was created)


[3/10] [chromium] › tests\ui-density-layout.spec.ts:33:1 › density demo disclosure retains state and always shows the synthetic warning
  3) [chromium] › tests\ui-density-layout.spec.ts:33:1 › density demo disclosure retains state and always shows the synthetic warning 

    Test timeout of 180000ms exceeded.

    Error: locator.click: Test timeout of 180000ms exceeded.
    Call log:
      - waiting for getByRole('combobox', { name: 'Dataset mô phỏng', exact: true })


      38 |   await expect(page.getByRole('alert').filter({hasText:'Frontend review: API được mô phỏng'})).toBeVisible();
      39 |   await toggle.focus();await page.keyboard.press('Enter');await expect(tools).toBeVisible();
    > 40 |   await page.getByRole('combobox',{name:'Dataset mô phỏng',exact:true}).click();await page.getByRole('option',{name:'1.000 khách hàng tổng hợp',exact:true}).click();
         |                                                                         ^
      41 |   await expect(page.getByText('Đã tải 1.000 khách hàng tổng hợp vào API mô phỏng.')).toBeVisible();
      42 |   await page.getByRole('button',{name:'Ẩn công cụ demo',exact:true}).click();await expect(tools).toBeHidden();
      43 |   await expect(page.locator('[data-testid="mock-tools-summary"]')).toContainText('1.000 khách hàng');
        at C:\Users\Joker-PC\Documents\Projects\Bot-AI-Ban-hang-FB\BotSalesAI_Frontend\tests\ui-density-layout.spec.ts:40:73

    Error Context: test-results\playwright-80984-3655109e-3f56-4e97-92f5-3ec3b8f26fc8\ui-density-layout-density--2cef6-shows-the-synthetic-warning-chromium\error-context.md

    Error Context: test-results\playwright-80984-3655109e-3f56-4e97-92f5-3ec3b8f26fc8\ui-density-layout-density--2cef6-shows-the-synthetic-warning-chromium\error-context.md

    attachment #3: trace (application/zip) ─────────────────────────────────────────────────────────
    test-results\playwright-80984-3655109e-3f56-4e97-92f5-3ec3b8f26fc8\ui-density-layout-density--2cef6-shows-the-synthetic-warning-chromium\trace.zip
    Usage:

        npx playwright show-trace test-results\playwright-80984-3655109e-3f56-4e97-92f5-3ec3b8f26fc8\ui-density-layout-density--2cef6-shows-the-synthetic-warning-chromium\trace.zip

    ────────────────────────────────────────────────────────────────────────────────────────────────


(node:70960) Warning: The 'NO_COLOR' env is ignored due to the 'FORCE_COLOR' env being set.
(Use `node --trace-warnings ...` to show where the warning was created)


[4/10] [chromium] › tests\ui-density-layout.spec.ts:48:1 › density operational Panel uses 12px boundary while complex form and reading Panel keep comfortable rhythm
  4) [chromium] › tests\ui-density-layout.spec.ts:48:1 › density operational Panel uses 12px boundary while complex form and reading Panel keep comfortable rhythm 

    Error: expect(locator).toHaveCSS(expected) failed

    Locator:  locator('main')
    Expected: "16px"
    Received: "24px"
    Timeout:  5000ms

    Call log:
      - Expect "toHaveCSS" locator('main') with timeout 5000ms
      - waiting for locator('main')
        14 × locator resolved to <main tabindex="-1" id="main-content" class="MuiBox-root css-pf3wyz">…</main>
           - unexpected value "24px"


      49 |  for(const width of [390,1440]){
      50 |   await page.setViewportSize({width,height:900});await ready(page,'finance');
    > 51 |   await expect(page.locator('main')).toHaveCSS('padding-top','16px');
         |                                      ^
      52 |   const panel=page.getByRole('heading',{name:'Kỳ báo cáo',exact:true}).locator('xpath=ancestor::*[contains(@class,"MuiPaper-root")][1]');
      53 |   const geometry=await panel.evaluate(e=>{const header=e.firstElementChild!,body=e.lastElementChild!;return {gap:body.firstElementChild!.getBoundingClientRect().top-Math.max(...[...header.children].map(c=>c.getBoundingClientRect().bottom)),bodyTop:getComputedStyle(body).paddingTop,bodyInline:getComputedStyle(body).paddingLeft};});
      54 |   expect(geometry.gap).toBeCloseTo(12,0);expect(geometry.bodyTop).toBe('0px');expect(geometry.bodyInline).toBe(width<768?'12px':'16px');
        at C:\Users\Joker-PC\Documents\Projects\Bot-AI-Ban-hang-FB\BotSalesAI_Frontend\tests\ui-density-layout.spec.ts:51:38

    Error Context: test-results\playwright-70960-08cbbf90-328e-41ee-a914-78c179e36723\ui-density-layout-density--77d0b-nel-keep-comfortable-rhythm-chromium\error-context.md

    Error Context: test-results\playwright-70960-08cbbf90-328e-41ee-a914-78c179e36723\ui-density-layout-density--77d0b-nel-keep-comfortable-rhythm-chromium\error-context.md

    attachment #3: trace (application/zip) ─────────────────────────────────────────────────────────
    test-results\playwright-70960-08cbbf90-328e-41ee-a914-78c179e36723\ui-density-layout-density--77d0b-nel-keep-comfortable-rhythm-chromium\trace.zip
    Usage:

        npx playwright show-trace test-results\playwright-70960-08cbbf90-328e-41ee-a914-78c179e36723\ui-density-layout-density--77d0b-nel-keep-comfortable-rhythm-chromium\trace.zip

    ────────────────────────────────────────────────────────────────────────────────────────────────


(node:78224) Warning: The 'NO_COLOR' env is ignored due to the 'FORCE_COLOR' env being set.
(Use `node --trace-warnings ...` to show where the warning was created)


[5/10] [chromium] › tests\ui-density-layout.spec.ts:60:1 › density simple category editor keeps labels, errors and keyboard reflow usable
  5) [chromium] › tests\ui-density-layout.spec.ts:60:1 › density simple category editor keeps labels, errors and keyboard reflow usable 

    Error: expect(locator).toHaveCSS(expected) failed

    Locator:  getByRole('dialog').first().locator('[data-ui-composition="form-fields"]')
    Expected: "12px"
    Received: "16px"
    Timeout:  5000ms

    Call log:
      - Expect "toHaveCSS" getByRole('dialog').first().locator('[data-ui-composition="form-fields"]') with timeout 5000ms
      - waiting for getByRole('dialog').first().locator('[data-ui-composition="form-fields"]')
        14 × locator resolved to <div data-ui-composition="form-fields" class="MuiStack-root css-1i29xmw-MuiStack-root">…</div>
           - unexpected value "16px"


      61 |  for(const width of [320,1440]){
      62 |   await page.setViewportSize({width,height:900});await ready(page,'categories');await page.getByRole('button',{name:'Thêm danh mục',exact:true}).click();
    > 63 |   const dialog=page.getByRole('dialog').first();await expect(dialog).toBeVisible();await expect(dialog.locator('[data-ui-composition="form-fields"]')).toHaveCSS('gap','12px');
         |                                                                                                                                                        ^
      64 |   await expect(dialog.locator('.MuiDialogContent-root')).toHaveCSS('padding-left','16px');
      65 |   const name=dialog.getByRole('textbox',{name:'Tên',exact:true});await name.focus();await expect(name).toBeFocused();await page.keyboard.press('Tab');
      66 |   expect((await new AxeBuilder({page}).include('[role="dialog"]').withTags(['wcag2a','wcag2aa','wcag21aa']).analyze()).violations).toEqual([]);
        at C:\Users\Joker-PC\Documents\Projects\Bot-AI-Ban-hang-FB\BotSalesAI_Frontend\tests\ui-density-layout.spec.ts:63:152

    Error Context: test-results\playwright-78224-10588a2b-08ca-4745-827b-59a8f82784a3\ui-density-layout-density--80e7c--and-keyboard-reflow-usable-chromium\error-context.md

    Error Context: test-results\playwright-78224-10588a2b-08ca-4745-827b-59a8f82784a3\ui-density-layout-density--80e7c--and-keyboard-reflow-usable-chromium\error-context.md

    attachment #3: trace (application/zip) ─────────────────────────────────────────────────────────
    test-results\playwright-78224-10588a2b-08ca-4745-827b-59a8f82784a3\ui-density-layout-density--80e7c--and-keyboard-reflow-usable-chromium\trace.zip
    Usage:

        npx playwright show-trace test-results\playwright-78224-10588a2b-08ca-4745-827b-59a8f82784a3\ui-density-layout-density--80e7c--and-keyboard-reflow-usable-chromium\trace.zip

    ────────────────────────────────────────────────────────────────────────────────────────────────


(node:72372) Warning: The 'NO_COLOR' env is ignored due to the 'FORCE_COLOR' env being set.
(Use `node --trace-warnings ...` to show where the warning was created)


[6/10] [firefox] › tests\ui-density-layout.spec.ts:10:1 › density table saves row space while preserving action target and data
  6) [firefox] › tests\ui-density-layout.spec.ts:10:1 › density table saves row space while preserving action target and data 

    Error: expect(locator).toHaveCSS(expected) failed

    Locator:  locator('main tbody td').first()
    Expected: "8px"
    Received: "12px"
    Timeout:  5000ms

    Call log:
      - Expect "toHaveCSS" locator('main tbody td').first() with timeout 5000ms
      - waiting for locator('main tbody td').first()
        14 × locator resolved to <td class="MuiTableCell-root MuiTableCell-body MuiTableCell-sizeSmall css-eb2rcd-MuiTableCell-root">…</td>
           - unexpected value "12px"


      11 |  for(const width of [320,806,1440]){
      12 |   await page.setViewportSize({width,height:900});await ready(page,'products');
    > 13 |   const cells=page.locator('main tbody td');await expect(cells.first()).toHaveCSS('padding-top','8px');await expect(cells.first()).toHaveCSS('padding-left','12px');
         |                                                                         ^
      14 |   const link=page.getByRole('link',{name:'Chi tiết',exact:true}).first();expect((await link.boundingBox())!.height).toBeGreaterThanOrEqual(44);
      15 |   await expect(page.getByText('DEMO-001',{exact:true})).toBeVisible();await expect(page.getByText('150.000 ₫',{exact:true})).toBeVisible();
      16 |   expect(await page.evaluate(()=>document.documentElement.scrollWidth)).toBe(width);
        at C:\Users\Joker-PC\Documents\Projects\Bot-AI-Ban-hang-FB\BotSalesAI_Frontend\tests\ui-density-layout.spec.ts:13:73

    Error Context: test-results\playwright-72372-58ee2827-a5fb-4000-8092-1aabeba5457e\ui-density-layout-density--dfe22-ving-action-target-and-data-firefox\error-context.md

    Error Context: test-results\playwright-72372-58ee2827-a5fb-4000-8092-1aabeba5457e\ui-density-layout-density--dfe22-ving-action-target-and-data-firefox\error-context.md

    attachment #3: trace (application/zip) ─────────────────────────────────────────────────────────
    test-results\playwright-72372-58ee2827-a5fb-4000-8092-1aabeba5457e\ui-density-layout-density--dfe22-ving-action-target-and-data-firefox\trace.zip
    Usage:

        npx playwright show-trace test-results\playwright-72372-58ee2827-a5fb-4000-8092-1aabeba5457e\ui-density-layout-density--dfe22-ving-action-target-and-data-firefox\trace.zip

    ────────────────────────────────────────────────────────────────────────────────────────────────


(node:38320) Warning: The 'NO_COLOR' env is ignored due to the 'FORCE_COLOR' env being set.
(Use `node --trace-warnings ...` to show where the warning was created)


[7/10] [firefox] › tests\ui-density-layout.spec.ts:22:1 › density divided facts list has one row inset and no additional inter-row gap
  7) [firefox] › tests\ui-density-layout.spec.ts:22:1 › density divided facts list has one row inset and no additional inter-row gap 

    Error: expect(locator).toHaveCount(expected) failed

    Locator:  locator('[data-ui-composition="surface-content"][data-ui-rhythm="dividedRows"]')
    Expected: 1
    Received: 0
    Timeout:  5000ms

    Call log:
      - Expect "toHaveCount" locator('[data-ui-composition="surface-content"][data-ui-rhythm="dividedRows"]') with timeout 5000ms
      - waiting for locator('[data-ui-composition="surface-content"][data-ui-rhythm="dividedRows"]')
        14 × locator resolved to 0 elements
           - unexpected value "0"


      23 |  for(const width of [320,1440]){
      24 |   await page.setViewportSize({width,height:900});await ready(page,'integrations/ai');
    > 25 |   const facts=page.locator('[data-ui-composition="surface-content"][data-ui-rhythm="dividedRows"]');await expect(facts).toHaveCount(1);await expect(facts).toHaveCSS('gap','0px');
         |                                                                                                                         ^
      26 |   await expect(facts.locator(':scope > [data-ui-detail-line]')).toHaveCount(7);
      27 |   for(const row of await facts.locator(':scope > [data-ui-detail-line]').all()){await expect(row.locator(':scope > .MuiStack-root')).toHaveCSS('padding-top','8px');await expect(row.locator('.MuiDivider-root')).toHaveCount(1);}
      28 |   if(width===1440){expect((await facts.boundingBox())!.height).toBeCloseTo(266,0);const panel=page.getByRole('heading',{name:'Kết nối AI mô phỏng'}).locator('xpath=ancestor::*[contains(@class,"MuiPaper-root")][1]');expect((await panel.boundingBox())!.width).toBeGreaterThan(1100);}
        at C:\Users\Joker-PC\Documents\Projects\Bot-AI-Ban-hang-FB\BotSalesAI_Frontend\tests\ui-density-layout.spec.ts:25:121

    Error Context: test-results\playwright-38320-51301091-cd3e-4e90-a471-260237ab8dd2\ui-density-layout-density--73b5a-no-additional-inter-row-gap-firefox\error-context.md

    Error Context: test-results\playwright-38320-51301091-cd3e-4e90-a471-260237ab8dd2\ui-density-layout-density--73b5a-no-additional-inter-row-gap-firefox\error-context.md

    attachment #3: trace (application/zip) ─────────────────────────────────────────────────────────
    test-results\playwright-38320-51301091-cd3e-4e90-a471-260237ab8dd2\ui-density-layout-density--73b5a-no-additional-inter-row-gap-firefox\trace.zip
    Usage:

        npx playwright show-trace test-results\playwright-38320-51301091-cd3e-4e90-a471-260237ab8dd2\ui-density-layout-density--73b5a-no-additional-inter-row-gap-firefox\trace.zip

    ────────────────────────────────────────────────────────────────────────────────────────────────


(node:62988) Warning: The 'NO_COLOR' env is ignored due to the 'FORCE_COLOR' env being set.
(Use `node --trace-warnings ...` to show where the warning was created)


[8/10] [firefox] › tests\ui-density-layout.spec.ts:33:1 › density demo disclosure retains state and always shows the synthetic warning
