
> botsales-frontend@0.1.0 build:demo
> npm run generate:check && npm run typecheck && npm run build:demo --workspace @botsales/web


> botsales-frontend@0.1.0 generate:check
> node scripts/generate.mjs --check

{"status":"PASS","outputs":11,"schemas":283,"operations":210,"routes":54}

> botsales-frontend@0.1.0 typecheck
> tsc -p apps/web/tsconfig.json --noEmit


> @botsales/web@0.1.0 build:demo
> vite build --mode demo --outDir dist-demo

vite v7.3.6 building client environment for demo...
transforming...
✓ 2263 modules transformed.
rendering chunks...
computing gzip size...
dist-demo/index.html                                 0.86 kB │ gzip:   0.52 kB
dist-demo/assets/index-v_6AJcWh.css                  2.36 kB │ gzip:   0.95 kB
dist-demo/assets/filters-DHvyWlDw.js                 0.26 kB │ gzip:   0.22 kB
dist-demo/assets/DeleteOutlineRounded-TVhbfOvT.js    0.53 kB │ gzip:   0.31 kB
dist-demo/assets/control-8FXxcdFC.js                 0.72 kB │ gzip:   0.46 kB
dist-demo/assets/hooks-Cg-ThKnQ.js                   4.17 kB │ gzip:   1.94 kB
dist-demo/assets/imports-D4_O5YKT.js                 5.01 kB │ gzip:   2.34 kB
dist-demo/assets/index-CvKEbKO7.js                   7.76 kB │ gzip:   3.12 kB
dist-demo/assets/index-BpIrZOhy.js                   7.79 kB │ gzip:   3.14 kB
dist-demo/assets/index-PyyAohBS.js                   8.35 kB │ gzip:   3.54 kB
dist-demo/assets/permissions-DSwmPBth.js             8.41 kB │ gzip:   1.94 kB
dist-demo/assets/index-DNqH_MfW.js                  11.80 kB │ gzip:   4.40 kB
dist-demo/assets/index-Cr2iDJbw.js                  12.06 kB │ gzip:   4.88 kB
dist-demo/assets/index-mKFh6Ncb.js                  12.08 kB │ gzip:   4.31 kB
dist-demo/assets/index-rqrpA7w5.js                  14.71 kB │ gzip:   4.82 kB
dist-demo/assets/index-sHxIHAvU.js                  14.73 kB │ gzip:   4.90 kB
dist-demo/assets/index-K5MtQLbu.js                  14.81 kB │ gzip:   5.48 kB
dist-demo/assets/index-CNXqiBAC.js                  15.05 kB │ gzip:   5.36 kB
dist-demo/assets/index-BL89Q_0v.js                  16.92 kB │ gzip:   5.69 kB
dist-demo/assets/index-ClV4MkAL.js                  21.02 kB │ gzip:   7.57 kB
dist-demo/assets/index-CbQEisY7.js                  24.83 kB │ gzip:   8.10 kB
dist-demo/assets/index-DPmYIICD.js                  29.46 kB │ gzip:   8.60 kB
dist-demo/assets/index-DPsVzOSa.js                  31.39 kB │ gzip:   9.85 kB
dist-demo/assets/schemas-CP5ZQpDB.js                79.16 kB │ gzip:  24.02 kB
dist-demo/assets/react-NCqEdj2_.js                 104.73 kB │ gzip:  35.41 kB
dist-demo/assets/service-m7b8a3Ug.js               158.07 kB │ gzip:  34.25 kB
dist-demo/assets/browser-B9dh2nwZ.js               255.09 kB │ gzip:  86.76 kB
dist-demo/assets/mui-D8ryPhxS.js                   322.10 kB │ gzip:  97.68 kB
dist-demo/assets/index-CjoclKtg.js                 324.66 kB │ gzip:  99.51 kB
dist-demo/assets/index-CGvOyBF6.js                 733.16 kB │ gzip: 185.19 kB

(!) Some chunks are larger than 500 kB after minification. Consider:
- Using dynamic import() to code-split the application
- Use build.rollupOptions.output.manualChunks to improve chunking: https://rollupjs.org/configuration-options/#output-manualchunks
- Adjust chunk size limit for this warning via build.chunkSizeWarningLimit.
✓ built in 3.00s
EXIT_CODE=0
