
> botsales-frontend@0.1.0 test:e2e
> playwright test --grep stale claim conflict --timeout 60000

✔ canonical contracts validate and generate the API base path from OpenAPI (18.2417ms)
✔ generated operation registry preserves required and optional query parameter metadata (7.8799ms)
✔ rejects unresolved schema references before generation (20.0168ms)
✔ rejects missing API version and a server URL outside same-origin path form (16.9224ms)
✔ rejects route-to-operation drift without rewriting the canonical manifest (14.9388ms)
✔ detects a stale generated file and accepts it after regeneration (1.6845ms)
{
  "taskId": "FE011",
  "scope": "FRONTEND_WITH_SYNTHETIC_MOCK_API",
  "routes": [
    {
      "id": "R15",
      "path": "/s/:shopId/inventory",
      "permission": "inventory.read",
      "reads": [
        "listStockSnapshots",
        "getShop"
      ],
      "action": {
        "label": "Điều chỉnh tồn",
        "operationId": "createInventoryAdjustment",
        "permission": "inventory.adjust"
      }
    },
    {
      "id": "R16",
      "path": "/s/:shopId/inventory/movements",
      "permission": "inventory.read",
      "reads": [
        "listStockMovements"
      ]
    }
  ],
  "operations": [
    "listStockSnapshots",
    "listStockMovements",
    "createInventoryAdjustment",
    "getShop"
  ],
  "permissionBoundary": "Route reads require inventory.read; adjustment uses inventory.adjust; cost requires finance.read; product and order links are permission-gated.",
  "commandSemantics": "202 CommandResponse; expectedVersion and unitCost are contract-required body properties; the shared client waits for terminal state and handles unknown outcomes.",
  "checks": 17
}
✔ FE011 routes, permissions, operations and DTOs map to canonical contracts and current source (42.5528ms)
{
  "taskId": "FE012",
  "scope": "FRONTEND_WITH_SYNTHETIC_MOCK_API",
  "routes": [
    "R17",
    "R18",
    "R19",
    "R43"
  ],
  "operations": [
    "listOrders",
    "getOrder",
    "getShop",
    "listCustomers",
    "listProducts",
    "listConversations",
    "createOrder",
    "updateOrderDraft",
    "quoteOrder",
    "recordCustomerConfirmation",
    "confirmOrder",
    "cancelOrder",
    "listReturnCases",
    "getReturnCase",
    "createReturnCase",
    "inspectReturn",
    "getCommand",
    "handoverShipment",
    "payOrder",
    "refundOrder"
  ],
  "contractEvidence": "OrderDraft carries required IDs and 1..100 lines, integer quantity 1..1000000 and notes up to 2000; confirmation requires quote hash/version and customer message evidence; return inspection is line-scoped.",
  "permissionBoundary": "Customer/product pickers are enabled only with read capability; write actions follow orders.write, orders.confirm, orders.return and inventory.adjust.",
  "limitations": "No address CRUD endpoint is introduced; shippingAddressId remains an external verified ID and mock confirmation is only a demo simulation.",
  "checks": 35
}
✔ FE012 routes, operations, permissions and DTO limits map to canonical contracts and orders source (7.7917ms)

Running 1 test using 1 worker

(node:25840) Warning: The 'NO_COLOR' env is ignored due to the 'FORCE_COLOR' env being set.
(Use `node --trace-warnings ...` to show where the warning was created)
(node:25840) Warning: The 'NO_COLOR' env is ignored due to the 'FORCE_COLOR' env being set.
(Use `node --trace-warnings ...` to show where the warning was created)
  x  1 [chromium] › tests\fe013.spec.ts:52:1 › FE013.AC01–AC04 stale claim conflict is visible; pick, pack, dispatch and delivery use current API versions once (2.9s)


  1) [chromium] › tests\fe013.spec.ts:52:1 › FE013.AC01–AC04 stale claim conflict is visible; pick, pack, dispatch and delivery use current API versions once 

    Error: locator.click: Error: strict mode violation: getByRole('dialog', { name: 'Phiếu chuẩn bị DH-1001' }).getByRole('button', { name: 'Đóng', exact: true }) resolved to 2 elements:
        1) <button tabindex="0" type="button" aria-label="Đóng" class="MuiButtonBase-root MuiIconButton-root MuiIconButton-sizeMedium css-xl9lg9-MuiButtonBase-root-MuiIconButton-root">…</button> aka getByLabel('Đóng')
        2) <button tabindex="0" type="button" class="MuiButtonBase-root MuiButton-root MuiButton-text MuiButton-textPrimary MuiButton-sizeMedium MuiButton-textSizeMedium MuiButton-colorPrimary MuiButton-disableElevation MuiButton-root MuiButton-text MuiButton-textPrimary MuiButton-sizeMedium MuiButton-textSizeMedium MuiButton-colorPrimary MuiButton-disableElevation css-105t4m9-MuiButtonBase-root-MuiButton-root">Đóng</button> aka getByText('Đóng', { exact: true })

    Call log:
    [2m  - waiting for getByRole('dialog', { name: 'Phiếu chuẩn bị DH-1001' }).getByRole('button', { name: 'Đóng', exact: true })[22m


      66 |     await prepDialog.getByRole('button', { name: 'Tải lại trạng thái' }).click();
      67 |     await expect(prepDialog.getByRole('button', { name: 'Tải lại trạng thái' })).toHaveCount(0);
    > 68 |     await prepDialog.getByRole('button', { name: 'Đóng', exact: true }).click();
         |                                                                         ^
      69 |     await chooseOption(page, 'Trạng thái thử', 'Bình thường');
      70 |     await prepRow.getByRole('button', { name: 'Mở phiếu lấy hàng' }).click();
      71 |
        at C:\Users\Joker-PC\Documents\Projects\Bot-AI-Ban-hang-FB\BotSalesAI_Frontend\tests\fe013.spec.ts:68:73

    Error Context: test-results\fe013-FE013-AC01–AC04-stal-e2b2e-e-current-API-versions-once-chromium\error-context.md

    attachment #2: trace (application/zip) ─────────────────────────────────────────────────────────
    test-results\fe013-FE013-AC01–AC04-stal-e2b2e-e-current-API-versions-once-chromium\trace.zip
    Usage:

        npx playwright show-trace test-results\fe013-FE013-AC01–AC04-stal-e2b2e-e-current-API-versions-once-chromium\trace.zip

    ────────────────────────────────────────────────────────────────────────────────────────────────

  1 failed
    [chromium] › tests\fe013.spec.ts:52:1 › FE013.AC01–AC04 stale claim conflict is visible; pick, pack, dispatch and delivery use current API versions once 
