
> botsales-frontend@0.1.0 test:e2e
> playwright test --grep unknown handover --timeout=60000 --reporter=line

✔ canonical contracts validate and generate the API base path from OpenAPI (18.0699ms)
✔ generated operation registry preserves required and optional query parameter metadata (7.756ms)
✔ rejects unresolved schema references before generation (19.8358ms)
✔ rejects missing API version and a server URL outside same-origin path form (17.3113ms)
✔ rejects route-to-operation drift without rewriting the canonical manifest (14.4979ms)
✔ detects a stale generated file and accepts it after regeneration (1.7666ms)
{
  "taskId": "FE011",
  "scope": "FRONTEND_WITH_SYNTHETIC_MOCK_API",
  "routes": [
    {
      "id": "R15",
      "path": "/s/:shopId/inventory",
      "permission": "inventory.read",
      "reads": [
        "listStockSnapshots",
        "getShop"
      ],
      "action": {
        "label": "Điều chỉnh tồn",
        "operationId": "createInventoryAdjustment",
        "permission": "inventory.adjust"
      }
    },
    {
      "id": "R16",
      "path": "/s/:shopId/inventory/movements",
      "permission": "inventory.read",
      "reads": [
        "listStockMovements"
      ]
    }
  ],
  "operations": [
    "listStockSnapshots",
    "listStockMovements",
    "createInventoryAdjustment",
    "getShop"
  ],
  "permissionBoundary": "Route reads require inventory.read; adjustment uses inventory.adjust; cost requires finance.read; product and order links are permission-gated.",
  "commandSemantics": "202 CommandResponse; expectedVersion and unitCost are contract-required body properties; the shared client waits for terminal state and handles unknown outcomes.",
  "checks": 17
}
✔ FE011 routes, permissions, operations and DTOs map to canonical contracts and current source (42.2ms)
{
  "taskId": "FE012",
  "scope": "FRONTEND_WITH_SYNTHETIC_MOCK_API",
  "routes": [
    "R17",
    "R18",
    "R19",
    "R43"
  ],
  "operations": [
    "listOrders",
    "getOrder",
    "getShop",
    "listCustomers",
    "listProducts",
    "listConversations",
    "createOrder",
    "updateOrderDraft",
    "quoteOrder",
    "recordCustomerConfirmation",
    "confirmOrder",
    "cancelOrder",
    "listReturnCases",
    "getReturnCase",
    "createReturnCase",
    "inspectReturn",
    "getCommand",
    "handoverShipment",
    "payOrder",
    "refundOrder"
  ],
  "contractEvidence": "OrderDraft carries required IDs and 1..100 lines, integer quantity 1..1000000 and notes up to 2000; confirmation requires quote hash/version and customer message evidence; return inspection is line-scoped.",
  "permissionBoundary": "Customer/product pickers are enabled only with read capability; write actions follow orders.write, orders.confirm, orders.return and inventory.adjust.",
  "limitations": "No address CRUD endpoint is introduced; shippingAddressId remains an external verified ID and mock confirmation is only a demo simulation.",
  "checks": 35
}
✔ FE012 routes, operations, permissions and DTO limits map to canonical contracts and orders source (7.8083ms)
{
  "taskId": "FE013",
  "scope": "FRONTEND_WITH_SYNTHETIC_MOCK_API",
  "routes": [
    "R41",
    "R42"
  ],
  "operations": [
    "listPrepJobs",
    "getPrepJob",
    "getWorkItem",
    "claimWorkItem",
    "pickPrepLine",
    "packPrepJob",
    "listShipments",
    "getShipment",
    "createShipment",
    "handoverShipment",
    "recordShipmentEvent"
  ],
  "permissionBoundary": "fulfillment.read gates route data, operations.claim gates WorkItem claim, fulfillment.write gates picks/pack/events/shipment creation, and fulfillment.handover gates stock-consuming handover.",
  "stateBoundary": "Claim/pick/pack/handover/delivery/payment remain separate states; return eligibility continues to come from the order API.",
  "checks": 54
}
✔ FE013 routes, permissions, DTOs and state transitions map to canonical contracts and fulfillment source (50.3959ms)

Running 1 test using 1 worker



[1A[2K(node:28956) Warning: The 'NO_COLOR' env is ignored due to the 'FORCE_COLOR' env being set.
(Use `node --trace-warnings ...` to show where the warning was created)
[1A[2K(node:28956) Warning: The 'NO_COLOR' env is ignored due to the 'FORCE_COLOR' env being set.
(Use `node --trace-warnings ...` to show where the warning was created)


[1A[2K[1/1] [chromium] › tests\fe013.spec.ts:332:1 › FE013.AC03 unknown handover cannot be repeated before command reconciliation
[1A[2K  1) [chromium] › tests\fe013.spec.ts:332:1 › FE013.AC03 unknown handover cannot be repeated before command reconciliation 

    [31mTest timeout of 60000ms exceeded.[39m

    Error: locator.click: Test timeout of 60000ms exceeded.
    Call log:
    [2m  - waiting for getByRole('dialog', { name: 'Xác nhận bàn giao kiện hàng' }).getByRole('button', { name: 'Xác nhận bàn giao' })[22m
    [2m    - locator resolved to <button disabled tabindex="-1" type="button" class="MuiButtonBase-root MuiButton-root MuiButton-contained MuiButton-containedPrimary MuiButton-sizeMedium MuiButton-containedSizeMedium MuiButton-colorPrimary MuiButton-disableElevation Mui-disabled MuiButton-root MuiButton-contained MuiButton-containedPrimary MuiButton-sizeMedium MuiButton-containedSizeMedium MuiButton-colorPrimary MuiButton-disableElevation css-khcs57-MuiButtonBase-root-MuiButton-root">Xác nhận bàn giao</button>[22m
    [2m  - attempting click action[22m
    [2m    2 × waiting for element to be visible, enabled and stable[22m
    [2m      - element is not enabled[22m
    [2m    - retrying click action[22m
    [2m    - waiting 20ms[22m
    [2m    2 × waiting for element to be visible, enabled and stable[22m
    [2m      - element is not enabled[22m
    [2m    - retrying click action[22m
    [2m      - waiting 100ms[22m
    [2m    108 × waiting for element to be visible, enabled and stable[22m
    [2m        - element is not enabled[22m
    [2m      - retrying click action[22m
    [2m        - waiting 500ms[22m


      211 |     expect((await handover).status()).toBe(202);
      212 |     await expect(handoverDialog.getByRole('alert').filter({ hasText: 'Mã lệnh cần kiểm tra' })).toBeVisible();
    > 213 |     await handoverDialog.getByRole('button', { name: 'Xác nhận bàn giao' }).click();
          |                                                                             ^
      214 |     await expect(handoverDialog.getByRole('alert').filter({ hasText: 'chưa xác minh kết quả' })).toBeVisible();
      215 |     expect(handoverRequests).toHaveLength(1);
      216 | });
        at C:\Users\Joker-PC\Documents\Projects\Bot-AI-Ban-hang-FB\BotSalesAI_Frontend\tests\fe013.spec.ts:213:77

    Error Context: test-results\fe013-FE013-AC03-unknown-h-50776-fore-command-reconciliation-chromium\error-context.md

    attachment #2: trace (application/zip) ─────────────────────────────────────────────────────────
    test-results\fe013-FE013-AC03-unknown-h-50776-fore-command-reconciliation-chromium\trace.zip
    Usage:

        npx playwright show-trace test-results\fe013-FE013-AC03-unknown-h-50776-fore-command-reconciliation-chromium\trace.zip

    ────────────────────────────────────────────────────────────────────────────────────────────────


[1A[2K  1 failed
    [chromium] › tests\fe013.spec.ts:332:1 › FE013.AC03 unknown handover cannot be repeated before command reconciliation 
