
> botsales-frontend@0.1.0 test:layout
> node --test tests/layout-checker.test.mjs tests/ui-layout-binding-gates.test.mjs && node scripts/check-layout.mjs

✔ CSS label gap accepts the canonical direct pixel constructor and its exact owner/property (943.0342ms)
✔ CSS label gap cannot be used as an unrelated spacing property (958.409ms)
✔ CSS label gap rejects a raw pixel constructor argument (949.3573ms)
✔ CSS label gap cannot impersonate a role from another owner (947.4268ms)
✔ accepts semantic bridge roles, the closed token-derived factor map, geometry, and reset values (955.9346ms)
✔ rejects a CSS spacing role without a declared shared owner (974.4885ms)
✔ rejects scale-conforming and off-scale literals in sx, responsive leaves, named and namespace MUI System props (953.5609ms)
✔ follows local aliases and style callbacks; rejects theme spacing helpers and preset overrides (948.7607ms)
✔ scans nested slotProps but does not confuse event handlers or geometric dimensions with spacing (933.8195ms)
✔ keeps Panel geometry inspectable and rejects spacing hidden in its geometry prop (2783.3994ms)
✔ accepts only an exact CSS exception and reports stale or mismatched exception scope (2815.9836ms)
✔ rejects malformed TypeScript, malformed CSS, bad exception schema, and raw values in the bridge (3750.0515ms)
✔ rejects canonical pixel tokens used as MUI factors and an altered bridge factor table (1853.2817ms)
✔ report mode inventories migration debt without turning findings into PASS (923.9281ms)
✔ canonical writes through casts and aliases fail outside style expressions (992.3579ms)
✔ Object.assign cannot mutate canonical data but can copy to a fresh object (1978.4852ms)
✔ layout gate rejects raw spacing on const alias of MUI component (983.7807ms)
✔ canonical mutation gate follows global mutator aliases and reflection (1004.7766ms)
✔ local mutator names do not acquire global mutation identity (988.3874ms)
✔ destructured mutators and call/apply retain canonical mutation checks (978.2924ms)
✔ global mutator call/apply can copy canonical values into fresh objects (957.6546ms)
✔ mutable aliases with possible canonical destinations fail closed (963.7437ms)
✔ opaque apply arguments fail closed while unrelated mutable data stays valid (1935.0381ms)
✔ canonical references inside containers and destructured aliases cannot be mutated (963.8265ms)
✔ independent shallow copies of scalar canonical fields remain mutable (978.9023ms)
✔ array references and nested destructuring preserve canonical write provenance (1005.9309ms)
✔ array destinations distinguish independent elements from canonical references (966.9755ms)
✔ array destructuring, dynamic indices and spread cannot hide canonical references (971.8805ms)
✔ dynamic indices and destructuring of independent arrays stay mutable (988.4624ms)
✔ function parameters cannot hide canonical mutation across source files (981.9725ms)
✔ read-only helpers and mutations of unrelated arguments remain valid (956.9052ms)
✔ returned canonical references remain protected across helper boundaries (967.8756ms)
✔ helper returns of fresh scalar copies do not retain canonical destination identity (947.7889ms)
✔ destructured object parameters cannot mutate canonical arguments (977.8857ms)
✔ destructured object parameters retain independent argument mutability (931.0266ms)
✔ default parameter and binding initializers cannot hide canonical mutations (937.1536ms)
✔ fresh default parameter and binding copies remain mutable (928.8605ms)
✔ rest parameters retain canonical argument write provenance (939.7899ms)
✔ rest parameters distinguish independent positions from canonical siblings (928.2189ms)
✔ finite spread arguments preserve shifted positional and rest destinations (952.115ms)
✔ finite spread expansion keeps independent argument positions mutable (974.2418ms)
✔ opaque spreads keep positional mutation destinations unknown (997.2829ms)
✔ opaque spreads into read-only helpers do not invent mutation findings (957.9888ms)
✔ array parameter patterns retain canonical positions including nested object arrays (943.8252ms)
✔ array parameter patterns retain independent bound element mutability (949.1966ms)
✔ layout gate rejects parameter shadow of canonical layout name (934.9366ms)
✔ layout gate follows genuine renamed styled factory (932.3745ms)
✔ layout gate accepts canonical namespace, element access and barrel alias (1158.0457ms)
✔ layout gate does not mistake local component named Stack for MUI (968.507ms)
✔ layout gate inspects renamed installed Emotion css tag (985.5941ms)
✔ layout gate preserves genuine aliased Controller field forwarding (995.7099ms)
✔ a same-named local Controller cannot exempt an unknown prop spread (1052.9079ms)
✔ genuine useForm registration survives property and destructured aliases (1110.0301ms)
✔ a function named register cannot exempt injected style props (1061.9049ms)
✔ a bridge callback parameter cannot impersonate its private factor binding (1020.9907ms)
✔ opaque namespace component selection remains a strict binding failure (1009.4982ms)
✔ opaque namespace factory cannot hide style arguments (1002.3159ms)
✔ MUI re-export cannot hide raw spacing behind a first-party barrel (957.1414ms)
✔ destructuring assignments cannot hide canonical write targets (968.9205ms)
✔ destructuring assignments can update independent copied destinations (1040.4777ms)
✔ object rest retains nested canonical references while copying the outer object (959.0298ms)
✔ rest scalar copies and replacement of container references stay mutable (951.1417ms)
✔ shallow object spread preserves canonical child references and last-writer order (989.4697ms)
✔ shallow spread with a later independent override stays mutable (951.7162ms)
✔ exported mutable aliases retain assignments from their declaring file (1043.5946ms)
✔ exported independent mutable data does not acquire canonical provenance (920.3697ms)
✔ literal computed keys retain canonical container and parameter provenance (946.687ms)
✔ literal computed keys do not taint independent selected properties (960.6366ms)
✔ Object.assign shallow copies retain canonical nested reference provenance (939.3808ms)
✔ Object.assign later independent overrides and scalar copies stay mutable (937.4406ms)
✔ union and dynamic property selections retain possible canonical destinations (941.7497ms)
✔ finite union property selections exclude canonical siblings not in the key set (951.2243ms)
✔ union selection over Object.assign output retains canonical child provenance (952.3064ms)
✔ union selection over independent Object.assign output remains mutable (925.1964ms)
✔ Reflect.set call/apply checks the target argument rather than the assigned value (2778.8446ms)
✔ aliased React createElement checks MUI and native style objects (924.0746ms)
✔ GlobalStyles.styles is checked and local createElement names stay local (1842.3473ms)
✔ React JSX runtime factories cannot bypass MUI or native style checks (919.4665ms)
✔ React cloneElement checks the cloned MUI element and preserves native props (3716.7476ms)
✔ Emotion css props and object factories are inspected with native CSS semantics (2785.7454ms)
✔ Inline style elements in JSX, React factories, DOM and the HTML entry fail closed (7417.4677ms)
✔ DOM CSSOM spacing writes use semantic roles and reject opaque style strings (1862.1123ms)
✔ HTML parsing and runtime stylesheet mutation cannot bypass the imported CSS boundary (1891.412ms)
✔ spacing shorthand values and responsive breakpoints preserve token and unit provenance (10395.7477ms)
✔ function return producers cannot hide canonical children behind spreads (1242.8775ms)
✔ producer spreads keep later independent child overrides writable (1122.0451ms)
ℹ tests 86
ℹ suites 0
ℹ pass 86
ℹ fail 0
ℹ cancelled 0
ℹ skipped 0
ℹ todo 0
ℹ duration_ms 97466.9881
layout-check PASS: 93 source files, 0 finding(s), 1 exception(s) used
