{
  "method": {
    "artifact": "current apps/web/dist-demo built from UI018 source",
    "server": "local static Node server; gzip level 6 for HTML/JS/CSS/JSON",
    "browser": "Chromium 153.0.8010.12 via Playwright",
    "viewport": "1280x720",
    "cache": "new context per sample; HTTP cache disabled",
    "cpu": "CDP 4x throttle",
    "network": "CDP 150ms RTT; 1.6 Mbit/s down; 0.75 Mbit/s up",
    "dataset": "synthetic 1,004 customers; API page size 20",
    "warmupCount": 1,
    "sampleCount": 5
  },
  "warmup": {
    "label": "warmup",
    "routeReadyMs": 3813.1,
    "domContentLoadedMs": 2188,
    "loadEventMs": 2188,
    "scriptCount": 8,
    "scriptTransferBytes": 446252,
    "scriptDurationMs": 5961,
    "listReadyMs": 667.9,
    "apiStatus": 200,
    "renderedRowsIncludingHeader": 21,
    "jsContentEncodings": [
      "gzip"
    ]
  },
  "samples": [
    {
      "label": "sample-1",
      "routeReadyMs": 3976.2,
      "domContentLoadedMs": 2212,
      "loadEventMs": 2212,
      "scriptCount": 8,
      "scriptTransferBytes": 446252,
      "scriptDurationMs": 6031,
      "listReadyMs": 650.2,
      "apiStatus": 200,
      "renderedRowsIncludingHeader": 21,
      "jsContentEncodings": [
        "gzip"
      ]
    },
    {
      "label": "sample-2",
      "routeReadyMs": 3887,
      "domContentLoadedMs": 2203,
      "loadEventMs": 2203,
      "scriptCount": 8,
      "scriptTransferBytes": 446252,
      "scriptDurationMs": 6010,
      "listReadyMs": 671.5,
      "apiStatus": 200,
      "renderedRowsIncludingHeader": 21,
      "jsContentEncodings": [
        "gzip"
      ]
    },
    {
      "label": "sample-3",
      "routeReadyMs": 3936.3,
      "domContentLoadedMs": 2190,
      "loadEventMs": 2191,
      "scriptCount": 8,
      "scriptTransferBytes": 446252,
      "scriptDurationMs": 5985,
      "listReadyMs": 637.5,
      "apiStatus": 200,
      "renderedRowsIncludingHeader": 21,
      "jsContentEncodings": [
        "gzip"
      ]
    },
    {
      "label": "sample-4",
      "routeReadyMs": 3885.3,
      "domContentLoadedMs": 2212,
      "loadEventMs": 2212,
      "scriptCount": 8,
      "scriptTransferBytes": 446252,
      "scriptDurationMs": 6063,
      "listReadyMs": 659.3,
      "apiStatus": 200,
      "renderedRowsIncludingHeader": 21,
      "jsContentEncodings": [
        "gzip"
      ]
    },
    {
      "label": "sample-5",
      "routeReadyMs": 3865.5,
      "domContentLoadedMs": 2199,
      "loadEventMs": 2199,
      "scriptCount": 8,
      "scriptTransferBytes": 446252,
      "scriptDurationMs": 6039,
      "listReadyMs": 862.3,
      "apiStatus": 200,
      "renderedRowsIncludingHeader": 21,
      "jsContentEncodings": [
        "gzip"
      ]
    }
  ],
  "summary": {
    "routeReadyMedianMs": 3887,
    "routeReadyMinMs": 3865.5,
    "routeReadyMaxMs": 3976.2,
    "listReadyMedianMs": 659.3,
    "listReadyMinMs": 637.5,
    "listReadyMaxMs": 862.3
  }
}
