vite v7.3.6 building client environment for demo...
transforming...
✓ 2270 modules transformed.
rendering chunks...
computing gzip size...
dist-demo/index.html                                 0.86 kB │ gzip:   0.52 kB
dist-demo/assets/index-v_6AJcWh.css                  2.36 kB │ gzip:   0.95 kB
dist-demo/assets/download-CWiaXb8A.js                0.24 kB │ gzip:   0.17 kB
dist-demo/assets/filters-BA4iHnhs.js                 0.30 kB │ gzip:   0.23 kB
dist-demo/assets/DeleteOutlineRounded-DCCsHn9J.js    0.53 kB │ gzip:   0.31 kB
dist-demo/assets/import-file-DUoT3ERC.js             0.55 kB │ gzip:   0.37 kB
dist-demo/assets/control-D4GVGyZM.js                 0.80 kB │ gzip:   0.47 kB
dist-demo/assets/hooks-DdSEvxMj.js                   4.17 kB │ gzip:   1.94 kB
dist-demo/assets/imports-BQsTG2Wz.js                 6.37 kB │ gzip:   2.85 kB
dist-demo/assets/index-B7pGSyUF.js                   8.18 kB │ gzip:   3.24 kB
dist-demo/assets/index-DdT71Hh_.js                   8.35 kB │ gzip:   3.54 kB
dist-demo/assets/permissions-DSwmPBth.js             8.41 kB │ gzip:   1.94 kB
dist-demo/assets/index-CwU_cCDx.js                   8.79 kB │ gzip:   3.40 kB
dist-demo/assets/index-CD2HCdNL.js                  13.18 kB │ gzip:   4.35 kB
dist-demo/assets/index-DDYOsECz.js                  14.10 kB │ gzip:   5.56 kB
dist-demo/assets/index-D0trcXGq.js                  15.36 kB │ gzip:   5.38 kB
dist-demo/assets/index-Bb_hGhnX.js                  15.96 kB │ gzip:   5.28 kB
dist-demo/assets/index-Bnx-zQIn.js                  17.05 kB │ gzip:   6.01 kB
dist-demo/assets/index-Dysmm63s.js                  17.78 kB │ gzip:   5.87 kB
dist-demo/assets/index-Be8ac6NX.js                  17.93 kB │ gzip:   6.04 kB
dist-demo/assets/index-BewJ4y5v.js                  21.27 kB │ gzip:   7.55 kB
dist-demo/assets/index-Cad2uOB1.js                  22.49 kB │ gzip:   8.05 kB
dist-demo/assets/index-D6ODoucZ.js                  26.00 kB │ gzip:   8.42 kB
dist-demo/assets/index-iCdBNXcI.js                  32.89 kB │ gzip:  10.27 kB
dist-demo/assets/index-Cjbv9msB.js                  36.70 kB │ gzip:   9.93 kB
dist-demo/assets/schemas-BNOgWa61.js                79.17 kB │ gzip:  24.03 kB
dist-demo/assets/react-NCqEdj2_.js                 104.73 kB │ gzip:  35.41 kB
dist-demo/assets/service-Dx4Q1pXC.js               159.38 kB │ gzip:  34.72 kB
dist-demo/assets/browser-DcN8K45e.js               255.09 kB │ gzip:  86.76 kB
dist-demo/assets/mui-B9c92xfW.js                   322.09 kB │ gzip:  97.68 kB
dist-demo/assets/index-BvQo_RfS.js                 325.54 kB │ gzip:  99.79 kB
dist-demo/assets/index-1xh_wEnB.js                 741.57 kB │ gzip: 187.95 kB

(!) Some chunks are larger than 500 kB after minification. Consider:
- Using dynamic import() to code-split the application
- Use build.rollupOptions.output.manualChunks to improve chunking: https://rollupjs.org/configuration-options/#output-manualchunks
- Adjust chunk size limit for this warning via build.chunkSizeWarningLimit.
✓ built in 3.45s
