R01 320
R02 320
R03 320
R04 320
R05 320
R06 320
R07 320
R08 320
R09 320
R10 320
R11 320
R12 320
R13 320
R14 320
R15 320
R16 320
R17 320
R18 320
R19 320
R20 320
R21 320
R22 320
R23 320
R24 320
R25 320
R26 320
R27 320
R28 320
R29 320
R30 320
R31 320
R32 320
R33 320
R34 320
R35 320
R36 320
R37 320
R38 320
R39 320
R40 320
R41 320
R42 320
R43 320
R44 320
R45 320
R46 320
R47 320
R48 320
R49 320
R50 320
R51 320
R52 320
R53 320
R54 320
R01 1280
R02 1280
R03 1280
R04 1280
R05 1280
R06 1280
R07 1280
R08 1280
R09 1280
R10 1280
R11 1280
R12 1280
R13 1280
R14 1280
R15 1280
R16 1280
R17 1280
R18 1280
R19 1280
R20 1280
R21 1280
R22 1280
R23 1280
R24 1280
R25 1280
R26 1280
R27 1280
R28 1280
R29 1280
R30 1280
R31 1280
R32 1280
R33 1280
R34 1280
R35 1280
R36 1280
R37 1280
R38 1280
R39 1280
R40 1280
R41 1280
R42 1280
R43 1280
R44 1280
R45 1280
R46 1280
R47 1280
R48 1280
R49 1280
R50 1280
R51 1280
R52 1280
R53 1280
R54 1280
