
Running 28 tests using 1 worker



(node:83020) Warning: The 'NO_COLOR' env is ignored due to the 'FORCE_COLOR' env being set.
(Use `node --trace-warnings ...` to show where the warning was created)
[1/28] [chromium] › tests\ui-ux-completion.spec.ts:9:1 › UX01 setup feedback CTA reaches review workflow rather than dynamic knowledge detail
[2/28] [chromium] › tests\ui-ux-completion.spec.ts:15:1 › UX02 stock warnings describe low/zero stock without implying a server block
[3/28] [chromium] › tests\ui-ux-completion.spec.ts:22:1 › UX02 inventory receipts and accounting open periods have domain-specific names
[4/28] [chromium] › tests\ui-ux-completion.spec.ts:31:1 › UX04 onboarding protects the whole draft on leave and reload
[5/28] [chromium] › tests\ui-ux-completion.spec.ts:52:1 › UX04 acknowledged shop creation leaves without a false dirty warning
[6/28] [chromium] › tests\ui-ux-completion.spec.ts:60:1 › UX05 product detail returns to committed filters; direct links use the list fallback
[7/28] [chromium] › tests\ui-ux-completion.spec.ts:70:60 › UX05 customers list returns to its own filter context
[8/28] [chromium] › tests\ui-ux-completion.spec.ts:70:60 › UX05 orders list returns to its own filter context
[9/28] [chromium] › tests\ui-ux-completion.spec.ts:70:60 › UX05 knowledge list returns to its own filter context
[10/28] [chromium] › tests\ui-ux-completion.spec.ts:86:1 › UX03 category, member and AI deletion confirmations name the selected object and consequence
[11/28] [chromium] › tests\ui-ux-completion.spec.ts:108:1 › UX07 titles and breadcrumb distinguish create/detail/review; menu empty state clears with focus
[12/28] [chromium] › tests\ui-ux-completion.spec.ts:126:1 › UX10 multi-table pages have distinct business names
[13/28] [chromium] › tests\ui-ux-completion.spec.ts:136:1 › UX06 AI capability names and states are readable in Vietnamese
[14/28] [chromium] › tests\ui-ux-completion.spec.ts:143:1 › UX15 detail captions reflow without splitting short words across all required viewports
(node:51396) Warning: The 'NO_COLOR' env is ignored due to the 'FORCE_COLOR' env being set.

(Use `node --trace-warnings ...` to show where the warning was created)

[15/28] [firefox] › tests\ui-ux-completion.spec.ts:9:1 › UX01 setup feedback CTA reaches review workflow rather than dynamic knowledge detail
[16/28] [firefox] › tests\ui-ux-completion.spec.ts:15:1 › UX02 stock warnings describe low/zero stock without implying a server block
[17/28] [firefox] › tests\ui-ux-completion.spec.ts:22:1 › UX02 inventory receipts and accounting open periods have domain-specific names
[18/28] [firefox] › tests\ui-ux-completion.spec.ts:31:1 › UX04 onboarding protects the whole draft on leave and reload
[19/28] [firefox] › tests\ui-ux-completion.spec.ts:52:1 › UX04 acknowledged shop creation leaves without a false dirty warning
[20/28] [firefox] › tests\ui-ux-completion.spec.ts:60:1 › UX05 product detail returns to committed filters; direct links use the list fallback
[21/28] [firefox] › tests\ui-ux-completion.spec.ts:70:60 › UX05 customers list returns to its own filter context
[22/28] [firefox] › tests\ui-ux-completion.spec.ts:70:60 › UX05 orders list returns to its own filter context
[23/28] [firefox] › tests\ui-ux-completion.spec.ts:70:60 › UX05 knowledge list returns to its own filter context
[24/28] [firefox] › tests\ui-ux-completion.spec.ts:86:1 › UX03 category, member and AI deletion confirmations name the selected object and consequence
[25/28] [firefox] › tests\ui-ux-completion.spec.ts:108:1 › UX07 titles and breadcrumb distinguish create/detail/review; menu empty state clears with focus
[26/28] [firefox] › tests\ui-ux-completion.spec.ts:126:1 › UX10 multi-table pages have distinct business names
[27/28] [firefox] › tests\ui-ux-completion.spec.ts:136:1 › UX06 AI capability names and states are readable in Vietnamese
[28/28] [firefox] › tests\ui-ux-completion.spec.ts:143:1 › UX15 detail captions reflow without splitting short words across all required viewports
  28 passed (1.6m)
