{
  "viewport": 320,
  "scrollWidth": 320,
  "owners": [
    {
      "element": "DIV",
      "owner": "section-grid",
      "rect": {
        "x": 16,
        "y": 475.59375,
        "width": 288,
        "height": 2272.859375,
        "top": 475.59375,
        "right": 304,
        "bottom": 2748.453125,
        "left": 16
      },
      "minWidth": "0px",
      "columns": "288px",
      "scrollWidth": 288
    },
    {
      "element": "FORM",
      "owner": "form-fields",
      "rect": {
        "x": 29,
        "y": 524.890625,
        "width": 262,
        "height": 552.375,
        "top": 524.890625,
        "right": 291,
        "bottom": 1077.265625,
        "left": 29
      },
      "minWidth": "0px",
      "columns": "none",
      "scrollWidth": 262
    },
    {
      "element": "DIV",
      "owner": "page-sections",
      "rect": {
        "x": 16,
        "y": 1106.265625,
        "width": 288,
        "height": 1642.1875,
        "top": 1106.265625,
        "right": 304,
        "bottom": 2748.453125,
        "left": 16
      },
      "minWidth": "0px",
      "columns": "none",
      "scrollWidth": 288
    },
    {
      "element": "DIV",
      "owner": "Địa chỉ trong hồ sơ khách",
      "rect": {
        "x": 29,
        "y": 1287.5625,
        "width": 262,
        "height": 212,
        "top": 1287.5625,
        "right": 291,
        "bottom": 1499.5625,
        "left": 29
      },
      "minWidth": "0px",
      "columns": "none",
      "scrollWidth": 600
    },
    {
      "element": "DIV",
      "owner": "action-group",
      "rect": {
        "x": 424.21875,
        "y": 1360.5625,
        "width": 192.78125,
        "height": 130,
        "top": 1360.5625,
        "right": 617,
        "bottom": 1490.5625,
        "left": 424.21875
      },
      "minWidth": "0px",
      "columns": "none",
      "scrollWidth": 193
    },
    {
      "element": "DIV",
      "owner": "action-group",
      "rect": {
        "x": 42,
        "y": 2053.15625,
        "width": 236,
        "height": 32,
        "top": 2053.15625,
        "right": 278,
        "bottom": 2085.15625,
        "left": 42
      },
      "minWidth": "0px",
      "columns": "none",
      "scrollWidth": 236
    }
  ]
}
- dialog "Sửa tài khoản 111":
  - heading "Sửa tài khoản 111 Đóng" [level=2]:
    - text: Sửa tài khoản 111
    - button "Đóng"
  - alert: Tài khoản đã có chứng từ; chỉ sửa tên, mã và nhóm được giữ nguyên.
  - text: Mã tài khoản
  - textbox "Mã tài khoản" [disabled]: "111"
  - text: Tên tài khoản
  - textbox "Tên tài khoản": Tiền mặt
  - text: Nhóm tài khoản
  - combobox "Nhóm tài khoản Tài sản" [disabled]: Tài sản
  - button "Hủy"
  - button "Lưu tài khoản" [disabled]
[
  {
    html: '<div role="combobox" aria-disabled="true" aria-expanded="false" aria-haspopup="listbox" aria-labelledby="«r2b»-label «r2b»" id="«r2b»" class="MuiSelect-select MuiSelect-outlined Mui-disabled MuiInputBase-input MuiOutlinedInput-input Mui-disabled css-uln7yc-MuiNativeSelect-root-MuiSelect-select-MuiInputBase-input-MuiOutlinedInput-input">Tài sản</div>',
    labelledby: '«r2b»-label «r2b»'
  }
]
