node:internal/modules/cjs/loader:1517
  const err = new Error(message);
              ^

Error: Cannot find module 'ajv/dist/2020'
Require stack:
- C:\Users\Joker-PC\AppData\Local\Temp\botsales-domain-pN4vYe\apps\web\src\shared\api\validation.js
- C:\Users\Joker-PC\AppData\Local\Temp\botsales-domain-pN4vYe\apps\web\src\mocks\files.js
- C:\Users\Joker-PC\AppData\Local\Temp\botsales-domain-pN4vYe\apps\web\src\mocks\service.js
- C:\Users\Joker-PC\Documents\Projects\Bot-AI-Ban-hang-FB\BotSalesAI_Frontend\package.json
    at Module._resolveFilename (node:internal/modules/cjs/loader:1517:15)
    at wrapResolveFilename (node:internal/modules/cjs/loader:1071:27)
    at defaultResolveImplForCJSLoading (node:internal/modules/cjs/loader:1095:10)
    at resolveForCJSWithHooks (node:internal/modules/cjs/loader:1122:12)
    at Module._load (node:internal/modules/cjs/loader:1294:5)
    at wrapModuleLoad (node:internal/modules/cjs/loader:255:19)
    at Module.require (node:internal/modules/cjs/loader:1617:12)
    at require (node:internal/modules/helpers:153:16)
    at Object.<anonymous> (C:\Users\Joker-PC\AppData\Local\Temp\botsales-domain-pN4vYe\apps\web\src\shared\api\validation.js:8:33)
    at Module._compile (node:internal/modules/cjs/loader:1872:14) {
  code: 'MODULE_NOT_FOUND',
  requireStack: [
    'C:\\Users\\Joker-PC\\AppData\\Local\\Temp\\botsales-domain-pN4vYe\\apps\\web\\src\\shared\\api\\validation.js',
    'C:\\Users\\Joker-PC\\AppData\\Local\\Temp\\botsales-domain-pN4vYe\\apps\\web\\src\\mocks\\files.js',
    'C:\\Users\\Joker-PC\\AppData\\Local\\Temp\\botsales-domain-pN4vYe\\apps\\web\\src\\mocks\\service.js',
    'C:\\Users\\Joker-PC\\Documents\\Projects\\Bot-AI-Ban-hang-FB\\BotSalesAI_Frontend\\package.json'
  ]
}

Node.js v24.19.0
