
 RUN  v5.0.3 C:/Users/Joker-PC/Documents/Projects/Bot-AI-Ban-hang-FB/BotSalesAI_Frontend

 ❯ apps/web/tests/domain-labels.test.ts (3 tests | 1 failed) 7ms
   ❯ domain labels (3)
     × labels the canonical enums used for state/kind/status presentation 5ms
[BABEL] Note: The code generator has deoptimised the styling of C:\Users\Joker-PC\AppData\Local\Temp\botsales-vite-cache\ea27c7577456f6009d55\direct-vite\40660\deps\react-dom_client.js?v=a02d7b46 as it exceeds the max of 500KB.

⎯⎯⎯⎯⎯⎯⎯ Failed Tests 1 ⎯⎯⎯⎯⎯⎯⎯

 FAIL  apps/web/tests/domain-labels.test.ts > domain labels > labels the canonical enums used for state/kind/status presentation
AssertionError: StatementFormat.kind:bank: expected 'Chưa xác định' not to be 'Chưa xác định' // Object.is equality
 ❯ visit apps/web/tests/domain-labels.test.ts:23:124
     21|     const value=node as {properties?:Record<string,{enum?:string[]}>;a…
     22|     for(const [field,property] of Object.entries(value.properties||{})…
     23|      for(const item of property.enum)expect(label(item,domains[name as…
       |                                                                                                                            ^
     24|     }
     25|     value.allOf?.forEach(visit);
 ❯ apps/web/tests/domain-labels.test.ts:26:6

⎯⎯⎯⎯⎯⎯⎯⎯⎯⎯⎯⎯⎯⎯⎯⎯⎯⎯⎯⎯⎯⎯⎯⎯[1/1]⎯


 Test Files  1 failed | 18 passed (19)
      Tests  1 failed | 195 passed (196)
   Start at  17:55:05
   Duration  6.57s (tests 37%, environment 29%, import 18%, transform 10%, setup 7%)

