✔ P10/P15 catch alias and neutral-wrapper duplicate insets through fragments and conditionals (469.873ms)
✔ P20 resolves shared composition identities through a barrel and const component aliases (316.8725ms)
✔ P11/P13 catch static element access roles on every MUI surface, including Paper (314.5221ms)
✔ P12 checks React createElement and JSX-runtime element factories (303.3052ms)
✔ P14 resolves bodyMode literal aliases and fails closed when ownership is unknown (881.2196ms)
✔ checks Panel ancestry when React elements are created natively (289.5902ms)
✔ keeps independent nested surfaces and portaled dialogs as separate owners (583.786ms)
✔ accepts finite bodyMode branches and every mode in the public component contracts (845.0476ms)
✔ stops inherited gap ownership at Panels and independent bordered surfaces (562.6067ms)
✔ tracks gaps through fragments, conditions and ready QueryState, but not inside DOM wrappers (280.2774ms)
✔ applies the same finite modes and wrapper boundaries to native React factories (556.2878ms)
✔ recognizes native outlined Paper and nested Box surface inset boundaries (571.2799ms)
✔ fails closed when an unresolved custom wrapper obscures a semantic gap owner (274.4178ms)
✔ rejects unsupported placement and rhythm values while accepting finite aliases and branches (561.5426ms)
✔ rejects unsupported finite values through React element factories (555.8578ms)
✔ accepts semantic composition, closed geometry and business-specific MUI primitives (6.5076ms)
✔ rejects rebuilding each shared spacing owner at a consumer (2.2132ms)
✔ follows aliases, local style variables, object spreads and namespace imports (1.0275ms)
✔ rejects direct and spread spacing overrides on semantic components (0.6335ms)
✔ rejects spacing or opaque spreads hidden in geometry (0.2878ms)
✔ allows the canonical owner implementation and fails closed on malformed source (1.2317ms)
✔ rejects duplicated parent boundary and duplicated Panel inset (0.7565ms)
✔ checks default MUI imports and fails closed for opaque geometry (0.4047ms)
✔ distinguishes content grids from flex flows when reporting the shared owner (0.4963ms)
✔ rejects page spacing for paired fields and peer Panels without a section gap owner (2.0936ms)
✔ related sibling gaps belong to ActionGroup comfortable density, not consumer Stack styles (0.5413ms)
✔ density profiles are finite and new spacing paths retain the shared owner (1.3614ms)
✔ Amount consumers declare wrapping outside DataTable columns and keep table money unbroken (24.7757ms)
✔ the shared catalog covers every public React component and supporting Column type (64.0702ms)
✔ SPC-067 covers discovered public Shared APIs without a fixed export count (0.8145ms)
✔ every public React API has a direct rendered contract test (1.3346ms)
✔ catalog declaration lines and stated JSX counts match resolved source symbols (23.1595ms)
✔ every shared React export has a resolved production consumer or an explicit zero-use lifecycle decision (17.0993ms)
✔ required UI evidence and regression gates remain wired to root verify and the active parent workflow (0.4457ms)
✔ composition prop allowlists match the TypeScript owners exactly (0.3095ms)
✔ QueryState uses only the approved inline and section pending profiles (0.3299ms)
✔ QueryState consumers reserve section loading for primary content and keep every other state inline by default (20.6531ms)
✔ body modes, placement roles and geometry keys match the TypeScript contracts (1.1128ms)
✔ Panel geometry and DataTable columns remain closed public contracts (4.5432ms)
✔ shared component and composition props expose no arbitrary layout/style escape hatch (0.2409ms)
✔ layout role types, runtime values, consumers and ownership documentation stay closed (2515.6713ms)
ℹ tests 41
ℹ suites 0
ℹ pass 41
ℹ fail 0
ℹ cancelled 0
ℹ skipped 0
ℹ todo 0
ℹ duration_ms 7835.3266
