✔ P10/P15 catch alias and neutral-wrapper duplicate insets through fragments and conditionals (563.0145ms)
✔ P20 resolves shared composition identities through a barrel and const component aliases (374.3148ms)
✔ P11/P13 catch static element access roles on every MUI surface, including Paper (355.5723ms)
✔ P12 checks React createElement and JSX-runtime element factories (369.2054ms)
✔ P14 resolves bodyMode literal aliases and fails closed when ownership is unknown (1058.5896ms)
✔ checks Panel ancestry when React elements are created natively (353.7294ms)
✔ keeps independent nested surfaces and portaled dialogs as separate owners (646.2126ms)
✔ accepts finite bodyMode branches and every mode in the public component contracts (1006.7809ms)
✔ stops inherited gap ownership at Panels and independent bordered surfaces (689.4133ms)
✔ tracks gaps through fragments, conditions and ready QueryState, but not inside DOM wrappers (318.7743ms)
✔ applies the same finite modes and wrapper boundaries to native React factories (674.1657ms)
✔ recognizes native outlined Paper and nested Box surface inset boundaries (607.7614ms)
✔ fails closed when an unresolved custom wrapper obscures a semantic gap owner (300.261ms)
✔ rejects unsupported placement and rhythm values while accepting finite aliases and branches (602.7098ms)
✔ rejects unsupported finite values through React element factories (601.1732ms)
✔ accepts semantic composition, closed geometry and business-specific MUI primitives (6.7915ms)
✔ rejects rebuilding each shared spacing owner at a consumer (2.0386ms)
✔ follows aliases, local style variables, object spreads and namespace imports (0.9634ms)
✔ rejects direct and spread spacing overrides on semantic components (0.6037ms)
✔ rejects spacing or opaque spreads hidden in geometry (0.284ms)
✔ allows the canonical owner implementation and fails closed on malformed source (0.9886ms)
✔ rejects duplicated parent boundary and duplicated Panel inset (0.671ms)
✔ checks default MUI imports and fails closed for opaque geometry (0.4083ms)
✔ distinguishes content grids from flex flows when reporting the shared owner (0.3498ms)
✔ rejects page spacing for paired fields and peer Panels without a section gap owner (1.9276ms)
✔ related sibling gaps belong to ActionGroup comfortable density, not consumer Stack styles (0.5313ms)
✔ density profiles are finite and new spacing paths retain the shared owner (1.4594ms)
✔ Amount consumers declare wrapping outside DataTable columns and keep table money unbroken (29.1685ms)
✔ the shared catalog covers every public React component and supporting Column type (71.0451ms)
✔ SPC-067 covers discovered public Shared APIs without a fixed export count (0.8027ms)
✔ every public React API has a direct rendered contract test (1.3513ms)
✖ catalog declaration lines and stated JSX counts match resolved source symbols (22.1112ms)
✔ every shared React export has a resolved production consumer or an explicit zero-use lifecycle decision (19.5372ms)
✔ required UI evidence and regression gates remain wired to root verify and the active parent workflow (2.0355ms)
✔ composition prop allowlists match the TypeScript owners exactly (0.2873ms)
✔ QueryState uses only the approved inline and section pending profiles (0.3944ms)
✖ QueryState consumers reserve section loading for primary content and keep every other state inline by default (11.9534ms)
✔ body modes, placement roles and geometry keys match the TypeScript contracts (1.5789ms)
✔ Panel geometry and DataTable columns remain closed public contracts (5.0531ms)
✔ shared component and composition props expose no arbitrary layout/style escape hatch (0.228ms)
✖ layout role types, runtime values, consumers and ownership documentation stay closed (3030.5554ms)
ℹ tests 41
ℹ suites 0
ℹ pass 38
ℹ fail 3
ℹ cancelled 0
ℹ skipped 0
ℹ todo 0
ℹ duration_ms 9088.8746

✖ failing tests:

test at tests\ui-shared-api-contract.test.mjs:126:1
✖ catalog declaration lines and stated JSX counts match resolved source symbols (22.1112ms)
  AssertionError [ERR_ASSERTION]: PageHeader catalog source line is stale
  
  20 !== 21
  
      at TestContext.<anonymous> (file:///C:/Users/Joker-PC/Documents/Projects/Bot-AI-Ban-hang-FB/BotSalesAI_Frontend/tests/ui-shared-api-contract.test.mjs:152:16)
      at Test.runInAsyncScope (node:async_hooks:227:14)
      at Test.run (node:internal/test_runner/test:1382:25)
      at Test.processPendingSubtests (node:internal/test_runner/test:960:18)
      at Test.postRun (node:internal/test_runner/test:1522:19)
      at Test.run (node:internal/test_runner/test:1447:12)
      at async Test.processPendingSubtests (node:internal/test_runner/test:960:7) {
    generatedMessage: false,
    code: 'ERR_ASSERTION',
    actual: 20,
    expected: 21,
    operator: 'strictEqual',
    diff: 'simple'
  }

test at tests\ui-shared-api-contract.test.mjs:248:1
✖ QueryState consumers reserve section loading for primary content and keep every other state inline by default (11.9534ms)
  AssertionError [ERR_ASSERTION]: apps\web\src\modules\customers\addresses.tsx:70: only a primary data/form region outside EditDialog may opt into QueryState section loading; other consumers must use the inline default
  + actual - expected
  
  + undefined
  - 'section'
  
      at visit (file:///C:/Users/Joker-PC/Documents/Projects/Bot-AI-Ban-hang-FB/BotSalesAI_Frontend/tests/ui-shared-api-contract.test.mjs:305:24)
      at visitNode2 (C:\Users\Joker-PC\Documents\Projects\Bot-AI-Ban-hang-FB\BotSalesAI_Frontend\node_modules\typescript\lib\typescript.js:32437:18)
      at forEachChildInJsxElement (C:\Users\Joker-PC\Documents\Projects\Bot-AI-Ban-hang-FB\BotSalesAI_Frontend\node_modules\typescript\lib\typescript.js:32804:12)
      at Object.forEachChild (C:\Users\Joker-PC\Documents\Projects\Bot-AI-Ban-hang-FB\BotSalesAI_Frontend\node_modules\typescript\lib\typescript.js:32958:35)
      at visit (file:///C:/Users/Joker-PC/Documents/Projects/Bot-AI-Ban-hang-FB/BotSalesAI_Frontend/tests/ui-shared-api-contract.test.mjs:310:16)
      at visitNodes (C:\Users\Joker-PC\Documents\Projects\Bot-AI-Ban-hang-FB\BotSalesAI_Frontend\node_modules\typescript\lib\typescript.js:32445:22)
      at forEachChildInJsxElement (C:\Users\Joker-PC\Documents\Projects\Bot-AI-Ban-hang-FB\BotSalesAI_Frontend\node_modules\typescript\lib\typescript.js:32804:55)
      at Object.forEachChild (C:\Users\Joker-PC\Documents\Projects\Bot-AI-Ban-hang-FB\BotSalesAI_Frontend\node_modules\typescript\lib\typescript.js:32958:35)
      at visit (file:///C:/Users/Joker-PC/Documents/Projects/Bot-AI-Ban-hang-FB/BotSalesAI_Frontend/tests/ui-shared-api-contract.test.mjs:310:16)
      at visitNode2 (C:\Users\Joker-PC\Documents\Projects\Bot-AI-Ban-hang-FB\BotSalesAI_Frontend\node_modules\typescript\lib\typescript.js:32437:18) {
    generatedMessage: false,
    code: 'ERR_ASSERTION',
    actual: undefined,
    expected: 'section',
    operator: 'strictEqual',
    diff: 'simple'
  }

test at tests\ui-shared-api-contract.test.mjs:431:1
✖ layout role types, runtime values, consumers and ownership documentation stay closed (3030.5554ms)
  AssertionError [ERR_ASSERTION]: remove or explain layout roles without a real consumer
  + actual - expected
  
  + [
  +   'form.pairedFields'
  + ]
  - []
  
      at TestContext.<anonymous> (file:///C:/Users/Joker-PC/Documents/Projects/Bot-AI-Ban-hang-FB/BotSalesAI_Frontend/tests/ui-shared-api-contract.test.mjs:522:12)
      at Test.runInAsyncScope (node:async_hooks:227:14)
      at Test.run (node:internal/test_runner/test:1382:25)
      at Test.processPendingSubtests (node:internal/test_runner/test:960:18)
      at Test.postRun (node:internal/test_runner/test:1522:19)
      at Test.run (node:internal/test_runner/test:1447:12)
      at async Test.processPendingSubtests (node:internal/test_runner/test:960:7) {
    generatedMessage: false,
    code: 'ERR_ASSERTION',
    actual: [ 'form.pairedFields' ],
    expected: [],
    operator: 'deepStrictEqual',
    diff: 'simple'
  }
