✔ CSS label gap accepts the canonical direct pixel constructor and its exact owner/property (946.3621ms)
✔ CSS label gap cannot be used as an unrelated spacing property (962.3135ms)
✔ CSS label gap rejects a raw pixel constructor argument (984.2644ms)
✔ CSS label gap cannot impersonate a role from another owner (963.3764ms)
✔ accepts semantic bridge roles, the closed token-derived factor map, geometry, and reset values (949.8577ms)
✔ rejects a CSS spacing role without a declared shared owner (932.7705ms)
✔ rejects scale-conforming and off-scale literals in sx, responsive leaves, named and namespace MUI System props (1004.2308ms)
✔ follows local aliases and style callbacks; rejects theme spacing helpers and preset overrides (957.0822ms)
✔ scans nested slotProps but does not confuse event handlers or geometric dimensions with spacing (991.7335ms)
✔ keeps Panel geometry inspectable and rejects spacing hidden in its geometry prop (2767.005ms)
✔ accepts only an exact CSS exception and reports stale or mismatched exception scope (2917.6812ms)
✔ rejects malformed TypeScript, malformed CSS, bad exception schema, and raw values in the bridge (3876.7676ms)
✔ rejects canonical pixel tokens used as MUI factors and an altered bridge factor table (1947.3806ms)
✔ report mode inventories migration debt without turning findings into PASS (1005.2553ms)
✔ canonical writes through casts and aliases fail outside style expressions (974.295ms)
✔ Object.assign cannot mutate canonical data but can copy to a fresh object (1979.0772ms)
✔ layout gate rejects raw spacing on const alias of MUI component (981.9526ms)
✔ canonical mutation gate follows global mutator aliases and reflection (1005.437ms)
✔ local mutator names do not acquire global mutation identity (977.4053ms)
✔ destructured mutators and call/apply retain canonical mutation checks (991.9228ms)
✔ global mutator call/apply can copy canonical values into fresh objects (974.978ms)
✔ mutable aliases with possible canonical destinations fail closed (989.3648ms)
✔ opaque apply arguments fail closed while unrelated mutable data stays valid (1911.635ms)
✔ canonical references inside containers and destructured aliases cannot be mutated (976.5503ms)
✔ independent shallow copies of scalar canonical fields remain mutable (985.4994ms)
✔ array references and nested destructuring preserve canonical write provenance (1025.5465ms)
✔ array destinations distinguish independent elements from canonical references (985.3037ms)
✔ array destructuring, dynamic indices and spread cannot hide canonical references (1093.5406ms)
✔ dynamic indices and destructuring of independent arrays stay mutable (989.0869ms)
✔ function parameters cannot hide canonical mutation across source files (953.299ms)
✔ read-only helpers and mutations of unrelated arguments remain valid (988.3862ms)
✔ returned canonical references remain protected across helper boundaries (996.2767ms)
✔ helper returns of fresh scalar copies do not retain canonical destination identity (988.2639ms)
✔ destructured object parameters cannot mutate canonical arguments (1006.3272ms)
✔ destructured object parameters retain independent argument mutability (970.259ms)
✔ default parameter and binding initializers cannot hide canonical mutations (968.285ms)
✔ fresh default parameter and binding copies remain mutable (974.7595ms)
✔ rest parameters retain canonical argument write provenance (936.5004ms)
✔ rest parameters distinguish independent positions from canonical siblings (922.9478ms)
✔ finite spread arguments preserve shifted positional and rest destinations (938.8483ms)
✔ finite spread expansion keeps independent argument positions mutable (952.1918ms)
✔ opaque spreads keep positional mutation destinations unknown (933.3225ms)
✔ opaque spreads into read-only helpers do not invent mutation findings (944.8904ms)
✔ array parameter patterns retain canonical positions including nested object arrays (937.3936ms)
✔ array parameter patterns retain independent bound element mutability (958.0907ms)
✔ layout gate rejects parameter shadow of canonical layout name (941.6965ms)
✔ layout gate follows genuine renamed styled factory (972.2452ms)
✔ layout gate accepts canonical namespace, element access and barrel alias (958.2469ms)
✔ layout gate does not mistake local component named Stack for MUI (937.0132ms)
✔ layout gate inspects renamed installed Emotion css tag (941.3518ms)
✔ layout gate preserves genuine aliased Controller field forwarding (980.299ms)
✔ a same-named local Controller cannot exempt an unknown prop spread (955.1322ms)
✔ genuine useForm registration survives property and destructured aliases (949.1277ms)
✔ a function named register cannot exempt injected style props (928.853ms)
✔ a bridge callback parameter cannot impersonate its private factor binding (923.405ms)
✔ opaque namespace component selection remains a strict binding failure (973.5603ms)
✔ opaque namespace factory cannot hide style arguments (1006.3756ms)
✔ MUI re-export cannot hide raw spacing behind a first-party barrel (970.6794ms)
✔ destructuring assignments cannot hide canonical write targets (934.2059ms)
✔ destructuring assignments can update independent copied destinations (931.6303ms)
✔ object rest retains nested canonical references while copying the outer object (928.6231ms)
✔ rest scalar copies and replacement of container references stay mutable (947.41ms)
✔ shallow object spread preserves canonical child references and last-writer order (950.4711ms)
✔ shallow spread with a later independent override stays mutable (940.2267ms)
✔ exported mutable aliases retain assignments from their declaring file (968.2249ms)
✔ exported independent mutable data does not acquire canonical provenance (925.4636ms)
✔ literal computed keys retain canonical container and parameter provenance (939.4494ms)
✔ literal computed keys do not taint independent selected properties (999.4105ms)
✔ Object.assign shallow copies retain canonical nested reference provenance (958.7766ms)
✔ Object.assign later independent overrides and scalar copies stay mutable (938.9081ms)
✔ union and dynamic property selections retain possible canonical destinations (954.0331ms)
✔ finite union property selections exclude canonical siblings not in the key set (1006.7464ms)
✔ union selection over Object.assign output retains canonical child provenance (938.8799ms)
✔ union selection over independent Object.assign output remains mutable (934.1082ms)
✔ Reflect.set call/apply checks the target argument rather than the assigned value (2876.7338ms)
✔ aliased React createElement checks MUI and native style objects (987.34ms)
✔ GlobalStyles.styles is checked and local createElement names stay local (1925.6896ms)
✔ React JSX runtime factories cannot bypass MUI or native style checks (958.2342ms)
✔ React cloneElement checks the cloned MUI element and preserves native props (3843.5127ms)
✔ Emotion css props and object factories are inspected with native CSS semantics (2892.3247ms)
✔ Inline style elements in JSX, React factories, DOM and the HTML entry fail closed (7648.4193ms)
✔ DOM CSSOM spacing writes use semantic roles and reject opaque style strings (1982.0343ms)
✔ HTML parsing and runtime stylesheet mutation cannot bypass the imported CSS boundary (2028.0261ms)
✔ spacing shorthand values and responsive breakpoints preserve token and unit provenance (9572.5737ms)
✔ function return producers cannot hide canonical children behind spreads (961.2076ms)
✔ producer spreads keep later independent child overrides writable (1006.8854ms)
ℹ tests 86
ℹ suites 0
ℹ pass 86
ℹ fail 0
ℹ cancelled 0
ℹ skipped 0
ℹ todo 0
ℹ duration_ms 96603.1239
