{
  "scope": "TRACKER_SELF_TEST_ONLY_ISOLATED_COPIES",
  "results": [
    {
      "name": "Initial next is T001",
      "status": "PASS"
    },
    {
      "name": "Reject unknown task",
      "status": "PASS"
    },
    {
      "name": "Reject incomplete dependencies",
      "status": "PASS"
    },
    {
      "name": "Require actual owner",
      "status": "PASS"
    },
    {
      "name": "Require claim before checkpoint",
      "status": "PASS"
    },
    {
      "name": "Reject skip step",
      "status": "PASS"
    },
    {
      "name": "No PASS",
      "status": "PASS"
    },
    {
      "name": "Empty checks",
      "status": "PASS"
    },
    {
      "name": "Failed checks",
      "status": "PASS"
    },
    {
      "name": "Wrong kind",
      "status": "PASS"
    },
    {
      "name": "Missing source hashes",
      "status": "PASS"
    },
    {
      "name": "Bad snapshot",
      "status": "PASS"
    },
    {
      "name": "Wrong log hash",
      "status": "PASS"
    },
    {
      "name": "Future timestamp",
      "status": "PASS"
    },
    {
      "name": "Missing command",
      "status": "PASS"
    },
    {
      "name": "Wrong task",
      "status": "PASS"
    },
    {
      "name": "Valid checkpoint earns precise weighted points",
      "status": "PASS"
    },
    {
      "name": "Owner conflict rejected",
      "status": "PASS"
    },
    {
      "name": "Existing lock preserved and blocks write",
      "status": "PASS"
    },
    {
      "name": "Plan hash change rejected",
      "status": "PASS"
    },
    {
      "name": "Changed source invalidates evidence and subsequent steps",
      "status": "PASS"
    },
    {
      "name": "Completed dependency unlocks next, root rebinding forbidden",
      "status": "PASS"
    },
    {
      "name": "Block/resume updates next without auto-skip",
      "status": "PASS"
    },
    {
      "name": "No-op fabricated report does not change percentage",
      "status": "PASS"
    }
  ],
  "passed": 24,
  "total": 24
}
