{
  "checkedAt": "2026-10-08T16:58:27.032Z",
  "scope": "Frontend source composition ownership only; does not certify browser behavior or production readiness.",
  "files": 77,
  "tsxFiles": 29,
  "moduleFolders": 16,
  "sourceHashes": [
    {
      "file": "apps/web/public/app-sw.js",
      "sha256": "9080a6f5bfdd8753d64bc3a5632ee626517a79bd9d989edb3cc54f089e721936"
    },
    {
      "file": "apps/web/src/app/CommandRecovery.tsx",
      "sha256": "79b0d4e7044cde5a64ae0cabb0af879ac99dabf5145a41fe6e86a6426b21f7ac"
    },
    {
      "file": "apps/web/src/app/ScopeEvents.tsx",
      "sha256": "cfea6704a8f8a08ca735700ae3aef4444dd40d8b6a8fb121d06cbab60085c0aa"
    },
    {
      "file": "apps/web/src/app/SessionProvider.tsx",
      "sha256": "13a7556aca5e858b0e0004fe454234b07889751459562ac985497e9eb520641e"
    },
    {
      "file": "apps/web/src/app/Shell.tsx",
      "sha256": "14d33f33d3cc1328e8739af23cc76eca319707a91b617b1467367a0a2571cbfb"
    },
    {
      "file": "apps/web/src/app/dirty-drafts.ts",
      "sha256": "3fe77d4a7c65a176fe0ce52124338fbb135dea08c8477292a7b27d7aae5fba13"
    },
    {
      "file": "apps/web/src/app/feedback.tsx",
      "sha256": "449b8f38b670784f4b99c91b007ca6a90949b6dab1acc69fd8f93a22e11b2a22"
    },
    {
      "file": "apps/web/src/app/i18n.ts",
      "sha256": "535228df84e97dc5e4369880a4499c93f31fbae34057726fb48d5a35f7ca2340"
    },
    {
      "file": "apps/web/src/app/locales/vi/customers.ts",
      "sha256": "94a1b204b882ce2f87da801327f731842b8c6954f1d77820b10a8d230f592159"
    },
    {
      "file": "apps/web/src/app/locales/vi/knowledge.ts",
      "sha256": "a186bda01f5f1ff24e37a8398d090e301b6af44f90487553929c459059b460c9"
    },
    {
      "file": "apps/web/src/app/navigation.ts",
      "sha256": "96460ac494f79748758c7b7bbfb4bbbfd0764aa77b47a4b2ac11e237f459f0b7"
    },
    {
      "file": "apps/web/src/app/router.tsx",
      "sha256": "24f585969d7fb0713a0e9b30f3da57d8454fb1c54cb434e16cc9fd074c2cecd4"
    },
    {
      "file": "apps/web/src/main.tsx",
      "sha256": "2fbb13874110b3e6fc3f5583d36fc50a409f3dd5e28d7946f8b5b61c946d6bbb"
    },
    {
      "file": "apps/web/src/mocks/auxiliary.ts",
      "sha256": "3bbda57ab9828a03264b90aa67e388c55da2605254b7c76f59b4a2d36b42928c"
    },
    {
      "file": "apps/web/src/mocks/browser.ts",
      "sha256": "3786d71b2b665490a116bc0671c5e2494e57e87677e132e8cce1fa80cd5860ee"
    },
    {
      "file": "apps/web/src/mocks/catalog.ts",
      "sha256": "48a5a4d2bc413310d92d4c57a3714dcb800e812d75d4cbf6e2ba3ead6efa1e56"
    },
    {
      "file": "apps/web/src/mocks/control.ts",
      "sha256": "2e9d304efb5187f629eb145ae1428a86a59505dd388556c5d4177408ebebb541"
    },
    {
      "file": "apps/web/src/mocks/database.ts",
      "sha256": "093fb1e7cd79d3b25a07b5eb3d892163a45b01cd9cc823b25b8b49531c1cb25c"
    },
    {
      "file": "apps/web/src/mocks/files.ts",
      "sha256": "21ba6cdcf5668a5bd8db3bfb8b1ac55fe285be40207801d9068f0b29d7b06cbd"
    },
    {
      "file": "apps/web/src/mocks/finance.ts",
      "sha256": "c23c40cd46254f122efcb88dcd4d58cc55de7b8bb17b9688defe090f4d06e01d"
    },
    {
      "file": "apps/web/src/mocks/fulfillment.ts",
      "sha256": "0f320f9fd7125ebf622c07dd4cd5b78b7a1ca9eb4294ce956afcf49daa0bfa40"
    },
    {
      "file": "apps/web/src/mocks/handlers.ts",
      "sha256": "e66c5410cb59486a8cac78fe7d512740376b884f8fcae31941785a148d656608"
    },
    {
      "file": "apps/web/src/mocks/marketing-fixture.ts",
      "sha256": "e6ced9b2ce986ab457042e02acfa879c0a5d163626c3ece6b9a1a11e4a4726fb"
    },
    {
      "file": "apps/web/src/mocks/orders.ts",
      "sha256": "c154c72c10f0eea1495352cc73f18deae17cdcbea592902d5018fa8db8278ff4"
    },
    {
      "file": "apps/web/src/mocks/procurement.ts",
      "sha256": "3484d6aab444ff5dde85f4c225794c724444021a48e7427798f31d130ce50cc0"
    },
    {
      "file": "apps/web/src/mocks/service.ts",
      "sha256": "e9043a25b86f7ac07dea9d609593397ea9bc2b0faa945058c7ea4566f16ccd69"
    },
    {
      "file": "apps/web/src/modules/bot/index.tsx",
      "sha256": "235abafb2cb1430415f10e8671b546e16a958ea5e801029762ac8620fce9e3b0"
    },
    {
      "file": "apps/web/src/modules/catalog/import-file.ts",
      "sha256": "27c5b75075cdd099577f17678f614998afbe95d8a2b2e7c843fa421792dd988f"
    },
    {
      "file": "apps/web/src/modules/catalog/imports.tsx",
      "sha256": "3eb0a0bb187fe4a9aa97f1adb59caea2ab60b4fd36e00f9e3665171881132597"
    },
    {
      "file": "apps/web/src/modules/catalog/index.tsx",
      "sha256": "6329c92de23b5b5c9ce4d0306d6850d4193be69cbb26533076573d96e52a4dc6"
    },
    {
      "file": "apps/web/src/modules/customers/index.tsx",
      "sha256": "a2233f8be5b1c97f5184c1fcafe9cd0a5578b5d8faed43b4af27678709af334c"
    },
    {
      "file": "apps/web/src/modules/dashboard/index.tsx",
      "sha256": "6b33cc85906201a54fb7652d070a61e86d2db47e5b46cd9bf00e0f21c0b54a82"
    },
    {
      "file": "apps/web/src/modules/finance/demo-account-preview.ts",
      "sha256": "4d24b168d57eaa1951d6b1f018e25a86c4ea0fe03cc933a57b41a2fa4a077a60"
    },
    {
      "file": "apps/web/src/modules/finance/index.tsx",
      "sha256": "86bec24ecbef9680357edd714c05f8be42d46ccf805cf6d686ad172796680bdb"
    },
    {
      "file": "apps/web/src/modules/finance/report-explanations.ts",
      "sha256": "39f06fd30ba8c7e913d4ec77327044b2042978a910ca0486a56487459a990020"
    },
    {
      "file": "apps/web/src/modules/fulfillment/index.tsx",
      "sha256": "6520d06c0e0cfac96d830af12186fd4f7131da1403783c48f02957189e4f10a6"
    },
    {
      "file": "apps/web/src/modules/inbox/conversation-components.tsx",
      "sha256": "efde881b00dbb60978017f8394e939fe547403600d85eff6b38e37fe5ca1b848"
    },
    {
      "file": "apps/web/src/modules/inbox/index.tsx",
      "sha256": "f1c52d58f9e0fc85dcbcfd206841e4eaac3a58350bb2295fb04d7f2d1e0b3e6b"
    },
    {
      "file": "apps/web/src/modules/integrations/index.tsx",
      "sha256": "126d9635f9d9bd7ac1dc2bac8d562127b6e25a0bb38e2fc23b7d49ef901a49c1"
    },
    {
      "file": "apps/web/src/modules/inventory/index.tsx",
      "sha256": "6d62daee4da307c8a6063db31d2524e12fab8626782771a2ce8e0f2720d56ffd"
    },
    {
      "file": "apps/web/src/modules/knowledge/index.tsx",
      "sha256": "acf06edc7f2d4fc847bf7bc63d2a84f643a04e34d571ab1f5189603f793535a5"
    },
    {
      "file": "apps/web/src/modules/notifications/index.tsx",
      "sha256": "784b1fa095266078c0edbf65a1ccf8366fbc1ef5574e2f1e2a438df118aa7c25"
    },
    {
      "file": "apps/web/src/modules/notifications/push-capabilities.ts",
      "sha256": "5afb7d25417142b10f9df582062ff0103b17e89514af11db2f6138093259ff0a"
    },
    {
      "file": "apps/web/src/modules/operations/index.tsx",
      "sha256": "a996cf3a6b01ae5577f455066472ceb8df300a943a9517a6890e23a8ea2d5419"
    },
    {
      "file": "apps/web/src/modules/orders/demo-address-preview.ts",
      "sha256": "7b23d2cdcb129fafa138c39d1720e2e1bcffc3195519348fcd9a4598ad906d3a"
    },
    {
      "file": "apps/web/src/modules/orders/index.tsx",
      "sha256": "a7e6ffbfcc98ad1bbe71f73c8738239d53f1f71e7ef816576750a2615acf9448"
    },
    {
      "file": "apps/web/src/modules/procurement/index.tsx",
      "sha256": "2a6b7ec272ec3ce684a40fc780a40898c1e5682306412af2551f5e5a324008d9"
    },
    {
      "file": "apps/web/src/modules/reports/index.tsx",
      "sha256": "9ed41fb74c7472454bbe5be07bac95a936dafe537d6cf9fa5e1faedceb0c54fd"
    },
    {
      "file": "apps/web/src/modules/reports/report-utils.ts",
      "sha256": "d93b2d30c8584daee5f52aaba6cad7b7ae2ccde6f5d196509ad7362431ea6ed0"
    },
    {
      "file": "apps/web/src/modules/workspace/index.tsx",
      "sha256": "dca7369f993e7fa9eaa64d6eb017cd10bbb755f50a4811dacd78150b3f06e4d0"
    },
    {
      "file": "apps/web/src/shared/api/client.ts",
      "sha256": "14f723eb00cb9e7e5e244b440c1de7dfd534be499c991cf25288b5a7506c65ae"
    },
    {
      "file": "apps/web/src/shared/api/client.type-contracts.ts",
      "sha256": "7680d437fe4b70a66cda471dad6be05e6f9201c197377fad6798777ca20b9a5e"
    },
    {
      "file": "apps/web/src/shared/api/errors.ts",
      "sha256": "dacb2b086a75c4695f64ad4714c0cda0199b59e491e3293c8813c08c10f5b227"
    },
    {
      "file": "apps/web/src/shared/api/event-invalidation.ts",
      "sha256": "099f9459e47c239cb5db573262d47d7b757c520e9c3a659f4c7a8c04430ec0cd"
    },
    {
      "file": "apps/web/src/shared/api/hooks.ts",
      "sha256": "a2e4affeb1c25aa798766df58431e28a5ac6fcdccb98cbc72bef6a6ce854c213"
    },
    {
      "file": "apps/web/src/shared/api/intents.ts",
      "sha256": "3ac04111ea98ec3a7bb4f67f296764c966e6788a1000793d212b02244ab3912b"
    },
    {
      "file": "apps/web/src/shared/api/validation.ts",
      "sha256": "5dabe9985b9eb9dea4b67233713cf007a99d6fc55276bd3a285664977f58f1a1"
    },
    {
      "file": "apps/web/src/shared/model/auth.ts",
      "sha256": "7bc419f63be0e3ac3663843d137125c7e0d3dca843e7a3993526453066e6a8b4"
    },
    {
      "file": "apps/web/src/shared/model/dirty-drafts.ts",
      "sha256": "387b509645164ec4c1aaccdfa96e0b99329ff3ba83f7b28931a8ffb6de3be7a2"
    },
    {
      "file": "apps/web/src/shared/model/download.ts",
      "sha256": "ef286806094a71904be7da00b0a9c2fc2e21480ea84038fceec43df095674d1c"
    },
    {
      "file": "apps/web/src/shared/model/filters.ts",
      "sha256": "393d4f7cc77f4deca11a909ee79f809d76debdbd84e8a413271f9ceadfc29f8d"
    },
    {
      "file": "apps/web/src/shared/model/format.ts",
      "sha256": "9a7d546e64919fefa0e293b4c2869fdef8a13115b308e8aa6c4725b4e0ec4200"
    },
    {
      "file": "apps/web/src/shared/model/labels.ts",
      "sha256": "7115490eb33df2cdbc39f4ec7494b364965ca2756a36591f21b2d231bbeeacf2"
    },
    {
      "file": "apps/web/src/shared/model/scope.tsx",
      "sha256": "76a5d2b8c898c1429f2d1fe1b08f83983c0235a9fe035c731598e2e45b3cec22"
    },
    {
      "file": "apps/web/src/shared/model/versioned-draft.ts",
      "sha256": "2709b663ed7025ada096328573e30c530e9659389af1b548f2380ee764af794b"
    },
    {
      "file": "apps/web/src/shared/ui/components.tsx",
      "sha256": "f820ef65f5da75cb0fe755b0d68cf01365ea65938351404f61b3b7fea9d41b17"
    },
    {
      "file": "apps/web/src/shared/ui/composition.tsx",
      "sha256": "15dde3bb9fef954a14c93b8f595d46c17d4502821c9a3095e91e72fd00ccee5b"
    },
    {
      "file": "apps/web/src/shared/ui/draft-conflict.tsx",
      "sha256": "5332f808b3bb81c901962bcdd678e6f37290c408033b1e552f9321d0a01ed809"
    },
    {
      "file": "apps/web/src/shared/ui/layout.ts",
      "sha256": "ac5cc9e11d5b5b22b1e95c6754bb1c9084a47fc53f25ac338c9d58c4c687ec5a"
    },
    {
      "file": "apps/web/src/shared/ui/theme.ts",
      "sha256": "89a903ba7638a7709f118750bdb7a165d44ff57fc949ba69dc0d5f19f29465df"
    },
    {
      "file": "apps/web/src/shared/ui/visual.ts",
      "sha256": "ed147658a55cdd9c011a81aba50870ecce3ae1c7e81e92c2b712740ea112c89d"
    },
    {
      "file": "apps/web/src/vite-env.d.ts",
      "sha256": "b170bc219541531edc57716a974c8e6c2aa8fa366b6d4cc672b032e8bf1fbbbc"
    },
    {
      "file": "apps/web/vite.config.ts",
      "sha256": "5cf012d64418ea4c9f404005fc4f3240e33a4c1dd5a700ebda00f8c2477eea4a"
    },
    {
      "file": "packages/contracts/src/generated.ts",
      "sha256": "0d27c530b1122843a6f30c1493183cd7362ffd6219d28eacbff68c6cd0e2c709"
    },
    {
      "file": "packages/contracts/src/index.ts",
      "sha256": "bcc7e843b4ad0f8e5609e262fb9d0d1e9f1845bd88b6153e3a9ef63cf7fde2c7"
    },
    {
      "file": "packages/design-tokens/src/index.ts",
      "sha256": "e14a11a006fc239bc8a51bbf929ba3646aefe1e12cbb1ce1ec988e6e2a2ec0df"
    },
    {
      "file": "scripts/vite-cache.mjs",
      "sha256": "56478cc7e72edf0afe9e4fa949b2816e0a280260461b17bc1b5e04859a34458f"
    }
  ],
  "tagCounts": {
    "TextField": 211,
    "Typography": 199,
    "Alert": 172,
    "Button": 147,
    "MenuItem": 120,
    "MutationButton": 107,
    "DetailLine": 98,
    "Box": 92,
    "Panel": 91,
    "ErrorNotice": 89,
    "QueryState": 86,
    "Stack": 83,
    "FormFields": 75,
    "Status": 68,
    "RouteLink": 64,
    "EditDialog": 50,
    "PageHeader": 49,
    "Amount": 48,
    "DataTable": 47,
    "SvgIcon": 36,
    "Pager": 36,
    "FieldGroup": 35,
    "ActionGroup": 32,
    "SurfaceContent": 31,
    "ConfirmDialog": 23,
    "Toolbar": 22,
    "LookupLoadMore": 22,
    "Stat": 20,
    "SectionGrid": 15,
    "FormControlLabel": 11,
    "Checkbox": 11,
    "PageSections": 11,
    "DraftConflict": 9,
    "Tab": 9,
    "IconButton": 8,
    "Empty": 8,
    "SetupChecklistItem": 8,
    "Avatar": 7,
    "Chip": 7,
    "Link": 7,
    "LinearProgress": 5,
    "Navigate": 5,
    "Paper": 5,
    "Stats": 5,
    "Divider": 4,
    "input": 4,
    "CopyableCode": 3,
    "Dialog": 3,
    "DialogTitle": 3,
    "DialogContent": 3,
    "DialogActions": 3,
    "Loading": 3,
    "RouteError": 3,
    "Controller": 3,
    "br": 3,
    "Tabs": 3,
    "TableRow": 3,
    "TableCell": 3,
    "AlertTitle": 3,
    "span": 2,
    "List": 2,
    "ListItem": 2,
    "ListItemButton": 2,
    "Tooltip": 2,
    "Drawer": 2,
    "DialogContentText": 2,
    "Suspense": 2,
    "Page": 2,
    "ReportRangeFields": 2,
    "div": 2,
    "InventoryFilters": 2,
    "DraftForm": 2,
    "AuthCard": 2,
    "CircularProgress": 2,
    "InputAdornment": 2,
    "SessionContext.Provider": 1,
    "ListItemIcon": 1,
    "NavIcon": 1,
    "ListItemText": 1,
    "ScopeContext.Provider": 1,
    "MockTools": 1,
    "ScopeEvents": 1,
    "CommandRecovery": 1,
    "Outlet": 1,
    "FeedbackDialog": 1,
    "OrderDetailPage": 1,
    "GlobalGate": 1,
    "Shell": 1,
    "PermissionGate": 1,
    "NotFound": 1,
    "StrictMode": 1,
    "ThemeProvider": 1,
    "CssBaseline": 1,
    "QueryClientProvider": 1,
    "SessionProvider": 1,
    "RouterProvider": 1,
    "JournalAccountField": 1,
    "StatementDialog": 1,
    "PrepDialog": 1,
    "ShippingQuotePreview": 1,
    "ConversationPanel": 1,
    "ConversationMessageList": 1,
    "ConversationComposer": 1,
    "ConversationContextPanel": 1,
    "MockSalesFlowPreview": 1,
    "MockMediaPreview": 1,
    "MockUpsellPreview": 1,
    "ProductContentMockPreview": 1,
    "CurrentCatalogSources": 1,
    "PurchaseDialog": 1,
    "text": 1,
    "tspan": 1,
    "ResponsiveContainer": 1,
    "BarChart": 1,
    "CartesianGrid": 1,
    "XAxis": 1,
    "MarketingReasonTick": 1,
    "YAxis": 1,
    "Bar": 1,
    "ContactConsentPreview": 1,
    "TableContainer": 1,
    "Table": 1,
    "TableHead": 1,
    "TableBody": 1,
    "strong": 1,
    "Comparison": 1
  },
  "usages": [
    {
      "file": "apps/web/src/app/CommandRecovery.tsx",
      "line": 40,
      "tag": "Box",
      "role": "shell.statusBanner"
    },
    {
      "file": "apps/web/src/app/CommandRecovery.tsx",
      "line": 40,
      "tag": "Stack",
      "role": "query.stateGap"
    },
    {
      "file": "apps/web/src/app/ScopeEvents.tsx",
      "line": 57,
      "tag": "Alert",
      "role": "shell.statusBanner"
    },
    {
      "file": "apps/web/src/app/Shell.tsx",
      "line": 96,
      "tag": "Box",
      "role": "shell.centeredFallback"
    },
    {
      "file": "apps/web/src/app/Shell.tsx",
      "line": 96,
      "tag": "Stack",
      "role": "query.stateGap"
    },
    {
      "file": "apps/web/src/app/Shell.tsx",
      "line": 100,
      "tag": "Box",
      "role": "shell.pageFallbackInset"
    },
    {
      "file": "apps/web/src/app/Shell.tsx",
      "line": 100,
      "tag": "Stack",
      "role": "query.stateGap"
    },
    {
      "file": "apps/web/src/app/Shell.tsx",
      "line": 104,
      "tag": "Box",
      "role": "shell.pageFallbackInset"
    },
    {
      "file": "apps/web/src/app/Shell.tsx",
      "line": 104,
      "tag": "Stack",
      "role": "query.stateGap"
    },
    {
      "file": "apps/web/src/app/Shell.tsx",
      "line": 109,
      "tag": "Stack",
      "role": "navigation.brandGap"
    },
    {
      "file": "apps/web/src/app/Shell.tsx",
      "line": 109,
      "tag": "Stack",
      "role": "navigation.brandInset"
    },
    {
      "file": "apps/web/src/app/Shell.tsx",
      "line": 109,
      "tag": "Box",
      "role": "navigation.brandMarkShape"
    },
    {
      "file": "apps/web/src/app/Shell.tsx",
      "line": 110,
      "tag": "Box",
      "role": "navigation.shopInset"
    },
    {
      "file": "apps/web/src/app/Shell.tsx",
      "line": 111,
      "tag": "Box",
      "role": "navigation.listInset"
    },
    {
      "file": "apps/web/src/app/Shell.tsx",
      "line": 111,
      "tag": "Box",
      "role": "navigation.groupGap"
    },
    {
      "file": "apps/web/src/app/Shell.tsx",
      "line": 111,
      "tag": "Typography",
      "role": "navigation.groupLabelInset"
    },
    {
      "file": "apps/web/src/app/Shell.tsx",
      "line": 111,
      "tag": "Typography",
      "role": "navigation.groupLabelGap"
    },
    {
      "file": "apps/web/src/app/Shell.tsx",
      "line": 111,
      "tag": "ListItemButton",
      "role": "navigation.itemInsetBlock"
    },
    {
      "file": "apps/web/src/app/Shell.tsx",
      "line": 111,
      "tag": "ListItemButton",
      "role": "navigation.itemGap"
    },
    {
      "file": "apps/web/src/app/Shell.tsx",
      "line": 111,
      "tag": "ListItemButton",
      "role": "navigation.itemShape"
    },
    {
      "file": "apps/web/src/app/Shell.tsx",
      "line": 113,
      "tag": "Stack",
      "role": "navigation.accountInset"
    },
    {
      "file": "apps/web/src/app/Shell.tsx",
      "line": 113,
      "tag": "Stack",
      "role": "navigation.accountGap"
    },
    {
      "file": "apps/web/src/app/Shell.tsx",
      "line": 117,
      "tag": "Paper",
      "role": "shell.headerHeight"
    },
    {
      "file": "apps/web/src/app/Shell.tsx",
      "line": 117,
      "tag": "Stack",
      "role": "page.gutter"
    },
    {
      "file": "apps/web/src/app/Shell.tsx",
      "line": 119,
      "tag": "Stack",
      "role": "toolbar.controlGap"
    },
    {
      "file": "apps/web/src/app/Shell.tsx",
      "line": 119,
      "tag": "SvgIcon",
      "role": "shell.searchIconInset"
    },
    {
      "file": "apps/web/src/app/Shell.tsx",
      "line": 121,
      "tag": "Box",
      "role": "shell.demoBanner"
    },
    {
      "file": "apps/web/src/app/Shell.tsx",
      "line": 122,
      "tag": "Alert",
      "role": "shell.statusBanner"
    },
    {
      "file": "apps/web/src/app/Shell.tsx",
      "line": 123,
      "tag": "Alert",
      "role": "shell.statusBanner"
    },
    {
      "file": "apps/web/src/app/Shell.tsx",
      "line": 124,
      "tag": "Box",
      "role": "page.gutter"
    },
    {
      "file": "apps/web/src/app/Shell.tsx",
      "line": 124,
      "tag": "Box",
      "role": "page.contentInsetBlock"
    },
    {
      "file": "apps/web/src/app/Shell.tsx",
      "line": 124,
      "tag": "Box",
      "role": "shell.mainFill"
    },
    {
      "file": "apps/web/src/app/Shell.tsx",
      "line": 125,
      "tag": "Box",
      "role": "footer.insetInline"
    },
    {
      "file": "apps/web/src/app/Shell.tsx",
      "line": 125,
      "tag": "Box",
      "role": "footer.insetBlock"
    },
    {
      "file": "apps/web/src/app/Shell.tsx",
      "line": 125,
      "tag": "Box",
      "role": "shell.footerContent"
    },
    {
      "file": "apps/web/src/app/Shell.tsx",
      "line": 157,
      "tag": "Box",
      "role": "shell.demoToolsBefore"
    },
    {
      "file": "apps/web/src/app/Shell.tsx",
      "line": 158,
      "tag": "Button",
      "role": "shell.demoToggle"
    },
    {
      "file": "apps/web/src/app/Shell.tsx",
      "line": 161,
      "tag": "Stack",
      "role": "shell.demoControls"
    },
    {
      "file": "apps/web/src/app/Shell.tsx",
      "line": 161,
      "tag": "TextField",
      "role": "shell.demoControl"
    },
    {
      "file": "apps/web/src/app/Shell.tsx",
      "line": 161,
      "tag": "TextField",
      "role": "shell.demoControl"
    },
    {
      "file": "apps/web/src/app/Shell.tsx",
      "line": 163,
      "tag": "TextField",
      "role": "shell.demoControl"
    },
    {
      "file": "apps/web/src/app/router.tsx",
      "line": 133,
      "tag": "Box",
      "role": "shell.pageFallbackInset"
    },
    {
      "file": "apps/web/src/app/router.tsx",
      "line": 153,
      "tag": "Stack",
      "role": "query.stateGap"
    },
    {
      "file": "apps/web/src/app/router.tsx",
      "line": 163,
      "tag": "Box",
      "role": "shell.pageFallbackInset"
    },
    {
      "file": "apps/web/src/app/router.tsx",
      "line": 165,
      "tag": "Box",
      "role": "shell.pageFallbackInset"
    },
    {
      "file": "apps/web/src/modules/bot/index.tsx",
      "line": 22,
      "tag": "Typography",
      "role": "page.sectionBefore"
    },
    {
      "file": "apps/web/src/modules/bot/index.tsx",
      "line": 22,
      "tag": "Typography",
      "role": "page.sectionAfter"
    },
    {
      "file": "apps/web/src/modules/bot/index.tsx",
      "line": 51,
      "tag": "Typography",
      "role": "surface.sectionBefore"
    },
    {
      "file": "apps/web/src/modules/bot/index.tsx",
      "line": 51,
      "tag": "Stack",
      "role": "code.inlineGap"
    },
    {
      "file": "apps/web/src/modules/bot/index.tsx",
      "line": 51,
      "tag": "Alert",
      "role": "surface.sectionBefore"
    },
    {
      "file": "apps/web/src/modules/bot/index.tsx",
      "line": 59,
      "tag": "Alert",
      "role": "notice.afterGap"
    },
    {
      "file": "apps/web/src/modules/bot/index.tsx",
      "line": 81,
      "tag": "Stack",
      "role": "code.inlineGap"
    },
    {
      "file": "apps/web/src/modules/bot/index.tsx",
      "line": 81,
      "tag": "Stack",
      "role": "surface.sectionBefore"
    },
    {
      "file": "apps/web/src/modules/bot/index.tsx",
      "line": 81,
      "tag": "Stack",
      "role": "notice.afterGap"
    },
    {
      "file": "apps/web/src/modules/customers/index.tsx",
      "line": 148,
      "tag": "Stack",
      "role": "detail.relatedItemGap"
    },
    {
      "file": "apps/web/src/modules/customers/index.tsx",
      "line": 152,
      "tag": "Box",
      "role": "detail.relatedItemInset"
    },
    {
      "file": "apps/web/src/modules/customers/index.tsx",
      "line": 172,
      "tag": "Typography",
      "role": "detail.relatedContentGap"
    },
    {
      "file": "apps/web/src/modules/dashboard/index.tsx",
      "line": 51,
      "tag": "Box",
      "role": "dashboard.groupInset"
    },
    {
      "file": "apps/web/src/modules/dashboard/index.tsx",
      "line": 51,
      "tag": "Box",
      "role": "pageHeader.afterGap"
    },
    {
      "file": "apps/web/src/modules/dashboard/index.tsx",
      "line": 52,
      "tag": "Stack",
      "role": "dashboard.sectionGap"
    },
    {
      "file": "apps/web/src/modules/dashboard/index.tsx",
      "line": 55,
      "tag": "Typography",
      "role": "dashboard.heroTitleFlow"
    },
    {
      "file": "apps/web/src/modules/dashboard/index.tsx",
      "line": 56,
      "tag": "Typography",
      "role": "dashboard.heroDescriptionGap"
    },
    {
      "file": "apps/web/src/modules/dashboard/index.tsx",
      "line": 59,
      "tag": "Link",
      "role": "dashboard.actionTarget"
    },
    {
      "file": "apps/web/src/modules/dashboard/index.tsx",
      "line": 60,
      "tag": "Link",
      "role": "dashboard.actionTarget"
    },
    {
      "file": "apps/web/src/modules/dashboard/index.tsx",
      "line": 61,
      "tag": "Link",
      "role": "dashboard.actionTarget"
    },
    {
      "file": "apps/web/src/modules/dashboard/index.tsx",
      "line": 77,
      "tag": "Box",
      "role": "dashboard.sectionGap"
    },
    {
      "file": "apps/web/src/modules/dashboard/index.tsx",
      "line": 81,
      "tag": "Typography",
      "role": "dashboard.metricValueGap"
    },
    {
      "file": "apps/web/src/modules/dashboard/index.tsx",
      "line": 82,
      "tag": "Typography",
      "role": "dashboard.metricValueGap"
    },
    {
      "file": "apps/web/src/modules/dashboard/index.tsx",
      "line": 90,
      "tag": "Stack",
      "role": "code.inlineGap"
    },
    {
      "file": "apps/web/src/modules/dashboard/index.tsx",
      "line": 115,
      "tag": "Stack",
      "role": "dashboard.footerFlow"
    },
    {
      "file": "apps/web/src/modules/finance/index.tsx",
      "line": 105,
      "tag": "Alert",
      "role": "surface.sectionBefore"
    },
    {
      "file": "apps/web/src/modules/finance/index.tsx",
      "line": 132,
      "tag": "Stack",
      "role": "query.stateGap"
    },
    {
      "file": "apps/web/src/modules/finance/index.tsx",
      "line": 171,
      "tag": "Alert",
      "role": "surface.sectionBefore"
    },
    {
      "file": "apps/web/src/modules/finance/index.tsx",
      "line": 175,
      "tag": "Alert",
      "role": "notice.afterGap"
    },
    {
      "file": "apps/web/src/modules/finance/index.tsx",
      "line": 185,
      "tag": "Box",
      "role": "surface.inset"
    },
    {
      "file": "apps/web/src/modules/finance/index.tsx",
      "line": 186,
      "tag": "Typography",
      "role": "notice.afterGap"
    },
    {
      "file": "apps/web/src/modules/finance/index.tsx",
      "line": 187,
      "tag": "Typography",
      "role": "report.subheadingAfterGap"
    },
    {
      "file": "apps/web/src/modules/finance/index.tsx",
      "line": 189,
      "tag": "Alert",
      "role": "notice.contentGap"
    },
    {
      "file": "apps/web/src/modules/finance/index.tsx",
      "line": 190,
      "tag": "Alert",
      "role": "surface.sectionBefore"
    },
    {
      "file": "apps/web/src/modules/finance/index.tsx",
      "line": 240,
      "tag": "Box",
      "role": "surface.inset"
    },
    {
      "file": "apps/web/src/modules/finance/index.tsx",
      "line": 240,
      "tag": "Stack",
      "role": "form.pairedFields"
    },
    {
      "file": "apps/web/src/modules/finance/index.tsx",
      "line": 240,
      "tag": "Alert",
      "role": "notice.contentGap"
    },
    {
      "file": "apps/web/src/modules/finance/index.tsx",
      "line": 269,
      "tag": "Tabs",
      "role": "page.sectionAfter"
    },
    {
      "file": "apps/web/src/modules/fulfillment/index.tsx",
      "line": 109,
      "tag": "Box",
      "role": "surface.inset"
    },
    {
      "file": "apps/web/src/modules/fulfillment/index.tsx",
      "line": 110,
      "tag": "Stack",
      "role": "surface.headerFlowGap"
    },
    {
      "file": "apps/web/src/modules/fulfillment/index.tsx",
      "line": 114,
      "tag": "Alert",
      "role": "notice.contentGap"
    },
    {
      "file": "apps/web/src/modules/fulfillment/index.tsx",
      "line": 235,
      "tag": "Alert",
      "role": "surface.inset"
    },
    {
      "file": "apps/web/src/modules/fulfillment/index.tsx",
      "line": 295,
      "tag": "Stack",
      "role": "dialog.actionsGap"
    },
    {
      "file": "apps/web/src/modules/fulfillment/index.tsx",
      "line": 317,
      "tag": "Typography",
      "role": "surface.sectionBefore"
    },
    {
      "file": "apps/web/src/modules/inbox/conversation-components.tsx",
      "line": 56,
      "tag": "Box",
      "role": "inbox.composerInset"
    },
    {
      "file": "apps/web/src/modules/inbox/conversation-components.tsx",
      "line": 80,
      "tag": "Stack",
      "role": "inbox.composerControlsBeforeGap"
    },
    {
      "file": "apps/web/src/modules/inbox/conversation-components.tsx",
      "line": 80,
      "tag": "Stack",
      "role": "inbox.composerActionGap"
    },
    {
      "file": "apps/web/src/modules/inbox/conversation-components.tsx",
      "line": 109,
      "tag": "Box",
      "role": "inbox.bubbleInset"
    },
    {
      "file": "apps/web/src/modules/inbox/conversation-components.tsx",
      "line": 116,
      "tag": "Stack",
      "role": "inbox.messageMetaGap"
    },
    {
      "file": "apps/web/src/modules/inbox/conversation-components.tsx",
      "line": 117,
      "tag": "Stack",
      "role": "inbox.messageContentGap"
    },
    {
      "file": "apps/web/src/modules/inbox/conversation-components.tsx",
      "line": 124,
      "tag": "Stack",
      "role": "surface.compactContentGap"
    },
    {
      "file": "apps/web/src/modules/inbox/conversation-components.tsx",
      "line": 130,
      "tag": "Stack",
      "role": "inbox.composerActionGap"
    },
    {
      "file": "apps/web/src/modules/inbox/conversation-components.tsx",
      "line": 166,
      "tag": "Box",
      "role": "inbox.contextInset"
    },
    {
      "file": "apps/web/src/modules/inbox/conversation-components.tsx",
      "line": 179,
      "tag": "Divider",
      "role": "surface.sectionBefore"
    },
    {
      "file": "apps/web/src/modules/inbox/conversation-components.tsx",
      "line": 179,
      "tag": "Divider",
      "role": "notice.afterGap"
    },
    {
      "file": "apps/web/src/modules/inbox/conversation-components.tsx",
      "line": 198,
      "tag": "Alert",
      "role": "surface.sectionBefore"
    },
    {
      "file": "apps/web/src/modules/inbox/index.tsx",
      "line": 53,
      "tag": "Stack",
      "role": "toolbar.controlGap"
    },
    {
      "file": "apps/web/src/modules/inbox/index.tsx",
      "line": 53,
      "tag": "Stack",
      "role": "surface.bodyInsetAfterHeader"
    },
    {
      "file": "apps/web/src/modules/inbox/index.tsx",
      "line": 70,
      "tag": "ListItemButton",
      "role": "inbox.listInset"
    },
    {
      "file": "apps/web/src/modules/inbox/index.tsx",
      "line": 70,
      "tag": "ListItemButton",
      "role": "inbox.listContentGap"
    },
    {
      "file": "apps/web/src/modules/inbox/index.tsx",
      "line": 73,
      "tag": "Stack",
      "role": "surface.compactContentGap"
    },
    {
      "file": "apps/web/src/modules/inbox/index.tsx",
      "line": 75,
      "tag": "Box",
      "role": "inbox.unreadCountInset"
    },
    {
      "file": "apps/web/src/modules/inbox/index.tsx",
      "line": 77,
      "tag": "Typography",
      "role": "surface.titleDescriptionGap"
    },
    {
      "file": "apps/web/src/modules/inbox/index.tsx",
      "line": 78,
      "tag": "Box",
      "role": "inbox.listStatusBeforeGap"
    },
    {
      "file": "apps/web/src/modules/inbox/index.tsx",
      "line": 131,
      "tag": "Stack",
      "role": "surface.compactContentGap"
    },
    {
      "file": "apps/web/src/modules/inbox/index.tsx",
      "line": 153,
      "tag": "Box",
      "role": "inbox.paneInset"
    },
    {
      "file": "apps/web/src/modules/inbox/index.tsx",
      "line": 159,
      "tag": "Box",
      "role": "inbox.paneInset"
    },
    {
      "file": "apps/web/src/modules/inbox/index.tsx",
      "line": 161,
      "tag": "Stack",
      "role": "inbox.messageGroupGap"
    },
    {
      "file": "apps/web/src/modules/inbox/index.tsx",
      "line": 246,
      "tag": "Stack",
      "role": "surface.compactContentGap"
    },
    {
      "file": "apps/web/src/modules/inbox/index.tsx",
      "line": 246,
      "tag": "Stack",
      "role": "surface.compactInset"
    },
    {
      "file": "apps/web/src/modules/inbox/index.tsx",
      "line": 349,
      "tag": "Stack",
      "role": "surface.compactContentGap"
    },
    {
      "file": "apps/web/src/modules/inbox/index.tsx",
      "line": 349,
      "tag": "Stack",
      "role": "surface.compactInset"
    },
    {
      "file": "apps/web/src/modules/integrations/index.tsx",
      "line": 28,
      "tag": "Alert",
      "role": "notice.afterGap"
    },
    {
      "file": "apps/web/src/modules/integrations/index.tsx",
      "line": 28,
      "tag": "Alert",
      "role": "notice.afterGap"
    },
    {
      "file": "apps/web/src/modules/inventory/index.tsx",
      "line": 118,
      "tag": "Alert",
      "role": "page.sectionAfter"
    },
    {
      "file": "apps/web/src/modules/inventory/index.tsx",
      "line": 119,
      "tag": "Alert",
      "role": "notice.afterGap"
    },
    {
      "file": "apps/web/src/modules/knowledge/index.tsx",
      "line": 99,
      "tag": "Box",
      "role": "surface.inset"
    },
    {
      "file": "apps/web/src/modules/knowledge/index.tsx",
      "line": 102,
      "tag": "Alert",
      "role": "notice.contentGap"
    },
    {
      "file": "apps/web/src/modules/knowledge/index.tsx",
      "line": 117,
      "tag": "Alert",
      "role": "notice.afterGap"
    },
    {
      "file": "apps/web/src/modules/knowledge/index.tsx",
      "line": 153,
      "tag": "Typography",
      "role": "surface.sectionBefore"
    },
    {
      "file": "apps/web/src/modules/knowledge/index.tsx",
      "line": 153,
      "tag": "Typography",
      "role": "notice.afterGap"
    },
    {
      "file": "apps/web/src/modules/knowledge/index.tsx",
      "line": 177,
      "tag": "Alert",
      "role": "notice.contentGap"
    },
    {
      "file": "apps/web/src/modules/notifications/index.tsx",
      "line": 23,
      "tag": "Box",
      "role": "surface.inset"
    },
    {
      "file": "apps/web/src/modules/notifications/index.tsx",
      "line": 25,
      "tag": "Typography",
      "role": "pageHeader.titleDescriptionGap"
    },
    {
      "file": "apps/web/src/modules/notifications/index.tsx",
      "line": 25,
      "tag": "Typography",
      "role": "detail.relatedContentGap"
    },
    {
      "file": "apps/web/src/modules/operations/index.tsx",
      "line": 55,
      "tag": "Alert",
      "role": "notice.afterGap"
    },
    {
      "file": "apps/web/src/modules/operations/index.tsx",
      "line": 67,
      "tag": "Stack",
      "role": "surface.headerFlowGap"
    },
    {
      "file": "apps/web/src/modules/operations/index.tsx",
      "line": 163,
      "tag": "Alert",
      "role": "notice.afterGap"
    },
    {
      "file": "apps/web/src/modules/operations/index.tsx",
      "line": 247,
      "tag": "Alert",
      "role": "notice.afterGap"
    },
    {
      "file": "apps/web/src/modules/operations/index.tsx",
      "line": 252,
      "tag": "Box",
      "role": "detail.relatedItemInset"
    },
    {
      "file": "apps/web/src/modules/operations/index.tsx",
      "line": 253,
      "tag": "Stack",
      "role": "surface.headerFlowGap"
    },
    {
      "file": "apps/web/src/modules/operations/index.tsx",
      "line": 254,
      "tag": "Typography",
      "role": "surface.sectionBefore"
    },
    {
      "file": "apps/web/src/modules/operations/index.tsx",
      "line": 265,
      "tag": "Box",
      "role": "page.sectionAfter"
    },
    {
      "file": "apps/web/src/modules/operations/index.tsx",
      "line": 267,
      "tag": "Typography",
      "role": "detail.relatedContentGap"
    },
    {
      "file": "apps/web/src/modules/operations/index.tsx",
      "line": 272,
      "tag": "Alert",
      "role": "surface.sectionBefore"
    },
    {
      "file": "apps/web/src/modules/operations/index.tsx",
      "line": 283,
      "tag": "Box",
      "role": "detail.valueGap"
    },
    {
      "file": "apps/web/src/modules/operations/index.tsx",
      "line": 283,
      "tag": "Box",
      "role": "detail.rowInsetBlock"
    },
    {
      "file": "apps/web/src/modules/operations/index.tsx",
      "line": 292,
      "tag": "Stack",
      "role": "detail.relatedItemGap"
    },
    {
      "file": "apps/web/src/modules/operations/index.tsx",
      "line": 293,
      "tag": "Box",
      "role": "detail.valueGap"
    },
    {
      "file": "apps/web/src/modules/operations/index.tsx",
      "line": 293,
      "tag": "Box",
      "role": "detail.rowInsetBlock"
    },
    {
      "file": "apps/web/src/modules/orders/index.tsx",
      "line": 215,
      "tag": "Box",
      "role": "surface.inset"
    },
    {
      "file": "apps/web/src/modules/orders/index.tsx",
      "line": 224,
      "tag": "Stack",
      "role": "query.stateGap"
    },
    {
      "file": "apps/web/src/modules/orders/index.tsx",
      "line": 297,
      "tag": "Alert",
      "role": "notice.afterGap"
    },
    {
      "file": "apps/web/src/modules/procurement/index.tsx",
      "line": 125,
      "tag": "Tabs",
      "role": "page.sectionAfter"
    },
    {
      "file": "apps/web/src/modules/reports/index.tsx",
      "line": 184,
      "tag": "Link",
      "role": "actions.linkTarget"
    },
    {
      "file": "apps/web/src/modules/reports/index.tsx",
      "line": 207,
      "tag": "Stack",
      "role": "report.contextGap"
    },
    {
      "file": "apps/web/src/modules/reports/index.tsx",
      "line": 224,
      "tag": "Alert",
      "role": "notice.afterGap"
    },
    {
      "file": "apps/web/src/modules/reports/index.tsx",
      "line": 231,
      "tag": "Stack",
      "role": "report.contextGap"
    },
    {
      "file": "apps/web/src/modules/reports/index.tsx",
      "line": 231,
      "tag": "Stack",
      "role": "page.sectionAfter"
    },
    {
      "file": "apps/web/src/modules/reports/index.tsx",
      "line": 237,
      "tag": "Box",
      "role": "report.listSurfaceInset"
    },
    {
      "file": "apps/web/src/modules/reports/index.tsx",
      "line": 238,
      "tag": "Stack",
      "role": "report.listMarkerInset"
    },
    {
      "file": "apps/web/src/modules/reports/index.tsx",
      "line": 238,
      "tag": "Stack",
      "role": "report.listItemGap"
    },
    {
      "file": "apps/web/src/modules/reports/index.tsx",
      "line": 244,
      "tag": "Box",
      "role": "report.chartViewportInset"
    },
    {
      "file": "apps/web/src/modules/reports/index.tsx",
      "line": 251,
      "tag": "Typography",
      "role": "report.emptyStateInset"
    },
    {
      "file": "apps/web/src/modules/reports/index.tsx",
      "line": 259,
      "tag": "Alert",
      "role": "page.sectionBefore"
    },
    {
      "file": "apps/web/src/modules/workspace/index.tsx",
      "line": 28,
      "tag": "Box",
      "role": "shell.centeredFallback"
    },
    {
      "file": "apps/web/src/modules/workspace/index.tsx",
      "line": 28,
      "tag": "Paper",
      "role": "auth.surfaceInset"
    },
    {
      "file": "apps/web/src/modules/workspace/index.tsx",
      "line": 28,
      "tag": "Stack",
      "role": "auth.brandMarkGap"
    },
    {
      "file": "apps/web/src/modules/workspace/index.tsx",
      "line": 46,
      "tag": "Typography",
      "role": "auth.brandTitleGap"
    },
    {
      "file": "apps/web/src/modules/workspace/index.tsx",
      "line": 46,
      "tag": "Typography",
      "role": "pageHeader.titleDescriptionGap"
    },
    {
      "file": "apps/web/src/modules/workspace/index.tsx",
      "line": 46,
      "tag": "Typography",
      "role": "pageHeader.afterGap"
    },
    {
      "file": "apps/web/src/modules/workspace/index.tsx",
      "line": 46,
      "tag": "Alert",
      "role": "pageHeader.afterGap"
    },
    {
      "file": "apps/web/src/modules/workspace/index.tsx",
      "line": 46,
      "tag": "Typography",
      "role": "page.sectionBefore"
    },
    {
      "file": "apps/web/src/modules/workspace/index.tsx",
      "line": 55,
      "tag": "Box",
      "role": "shell.pageFallbackInset"
    },
    {
      "file": "apps/web/src/modules/workspace/index.tsx",
      "line": 55,
      "tag": "Paper",
      "role": "surface.inset"
    },
    {
      "file": "apps/web/src/modules/workspace/index.tsx",
      "line": 55,
      "tag": "Button",
      "role": "page.sectionBefore"
    },
    {
      "file": "apps/web/src/modules/workspace/index.tsx",
      "line": 75,
      "tag": "Typography",
      "role": "auth.brandTitleGap"
    },
    {
      "file": "apps/web/src/modules/workspace/index.tsx",
      "line": 75,
      "tag": "Typography",
      "role": "pageHeader.titleDescriptionGap"
    },
    {
      "file": "apps/web/src/modules/workspace/index.tsx",
      "line": 75,
      "tag": "Typography",
      "role": "pageHeader.afterGap"
    },
    {
      "file": "apps/web/src/modules/workspace/index.tsx",
      "line": 129,
      "tag": "Stack",
      "role": "surface.compactContentGap"
    },
    {
      "file": "apps/web/src/modules/workspace/index.tsx",
      "line": 179,
      "tag": "Alert",
      "role": "notice.afterGap"
    },
    {
      "file": "apps/web/src/modules/workspace/index.tsx",
      "line": 249,
      "tag": "Typography",
      "role": "notice.contentGap"
    },
    {
      "file": "apps/web/src/shared/ui/components.tsx",
      "line": 26,
      "tag": "Stack",
      "role": "pageHeader.columnsGap"
    },
    {
      "file": "apps/web/src/shared/ui/components.tsx",
      "line": 26,
      "tag": "Stack",
      "role": "pageHeader.afterGap"
    },
    {
      "file": "apps/web/src/shared/ui/components.tsx",
      "line": 27,
      "tag": "Typography",
      "role": "pageHeader.titleDescriptionGap"
    },
    {
      "file": "apps/web/src/shared/ui/components.tsx",
      "line": 28,
      "tag": "Stack",
      "role": "pageHeader.actionsGap"
    },
    {
      "file": "apps/web/src/shared/ui/components.tsx",
      "line": 50,
      "tag": "Box",
      "role": "surface.bodyInsetAfterHeader"
    },
    {
      "file": "apps/web/src/shared/ui/components.tsx",
      "line": 50,
      "tag": "Box",
      "role": "surface.inset"
    },
    {
      "file": "apps/web/src/shared/ui/components.tsx",
      "line": 52,
      "tag": "Paper",
      "role": "page.sectionBefore"
    },
    {
      "file": "apps/web/src/shared/ui/components.tsx",
      "line": 52,
      "tag": "Paper",
      "role": "surface.sectionBefore"
    },
    {
      "file": "apps/web/src/shared/ui/components.tsx",
      "line": 52,
      "tag": "Paper",
      "role": "page.sectionAfter"
    },
    {
      "file": "apps/web/src/shared/ui/components.tsx",
      "line": 64,
      "tag": "Stack",
      "role": "surface.headerInset"
    },
    {
      "file": "apps/web/src/shared/ui/components.tsx",
      "line": 64,
      "tag": "Stack",
      "role": "surface.headerFlowGap"
    },
    {
      "file": "apps/web/src/shared/ui/components.tsx",
      "line": 64,
      "tag": "Typography",
      "role": "surface.titleDescriptionGap"
    },
    {
      "file": "apps/web/src/shared/ui/components.tsx",
      "line": 75,
      "tag": "Paper",
      "role": "surface.inset"
    },
    {
      "file": "apps/web/src/shared/ui/components.tsx",
      "line": 75,
      "tag": "Stack",
      "role": "stats.titleGap"
    },
    {
      "file": "apps/web/src/shared/ui/components.tsx",
      "line": 75,
      "tag": "Typography",
      "role": "stats.valueGap"
    },
    {
      "file": "apps/web/src/shared/ui/components.tsx",
      "line": 75,
      "tag": "Typography",
      "role": "stats.noteGap"
    },
    {
      "file": "apps/web/src/shared/ui/components.tsx",
      "line": 79,
      "tag": "Box",
      "role": "stats.gutter"
    },
    {
      "file": "apps/web/src/shared/ui/components.tsx",
      "line": 79,
      "tag": "Box",
      "role": "stats.afterGap"
    },
    {
      "file": "apps/web/src/shared/ui/components.tsx",
      "line": 98,
      "tag": "Stack",
      "role": "code.inlineGap"
    },
    {
      "file": "apps/web/src/shared/ui/components.tsx",
      "line": 129,
      "tag": "Typography",
      "role": "table.mobileHintInset"
    },
    {
      "file": "apps/web/src/shared/ui/components.tsx",
      "line": 141,
      "tag": "Stack",
      "role": "empty.contentGap"
    },
    {
      "file": "apps/web/src/shared/ui/components.tsx",
      "line": 141,
      "tag": "Stack",
      "role": "empty.insetBlock"
    },
    {
      "file": "apps/web/src/shared/ui/components.tsx",
      "line": 141,
      "tag": "Stack",
      "role": "empty.insetInline"
    },
    {
      "file": "apps/web/src/shared/ui/components.tsx",
      "line": 157,
      "tag": "Stack",
      "role": "query.stateGap"
    },
    {
      "file": "apps/web/src/shared/ui/components.tsx",
      "line": 157,
      "tag": "Stack",
      "role": "query.sectionPending"
    },
    {
      "file": "apps/web/src/shared/ui/components.tsx",
      "line": 164,
      "tag": "Alert",
      "role": "notice.afterGap"
    },
    {
      "file": "apps/web/src/shared/ui/components.tsx",
      "line": 165,
      "tag": "Alert",
      "role": "notice.afterGap"
    },
    {
      "file": "apps/web/src/shared/ui/components.tsx",
      "line": 165,
      "tag": "LinearProgress",
      "role": "notice.contentGap"
    },
    {
      "file": "apps/web/src/shared/ui/components.tsx",
      "line": 197,
      "tag": "Alert",
      "role": "notice.afterGap"
    },
    {
      "file": "apps/web/src/shared/ui/components.tsx",
      "line": 197,
      "tag": "Typography",
      "role": "notice.contentGap"
    },
    {
      "file": "apps/web/src/shared/ui/components.tsx",
      "line": 202,
      "tag": "Typography",
      "role": "notice.contentGap"
    },
    {
      "file": "apps/web/src/shared/ui/components.tsx",
      "line": 233,
      "tag": "Stack",
      "role": "toolbar.inset"
    },
    {
      "file": "apps/web/src/shared/ui/components.tsx",
      "line": 233,
      "tag": "Stack",
      "role": "toolbar.controlGap"
    },
    {
      "file": "apps/web/src/shared/ui/components.tsx",
      "line": 234,
      "tag": "Stack",
      "role": "toolbar.controlGap"
    },
    {
      "file": "apps/web/src/shared/ui/components.tsx",
      "line": 248,
      "tag": "Stack",
      "role": "pager.inset"
    },
    {
      "file": "apps/web/src/shared/ui/components.tsx",
      "line": 248,
      "tag": "Stack",
      "role": "pager.actionsGap"
    },
    {
      "file": "apps/web/src/shared/ui/components.tsx",
      "line": 260,
      "tag": "Stack",
      "role": "lookup.loadMoreRow"
    },
    {
      "file": "apps/web/src/shared/ui/components.tsx",
      "line": 430,
      "tag": "DialogContent",
      "role": "dialog.inset"
    },
    {
      "file": "apps/web/src/shared/ui/components.tsx",
      "line": 430,
      "tag": "Typography",
      "role": "dialog.descriptionAfterGap"
    },
    {
      "file": "apps/web/src/shared/ui/components.tsx",
      "line": 430,
      "tag": "DialogActions",
      "role": "dialog.actionsInset"
    },
    {
      "file": "apps/web/src/shared/ui/components.tsx",
      "line": 430,
      "tag": "DialogActions",
      "role": "dialog.actionsGap"
    },
    {
      "file": "apps/web/src/shared/ui/components.tsx",
      "line": 438,
      "tag": "DialogContent",
      "role": "dialog.inset"
    },
    {
      "file": "apps/web/src/shared/ui/components.tsx",
      "line": 439,
      "tag": "DialogActions",
      "role": "dialog.actionsInset"
    },
    {
      "file": "apps/web/src/shared/ui/components.tsx",
      "line": 439,
      "tag": "DialogActions",
      "role": "dialog.actionsGap"
    },
    {
      "file": "apps/web/src/shared/ui/components.tsx",
      "line": 445,
      "tag": "Alert",
      "role": "notice.afterGap"
    },
    {
      "file": "apps/web/src/shared/ui/components.tsx",
      "line": 472,
      "tag": "Stack",
      "role": "detail.valueGap"
    },
    {
      "file": "apps/web/src/shared/ui/components.tsx",
      "line": 472,
      "tag": "Stack",
      "role": "detail.rowInsetBlock"
    },
    {
      "file": "apps/web/src/shared/ui/composition.tsx",
      "line": 31,
      "tag": "Stack",
      "role": "form.fieldGap"
    },
    {
      "file": "apps/web/src/shared/ui/composition.tsx",
      "line": 31,
      "tag": "Stack",
      "role": "composition.childBoundaries"
    },
    {
      "file": "apps/web/src/shared/ui/composition.tsx",
      "line": 31,
      "tag": "Stack",
      "role": "surface.inset"
    },
    {
      "file": "apps/web/src/shared/ui/composition.tsx",
      "line": 31,
      "tag": "Stack",
      "role": "surface.sectionBefore"
    },
    {
      "file": "apps/web/src/shared/ui/composition.tsx",
      "line": 31,
      "tag": "Stack",
      "role": "page.sectionAfter"
    },
    {
      "file": "apps/web/src/shared/ui/composition.tsx",
      "line": 32,
      "tag": "Stack",
      "role": "form.fieldGap"
    },
    {
      "file": "apps/web/src/shared/ui/composition.tsx",
      "line": 32,
      "tag": "Stack",
      "role": "composition.childBoundaries"
    },
    {
      "file": "apps/web/src/shared/ui/composition.tsx",
      "line": 32,
      "tag": "Stack",
      "role": "surface.inset"
    },
    {
      "file": "apps/web/src/shared/ui/composition.tsx",
      "line": 32,
      "tag": "Stack",
      "role": "surface.sectionBefore"
    },
    {
      "file": "apps/web/src/shared/ui/composition.tsx",
      "line": 32,
      "tag": "Stack",
      "role": "page.sectionAfter"
    },
    {
      "file": "apps/web/src/shared/ui/composition.tsx",
      "line": 37,
      "tag": "Stack",
      "role": "form.inlineGap"
    },
    {
      "file": "apps/web/src/shared/ui/composition.tsx",
      "line": 37,
      "tag": "Stack",
      "role": "composition.childBoundaries"
    },
    {
      "file": "apps/web/src/shared/ui/composition.tsx",
      "line": 37,
      "tag": "Stack",
      "role": "toolbar.inset"
    },
    {
      "file": "apps/web/src/shared/ui/composition.tsx",
      "line": 46,
      "tag": "Stack",
      "role": "surface.contentGap"
    },
    {
      "file": "apps/web/src/shared/ui/composition.tsx",
      "line": 46,
      "tag": "Stack",
      "role": "composition.childBoundaries"
    },
    {
      "file": "apps/web/src/shared/ui/composition.tsx",
      "line": 46,
      "tag": "Stack",
      "role": "surface.inset"
    },
    {
      "file": "apps/web/src/shared/ui/composition.tsx",
      "line": 46,
      "tag": "Stack",
      "role": "surface.compactInset"
    },
    {
      "file": "apps/web/src/shared/ui/composition.tsx",
      "line": 46,
      "tag": "Stack",
      "role": "surface.sectionBefore"
    },
    {
      "file": "apps/web/src/shared/ui/composition.tsx",
      "line": 46,
      "tag": "Stack",
      "role": "notice.afterGap"
    },
    {
      "file": "apps/web/src/shared/ui/composition.tsx",
      "line": 57,
      "tag": "Stack",
      "role": "actions.relatedLinksGap"
    },
    {
      "file": "apps/web/src/shared/ui/composition.tsx",
      "line": 57,
      "tag": "Stack",
      "role": "actions.inlineGap"
    },
    {
      "file": "apps/web/src/shared/ui/composition.tsx",
      "line": 57,
      "tag": "Stack",
      "role": "composition.childBoundaries"
    },
    {
      "file": "apps/web/src/shared/ui/composition.tsx",
      "line": 57,
      "tag": "Stack",
      "role": "surface.headerInset"
    },
    {
      "file": "apps/web/src/shared/ui/composition.tsx",
      "line": 57,
      "tag": "Stack",
      "role": "actions.beforeGap"
    },
    {
      "file": "apps/web/src/shared/ui/composition.tsx",
      "line": 57,
      "tag": "Stack",
      "role": "surface.sectionBefore"
    },
    {
      "file": "apps/web/src/shared/ui/composition.tsx",
      "line": 57,
      "tag": "Stack",
      "role": "detail.relatedContentGap"
    },
    {
      "file": "apps/web/src/shared/ui/composition.tsx",
      "line": 57,
      "tag": "Stack",
      "role": "page.sectionAfter"
    },
    {
      "file": "apps/web/src/shared/ui/composition.tsx",
      "line": 57,
      "tag": "Stack",
      "role": "notice.afterGap"
    },
    {
      "file": "apps/web/src/shared/ui/composition.tsx",
      "line": 62,
      "tag": "Stack",
      "role": "page.sectionGap"
    },
    {
      "file": "apps/web/src/shared/ui/composition.tsx",
      "line": 62,
      "tag": "Stack",
      "role": "composition.childBoundaries"
    },
    {
      "file": "apps/web/src/shared/ui/composition.tsx",
      "line": 62,
      "tag": "Stack",
      "role": "page.sectionBefore"
    },
    {
      "file": "apps/web/src/shared/ui/composition.tsx",
      "line": 74,
      "tag": "Box",
      "role": "grid.gutter"
    },
    {
      "file": "apps/web/src/shared/ui/composition.tsx",
      "line": 74,
      "tag": "Box",
      "role": "surface.contentGap"
    },
    {
      "file": "apps/web/src/shared/ui/composition.tsx",
      "line": 74,
      "tag": "Box",
      "role": "composition.childBoundaries"
    }
  ],
  "issues": [],
  "status": "PASS"
}
