✔ P10/P15 catch alias and neutral-wrapper duplicate insets through fragments and conditionals (613.966ms)
✔ P20 resolves shared composition identities through a barrel and const component aliases (357.171ms)
✔ P11/P13 catch static element access roles on every MUI surface, including Paper (363.5921ms)
✔ P12 checks React createElement and JSX-runtime element factories (314.5507ms)
✔ P14 resolves bodyMode literal aliases and fails closed when ownership is unknown (1158.1177ms)
✔ checks Panel ancestry when React elements are created natively (416.4758ms)
✔ keeps independent nested surfaces and portaled dialogs as separate owners (829.5239ms)
✔ accepts finite bodyMode branches and every mode in the public component contracts (1161.0944ms)
✔ stops inherited gap ownership at Panels and independent bordered surfaces (807.0903ms)
✔ tracks gaps through fragments, conditions and ready QueryState, but not inside DOM wrappers (416.0515ms)
✔ applies the same finite modes and wrapper boundaries to native React factories (765.4917ms)
✔ recognizes native outlined Paper and nested Box surface inset boundaries (788.778ms)
✔ fails closed when an unresolved custom wrapper obscures a semantic gap owner (425.2028ms)
✔ rejects unsupported placement and rhythm values while accepting finite aliases and branches (785.7059ms)
✔ rejects unsupported finite values through React element factories (761.9493ms)
✔ accepts semantic composition, closed geometry and business-specific MUI primitives (7.8942ms)
✔ rejects rebuilding each shared spacing owner at a consumer (2.4669ms)
✔ follows aliases, local style variables, object spreads and namespace imports (1.3353ms)
✔ rejects direct and spread spacing overrides on semantic components (0.8398ms)
✔ rejects spacing or opaque spreads hidden in geometry (0.3873ms)
✔ allows the canonical owner implementation and fails closed on malformed source (1.2498ms)
✔ rejects duplicated parent boundary and duplicated Panel inset (0.8107ms)
✔ checks default MUI imports and fails closed for opaque geometry (0.5713ms)
✔ distinguishes content grids from flex flows when reporting the shared owner (0.5269ms)
✔ rejects page spacing for paired fields and peer Panels without a section gap owner (2.7894ms)
✔ related sibling gaps belong to ActionGroup comfortable density, not consumer Stack styles (0.7231ms)
✔ the shared catalog covers every public React component and supporting Column type (49.6656ms)
✔ every public React API has a direct rendered contract test (1.5513ms)
✔ catalog declaration lines and stated JSX counts match resolved source symbols (29.4084ms)
✔ every shared React export has a resolved production consumer or an explicit zero-use lifecycle decision (25.3662ms)
✔ required UI evidence and regression gates remain wired to root verify and the active parent workflow (4.413ms)
✔ composition prop allowlists match the TypeScript owners exactly (0.2614ms)
✔ QueryState uses only the approved inline and section pending profiles (0.3083ms)
✔ QueryState consumers reserve section loading for primary content and keep every other state inline by default (20.0201ms)
✔ body modes, placement roles and geometry keys match the TypeScript contracts (1.6998ms)
✔ Panel geometry and DataTable columns remain closed public contracts (5.9909ms)
✔ shared component and composition props expose no arbitrary layout/style escape hatch (0.2931ms)
✔ layout role types, runtime values, consumers and ownership documentation stay closed (3019.8585ms)
ℹ tests 38
ℹ suites 0
ℹ pass 38
ℹ fail 0
ℹ cancelled 0
ℹ skipped 0
ℹ todo 0
ℹ duration_ms 10525.701
