FE002.S01 exact Node/npm and package/peer baseline
Scope: FRONTEND_WITH_SYNTHETIC_MOCK_API
CWD: C:\Users\Joker-PC\Documents\Projects\Bot-AI-Ban-hang-FB\BotSalesAI_Frontend

Command: C:\Program Files\nodejs\node.exe --version
CWD: C:\Users\Joker-PC\Documents\Projects\Bot-AI-Ban-hang-FB\BotSalesAI_Frontend
Exit: 0
v24.19.0

Command: C:\Program Files\nodejs\node.exe C:\Program Files\nodejs\node_modules\npm\bin\npm-cli.js --version
CWD: C:\Users\Joker-PC\Documents\Projects\Bot-AI-Ban-hang-FB\BotSalesAI_Frontend
Exit: 0
11.17.0

Command: C:\Program Files\nodejs\node.exe C:\Program Files\nodejs\node_modules\npm\bin\npm-cli.js ls --depth=0
CWD: C:\Users\Joker-PC\Documents\Projects\Bot-AI-Ban-hang-FB\BotSalesAI_Frontend
Exit: 0
botsales-frontend@0.1.0 C:\Users\Joker-PC\Documents\Projects\Bot-AI-Ban-hang-FB\BotSalesAI_Frontend
├── @axe-core/playwright@4.10.2
├─┬ @botsales/web@0.1.0 -> .\apps\web
│ ├── @emotion/react@11.14.0
│ ├── @emotion/styled@11.14.1
│ ├── @hookform/resolvers@5.2.1
│ ├── @mui/icons-material@7.3.1
│ ├── @mui/material@7.3.1
│ ├── @tanstack/react-query@5.85.5
│ ├── @testing-library/jest-dom@6.8.0
│ ├── @testing-library/react@16.3.0
│ ├── @testing-library/user-event@14.6.1
│ ├── ajv-formats@3.0.1
│ ├── ajv@8.20.0
│ ├── i18next@25.4.2
│ ├── jsdom@26.1.0
│ ├── msw@2.11.1
│ ├── react-dom@19.1.1 deduped
│ ├── react-hook-form@7.62.0
│ ├── react-i18next@15.7.3
│ ├── react-router-dom@7.18.4
│ ├── react@19.1.1 deduped
│ ├── recharts@3.1.2
│ ├── vitest@5.0.3
│ └── zod@4.1.3
├── @eslint/js@9.34.0
├── @playwright/test@1.63.0
├── @types/node@24.3.0
├── @types/react-dom@19.1.9
├── @types/react@19.1.12
├── @vitejs/plugin-react@5.0.2
├── eslint-plugin-react-hooks@5.2.0
├── eslint@9.34.0
├── globals@16.3.0
├── react-dom@19.1.1
├── react@19.1.1
├── typescript-eslint@8.71.0
├── typescript@5.9.2
└── vite@7.3.6

.node-version: 24.19.0; actual Node: v24.19.0; packageManager: npm@11.17.0; actual npm: 11.17.0
Engine target: {'node': '>=24 <25', 'npm': '>=10'}; lockfileVersion: 3; workspace: ['apps/web']
Root npm manifest: 15 exact dev dependencies; lock root exact-match: yes.
Web npm manifest: 17 exact dependencies + 5 exact dev dependencies; lock workspace exact-match: yes.
Selected locked peer requirements:
  @mui/material@7.3.1 peerDependencies={"@emotion/react": "^11.5.0", "@emotion/styled": "^11.3.0", "@mui/material-pigment-css": "^7.3.1", "@types/react": "^17.0.0 || ^18.0.0 || ^19.0.0", "react": "^17.0.0 || ^18.0.0 || ^19.0.0", "react-dom": "^17.0.0 || ^18.0.0 || ^19.0.0"}
  @mui/icons-material@7.3.1 peerDependencies={"@mui/material": "^7.3.1", "@types/react": "^17.0.0 || ^18.0.0 || ^19.0.0", "react": "^17.0.0 || ^18.0.0 || ^19.0.0"}
  @tanstack/react-query@5.85.5 peerDependencies={"react": "^18 || ^19"}
  react-router-dom@7.18.4 peerDependencies={"react": ">=18", "react-dom": ">=18"}
  react-hook-form@7.62.0 peerDependencies={"react": "^16.8.0 || ^17 || ^18 || ^19"}
  i18next@25.4.2 peerDependencies={"typescript": "^5"}
  msw@2.11.1 peerDependencies={"typescript": ">= 4.8.x"}
Peer resolution evidence: npm ls --depth=0 exits 0; React/ReactDOM are deduped at 19.1.1; no invalid/missing/extraneous dependency was reported.
Initial harness failure: S01-helper-shell-resolution-initial-failure-20261007.log; cmd.exe could not resolve npm.cmd from the Python child environment. The actual npm CLI was then resolved and run by absolute executable paths; no product install failed.
Decision: keep the existing React 19 / MUI 7 / TanStack Query 5 / React Router 7 / RHF 7 / Zod 4 / MSW 2 / TypeScript 5 stack. Exact locked peer ranges admit React 19 and TypeScript 5; no compatibility failure supports a version/major change.
