{
  "executedAt": "2026-10-08T23:26:41.616Z",
  "taskId": "FE002",
  "stepId": "S05",
  "facts": [
    {
      "name": "Canonical task criteria",
      "action": "Kiểm npm ci trên thư mục thử sạch chứa đúng manifest/lock, giữ workspace đang làm; ghi toolchain hashes.",
      "verification": "Cold install tái lập; không đè user changes hoặc nhận React build PASS chỉ vì install. Ghi command/cwd/exit code, expected/observed, log/hash và source snapshot thực. Scope FRONTEND_WITH_SYNTHETIC_MOCK_API; không dùng kết quả prototype hoặc backend chưa chạy."
    },
    {
      "name": "Current task contract/source ownership",
      "routes": [],
      "operationIds": [],
      "crosswalk": {
        "operations": 210,
        "files": 71,
        "calls": 222,
        "unresolved": 0
      }
    },
    {
      "name": "Named executed owner behavior",
      "scope": "owner suite",
      "cases": [
        "F01 preserves a customer draft, compares three snapshots, and PATCHes only chosen changes",
        "F01 requires an explicit choice for a field changed by both editors",
        "F06 detects an order draft and blocks navigation until explicit discard",
        "F02 retains an unsaved product image through an unrelated refetch",
        "F03 retains notification-policy inputs through a background resync and navigation",
        "F05 keeps text typed while a previous internal note is pending",
        "F08 validates 4001 customer-note characters at the field and accepts 4000",
        "F07 routes the fulfillment footer close through the shared discard guard",
        "F09 refreshes new Inbox messages without refetching the visible product and stock snapshots",
        "F01 shop settings merges a server-only locale change and preserves edits typed during save",
        "F03 privacy policy preserves refetch drafts and compares before applying the newest version",
        "F01 category keeps a late edit after saving, and reopens with a clean current baseline",
        "F01 supplier preserves a concurrent server-only term and PATCHes the local name",
        "F08 customer update enforces 4000/4001 before HTTP and retains a 422 draft",
        "F05 keeps mode changes and unknown sends, locks another send, and observes recovery-registry completion",
        "F01 order editor keeps its original version and compares whole line lists before PATCH",
        "F06 guards added order rows, shop switch, logout and native reload; successful creation leaves no false guard",
        "F01 analogous return-inspection draft does not adopt a refetched version without comparison",
        "F01 comparison supports keyboard choices, server changes again, axe and 320px reflow with long content",
        "F08 privacy bounds reject invalid days and long jurisdiction before HTTP",
        "F06 order custom close respects the draft guard and busy editors remain protected",
        "demo conditional module requests return complete exports without changing live or non-asset caching",
        "demo startup explains the required setup when the browser blocks Service Workers"
      ],
      "executions": 46,
      "assertionInventory": [
        {
          "file": "tests/frontend-corrections.spec.ts",
          "sha256": "c4566d11bd0da0fedbb3af885936c6a80a2669350e8a9a17a76f0449b7f30f90",
          "cases": [
            {
              "title": "F01 preserves a customer draft, compares three snapshots, and PATCHes only chosen changes",
              "line": 18,
              "assertions": [
                "expect(name).toHaveValue('Linh (khách mẫu)')",
                "expect((await mutate(page, 'customers/c1', { notes: 'Concurrent server note' }, 'PATCH', current.version)).status).toBe(200)",
                "expect(name).toHaveValue('Local draft')",
                "expect(notes).toHaveValue(originalNotes)",
                "expect(dialog).toBeVisible()",
                "expect(dialog.getByText('Concurrent server note', { exact: true })).toBeVisible()",
                "expect(notes).toHaveValue('Concurrent server note')",
                "expect(request.headers()['if-match']).toBe(`\"${current.version + 1}\"`)",
                "expect(request.postDataJSON()).toEqual({ displayName: 'Local draft' })",
                "expect(page.getByRole('heading', { name: 'Local draft', exact: true })).toBeVisible()",
                "expect(stored.notes).toBe('Concurrent server note')"
              ],
              "projects": [
                "chromium",
                "firefox"
              ]
            },
            {
              "title": "F01 requires an explicit choice for a field changed by both editors",
              "line": 46,
              "assertions": [
                "expect(page.getByLabel('Tên khách hàng', { exact: true })).toHaveValue('Linh (khách mẫu)')",
                "expect((await mutate(page, 'customers/c1', { displayName: 'Theirs' }, 'PATCH', 1)).status).toBe(200)",
                "expect(page.getByRole('button', { name: 'Đối chiếu', exact: true })).toBeVisible()",
                "expect(apply).toBeDisabled()",
                "expect(apply).toBeEnabled()",
                "expect(page.getByLabel('Tên khách hàng', { exact: true })).toHaveValue('Mine')"
              ],
              "projects": [
                "chromium",
                "firefox"
              ]
            },
            {
              "title": "F06 detects an order draft and blocks navigation until explicit discard",
              "line": 62,
              "assertions": [
                "expect(warning).toBeVisible()",
                "expect(page.getByLabel('Ghi chú chuẩn bị')).toHaveValue('Keep this order draft')",
                "expect(page).toHaveURL(/\\/orders$/)"
              ],
              "projects": [
                "chromium",
                "firefox"
              ]
            },
            {
              "title": "F02 retains an unsaved product image through an unrelated refetch",
              "line": 75,
              "assertions": [
                "expect(page.getByLabel('Tên sản phẩm')).toHaveValue('Áo mẫu A')",
                "expect(page.getByText('1 tệp được gắn với sản phẩm', { exact: true })).toBeVisible()",
                "expect(page.getByText('1 tệp được gắn với sản phẩm', { exact: true })).toBeVisible()",
                "expect(page.getByRole('dialog', { name: 'Rời màn hình chưa lưu?', exact: true })).toBeVisible()"
              ],
              "projects": [
                "chromium",
                "firefox"
              ]
            },
            {
              "title": "F03 retains notification-policy inputs through a background resync and navigation",
              "line": 87,
              "assertions": [
                "expect(minutes).toHaveValue('')",
                "expect(minutes).toHaveValue('17')",
                "expect(page.getByRole('dialog', { name: 'Rời màn hình chưa lưu?', exact: true })).toBeVisible()"
              ],
              "projects": [
                "chromium",
                "firefox"
              ]
            },
            {
              "title": "F05 keeps text typed while a previous internal note is pending",
              "line": 98,
              "assertions": [
                "expect(text).toHaveValue(submittedText)",
                "expect(submittedResponse.status()).toBe(201)",
                "expect((await submittedResponse.json()).data.text).toBe(submittedText)",
                "expect(page.getByRole('button', { name: 'Lưu ghi chú', exact: true })).toBeEnabled()",
                "expect(text).toHaveValue('Typed next while pending')"
              ],
              "projects": [
                "chromium",
                "firefox"
              ]
            },
            {
              "title": "F08 validates 4001 customer-note characters at the field and accepts 4000",
              "line": 113,
              "assertions": [
                "expect(dialog.getByText('Ghi chú không được vượt quá 4.000 ký tự.', { exact: true })).toBeVisible()",
                "expect(posted).toBe(false)",
                "expect(dialog.getByText('Ghi chú không được vượt quá 4.000 ký tự.', { exact: true })).toBeVisible()",
                "expect(posted).toBe(false)",
                "expect(created.status()).toBe(201)",
                "expect(payload.data.notes).toBe('a'.repeat(4000))",
                "expect(page).toHaveURL(demoUrl + '/s/shop-demo/customers/' + payload.data.id)",
                "expect(unicodeCreated.status()).toBe(201)",
                "expect(unicodePayload.data.notes).toBe('😀'.repeat(4000))",
                "expect(page).toHaveURL(demoUrl + '/s/shop-demo/customers/' + unicodePayload.data.id)"
              ],
              "projects": [
                "chromium",
                "firefox"
              ]
            },
            {
              "title": "F07 routes the fulfillment footer close through the shared discard guard",
              "line": 147,
              "assertions": [
                "expect(warning).toBeVisible()",
                "expect(dialog.getByLabel('Nhập/quét SKU thực tế')).toHaveValue('Unsaved scan')"
              ],
              "projects": [
                "chromium",
                "firefox"
              ]
            },
            {
              "title": "F09 refreshes new Inbox messages without refetching the visible product and stock snapshots",
              "line": 161,
              "assertions": [
                "expect(page.getByRole('table', { name: 'Nguồn giá và tồn trong hộp thư', exact: true })).toBeVisible()",
                "expect(page.getByText('Synthetic normal SSE message', { exact: true })).toBeVisible()",
                "expect(requests.filter(path => /\\/(products|inventory\\/snapshots|customers|orders|shipments|service-cases)(\\/|$)/.test(path))).toEqual([])"
              ],
              "projects": [
                "chromium",
                "firefox"
              ]
            },
            {
              "title": "F01 shop settings merges a server-only locale change and preserves edits typed during save",
              "line": 191,
              "assertions": [
                "expect(name).not.toHaveValue('')",
                "expect(changed).toBe(200)",
                "expect(page.getByLabel('Ngôn ngữ', { exact: true })).toHaveValue('en-US')",
                "expect((await sent).postDataJSON()).toEqual({ name: 'Submitted shop' })",
                "expect(page.getByRole('button', { name: 'Lưu cấu hình', exact: true })).toBeEnabled()",
                "expect(name).toHaveValue('Typed later shop')",
                "expect(page.getByRole('dialog', { name: 'Rời màn hình chưa lưu?', exact: true })).toBeVisible()"
              ],
              "projects": [
                "chromium",
                "firefox"
              ]
            },
            {
              "title": "F03 privacy policy preserves refetch drafts and compares before applying the newest version",
              "line": 217,
              "assertions": [
                "expect((await mutate(page, 'privacy/policy', { jurisdictionNote: 'Synthetic server jurisdiction' }, 'PATCH', current.version)).status).toBe(200)",
                "expect(days).toHaveValue('180')",
                "expect(page.getByLabel('Căn cứ / thị trường áp dụng')).toHaveValue('Synthetic server jurisdiction')",
                "expect(request.postDataJSON()).toEqual({ chatRetentionDays: 180 })",
                "expect(request.headers()['if-match']).toBe(`\"${current.version + 1}\"`)"
              ],
              "projects": [
                "chromium",
                "firefox"
              ]
            },
            {
              "title": "F01 category keeps a late edit after saving, and reopens with a clean current baseline",
              "line": 234,
              "assertions": [
                "expect(name).toBeEnabled()",
                "expect(dialog.getByRole('button', { name: 'Lưu', exact: true })).toBeEnabled()",
                "expect(dialog).toBeVisible()",
                "expect(name).toHaveValue('Late category')",
                "expect(dialog).not.toBeVisible()",
                "expect(name).toHaveValue('Submitted category')",
                "expect(dialog).not.toBeVisible()"
              ],
              "projects": [
                "chromium",
                "firefox"
              ]
            },
            {
              "title": "F01 supplier preserves a concurrent server-only term and PATCHes the local name",
              "line": 255,
              "assertions": [
                "expect(dialog.getByLabel('Tên nhà cung cấp', { exact: true })).toBeEnabled()",
                "expect((await mutate(page, 'suppliers/' + current.id, { expectedVersion: current.version, paymentTerms: 'Concurrent terms' }, 'PATCH', current.version)).status).toBe(200)",
                "expect(dialog.getByLabel('Điều kiện thanh toán', { exact: true })).toHaveValue('Concurrent terms')",
                "expect((await sent).postDataJSON()).toEqual({ expectedVersion: current.version + 1, name: 'Local supplier' })",
                "expect(dialog).not.toBeVisible()"
              ],
              "projects": [
                "chromium",
                "firefox"
              ]
            },
            {
              "title": "F08 customer update enforces 4000/4001 before HTTP and retains a 422 draft",
              "line": 272,
              "assertions": [
                "expect(page.getByText('Ghi chú không được vượt quá 4.000 ký tự.', { exact: true })).toBeVisible()",
                "expect(writes).toBe(0)",
                "expect((await rejected).status()).toBe(422)",
                "expect(notes).toHaveValue('b'.repeat(4000))",
                "expect(page.getByText('Ghi chú không được vượt quá 4.000 ký tự.', { exact: true })).toBeVisible()",
                "expect(writes).toBe(previousWrites)",
                "expect((await unicodeRejected).status()).toBe(422)",
                "expect(notes).toHaveValue('😀'.repeat(4000))",
                "expect((await accepted).status()).toBe(200)",
                "expect(notes).toHaveValue('😀'.repeat(4000))",
                "expect(await page.evaluate(async () => (await (await fetch('/api/v2/shops/shop-demo/customers/c1')).json()).data.notes)).toBe('😀'.repeat(4000))"
              ],
              "projects": [
                "chromium",
                "firefox"
              ]
            },
            {
              "title": "F05 keeps mode changes and unknown sends, locks another send, and observes recovery-registry completion",
              "line": 300,
              "assertions": [
                "expect(page.getByLabel('Nội dung trả lời khách')).toHaveValue('Mode switched while pending')",
                "expect((await unknown).status()).toBe(503)",
                "expect(page.getByRole('button', { name: 'Lưu ghi chú', exact: true })).toBeDisabled()",
                "expect(page.getByRole('button', { name: 'Lưu ghi chú', exact: true })).toBeDisabled()",
                "expect(page.getByRole('button', { name: 'Lưu ghi chú', exact: true })).toBeEnabled()",
                "expect(page.getByLabel('Ghi chú cho nhóm')).toHaveValue('Retained unknown draft')"
              ],
              "projects": [
                "chromium",
                "firefox"
              ]
            },
            {
              "title": "F01 order editor keeps its original version and compares whole line lists before PATCH",
              "line": 326,
              "assertions": [
                "expect(current).toBeTruthy()",
                "expect((await mutate(page, 'orders/' + current.id, { warehouseId: 'warehouse-02' }, 'PATCH', current.version)).status).toBe(200)",
                "expect(comparison.getByRole('combobox', { name: /^Chọn dữ liệu: Dòng đơn hàng/ })).toBeVisible()",
                "expect(editor.getByLabel('Mã kho xuất')).toHaveValue('warehouse-02')",
                "expect(request.postDataJSON()).toEqual({ notes: 'Local order note' })",
                "expect(request.headers()['if-match']).toBe(`\"${current.version + 1}\"`)",
                "expect(editor).not.toBeVisible()"
              ],
              "projects": [
                "chromium",
                "firefox"
              ]
            },
            {
              "title": "F06 guards added order rows, shop switch, logout and native reload; successful creation leaves no false guard",
              "line": 345,
              "assertions": [
                "expect(await page.evaluate(async () => (await fetch('/api/v2/session')).status)).toBe(200)",
                "expect(warning).toBeVisible()",
                "expect(warning).toBeVisible()",
                "expect(browserDialog.type()).toBe('beforeunload')",
                "expect(page.getByLabel('Sản phẩm 2', { exact: true })).toBeVisible()",
                "expect(response.status(), JSON.stringify(payload)).toBe(201)",
                "expect(page).toHaveURL(demoUrl + '/s/shop-demo/orders/' + payload.data.id)",
                "expect(warning).not.toBeVisible()"
              ],
              "projects": [
                "chromium",
                "firefox"
              ]
            },
            {
              "title": "F01 analogous return-inspection draft does not adopt a refetched version without comparison",
              "line": 370,
              "assertions": [
                "expect(created.status, JSON.stringify(created.payload)).toBe(201)",
                "expect(editor.getByLabel('Ghi nhận kiểm tra')).toBeVisible()",
                "expect(comparison.getByRole('button', { name: 'Áp dụng vào bản nháp' })).toBeDisabled()",
                "expect((await sent).postDataJSON()).toMatchObject({ expectedVersion: created.payload.data.version + 1, lines: [{ reason: 'Local physical inspection' }] })",
                "expect(editor).not.toBeVisible()"
              ],
              "projects": [
                "chromium",
                "firefox"
              ]
            },
            {
              "title": "F01 comparison supports keyboard choices, server changes again, axe and 320px reflow with long content",
              "line": 394,
              "assertions": [
                "expect((await mutate(page, 'customers/c1', { displayName: 'Server second', notes: 'LongContent'.repeat(350) }, 'PATCH', 1)).status).toBe(200)",
                "expect(comparison.getByRole('button', { name: 'Áp dụng vào bản nháp' })).toBeEnabled()",
                "expect((await mutate(page, 'customers/c1', { displayName: 'Server third' }, 'PATCH', 2)).status).toBe(200)",
                "expect(comparison.getByText('Server third', { exact: true })).toBeVisible()",
                "expect(comparison.getByRole('button', { name: 'Áp dụng vào bản nháp' })).toBeDisabled()",
                "expect.poll(() => comparison.evaluate(element => {\r\n        for (let current: Element | null = element; current; current = current.parentElement)\r\n            if (Number(getComputedStyle(current).opacity) !== 1) return false;\r\n        return true;\r\n    })).toBe(true)",
                "expect.poll(() => comparison.evaluate(element => {\r\n        for (let current: Element | null = element; current; current = current.parentElement)\r\n            if (Number(getComputedStyle(current).opacity) !== 1) return false;\r\n        return true;\r\n    }))",
                "expect(accessibility.violations).toEqual([])",
                "expect(geometry.width).toBeLessThanOrEqual(320)",
                "expect(geometry.scrollWidth).toBeLessThanOrEqual(geometry.clientWidth + 1)",
                "expect(comparison).not.toBeVisible()",
                "expect(page.getByLabel('Tên khách hàng', { exact: true })).toHaveValue('Mine')"
              ],
              "projects": [
                "chromium",
                "firefox"
              ]
            },
            {
              "title": "F08 privacy bounds reject invalid days and long jurisdiction before HTTP",
              "line": 423,
              "assertions": [
                "expect(days).toHaveAttribute('aria-invalid', 'true')",
                "expect(page.getByRole('button', { name: 'Lưu bản nháp chính sách', exact: true })).toBeDisabled()",
                "expect(note).toHaveAttribute('aria-invalid', 'true')",
                "expect(page.getByRole('button', { name: 'Lưu bản nháp chính sách', exact: true })).toBeDisabled()",
                "expect(writes).toEqual([])",
                "expect((await saved).status()).toBe(200)",
                "expect(writes).toHaveLength(1)",
                "expect(note).toHaveAttribute('aria-invalid', 'true')",
                "expect(page.getByRole('button', { name: 'Lưu bản nháp chính sách', exact: true })).toBeDisabled()",
                "expect(writes).toHaveLength(1)",
                "expect(page.getByRole('button', { name: 'Lưu bản nháp chính sách', exact: true })).toBeEnabled()",
                "expect(response.status()).toBe(200)",
                "expect((await response.json()).data.jurisdictionNote).toBe('😀'.repeat(length))",
                "expect(writes).toHaveLength(index + 2)",
                "expect(note).toHaveValue('😀'.repeat(length))",
                "expect(page.getByRole('button', { name: 'Lưu bản nháp chính sách', exact: true })).toBeDisabled()"
              ],
              "projects": [
                "chromium",
                "firefox"
              ]
            },
            {
              "title": "F06 order custom close respects the draft guard and busy editors remain protected",
              "line": 448,
              "assertions": [
                "expect(warning).toBeVisible()",
                "expect(editor.getByLabel('Ghi chú chuẩn bị')).toHaveValue('Unsaved order close')",
                "expect(editor.getByRole('button', { name: 'Đóng chỉnh sửa', exact: true })).toBeDisabled()",
                "expect(editor).toBeVisible()",
                "expect(editor.getByLabel('Ghi chú chuẩn bị')).toHaveValue('Late order change')"
              ],
              "projects": [
                "chromium",
                "firefox"
              ]
            }
          ]
        },
        {
          "file": "tests/session/demo-worker-startup.spec.ts",
          "sha256": "3aaf76a0c4be00fbdfd18197a3981cdd05f10f3757f79c88daba486f8395cc30",
          "cases": [
            {
              "title": "demo conditional module requests return complete exports without changing live or non-asset caching",
              "line": 17,
              "assertions": [
                "expect(initial.status()).toBe(200)",
                "expect(etag).toBeTruthy()",
                "expect(conditional.status()).toBe(200)",
                "expect(await conditional.text()).toContain('API_BASE_PATH')",
                "expect(nonAsset.status()).toBe(304)",
                "expect(head.status()).toBe(304)",
                "expect(styleInitial.status()).toBe(200)",
                "expect(styleConditional.status()).toBe(200)",
                "expect(await styleConditional.text()).toBe(await styleInitial.text())",
                "expect(liveInitial.status()).toBe(200)",
                "expect(liveConditional.status()).toBe(304)",
                "expect((await moduleResponse).status()).toBe(200)",
                "expect(page.getByRole('navigation', { name: 'Điều hướng chính' })).toBeVisible()",
                "expect.poll(() => page.evaluate(() => Boolean(navigator.serviceWorker.controller))).toBe(true)",
                "expect.poll(() => page.evaluate(() => Boolean(navigator.serviceWorker.controller)))",
                "expect(page.locator('main h1')).toBeVisible()",
                "expect(errors).toEqual([])"
              ],
              "projects": [
                "chromium",
                "firefox"
              ]
            },
            {
              "title": "demo startup explains the required setup when the browser blocks Service Workers",
              "line": 80,
              "assertions": [
                "expect(page.getByRole('heading', { name: 'Chưa khởi động được ứng dụng', exact: true })).toBeVisible()",
                "expect(page.getByText(/Chạy npm run setup để tạo service worker mô phỏng/)).toBeVisible()",
                "expect(page.getByRole('navigation', { name: 'Điều hướng chính' })).toHaveCount(0)",
                "expect(page.getByText('Dữ liệu mô phỏng', { exact: true })).toHaveCount(0)"
              ],
              "projects": [
                "chromium",
                "firefox"
              ]
            }
          ]
        }
      ]
    },
    {
      "name": "Current shared dependency regressions",
      "unit": 175,
      "domain": 88,
      "sourceMap": 16,
      "browser": 614,
      "builtArtifact": 6,
      "limits": "Counts describe distinct suites; they are not added into a checkpoint percentage. Owner case and source checks above are required independently."
    },
    {
      "name": "Executed unit owners",
      "owners": [
        {
          "file": "apps/web/tests/versioned-draft.test.tsx",
          "sha256": "664d2c84a48ed012aee2039b70cd322fa63186e254b5cd246f86edc803b81ee8",
          "cases": [
            "F01/F02/F03 keeps the baseline version and draft across unrelated and conflicting server changes",
            "F01 requires choices for both-side changes and treats arrays as one field",
            "F01 rejects outdated comparison choices when the server changes again",
            "F01 removes newly hidden fields from comparison and outgoing patches",
            "F05-style save completion preserves edits made after submission and commits the authoritative version",
            "fingerprints ignore object key order but preserve array order, null and empty values",
            "F01 releases a dismissed editor baseline before reopening the same resource with newer data"
          ]
        },
        {
          "file": "apps/web/tests/command-lifetime.test.tsx",
          "sha256": "9c85b3fedbb57f9169f878112a0494121532be434b4a8fd1165955c61d36e2f5",
          "cases": [
            "F04 rejects a retained execute function from a previous scope before HTTP",
            "F04 does not report success when the scope closes while authoritative cache refresh is pending",
            "F04 rejects a pre-aborted execution without sending or recording an unknown mutation",
            "F04 only completes after authoritative success while the StrictMode scope remains alive"
          ]
        },
        {
          "file": "apps/web/tests/scope-events.test.tsx",
          "sha256": "5cea51724d2f1ca1c1d34325b7b310e57ff35754510452117e20329f301bb622",
          "cases": [
            "F09 narrows identified Inbox events and ignores duplicate/out-of-order/foreign-shop events",
            "F09 revocation closes the stream and refreshes the session even when its sequence is old",
            "F09 rejects callbacks from a disposed stream after shop/permission changes or unmount"
          ]
        }
      ],
      "limit": "Literal owner titles bind actual verbose output; parameterized cases remain covered by the whole 175-case run, without inventing separate executions."
    },
    {
      "name": "Compiled width behavior",
      "routeObservations": 216,
      "focusedCases": 30,
      "artifact": "built-shared-review.json",
      "limit": "Actual compiled geometry/axe/keyboard; counts remain separate from full browser suite."
    },
    {
      "name": "Current environment executions",
      "runs": [
        {
          "executable": "C:\\Program Files\\nodejs\\node.exe",
          "args": [
            "C:\\Program Files\\nodejs\\node_modules\\npm\\bin\\npm-cli.js",
            "--version"
          ],
          "cwd": "C:\\Users\\Joker-PC\\Documents\\Projects\\Bot-AI-Ban-hang-FB\\BotSalesAI_Frontend",
          "startedAt": "2026-10-08T18:13:42.974Z",
          "finishedAt": "2026-10-08T18:13:43.085Z",
          "exitCode": 0,
          "log": {
            "path": "BotSalesAI_Frontend/evidence/frontend-shared-consolidation-20261009/environment-1.log",
            "sha256": "a38e383f1e9080b0dd9001481f6e56b341000de90a05061b66734350ad3adc41"
          }
        },
        {
          "executable": "C:\\Program Files\\nodejs\\node.exe",
          "args": [
            "C:\\Program Files\\nodejs\\node_modules\\npm\\bin\\npm-cli.js",
            "ls",
            "--all"
          ],
          "cwd": "C:\\Users\\Joker-PC\\Documents\\Projects\\Bot-AI-Ban-hang-FB\\BotSalesAI_Frontend",
          "startedAt": "2026-10-08T18:13:43.085Z",
          "finishedAt": "2026-10-08T18:13:47.638Z",
          "exitCode": 0,
          "log": {
            "path": "BotSalesAI_Frontend/evidence/frontend-shared-consolidation-20261009/environment-2.log",
            "sha256": "1547b4c816afc52c63f9396fcf38087f3d190d889196fe40de8c42207bdeffb6"
          }
        },
        {
          "executable": "C:\\Program Files\\nodejs\\node.exe",
          "args": [
            "C:\\Program Files\\nodejs\\node_modules\\npm\\bin\\npm-cli.js",
            "ls",
            "--depth=0"
          ],
          "cwd": "C:\\Users\\Joker-PC\\Documents\\Projects\\Bot-AI-Ban-hang-FB\\BotSalesAI_Frontend",
          "startedAt": "2026-10-08T18:13:47.638Z",
          "finishedAt": "2026-10-08T18:13:48.168Z",
          "exitCode": 0,
          "log": {
            "path": "BotSalesAI_Frontend/evidence/frontend-shared-consolidation-20261009/environment-3.log",
            "sha256": "54546d1da9b9138f547b3b83579f2a78252b40e620edf3862dbdc0ac1c9ff621"
          }
        },
        {
          "executable": "C:\\Program Files\\nodejs\\node.exe",
          "args": [
            "C:\\Program Files\\nodejs\\node_modules\\npm\\bin\\npm-cli.js",
            "run",
            "setup"
          ],
          "cwd": "C:\\Users\\Joker-PC\\Documents\\Projects\\Bot-AI-Ban-hang-FB\\BotSalesAI_Frontend",
          "startedAt": "2026-10-08T18:13:48.168Z",
          "finishedAt": "2026-10-08T18:13:48.687Z",
          "exitCode": 0,
          "log": {
            "path": "BotSalesAI_Frontend/evidence/frontend-shared-consolidation-20261009/environment-4.log",
            "sha256": "3b1ccbc2700f36f6dacf53468a0310dc9146402bba7e3458b71ea760c6019177"
          }
        },
        {
          "executable": "C:\\Program Files\\nodejs\\node.exe",
          "args": [
            "C:\\Program Files\\nodejs\\node_modules\\npm\\bin\\npm-cli.js",
            "run",
            "doctor"
          ],
          "cwd": "C:\\Users\\Joker-PC\\Documents\\Projects\\Bot-AI-Ban-hang-FB\\BotSalesAI_Frontend",
          "startedAt": "2026-10-08T18:13:48.687Z",
          "finishedAt": "2026-10-08T18:13:48.892Z",
          "exitCode": 0,
          "log": {
            "path": "BotSalesAI_Frontend/evidence/frontend-shared-consolidation-20261009/environment-5.log",
            "sha256": "672964dbb21e82e121d2af5d557c6560d07f6fcdea96a2be8052b7f46d0f2d1c"
          }
        },
        {
          "executable": "C:\\Program Files\\nodejs\\node.exe",
          "args": [
            "C:\\Program Files\\nodejs\\node_modules\\npm\\bin\\npm-cli.js",
            "audit",
            "--audit-level=low"
          ],
          "cwd": "C:\\Users\\Joker-PC\\Documents\\Projects\\Bot-AI-Ban-hang-FB\\BotSalesAI_Frontend",
          "startedAt": "2026-10-08T18:13:48.892Z",
          "finishedAt": "2026-10-08T18:13:49.849Z",
          "exitCode": 0,
          "log": {
            "path": "BotSalesAI_Frontend/evidence/frontend-shared-consolidation-20261009/environment-6.log",
            "sha256": "6d8c5c8f3d7684adb070417bd608d01ae90aa3dc26a65af03ffda4955f38d9a3"
          }
        }
      ],
      "coldInstall": {
        "name": "clean-install",
        "command": "node \"C:\\Program Files\\nodejs\\node_modules\\npm\\bin\\npm-cli.js\" \"--script-shell=cmd.exe\" \"ci\"",
        "cwd": "C:\\Users\\Joker-PC\\AppData\\Local\\Temp\\botsales-width-clean-20261009-KP3Hcs\\BotSalesAI_Frontend",
        "exitCode": 0
      },
      "exactLockPreserved": true
    }
  ],
  "executionRecords": [
    {
      "stage": "composer-stability",
      "startedAt": "2026-10-08T22:04:51.889Z",
      "finishedAt": "2026-10-08T22:05:45.243Z",
      "log": {
        "path": "BotSalesAI_Frontend/evidence/frontend-shared-consolidation-20261009/runs/shared-1791497086991-68376/composer-stability.log",
        "sha256": "fa81aec433d11ecb23320a190321673579591590693cbfd704d319a39b8660d8"
      },
      "sourceDrift": []
    },
    {
      "stage": "imports-clearance-regression",
      "startedAt": "2026-10-08T22:02:21.334Z",
      "finishedAt": "2026-10-08T22:02:39.379Z",
      "log": {
        "path": "BotSalesAI_Frontend/evidence/frontend-shared-consolidation-20261009/runs/shared-1791496936285-58828/imports-clearance-regression.log",
        "sha256": "7d2e16cc4c11461e3296218078efc0bf0ba2d0e93ea30ec5956c3b760ebe4871"
      },
      "sourceDrift": []
    },
    {
      "stage": "e2e",
      "startedAt": "2026-10-08T22:11:38.622Z",
      "finishedAt": "2026-10-08T23:11:25.849Z",
      "log": {
        "path": "BotSalesAI_Frontend/evidence/frontend-shared-consolidation-20261009/runs/shared-1791497493248-49984/e2e.log",
        "sha256": "6fd084377cbd0e7a76ad5b770d18b7f0972253de81bd08fa5a45f88afd21f4b4"
      },
      "sourceDrift": []
    },
    {
      "stage": "verify",
      "startedAt": "2026-10-08T22:06:05.023Z",
      "finishedAt": "2026-10-08T22:09:18.030Z",
      "log": {
        "path": "BotSalesAI_Frontend/evidence/frontend-shared-consolidation-20261009/runs/shared-1791497165022-11008/verify.log",
        "sha256": "66c0700c579b8351b264a281a593b6eff11ec995dde473ba4dae7c30a19794e7"
      },
      "sourceDrift": []
    },
    {
      "stage": "unit",
      "startedAt": "2026-10-08T21:59:56.125Z",
      "finishedAt": "2026-10-08T22:00:04.585Z",
      "log": {
        "path": "BotSalesAI_Frontend/evidence/frontend-shared-consolidation-20261009/runs/shared-1791496796123-33904/unit.log",
        "sha256": "04c3f089347abe026dde44d521d08f622159956f409bd70ec43b328cfd3f8c5c"
      },
      "sourceDrift": []
    },
    {
      "stage": "source-maps",
      "startedAt": "2026-10-08T21:59:56.190Z",
      "finishedAt": "2026-10-08T21:59:56.428Z",
      "log": {
        "path": "BotSalesAI_Frontend/evidence/frontend-shared-consolidation-20261009/runs/shared-1791496796189-65096/source-maps.log",
        "sha256": "088c9148a0b6218ab388252154db0806095d725e2ed5323714b6318bb7e3ca2b"
      },
      "sourceDrift": []
    },
    {
      "stage": "built-demo",
      "startedAt": "2026-10-08T23:11:37.759Z",
      "finishedAt": "2026-10-08T23:14:51.054Z",
      "log": {
        "path": "BotSalesAI_Frontend/evidence/frontend-shared-consolidation-20261009/runs/shared-1791501092771-85932/built-demo.log",
        "sha256": "c4c97f6b06c5d750966fd536c524f0f58a09e39f56d8e1891198facf0689a4e0"
      },
      "sourceDrift": []
    },
    {
      "stage": "startup-cache-regression",
      "startedAt": "2026-10-08T22:02:44.491Z",
      "finishedAt": "2026-10-08T22:03:04.849Z",
      "log": {
        "path": "BotSalesAI_Frontend/evidence/frontend-shared-consolidation-20261009/runs/shared-1791496959473-24216/startup-cache-regression.log",
        "sha256": "9004892a42123b1fa16a7047cec6d68057259593767d75762ff9a96547219d19"
      },
      "sourceDrift": []
    },
    {
      "stage": "label-regression",
      "startedAt": "2026-10-08T22:03:10.257Z",
      "finishedAt": "2026-10-08T22:03:37.271Z",
      "log": {
        "path": "BotSalesAI_Frontend/evidence/frontend-shared-consolidation-20261009/runs/shared-1791496984953-80724/label-regression.log",
        "sha256": "c62aeda4db51ef709c08b7b981c921f2070e2f670d835fae186bf557271d04ae"
      },
      "sourceDrift": []
    },
    {
      "stage": "variant-regression",
      "startedAt": "2026-10-08T22:03:42.336Z",
      "finishedAt": "2026-10-08T22:04:21.603Z",
      "log": {
        "path": "BotSalesAI_Frontend/evidence/frontend-shared-consolidation-20261009/runs/shared-1791497017357-92224/variant-regression.log",
        "sha256": "7c76de255e9abb25a769266a7c55041d2ca03f6b8944655f037f20b854c67469"
      },
      "sourceDrift": []
    },
    {
      "stage": "label-focus-regression",
      "startedAt": "2026-10-08T22:04:27.114Z",
      "finishedAt": "2026-10-08T22:04:46.907Z",
      "log": {
        "path": "BotSalesAI_Frontend/evidence/frontend-shared-consolidation-20261009/runs/shared-1791497061691-27108/label-focus-regression.log",
        "sha256": "562ed7ba43eb709ca28883c539abd30e41ef4338daec4ddcd430a6f8ffa9af56"
      },
      "sourceDrift": []
    },
    {
      "stage": "composer-regression",
      "startedAt": "2026-10-08T21:58:02.730Z",
      "finishedAt": "2026-10-08T21:58:21.823Z",
      "log": {
        "path": "BotSalesAI_Frontend/evidence/frontend-shared-consolidation-20261009/runs/shared-1791496677776-86172/composer-regression.log",
        "sha256": "990822a2322386a19e5a56654d532b6852062f120996e32210b0b8d3d60028e7"
      },
      "sourceDrift": []
    }
  ],
  "sourceSnapshotSha256": "4021c9cb18ed0b2964c5f88185f7f304f5dd27e708dd7033e2fe61ac01592f7f"
}
