FE002.S05 cold npm ci in isolated temp workspace
Scope: FRONTEND_WITH_SYNTHETIC_MOCK_API
Command: npm.cmd --script-shell=cmd.exe ci
Resolved executable: C:\Program Files\nodejs\npm.cmd; npm lifecycle shell cmd.exe; isolated child PATH length 97.
CWD: C:\Users\Joker-PC\AppData\Local\Temp\botsales-fe002-clean-install-retry-20261007-veiwptfs
Exit: 0
Node: v24.19.0
npm: 11.17.0
Installed package lock records 412 package paths; npm ls --depth=0 exit=0.
Manifest, lockfile, .npmrc and .node-version hashes before/after isolated install: unchanged.
The same five manifest/config hashes in the shared Frontend workspace stayed unchanged.
Current workspace node_modules and package files were not used by this clean install.
npm warnings and lifecycle output are retained in raw output; no install scripts were approved in the shared workspace.
The isolated temp tree was removed after successful checks; the previous failed-attempt temp tree was preserved.
PATH diagnosis: botsales-kit/execution/frontend-evidence/FE002/S05-path-resolution-diagnosis-current-20261007.log
Raw npm output: botsales-kit/execution/frontend-evidence/FE002/S05-npm-ci-retry-output-current-20261007.log

added 411 packages, and audited 413 packages in 21s

86 packages are looking for funding
  run `npm fund` for details

found 0 vulnerabilities
[stderr]
npm warn deprecated whatwg-encoding@3.1.1: Use @exodus/bytes instead for a more spec-conformant and faster implementation
npm warn deprecated eslint@9.34.0: This version is no longer supported. Please see https://eslint.org/version-support for other options.
npm warn allow-scripts 2 packages have install scripts not yet covered by allowScripts:
npm warn allow-scripts   esbuild@0.28.2 (postinstall: node install.js)
npm warn allow-scripts   msw@2.11.1 (postinstall: node -e "import('./config/scripts/postinstall.js').catch(() => void 0)")
npm warn allow-scripts
npm warn allow-scripts Run `npm approve-scripts --allow-scripts-pending` to review, or `npm approve-scripts <pkg>` to allow.
COMMAND_EXIT_CODE=0

Post-install npm ls output:
botsales-frontend@0.1.0 C:\Users\Joker-PC\AppData\Local\Temp\botsales-fe002-clean-install-retry-20261007-veiwptfs
├── @axe-core/playwright@4.10.2
├─┬ @botsales/web@0.1.0 -> .\apps\web
│ ├── @emotion/react@11.14.0
│ ├── @emotion/styled@11.14.1
│ ├── @hookform/resolvers@5.2.1
│ ├── @mui/icons-material@7.3.1
│ ├── @mui/material@7.3.1
│ ├── @tanstack/react-query@5.85.5
│ ├── @testing-library/jest-dom@6.8.0
│ ├── @testing-library/react@16.3.0
│ ├── @testing-library/user-event@14.6.1
│ ├── ajv-formats@3.0.1
│ ├── ajv@8.20.0
│ ├── i18next@25.4.2
│ ├── jsdom@26.1.0
│ ├── msw@2.11.1
│ ├── react-dom@19.1.1 deduped
│ ├── react-hook-form@7.62.0
│ ├── react-i18next@15.7.3
│ ├── react-router-dom@7.18.4
│ ├── react@19.1.1 deduped
│ ├── recharts@3.1.2
│ ├── vitest@5.0.3
│ └── zod@4.1.3
├── @eslint/js@9.34.0
├── @playwright/test@1.63.0
├── @types/node@24.3.0
├── @types/react-dom@19.1.9
├── @types/react@19.1.12
├── @vitejs/plugin-react@5.0.2
├── eslint-plugin-react-hooks@5.2.0
├── eslint@9.34.0
├── globals@16.3.0
├── react-dom@19.1.1
├── react@19.1.1
├── typescript-eslint@8.71.0
├── typescript@5.9.2
└── vite@7.3.6
