FE002.S05 isolated npm ci failed; no PASS receipt was emitted.
Command: npm.cmd --script-shell=cmd.exe ci
CWD: C:\Users\Joker-PC\AppData\Local\Temp\botsales-fe002-clean-install-20261007-55_wl2jf
Exit: 1
The isolated directory is preserved for investigation because the install failed.
Raw output: botsales-kit/execution/frontend-evidence/FE002/S05-npm-ci-output-current-20261007.log
[stderr]
npm warn deprecated whatwg-encoding@3.1.1: Use @exodus/bytes instead for a more spec-conformant and faster implementation
npm warn deprecated eslint@9.34.0: This version is no longer supported. Please see https://eslint.org/version-support for other options.
npm warn cleanup Failed to remove some directories [
npm warn cleanup   [
npm warn cleanup     '\\\\?\\C:\\Users\\Joker-PC\\AppData\\Local\\Temp\\botsales-fe002-clean-install-20261007-55_wl2jf\\node_modules\\msw',
npm warn cleanup     [Error: EBUSY: resource busy or locked, rmdir 'C:\Users\Joker-PC\AppData\Local\Temp\botsales-fe002-clean-install-20261007-55_wl2jf\node_modules\msw'] {
npm warn cleanup       errno: -4082,
npm warn cleanup       code: 'EBUSY',
npm warn cleanup       syscall: 'rmdir',
npm warn cleanup       path: 'C:\\Users\\Joker-PC\\AppData\\Local\\Temp\\botsales-fe002-clean-install-20261007-55_wl2jf\\node_modules\\msw'
npm warn cleanup     }
npm warn cleanup   ],
npm warn cleanup   [
npm warn cleanup     '\\\\?\\C:\\Users\\Joker-PC\\AppData\\Local\\Temp\\botsales-fe002-clean-install-20261007-55_wl2jf\\node_modules',
npm warn cleanup     [Error: EPERM: operation not permitted, rmdir 'C:\Users\Joker-PC\AppData\Local\Temp\botsales-fe002-clean-install-20261007-55_wl2jf\node_modules\@tanstack\react-query\build'] {
npm warn cleanup       errno: -4048,
npm warn cleanup       code: 'EPERM',
npm warn cleanup       syscall: 'rmdir',
npm warn cleanup       path: 'C:\\Users\\Joker-PC\\AppData\\Local\\Temp\\botsales-fe002-clean-install-20261007-55_wl2jf\\node_modules\\@tanstack\\react-query\\build'
npm warn cleanup     }
npm warn cleanup   ]
npm warn cleanup ]
npm error code 1
npm error path C:\Users\Joker-PC\AppData\Local\Temp\botsales-fe002-clean-install-20261007-55_wl2jf\node_modules\esbuild
npm error command failed
npm error command cmd.exe /d /s /c node install.js
npm error 'node' is not recognized as an internal or external command,
npm error operable program or batch file.
npm error A complete log of this run can be found in: C:\Users\Joker-PC\AppData\Local\npm-cache\_logs\2026-10-07T12_16_39_003Z-debug-0.log
COMMAND_EXIT_CODE=1

