
> botsales-frontend@0.1.0 test:e2e
> node scripts/run-e2e.mjs tests/fe017.spec.ts tests/fe017-validation.spec.ts tests/ui-knowledge-layout.spec.ts


> npm run setup

> botsales-frontend@0.1.0 setup
> node scripts/setup.mjs

{"status":"PASS","outputs":11,"schemas":283,"operations":210,"routes":54}
Copying the worker script at "C:\Users\Joker-PC\Documents\Projects\Bot-AI-Ban-hang-FB\BotSalesAI_Frontend\apps\web\public"...

Worker script successfully copied!
  - public

Continue by describing the network in your application:


https://mswjs.io/docs/quick-start

Thiết lập xong. npm run dev chạy frontend mô phỏng; không kết nối khách hàng hoặc provider thật.

> npm run build

> botsales-frontend@0.1.0 build
> npm run generate:check && npm run typecheck && npm run build --workspace @botsales/web


> botsales-frontend@0.1.0 generate:check
> node scripts/generate.mjs --check

{"status":"PASS","outputs":11,"schemas":283,"operations":210,"routes":54}

> botsales-frontend@0.1.0 typecheck
> tsc -p apps/web/tsconfig.json --noEmit


> @botsales/web@0.1.0 build
> vite build --mode production

vite v7.3.6 building client environment for production...
transforming...
✓ 2056 modules transformed.
rendering chunks...
computing gzip size...
dist/index.html                              1.19 kB │ gzip:   0.60 kB
dist/assets/index-CNveuCZ2.css               2.48 kB │ gzip:   0.99 kB
dist/assets/download-8lJFmiSZ.js             0.23 kB │ gzip:   0.17 kB
dist/assets/filters-BJmJubfC.js              0.31 kB │ gzip:   0.23 kB
dist/assets/hooks-Bi4cYkQg.js                3.19 kB │ gzip:   1.62 kB
dist/assets/index-C5bobNlp.js                7.79 kB │ gzip:   3.13 kB
dist/assets/index-BmHjKm4k.js                8.68 kB │ gzip:   3.65 kB
dist/assets/index-Cy5EfN_v.js                9.03 kB │ gzip:   3.49 kB
dist/assets/index-QW0h25wd.js               13.12 kB │ gzip:   5.41 kB
dist/assets/index-6eypoyzS.js               13.43 kB │ gzip:   5.05 kB
dist/assets/index-TOeV-O_n.js               13.52 kB │ gzip:   4.46 kB
dist/assets/index-w6B1bkyC.js               13.88 kB │ gzip:   5.36 kB
dist/assets/index-DqG_pZTV.js               16.05 kB │ gzip:   5.35 kB
dist/assets/index-6Fs3iqdP.js               16.08 kB │ gzip:   5.43 kB
dist/assets/index-DbOC11_i.js               17.21 kB │ gzip:   6.09 kB
dist/assets/index-BlcBtggf.js               18.34 kB │ gzip:   6.10 kB
dist/assets/index-Bp14m9tv.js               21.85 kB │ gzip:   7.37 kB
dist/assets/index-zzlqkMLj.js               22.39 kB │ gzip:   8.07 kB
dist/assets/index-BDAHuvPo.js               25.94 kB │ gzip:   8.42 kB
dist/assets/index-DGA_DdiG.js               31.29 kB │ gzip:   9.76 kB
dist/assets/query-5vm9EU1C.js               33.15 kB │ gzip:   9.92 kB
dist/assets/index-D9vdf_0V.js               37.31 kB │ gzip:  10.04 kB
dist/assets/i18n-xB0mQYCC.js                46.14 kB │ gzip:  15.12 kB
dist/assets/index-BrZgr6gW.js               75.48 kB │ gzip:  25.08 kB
dist/assets/schemas-jpQ0XMzw.js             79.18 kB │ gzip:  24.03 kB
dist/assets/schema-validation-Bhr7oAQE.js  149.80 kB │ gzip:  45.12 kB
dist/assets/contract-data-Dmdv2cKW.js      262.00 kB │ gzip:  35.24 kB
dist/assets/react-runtime-D0NtfbPC.js      279.78 kB │ gzip:  90.28 kB
dist/assets/charts-CQ4oecFO.js             313.03 kB │ gzip:  94.99 kB
dist/assets/mui-Bz_aCSm2.js                328.33 kB │ gzip: 100.02 kB
✓ built in 2.90s

> npm run build:demo

> botsales-frontend@0.1.0 build:demo
> npm run generate:check && npm run typecheck && npm run build:demo --workspace @botsales/web


> botsales-frontend@0.1.0 generate:check
> node scripts/generate.mjs --check

{"status":"PASS","outputs":11,"schemas":283,"operations":210,"routes":54}

> botsales-frontend@0.1.0 typecheck
> tsc -p apps/web/tsconfig.json --noEmit


> @botsales/web@0.1.0 build:demo
> vite build --mode demo --outDir dist-demo

vite v7.3.6 building client environment for demo...
transforming...
✓ 2272 modules transformed.
rendering chunks...
computing gzip size...
dist-demo/index.html                              1.19 kB │ gzip:   0.59 kB
dist-demo/assets/index-CNveuCZ2.css               2.48 kB │ gzip:   0.99 kB
dist-demo/assets/download-CWiaXb8A.js             0.24 kB │ gzip:   0.17 kB
dist-demo/assets/filters-BJmJubfC.js              0.31 kB │ gzip:   0.23 kB
dist-demo/assets/control-B9mHuWYJ.js              0.72 kB │ gzip:   0.43 kB
dist-demo/assets/hooks-Dm6yEEqy.js                3.19 kB │ gzip:   1.62 kB
dist-demo/assets/index-BHutpP1V.js                8.32 kB │ gzip:   3.32 kB
dist-demo/assets/index-BMuevJJF.js                8.68 kB │ gzip:   3.65 kB
dist-demo/assets/index-FW3voEn-.js                9.03 kB │ gzip:   3.50 kB
dist-demo/assets/index-pT1Q570r.js               13.29 kB │ gzip:   5.46 kB
dist-demo/assets/index-DqcmnTjc.js               13.52 kB │ gzip:   4.46 kB
dist-demo/assets/index-CNnPhRsl.js               13.57 kB │ gzip:   5.17 kB
dist-demo/assets/index-BMFyY107.js               16.20 kB │ gzip:   5.39 kB
dist-demo/assets/index-_GcH4tYK.js               17.21 kB │ gzip:   6.09 kB
dist-demo/assets/index-D9FkLNuL.js               18.29 kB │ gzip:   6.17 kB
dist-demo/assets/index-CLbR3Sbv.js               18.34 kB │ gzip:   6.10 kB
dist-demo/assets/index-COofN9hp.js               21.25 kB │ gzip:   7.50 kB
dist-demo/assets/index-DSMi78aJ.js               22.26 kB │ gzip:   7.53 kB
dist-demo/assets/index-ScOy7ogY.js               22.61 kB │ gzip:   8.13 kB
dist-demo/assets/index-Bo7_cML3.js               26.41 kB │ gzip:   8.56 kB
dist-demo/assets/query-5vm9EU1C.js               33.15 kB │ gzip:   9.92 kB
dist-demo/assets/index-BHOGdFbZ.js               33.40 kB │ gzip:  10.46 kB
dist-demo/assets/index-CDCvrrve.js               37.31 kB │ gzip:  10.04 kB
dist-demo/assets/i18n-xB0mQYCC.js                46.14 kB │ gzip:  15.12 kB
dist-demo/assets/schemas-jpQ0XMzw.js             79.18 kB │ gzip:  24.03 kB
dist-demo/assets/index-qjfgnfDu.js               79.35 kB │ gzip:  26.20 kB
dist-demo/assets/schema-validation-Bhr7oAQE.js  149.80 kB │ gzip:  45.12 kB
dist-demo/assets/service-C09KbfDh.js            159.35 kB │ gzip:  34.71 kB
dist-demo/assets/browser-BUJGhoIK.js            255.20 kB │ gzip:  86.82 kB
dist-demo/assets/contract-data-Bmlj3jVV.js      267.78 kB │ gzip:  36.38 kB
dist-demo/assets/react-runtime-D0NtfbPC.js      279.78 kB │ gzip:  90.28 kB
dist-demo/assets/charts-RcpaDpmM.js             313.03 kB │ gzip:  94.99 kB
dist-demo/assets/mui-azn9KfGV.js                328.33 kB │ gzip: 100.02 kB
✓ built in 3.12s

> node node_modules\@playwright\test\cli.js test tests/fe017.spec.ts tests/fe017-validation.spec.ts tests/ui-knowledge-layout.spec.ts

Running 24 tests using 1 worker

(node:53480) Warning: The 'NO_COLOR' env is ignored due to the 'FORCE_COLOR' env being set.
(Use `node --trace-warnings ...` to show where the warning was created)
  ok  1 [chromium] › tests\fe017-validation.spec.ts:15:1 › FE017 synthetic 422 keeps the knowledge draft fields and shows field errors (2.2s)
  ok  2 [chromium] › tests\fe017.spec.ts:24:1 › FE017.AC01 demo publishing uses the approved permission and lifecycle substitute without an API allowedActions field (4.0s)
  ok  3 [chromium] › tests\fe017.spec.ts:115:1 › FE017.AC02 knowledge file upload sends canonical purpose and detail reads processing status (1.9s)
  ok  4 [chromium] › tests\fe017.spec.ts:154:1 › FE017 price and stock source preview uses canonical product and timestamped inventory APIs (903ms)
  ok  5 [chromium] › tests\fe017.spec.ts:187:1 › FE017.AC03 missing content, unsupported and oversized files keep creation unavailable (1.7s)
  ok  6 [chromium] › tests\fe017.spec.ts:209:1 › FE017.AC04 feedback approval creates inert draft content and its first revision only (2.7s)
  ok  7 [chromium] › tests\fe017.spec.ts:242:1 › FE017.AC05 manager sees knowledge read-only and synthetic API rejects purpose-specific upload and publish (988ms)
  ok  8 [chromium] › tests\fe017.spec.ts:263:1 › FE017.AC06 stale review preserves the reason and explains the conflict (1.3s)
  ok  9 [chromium] › tests\fe017.spec.ts:278:1 › FE027.G02 product content brief edits source, size, warranty, alternatives, and forbidden claims locally (1.3s)
  ok 10 [chromium] › tests\fe017.spec.ts:296:1 › FE027.G03 policy revisions keep the published snapshot immutable when a draft changes (1.0s)
  ok 11 [chromium] › tests\ui-knowledge-layout.spec.ts:56:1 › Knowledge routes R23/R24/R25 fit every supported layout boundary (19.1s)
  ok 12 [chromium] › tests\ui-knowledge-layout.spec.ts:76:1 › Knowledge create, edit, and feedback-review dialogs remain inside mobile and desktop viewports (12.0s)
(node:53500) Warning: The 'NO_COLOR' env is ignored due to the 'FORCE_COLOR' env being set.
(Use `node --trace-warnings ...` to show where the warning was created)
  ok 13 [firefox] › tests\fe017-validation.spec.ts:15:1 › FE017 synthetic 422 keeps the knowledge draft fields and shows field errors (2.1s)
  ok 14 [firefox] › tests\fe017.spec.ts:24:1 › FE017.AC01 demo publishing uses the approved permission and lifecycle substitute without an API allowedActions field (5.3s)
  ok 15 [firefox] › tests\fe017.spec.ts:115:1 › FE017.AC02 knowledge file upload sends canonical purpose and detail reads processing status (2.3s)
  ok 16 [firefox] › tests\fe017.spec.ts:154:1 › FE017 price and stock source preview uses canonical product and timestamped inventory APIs (1.1s)
  ok 17 [firefox] › tests\fe017.spec.ts:187:1 › FE017.AC03 missing content, unsupported and oversized files keep creation unavailable (1.7s)
  ok 18 [firefox] › tests\fe017.spec.ts:209:1 › FE017.AC04 feedback approval creates inert draft content and its first revision only (3.3s)
  ok 19 [firefox] › tests\fe017.spec.ts:242:1 › FE017.AC05 manager sees knowledge read-only and synthetic API rejects purpose-specific upload and publish (1.2s)
  ok 20 [firefox] › tests\fe017.spec.ts:263:1 › FE017.AC06 stale review preserves the reason and explains the conflict (1.5s)
  ok 21 [firefox] › tests\fe017.spec.ts:278:1 › FE027.G02 product content brief edits source, size, warranty, alternatives, and forbidden claims locally (1.5s)
  ok 22 [firefox] › tests\fe017.spec.ts:296:1 › FE027.G03 policy revisions keep the published snapshot immutable when a draft changes (1.9s)
  ok 23 [firefox] › tests\ui-knowledge-layout.spec.ts:56:1 › Knowledge routes R23/R24/R25 fit every supported layout boundary (20.2s)
  ok 24 [firefox] › tests\ui-knowledge-layout.spec.ts:76:1 › Knowledge create, edit, and feedback-review dialogs remain inside mobile and desktop viewports (12.8s)

  24 passed (2.0m)
W17_TARGETED_E2E_EXIT_CODE=0
