
> botsales-frontend@0.1.0 generate:check
> node scripts/generate.mjs --check

{"status":"PASS","outputs":11,"schemas":283,"operations":210,"routes":54}

> botsales-frontend@0.1.0 test:source
> node scripts/check-source.mjs && node --test tests/source-checker.test.mjs

{
  "checkedAt": "2026-10-05T17:13:57.686Z",
  "scope": "Syntax, operation identifiers, route-source mapping, permissions and token adoption. NOT React typecheck, build or browser test.",
  "compiler": "5.9.2",
  "compilerSource": "project dependency",
  "files": 66,
  "operationCalls": 220,
  "routes": 54,
  "issues": [],
  "status": "PASS"
}
✔ module path classification accepts Windows and POSIX spellings, but excludes app files (0.9528ms)
✔ the source-checker CLI rejects a prohibited color literal in a module (199.1804ms)
✔ the source-checker CLI accepts a token-based module and leaves app-level colors outside the rule (208.4676ms)
ℹ tests 3
ℹ suites 0
ℹ pass 3
ℹ fail 0
ℹ cancelled 0
ℹ skipped 0
ℹ todo 0
ℹ duration_ms 466.36

> botsales-frontend@0.1.0 boundaries
> node scripts/check-boundaries.mjs

{
  "checkedAt": "2026-10-05T17:14:00.138Z",
  "scope": "AST imports resolve aliases/relative paths, module boundaries and cycles; parser diagnostics are errors",
  "files": 66,
  "imports": 448,
  "negativeFixtures": "Boundary fixtures: PASS 10/10 scenarios (allowed shared/public imports, alias, relative, app deep import, type-only, dynamic, unresolved, cycle, parser error).",
  "status": "PASS",
  "issues": []
}

> botsales-frontend@0.1.0 lint
> eslint apps/web/src --max-warnings 0


> botsales-frontend@0.1.0 typecheck
> tsc -p apps/web/tsconfig.json --noEmit

✔ accepts semantic bridge roles, the closed token-derived factor map, geometry, and reset values (196.5452ms)
✔ rejects scale-conforming and off-scale literals in sx, responsive leaves, named and namespace MUI System props (202.4527ms)
✔ follows local aliases and style callbacks; rejects theme spacing helpers and preset overrides (202.2673ms)
✔ scans nested slotProps but does not confuse event handlers or geometric dimensions with spacing (245.5454ms)
✔ keeps Panel geometry inspectable and rejects spacing hidden in its geometry prop (588.193ms)
✔ accepts only an exact CSS exception and reports stale or mismatched exception scope (582.1363ms)
✔ rejects malformed TypeScript, malformed CSS, bad exception schema, and raw values in the bridge (847.9753ms)
✔ rejects canonical pixel tokens used as MUI factors and an altered bridge factor table (394.6773ms)
✔ report mode inventories migration debt without turning findings into PASS (200.6362ms)
ℹ tests 9
ℹ suites 0
ℹ pass 9
ℹ fail 0
ℹ cancelled 0
ℹ skipped 0
ℹ todo 0
ℹ duration_ms 3519.5389
W17_PREVERIFY_EXIT_CODE=0
