FE004.S02 strict lint and no-suppression review
Command: python botsales-kit/execution/frontend-evidence/FE004/capture-s02-strict-lint-current-20261007.py
CWD: C:\Users\Joker-PC\Documents\Projects\Bot-AI-Ban-hang-FB
Exit: 0 (audit assertions)
Git HEAD: 53c0ba8f413b1f1e0fa16a747ed27f728b861dd6 (working tree snapshot)
Environment: Windows; Python 3.12.10; Node v24.19.0/npm 11.17.0; process-local bounded PATH
Registered command: set PATH=C:\Windows\System32;C:\Program Files\nodejs;%PATH% && npm.cmd --script-shell=cmd.exe run lint
Lint exit: 0; log=execution/frontend-evidence/FE004/S02-lint-current-20261007.log; sha256=796f094de917d0e0178bae4f9553329cd8068ac7311d8e0443d464e7ef79738e
Scanned 68 production TypeScript/TSX files; findings=0; strict=True; noUncheckedIndexedAccess=True; skipLibCheck=True
Suppression scan log sha256=d7ae3b7759b71c80f018887777351248e80bd9170a5967be1ee63ec98c9231ca
Observed: ESLint passed. No explicit any, TS suppression directive or ESLint disable was found in app source; existing strict compiler settings remain enabled. No code/config edit was justified by the current evidence.
Checks: 7 passed; failed=0
CHECK PASS: registered full-source lint command exited 0
CHECK PASS: strict and noUncheckedIndexedAccess remain enabled
CHECK PASS: no explicit any in production app TS/TSX
CHECK PASS: no TypeScript suppression in production app TS/TSX
CHECK PASS: no ESLint disable directive in production app TS/TSX
CHECK PASS: no config exclusion was introduced by this step
CHECK PASS: no type/lint/boundary failure justified a speculative edit
Source snapshot sha256=dd95d514f8ae93a0a13d8a333b36fbad488ee7cbf2f0b0f4ec3ea62d1cc4cb0e
SOURCE apps/web/package.json sha256=1f57a81cd2012b0f73f735ca0af9802454ccdc301610033181701bfd4e4d878a
SOURCE apps/web/src/app/CommandRecovery.tsx sha256=79b0d4e7044cde5a64ae0cabb0af879ac99dabf5145a41fe6e86a6426b21f7ac
SOURCE apps/web/src/app/ScopeEvents.tsx sha256=65c1786961cfe5744796f7d4b658db124e1bbb3ab3a8c2c1f920e5e993672219
SOURCE apps/web/src/app/SessionProvider.tsx sha256=13a7556aca5e858b0e0004fe454234b07889751459562ac985497e9eb520641e
SOURCE apps/web/src/app/Shell.tsx sha256=54062999115c0d16097dd715c9d3d089d9ee4f11e40220636b1f67028e96d00d
SOURCE apps/web/src/app/dirty-drafts.ts sha256=3fe77d4a7c65a176fe0ce52124338fbb135dea08c8477292a7b27d7aae5fba13
SOURCE apps/web/src/app/feedback.tsx sha256=449b8f38b670784f4b99c91b007ca6a90949b6dab1acc69fd8f93a22e11b2a22
SOURCE apps/web/src/app/i18n.ts sha256=535228df84e97dc5e4369880a4499c93f31fbae34057726fb48d5a35f7ca2340
SOURCE apps/web/src/app/locales/vi/customers.ts sha256=a2a880bc7aad48e156e0fe8d6cafd63a453a91187af62b398ae5c8247312e97b
SOURCE apps/web/src/app/locales/vi/knowledge.ts sha256=a186bda01f5f1ff24e37a8398d090e301b6af44f90487553929c459059b460c9
SOURCE apps/web/src/app/navigation.ts sha256=96460ac494f79748758c7b7bbfb4bbbfd0764aa77b47a4b2ac11e237f459f0b7
SOURCE apps/web/src/app/router.tsx sha256=24f585969d7fb0713a0e9b30f3da57d8454fb1c54cb434e16cc9fd074c2cecd4
SOURCE apps/web/src/main.tsx sha256=2fbb13874110b3e6fc3f5583d36fc50a409f3dd5e28d7946f8b5b61c946d6bbb
SOURCE apps/web/src/mocks/auxiliary.ts sha256=3bbda57ab9828a03264b90aa67e388c55da2605254b7c76f59b4a2d36b42928c
SOURCE apps/web/src/mocks/browser.ts sha256=91138a6c675903e7aec92237387d6797169b6b4d7bbedca24c304d0d79942cd9
SOURCE apps/web/src/mocks/catalog.ts sha256=48a5a4d2bc413310d92d4c57a3714dcb800e812d75d4cbf6e2ba3ead6efa1e56
SOURCE apps/web/src/mocks/control.ts sha256=2e9d304efb5187f629eb145ae1428a86a59505dd388556c5d4177408ebebb541
SOURCE apps/web/src/mocks/database.ts sha256=093fb1e7cd79d3b25a07b5eb3d892163a45b01cd9cc823b25b8b49531c1cb25c
SOURCE apps/web/src/mocks/files.ts sha256=21ba6cdcf5668a5bd8db3bfb8b1ac55fe285be40207801d9068f0b29d7b06cbd
SOURCE apps/web/src/mocks/finance.ts sha256=c23c40cd46254f122efcb88dcd4d58cc55de7b8bb17b9688defe090f4d06e01d
SOURCE apps/web/src/mocks/fulfillment.ts sha256=0f320f9fd7125ebf622c07dd4cd5b78b7a1ca9eb4294ce956afcf49daa0bfa40
SOURCE apps/web/src/mocks/handlers.ts sha256=e66c5410cb59486a8cac78fe7d512740376b884f8fcae31941785a148d656608
SOURCE apps/web/src/mocks/marketing-fixture.ts sha256=e6ced9b2ce986ab457042e02acfa879c0a5d163626c3ece6b9a1a11e4a4726fb
SOURCE apps/web/src/mocks/orders.ts sha256=c154c72c10f0eea1495352cc73f18deae17cdcbea592902d5018fa8db8278ff4
SOURCE apps/web/src/mocks/procurement.ts sha256=3484d6aab444ff5dde85f4c225794c724444021a48e7427798f31d130ce50cc0
SOURCE apps/web/src/mocks/service.ts sha256=e9043a25b86f7ac07dea9d609593397ea9bc2b0faa945058c7ea4566f16ccd69
SOURCE apps/web/src/modules/bot/index.tsx sha256=cbca27471ea771f325b3577095a6ff30f66b29c711c0138b3678a8dc4c1d40af
SOURCE apps/web/src/modules/catalog/import-file.ts sha256=27c5b75075cdd099577f17678f614998afbe95d8a2b2e7c843fa421792dd988f
SOURCE apps/web/src/modules/catalog/imports.tsx sha256=daccdc34d666987ed8e07f4ddeb6f83bfa8731d0d99e93c5e7fc12461ec669da
SOURCE apps/web/src/modules/catalog/index.tsx sha256=98e8ac7e9600837171d4e9a2d36a7d03978071c4dfc7d87fcc2617655c8c1639
SOURCE apps/web/src/modules/customers/index.tsx sha256=1f6d62a562b6ec124fb3029fdce8eeb9937d09323abb5a523aad496343a4531b
SOURCE apps/web/src/modules/dashboard/index.tsx sha256=a0c0e09070e25ed627c67846bb25e142e053bc9ec797825c7b7b6a2b804b6bef
SOURCE apps/web/src/modules/finance/demo-account-preview.ts sha256=4d24b168d57eaa1951d6b1f018e25a86c4ea0fe03cc933a57b41a2fa4a077a60
SOURCE apps/web/src/modules/finance/index.tsx sha256=b232374ed17759d105022cc29d87205de9414b7d2b5327f0bf9135243248134c
SOURCE apps/web/src/modules/finance/report-explanations.ts sha256=39f06fd30ba8c7e913d4ec77327044b2042978a910ca0486a56487459a990020
SOURCE apps/web/src/modules/fulfillment/index.tsx sha256=e906c5574670111cd6198ea77484284cc3d3b503a3268c8fdb4bd26e15bf1fc4
SOURCE apps/web/src/modules/inbox/conversation-components.tsx sha256=9611c21db12bdac47fbead422c4fe047902a5df0e6359b73e81ea813ba26177d
SOURCE apps/web/src/modules/inbox/index.tsx sha256=f1c52d58f9e0fc85dcbcfd206841e4eaac3a58350bb2295fb04d7f2d1e0b3e6b
SOURCE apps/web/src/modules/integrations/index.tsx sha256=21c786a8280031a029af35e434f7f755b6c81acbab59ca3098d87028aab7aa65
SOURCE apps/web/src/modules/inventory/index.tsx sha256=7b5d0a356390cba43b8bf16c162dd499150bee37d353945d552504a1eee2bd1b
SOURCE apps/web/src/modules/knowledge/index.tsx sha256=7744ecf46521ccf8b7709229f5c59da53c201ae2d44b775f8b07b616a9e71b2b
SOURCE apps/web/src/modules/notifications/index.tsx sha256=f3c4f450a411703bf605153eee7a9bb3f555882b276b191cd15ce1df26b8dd7d
SOURCE apps/web/src/modules/notifications/push-capabilities.ts sha256=5afb7d25417142b10f9df582062ff0103b17e89514af11db2f6138093259ff0a
SOURCE apps/web/src/modules/operations/index.tsx sha256=608bdffd80bc3b3bc0bd2a6b49a3591b38262f797c195de09ee566a34db5518b
SOURCE apps/web/src/modules/orders/demo-address-preview.ts sha256=7b23d2cdcb129fafa138c39d1720e2e1bcffc3195519348fcd9a4598ad906d3a
SOURCE apps/web/src/modules/orders/index.tsx sha256=d1cad2cb0dbbfa618dc6cd5c7096711354feaecb977807037b8c6a2748ed6da7
SOURCE apps/web/src/modules/procurement/index.tsx sha256=137c535a1c086c6e998281e3e9d4620adf9f3d6b41a0e775add49339b6f82bc1
SOURCE apps/web/src/modules/reports/index.tsx sha256=fd9f178af85314370f1eff5d38539b654e1d805ed42d13d3a0ff8b655bd37754
SOURCE apps/web/src/modules/reports/report-utils.ts sha256=d93b2d30c8584daee5f52aaba6cad7b7ae2ccde6f5d196509ad7362431ea6ed0
SOURCE apps/web/src/modules/workspace/index.tsx sha256=2ea39976473d8dfc2a0da5f0ea8b3e7912d098e4e427487fde5b59479091c269
SOURCE apps/web/src/shared/api/client.ts sha256=8e11a4b16a7f6e5213feaa54a7c0236177a18325f7fe9f696679d36b771cc2c4
SOURCE apps/web/src/shared/api/client.type-contracts.ts sha256=7680d437fe4b70a66cda471dad6be05e6f9201c197377fad6798777ca20b9a5e
SOURCE apps/web/src/shared/api/errors.ts sha256=dacb2b086a75c4695f64ad4714c0cda0199b59e491e3293c8813c08c10f5b227
SOURCE apps/web/src/shared/api/hooks.ts sha256=05ee735f2522545eb4c67f8e8e7ab7f2104d0ae61db5b5fb1db65898cf6549c1
SOURCE apps/web/src/shared/api/intents.ts sha256=3ac04111ea98ec3a7bb4f67f296764c966e6788a1000793d212b02244ab3912b
SOURCE apps/web/src/shared/api/validation.ts sha256=5dabe9985b9eb9dea4b67233713cf007a99d6fc55276bd3a285664977f58f1a1
SOURCE apps/web/src/shared/model/auth.ts sha256=7bc419f63be0e3ac3663843d137125c7e0d3dca843e7a3993526453066e6a8b4
SOURCE apps/web/src/shared/model/dirty-drafts.ts sha256=87050b5dea6151be6f5e4dff7b93ce60e8bc32909e3a030e6095b63aecd741dc
SOURCE apps/web/src/shared/model/download.ts sha256=ef286806094a71904be7da00b0a9c2fc2e21480ea84038fceec43df095674d1c
SOURCE apps/web/src/shared/model/filters.ts sha256=393d4f7cc77f4deca11a909ee79f809d76debdbd84e8a413271f9ceadfc29f8d
SOURCE apps/web/src/shared/model/format.ts sha256=32d13ed518870d525b857a8be711b24b7d56b0f5c7eff4699ba4f572e958b223
SOURCE apps/web/src/shared/model/labels.ts sha256=7115490eb33df2cdbc39f4ec7494b364965ca2756a36591f21b2d231bbeeacf2
SOURCE apps/web/src/shared/model/scope.tsx sha256=76a5d2b8c898c1429f2d1fe1b08f83983c0235a9fe035c731598e2e45b3cec22
SOURCE apps/web/src/shared/ui/components.tsx sha256=0ca6abdb42fa7f8246e0309042719aadd9d71c194e2e3dd5e6245889ad5002a5
SOURCE apps/web/src/shared/ui/composition.tsx sha256=15dde3bb9fef954a14c93b8f595d46c17d4502821c9a3095e91e72fd00ccee5b
SOURCE apps/web/src/shared/ui/layout.ts sha256=ac5cc9e11d5b5b22b1e95c6754bb1c9084a47fc53f25ac338c9d58c4c687ec5a
SOURCE apps/web/src/shared/ui/theme.ts sha256=dfb131b7987db08c66df78d349e93175663bcc55e3e633e151c59dfaa1d67532
SOURCE apps/web/src/shared/ui/visual.ts sha256=ed147658a55cdd9c011a81aba50870ecce3ae1c7e81e92c2b712740ea112c89d
SOURCE apps/web/src/vite-env.d.ts sha256=b170bc219541531edc57716a974c8e6c2aa8fa366b6d4cc672b032e8bf1fbbbc
SOURCE apps/web/tsconfig.json sha256=da77a7cc404d19e9128ab6ce1428d1cc4872b97d3316fe08cb192e6b1b7574b1
SOURCE eslint.config.mjs sha256=4c8329d64fd7e8ec9cc65d9bbea66585fdfa3775104f7087345ebdc5a870ab25
SOURCE package-lock.json sha256=a3c0bb3a4906f92a5f23d4e8a0b862769b71de9e7efc9a48601ae44282bc963a
SOURCE package.json sha256=3a7da11e60a8baf002ac749c49c24c134640ce8d412402caa86a16c1beb34138
SOURCE botsales-kit/execution/frontend-command-map.json sha256=48cf675d36b3c99d5fe6147a08531a1e1aecd1ee5e6136b62d787dd833d98744
SOURCE botsales-kit/execution/frontend-evidence/FE004/S01-boundaries-current-20261007.log sha256=4efd63537472410a0841d9e3458ba0fff41c60c7239f089e10749a548bec1287
SOURCE botsales-kit/execution/frontend-evidence/FE004/S01-boundaries-report-current-20261007.json sha256=05f34148709b9616405de658e096e4f35117dcf348a5581b76ce23b82fda7ada
SOURCE botsales-kit/execution/frontend-evidence/FE004/S01-type-graph-current-20261007.json sha256=f062af1b0f29459f7650944504529a4a6bbd94a20d2fa7ad08ac608ebd4a175c
SOURCE botsales-kit/execution/frontend-evidence/FE004/S01-typecheck-current-20261007.log sha256=b5be4deb35eab1bb2169d82e3b353b02a7e81c0fcd33a79357431064b24a3a25
SOURCE botsales-kit/execution/frontend-evidence/FE004/S02-lint-current-20261007.log sha256=796f094de917d0e0178bae4f9553329cd8068ac7311d8e0443d464e7ef79738e
SOURCE botsales-kit/execution/frontend-evidence/FE004/S02-type-suppression-scan-current-20261007.log sha256=d7ae3b7759b71c80f018887777351248e80bd9170a5967be1ee63ec98c9231ca
SOURCE botsales-kit/execution/frontend-evidence/FE004/capture-s02-strict-lint-current-20261007.py sha256=bcafdf1f722ef77881081b8be685aa73b9de004aba60f0b1780fd3203d3f8669
