command=set PATH=C:\Windows\System32;C:\Program Files\nodejs;%PATH% && npm.cmd --script-shell=cmd.exe run test:source
sourceCommandExitCode=0
sourceReportRestored=True; sha256=0e2ce5e4397392a88605af19defaad1d535db0d2e1065f16242f2461e2d02a3d

> botsales-frontend@0.1.0 test:source
> node scripts/check-source.mjs && node --test tests/source-checker.test.mjs

{
  "checkedAt": "2026-10-06T06:04:12.993Z",
  "scope": "Syntax, operation identifiers, route-source mapping, permissions and token adoption. NOT React typecheck, build or browser test.",
  "compiler": "5.9.2",
  "compilerSource": "project dependency",
  "files": 67,
  "operationCalls": 220,
  "routes": 54,
  "issues": [],
  "status": "PASS"
}
✔ module path classification accepts Windows and POSIX spellings, but excludes app files (1.1217ms)
✔ the source-checker CLI rejects a prohibited color literal in a module (157.7479ms)
✔ the source-checker CLI accepts a token-based module and leaves app-level colors outside the rule (153.3596ms)
ℹ tests 3
ℹ suites 0
ℹ pass 3
ℹ fail 0
ℹ cancelled 0
ℹ skipped 0
ℹ todo 0
ℹ duration_ms 368.4325
