{
  "recordedAt": "2026-10-03",
  "scope": "Physical Android emulator viewport and system soft-keyboard behavior using the local React demo and synthetic MSW. No reply is sent.",
  "status": "PROBE_COMPLETE",
  "device": {
    "serial": "emulator-5554",
    "androidRelease": "17",
    "apiLevel": "37",
    "displaySize": "Physical size: 1344x2992",
    "density": "Physical density: 480",
    "chromeInstalled": true,
    "chromeDebugVersion": {
      "Android-Package": "com.android.chrome",
      "Browser": "Chrome/152.0.7977.83",
      "Protocol-Version": "1.3",
      "User-Agent": "Mozilla/5.0 (Linux; Android 10; K) AppleWebKit/537.36 (KHTML, like Gecko) Chrome/152.0.0.0 Mobile Safari/537.36",
      "V8-Version": "15.2.124.21",
      "WebKit-Version": "537.36 (@79460ebecaa5625e57a5fb679a735659e73dc687)",
      "webSocketDebuggerUrl": "ws://127.0.0.1:9222/devtools/browser"
    }
  },
  "route": "/s/shop-demo/inbox/cv1",
  "phases": {
    "keyboardClosedBefore": {
      "url": "http://127.0.0.1:55294/s/shop-demo/inbox/cv1",
      "title": "BotSales AI — Graphite Gold",
      "innerWidth": 448,
      "innerHeight": 864,
      "devicePixelRatio": 3,
      "visualViewport": {
        "width": 448,
        "height": 864.3333129882812,
        "offsetTop": 0,
        "scale": 1
      },
      "documentClient": {
        "width": 448,
        "height": 864
      },
      "documentScroll": {
        "width": 448,
        "height": 2700
      },
      "textbox": {
        "rect": {
          "left": 47,
          "top": 991.3646240234375,
          "right": 401,
          "bottom": 1031.3646240234375,
          "width": 354,
          "height": 40
        },
        "value": "",
        "disabled": false
      },
      "sendButton": {
        "rect": {
          "left": 297.61981201171875,
          "top": 1059.8646240234375,
          "right": 415.0000228881836,
          "bottom": 1103.8646240234375,
          "width": 117.38021087646484,
          "height": 44
        },
        "disabled": true
      }
    },
    "screenshotBefore": {
      "name": "S07-android-inbox-before-keyboard-20261003.png",
      "width": 1344,
      "height": 2992,
      "bytes": 289978
    },
    "keyboardOpen": {
      "url": "http://127.0.0.1:55294/s/shop-demo/inbox/cv1",
      "title": "BotSales AI — Graphite Gold",
      "innerWidth": 448,
      "innerHeight": 864,
      "devicePixelRatio": 3,
      "visualViewport": {
        "width": 448,
        "height": 552.3333129882812,
        "offsetTop": 0,
        "scale": 1
      },
      "documentClient": {
        "width": 448,
        "height": 864
      },
      "documentScroll": {
        "width": 448,
        "height": 2700
      },
      "textbox": {
        "rect": {
          "left": 47,
          "top": 412.03125,
          "right": 401,
          "bottom": 452.03125,
          "width": 354,
          "height": 40
        },
        "value": "",
        "disabled": false
      },
      "sendButton": {
        "rect": {
          "left": 297.61981201171875,
          "top": 480.53125,
          "right": 415.0000228881836,
          "bottom": 524.53125,
          "width": 117.38021087646484,
          "height": 44
        },
        "disabled": true
      }
    },
    "inputMethodWhileOpen": [
      "      mImeWindowVis=3\r",
      "      mInputShown=true\r",
      "  mIsInputViewShown=true mStatusIcon=0\r"
    ],
    "screenshotKeyboardOpen": {
      "name": "S07-android-inbox-keyboard-open-20261003.png",
      "width": 1344,
      "height": 2992,
      "bytes": 272312
    },
    "draftWithKeyboard": {
      "url": "http://127.0.0.1:55294/s/shop-demo/inbox/cv1",
      "title": "BotSales AI — Graphite Gold",
      "innerWidth": 448,
      "innerHeight": 864,
      "devicePixelRatio": 3,
      "visualViewport": {
        "width": 448,
        "height": 552.3333129882812,
        "offsetTop": 0,
        "scale": 1
      },
      "documentClient": {
        "width": 448,
        "height": 864
      },
      "documentScroll": {
        "width": 448,
        "height": 2700
      },
      "textbox": {
        "rect": {
          "left": 47,
          "top": 412.03125,
          "right": 401,
          "bottom": 452.03125,
          "width": 354,
          "height": 40
        },
        "value": "UI015 draft: Android keyboard check",
        "disabled": false
      },
      "sendButton": {
        "rect": {
          "left": 297.61981201171875,
          "top": 480.53125,
          "right": 415.0000228881836,
          "bottom": 524.53125,
          "width": 117.38021087646484,
          "height": 44
        },
        "disabled": true
      }
    },
    "keyboardClosedAfterBack": {
      "url": "http://127.0.0.1:55294/s/shop-demo/inbox/cv1",
      "title": "BotSales AI — Graphite Gold",
      "innerWidth": 448,
      "innerHeight": 864,
      "devicePixelRatio": 3,
      "visualViewport": {
        "width": 448,
        "height": 864.3333129882812,
        "offsetTop": 0,
        "scale": 1
      },
      "documentClient": {
        "width": 448,
        "height": 864
      },
      "documentScroll": {
        "width": 448,
        "height": 2700
      },
      "textbox": {
        "rect": {
          "left": 47,
          "top": 412.03125,
          "right": 401,
          "bottom": 452.03125,
          "width": 354,
          "height": 40
        },
        "value": "UI015 draft: Android keyboard check",
        "disabled": false
      },
      "sendButton": {
        "rect": {
          "left": 297.61981201171875,
          "top": 480.53125,
          "right": 415.0000228881836,
          "bottom": 524.53125,
          "width": 117.38021087646484,
          "height": 44
        },
        "disabled": true
      }
    },
    "inputMethodAfterBack": [
      "      mImeWindowVis=0\r",
      "      mInputShown=false\r",
      "  mIsInputViewShown=true mStatusIcon=0\r"
    ],
    "screenshotAfterBack": {
      "name": "S07-android-inbox-after-back-20261003.png",
      "width": 1344,
      "height": 2992,
      "bytes": 240190
    }
  },
  "pageErrors": [],
  "limitations": [
    "Android emulator evidence is not a physical handset test.",
    "The keyboard text remains a local demo draft and is not submitted."
  ],
  "demo": {
    "url": "http://127.0.0.1:55294",
    "hostPort": "55294",
    "scope": "isolated local demo Vite server with synthetic MSW"
  },
  "assertions": {
    "visibleAndroidKeyboardEvidence": true,
    "keyboardReducedVisualViewport": true,
    "composerVisibleAndEnabled": true,
    "sendButtonReachableWithKeyboardOpen": true,
    "noHorizontalDocumentOverflowWhileOpen": true,
    "draftSurvivesKeyboardBack": true,
    "backKeepsConversationRoute": true,
    "noPageErrors": true
  }
}
