
> botsales-frontend@0.1.0 build:demo
> npm run generate:check && npm run typecheck && npm run build:demo --workspace @botsales/web


> botsales-frontend@0.1.0 generate:check
> node scripts/generate.mjs --check

{"status":"PASS","outputs":11,"schemas":283,"operations":210,"routes":54}

> botsales-frontend@0.1.0 typecheck
> tsc -p apps/web/tsconfig.json --noEmit


> @botsales/web@0.1.0 build:demo
> vite build --mode demo --outDir dist-demo

vite v7.3.6 building client environment for demo...
transforming...
✓ 2273 modules transformed.
rendering chunks...
computing gzip size...
dist-demo/index.html                              1.19 kB │ gzip:   0.59 kB
dist-demo/assets/index-BQPx7lJM.css               3.56 kB │ gzip:   1.33 kB
dist-demo/assets/download-CWiaXb8A.js             0.24 kB │ gzip:   0.17 kB
dist-demo/assets/filters-BJmJubfC.js              0.31 kB │ gzip:   0.23 kB
dist-demo/assets/control-B9mHuWYJ.js              0.72 kB │ gzip:   0.43 kB
dist-demo/assets/hooks-Cy6womC3.js                3.19 kB │ gzip:   1.62 kB
dist-demo/assets/index-8tE2TW7O.js                8.51 kB │ gzip:   3.37 kB
dist-demo/assets/index-BOUFBTDi.js                8.74 kB │ gzip:   3.67 kB
dist-demo/assets/index-DuLOfD1N.js                9.89 kB │ gzip:   3.66 kB
dist-demo/assets/index-BHzjjh5-.js               13.62 kB │ gzip:   4.48 kB
dist-demo/assets/index-D1i2D8GH.js               13.96 kB │ gzip:   5.27 kB
dist-demo/assets/index-5gXaanrR.js               14.02 kB │ gzip:   5.69 kB
dist-demo/assets/index-Ny_fxBiH.js               16.61 kB │ gzip:   5.47 kB
dist-demo/assets/index-DIuxxS6R.js               17.79 kB │ gzip:   6.23 kB
dist-demo/assets/index-76jyyWA_.js               18.37 kB │ gzip:   6.20 kB
dist-demo/assets/index-B5sbR1Ef.js               18.39 kB │ gzip:   6.12 kB
dist-demo/assets/index-Bk9WXiQP.js               22.30 kB │ gzip:   7.55 kB
dist-demo/assets/index-DTwc4bH1.js               22.55 kB │ gzip:   7.77 kB
dist-demo/assets/index-DQhbV4zx.js               23.22 kB │ gzip:   8.25 kB
dist-demo/assets/index-DIOWuqzv.js               26.47 kB │ gzip:   8.58 kB
dist-demo/assets/query-5vm9EU1C.js               33.15 kB │ gzip:   9.92 kB
dist-demo/assets/index-DYOLgAqp.js               33.44 kB │ gzip:  10.47 kB
dist-demo/assets/index-bK-Ypw_m.js               37.48 kB │ gzip:  10.07 kB
dist-demo/assets/i18n-xB0mQYCC.js                46.14 kB │ gzip:  15.12 kB
dist-demo/assets/schemas-jpQ0XMzw.js             79.18 kB │ gzip:  24.03 kB
dist-demo/assets/index-zid8EolG.js               81.94 kB │ gzip:  26.89 kB
dist-demo/assets/schema-validation-Bhr7oAQE.js  149.80 kB │ gzip:  45.12 kB
dist-demo/assets/service-C09KbfDh.js            159.35 kB │ gzip:  34.71 kB
dist-demo/assets/browser-CjZ5OokE.js            255.20 kB │ gzip:  86.82 kB
dist-demo/assets/contract-data-Bmlj3jVV.js      267.78 kB │ gzip:  36.38 kB
dist-demo/assets/react-runtime-D0NtfbPC.js      279.78 kB │ gzip:  90.28 kB
dist-demo/assets/charts-RcpaDpmM.js             313.03 kB │ gzip:  94.99 kB
dist-demo/assets/mui-azn9KfGV.js                328.33 kB │ gzip: 100.02 kB
✓ built in 3.26s
