
> botsales-frontend@0.1.0 verify
> npm run generate:check && npm run test:source && npm run boundaries && npm run lint && npm run typecheck && npm run test:domain && npm test && npm run build && npm run test:layout


> botsales-frontend@0.1.0 generate:check
> node scripts/generate.mjs --check

{"status":"PASS","outputs":11,"schemas":283,"operations":210,"routes":54}

> botsales-frontend@0.1.0 test:source
> node scripts/check-source.mjs && node --test tests/source-checker.test.mjs

{
  "checkedAt": "2026-10-05T21:46:23.886Z",
  "scope": "Syntax, operation identifiers, route-source mapping, permissions and token adoption. NOT React typecheck, build or browser test.",
  "compiler": "5.9.2",
  "compilerSource": "project dependency",
  "files": 67,
  "operationCalls": 220,
  "routes": 54,
  "issues": [],
  "status": "PASS"
}
✔ module path classification accepts Windows and POSIX spellings, but excludes app files (0.9855ms)
✔ the source-checker CLI rejects a prohibited color literal in a module (151.9634ms)
✔ the source-checker CLI accepts a token-based module and leaves app-level colors outside the rule (151.0884ms)
ℹ tests 3
ℹ suites 0
ℹ pass 3
ℹ fail 0
ℹ cancelled 0
ℹ skipped 0
ℹ todo 0
ℹ duration_ms 358.005

> botsales-frontend@0.1.0 boundaries
> node scripts/check-boundaries.mjs

{
  "checkedAt": "2026-10-05T21:46:26.204Z",
  "scope": "AST imports resolve aliases/relative paths, module boundaries and cycles; parser diagnostics are errors",
  "files": 67,
  "imports": 475,
  "negativeFixtures": "Boundary fixtures: PASS 10/10 scenarios (allowed shared/public imports, alias, relative, app deep import, type-only, dynamic, unresolved, cycle, parser error).",
  "status": "PASS",
  "issues": []
}

> botsales-frontend@0.1.0 lint
> eslint apps/web/src --max-warnings 0


> botsales-frontend@0.1.0 typecheck
> tsc -p apps/web/tsconfig.json --noEmit


> botsales-frontend@0.1.0 test:domain
> node scripts/test-domain.mjs

{"status":"PASS","simulatorChecks":75,"networkChecks":13,"networkHandlers":210,"passed":88,"operations":89,"node":"v24.19.0","typescript":"5.9.2"}

> botsales-frontend@0.1.0 test
> vitest run --config apps/web/vitest.config.ts


 RUN  v5.0.3 C:/Users/Joker-PC/Documents/Projects/Bot-AI-Ban-hang-FB/BotSalesAI_Frontend

[BABEL] Note: The code generator has deoptimised the styling of C:\Users\Joker-PC\AppData\Local\Temp\botsales-vite-cache\ea27c7577456f6009d55\direct-vite\30552\deps\react-dom_client.js?v=e4b63fe7 as it exceeds the max of 500KB.
 ❯ apps/web/tests/components.test.tsx (20 tests | 1 failed) 4509ms
   ❯ Graphite Gold theme contract (6)
     × loads canonical dark tokens and bootstrap before application JavaScript 15ms

⎯⎯⎯⎯⎯⎯⎯ Failed Tests 1 ⎯⎯⎯⎯⎯⎯⎯

 FAIL  apps/web/tests/components.test.tsx > Graphite Gold theme contract > loads canonical dark tokens and bootstrap before application JavaScript
AssertionError: expected 'var(--font-family)' to be 'system-ui,-apple-system,BlinkMacSyste…' // Object.is equality

Expected: "system-ui,-apple-system,BlinkMacSystemFont,"Segoe UI",sans-serif"
Received: "var(--font-family)"

 ❯ apps/web/tests/components.test.tsx:108:31
    106|         expect(bootstrap).toContain(`animation-duration:${tokens.motio…
    107|         const bootstrapFont=bootstrap.match(/font-family:([^;}]+)/)?.[…
    108|         expect(bootstrapFont).toBe(tokens.fontFamily.split(',').map(fo…
       |                               ^
    109|         expect(bootstrap).toContain('@media(forced-colors:active)');
    110|     });

⎯⎯⎯⎯⎯⎯⎯⎯⎯⎯⎯⎯⎯⎯⎯⎯⎯⎯⎯⎯⎯⎯⎯⎯[1/1]⎯


 Test Files  1 failed | 9 passed (10)
      Tests  1 failed | 87 passed (88)
   Start at  04:46:36
   Duration  5.71s (tests 49%, environment 21%, import 16%, transform 7%, setup 7%)

