{
  "task": "UI028.W24",
  "phase": "post-source-edit",
  "captures": 6,
  "layoutReport": {
    "file": "layout-after-spacing-current-2026-10-06.json",
    "checkerStatus": "FAIL",
    "files": 67,
    "totalFindings": 20,
    "inboxIndexFindings": 0,
    "conversationComponentFindings": 0
  },
  "writes": [],
  "apiErrors": [],
  "pageErrors": [],
  "sourceHashes": {
    "apps/web/src/modules/inbox/index.tsx": "ec76f1a8216e106c8ab9d3f196770ad3daefdf5d96ca50e7a8229783bad0bbb7",
    "apps/web/src/modules/inbox/conversation-components.tsx": "bd1e1ed2b804628fca7d67692f27bdc95eb4441e9dd23b297d68dd26ae52abcb",
    "apps/web/src/shared/ui/layout.ts": "aae5892995033f7522520d5403a049886059bb378280f68a5130d95928cceec6",
    "apps/web/src/shared/ui/components.tsx": "66be880a201fe2a490a21b8332fbe6be934d12a2339d48632e519ff624834301",
    "botsales-kit/contracts/route-manifest.json": "360871c008fac723cfc77dec79417838d24d4fae844452909eb347ec8893f2b2",
    "botsales-kit/contracts/openapi.json": "d88a70957a9de36402ff5ac0cb757a2f1c496519c7e1fd2e28df17e867f78c7c",
    "UX-CONTRACT.md": "da010abf3cf9ba37fd3ad9f7ee3ee201adf985d8a84c3fef2ff7469b5d2e72f2",
    "botsales-kit/design/tokens.json": "b4083eb2032d9ebac7f1f793f3aae1cda6a30e075b0dd9e19f241567651d1895",
    "docs/FRONTEND_SPACING_STANDARD.md": "7b197734417a1255c947b094b1d0c4ef9058be187a89fa7ee08cd3171d4f20df"
  }
}
