vite v7.3.6 building client environment for demo...
transforming...
✓ 2272 modules transformed.

(!) outDir C:\Users\Joker-PC\AppData\Local\Temp\botsales-w24-demo-5abb2b163fd04a77bea29cf380be48c7 is not inside project root and will not be emptied.
Use --emptyOutDir to override.

rendering chunks...
computing gzip size...
../../../../../../AppData/Local/Temp/botsales-w24-demo-5abb2b163fd04a77bea29cf380be48c7/index.html                              1.19 kB │ gzip:   0.60 kB
../../../../../../AppData/Local/Temp/botsales-w24-demo-5abb2b163fd04a77bea29cf380be48c7/assets/index-CNveuCZ2.css               2.48 kB │ gzip:   0.99 kB
../../../../../../AppData/Local/Temp/botsales-w24-demo-5abb2b163fd04a77bea29cf380be48c7/assets/download-CWiaXb8A.js             0.24 kB │ gzip:   0.17 kB
../../../../../../AppData/Local/Temp/botsales-w24-demo-5abb2b163fd04a77bea29cf380be48c7/assets/filters-BJmJubfC.js              0.31 kB │ gzip:   0.23 kB
../../../../../../AppData/Local/Temp/botsales-w24-demo-5abb2b163fd04a77bea29cf380be48c7/assets/control-B9mHuWYJ.js              0.72 kB │ gzip:   0.43 kB
../../../../../../AppData/Local/Temp/botsales-w24-demo-5abb2b163fd04a77bea29cf380be48c7/assets/hooks-DeoGTeJ3.js                3.19 kB │ gzip:   1.62 kB
../../../../../../AppData/Local/Temp/botsales-w24-demo-5abb2b163fd04a77bea29cf380be48c7/assets/index-BxkdpFtI.js                8.51 kB │ gzip:   3.37 kB
../../../../../../AppData/Local/Temp/botsales-w24-demo-5abb2b163fd04a77bea29cf380be48c7/assets/index-BpROI0uf.js                8.68 kB │ gzip:   3.65 kB
../../../../../../AppData/Local/Temp/botsales-w24-demo-5abb2b163fd04a77bea29cf380be48c7/assets/index-BMuLNOLu.js                9.47 kB │ gzip:   3.60 kB
../../../../../../AppData/Local/Temp/botsales-w24-demo-5abb2b163fd04a77bea29cf380be48c7/assets/index-BAlM-Rbb.js               13.29 kB │ gzip:   5.46 kB
../../../../../../AppData/Local/Temp/botsales-w24-demo-5abb2b163fd04a77bea29cf380be48c7/assets/index-CZLsFq8r.js               13.52 kB │ gzip:   4.46 kB
../../../../../../AppData/Local/Temp/botsales-w24-demo-5abb2b163fd04a77bea29cf380be48c7/assets/index-CeRfiM1i.js               13.91 kB │ gzip:   5.24 kB
../../../../../../AppData/Local/Temp/botsales-w24-demo-5abb2b163fd04a77bea29cf380be48c7/assets/index-gBSfEXtK.js               16.61 kB │ gzip:   5.47 kB
../../../../../../AppData/Local/Temp/botsales-w24-demo-5abb2b163fd04a77bea29cf380be48c7/assets/index-Tw5DCYHr.js               17.65 kB │ gzip:   6.20 kB
../../../../../../AppData/Local/Temp/botsales-w24-demo-5abb2b163fd04a77bea29cf380be48c7/assets/index-BvpXJm8a.js               18.29 kB │ gzip:   6.17 kB
../../../../../../AppData/Local/Temp/botsales-w24-demo-5abb2b163fd04a77bea29cf380be48c7/assets/index-B2muRRQq.js               18.34 kB │ gzip:   6.10 kB
../../../../../../AppData/Local/Temp/botsales-w24-demo-5abb2b163fd04a77bea29cf380be48c7/assets/index-ChyqGLbt.js               22.26 kB │ gzip:   7.54 kB
../../../../../../AppData/Local/Temp/botsales-w24-demo-5abb2b163fd04a77bea29cf380be48c7/assets/index-BLkgC4Qs.js               22.39 kB │ gzip:   7.73 kB
../../../../../../AppData/Local/Temp/botsales-w24-demo-5abb2b163fd04a77bea29cf380be48c7/assets/index-EoMgo208.js               23.11 kB │ gzip:   8.22 kB
../../../../../../AppData/Local/Temp/botsales-w24-demo-5abb2b163fd04a77bea29cf380be48c7/assets/index-BFuyYo4D.js               26.41 kB │ gzip:   8.56 kB
../../../../../../AppData/Local/Temp/botsales-w24-demo-5abb2b163fd04a77bea29cf380be48c7/assets/query-5vm9EU1C.js               33.15 kB │ gzip:   9.92 kB
../../../../../../AppData/Local/Temp/botsales-w24-demo-5abb2b163fd04a77bea29cf380be48c7/assets/index-Cw1csE_7.js               33.40 kB │ gzip:  10.46 kB
../../../../../../AppData/Local/Temp/botsales-w24-demo-5abb2b163fd04a77bea29cf380be48c7/assets/index-Cdad6T7v.js               37.31 kB │ gzip:  10.04 kB
../../../../../../AppData/Local/Temp/botsales-w24-demo-5abb2b163fd04a77bea29cf380be48c7/assets/i18n-xB0mQYCC.js                46.14 kB │ gzip:  15.12 kB
../../../../../../AppData/Local/Temp/botsales-w24-demo-5abb2b163fd04a77bea29cf380be48c7/assets/schemas-jpQ0XMzw.js             79.18 kB │ gzip:  24.03 kB
../../../../../../AppData/Local/Temp/botsales-w24-demo-5abb2b163fd04a77bea29cf380be48c7/assets/index-qQrApTN8.js               80.15 kB │ gzip:  26.40 kB
../../../../../../AppData/Local/Temp/botsales-w24-demo-5abb2b163fd04a77bea29cf380be48c7/assets/schema-validation-Bhr7oAQE.js  149.80 kB │ gzip:  45.12 kB
../../../../../../AppData/Local/Temp/botsales-w24-demo-5abb2b163fd04a77bea29cf380be48c7/assets/service-C09KbfDh.js            159.35 kB │ gzip:  34.71 kB
../../../../../../AppData/Local/Temp/botsales-w24-demo-5abb2b163fd04a77bea29cf380be48c7/assets/browser-BXo3kcft.js            255.20 kB │ gzip:  86.82 kB
../../../../../../AppData/Local/Temp/botsales-w24-demo-5abb2b163fd04a77bea29cf380be48c7/assets/contract-data-Bmlj3jVV.js      267.78 kB │ gzip:  36.38 kB
../../../../../../AppData/Local/Temp/botsales-w24-demo-5abb2b163fd04a77bea29cf380be48c7/assets/react-runtime-D0NtfbPC.js      279.78 kB │ gzip:  90.28 kB
../../../../../../AppData/Local/Temp/botsales-w24-demo-5abb2b163fd04a77bea29cf380be48c7/assets/charts-RcpaDpmM.js             313.03 kB │ gzip:  94.99 kB
../../../../../../AppData/Local/Temp/botsales-w24-demo-5abb2b163fd04a77bea29cf380be48c7/assets/mui-azn9KfGV.js                328.33 kB │ gzip: 100.02 kB
✓ built in 3.35s
