
> botsales-frontend@0.1.0 verify
> npm run generate:check && npm run test:source && npm run boundaries && npm run lint && npm run typecheck && npm run test:domain && npm test && npm run build && npm run test:layout


> botsales-frontend@0.1.0 generate:check
> node scripts/generate.mjs --check

{"status":"PASS","outputs":11,"schemas":283,"operations":210,"routes":54}

> botsales-frontend@0.1.0 test:source
> node scripts/check-source.mjs && node --test tests/source-checker.test.mjs

{
  "checkedAt": "2026-10-05T10:06:29.161Z",
  "scope": "Syntax, operation identifiers, route-source mapping, permissions and token adoption. NOT React typecheck, build or browser test.",
  "compiler": "5.9.2",
  "compilerSource": "project dependency",
  "files": 66,
  "operationCalls": 220,
  "routes": 54,
  "issues": [],
  "status": "PASS"
}
✔ module path classification accepts Windows and POSIX spellings, but excludes app files (1.0545ms)
✔ the source-checker CLI rejects a prohibited color literal in a module (157.6781ms)
✔ the source-checker CLI accepts a token-based module and leaves app-level colors outside the rule (187.9493ms)
ℹ tests 3
ℹ suites 0
ℹ pass 3
ℹ fail 0
ℹ cancelled 0
ℹ skipped 0
ℹ todo 0
ℹ duration_ms 400.7282

> botsales-frontend@0.1.0 boundaries
> node scripts/check-boundaries.mjs

{
  "checkedAt": "2026-10-05T10:06:31.800Z",
  "scope": "AST imports resolve aliases/relative paths, module boundaries and cycles; parser diagnostics are errors",
  "files": 66,
  "imports": 432,
  "negativeFixtures": "Boundary fixtures: PASS 10/10 scenarios (allowed shared/public imports, alias, relative, app deep import, type-only, dynamic, unresolved, cycle, parser error).",
  "status": "PASS",
  "issues": []
}

> botsales-frontend@0.1.0 lint
> eslint apps/web/src --max-warnings 0


> botsales-frontend@0.1.0 typecheck
> tsc -p apps/web/tsconfig.json --noEmit


> botsales-frontend@0.1.0 test:domain
> node scripts/test-domain.mjs

{"status":"PASS","simulatorChecks":75,"networkChecks":13,"networkHandlers":210,"passed":88,"operations":89,"node":"v24.19.0","typescript":"5.9.2"}

> botsales-frontend@0.1.0 test
> vitest run --config apps/web/vitest.config.ts


 RUN  v5.0.3 C:/Users/Joker-PC/Documents/Projects/Bot-AI-Ban-hang-FB/BotSalesAI_Frontend

[BABEL] Note: The code generator has deoptimised the styling of C:\Users\Joker-PC\AppData\Local\Temp\botsales-vite-cache\ea27c7577456f6009d55\direct-vite\19756\deps\react-dom_client.js?v=13ea2e6f as it exceeds the max of 500KB.

 Test Files  10 passed (10)
      Tests  85 passed (85)
   Start at  17:06:41
   Duration  5.60s (tests 46%, environment 24%, import 15%, setup 7%, transform 7%)


> botsales-frontend@0.1.0 build
> npm run generate:check && npm run typecheck && npm run build --workspace @botsales/web


> botsales-frontend@0.1.0 generate:check
> node scripts/generate.mjs --check

{"status":"PASS","outputs":11,"schemas":283,"operations":210,"routes":54}

> botsales-frontend@0.1.0 typecheck
> tsc -p apps/web/tsconfig.json --noEmit


> @botsales/web@0.1.0 build
> vite build --mode production

vite v7.3.6 building client environment for production...
transforming...
✓ 2055 modules transformed.
rendering chunks...
computing gzip size...
dist/index.html                              1.19 kB │ gzip:   0.60 kB
dist/assets/index-v_6AJcWh.css               2.36 kB │ gzip:   0.95 kB
dist/assets/download-8lJFmiSZ.js             0.23 kB │ gzip:   0.17 kB
dist/assets/filters-BJmJubfC.js              0.31 kB │ gzip:   0.23 kB
dist/assets/hooks-6c3d6vKr.js                3.19 kB │ gzip:   1.62 kB
dist/assets/index-DEFLoV2B.js                7.79 kB │ gzip:   3.13 kB
dist/assets/index-B6F_GGAe.js                8.48 kB │ gzip:   3.61 kB
dist/assets/index-yQ5aA4p3.js                9.00 kB │ gzip:   3.48 kB
dist/assets/index-BBNSN205.js               13.12 kB │ gzip:   5.41 kB
dist/assets/index-BwimRYZg.js               13.33 kB │ gzip:   4.42 kB
dist/assets/index-CNR_dvuM.js               13.42 kB │ gzip:   5.04 kB
dist/assets/index-DdPgrMOr.js               13.88 kB │ gzip:   5.36 kB
dist/assets/index-CsP7Z4-J.js               15.87 kB │ gzip:   5.37 kB
dist/assets/index-BjBPmAuT.js               16.02 kB │ gzip:   5.34 kB
dist/assets/index-MwxLHBb_.js               17.19 kB │ gzip:   6.08 kB
dist/assets/index-ud072nqa.js               18.06 kB │ gzip:   6.02 kB
dist/assets/index-Cf6i_hZp.js               21.55 kB │ gzip:   7.34 kB
dist/assets/index-BxNKBlXc.js               22.38 kB │ gzip:   8.06 kB
dist/assets/index-DxmA1DJw.js               25.65 kB │ gzip:   8.35 kB
dist/assets/index-BhlVagTb.js               31.02 kB │ gzip:   9.67 kB
dist/assets/query-5vm9EU1C.js               33.15 kB │ gzip:   9.92 kB
dist/assets/index-vFbgn9Ml.js               36.84 kB │ gzip:  10.01 kB
dist/assets/i18n-xB0mQYCC.js                46.14 kB │ gzip:  15.12 kB
dist/assets/index-Dr4GE2gu.js               70.83 kB │ gzip:  23.87 kB
dist/assets/schemas-jpQ0XMzw.js             79.18 kB │ gzip:  24.03 kB
dist/assets/schema-validation-Bhr7oAQE.js  149.80 kB │ gzip:  45.12 kB
dist/assets/contract-data-Dmdv2cKW.js      262.00 kB │ gzip:  35.24 kB
dist/assets/react-runtime-D0NtfbPC.js      279.78 kB │ gzip:  90.28 kB
dist/assets/charts-CQ4oecFO.js             313.03 kB │ gzip:  94.99 kB
dist/assets/mui-Bz_aCSm2.js                328.33 kB │ gzip: 100.02 kB
✓ built in 2.73s

> botsales-frontend@0.1.0 test:layout
> node --test tests/layout-checker.test.mjs && node scripts/check-layout.mjs

✔ accepts semantic bridge roles, the closed token-derived factor map, geometry, and reset values (194.3071ms)
✔ rejects scale-conforming and off-scale literals in sx, responsive leaves, named and namespace MUI System props (206.2934ms)
✔ follows local aliases and style callbacks; rejects theme spacing helpers and preset overrides (206.3433ms)
✔ scans nested slotProps but does not confuse event handlers or geometric dimensions with spacing (202.7671ms)
✔ accepts only an exact CSS exception and reports stale or mismatched exception scope (604.4607ms)
✔ rejects malformed TypeScript, malformed CSS, bad exception schema, and raw values in the bridge (910.1925ms)
✔ rejects canonical pixel tokens used as MUI factors and an altered bridge factor table (434.8905ms)
✔ report mode inventories migration debt without turning findings into PASS (196.1552ms)
ℹ tests 8
ℹ suites 0
ℹ pass 8
ℹ fail 0
ℹ cancelled 0
ℹ skipped 0
ℹ todo 0
ℹ duration_ms 3009.857
layout-check FAIL: 67 source files, 505 finding(s), 1 exception(s) used
  CSS_SPACING_LITERAL: 1
  SPACING_LITERAL: 502
  UNKNOWN_STYLE_SOURCE: 2
Migration debt by component:
  app-shell: 53 finding(s)
  module:inbox: 47 finding(s)
  shared-ui: 40 finding(s)
  module:workspace: 38 finding(s)
  module:dashboard: 37 finding(s)
  module:procurement: 37 finding(s)
  module:operations: 32 finding(s)
  module:bot: 28 finding(s)
  module:finance: 28 finding(s)
  module:orders: 27 finding(s)
  module:notifications: 25 finding(s)
  module:catalog: 24 finding(s)
  module:knowledge: 20 finding(s)
  module:reports: 20 finding(s)
  module:fulfillment: 17 finding(s)
  module:customers: 15 finding(s)
  module:integrations: 13 finding(s)
  module:inventory: 4 finding(s)
Most affected files:
  apps/web/src/shared/ui/components.tsx: 39 finding(s)
  apps/web/src/app/Shell.tsx: 38 finding(s)
  apps/web/src/modules/workspace/index.tsx: 38 finding(s)
  apps/web/src/modules/dashboard/index.tsx: 37 finding(s)
  apps/web/src/modules/procurement/index.tsx: 37 finding(s)
  apps/web/src/modules/inbox/index.tsx: 36 finding(s)
  apps/web/src/modules/operations/index.tsx: 32 finding(s)
  apps/web/src/modules/bot/index.tsx: 28 finding(s)
  apps/web/src/modules/finance/index.tsx: 28 finding(s)
  apps/web/src/modules/orders/index.tsx: 27 finding(s)
  apps/web/src/modules/notifications/index.tsx: 25 finding(s)
  apps/web/src/modules/knowledge/index.tsx: 20 finding(s)
  apps/web/src/modules/reports/index.tsx: 20 finding(s)
  apps/web/src/modules/catalog/index.tsx: 17 finding(s)
  apps/web/src/modules/fulfillment/index.tsx: 17 finding(s)
  apps/web/src/app/bootstrap.css:1:662 CSS_SPACING_LITERAL margin=24px
  apps/web/src/app/CommandRecovery.tsx:37:33 SPACING_LITERAL mx=2
  apps/web/src/app/CommandRecovery.tsx:37:40 SPACING_LITERAL mx=4
  apps/web/src/app/CommandRecovery.tsx:37:49 SPACING_LITERAL mt=2
  apps/web/src/app/CommandRecovery.tsx:37:344 SPACING_LITERAL spacing=.5
  apps/web/src/app/CommandRecovery.tsx:37:358 SPACING_LITERAL my=1
  apps/web/src/app/CommandRecovery.tsx:37:446 SPACING_LITERAL gap=1
  apps/web/src/app/feedback.tsx:17:104 SPACING_LITERAL gap=2
  apps/web/src/app/router.tsx:128:43 SPACING_LITERAL p=3
  apps/web/src/app/router.tsx:143:264 SPACING_LITERAL p=4
  apps/web/src/app/router.tsx:143:394 SPACING_LITERAL my=2
  apps/web/src/app/router.tsx:143:587 SPACING_LITERAL gap=1
  apps/web/src/app/router.tsx:144:93 SPACING_LITERAL p=4
  apps/web/src/app/ScopeEvents.tsx:52:63 SPACING_LITERAL mx=2
  apps/web/src/app/ScopeEvents.tsx:52:70 SPACING_LITERAL mt=1
  apps/web/src/app/Shell.tsx:92:49 SPACING_LITERAL m='12vh auto'
  apps/web/src/app/Shell.tsx:92:65 SPACING_LITERAL p=3
  apps/web/src/app/Shell.tsx:92:234 SPACING_LITERAL mt=2
  apps/web/src/app/Shell.tsx:96:30 SPACING_LITERAL p=4
  apps/web/src/app/Shell.tsx:100:30 SPACING_LITERAL p=4
  apps/web/src/app/Shell.tsx:105:51 SPACING_LITERAL gap=1.2
  apps/web/src/app/Shell.tsx:105:66 SPACING_LITERAL px=2.5
  apps/web/src/app/Shell.tsx:105:75 SPACING_LITERAL py=3
  apps/web/src/app/Shell.tsx:106:18 SPACING_LITERAL px=2
  apps/web/src/app/Shell.tsx:106:25 SPACING_LITERAL mb=1
  apps/web/src/app/Shell.tsx:107:46 SPACING_LITERAL px=1.25
  apps/web/src/app/Shell.tsx:107:56 SPACING_LITERAL pb=2
  apps/web/src/app/Shell.tsx:107:305 SPACING_LITERAL mt=2
  apps/web/src/app/Shell.tsx:107:332 SPACING_LITERAL px=1.5
  apps/web/src/app/Shell.tsx:107:417 SPACING_LITERAL mb=.7
  apps/web/src/app/Shell.tsx:108:32 SPACING_LITERAL py=.8
  apps/web/src/app/Shell.tsx:108:40 SPACING_LITERAL mb=.3
  apps/web/src/app/Shell.tsx:110:66 SPACING_LITERAL spacing=1.1
  apps/web/src/app/Shell.tsx:110:80 SPACING_LITERAL p=2
  apps/web/src/app/Shell.tsx:114:264 SPACING_LITERAL gap=1
  apps/web/src/app/Shell.tsx:114:298 SPACING_LITERAL px=2
  apps/web/src/app/Shell.tsx:114:305 SPACING_LITERAL px=4
  apps/web/src/app/Shell.tsx:115:51 SPACING_LITERAL gap=1
  apps/web/src/app/Shell.tsx:115:333 SPACING_LITERAL mx=1
  apps/web/src/app/Shell.tsx:116:51 SPACING_LITERAL gap=1.5
  ... 465 additional finding(s); use --json for the complete inventory
