[WebServer] (node:26440) Warning: The 'NO_COLOR' env is ignored due to the 'FORCE_COLOR' env being set.
[WebServer] (Use `node --trace-warnings ...` to show where the warning was created)


Running 14 tests using 1 worker

(node:85808) Warning: The 'NO_COLOR' env is ignored due to the 'FORCE_COLOR' env being set.
(Use `node --trace-warnings ...` to show where the warning was created)


[1/14] [chromium] › tests\ui-component-layout.spec.ts:39:1 › A01 order lines keep intrinsic remove actions with clean and invalid quantities
[WebServer] [BABEL] Note: The code generator has deoptimised the styling of C:\Users\Joker-PC\AppData\Local\Temp\botsales-vite-cache\ea27c7577456f6009d55\playwright-webserver\playwright-41164-de61fd6c-dc19-4a94-8030-13ac09eeb245\deps\react-dom_client.js?v=38e6e174 as it exceeds the max of 500KB.

[2/14] [chromium] › tests\ui-component-layout.spec.ts:60:1 › A02 product editors align category and status faces independently from lookup metadata
[3/14] [chromium] › tests\ui-component-layout.spec.ts:83:1 › A03 import mapping preserves natural remove actions and editable mappings
[4/14] [chromium] › tests\ui-component-layout.spec.ts:103:1 › A04 full precision money wraps outside tables and remains unbroken in the named scroll region
[5/14] [chromium] › tests\ui-component-layout.spec.ts:129:1 › A05 status height follows its own label while long labels remain fully readable
[6/14] [chromium] › tests\ui-component-layout.spec.ts:148:1 › A06 Empty wraps unbroken reference text and retains its keyboard action
[7/14] [chromium] › tests\ui-component-layout.spec.ts:161:1 › A07 locked order addresses expose full text and edit lines retain intrinsic actions
(node:344) Warning: The 'NO_COLOR' env is ignored due to the 'FORCE_COLOR' env being set.
(Use `node --trace-warnings ...` to show where the warning was created)


[8/14] [firefox] › tests\ui-component-layout.spec.ts:39:1 › A01 order lines keep intrinsic remove actions with clean and invalid quantities
[9/14] [firefox] › tests\ui-component-layout.spec.ts:60:1 › A02 product editors align category and status faces independently from lookup metadata
[10/14] [firefox] › tests\ui-component-layout.spec.ts:83:1 › A03 import mapping preserves natural remove actions and editable mappings
[11/14] [firefox] › tests\ui-component-layout.spec.ts:103:1 › A04 full precision money wraps outside tables and remains unbroken in the named scroll region
[12/14] [firefox] › tests\ui-component-layout.spec.ts:129:1 › A05 status height follows its own label while long labels remain fully readable
[13/14] [firefox] › tests\ui-component-layout.spec.ts:148:1 › A06 Empty wraps unbroken reference text and retains its keyboard action
[14/14] [firefox] › tests\ui-component-layout.spec.ts:161:1 › A07 locked order addresses expose full text and edit lines retain intrinsic actions
  14 passed (1.6m)
