✔ P10/P15 catch alias and neutral-wrapper duplicate insets through fragments and conditionals (847.9896ms)
✔ P20 resolves shared composition identities through a barrel and const component aliases (487.1802ms)
✔ P11/P13 catch static element access roles on every MUI surface, including Paper (435.0299ms)
✔ P12 checks React createElement and JSX-runtime element factories (455.197ms)
✔ P14 resolves bodyMode literal aliases and fails closed when ownership is unknown (1386.8994ms)
✔ checks Panel ancestry when React elements are created natively (336.5176ms)
✔ keeps independent nested surfaces and portaled dialogs as separate owners (740.7015ms)
✔ accepts finite bodyMode branches and every mode in the public component contracts (1060.1179ms)
✔ stops inherited gap ownership at Panels and independent bordered surfaces (620.4982ms)
✔ tracks gaps through fragments, conditions and ready QueryState, but not inside DOM wrappers (340.6946ms)
✔ applies the same finite modes and wrapper boundaries to native React factories (652.9065ms)
✔ recognizes native outlined Paper and nested Box surface inset boundaries (661.4258ms)
✔ fails closed when an unresolved custom wrapper obscures a semantic gap owner (327.4596ms)
✔ rejects unsupported placement and rhythm values while accepting finite aliases and branches (592.011ms)
✔ rejects unsupported finite values through React element factories (586.3079ms)
✔ accepts semantic composition, closed geometry and business-specific MUI primitives (7.3877ms)
✔ rejects rebuilding each shared spacing owner at a consumer (2.9913ms)
✔ follows aliases, local style variables, object spreads and namespace imports (1.395ms)
✔ rejects direct and spread spacing overrides on semantic components (0.9804ms)
✔ rejects spacing or opaque spreads hidden in geometry (0.3563ms)
✔ allows the canonical owner implementation and fails closed on malformed source (1.4349ms)
✔ rejects duplicated parent boundary and duplicated Panel inset (0.8971ms)
✔ checks default MUI imports and fails closed for opaque geometry (0.6026ms)
✔ distinguishes content grids from flex flows when reporting the shared owner (0.3411ms)
✔ rejects page spacing for paired fields and peer Panels without a section gap owner (2.334ms)
✔ related sibling gaps belong to ActionGroup comfortable density, not consumer Stack styles (0.7144ms)
✔ Amount consumers declare wrapping outside DataTable columns and keep table money unbroken (33.7502ms)
✔ the shared catalog covers every public React component and supporting Column type (45.8444ms)
✔ SPC-067 covers discovered public Shared APIs without a fixed export count (1.2397ms)
✔ every public React API has a direct rendered contract test (1.7758ms)
✔ catalog declaration lines and stated JSX counts match resolved source symbols (30.9069ms)
✔ every shared React export has a resolved production consumer or an explicit zero-use lifecycle decision (32.1803ms)
✔ required UI evidence and regression gates remain wired to root verify and the active parent workflow (0.6065ms)
✔ composition prop allowlists match the TypeScript owners exactly (0.3215ms)
✔ QueryState uses only the approved inline and section pending profiles (0.4284ms)
✔ QueryState consumers reserve section loading for primary content and keep every other state inline by default (33.5323ms)
✔ body modes, placement roles and geometry keys match the TypeScript contracts (1.4441ms)
✔ Panel geometry and DataTable columns remain closed public contracts (6.8488ms)
✔ shared component and composition props expose no arbitrary layout/style escape hatch (0.3406ms)
✔ layout role types, runtime values, consumers and ownership documentation stay closed (3152.7138ms)
ℹ tests 40
ℹ suites 0
ℹ pass 40
ℹ fail 0
ℹ cancelled 0
ℹ skipped 0
ℹ todo 0
ℹ duration_ms 10126.5062
