{
  "result": "PASS",
  "scenarios": [
    {
      "id": "order",
      "route": "/s/shop-demo/orders/new",
      "result": "PASS",
      "browserZoom": {
        "startingZoom": 1,
        "before": 1,
        "requested": 2,
        "reported": 2,
        "tabUrl": "http://127.0.0.1:54354/s/shop-demo/orders/new"
      },
      "renderedAfterZoom": {
        "cssViewport": {
          "url": "http://127.0.0.1:54354/s/shop-demo/orders/new",
          "width": 640,
          "height": 360
        },
        "devicePixelRatio": 2,
        "documentWidth": 640
      },
      "issues": [],
      "pageErrors": []
    },
    {
      "id": "product",
      "route": "/s/shop-demo/products/new",
      "result": "PASS",
      "browserZoom": {
        "startingZoom": 2,
        "before": 1,
        "requested": 2,
        "reported": 2,
        "tabUrl": "http://127.0.0.1:54354/s/shop-demo/products/new"
      },
      "renderedAfterZoom": {
        "cssViewport": {
          "url": "http://127.0.0.1:54354/s/shop-demo/products/new",
          "width": 640,
          "height": 360
        },
        "devicePixelRatio": 2,
        "documentWidth": 635
      },
      "issues": [],
      "pageErrors": []
    },
    {
      "id": "import",
      "route": "/s/shop-demo/imports",
      "result": "PASS",
      "browserZoom": {
        "startingZoom": 2,
        "before": 1,
        "requested": 2,
        "reported": 2,
        "tabUrl": "http://127.0.0.1:54354/s/shop-demo/imports"
      },
      "renderedAfterZoom": {
        "cssViewport": {
          "url": "http://127.0.0.1:54354/s/shop-demo/imports",
          "width": 640,
          "height": 360
        },
        "devicePixelRatio": 2,
        "documentWidth": 635
      },
      "issues": [],
      "pageErrors": []
    },
    {
      "id": "money",
      "route": "/s/shop-demo/products",
      "result": "PASS",
      "browserZoom": {
        "startingZoom": 2,
        "before": 1,
        "requested": 2,
        "reported": 2,
        "tabUrl": "http://127.0.0.1:54354/s/shop-demo/products"
      },
      "renderedAfterZoom": {
        "cssViewport": {
          "url": "http://127.0.0.1:54354/s/shop-demo/products",
          "width": 640,
          "height": 360
        },
        "devicePixelRatio": 2,
        "documentWidth": 635
      },
      "issues": [],
      "pageErrors": []
    },
    {
      "id": "status",
      "route": "/s/shop-demo/products",
      "result": "PASS",
      "browserZoom": {
        "startingZoom": 2,
        "before": 1,
        "requested": 2,
        "reported": 2,
        "tabUrl": "http://127.0.0.1:54354/s/shop-demo/products"
      },
      "renderedAfterZoom": {
        "cssViewport": {
          "url": "http://127.0.0.1:54354/s/shop-demo/products",
          "width": 640,
          "height": 360
        },
        "devicePixelRatio": 2,
        "documentWidth": 635
      },
      "issues": [],
      "pageErrors": []
    },
    {
      "id": "empty",
      "route": "/s/shop-demo/products",
      "result": "PASS",
      "browserZoom": {
        "startingZoom": 2,
        "before": 1,
        "requested": 2,
        "reported": 2,
        "tabUrl": "http://127.0.0.1:54354/s/shop-demo/products"
      },
      "renderedAfterZoom": {
        "cssViewport": {
          "url": "http://127.0.0.1:54354/s/shop-demo/products",
          "width": 640,
          "height": 360
        },
        "devicePixelRatio": 2,
        "documentWidth": 635
      },
      "issues": [],
      "pageErrors": []
    },
    {
      "id": "address",
      "route": "/s/shop-demo/orders",
      "result": "PASS",
      "browserZoom": {
        "startingZoom": 2,
        "before": 1,
        "requested": 2,
        "reported": 2,
        "tabUrl": "http://127.0.0.1:54354/s/shop-demo/orders"
      },
      "renderedAfterZoom": {
        "cssViewport": {
          "url": "http://127.0.0.1:54354/s/shop-demo/orders",
          "width": 640,
          "height": 360
        },
        "devicePixelRatio": 2,
        "documentWidth": 635
      },
      "issues": [],
      "pageErrors": []
    }
  ],
  "evidence": "evidence\\frontend-component-fixes-20261008\\actual-browser-zoom-200-current-components-native-r5-20261008.json"
}
