[WebServer] (node:59364) Warning: The 'NO_COLOR' env is ignored due to the 'FORCE_COLOR' env being set.
[WebServer] (Use `node --trace-warnings ...` to show where the warning was created)


Running 2 tests using 1 worker

(node:62584) Warning: The 'NO_COLOR' env is ignored due to the 'FORCE_COLOR' env being set.
(Use `node --trace-warnings ...` to show where the warning was created)


[1/2] [chromium] › tests\fe016.spec.ts:101:1 › FE016 conversation keeps its composer visible while long demo context scrolls independently
[WebServer] [BABEL] Note: The code generator has deoptimised the styling of C:\Users\Joker-PC\AppData\Local\Temp\botsales-vite-cache\ea27c7577456f6009d55\playwright-webserver\playwright-38976-32f3d69e-7edb-4f4a-bcb8-d102b8bcd6f3\deps\react-dom_client.js?v=5ee67bde as it exceeds the max of 500KB.

  1) [chromium] › tests\fe016.spec.ts:101:1 › FE016 conversation keeps its composer visible while long demo context scrolls independently 

    Error: expect(received).toBeLessThanOrEqual(expected)

    Expected: <= 990.84375
    Received:    998.390625

      129 |     expect(layout.contextScrollHeight).toBeGreaterThan(layout.contextHeight);
      130 |     expect(layout.messageHeight).toBeLessThanOrEqual(550);
    > 131 |     expect(layout.composerBottom).toBeLessThanOrEqual(layout.threadBottom + 1);
          |                                   ^
      132 | });
      133 |
      134 | test('FE016.AC01 inbox filters call canonical query fields and remain bookmarked through conversation details', async ({ page }) => {
        at C:\Users\Joker-PC\Documents\Projects\Bot-AI-Ban-hang-FB\BotSalesAI_Frontend\tests\fe016.spec.ts:131:35

    Error Context: test-results\playwright-62584-b3c60a5f-2fb5-4073-a64e-0a85c01c95ee\fe016-FE016-conversation-k-dceb6-ntext-scrolls-independently-chromium\error-context.md

    Error Context: test-results\playwright-62584-b3c60a5f-2fb5-4073-a64e-0a85c01c95ee\fe016-FE016-conversation-k-dceb6-ntext-scrolls-independently-chromium\error-context.md

    attachment #3: trace (application/zip) ─────────────────────────────────────────────────────────
    test-results\playwright-62584-b3c60a5f-2fb5-4073-a64e-0a85c01c95ee\fe016-FE016-conversation-k-dceb6-ntext-scrolls-independently-chromium\trace.zip
    Usage:

        npx playwright show-trace test-results\playwright-62584-b3c60a5f-2fb5-4073-a64e-0a85c01c95ee\fe016-FE016-conversation-k-dceb6-ntext-scrolls-independently-chromium\trace.zip

    ────────────────────────────────────────────────────────────────────────────────────────────────


(node:92432) Warning: The 'NO_COLOR' env is ignored due to the 'FORCE_COLOR' env being set.
(Use `node --trace-warnings ...` to show where the warning was created)


[2/2] [firefox] › tests\fe016.spec.ts:101:1 › FE016 conversation keeps its composer visible while long demo context scrolls independently
  2) [firefox] › tests\fe016.spec.ts:101:1 › FE016 conversation keeps its composer visible while long demo context scrolls independently 

    Error: expect(received).toBeLessThanOrEqual(expected)

    Expected: <= 990.8500061035156
    Received:    998.4000244140625

      129 |     expect(layout.contextScrollHeight).toBeGreaterThan(layout.contextHeight);
      130 |     expect(layout.messageHeight).toBeLessThanOrEqual(550);
    > 131 |     expect(layout.composerBottom).toBeLessThanOrEqual(layout.threadBottom + 1);
          |                                   ^
      132 | });
      133 |
      134 | test('FE016.AC01 inbox filters call canonical query fields and remain bookmarked through conversation details', async ({ page }) => {
        at C:\Users\Joker-PC\Documents\Projects\Bot-AI-Ban-hang-FB\BotSalesAI_Frontend\tests\fe016.spec.ts:131:35

    Error Context: test-results\playwright-92432-d65acb96-9a32-4bd9-824d-72da4fe1cc65\fe016-FE016-conversation-k-dceb6-ntext-scrolls-independently-firefox\error-context.md

    Error Context: test-results\playwright-92432-d65acb96-9a32-4bd9-824d-72da4fe1cc65\fe016-FE016-conversation-k-dceb6-ntext-scrolls-independently-firefox\error-context.md

    attachment #3: trace (application/zip) ─────────────────────────────────────────────────────────
    test-results\playwright-92432-d65acb96-9a32-4bd9-824d-72da4fe1cc65\fe016-FE016-conversation-k-dceb6-ntext-scrolls-independently-firefox\trace.zip
    Usage:

        npx playwright show-trace test-results\playwright-92432-d65acb96-9a32-4bd9-824d-72da4fe1cc65\fe016-FE016-conversation-k-dceb6-ntext-scrolls-independently-firefox\trace.zip

    ────────────────────────────────────────────────────────────────────────────────────────────────


  2 failed
    [chromium] › tests\fe016.spec.ts:101:1 › FE016 conversation keeps its composer visible while long demo context scrolls independently 
    [firefox] › tests\fe016.spec.ts:101:1 › FE016 conversation keeps its composer visible while long demo context scrolls independently 
