[WebServer] (node:38664) Warning: The 'NO_COLOR' env is ignored due to the 'FORCE_COLOR' env being set.
[WebServer] (Use `node --trace-warnings ...` to show where the warning was created)

Running 22 tests using 1 worker

(node:35612) Warning: The 'NO_COLOR' env is ignored due to the 'FORCE_COLOR' env being set.
(Use `node --trace-warnings ...` to show where the warning was created)
[WebServer] [BABEL] Note: The code generator has deoptimised the styling of C:\Users\Joker-PC\AppData\Local\Temp\botsales-vite-cache\ea27c7577456f6009d55\playwright-webserver\playwright-18592-87c3e6b2-122a-41f2-a9df-f771462cb3fb\deps\react-dom_client.js?v=ebac5ef7 as it exceeds the max of 500KB.
  ok  1 [chromium] › tests\fe009.spec.ts:35:1 › workspace onboarding creates a shop with an active membership and returns to its scoped route (2.8s)
  ok  2 [chromium] › tests\fe009.spec.ts:57:1 › customer create validates fields, submits through mock HTTP, and preserves edits after a stale version (4.3s)
  ok  3 [chromium] › tests\fe009.spec.ts:115:1 › customer detail keeps redacted contact fields read-only and does not overwrite them on save (1.4s)
  ok  4 [chromium] › tests\fe009.spec.ts:132:1 › FE009.G01 shop setup checklist guides to supported pages and leaves missing contract fields unverified (1.2s)
  ok  5 [chromium] › tests\fe009.spec.ts:145:1 › FE009.G05 marketing consent preview is interactive but never claims server opt-out (1.5s)
  ok  6 [chromium] › tests\fe009.spec.ts:160:1 › FE009.H06 audit screen distinguishes available fields from missing contract detail (1.2s)
  ok  7 [chromium] › tests\fe009.spec.ts:169:1 › FE009.B06 after-sale cases only link orders loaded for the selected customer and customer profile shows their shipment (5.5s)
  ok  8 [chromium] › tests\fe009.spec.ts:201:1 › team invitation and membership revoke stay shop-scoped and protect the active owner (2.5s)
  ok  9 [chromium] › tests\fe009.spec.ts:237:1 › privacy delete requests remain pending approval with no frontend step-up shortcut (2.9s)
  ok 10 [chromium] › tests\states\fe023.spec.ts:17:1 › FE023.S04 a dirty dialog keeps the form value until the user confirms discard (2.2s)
  ok 11 [chromium] › tests\states\fe023.spec.ts:35:1 › FE023.S03 a customer lookup loads the next cursor page without dropping earlier choices (1.9s)
  ok 12 [chromium] › tests\states\fe023.spec.ts:76:1 › FE023.S04 delayed requests show loading and failed refresh keeps a retry path (7.0s)
  ok 13 [chromium] › tests\states\fe023.spec.ts:103:1 › FE023 unsaved shop settings are preserved when navigation switches shop scope (2.7s)
  ok 14 [chromium] › tests\states\fe023.spec.ts:121:1 › FE023 a saved shop form resets its dirty baseline and reports success (1.7s)
  ok 15 [chromium] › tests\ui006-lookups.spec.ts:68:1 › UI006.C05 lookup and table cursors reach records after 150 synthetic suppliers, offers, and orders (19.8s)
  ok 16 [chromium] › tests\ui006-lookups.spec.ts:214:1 › UI006.C04 bounded previews disclose their sample and link to full collections (3.5s)
  ok 17 [chromium] › tests\ui006-lookups.spec.ts:231:1 › UI006.C02 selected order identity survives a failed search and cursor retry (2.0s)
  ok 18 [chromium] › tests\ui007-query-states.spec.ts:30:1 › UI007 secondary order query loads independently while the customer profile remains available (2.8s)
  ok 19 [chromium] › tests\ui007-query-states.spec.ts:60:1 › UI007 order query 503 is isolated from the primary customer query and retries only that query (3.0s)
  ok 20 [chromium] › tests\ui007-query-states.spec.ts:94:1 › UI007 forbidden order query is an access state and a successful empty query is distinct (1.8s)
  ok 21 [chromium] › tests\ui007-query-states.spec.ts:114:1 › UI007 supplier and offer failures keep purchase suggestions visible and have operation-specific recovery (2.9s)
  ok 22 [chromium] › tests\ui007-query-states.spec.ts:150:1 › UI007 auto-send budget query is lazy, permission-aware, and blocks an unverified budget (1.9s)

  22 passed (1.3m)
