{
  "status": "PASS",
  "output": "botsales-kit/execution/frontend-evidence/FE026/artifact-manifest-spc059-current-20261006.json",
  "artifacts": [
    {
      "directory": "apps/web/dist",
      "fileCount": 34,
      "totalBytes": 1917583,
      "treeSha256": "4b7f04197173d09b0dc33fa9bc3ce83037b860b132f4fe8b19bd3062cf84fb79",
      "mswWorkerIncluded": false
    },
    {
      "directory": "apps/web/dist-demo",
      "fileCount": 38,
      "totalBytes": 2365632,
      "treeSha256": "2cc95400834dbe4377cddec4ce31285563b2bde058c1faff83b57306d740fa48",
      "mswWorkerIncluded": true
    }
  ]
}
