{
  "status": "PASS",
  "output": "botsales-kit/execution/frontend-evidence/FE026/artifact-manifest-current-20261004.json",
  "artifacts": [
    {
      "directory": "apps/web/dist",
      "fileCount": 30,
      "totalBytes": 1852989,
      "treeSha256": "97c6ad5e5f8031b04d25fd9f73daf0ad3d6ea9c26b3cb3c8a8e0e93ccd19761a",
      "mswWorkerIncluded": false
    },
    {
      "directory": "apps/web/dist-demo",
      "fileCount": 35,
      "totalBytes": 2300344,
      "treeSha256": "b9bb3138d27ff321836d99082f52c16678e4feb96dae33452ef9d7cc9fe58e8f",
      "mswWorkerIncluded": true
    }
  ]
}
EXIT_CODE=0
