FE026 clean install and artifact reproduction on isolated current-source copy
executedAt=2026-10-06T08:23:10.096Z
status=FAIL
tempWorkspace=C:\Users\Joker-PC\AppData\Local\Temp\botsales-fe026-clean-build-fnVyzI
lockSha256.original=a3c0bb3a4906f92a5f23d4e8a0b862769b71de9e7efc9a48601ae44282bc963a
lockSha256.copy=a3c0bb3a4906f92a5f23d4e8a0b862769b71de9e7efc9a48601ae44282bc963a

## clean-install
command=node C:\Program Files\nodejs\node_modules\npm\bin\npm-cli.js --script-shell=cmd.exe ci
cwd=C:\Users\Joker-PC\AppData\Local\Temp\botsales-fe026-clean-build-fnVyzI
exitCode=1
npm warn deprecated whatwg-encoding@3.1.1: Use @exodus/bytes instead for a more spec-conformant and faster implementation
npm warn deprecated eslint@9.34.0: This version is no longer supported. Please see https://eslint.org/version-support for other options.
npm warn cleanup Failed to remove some directories [
npm warn cleanup   [
npm warn cleanup     '\\\\?\\C:\\Users\\Joker-PC\\AppData\\Local\\Temp\\botsales-fe026-clean-build-fnVyzI\\node_modules\\msw',
npm warn cleanup     [Error: EBUSY: resource busy or locked, rmdir 'C:\Users\Joker-PC\AppData\Local\Temp\botsales-fe026-clean-build-fnVyzI\node_modules\msw'] {
npm warn cleanup       errno: -4082,
npm warn cleanup       code: 'EBUSY',
npm warn cleanup       syscall: 'rmdir',
npm warn cleanup       path: 'C:\\Users\\Joker-PC\\AppData\\Local\\Temp\\botsales-fe026-clean-build-fnVyzI\\node_modules\\msw'
npm warn cleanup     }
npm warn cleanup   ],
npm warn cleanup   [
npm warn cleanup     '\\\\?\\C:\\Users\\Joker-PC\\AppData\\Local\\Temp\\botsales-fe026-clean-build-fnVyzI\\node_modules\\@mui',
npm warn cleanup     [Error: EPERM: operation not permitted, rmdir 'C:\Users\Joker-PC\AppData\Local\Temp\botsales-fe026-clean-build-fnVyzI\node_modules\@mui\material\utils'] {
npm warn cleanup       errno: -4048,
npm warn cleanup       code: 'EPERM',
npm warn cleanup       syscall: 'rmdir',
npm warn cleanup       path: 'C:\\Users\\Joker-PC\\AppData\\Local\\Temp\\botsales-fe026-clean-build-fnVyzI\\node_modules\\@mui\\material\\utils'
npm warn cleanup     }
npm warn cleanup   ],
npm warn cleanup   [
npm warn cleanup     '\\\\?\\C:\\Users\\Joker-PC\\AppData\\Local\\Temp\\botsales-fe026-clean-build-fnVyzI\\node_modules',
npm warn cleanup     [Error: EPERM: operation not permitted, rmdir 'C:\Users\Joker-PC\AppData\Local\Temp\botsales-fe026-clean-build-fnVyzI\node_modules\@tanstack\react-query\build'] {
npm warn cleanup       errno: -4048,
npm warn cleanup       code: 'EPERM',
npm warn cleanup       syscall: 'rmdir',
npm warn cleanup       path: 'C:\\Users\\Joker-PC\\AppData\\Local\\Temp\\botsales-fe026-clean-build-fnVyzI\\node_modules\\@tanstack\\react-query\\build'
npm warn cleanup     }
npm warn cleanup   ]
npm warn cleanup ]
npm error code 1
npm error path C:\Users\Joker-PC\AppData\Local\Temp\botsales-fe026-clean-build-fnVyzI\node_modules\esbuild
npm error command failed
npm error command cmd.exe /d /s /c node install.js
npm error 'node' is not recognized as an internal or external command,
npm error operable program or batch file.
npm error A complete log of this run can be found in: C:\Users\Joker-PC\AppData\Local\npm-cache\_logs\2026-10-06T08_22_33_369Z-debug-0.log

cleanArtifacts={}
scope=FRONTEND_WITH_SYNTHETIC_MOCK_API; no backend, hosted CI, deployment, or live provider claim.
