
> botsales-frontend@0.1.0 test:layout
> node --test tests/layout-checker.test.mjs tests/ui-layout-binding-gates.test.mjs && node scripts/check-layout.mjs

✔ CSS label gap accepts the canonical direct pixel constructor and its exact owner/property (1748.5409ms)
✔ CSS label gap cannot be used as an unrelated spacing property (1492.6773ms)
✔ CSS label gap rejects a raw pixel constructor argument (1276.1073ms)
✔ CSS label gap cannot impersonate a role from another owner (1384.2212ms)
✔ accepts semantic bridge roles, the closed token-derived factor map, geometry, and reset values (1274.4967ms)
✔ rejects a CSS spacing role without a declared shared owner (1244.6362ms)
✔ rejects scale-conforming and off-scale literals in sx, responsive leaves, named and namespace MUI System props (1685.7389ms)
✔ follows local aliases and style callbacks; rejects theme spacing helpers and preset overrides (1473.1824ms)
✔ scans nested slotProps but does not confuse event handlers or geometric dimensions with spacing (1133.4321ms)
✔ keeps Panel geometry inspectable and rejects spacing hidden in its geometry prop (3396.876ms)
✔ accepts only an exact CSS exception and reports stale or mismatched exception scope (3306.2904ms)
✔ rejects malformed TypeScript, malformed CSS, bad exception schema, and raw values in the bridge (4570.2384ms)
✔ rejects canonical pixel tokens used as MUI factors and an altered bridge factor table (2323.2025ms)
✔ report mode inventories migration debt without turning findings into PASS (1025.0017ms)
✔ canonical writes through casts and aliases fail outside style expressions (1785.7937ms)
✔ Object.assign cannot mutate canonical data but can copy to a fresh object (2817.344ms)
✔ layout gate rejects raw spacing on const alias of MUI component (1385.8521ms)
✔ canonical mutation gate follows global mutator aliases and reflection (1316.3569ms)
✔ local mutator names do not acquire global mutation identity (1212.4353ms)
✔ destructured mutators and call/apply retain canonical mutation checks (1722.6658ms)
✔ global mutator call/apply can copy canonical values into fresh objects (1430.8677ms)
✔ mutable aliases with possible canonical destinations fail closed (1118.0329ms)
✔ opaque apply arguments fail closed while unrelated mutable data stays valid (2496.6451ms)
✔ canonical references inside containers and destructured aliases cannot be mutated (1142.4611ms)
✔ independent shallow copies of scalar canonical fields remain mutable (1093.1422ms)
✔ array references and nested destructuring preserve canonical write provenance (1135.1376ms)
✔ array destinations distinguish independent elements from canonical references (1235.0208ms)
✔ array destructuring, dynamic indices and spread cannot hide canonical references (1212.7158ms)
✔ dynamic indices and destructuring of independent arrays stay mutable (1113.4741ms)
✔ function parameters cannot hide canonical mutation across source files (1386.1929ms)
✔ read-only helpers and mutations of unrelated arguments remain valid (1262.3121ms)
✔ returned canonical references remain protected across helper boundaries (1187.6387ms)
✔ helper returns of fresh scalar copies do not retain canonical destination identity (1097.4185ms)
✔ destructured object parameters cannot mutate canonical arguments (1230.2546ms)
✔ destructured object parameters retain independent argument mutability (1268.2079ms)
✔ default parameter and binding initializers cannot hide canonical mutations (1334.2411ms)
✔ fresh default parameter and binding copies remain mutable (1057.7667ms)
✔ rest parameters retain canonical argument write provenance (1085.7719ms)
✔ rest parameters distinguish independent positions from canonical siblings (1034.5604ms)
✔ finite spread arguments preserve shifted positional and rest destinations (1043.0769ms)
✔ finite spread expansion keeps independent argument positions mutable (1032.7863ms)
✔ opaque spreads keep positional mutation destinations unknown (1061.8886ms)
✔ opaque spreads into read-only helpers do not invent mutation findings (1060.9275ms)
✔ array parameter patterns retain canonical positions including nested object arrays (1207.7844ms)
✔ array parameter patterns retain independent bound element mutability (1087.0919ms)
✔ layout gate rejects parameter shadow of canonical layout name (1086.7316ms)
✔ layout gate follows genuine renamed styled factory (1084.8104ms)
✔ layout gate accepts canonical namespace, element access and barrel alias (1084.2507ms)
✔ layout gate does not mistake local component named Stack for MUI (1062.0283ms)
✔ layout gate inspects renamed installed Emotion css tag (1074.7474ms)
✔ layout gate preserves genuine aliased Controller field forwarding (1195.2758ms)
✔ a same-named local Controller cannot exempt an unknown prop spread (1095.193ms)
✔ genuine useForm registration survives property and destructured aliases (1069.5329ms)
✔ a function named register cannot exempt injected style props (1085.3507ms)
✔ a bridge callback parameter cannot impersonate its private factor binding (1059.917ms)
✔ opaque namespace component selection remains a strict binding failure (1062.0621ms)
✔ opaque namespace factory cannot hide style arguments (1061.5994ms)
✔ MUI re-export cannot hide raw spacing behind a first-party barrel (1136.3251ms)
✔ destructuring assignments cannot hide canonical write targets (1297.0471ms)
✔ destructuring assignments can update independent copied destinations (1114.3459ms)
✔ object rest retains nested canonical references while copying the outer object (1067.133ms)
✔ rest scalar copies and replacement of container references stay mutable (1150.8634ms)
✔ shallow object spread preserves canonical child references and last-writer order (1103.3279ms)
✔ shallow spread with a later independent override stays mutable (1033.2888ms)
✔ exported mutable aliases retain assignments from their declaring file (1016.1024ms)
✔ exported independent mutable data does not acquire canonical provenance (1047.3145ms)
✔ literal computed keys retain canonical container and parameter provenance (1041.6761ms)
✔ literal computed keys do not taint independent selected properties (1016.7887ms)
✔ Object.assign shallow copies retain canonical nested reference provenance (1092.3193ms)
✔ Object.assign later independent overrides and scalar copies stay mutable (1117.3734ms)
✔ union and dynamic property selections retain possible canonical destinations (1060.5415ms)
✔ finite union property selections exclude canonical siblings not in the key set (1033.7065ms)
✔ union selection over Object.assign output retains canonical child provenance (1048.9239ms)
✔ union selection over independent Object.assign output remains mutable (1132.905ms)
✔ Reflect.set call/apply checks the target argument rather than the assigned value (3459.2592ms)
✔ aliased React createElement checks MUI and native style objects (1334.9169ms)
✔ GlobalStyles.styles is checked and local createElement names stay local (2323.9529ms)
✔ React JSX runtime factories cannot bypass MUI or native style checks (1459.5904ms)
✔ React cloneElement checks the cloned MUI element and preserves native props (5235.2033ms)
✔ Emotion css props and object factories are inspected with native CSS semantics (2983.6187ms)
✔ Inline style elements in JSX, React factories, DOM and the HTML entry fail closed (8072.9001ms)
✔ DOM CSSOM spacing writes use semantic roles and reject opaque style strings (2025.9262ms)
✔ HTML parsing and runtime stylesheet mutation cannot bypass the imported CSS boundary (1982.3768ms)
✔ spacing shorthand values and responsive breakpoints preserve token and unit provenance (10256.7851ms)
✔ function return producers cannot hide canonical children behind spreads (978.6287ms)
✔ producer spreads keep later independent child overrides writable (948.3198ms)
ℹ tests 86
ℹ suites 0
ℹ pass 86
ℹ fail 0
ℹ cancelled 0
ℹ skipped 0
ℹ todo 0
ℹ duration_ms 113339.5544
layout-check PASS: 79 source files, 0 finding(s), 1 exception(s) used
