
> botsales-frontend@0.1.0 test:ui-composition
> node --test tests/ui-composition-checker.test.mjs tests/ui-composition-ancestry.test.mjs tests/ui-shared-api-contract.test.mjs && node scripts/check-ui-composition.mjs

✔ P10/P15 catch alias and neutral-wrapper duplicate insets through fragments and conditionals (555.3944ms)
✔ P20 resolves shared composition identities through a barrel and const component aliases (354.5337ms)
✔ P11/P13 catch static element access roles on every MUI surface, including Paper (331.571ms)
✔ P12 checks React createElement and JSX-runtime element factories (368.1902ms)
✔ P14 resolves bodyMode literal aliases and fails closed when ownership is unknown (995.6189ms)
✔ checks Panel ancestry when React elements are created natively (431.654ms)
✔ keeps independent nested surfaces and portaled dialogs as separate owners (845.1588ms)
✔ accepts finite bodyMode branches and every mode in the public component contracts (1184.8118ms)
✔ stops inherited gap ownership at Panels and independent bordered surfaces (774.4065ms)
✔ tracks gaps through fragments, conditions and ready QueryState, but not inside DOM wrappers (413.1726ms)
✔ applies the same finite modes and wrapper boundaries to native React factories (792.9533ms)
✔ recognizes native outlined Paper and nested Box surface inset boundaries (755.6365ms)
✔ fails closed when an unresolved custom wrapper obscures a semantic gap owner (393.2681ms)
✔ rejects unsupported placement and rhythm values while accepting finite aliases and branches (776.6722ms)
✔ rejects unsupported finite values through React element factories (749.5739ms)
✔ accepts semantic composition, closed geometry and business-specific MUI primitives (6.5842ms)
✔ rejects rebuilding each shared spacing owner at a consumer (2.0518ms)
✔ follows aliases, local style variables, object spreads and namespace imports (0.9992ms)
✔ rejects direct and spread spacing overrides on semantic components (0.5818ms)
✔ rejects spacing or opaque spreads hidden in geometry (0.2736ms)
✔ allows the canonical owner implementation and fails closed on malformed source (1.2917ms)
✔ rejects duplicated parent boundary and duplicated Panel inset (0.6062ms)
✔ checks default MUI imports and fails closed for opaque geometry (0.3768ms)
✔ distinguishes content grids from flex flows when reporting the shared owner (0.3862ms)
✔ rejects page spacing for paired fields and peer Panels without a section gap owner (1.9385ms)
✔ related sibling gaps belong to ActionGroup comfortable density, not consumer Stack styles (0.5467ms)
✔ density profiles are finite and new spacing paths retain the shared owner (1.2512ms)
✔ Amount consumers declare wrapping outside DataTable columns and keep table money unbroken (65.6311ms)
✔ the shared catalog covers every public React component and supporting Column type (39.6284ms)
✔ SPC-067 covers discovered public Shared APIs without a fixed export count (0.8378ms)
✔ every public React API has a direct rendered contract test (1.5337ms)
✔ catalog declaration lines and stated JSX counts match resolved source symbols (101.8307ms)
✔ every shared React export has a resolved production consumer or an explicit zero-use lifecycle decision (64.7416ms)
✔ required UI evidence and regression gates remain wired to root verify and the active parent workflow (0.8112ms)
✔ composition prop allowlists match the TypeScript owners exactly (0.2636ms)
✔ QueryState uses only the approved inline and section pending profiles (0.3218ms)
✔ QueryState consumers reserve section loading for primary content and keep every other state inline by default (49.9617ms)
✔ body modes, placement roles and geometry keys match the TypeScript contracts (1.0664ms)
✔ Panel geometry and DataTable columns remain closed public contracts (4.6057ms)
✔ shared component and composition props expose no arbitrary layout/style escape hatch (0.2268ms)
✔ layout role types, runtime values, consumers and ownership documentation stay closed (3469.6728ms)
ℹ tests 41
ℹ suites 0
ℹ pass 41
ℹ fail 0
ℹ cancelled 0
ℹ skipped 0
ℹ todo 0
ℹ duration_ms 10284.651
ui-composition PASS: 91 source files, 0 finding(s)

