✔ P10/P15 catch alias and neutral-wrapper duplicate insets through fragments and conditionals (474.3036ms)
✔ P20 resolves shared composition identities through a barrel and const component aliases (313.9347ms)
✔ P11/P13 catch static element access roles on every MUI surface, including Paper (304.9638ms)
✔ P12 checks React createElement and JSX-runtime element factories (312.925ms)
✔ P14 resolves bodyMode literal aliases and fails closed when ownership is unknown (924.3611ms)
✔ checks Panel ancestry when React elements are created natively (308.7409ms)
✔ keeps independent nested surfaces and portaled dialogs as separate owners (809.9463ms)
✔ accepts finite bodyMode branches and every mode in the public component contracts (1159.3145ms)
✔ stops inherited gap ownership at Panels and independent bordered surfaces (761.1706ms)
✔ tracks gaps through fragments, conditions and ready QueryState, but not inside DOM wrappers (389.4686ms)
✔ applies the same finite modes and wrapper boundaries to native React factories (759.0333ms)
✔ recognizes native outlined Paper and nested Box surface inset boundaries (759.0483ms)
✔ fails closed when an unresolved custom wrapper obscures a semantic gap owner (360.1687ms)
✔ rejects unsupported placement and rhythm values while accepting finite aliases and branches (720.1976ms)
✔ rejects unsupported finite values through React element factories (729.1831ms)
✔ accepts semantic composition, closed geometry and business-specific MUI primitives (6.253ms)
✔ rejects rebuilding each shared spacing owner at a consumer (1.996ms)
✔ follows aliases, local style variables, object spreads and namespace imports (0.9627ms)
✔ rejects direct and spread spacing overrides on semantic components (0.5987ms)
✔ rejects spacing or opaque spreads hidden in geometry (0.2663ms)
✔ allows the canonical owner implementation and fails closed on malformed source (1.0859ms)
✔ rejects duplicated parent boundary and duplicated Panel inset (0.6464ms)
✔ checks default MUI imports and fails closed for opaque geometry (0.4093ms)
✔ distinguishes content grids from flex flows when reporting the shared owner (0.3233ms)
✔ rejects page spacing for paired fields and peer Panels without a section gap owner (1.8435ms)
✔ related sibling gaps belong to ActionGroup comfortable density, not consumer Stack styles (0.6261ms)
✔ the shared catalog covers every public React component and supporting Column type (38.8658ms)
✔ every public React API has a direct rendered contract test (1.4495ms)
✖ catalog declaration lines and stated JSX counts match resolved source symbols (26.5071ms)
✔ every shared React export has a resolved production consumer or an explicit zero-use lifecycle decision (19.9951ms)
✔ required UI evidence and regression gates remain wired to root verify and the active parent workflow (0.4358ms)
✔ composition prop allowlists match the TypeScript owners exactly (0.2186ms)
✔ QueryState uses only the approved inline and section pending profiles (0.3074ms)
✔ QueryState consumers reserve section loading for primary content and keep every other state inline by default (18.6808ms)
✔ body modes, placement roles and geometry keys match the TypeScript contracts (1.227ms)
✔ Panel geometry and DataTable columns remain closed public contracts (4.7372ms)
✔ shared component and composition props expose no arbitrary layout/style escape hatch (0.2099ms)
✔ layout role types, runtime values, consumers and ownership documentation stay closed (2658.5113ms)
ℹ tests 38
ℹ suites 0
ℹ pass 37
ℹ fail 1
ℹ cancelled 0
ℹ skipped 0
ℹ todo 0
ℹ duration_ms 9579.942

✖ failing tests:

test at tests\ui-shared-api-contract.test.mjs:93:1
✖ catalog declaration lines and stated JSX counts match resolved source symbols (26.5071ms)
  AssertionError [ERR_ASSERTION]: PartialDataNotice catalog source line is stale
  
  438 !== 440
  
      at TestContext.<anonymous> (file:///C:/Users/Joker-PC/Documents/Projects/Bot-AI-Ban-hang-FB/BotSalesAI_Frontend/tests/ui-shared-api-contract.test.mjs:119:16)
      at Test.runInAsyncScope (node:async_hooks:227:14)
      at Test.run (node:internal/test_runner/test:1382:25)
      at Test.processPendingSubtests (node:internal/test_runner/test:960:18)
      at Test.postRun (node:internal/test_runner/test:1522:19)
      at Test.run (node:internal/test_runner/test:1447:12)
      at async Test.processPendingSubtests (node:internal/test_runner/test:960:7) {
    generatedMessage: false,
    code: 'ERR_ASSERTION',
    actual: 438,
    expected: 440,
    operator: 'strictEqual',
    diff: 'simple'
  }
