
> botsales-frontend@0.1.0 build
> npm run generate:check && npm run typecheck && npm run build --workspace @botsales/web


> botsales-frontend@0.1.0 generate:check
> node scripts/generate.mjs --check

{"status":"PASS","outputs":11,"schemas":283,"operations":210,"routes":54}

> botsales-frontend@0.1.0 typecheck
> tsc -p apps/web/tsconfig.json --noEmit


> @botsales/web@0.1.0 build
> vite build --mode production

vite v7.1.3 building for production...
transforming...
✓ 2045 modules transformed.
rendering chunks...
computing gzip size...
dist/index.html                                 0.86 kB │ gzip:   0.52 kB
dist/assets/index-v_6AJcWh.css                  2.36 kB │ gzip:   0.95 kB
dist/assets/filters-nRMGn4UG.js                 0.26 kB │ gzip:   0.22 kB
dist/assets/DeleteOutlineRounded-B1-5RYQs.js    0.53 kB │ gzip:   0.31 kB
dist/assets/hooks-DFYGiJkw.js                   2.29 kB │ gzip:   1.27 kB
dist/assets/imports-CXvfxp0P.js                 4.84 kB │ gzip:   2.26 kB
dist/assets/index-DEdD8HVP.js                   7.24 kB │ gzip:   2.93 kB
dist/assets/index-BqbebCGq.js                   7.80 kB │ gzip:   3.14 kB
dist/assets/index-C8KzmOcj.js                   8.35 kB │ gzip:   3.54 kB
dist/assets/index-gDTcLgwj.js                   8.92 kB │ gzip:   3.27 kB
dist/assets/index-CPUVPIbT.js                  11.38 kB │ gzip:   4.24 kB
dist/assets/index-CrAbRIFf.js                  12.33 kB │ gzip:   4.46 kB
dist/assets/index-BGkV7bPh.js                  12.38 kB │ gzip:   5.06 kB
dist/assets/index-pj3bbeAt.js                  12.67 kB │ gzip:   4.80 kB
dist/assets/index-BT60GRvU.js                  14.32 kB │ gzip:   4.79 kB
dist/assets/index-Dh3JHsNc.js                  14.57 kB │ gzip:   4.85 kB
dist/assets/index-Dok207I_.js                  14.71 kB │ gzip:   4.82 kB
dist/assets/index-CsC3UDYP.js                  17.82 kB │ gzip:   6.15 kB
dist/assets/index-CumykmYd.js                  24.47 kB │ gzip:   8.00 kB
dist/assets/index-CXHU_Nwf.js                  28.34 kB │ gzip:   8.79 kB
dist/assets/index-dnq424il.js                  29.31 kB │ gzip:   8.56 kB
dist/assets/schemas-BxEwpae2.js                79.16 kB │ gzip:  24.02 kB
dist/assets/react-DF-xeFnn.js                  91.29 kB │ gzip:  30.95 kB
dist/assets/mui-DP20MDTC.js                   322.35 kB │ gzip:  97.80 kB
dist/assets/index-BgWrcPSu.js                 325.29 kB │ gzip:  99.81 kB
dist/assets/index-fxqGBaW6.js                 719.57 kB │ gzip: 180.31 kB

(!) Some chunks are larger than 500 kB after minification. Consider:
- Using dynamic import() to code-split the application
- Use build.rollupOptions.output.manualChunks to improve chunking: https://rollupjs.org/configuration-options/#output-manualchunks
- Adjust chunk size limit for this warning via build.chunkSizeWarningLimit.
✓ built in 2.65s
