{
  "executedAt": "2026-10-08T13:13:51.170Z",
  "taskId": "FE021",
  "stepId": "S05",
  "facts": [
    {
      "name": "Canonical task criteria",
      "action": "Chạy browser luồng task trên React demo với mock HTTP; ghi route/state/role/scenario test IDs, kết quả và log của diff.",
      "verification": "Acceptance dưới đây có bằng chứng browser phù hợp; labels/keyboard/responsive áp dụng; không đòi backend thật. Ghi command/cwd/exit code, expected/observed, log/hash và source snapshot thực. Scope FRONTEND_WITH_SYNTHETIC_MOCK_API; không dùng kết quả prototype hoặc backend chưa chạy."
    },
    {
      "name": "Current task contract/source ownership",
      "routes": [
        {
          "id": "R04",
          "source": "apps/web/src/modules/dashboard/index.tsx",
          "component": "DashboardPage"
        },
        {
          "id": "R31",
          "source": "apps/web/src/modules/reports/index.tsx",
          "component": "ReportsPage"
        },
        {
          "id": "R53",
          "source": "apps/web/src/modules/reports/index.tsx",
          "component": "MarketingPage"
        }
      ],
      "operationIds": [
        "createExport",
        "getDashboard",
        "getMarketingSummary",
        "getReportSummary",
        "getShop",
        "listJobs",
        "pauseBot"
      ],
      "crosswalk": {
        "operations": 210,
        "files": 71,
        "calls": 222,
        "unresolved": 0
      }
    },
    {
      "name": "Named executed owner behavior",
      "scope": "owner suite",
      "cases": [
        "FE021 dashboard keeps independent panels usable and hides finance fields without finance.read",
        "FE021 marketing chart and table match the same synthetic API fixture and preserve missing actual spend",
        "FE021 export uses inclusive shop-local boundaries, safe CSV, API jobs and cursor pagination",
        "FE021 mock rejects an export when reports.export lacks the source permission",
        "FE021 mock rejects an invalid report timezone before creating an export job",
        "FE021 ambiguous export result preserves the selected dates and never exposes a download",
        "FE021 empty report and marketing payloads render explicit empty states",
        "FE021 stale export conflict preserves dates and never exposes a download",
        "A01 order lines keep intrinsic remove actions with clean and invalid quantities",
        "A02 product editors align category and status faces independently from lookup metadata",
        "A03 import mapping preserves natural remove actions and editable mappings",
        "A04 full precision money wraps outside tables and remains unbroken in the named scroll region",
        "A05 status height follows its own label while long labels remain fully readable",
        "A06 Empty wraps unbroken reference text and retains its keyboard action",
        "A07 locked order addresses expose full text and edit lines retain intrinsic actions"
      ],
      "executions": 30,
      "assertionInventory": [
        {
          "file": "tests/fe021.spec.ts",
          "sha256": "1744ec561e277dc8c6ebc69c5420dfe560658a20432e44ad0453f3f0c3426880",
          "cases": [
            {
              "title": "FE021 dashboard keeps independent panels usable and hides finance fields without finance.read",
              "line": 29,
              "assertions": [
                "expect(page.getByText('Chỉ hiển thị khi vai trò có finance.read.', { exact: true })).toBeVisible()",
                "expect(page.getByRole('link', { name: 'Xem lợi nhuận' })).toHaveCount(0)",
                "expect(page.getByRole('heading', { name: 'Tình hình hiện tại' })).toBeVisible()",
                "expect(page.getByRole('link', { name: 'Xem việc cần làm', exact: true })).toBeVisible()",
                "expect(page.getByRole('link', { name: 'Tạo đơn hàng', exact: true })).toHaveCount(0)",
                "expect(page.getByRole('link', { name: 'Tất cả đơn', exact: true })).toBeVisible()",
                "expect(page.getByText('Dữ liệu cập nhật', { exact: false })).toBeVisible()"
              ],
              "projects": [
                "chromium",
                "firefox"
              ]
            },
            {
              "title": "FE021 marketing chart and table match the same synthetic API fixture and preserve missing actual spend",
              "line": 41,
              "assertions": [
                "expect(response.status()).toBe(200)",
                "expect(reasons.length).toBeGreaterThan(0)",
                "expect(page.getByTestId('marketing-loss-chart')).toBeVisible()",
                "expect(table.getByRole('row')).toHaveCount(reasons.length + 1)",
                "expect(table.getByText(reason.reason, { exact: true })).toBeVisible()",
                "expect(table.getByText(String(reason.count), { exact: true })).toBeVisible()",
                "expect(envelope.data.actualSpend).toBeNull()",
                "expect(page.getByText('Chưa có số thực tế từ API', { exact: true })).toBeVisible()",
                "expect(page.getByText('Ước tính không phải số ghi sổ', { exact: true })).toBeVisible()",
                "expect(page.getByText('getMarketingSummary không nhận bộ lọc ngày;', { exact: false })).toBeVisible()"
              ],
              "projects": [
                "chromium",
                "firefox"
              ]
            },
            {
              "title": "FE021 export uses inclusive shop-local boundaries, safe CSV, API jobs and cursor pagination",
              "line": 64,
              "assertions": [
                "expect(page.getByRole('heading', { name: 'Tạo tệp báo cáo' })).toBeVisible()",
                "expect(exportResponse.status()).toBe(202)",
                "expect(exportBody).toMatchObject({ reportType: 'orders', format: 'csv', timezone: 'Asia/Vientiane', from: '2026-09-28T17:00:00.000Z', to: '2026-09-29T16:59:59.999Z', snapshotAsOf: '2026-09-29T14:00:00.000Z' })",
                "expect(exportEnvelope.data).toMatchObject({ kind: 'export', status: 'succeeded', total: expect.any(Number) })",
                "expect.any(Number)",
                "expect(page.getByRole('link', { name: `Theo dõi công việc ${exportEnvelope.data.id}` })).toBeVisible()",
                "expect(csvText).toContain('\"orderId\",\"createdAt\",\"orderState\",\"fulfillmentState\",\"paymentState\",\"totalAmount\",\"currency\"')",
                "expect(csvText).toContain('DH-DEMO-RETURN-02')",
                "expect(csvText).not.toContain('customerId')",
                "expect(csvText).not.toContain('shippingAddressId')",
                "expect(page.getByRole('link', { name: 'Tải CSV' })).toBeVisible()",
                "expect((await downloadPromise).suggestedFilename()).toBe('botsales-orders-2026-09-29-2026-09-29.csv')",
                "expect(page.getByRole('row').filter({ hasText: exportEnvelope.data.id })).toBeVisible()",
                "expect(status).toBe(202)",
                "expect(pages.first.data.length).toBe(10)",
                "expect(pages.first.page.total).toBeGreaterThanOrEqual(12)",
                "expect(pages.first.page.hasMore).toBe(true)",
                "expect(pages.second.data.length).toBeGreaterThanOrEqual(2)",
                "expect(pages.second.page.hasMore).toBe(false)"
              ],
              "projects": [
                "chromium",
                "firefox"
              ]
            },
            {
              "title": "FE021 mock rejects an export when reports.export lacks the source permission",
              "line": 119,
              "assertions": [
                "expect(denied.status).toBe(403)",
                "expect(denied.contentType).toContain('application/json')",
                "expect(JSON.parse(denied.body).code).toBe('SOURCE_PERMISSION_REQUIRED')",
                "expect(page.getByRole('combobox', { name: 'Báo cáo' })).toBeVisible()",
                "expect(page.getByRole('option', { name: 'Tồn kho', exact: true })).toHaveCount(0)"
              ],
              "projects": [
                "chromium",
                "firefox"
              ]
            },
            {
              "title": "FE021 mock rejects an invalid report timezone before creating an export job",
              "line": 139,
              "assertions": [
                "expect(page.getByRole('combobox', { name: 'Báo cáo' })).toBeVisible()",
                "expect(page.getByRole('heading', { name: 'Công việc gần đây' })).toBeVisible()",
                "expect(result.status).toBe(422)",
                "expect(result.body.code).toBe('INVALID_REPORT_TIMEZONE')",
                "expect(result.afterTotal).toBe(result.beforeTotal)"
              ],
              "projects": [
                "chromium",
                "firefox"
              ]
            },
            {
              "title": "FE021 ambiguous export result preserves the selected dates and never exposes a download",
              "line": 159,
              "assertions": [
                "expect(page.getByRole('combobox', { name: 'Báo cáo' })).toBeVisible()",
                "expect(page.getByRole('alert').filter({ hasText: 'Chưa xác minh được kết quả' })).toBeVisible()",
                "expect(page.getByRole('link', { name: 'Tải CSV' })).toHaveCount(0)",
                "expect(page.getByLabel('Từ ngày')).toHaveValue('2026-09-28')",
                "expect(page.getByLabel('Đến ngày')).toHaveValue('2026-09-28')"
              ],
              "projects": [
                "chromium",
                "firefox"
              ]
            },
            {
              "title": "FE021 empty report and marketing payloads render explicit empty states",
              "line": 172,
              "assertions": [
                "expect(page.getByRole('heading', { name: 'Tạo cửa hàng' })).toBeVisible()",
                "expect(page.getByRole('heading', { name: 'Tình hình hiện tại' })).toBeVisible()",
                "expect(shopId).toMatch(/^shop-/)",
                "expect(page).toHaveURL(new RegExp(`/s/${shopId}/reports/marketing$`))",
                "expect(page.getByText('API chưa cung cấp nhóm lý do để vẽ biểu đồ.', { exact: true })).toBeVisible()",
                "expect(page.getByText('Chưa có lý do mất đơn trong payload API.', { exact: true })).toBeVisible()",
                "expect(page).toHaveURL(new RegExp(`/s/${shopId}/reports$`))",
                "expect(page.getByText('Chưa có công việc trong trang này.', { exact: true })).toBeVisible()"
              ],
              "projects": [
                "chromium",
                "firefox"
              ]
            },
            {
              "title": "FE021 stale export conflict preserves dates and never exposes a download",
              "line": 191,
              "assertions": [
                "expect(page.getByRole('combobox', { name: 'Báo cáo' })).toBeVisible()",
                "expect(page.getByRole('alert').filter({ hasText: 'Mô phỏng dữ liệu bị thay đổi bởi người khác' })).toBeVisible()",
                "expect(page.getByRole('link', { name: 'Tải CSV' })).toHaveCount(0)",
                "expect(page.getByLabel('Từ ngày')).toHaveValue('2026-09-27')",
                "expect(page.getByLabel('Đến ngày')).toHaveValue('2026-09-28')"
              ],
              "projects": [
                "chromium",
                "firefox"
              ]
            }
          ]
        },
        {
          "file": "tests/ui-component-layout.spec.ts",
          "sha256": "b35ed966ca888b45ee30bdc4a40cf1c155e5e8b43440684179462b6928f0153a",
          "cases": [
            {
              "title": "A01 order lines keep intrinsic remove actions with clean and invalid quantities",
              "line": 39,
              "assertions": [
                "expect(page.getByRole('button', { name: 'Bỏ dòng 1', exact: true })).toBeVisible()",
                "expect(geometry.actual).toBeLessThanOrEqual(geometry.natural + 1)",
                "expect(page.getByRole('combobox', { name: 'Sản phẩm 2', exact: true })).toBeVisible()",
                "expect(page.getByRole('combobox', { name: 'Sản phẩm 2', exact: true })).toHaveCount(0)"
              ],
              "projects": [
                "chromium",
                "firefox"
              ]
            },
            {
              "title": "A02 product editors align category and status faces independently from lookup metadata",
              "line": 60,
              "assertions": [
                "expect(page.getByRole('textbox', { name: 'Tìm danh mục', exact: true })).toBeVisible()",
                "expect(page.getByText('Đã tải 3 lựa chọn', { exact: true })).toBeVisible()",
                "expect(Math.abs(geometry.category.y - geometry.status.y)).toBeLessThanOrEqual(1)",
                "expect(geometry.status.y).toBeGreaterThan(geometry.category.y)",
                "expect(page.getByText('Không tìm thấy danh mục phù hợp.', { exact: true })).toBeVisible()",
                "expect(page.getByRole('textbox', { name: 'Tên sản phẩm', exact: true })).toHaveValue('Bản nháp cần giữ')",
                "expect(Math.abs(category!.y - status!.y)).toBeLessThanOrEqual(1)"
              ],
              "projects": [
                "chromium",
                "firefox"
              ]
            },
            {
              "title": "A03 import mapping preserves natural remove actions and editable mappings",
              "line": 83,
              "assertions": [
                "expect(remove).toHaveCount(5)",
                "expect(geometry.actual).toBeLessThanOrEqual(geometry.natural + 1)",
                "expect(remove).toHaveCount(4)",
                "expect(remove).toHaveCount(5)",
                "expect(page.getByRole('textbox', { name: 'Tên cột trong tệp', exact: true }).first()).toHaveValue('Mã SKU đã sửa')"
              ],
              "projects": [
                "chromium",
                "firefox"
              ]
            },
            {
              "title": "A04 full precision money wraps outside tables and remains unbroken in the named scroll region",
              "line": 103,
              "assertions": [
                "expect(amount).toHaveCount(2)",
                "expect(page.getByText(expected.negative, { exact: true })).toBeVisible()",
                "expect(await amount.first().evaluate(node => getComputedStyle(node).whiteSpace)).toBe('normal')",
                "expect(await amount.last().evaluate(node => getComputedStyle(node).whiteSpace)).toBe('nowrap')",
                "expect(clipping).toBe(false)",
                "expect(overflow).toBe(true)",
                "expect.poll(() => table.evaluate(node => node.scrollLeft)).toBeGreaterThan(before)",
                "expect.poll(() => table.evaluate(node => node.scrollLeft))",
                "expect(await table.evaluate(node => node.scrollLeft)).toBe(before)",
                "expect((await new AxeBuilder({ page }).include('main').analyze()).violations).toEqual([])"
              ],
              "projects": [
                "chromium",
                "firefox"
              ]
            },
            {
              "title": "A05 status height follows its own label while long labels remain fully readable",
              "line": 129,
              "assertions": [
                "expect(geometry.actual).toBeLessThanOrEqual(Math.max(geometry.minimum, geometry.label) + 1)",
                "expect(geometry.actual).toBeLessThanOrEqual(intrinsicSize.natural + 1)",
                "expect(long).toHaveText('Trạng thái chưa biết ' + 'A'.repeat(120))",
                "expect(await long.evaluate(node => node.scrollWidth <= node.clientWidth + 1)).toBe(true)",
                "expect((await new AxeBuilder({ page }).include('main').analyze()).violations).toEqual([])"
              ],
              "projects": [
                "chromium",
                "firefox"
              ]
            },
            {
              "title": "A06 Empty wraps unbroken reference text and retains its keyboard action",
              "line": 148,
              "assertions": [
                "expect(page.getByRole('status')).toContainText('Mã tham chiếu: ' + 'A'.repeat(120))",
                "expect(await text.evaluate(node => node.scrollWidth <= node.clientWidth + 1)).toBe(true)",
                "expect(action).toBeFocused()",
                "expect((await new AxeBuilder({ page }).include('main').analyze()).violations).toEqual([])"
              ],
              "projects": [
                "chromium",
                "firefox"
              ]
            },
            {
              "title": "A07 locked order addresses expose full text and edit lines retain intrinsic actions",
              "line": 161,
              "assertions": [
                "expect(dialog).toBeVisible()",
                "expect(address).toBeVisible()",
                "expect(dialog.getByRole('combobox', { name: /^Địa chỉ giao hàng/ })).toHaveCount(0)",
                "expect(dialog.getByRole('combobox', { name: /^Thanh toán/ })).toHaveCount(0)",
                "expect(dialog.getByRole('group', { name: 'Thanh toán', exact: true })).toContainText('Thu khi giao (COD)')",
                "expect(addressText).toHaveText(expected)",
                "expect(await addressText.evaluate(node => node.scrollWidth <= node.clientWidth + 1 && getComputedStyle(node).textOverflow !== 'ellipsis')).toBe(true)",
                "expect(geometry.actual).toBeLessThanOrEqual(geometry.natural + 1)",
                "expect(addressText).toHaveText(original!)",
                "expect((await new AxeBuilder({ page }).include('[role=\"dialog\"]').analyze()).violations).toEqual([])",
                "expect(option).toBeVisible()",
                "expect(await option.evaluate(node => {\n            const paper = node.closest('.MuiPaper-root')!.getBoundingClientRect(), range = document.createRange(); range.selectNodeContents(node);\n            return getComputedStyle(node).whiteSpace === 'normal' && [...range.getClientRects()].every(rect => rect.left >= paper.left - 1 && rect.right <= paper.right + 1);\n        })).toBe(true)",
                "expect(page.getByRole('listbox')).toHaveCount(0)"
              ],
              "projects": [
                "chromium",
                "firefox"
              ]
            }
          ]
        }
      ]
    },
    {
      "name": "Current shared dependency regressions",
      "unit": 174,
      "domain": 88,
      "sourceMap": 16,
      "browser": 580,
      "builtArtifact": 6,
      "limits": "Counts describe distinct suites; they are not added into a checkpoint percentage. Owner case and source checks above are required independently."
    },
    {
      "name": "Executed unit owners",
      "owners": [
        {
          "file": "apps/web/tests/versioned-draft.test.tsx",
          "sha256": "664d2c84a48ed012aee2039b70cd322fa63186e254b5cd246f86edc803b81ee8",
          "cases": [
            "F01/F02/F03 keeps the baseline version and draft across unrelated and conflicting server changes",
            "F01 requires choices for both-side changes and treats arrays as one field",
            "F01 rejects outdated comparison choices when the server changes again",
            "F01 removes newly hidden fields from comparison and outgoing patches",
            "F05-style save completion preserves edits made after submission and commits the authoritative version",
            "fingerprints ignore object key order but preserve array order, null and empty values",
            "F01 releases a dismissed editor baseline before reopening the same resource with newer data"
          ]
        },
        {
          "file": "apps/web/tests/command-lifetime.test.tsx",
          "sha256": "9c85b3fedbb57f9169f878112a0494121532be434b4a8fd1165955c61d36e2f5",
          "cases": [
            "F04 rejects a retained execute function from a previous scope before HTTP",
            "F04 does not report success when the scope closes while authoritative cache refresh is pending",
            "F04 rejects a pre-aborted execution without sending or recording an unknown mutation",
            "F04 only completes after authoritative success while the StrictMode scope remains alive"
          ]
        },
        {
          "file": "apps/web/tests/scope-events.test.tsx",
          "sha256": "5cea51724d2f1ca1c1d34325b7b310e57ff35754510452117e20329f301bb622",
          "cases": [
            "F09 narrows identified Inbox events and ignores duplicate/out-of-order/foreign-shop events",
            "F09 revocation closes the stream and refreshes the session even when its sequence is old",
            "F09 rejects callbacks from a disposed stream after shop/permission changes or unmount"
          ]
        }
      ],
      "limit": "Literal owner titles bind actual verbose output; parameterized cases remain covered by the whole 174-case run, without inventing separate executions."
    },
    {
      "name": "Compiled comparison behavior",
      "browsers": [
        {
          "browser": "chromium",
          "writes": [
            {
              "version": "\"1\"",
              "body": {
                "notes": "Built concurrent server note"
              }
            },
            {
              "version": "\"2\"",
              "body": {
                "displayName": "Built local draft"
              }
            }
          ],
          "result": "PASS"
        },
        {
          "browser": "firefox",
          "writes": [
            {
              "version": "\"1\"",
              "body": {
                "notes": "Built concurrent server note"
              }
            },
            {
              "version": "\"2\"",
              "body": {
                "displayName": "Built local draft"
              }
            }
          ],
          "result": "PASS"
        }
      ],
      "artifact": "built-comparison-review-current.json",
      "limit": "Additional built-artifact observation; not added into full browser or six-case built-suite counts."
    }
  ],
  "executionRecords": [
    {
      "stage": "e2e",
      "startedAt": "2026-10-08T12:04:15.857Z",
      "finishedAt": "2026-10-08T13:01:24.980Z",
      "log": {
        "path": "BotSalesAI_Frontend/evidence/frontend-component-fixes-20261008/runs/components-1791461051112-24880/e2e.log",
        "sha256": "0d615324b9e8f61d00996ad9b00103b60815d0af16b223d888ab9308a626c966"
      },
      "sourceDrift": []
    },
    {
      "stage": "verify",
      "startedAt": "2026-10-08T12:00:38.731Z",
      "finishedAt": "2026-10-08T12:03:41.371Z",
      "log": {
        "path": "BotSalesAI_Frontend/evidence/frontend-component-fixes-20261008/runs/components-1791460838729-35556/verify.log",
        "sha256": "2bf03ff3a3789667568cf2e52b9b4d8f32d4d2b03ecbe2333462f8ef93245d0c"
      },
      "sourceDrift": []
    },
    {
      "stage": "unit",
      "startedAt": "2026-10-08T11:58:37.260Z",
      "finishedAt": "2026-10-08T11:58:44.713Z",
      "log": {
        "path": "BotSalesAI_Frontend/evidence/frontend-component-fixes-20261008/runs/components-1791460717257-83008/unit.log",
        "sha256": "6a52939fd24f06a2700c7aec5b45e73a63495140cc7be6b6b42fa6d5878c2612"
      },
      "sourceDrift": []
    },
    {
      "stage": "source-maps",
      "startedAt": "2026-10-08T11:58:44.810Z",
      "finishedAt": "2026-10-08T11:58:45.052Z",
      "log": {
        "path": "BotSalesAI_Frontend/evidence/frontend-component-fixes-20261008/runs/components-1791460724809-86548/source-maps.log",
        "sha256": "031e77043d35d92181bc7a3975bb04f8ea186bb5cc3aa41325ac9637064e0fd9"
      },
      "sourceDrift": []
    },
    {
      "stage": "built-demo",
      "startedAt": "2026-10-08T12:05:42.238Z",
      "finishedAt": "2026-10-08T12:08:56.218Z",
      "log": {
        "path": "BotSalesAI_Frontend/evidence/frontend-component-fixes-20261008/runs/components-1791461137424-54940/built-demo.log",
        "sha256": "3f1000af3cd493c20b1b28030fe48f1bd9b992f40597ad178e1418ac9e418de6"
      },
      "sourceDrift": []
    }
  ],
  "sourceSnapshotSha256": "d41032541f780057452ed9e335a31d76a6aaaebf6e4617b25d14a8b2cea37db7"
}
