
> botsales-frontend@0.1.0 test:e2e
> npm run setup && npm run build && npm run build:demo && playwright test


> botsales-frontend@0.1.0 setup
> node scripts/setup.mjs

{"status":"PASS","outputs":11,"schemas":283,"operations":210,"routes":54}
Copying the worker script at "C:\Users\Joker-PC\Documents\Projects\Bot-AI-Ban-hang-FB\BotSalesAI_Frontend\apps\web\public"...

Worker script successfully copied!
  - public

Continue by describing the network in your application:


https://mswjs.io/docs/quick-start

Thiết lập xong. npm run dev chạy frontend mô phỏng; không kết nối khách hàng hoặc provider thật.

> botsales-frontend@0.1.0 build
> npm run generate:check && npm run typecheck && npm run build --workspace @botsales/web


> botsales-frontend@0.1.0 generate:check
> node scripts/generate.mjs --check

{"status":"PASS","outputs":11,"schemas":283,"operations":210,"routes":54}

> botsales-frontend@0.1.0 typecheck
> tsc -p apps/web/tsconfig.json --noEmit


> @botsales/web@0.1.0 build
> vite build --mode production

vite v7.3.6 building client environment for production...
transforming...
✓ 2049 modules transformed.
rendering chunks...
computing gzip size...
dist/index.html                                 0.86 kB │ gzip:   0.52 kB
dist/assets/index-v_6AJcWh.css                  2.36 kB │ gzip:   0.95 kB
dist/assets/download-8lJFmiSZ.js                0.23 kB │ gzip:   0.17 kB
dist/assets/filters-DHvyWlDw.js                 0.26 kB │ gzip:   0.22 kB
dist/assets/import-file-Ct8hcUTT.js             0.32 kB │ gzip:   0.26 kB
dist/assets/DeleteOutlineRounded-JzQdE_Cb.js    0.53 kB │ gzip:   0.31 kB
dist/assets/hooks-RSjkJFJy.js                   4.17 kB │ gzip:   1.94 kB
dist/assets/imports-sOZYdQeo.js                 5.14 kB │ gzip:   2.39 kB
dist/assets/index-C9X6FxG4.js                   7.23 kB │ gzip:   2.93 kB
dist/assets/index-DkXVzqvi.js                   7.80 kB │ gzip:   3.14 kB
dist/assets/index-D3dYgCTD.js                   8.35 kB │ gzip:   3.54 kB
dist/assets/index-DuNAjUaE.js                  12.02 kB │ gzip:   4.50 kB
dist/assets/index-RtFS65Uw.js                  12.08 kB │ gzip:   4.31 kB
dist/assets/index-DqBDJ56d.js                  12.37 kB │ gzip:   5.06 kB
dist/assets/index-BBi6tODu.js                  12.68 kB │ gzip:   4.81 kB
dist/assets/index-BeUXOuX5.js                  14.57 kB │ gzip:   4.85 kB
dist/assets/index-iZ-_WtyM.js                  14.71 kB │ gzip:   4.82 kB
dist/assets/index-DeAtgPfk.js                  14.73 kB │ gzip:   4.94 kB
dist/assets/index-QVwoSksW.js                  15.05 kB │ gzip:   5.36 kB
dist/assets/index-Ck-FHDvt.js                  23.55 kB │ gzip:   8.02 kB
dist/assets/index-3JYn1DUN.js                  24.83 kB │ gzip:   8.11 kB
dist/assets/index-C49qqtDX.js                  29.46 kB │ gzip:   8.60 kB
dist/assets/index-L12TmjQG.js                  30.10 kB │ gzip:   9.40 kB
dist/assets/schemas-CP5ZQpDB.js                79.16 kB │ gzip:  24.02 kB
dist/assets/react-NCqEdj2_.js                 104.73 kB │ gzip:  35.41 kB
dist/assets/mui-CPcoVmWS.js                   322.09 kB │ gzip:  97.68 kB
dist/assets/index-DFqhoMoY.js                 324.31 kB │ gzip:  99.40 kB
dist/assets/index-Dm23hkGT.js                 730.23 kB │ gzip: 184.29 kB

(!) Some chunks are larger than 500 kB after minification. Consider:
- Using dynamic import() to code-split the application
- Use build.rollupOptions.output.manualChunks to improve chunking: https://rollupjs.org/configuration-options/#output-manualchunks
- Adjust chunk size limit for this warning via build.chunkSizeWarningLimit.
✓ built in 2.71s

> botsales-frontend@0.1.0 build:demo
> npm run generate:check && npm run typecheck && npm run build:demo --workspace @botsales/web


> botsales-frontend@0.1.0 generate:check
> node scripts/generate.mjs --check

{"status":"PASS","outputs":11,"schemas":283,"operations":210,"routes":54}

> botsales-frontend@0.1.0 typecheck
> tsc -p apps/web/tsconfig.json --noEmit


> @botsales/web@0.1.0 build:demo
> vite build --mode demo --outDir dist-demo

vite v7.3.6 building client environment for demo...
transforming...
✓ 2265 modules transformed.
rendering chunks...
computing gzip size...
dist-demo/index.html                                 0.86 kB │ gzip:   0.52 kB
dist-demo/assets/index-v_6AJcWh.css                  2.36 kB │ gzip:   0.95 kB
dist-demo/assets/download-CWiaXb8A.js                0.24 kB │ gzip:   0.17 kB
dist-demo/assets/filters-DHvyWlDw.js                 0.26 kB │ gzip:   0.22 kB
dist-demo/assets/DeleteOutlineRounded-TVhbfOvT.js    0.53 kB │ gzip:   0.31 kB
dist-demo/assets/import-file-DUoT3ERC.js             0.55 kB │ gzip:   0.37 kB
dist-demo/assets/control-DRPOHfaf.js                 0.72 kB │ gzip:   0.46 kB
dist-demo/assets/hooks-YtWngH3v.js                   4.17 kB │ gzip:   1.94 kB
dist-demo/assets/imports-B-JX0eWL.js                 5.31 kB │ gzip:   2.49 kB
dist-demo/assets/index-DADBRI4N.js                   7.76 kB │ gzip:   3.12 kB
dist-demo/assets/index-CuiyAKcm.js                   7.79 kB │ gzip:   3.14 kB
dist-demo/assets/index-CxXZFs-5.js                   8.35 kB │ gzip:   3.54 kB
dist-demo/assets/permissions-DSwmPBth.js             8.41 kB │ gzip:   1.94 kB
dist-demo/assets/index-DrfrKaiM.js                  12.03 kB │ gzip:   4.50 kB
dist-demo/assets/index-kATDJpwX.js                  12.06 kB │ gzip:   4.88 kB
dist-demo/assets/index-B_GgHTTo.js                  12.08 kB │ gzip:   4.31 kB
dist-demo/assets/index-DdwGFqLt.js                  14.71 kB │ gzip:   4.82 kB
dist-demo/assets/index-BlMpXzFZ.js                  14.73 kB │ gzip:   4.90 kB
dist-demo/assets/index-CcehLmJ5.js                  14.81 kB │ gzip:   5.48 kB
dist-demo/assets/index-CWCN4Mtt.js                  15.05 kB │ gzip:   5.36 kB
dist-demo/assets/index-M-mgn9bx.js                  16.92 kB │ gzip:   5.69 kB
dist-demo/assets/index-Cp_rnd_r.js                  21.18 kB │ gzip:   7.61 kB
dist-demo/assets/index-CzoiTn1G.js                  24.83 kB │ gzip:   8.11 kB
dist-demo/assets/index-vpx2_ie_.js                  29.46 kB │ gzip:   8.60 kB
dist-demo/assets/index-BwMq11uS.js                  31.46 kB │ gzip:   9.88 kB
dist-demo/assets/schemas-CP5ZQpDB.js                79.16 kB │ gzip:  24.02 kB
dist-demo/assets/react-NCqEdj2_.js                 104.73 kB │ gzip:  35.41 kB
dist-demo/assets/service-BJ8vDhAP.js               158.93 kB │ gzip:  34.59 kB
dist-demo/assets/browser-Bb4uUVLr.js               255.09 kB │ gzip:  86.76 kB
dist-demo/assets/mui-D8ryPhxS.js                   322.10 kB │ gzip:  97.68 kB
dist-demo/assets/index-B09Vr-DW.js                 324.48 kB │ gzip:  99.45 kB
dist-demo/assets/index-B8Nm5IIH.js                 733.26 kB │ gzip: 185.22 kB

(!) Some chunks are larger than 500 kB after minification. Consider:
- Using dynamic import() to code-split the application
- Use build.rollupOptions.output.manualChunks to improve chunking: https://rollupjs.org/configuration-options/#output-manualchunks
- Adjust chunk size limit for this warning via build.chunkSizeWarningLimit.
✓ built in 2.92s
[WebServer] (node:26748) Warning: The 'NO_COLOR' env is ignored due to the 'FORCE_COLOR' env being set.
[WebServer] (Use `node --trace-warnings ...` to show where the warning was created)
✔ canonical contracts validate and generate the API base path from OpenAPI (19.2387ms)
✔ generated operation registry preserves required and optional query parameter metadata (8.1265ms)
✔ rejects unresolved schema references before generation (19.509ms)
✔ rejects missing API version and a server URL outside same-origin path form (18.0364ms)
✔ rejects route-to-operation drift without rewriting the canonical manifest (15.2815ms)
✔ detects a stale generated file and accepts it after regeneration (2.1464ms)
{
  "taskId": "FE011",
  "scope": "FRONTEND_WITH_SYNTHETIC_MOCK_API",
  "routes": [
    {
      "id": "R15",
      "path": "/s/:shopId/inventory",
      "permission": "inventory.read",
      "reads": [
        "listStockSnapshots",
        "getShop"
      ],
      "action": {
        "label": "Điều chỉnh tồn",
        "operationId": "createInventoryAdjustment",
        "permission": "inventory.adjust"
      }
    },
    {
      "id": "R16",
      "path": "/s/:shopId/inventory/movements",
      "permission": "inventory.read",
      "reads": [
        "listStockMovements"
      ]
    }
  ],
  "operations": [
    "listStockSnapshots",
    "listStockMovements",
    "createInventoryAdjustment",
    "getShop"
  ],
  "permissionBoundary": "Route reads require inventory.read; adjustment uses inventory.adjust; cost requires finance.read; product and order links are permission-gated.",
  "commandSemantics": "202 CommandResponse; expectedVersion and unitCost are contract-required body properties; the shared client waits for terminal state and handles unknown outcomes.",
  "checks": 17
}
✔ FE011 routes, permissions, operations and DTOs map to canonical contracts and current source (36.1296ms)
{
  "taskId": "FE012",
  "scope": "FRONTEND_WITH_SYNTHETIC_MOCK_API",
  "routes": [
    "R17",
    "R18",
    "R19",
    "R43"
  ],
  "operations": [
    "listOrders",
    "getOrder",
    "getShop",
    "listCustomers",
    "listProducts",
    "listConversations",
    "createOrder",
    "updateOrderDraft",
    "quoteOrder",
    "recordCustomerConfirmation",
    "confirmOrder",
    "cancelOrder",
    "listReturnCases",
    "getReturnCase",
    "createReturnCase",
    "inspectReturn",
    "getCommand",
    "handoverShipment",
    "payOrder",
    "refundOrder"
  ],
  "contractEvidence": "OrderDraft carries required IDs and 1..100 lines, integer quantity 1..1000000 and notes up to 2000; confirmation requires quote hash/version and customer message evidence; return inspection is line-scoped.",
  "permissionBoundary": "Customer/product pickers are enabled only with read capability; write actions follow orders.write, orders.confirm, orders.return and inventory.adjust.",
  "limitations": "No address CRUD endpoint is introduced; shippingAddressId remains an external verified ID and mock confirmation is only a demo simulation.",
  "checks": 35
}
✔ FE012 routes, operations, permissions and DTO limits map to canonical contracts and orders source (14.873ms)
{"taskId":"FE016","scope":"FRONTEND_WITH_SYNTHETIC_MOCK_API","routes":["R05","R06"],"operations":["listConversations","getConversation","listMessages","sendMessage","takeoverConversation","releaseConversation","resolveConversation","assignConversation","listFeedback","createFeedback","reviewFeedback","listCommands","getCommand","getInboxMetadata"],"knownGap":"Canonical Message has no media or attachment field/operation; UI must not invent a provider endpoint.","checks":3}
{
  "taskId": "FE013",
  "scope": "FRONTEND_WITH_SYNTHETIC_MOCK_API",
  "routes": [
    "R41",
    "R42"
  ],
  "operations": [
    "listPrepJobs",
    "getPrepJob",
    "getWorkItem",
    "claimWorkItem",
    "pickPrepLine",
    "packPrepJob",
    "listShipments",
    "getShipment",
    "createShipment",
    "handoverShipment",
    "recordShipmentEvent"
  ],
  "permissionBoundary": "fulfillment.read gates route data, operations.claim gates WorkItem claim, fulfillment.write gates picks/pack/events/shipment creation, and fulfillment.handover gates stock-consuming handover.",
  "stateBoundary": "Claim/pick/pack/handover/delivery/payment remain separate states; return eligibility continues to come from the order API.",
  "checks": 54
}
✔ FE013 routes, permissions, DTOs and state transitions map to canonical contracts and fulfillment source (17.7125ms)
{"taskId":"FE017","scope":"FRONTEND_WITH_SYNTHETIC_MOCK_API","routes":["R23","R24","R25"],"operations":15,"unresolvedContractField":"Knowledge.allowedActions","checks":4}
{
  "taskId": "FE014",
  "scope": "FRONTEND_WITH_SYNTHETIC_MOCK_API",
  "routes": [
    "R44",
    "R45",
    "R46",
    "R47"
  ],
  "operations": 13,
  "checks": 95
}
✔ FE014 procurement routes, permissions, DTOs and current source follow canonical contracts (16.4717ms)
{"taskId":"FE018","scope":"FRONTEND_WITH_SYNTHETIC_MOCK_API","routes":["R26","R27","R28","R51"],"operations":18,"checks":2,"knownRouteMappingGap":"R51 omits updateBudgetPolicy; UI uses canonical operation permission operations.manage"}
FE015 source map: 131 contract/source assertions passed
✔ FE015 finance routes, capabilities, operations and DTOs follow canonical contracts (20.033ms)
✔ FE016 maps R05/R06 reads and mutations to canonical permissions and current inbox source (0.2882ms)
✔ FE016 contract bounds list filters, safe message refs and versioned send payloads (0.1965ms)
✔ FE016 uses shell-owned resync and command recovery, and mock takeover enforces current version (0.1739ms)
✔ FE017 R23-R25 operations and action permissions match canonical routes (0.3501ms)
✖ FE017 uses the user-approved permission and lifecycle UI substitute without inventing a Knowledge DTO field (1.6676ms)
✔ FE017 price and availability source preview uses separately permissioned canonical APIs (0.1049ms)
✔ FE017 mock keeps published revisions immutable and feedback approval creates a draft revision (0.0619ms)
✔ FE018 R26/R27/R28/R51 actions use canonical routes, operation IDs, and permissions (0.3258ms)
✔ FE018 capability, tool permissions, human confirmation, and evaluation labels stay within declared schemas (0.1219ms)
✔ FE020 source stays mapped to canonical operations, permissions, and safe missing-schedule boundary (1.0753ms)
✔ FE020 mock enforces work-item capabilities and keeps integration readiness unknown (0.1312ms)

Running 127 tests using 1 worker

(node:32820) Warning: The 'NO_COLOR' env is ignored due to the 'FORCE_COLOR' env being set.
(Use `node --trace-warnings ...` to show where the warning was created)
[artifact-preview] {"scope":"FRONTEND_WITH_SYNTHETIC_MOCK_API","artifact":"apps/web/dist-demo","browserMetrics":{"browser":"Mozilla/5.0 (Windows NT 10.0; Win64; x64) AppleWebKit/537.36 (KHTML, like Gecko) Chrome/153.0.8010.12 Safari/537.36","viewport":{"width":1280,"height":720},"route":"/s/shop-demo/overview","domContentLoadedMs":66,"loadEventMs":66,"scriptCount":8,"scriptTransferBytes":443396,"scriptAssets":[{"file":"index-B8Nm5IIH.js","transferBytes":185520,"decodedBytes":733259,"durationMs":17},{"file":"react-NCqEdj2_.js","transferBytes":35705,"decodedBytes":104726,"durationMs":8},{"file":"mui-D8ryPhxS.js","transferBytes":97984,"decodedBytes":322099,"durationMs":12},{"file":"browser-Bb4uUVLr.js","transferBytes":87061,"decodedBytes":255090,"durationMs":8},{"file":"service-BJ8vDhAP.js","transferBytes":34890,"decodedBytes":158933,"durationMs":6},{"file":"permissions-DSwmPBth.js","transferBytes":2236,"decodedBytes":8406,"durationMs":4},{"file":"index-CuiyAKcm.js","transferBytes":0,"decodedBytes":7792,"durationMs":48},{"file":"hooks-YtWngH3v.js","transferBytes":0,"decodedBytes":4166,"durationMs":51}]},"bundles":{"javascriptFiles":30,"totalBytes":2241165,"totalGzipBytes":654966,"initialRouteGzipBytes":446675,"proposedBudgets":{"initialRouteGzipKiB":500,"largestChunkGzipKiB":200,"basis":"Local demo preview limits for the measured Chromium artifact; not a backend or platform SLO."},"largest":[{"file":"apps/web/dist-demo/assets/index-B8Nm5IIH.js","bytes":733259,"gzipBytes":185220},{"file":"apps/web/dist-demo/assets/index-B09Vr-DW.js","bytes":324481,"gzipBytes":99454},{"file":"apps/web/dist-demo/assets/mui-D8ryPhxS.js","bytes":322099,"gzipBytes":97684},{"file":"apps/web/dist-demo/assets/browser-Bb4uUVLr.js","bytes":255090,"gzipBytes":86761},{"file":"apps/web/dist-demo/assets/service-BJ8vDhAP.js","bytes":158933,"gzipBytes":34590}]},"observedApi":{"path":"/api/v2/session","status":200,"servedBy":"MSW in the built demo artifact"},"dataSource":"synthetic-msw"}
  ok   1 [chromium] › tests\artifacts\demo-preview.spec.ts:38:1 › the built demo artifact serves the React UI and synthetic API through preview (739ms)
[large-dataset-api] {"url":"http://127.0.0.1:59584/api/v2/shops/shop-demo/customers?limit=20","count":20,"page":{"limit":20,"total":1004,"hasMore":true,"nextCursor":"perf-customer-0016"},"firstIds":["c1","c2","c3"]}
[large-dataset-preview] {"scope":"FRONTEND_WITH_SYNTHETIC_MOCK_API","artifact":"apps/web/dist-demo","datasetId":"FE025-LARGE-CUSTOMERS-1000-V1","generatedRows":1000,"firstPageIds":["c1","c2","c3","c4","perf-customer-0001","perf-customer-0002","perf-customer-0003","perf-customer-0004","perf-customer-0005","perf-customer-0006","perf-customer-0007","perf-customer-0008","perf-customer-0009","perf-customer-0010","perf-customer-0011","perf-customer-0012","perf-customer-0013","perf-customer-0014","perf-customer-0015","perf-customer-0016"],"api":{"status":200,"pageLimit":20,"total":1004,"hasMore":true,"nextCursor":"perf-customer-0016"},"domRowsIncludingHeader":21,"firstPageReadyMs":338,"browser":"Mozilla/5.0 (Windows NT 10.0; Win64; x64) AppleWebKit/537.36 (KHTML, like Gecko) Chrome/153.0.8010.12 Safari/537.36","viewport":{"width":1280,"height":720},"note":"Synthetic customer identities only; the React screen renders one API page and exposes the next cursor instead of mounting the full collection."}
  ok   2 [chromium] › tests\artifacts\demo-preview.spec.ts:100:1 › a thousand synthetic customers remain API-paginated in the built demo artifact (944ms)
  ok   3 [chromium] › tests\artifacts\demo-preview.spec.ts:138:1 › the production artifact contains neither the mock worker asset nor MSW fixtures/runtime (9ms)
  ok   4 [chromium] › tests\fe009.spec.ts:35:1 › workspace onboarding creates a shop with an active membership and returns to its scoped route (2.3s)
  ok   5 [chromium] › tests\fe009.spec.ts:57:1 › customer create validates fields, submits through mock HTTP, and preserves edits after a stale version (3.4s)
  ok   6 [chromium] › tests\fe009.spec.ts:110:1 › customer detail keeps redacted contact fields read-only and does not overwrite them on save (1.2s)
  ok   7 [chromium] › tests\fe009.spec.ts:124:1 › FE009.G01 shop setup checklist guides to supported pages and leaves missing contract fields unverified (1.0s)
  ok   8 [chromium] › tests\fe009.spec.ts:137:1 › FE009.G05 marketing consent preview is interactive but never claims server opt-out (1.2s)
  ok   9 [chromium] › tests\fe009.spec.ts:152:1 › FE009.H06 audit screen distinguishes available fields from missing contract detail (1.1s)
  ok  10 [chromium] › tests\fe009.spec.ts:161:1 › FE009.B06 after-sale cases only link orders loaded for the selected customer and customer profile shows their shipment (5.2s)
  ok  11 [chromium] › tests\fe009.spec.ts:193:1 › team invitation and membership revoke stay shop-scoped and protect the active owner (2.2s)
  ok  12 [chromium] › tests\fe009.spec.ts:229:1 › privacy delete requests remain pending approval with no frontend step-up shortcut (2.6s)
  ok  13 [chromium] › tests\fe010.spec.ts:37:1 › product editor validates positive prices, protects image-only drafts, and saves variant payload through mock HTTP (3.5s)
  ok  14 [chromium] › tests\fe010.spec.ts:105:1 › product update sends If-Match and keeps edits visible after a 412 conflict (1.8s)
  ok  15 [chromium] › tests\fe010.spec.ts:123:1 › warehouse role can read catalog products but cannot edit product fields or price cost data (755ms)
  ok  16 [chromium] › tests\fe010.spec.ts:132:1 › categories create, search, update with a version, and render cursor pagination (1.9s)
  ok  17 [chromium] › tests\fe010.spec.ts:161:1 › CSV preview reports row-level errors and commits only valid product rows (2.1s)
  ok  18 [chromium] › tests\fe010.spec.ts:228:1 › import validation token is rejected with 412 after catalog changes and the preview remains visible (2.1s)
  ok  19 [chromium] › tests\fe010.spec.ts:260:1 › CSV demo row limit is explained and rejects more than 1000 data rows before preview (1.1s)
  x   20 [chromium] › tests\fe010.spec.ts:273:1 › demo upload rejects files over 5 MB and explains the limit (3.0m)
(node:12580) Warning: The 'NO_COLOR' env is ignored due to the 'FORCE_COLOR' env being set.
(Use `node --trace-warnings ...` to show where the warning was created)
  ok  21 [chromium] › tests\fe011.spec.ts:35:1 › FE011.AC01 snapshot drives stock totals and the SKU opens its catalog result (1.9s)
  ok  22 [chromium] › tests\fe011.spec.ts:54:1 › FE011.AC02 adjustment validates, waits for mock confirmation, and reconciles movement history once (4.0s)
  ok  23 [chromium] › tests\fe011.spec.ts:92:1 › FE011.AC03 conflict and insufficient stock preserve the draft and never update optimistically (2.4s)
  ok  24 [chromium] › tests\fe011.spec.ts:120:1 › FE011.AC03 forbidden adjustment retains user input and shows no success state (1.9s)
  ok  25 [chromium] › tests\fe011.spec.ts:136:1 › FE011.AC03 unknown command blocks duplicate submission until shared recovery reconciles it (2.0s)
  ok  26 [chromium] › tests\fe011.spec.ts:154:1 › FE011.AC04 movement filters are URL-backed and history exposes actor and permission-gated source (2.5s)
  ok  27 [chromium] › tests\fe011.spec.ts:176:1 › FE011.AC05 inventory reflows at mobile widths, passes axe, and restores keyboard focus after adjustment dialog (1.9s)
  ok  28 [chromium] › tests\fe011.spec.ts:199:1 › FE011.AC03 unknown shop scope shows no stock from another shop (324ms)
