
[WebServer] (node:26160) Warning: The 'NO_COLOR' env is ignored due to the 'FORCE_COLOR' env being set.
[WebServer] (Use `node --trace-warnings ...` to show where the warning was created)

Running 11 tests using 1 worker


(node:36420) Warning: The 'NO_COLOR' env is ignored due to the 'FORCE_COLOR' env being set.
(Use `node --trace-warnings ...` to show where the warning was created)

[1/11] [chromium] › tests\fe014.spec.ts:77:1 › FE027.D02 supplier workspace edits the selected contact through its current version and displays MOQ offers
  1) [chromium] › tests\fe014.spec.ts:77:1 › FE027.D02 supplier workspace edits the selected contact through its current version and displays MOQ offers 

    TypeError: detailWait.json is not a function

      82 |     const detailWait = page.waitForResponse(response => response.request().method() === 'GET' && /\/suppliers\/[^/]+$/.test(new URL(response.url()).pathname));
      83 |     await supplierRow.getByRole('button', { name: 'Sửa', exact: true }).click();
    > 84 |     const detail = (await detailWait.json()).data;
         |                                      ^
      85 |     const dialog = page.getByRole('dialog', { name: 'Cập nhật nhà cung cấp' });
      86 |     await expect(dialog.getByLabel('Tên nhà cung cấp')).toHaveValue('Xưởng hàng mẫu');
      87 |     await dialog.getByLabel('Đầu mối liên hệ').fill('FE027 · đầu mối mô phỏng');
        at C:\Users\Joker-PC\Documents\Projects\Bot-AI-Ban-hang-FB\BotSalesAI_Frontend\tests\fe014.spec.ts:84:38

    Error Context: test-results\fe014-FE027-D02-supplier-w-0b3a1-ion-and-displays-MOQ-offers-chromium\error-context.md

    Error Context: test-results\fe014-FE027-D02-supplier-w-0b3a1-ion-and-displays-MOQ-offers-chromium\error-context.md

    attachment #3: trace (application/zip) ─────────────────────────────────────────────────────────
    test-results\fe014-FE027-D02-supplier-w-0b3a1-ion-and-displays-MOQ-offers-chromium\trace.zip
    Usage:

        npx playwright show-trace test-results\fe014-FE027-D02-supplier-w-0b3a1-ion-and-displays-MOQ-offers-chromium\trace.zip

    ────────────────────────────────────────────────────────────────────────────────────────────────


(node:25900) Warning: The 'NO_COLOR' env is ignored due to the 'FORCE_COLOR' env being set.
(Use `node --trace-warnings ...` to show where the warning was created)


[2/11] [chromium] › tests\fe016.spec.ts:206:1 › FE027.B01 industry sales script preview asks for missing facts and stays a local draft
[3/11] [chromium] › tests\fe016.spec.ts:222:1 › FE027.B02 inbox price and available stock preview uses current canonical mock reads
[4/11] [chromium] › tests\fe016.spec.ts:243:1 › FE027.B03 order capture links the active customer and conversation into the manual order form
[5/11] [chromium] › tests\fe016.spec.ts:253:1 › FE027.B04 automatic order confirmation stays unavailable until policy and customer evidence exist
[6/11] [chromium] › tests\fe017.spec.ts:278:1 › FE027.G02 product content brief edits source, size, warranty, alternatives, and forbidden claims locally
[7/11] [chromium] › tests\fe017.spec.ts:296:1 › FE027.G03 policy revisions keep the published snapshot immutable when a draft changes
[8/11] [chromium] › tests\fe018.spec.ts:223:1 › FE027.H03 budget and provider failover preview refuses silent provider switching on exhaustion
[9/11] [chromium] › tests\fe019.spec.ts:309:1 › FE027.A02/A07 preparation notification keeps order evidence and separates queued, opened, and acknowledged states
[10/11] [chromium] › tests\fe019.spec.ts:334:1 › FE027.A08 notification settings disclose server-only deduplication and callback safeguards
[11/11] [chromium] › tests\fe020.spec.ts:225:1 › FE027.H08 restore and release readiness stay unknown without a verified rehearsal or deployment gate
  1 failed
    [chromium] › tests\fe014.spec.ts:77:1 › FE027.D02 supplier workspace edits the selected contact through its current version and displays MOQ offers 
  10 passed (18.7s)
