
> botsales-frontend@0.1.0 test:e2e
> npm run setup && npm run build && npm run build:demo && playwright test tests/fe009.spec.ts tests/fe015.spec.ts


> botsales-frontend@0.1.0 setup
> node scripts/setup.mjs

{"status":"PASS","outputs":11,"schemas":283,"operations":210,"routes":54}
Copying the worker script at "C:\Users\Joker-PC\Documents\Projects\Bot-AI-Ban-hang-FB\BotSalesAI_Frontend\apps\web\public"...

Worker script successfully copied!
  - public

Continue by describing the network in your application:


https://mswjs.io/docs/quick-start

Thiết lập xong. npm run dev chạy frontend mô phỏng; không kết nối khách hàng hoặc provider thật.

> botsales-frontend@0.1.0 build
> npm run generate:check && npm run typecheck && npm run build --workspace @botsales/web


> botsales-frontend@0.1.0 generate:check
> node scripts/generate.mjs --check

{"status":"PASS","outputs":11,"schemas":283,"operations":210,"routes":54}

> botsales-frontend@0.1.0 typecheck
> tsc -p apps/web/tsconfig.json --noEmit


> @botsales/web@0.1.0 build
> vite build --mode production

vite v7.3.6 building client environment for production...
transforming...
✓ 2047 modules transformed.
rendering chunks...
computing gzip size...
dist/index.html                                 0.86 kB │ gzip:   0.52 kB
dist/assets/index-v_6AJcWh.css                  2.36 kB │ gzip:   0.95 kB
dist/assets/filters-DHvyWlDw.js                 0.26 kB │ gzip:   0.22 kB
dist/assets/DeleteOutlineRounded-JzQdE_Cb.js    0.53 kB │ gzip:   0.31 kB
dist/assets/hooks-CPIjV9XX.js                   4.17 kB │ gzip:   1.94 kB
dist/assets/imports-mXYT5fyr.js                 4.84 kB │ gzip:   2.26 kB
dist/assets/index-iJ_G23-Q.js                   7.23 kB │ gzip:   2.93 kB
dist/assets/index-BpcPbRmx.js                   7.80 kB │ gzip:   3.14 kB
dist/assets/index-CMar18Cq.js                   8.35 kB │ gzip:   3.54 kB
dist/assets/index-BAsXRSe_.js                  11.38 kB │ gzip:   4.25 kB
dist/assets/index-DqVQdgzY.js                  12.08 kB │ gzip:   4.31 kB
dist/assets/index-DQYiC7Nl.js                  12.32 kB │ gzip:   4.45 kB
dist/assets/index-KDdWDFnW.js                  12.37 kB │ gzip:   5.06 kB
dist/assets/index-Bujy5Twx.js                  12.67 kB │ gzip:   4.81 kB
dist/assets/index-D86X1p7F.js                  14.45 kB │ gzip:   4.85 kB
dist/assets/index-sAaT2MJV.js                  14.57 kB │ gzip:   4.85 kB
dist/assets/index-Duk6X0MZ.js                  14.71 kB │ gzip:   4.82 kB
dist/assets/index-G6nqeMEy.js                  19.03 kB │ gzip:   6.56 kB
dist/assets/index-_zyHavzu.js                  24.83 kB │ gzip:   8.11 kB
dist/assets/index-CTXZ_h2D.js                  29.46 kB │ gzip:   8.60 kB
dist/assets/index-C8XfM_Kn.js                  30.27 kB │ gzip:   9.48 kB
dist/assets/schemas-CP5ZQpDB.js                79.16 kB │ gzip:  24.02 kB
dist/assets/react-NCqEdj2_.js                 104.73 kB │ gzip:  35.41 kB
dist/assets/mui-CPcoVmWS.js                   322.09 kB │ gzip:  97.68 kB
dist/assets/index-QdMQQZh4.js                 324.48 kB │ gzip:  99.45 kB
dist/assets/index-CLXO73fr.js                 730.13 kB │ gzip: 184.24 kB

(!) Some chunks are larger than 500 kB after minification. Consider:
- Using dynamic import() to code-split the application
- Use build.rollupOptions.output.manualChunks to improve chunking: https://rollupjs.org/configuration-options/#output-manualchunks
- Adjust chunk size limit for this warning via build.chunkSizeWarningLimit.
✓ built in 2.67s

> botsales-frontend@0.1.0 build:demo
> npm run generate:check && npm run typecheck && npm run build:demo --workspace @botsales/web


> botsales-frontend@0.1.0 generate:check
> node scripts/generate.mjs --check

{"status":"PASS","outputs":11,"schemas":283,"operations":210,"routes":54}

> botsales-frontend@0.1.0 typecheck
> tsc -p apps/web/tsconfig.json --noEmit


> @botsales/web@0.1.0 build:demo
> vite build --mode demo --outDir dist-demo

vite v7.3.6 building client environment for demo...
transforming...
✓ 2263 modules transformed.
rendering chunks...
computing gzip size...
dist-demo/index.html                                 0.86 kB │ gzip:   0.52 kB
dist-demo/assets/index-v_6AJcWh.css                  2.36 kB │ gzip:   0.95 kB
dist-demo/assets/filters-DHvyWlDw.js                 0.26 kB │ gzip:   0.22 kB
dist-demo/assets/DeleteOutlineRounded-TVhbfOvT.js    0.53 kB │ gzip:   0.31 kB
dist-demo/assets/control-Df2SOZ0Z.js                 0.72 kB │ gzip:   0.46 kB
dist-demo/assets/hooks-RxBxqr5L.js                   4.17 kB │ gzip:   1.94 kB
dist-demo/assets/imports-D1madB7J.js                 5.01 kB │ gzip:   2.34 kB
dist-demo/assets/index-bpv5ZmmM.js                   7.76 kB │ gzip:   3.12 kB
dist-demo/assets/index-CJFzRL5h.js                   7.79 kB │ gzip:   3.14 kB
dist-demo/assets/index-CeYqOGfL.js                   8.35 kB │ gzip:   3.54 kB
dist-demo/assets/permissions-DSwmPBth.js             8.41 kB │ gzip:   1.94 kB
dist-demo/assets/index-CWY25h1G.js                  11.38 kB │ gzip:   4.25 kB
dist-demo/assets/index-tXVaQLnC.js                  12.06 kB │ gzip:   4.88 kB
dist-demo/assets/index-BjIGXpyS.js                  12.08 kB │ gzip:   4.31 kB
dist-demo/assets/index-Fkgg9B_e.js                  12.32 kB │ gzip:   4.45 kB
dist-demo/assets/index-DaNbsZOX.js                  12.67 kB │ gzip:   4.81 kB
dist-demo/assets/index-K2Dtca8Q.js                  14.45 kB │ gzip:   4.85 kB
dist-demo/assets/index-Cmax83ml.js                  14.71 kB │ gzip:   4.82 kB
dist-demo/assets/index-C2-ilSQo.js                  14.73 kB │ gzip:   4.90 kB
dist-demo/assets/index-CmkskoZS.js                  16.61 kB │ gzip:   6.13 kB
dist-demo/assets/index-BFTWq2Tb.js                  24.83 kB │ gzip:   8.11 kB
dist-demo/assets/index-DSg6DB7Q.js                  29.46 kB │ gzip:   8.60 kB
dist-demo/assets/index-DyFvOeud.js                  31.39 kB │ gzip:   9.85 kB
dist-demo/assets/schemas-CP5ZQpDB.js                79.16 kB │ gzip:  24.02 kB
dist-demo/assets/react-NCqEdj2_.js                 104.73 kB │ gzip:  35.41 kB
dist-demo/assets/service-CPXBn5Xq.js               157.05 kB │ gzip:  34.03 kB
dist-demo/assets/browser-BNp3BDcR.js               255.09 kB │ gzip:  86.76 kB
dist-demo/assets/mui-D8ryPhxS.js                   322.10 kB │ gzip:  97.68 kB
dist-demo/assets/index-CYSyrdIM.js                 324.66 kB │ gzip:  99.51 kB
dist-demo/assets/index-DrO77m6S.js                 733.03 kB │ gzip: 185.15 kB

(!) Some chunks are larger than 500 kB after minification. Consider:
- Using dynamic import() to code-split the application
- Use build.rollupOptions.output.manualChunks to improve chunking: https://rollupjs.org/configuration-options/#output-manualchunks
- Adjust chunk size limit for this warning via build.chunkSizeWarningLimit.
✓ built in 3.04s
[WebServer] (node:35408) Warning: The 'NO_COLOR' env is ignored due to the 'FORCE_COLOR' env being set.
[WebServer] (Use `node --trace-warnings ...` to show where the warning was created)

Running 14 tests using 1 worker

(node:37068) Warning: The 'NO_COLOR' env is ignored due to the 'FORCE_COLOR' env being set.
(Use `node --trace-warnings ...` to show where the warning was created)
  ok  1 [chromium] › tests\fe009.spec.ts:35:1 › workspace onboarding creates a shop with an active membership and returns to its scoped route (2.3s)
  ok  2 [chromium] › tests\fe009.spec.ts:57:1 › customer create validates fields, submits through mock HTTP, and preserves edits after a stale version (4.0s)
  ok  3 [chromium] › tests\fe009.spec.ts:110:1 › customer detail keeps redacted contact fields read-only and does not overwrite them on save (1.4s)
  x   4 [chromium] › tests\fe009.spec.ts:124:1 › after-sale cases only link orders loaded for the selected customer and customer profile shows their shipment (8.0s)
(node:35096) Warning: The 'NO_COLOR' env is ignored due to the 'FORCE_COLOR' env being set.
(Use `node --trace-warnings ...` to show where the warning was created)
  ok  5 [chromium] › tests\fe009.spec.ts:156:1 › team invitation and membership revoke stay shop-scoped and protect the active owner (2.7s)
  ok  6 [chromium] › tests\fe009.spec.ts:192:1 › privacy delete requests remain pending approval with no frontend step-up shortcut (2.8s)
  ok  7 [chromium] › tests\fe015.spec.ts:41:1 › FE015.AC01 report filters use exact timezone boundaries and mock API aggregates (1.7s)
  ok  8 [chromium] › tests\fe015.spec.ts:87:1 › FE021.E08 report explanation is mock-only, cites the filtered P&L snapshot, and never writes finance data (1.2s)
  ok  9 [chromium] › tests\fe015.spec.ts:108:1 › FE015.AC02 journal rejects unbalanced decimal lines before POST and sends exact money strings (1.6s)
  ok 10 [chromium] › tests\fe015.spec.ts:143:1 › FE015.AC02 closed accounting period is visible and disables journal draft creation (1.8s)
  ok 11 [chromium] › tests\fe015.spec.ts:163:1 › FE015.AC03 CSV import keeps partial row failures visible and deduplicates external transactions (1.8s)
  ok 12 [chromium] › tests\fe015.spec.ts:186:1 › FE015.AC03 COD settlement matches net remittance plus documented fee (3.4s)
  ok 13 [chromium] › tests\fe015.spec.ts:220:1 › FE015.AC03 partial bank allocation leaves the remaining amount and debt visible (2.6s)
  ok 14 [chromium] › tests\fe015.spec.ts:245:1 › FE015.AC03 unknown journal posting is not resent from the same draft (2.8s)


  1) [chromium] › tests\fe009.spec.ts:124:1 › after-sale cases only link orders loaded for the selected customer and customer profile shows their shipment 

    Error: expect(locator).toContainText(expected) failed

    Locator: getByRole('dialog', { name: 'Yêu cầu mới' }).getByRole('combobox', { name: 'Đơn hàng liên quan (không bắt buộc)' })
    Expected substring: "Không liên kết đơn"
    Received string:    "​"
    Timeout: 5000ms

    Call log:
      - Expect "toContainText" getByRole('dialog', { name: 'Yêu cầu mới' }).getByRole('combobox', { name: 'Đơn hàng liên quan (không bắt buộc)' }) with timeout 5000ms
      - waiting for getByRole('dialog', { name: 'Yêu cầu mới' }).getByRole('combobox', { name: 'Đơn hàng liên quan (không bắt buộc)' })
        14 × locator resolved to <div id="«r10»" tabindex="0" role="combobox" aria-expanded="false" aria-haspopup="listbox" aria-labelledby="«r10»-label «r10»" aria-describedby="«r10»-helper-text" class="MuiSelect-select MuiSelect-outlined MuiInputBase-input MuiOutlinedInput-input css-1fmfbif-MuiNativeSelect-root-MuiSelect-select-MuiInputBase-input-MuiOutlinedInput-input">…</div>
           - unexpected value "​"


      134 |     await chooseMockOption(page,'Đơn hàng liên quan (không bắt buộc)','DH-DEMO-PAID-01 · completed');
      135 |     await chooseMockOption(page,'Khách hàng','Minh (khách mẫu)');
    > 136 |     await expect(relatedOrder).toContainText('Không liên kết đơn');
          |                                ^
      137 |     await chooseMockOption(page,'Khách hàng','Linh (khách mẫu)');
      138 |     await chooseMockOption(page,'Đơn hàng liên quan (không bắt buộc)','DH-DEMO-PAID-01 · completed');
      139 |     await chooseMockOption(page,'Loại yêu cầu','Yêu cầu trả hàng');
        at C:\Users\Joker-PC\Documents\Projects\Bot-AI-Ban-hang-FB\BotSalesAI_Frontend\tests\fe009.spec.ts:136:32

    Error Context: test-results\fe009-after-sale-cases-onl-49315-rofile-shows-their-shipment-chromium\error-context.md

    Error Context: test-results\fe009-after-sale-cases-onl-49315-rofile-shows-their-shipment-chromium\error-context.md

    attachment #3: trace (application/zip) ─────────────────────────────────────────────────────────
    test-results\fe009-after-sale-cases-onl-49315-rofile-shows-their-shipment-chromium\trace.zip
    Usage:

        npx playwright show-trace test-results\fe009-after-sale-cases-onl-49315-rofile-shows-their-shipment-chromium\trace.zip

    ────────────────────────────────────────────────────────────────────────────────────────────────

  1 failed
    [chromium] › tests\fe009.spec.ts:124:1 › after-sale cases only link orders loaded for the selected customer and customer profile shows their shipment 
  13 passed (41.0s)
