
> botsales-frontend@0.1.0 test:layout
> node --test tests/layout-checker.test.mjs tests/ui-layout-binding-gates.test.mjs && node scripts/check-layout.mjs

✔ accepts semantic bridge roles, the closed token-derived factor map, geometry, and reset values (2624.4879ms)
✔ rejects a CSS spacing role without a declared shared owner (1545.4909ms)
✔ rejects scale-conforming and off-scale literals in sx, responsive leaves, named and namespace MUI System props (1344.5885ms)
✔ follows local aliases and style callbacks; rejects theme spacing helpers and preset overrides (1441.7346ms)
✔ scans nested slotProps but does not confuse event handlers or geometric dimensions with spacing (1403.3331ms)
✔ keeps Panel geometry inspectable and rejects spacing hidden in its geometry prop (3962.6712ms)
✔ accepts only an exact CSS exception and reports stale or mismatched exception scope (3215.189ms)
✔ rejects malformed TypeScript, malformed CSS, bad exception schema, and raw values in the bridge (4178.2282ms)
✔ rejects canonical pixel tokens used as MUI factors and an altered bridge factor table (2027.1817ms)
✔ report mode inventories migration debt without turning findings into PASS (1044.4746ms)
✔ canonical writes through casts and aliases fail outside style expressions (3213.1169ms)
✔ Object.assign cannot mutate canonical data but can copy to a fresh object (2849.4488ms)
✔ layout gate rejects raw spacing on const alias of MUI component (1929.3139ms)
✔ canonical mutation gate follows global mutator aliases and reflection (1384.3267ms)
✔ local mutator names do not acquire global mutation identity (1491.7841ms)
✔ destructured mutators and call/apply retain canonical mutation checks (1214.2596ms)
✔ global mutator call/apply can copy canonical values into fresh objects (1165.8581ms)
✔ mutable aliases with possible canonical destinations fail closed (1121.3204ms)
✔ opaque apply arguments fail closed while unrelated mutable data stays valid (2236.633ms)
✔ canonical references inside containers and destructured aliases cannot be mutated (1091.0566ms)
✔ independent shallow copies of scalar canonical fields remain mutable (1110.8553ms)
✔ array references and nested destructuring preserve canonical write provenance (1077.2663ms)
✔ array destinations distinguish independent elements from canonical references (1062.8848ms)
✔ array destructuring, dynamic indices and spread cannot hide canonical references (1035.1866ms)
✔ dynamic indices and destructuring of independent arrays stay mutable (1061.3813ms)
✔ function parameters cannot hide canonical mutation across source files (1007.2759ms)
✔ read-only helpers and mutations of unrelated arguments remain valid (1041.0457ms)
✔ returned canonical references remain protected across helper boundaries (1036.0914ms)
✔ helper returns of fresh scalar copies do not retain canonical destination identity (1006.1719ms)
✔ destructured object parameters cannot mutate canonical arguments (996.3392ms)
✔ destructured object parameters retain independent argument mutability (988.6191ms)
✔ default parameter and binding initializers cannot hide canonical mutations (987.992ms)
✔ fresh default parameter and binding copies remain mutable (1000.7612ms)
✔ rest parameters retain canonical argument write provenance (1018.1511ms)
✔ rest parameters distinguish independent positions from canonical siblings (1035.8204ms)
✔ finite spread arguments preserve shifted positional and rest destinations (995.6931ms)
✔ finite spread expansion keeps independent argument positions mutable (983.4336ms)
✔ opaque spreads keep positional mutation destinations unknown (1008.8833ms)
✔ opaque spreads into read-only helpers do not invent mutation findings (996.561ms)
✔ array parameter patterns retain canonical positions including nested object arrays (1013.0015ms)
✔ array parameter patterns retain independent bound element mutability (1013.5907ms)
✔ layout gate rejects parameter shadow of canonical layout name (967.1204ms)
✔ layout gate follows genuine renamed styled factory (966.8397ms)
✔ layout gate accepts canonical namespace, element access and barrel alias (993.5453ms)
✔ layout gate does not mistake local component named Stack for MUI (1029.9283ms)
✔ layout gate inspects renamed installed Emotion css tag (958.4533ms)
✔ layout gate preserves genuine aliased Controller field forwarding (985.9379ms)
✔ a same-named local Controller cannot exempt an unknown prop spread (1025.1677ms)
✔ genuine useForm registration survives property and destructured aliases (998.8656ms)
✔ a function named register cannot exempt injected style props (981.1434ms)
✔ a bridge callback parameter cannot impersonate its private factor binding (986.4566ms)
✔ opaque namespace component selection remains a strict binding failure (1016.4562ms)
✔ opaque namespace factory cannot hide style arguments (973.6272ms)
✔ MUI re-export cannot hide raw spacing behind a first-party barrel (1028.8483ms)
✔ destructuring assignments cannot hide canonical write targets (1065.0025ms)
✔ destructuring assignments can update independent copied destinations (1088.163ms)
✔ object rest retains nested canonical references while copying the outer object (1084.754ms)
✔ rest scalar copies and replacement of container references stay mutable (1009.8733ms)
✔ shallow object spread preserves canonical child references and last-writer order (984.823ms)
✔ shallow spread with a later independent override stays mutable (1153.1722ms)
✔ exported mutable aliases retain assignments from their declaring file (1203.5522ms)
✔ exported independent mutable data does not acquire canonical provenance (1014.605ms)
✔ literal computed keys retain canonical container and parameter provenance (1072.6853ms)
✔ literal computed keys do not taint independent selected properties (1020.5959ms)
✔ Object.assign shallow copies retain canonical nested reference provenance (1071.4785ms)
✔ Object.assign later independent overrides and scalar copies stay mutable (986.0664ms)
✔ union and dynamic property selections retain possible canonical destinations (978.7349ms)
✔ finite union property selections exclude canonical siblings not in the key set (978.3322ms)
✔ union selection over Object.assign output retains canonical child provenance (951.5609ms)
✔ union selection over independent Object.assign output remains mutable (968.9513ms)
✔ Reflect.set call/apply checks the target argument rather than the assigned value (3044.1908ms)
✔ aliased React createElement checks MUI and native style objects (999.4533ms)
✔ GlobalStyles.styles is checked and local createElement names stay local (1897.5774ms)
✔ React JSX runtime factories cannot bypass MUI or native style checks (989.5869ms)
✔ React cloneElement checks the cloned MUI element and preserves native props (3777.4658ms)
✔ Emotion css props and object factories are inspected with native CSS semantics (3037.6535ms)
✔ Inline style elements in JSX, React factories, DOM and the HTML entry fail closed (8309.8092ms)
✔ DOM CSSOM spacing writes use semantic roles and reject opaque style strings (2024.2459ms)
✔ HTML parsing and runtime stylesheet mutation cannot bypass the imported CSS boundary (1937.3371ms)
✔ spacing shorthand values and responsive breakpoints preserve token and unit provenance (9357.5526ms)
✔ function return producers cannot hide canonical children behind spreads (944.0658ms)
✔ producer spreads keep later independent child overrides writable (982.3177ms)
ℹ tests 82
ℹ suites 0
ℹ pass 82
ℹ fail 0
ℹ cancelled 0
ℹ skipped 0
ℹ todo 0
ℹ duration_ms 106117.9436
layout-check PASS: 79 source files, 0 finding(s), 1 exception(s) used
