
> botsales-frontend@0.1.0 test:layout
> node --test tests/layout-checker.test.mjs tests/ui-layout-binding-gates.test.mjs && node scripts/check-layout.mjs

✔ CSS label gap accepts the canonical direct pixel constructor and its exact owner/property (919.4842ms)
✔ CSS label gap cannot be used as an unrelated spacing property (906.8577ms)
✔ CSS label gap rejects a raw pixel constructor argument (927.1128ms)
✔ CSS label gap cannot impersonate a role from another owner (916.0849ms)
✔ accepts semantic bridge roles, the closed token-derived factor map, geometry, and reset values (982.3079ms)
✔ rejects a CSS spacing role without a declared shared owner (984.9494ms)
✔ rejects scale-conforming and off-scale literals in sx, responsive leaves, named and namespace MUI System props (971.9603ms)
✔ follows local aliases and style callbacks; rejects theme spacing helpers and preset overrides (981.4069ms)
✔ scans nested slotProps but does not confuse event handlers or geometric dimensions with spacing (974.7098ms)
✔ keeps Panel geometry inspectable and rejects spacing hidden in its geometry prop (2814.6954ms)
✔ accepts only an exact CSS exception and reports stale or mismatched exception scope (2765.48ms)
✔ rejects malformed TypeScript, malformed CSS, bad exception schema, and raw values in the bridge (3699.381ms)
✔ rejects canonical pixel tokens used as MUI factors and an altered bridge factor table (1852.7328ms)
✔ report mode inventories migration debt without turning findings into PASS (909.541ms)
✔ canonical writes through casts and aliases fail outside style expressions (951.3006ms)
✔ Object.assign cannot mutate canonical data but can copy to a fresh object (1911.1139ms)
✔ layout gate rejects raw spacing on const alias of MUI component (958.1526ms)
✔ canonical mutation gate follows global mutator aliases and reflection (964.1962ms)
✔ local mutator names do not acquire global mutation identity (983.45ms)
✔ destructured mutators and call/apply retain canonical mutation checks (1231.9568ms)
✔ global mutator call/apply can copy canonical values into fresh objects (1017.1145ms)
✔ mutable aliases with possible canonical destinations fail closed (1030.0753ms)
✔ opaque apply arguments fail closed while unrelated mutable data stays valid (1920.2765ms)
✔ canonical references inside containers and destructured aliases cannot be mutated (956.5924ms)
✔ independent shallow copies of scalar canonical fields remain mutable (974.4589ms)
✔ array references and nested destructuring preserve canonical write provenance (1096.2711ms)
✔ array destinations distinguish independent elements from canonical references (962.8361ms)
✔ array destructuring, dynamic indices and spread cannot hide canonical references (965.6712ms)
✔ dynamic indices and destructuring of independent arrays stay mutable (935.7932ms)
✔ function parameters cannot hide canonical mutation across source files (966.2453ms)
✔ read-only helpers and mutations of unrelated arguments remain valid (997.0622ms)
✔ returned canonical references remain protected across helper boundaries (954.9123ms)
✔ helper returns of fresh scalar copies do not retain canonical destination identity (929.358ms)
✔ destructured object parameters cannot mutate canonical arguments (949.1909ms)
✔ destructured object parameters retain independent argument mutability (937.7968ms)
✔ default parameter and binding initializers cannot hide canonical mutations (927.6792ms)
✔ fresh default parameter and binding copies remain mutable (922.0599ms)
✔ rest parameters retain canonical argument write provenance (908.5006ms)
✔ rest parameters distinguish independent positions from canonical siblings (913.3538ms)
✔ finite spread arguments preserve shifted positional and rest destinations (921.07ms)
✔ finite spread expansion keeps independent argument positions mutable (928.8557ms)
✔ opaque spreads keep positional mutation destinations unknown (910.8022ms)
✔ opaque spreads into read-only helpers do not invent mutation findings (974.0263ms)
✔ array parameter patterns retain canonical positions including nested object arrays (916.9717ms)
✔ array parameter patterns retain independent bound element mutability (922.6137ms)
✔ layout gate rejects parameter shadow of canonical layout name (956.0857ms)
✔ layout gate follows genuine renamed styled factory (1009.3048ms)
✔ layout gate accepts canonical namespace, element access and barrel alias (988.0784ms)
✔ layout gate does not mistake local component named Stack for MUI (950.1999ms)
✔ layout gate inspects renamed installed Emotion css tag (955.9349ms)
✔ layout gate preserves genuine aliased Controller field forwarding (960.0629ms)
✔ a same-named local Controller cannot exempt an unknown prop spread (971.5432ms)
✔ genuine useForm registration survives property and destructured aliases (940.6002ms)
✔ a function named register cannot exempt injected style props (942.4456ms)
✔ a bridge callback parameter cannot impersonate its private factor binding (942.0467ms)
✔ opaque namespace component selection remains a strict binding failure (959.916ms)
✔ opaque namespace factory cannot hide style arguments (917.5758ms)
✔ MUI re-export cannot hide raw spacing behind a first-party barrel (905.0862ms)
✔ destructuring assignments cannot hide canonical write targets (917.4034ms)
✔ destructuring assignments can update independent copied destinations (906.8849ms)
✔ object rest retains nested canonical references while copying the outer object (907.7489ms)
✔ rest scalar copies and replacement of container references stay mutable (901.704ms)
✔ shallow object spread preserves canonical child references and last-writer order (899.4667ms)
✔ shallow spread with a later independent override stays mutable (907.1757ms)
✔ exported mutable aliases retain assignments from their declaring file (931.8382ms)
✔ exported independent mutable data does not acquire canonical provenance (921.9184ms)
✔ literal computed keys retain canonical container and parameter provenance (916.9402ms)
✔ literal computed keys do not taint independent selected properties (916.897ms)
✔ Object.assign shallow copies retain canonical nested reference provenance (921.0149ms)
✔ Object.assign later independent overrides and scalar copies stay mutable (925.2556ms)
✔ union and dynamic property selections retain possible canonical destinations (913.7138ms)
✔ finite union property selections exclude canonical siblings not in the key set (910.3609ms)
✔ union selection over Object.assign output retains canonical child provenance (943.2156ms)
✔ union selection over independent Object.assign output remains mutable (916.1266ms)
✔ Reflect.set call/apply checks the target argument rather than the assigned value (2809.0829ms)
✔ aliased React createElement checks MUI and native style objects (919.3653ms)
✔ GlobalStyles.styles is checked and local createElement names stay local (1827.6089ms)
✔ React JSX runtime factories cannot bypass MUI or native style checks (924.0421ms)
✔ React cloneElement checks the cloned MUI element and preserves native props (3642.2875ms)
✔ Emotion css props and object factories are inspected with native CSS semantics (2919.0105ms)
✔ Inline style elements in JSX, React factories, DOM and the HTML entry fail closed (7565.5588ms)
✔ DOM CSSOM spacing writes use semantic roles and reject opaque style strings (1971.4543ms)
✔ HTML parsing and runtime stylesheet mutation cannot bypass the imported CSS boundary (1922.2947ms)
✔ spacing shorthand values and responsive breakpoints preserve token and unit provenance (9294.5727ms)
✔ function return producers cannot hide canonical children behind spreads (922.2911ms)
✔ producer spreads keep later independent child overrides writable (897.1637ms)
ℹ tests 86
ℹ suites 0
ℹ pass 86
ℹ fail 0
ℹ cancelled 0
ℹ skipped 0
ℹ todo 0
ℹ duration_ms 94616.5977
layout-check PASS: 93 source files, 0 finding(s), 1 exception(s) used
