
Running 6 tests using 1 worker



(node:50868) Warning: The 'NO_COLOR' env is ignored due to the 'FORCE_COLOR' env being set.
(Use `node --trace-warnings ...` to show where the warning was created)
[1/6] [chromium] › tests\ui028-w25-reports-layout.spec.ts:16:1 › UI028.W25 Reports semantic spacing stays stable at mobile, tablet and desktop widths

(node:34220) Warning: The 'NO_COLOR' env is ignored due to the 'FORCE_COLOR' env being set.

(Use `node --trace-warnings ...` to show where the warning was created)
[2/6] [chromium] › tests\ui028-w25-reports-layout.spec.ts:16:1 › UI028.W25 Reports semantic spacing stays stable at mobile, tablet and desktop widths

(node:46792) Warning: The 'NO_COLOR' env is ignored due to the 'FORCE_COLOR' env being set.

(Use `node --trace-warnings ...` to show where the warning was created)
[3/6] [chromium] › tests\ui028-w25-reports-layout.spec.ts:16:1 › UI028.W25 Reports semantic spacing stays stable at mobile, tablet and desktop widths
  1) [chromium] › tests\ui028-w25-reports-layout.spec.ts:16:1 › UI028.W25 Reports semantic spacing stays stable at mobile, tablet and desktop widths 

    Error: page.evaluate: Error: Marketing chart viewport is missing.
        at eval (eval at evaluate (:311:30), <anonymous>:15:25)
        at UtilityScript.evaluate (<anonymous>:313:16)
        at UtilityScript.<anonymous> (<anonymous>:1:44)
        at eval (eval at evaluate (:311:30), <anonymous>:15:25)
        at UtilityScript.evaluate (<anonymous>:313:16)
        at UtilityScript.<anonymous> (<anonymous>:1:44)
        at C:\Users\Joker-PC\Documents\Projects\Bot-AI-Ban-hang-FB\BotSalesAI_Frontend\tests\ui028-w25-reports-layout.spec.ts:68:36

    Error Context: test-results\playwright-46792-a9e17652-5adb-45f9-9cb7-b9a93421bf07\ui028-w25-reports-layout-U-e3965-e-tablet-and-desktop-widths-chromium-repeat2\error-context.md

    Error Context: test-results\playwright-46792-a9e17652-5adb-45f9-9cb7-b9a93421bf07\ui028-w25-reports-layout-U-e3965-e-tablet-and-desktop-widths-chromium-repeat2\error-context.md

    attachment #3: trace (application/zip) ─────────────────────────────────────────────────────────
    test-results\playwright-46792-a9e17652-5adb-45f9-9cb7-b9a93421bf07\ui028-w25-reports-layout-U-e3965-e-tablet-and-desktop-widths-chromium-repeat2\trace.zip
    Usage:

        npx playwright show-trace test-results\playwright-46792-a9e17652-5adb-45f9-9cb7-b9a93421bf07\ui028-w25-reports-layout-U-e3965-e-tablet-and-desktop-widths-chromium-repeat2\trace.zip

    ────────────────────────────────────────────────────────────────────────────────────────────────


(node:41736) Warning: The 'NO_COLOR' env is ignored due to the 'FORCE_COLOR' env being set.

(Use `node --trace-warnings ...` to show where the warning was created)

[4/6] [firefox] › tests\ui028-w25-reports-layout.spec.ts:16:1 › UI028.W25 Reports semantic spacing stays stable at mobile, tablet and desktop widths

(node:78756) Warning: The 'NO_COLOR' env is ignored due to the 'FORCE_COLOR' env being set.
(Use `node --trace-warnings ...` to show where the warning was created)

[5/6] [firefox] › tests\ui028-w25-reports-layout.spec.ts:16:1 › UI028.W25 Reports semantic spacing stays stable at mobile, tablet and desktop widths

(node:25232) Warning: The 'NO_COLOR' env is ignored due to the 'FORCE_COLOR' env being set.
(Use `node --trace-warnings ...` to show where the warning was created)

[6/6] [firefox] › tests\ui028-w25-reports-layout.spec.ts:16:1 › UI028.W25 Reports semantic spacing stays stable at mobile, tablet and desktop widths
  1 failed
    [chromium] › tests\ui028-w25-reports-layout.spec.ts:16:1 › UI028.W25 Reports semantic spacing stays stable at mobile, tablet and desktop widths 
  5 passed (2.1m)
