
> botsales-frontend@0.1.0 verify
> npm run generate:check && npm run test:source && npm run boundaries && npm run lint && npm run typecheck && npm run test:domain && npm test && npm run build && npm run test:layout && npm run test:visual-tokens && npm run test:ui-composition && npm run test:evidence


> botsales-frontend@0.1.0 generate:check
> node scripts/generate.mjs --check

{"status":"PASS","outputs":15,"schemas":346,"operations":245,"routes":61}

> botsales-frontend@0.1.0 test:source
> node scripts/check-source.mjs && node --test tests/source-checker.test.mjs

{
  "checkedAt": "2026-10-10T04:43:07.999Z",
  "scope": "Syntax, operation identifiers, route-source mapping, permissions and token adoption. NOT React typecheck, build or browser test.",
  "compiler": "5.9.2",
  "compilerSource": "project dependency",
  "files": 85,
  "operationCalls": 262,
  "routes": 61,
  "issues": [],
  "status": "PASS"
}
✔ module path classification accepts Windows and POSIX spellings, but excludes app files (1.0311ms)
✔ the source-checker CLI rejects a prohibited color literal in a module (159.2916ms)
✔ the source-checker CLI accepts a token-based module and leaves app-level colors outside the rule (154.5976ms)
ℹ tests 3
ℹ suites 0
ℹ pass 3
ℹ fail 0
ℹ cancelled 0
ℹ skipped 0
ℹ todo 0
ℹ duration_ms 398.0961

> botsales-frontend@0.1.0 boundaries
> node scripts/check-boundaries.mjs

{
  "checkedAt": "2026-10-10T04:43:10.492Z",
  "scope": "AST imports resolve aliases/relative paths, module boundaries and cycles; parser diagnostics are errors",
  "files": 85,
  "imports": 722,
  "negativeFixtures": "Boundary fixtures: PASS 10/10 scenarios (allowed shared/public imports, alias, relative, app deep import, type-only, dynamic, unresolved, cycle, parser error).",
  "status": "PASS",
  "issues": []
}

> botsales-frontend@0.1.0 lint
> eslint apps/web/src --max-warnings 0


> botsales-frontend@0.1.0 typecheck
> tsc -p apps/web/tsconfig.json --noEmit


> botsales-frontend@0.1.0 test:domain
> node scripts/test-domain.mjs

{"status":"PASS","simulatorChecks":86,"networkChecks":31,"networkHandlers":245,"passed":117,"operations":100,"node":"v24.19.0","typescript":"5.9.2"}

> botsales-frontend@0.1.0 test
> vitest run --config apps/web/vitest.config.ts


 RUN  v5.0.3 C:/Users/Joker-PC/Documents/Projects/Bot-AI-Ban-hang-FB/BotSalesAI_Frontend

[BABEL] Note: The code generator has deoptimised the styling of C:\Users\Joker-PC\AppData\Local\Temp\botsales-vite-cache\ea27c7577456f6009d55\direct-vite\82972\deps\react-dom_client.js?v=48672f89 as it exceeds the max of 500KB.

 Test Files  23 passed (23)
      Tests  238 passed (238)
   Start at  11:43:24
   Duration  6.45s (tests 34%, environment 31%, import 16%, transform 11%, setup 8%)


> botsales-frontend@0.1.0 build
> npm run generate:check && npm run typecheck && npm run build --workspace @botsales/web


> botsales-frontend@0.1.0 generate:check
> node scripts/generate.mjs --check

{"status":"PASS","outputs":15,"schemas":346,"operations":245,"routes":61}

> botsales-frontend@0.1.0 typecheck
> tsc -p apps/web/tsconfig.json --noEmit


> @botsales/web@0.1.0 build
> vite build --mode production

vite v7.3.6 building client environment for production...
transforming...
✓ 2077 modules transformed.
rendering chunks...
computing gzip size...
dist/index.html                              1.23 kB │ gzip:   0.61 kB
dist/assets/index-BQPx7lJM.css               3.56 kB │ gzip:   1.33 kB
dist/assets/download-8lJFmiSZ.js             0.23 kB │ gzip:   0.17 kB
dist/assets/filters-CM07jGKE.js              0.32 kB │ gzip:   0.25 kB
dist/assets/hooks-L2nh8X7I.js                4.59 kB │ gzip:   2.15 kB
dist/assets/draft-conflict-CQUoJQ4o.js       5.37 kB │ gzip:   2.49 kB
dist/assets/index-mquMxiPF.js                8.25 kB │ gzip:   3.27 kB
dist/assets/index-CiWOs-TV.js                9.42 kB │ gzip:   3.73 kB
dist/assets/index-DQGrQuEv.js               13.14 kB │ gzip:   5.19 kB
dist/assets/index-OVGPogNo.js               15.39 kB │ gzip:   5.90 kB
dist/assets/index-Bd9mcE3C.js               16.98 kB │ gzip:   5.58 kB
dist/assets/index-Bg61UgeK.js               16.99 kB │ gzip:   5.81 kB
dist/assets/index-PCRh2M1X.js               18.85 kB │ gzip:   6.33 kB
dist/assets/index-BUtDDvPf.js               19.08 kB │ gzip:   7.02 kB
dist/assets/index-CvmCKMdV.js               20.90 kB │ gzip:   6.92 kB
dist/assets/index-Dzt3sNfY.js               21.23 kB │ gzip:   7.65 kB
dist/assets/index-RfTtRmBG.js               24.80 kB │ gzip:   8.25 kB
dist/assets/index-DWs4xu4k.js               25.06 kB │ gzip:   8.46 kB
dist/assets/index-BSXDucyP.js               30.93 kB │ gzip:   9.93 kB
dist/assets/index-DattA6PL.js               32.48 kB │ gzip:  10.82 kB
dist/assets/query-Df7VyXaF.js               33.15 kB │ gzip:   9.92 kB
dist/assets/index-WDyY7fx-.js               42.03 kB │ gzip:  11.49 kB
dist/assets/i18n-D4N_7Z3Q.js                46.14 kB │ gzip:  15.12 kB
dist/assets/index-BeRebE9w.js               64.28 kB │ gzip:  17.67 kB
dist/assets/schemas-CoWCwirf.js             85.75 kB │ gzip:  25.72 kB
dist/assets/index-DgXyZ4_1.js              100.89 kB │ gzip:  32.02 kB
dist/assets/schema-validation-B78jEm7B.js  149.80 kB │ gzip:  45.12 kB
dist/assets/react-runtime-gLMyUIL2.js      279.79 kB │ gzip:  90.28 kB
dist/assets/charts-BwhaRlrs.js             320.23 kB │ gzip:  96.79 kB
dist/assets/mui-CJj7QyVx.js                328.77 kB │ gzip: 100.20 kB
dist/assets/contract-data-BRT-TOMX.js      368.62 kB │ gzip:  42.83 kB
✓ built in 2.86s

> botsales-frontend@0.1.0 test:layout
> node --test tests/layout-checker.test.mjs tests/ui-layout-binding-gates.test.mjs && node scripts/check-layout.mjs

✔ CSS label gap accepts the canonical direct pixel constructor and its exact owner/property (972.4178ms)
✔ CSS label gap cannot be used as an unrelated spacing property (915.4765ms)
✔ CSS label gap rejects a raw pixel constructor argument (918.8804ms)
✔ CSS label gap cannot impersonate a role from another owner (912.2818ms)
✔ accepts semantic bridge roles, the closed token-derived factor map, geometry, and reset values (920.0617ms)
✔ rejects a CSS spacing role without a declared shared owner (917.2357ms)
✔ rejects scale-conforming and off-scale literals in sx, responsive leaves, named and namespace MUI System props (920.0713ms)
✔ follows local aliases and style callbacks; rejects theme spacing helpers and preset overrides (931.1799ms)
✔ scans nested slotProps but does not confuse event handlers or geometric dimensions with spacing (923.632ms)
✔ keeps Panel geometry inspectable and rejects spacing hidden in its geometry prop (2712.0418ms)
✔ accepts only an exact CSS exception and reports stale or mismatched exception scope (2704.9822ms)
✔ rejects malformed TypeScript, malformed CSS, bad exception schema, and raw values in the bridge (3657.5419ms)
✔ rejects canonical pixel tokens used as MUI factors and an altered bridge factor table (1874.9973ms)
✔ report mode inventories migration debt without turning findings into PASS (921.749ms)
✔ canonical writes through casts and aliases fail outside style expressions (1012.4472ms)
✔ Object.assign cannot mutate canonical data but can copy to a fresh object (1887.2932ms)
✔ layout gate rejects raw spacing on const alias of MUI component (945.5698ms)
✔ canonical mutation gate follows global mutator aliases and reflection (960.0418ms)
✔ local mutator names do not acquire global mutation identity (955.3637ms)
✔ destructured mutators and call/apply retain canonical mutation checks (954.8387ms)
✔ global mutator call/apply can copy canonical values into fresh objects (937.7194ms)
✔ mutable aliases with possible canonical destinations fail closed (947.7112ms)
✔ opaque apply arguments fail closed while unrelated mutable data stays valid (1874.5469ms)
✔ canonical references inside containers and destructured aliases cannot be mutated (973.2364ms)
✔ independent shallow copies of scalar canonical fields remain mutable (950.6011ms)
✔ array references and nested destructuring preserve canonical write provenance (943.6806ms)
✔ array destinations distinguish independent elements from canonical references (937.2894ms)
✔ array destructuring, dynamic indices and spread cannot hide canonical references (958.3167ms)
✔ dynamic indices and destructuring of independent arrays stay mutable (953.1489ms)
✔ function parameters cannot hide canonical mutation across source files (982.3614ms)
✔ read-only helpers and mutations of unrelated arguments remain valid (949.8018ms)
✔ returned canonical references remain protected across helper boundaries (994.947ms)
✔ helper returns of fresh scalar copies do not retain canonical destination identity (1004.6229ms)
✔ destructured object parameters cannot mutate canonical arguments (925.5294ms)
✔ destructured object parameters retain independent argument mutability (945.439ms)
✔ default parameter and binding initializers cannot hide canonical mutations (931.2348ms)
✔ fresh default parameter and binding copies remain mutable (925.0029ms)
✔ rest parameters retain canonical argument write provenance (925.3486ms)
✔ rest parameters distinguish independent positions from canonical siblings (917.214ms)
✔ finite spread arguments preserve shifted positional and rest destinations (917.53ms)
✔ finite spread expansion keeps independent argument positions mutable (935.3833ms)
✔ opaque spreads keep positional mutation destinations unknown (922.7141ms)
✔ opaque spreads into read-only helpers do not invent mutation findings (911.295ms)
✔ array parameter patterns retain canonical positions including nested object arrays (924.0577ms)
✔ array parameter patterns retain independent bound element mutability (921.8962ms)
✔ layout gate rejects parameter shadow of canonical layout name (938.5107ms)
✔ layout gate follows genuine renamed styled factory (931.2981ms)
✔ layout gate accepts canonical namespace, element access and barrel alias (944.3585ms)
✔ layout gate does not mistake local component named Stack for MUI (915.8494ms)
✔ layout gate inspects renamed installed Emotion css tag (910.7752ms)
✔ layout gate preserves genuine aliased Controller field forwarding (912.6223ms)
✔ a same-named local Controller cannot exempt an unknown prop spread (897.8225ms)
✔ genuine useForm registration survives property and destructured aliases (922.2339ms)
✔ a function named register cannot exempt injected style props (915.9815ms)
✔ a bridge callback parameter cannot impersonate its private factor binding (908.0836ms)
✔ opaque namespace component selection remains a strict binding failure (926.0777ms)
✔ opaque namespace factory cannot hide style arguments (936.2429ms)
✔ MUI re-export cannot hide raw spacing behind a first-party barrel (934.4036ms)
✔ destructuring assignments cannot hide canonical write targets (927.3123ms)
✔ destructuring assignments can update independent copied destinations (951.2426ms)
✔ object rest retains nested canonical references while copying the outer object (933.2982ms)
✔ rest scalar copies and replacement of container references stay mutable (908.3201ms)
✔ shallow object spread preserves canonical child references and last-writer order (948.757ms)
✔ shallow spread with a later independent override stays mutable (932.3445ms)
✔ exported mutable aliases retain assignments from their declaring file (931.4698ms)
✔ exported independent mutable data does not acquire canonical provenance (926.7876ms)
✔ literal computed keys retain canonical container and parameter provenance (940.4731ms)
✔ literal computed keys do not taint independent selected properties (947.8353ms)
✔ Object.assign shallow copies retain canonical nested reference provenance (947.2183ms)
✔ Object.assign later independent overrides and scalar copies stay mutable (920.3234ms)
✔ union and dynamic property selections retain possible canonical destinations (905.2718ms)
✔ finite union property selections exclude canonical siblings not in the key set (920.6708ms)
✔ union selection over Object.assign output retains canonical child provenance (897.9898ms)
✔ union selection over independent Object.assign output remains mutable (902.6291ms)
✔ Reflect.set call/apply checks the target argument rather than the assigned value (2780.1326ms)
✔ aliased React createElement checks MUI and native style objects (915.0222ms)
✔ GlobalStyles.styles is checked and local createElement names stay local (1839.6179ms)
✔ React JSX runtime factories cannot bypass MUI or native style checks (935.0661ms)
✔ React cloneElement checks the cloned MUI element and preserves native props (3656.0363ms)
✔ Emotion css props and object factories are inspected with native CSS semantics (2779.5842ms)
✔ Inline style elements in JSX, React factories, DOM and the HTML entry fail closed (7297.5266ms)
✔ DOM CSSOM spacing writes use semantic roles and reject opaque style strings (1882.4309ms)
✔ HTML parsing and runtime stylesheet mutation cannot bypass the imported CSS boundary (1839.0085ms)
✔ spacing shorthand values and responsive breakpoints preserve token and unit provenance (9210.5166ms)
✔ function return producers cannot hide canonical children behind spreads (958.6729ms)
✔ producer spreads keep later independent child overrides writable (913.2557ms)
ℹ tests 86
ℹ suites 0
ℹ pass 86
ℹ fail 0
ℹ cancelled 0
ℹ skipped 0
ℹ todo 0
ℹ duration_ms 93139.6276
layout-check PASS: 93 source files, 0 finding(s), 1 exception(s) used

> botsales-frontend@0.1.0 test:visual-tokens
> node --test tests/visual-token-checker.test.mjs && node scripts/check-visual-tokens.mjs

✔ visual checker accepts canonical theme roles, token references, geometry and semantic responsive props (475.0519ms)
✔ visual checker rejects raw literals across sx, JSX system props and CSS declarations (289.6316ms)
✔ visual checker follows local style aliases and callback themes, but fails raw nested values (286.5277ms)
✔ visual checker reports unresolved spreads and malformed style sources as UNKNOWN or parse errors (268.0074ms)
✔ visual checker includes newly added TSX files under the source root (272.9555ms)
ℹ tests 5
ℹ suites 0
ℹ pass 5
ℹ fail 0
ℹ cancelled 0
ℹ skipped 0
ℹ todo 0
ℹ duration_ms 2012.8514
visual-token-check PASS: 92 source files, 0 finding(s)

> botsales-frontend@0.1.0 test:ui-composition
> node --test tests/ui-composition-checker.test.mjs tests/ui-composition-ancestry.test.mjs tests/ui-shared-api-contract.test.mjs && node scripts/check-ui-composition.mjs

✔ P10/P15 catch alias and neutral-wrapper duplicate insets through fragments and conditionals (436.6881ms)
✔ P20 resolves shared composition identities through a barrel and const component aliases (308.1694ms)
✔ P11/P13 catch static element access roles on every MUI surface, including Paper (295.602ms)
✔ P12 checks React createElement and JSX-runtime element factories (272.6225ms)
✔ P14 resolves bodyMode literal aliases and fails closed when ownership is unknown (820.7111ms)
✔ checks Panel ancestry when React elements are created natively (271.8833ms)
✔ keeps independent nested surfaces and portaled dialogs as separate owners (568.3722ms)
✔ accepts finite bodyMode branches and every mode in the public component contracts (804.778ms)
✔ stops inherited gap ownership at Panels and independent bordered surfaces (535.251ms)
✔ tracks gaps through fragments, conditions and ready QueryState, but not inside DOM wrappers (330.8539ms)
✔ applies the same finite modes and wrapper boundaries to native React factories (712.4985ms)
✔ recognizes native outlined Paper and nested Box surface inset boundaries (552.5166ms)
✔ fails closed when an unresolved custom wrapper obscures a semantic gap owner (256.4473ms)
✔ rejects unsupported placement and rhythm values while accepting finite aliases and branches (513.5067ms)
✔ rejects unsupported finite values through React element factories (522.849ms)
✔ accepts semantic composition, closed geometry and business-specific MUI primitives (6.3435ms)
✔ rejects rebuilding each shared spacing owner at a consumer (1.9197ms)
✔ follows aliases, local style variables, object spreads and namespace imports (0.9192ms)
✔ rejects direct and spread spacing overrides on semantic components (0.5436ms)
✔ rejects spacing or opaque spreads hidden in geometry (0.2575ms)
✔ allows the canonical owner implementation and fails closed on malformed source (0.9984ms)
✔ rejects duplicated parent boundary and duplicated Panel inset (0.6126ms)
✔ checks default MUI imports and fails closed for opaque geometry (0.3785ms)
✔ distinguishes content grids from flex flows when reporting the shared owner (0.3169ms)
✔ rejects page spacing for paired fields and peer Panels without a section gap owner (1.8347ms)
✔ related sibling gaps belong to ActionGroup comfortable density, not consumer Stack styles (0.533ms)
✔ density profiles are finite and new spacing paths retain the shared owner (1.1319ms)
✔ Amount consumers declare wrapping outside DataTable columns and keep table money unbroken (53.6007ms)
✔ the shared catalog covers every public React component and supporting Column type (43.9038ms)
✔ SPC-067 covers discovered public Shared APIs without a fixed export count (0.8892ms)
✔ every public React API has a direct rendered contract test (1.3431ms)
✔ catalog declaration lines and stated JSX counts match resolved source symbols (88.8172ms)
✔ every shared React export has a resolved production consumer or an explicit zero-use lifecycle decision (57.5619ms)
✔ required UI evidence and regression gates remain wired to root verify and the active parent workflow (0.5966ms)
✔ composition prop allowlists match the TypeScript owners exactly (0.2428ms)
✔ QueryState uses only the approved inline and section pending profiles (0.3007ms)
✔ QueryState consumers reserve section loading for primary content and keep every other state inline by default (43.7779ms)
✔ body modes, placement roles and geometry keys match the TypeScript contracts (1.0089ms)
✔ Panel geometry and DataTable columns remain closed public contracts (4.6216ms)
✔ shared component and composition props expose no arbitrary layout/style escape hatch (0.2582ms)
✔ layout role types, runtime values, consumers and ownership documentation stay closed (2402.4734ms)
ℹ tests 41
ℹ suites 0
ℹ pass 41
ℹ fail 0
ℹ cancelled 0
ℹ skipped 0
ℹ todo 0
ℹ duration_ms 7643.7697
ui-composition PASS: 91 source files, 0 finding(s)


> botsales-frontend@0.1.0 test:evidence
> node --test tests/ui-evidence-validator.test.mjs && node scripts/validate-ui-evidence.mjs evidence/frontend-ui-improvements/ui-governance-rollout-20261007/S17-current-evidence.json

✔ accepts current fingerprints, honest open coverage, and explained N/A (5.5021ms)
✔ rejects a stale source fingerprint (3.4718ms)
✔ rejects a stale command log (3.2846ms)
✔ rejects missing, absolute, and escaping source paths (2.6583ms)
✔ rejects unrun, missing, duplicate, and nonzero command results marked PASS (3.3267ms)
✔ rejects PASS when expected and observed results differ (2.9539ms)
✔ rejects inconsistent coverage and N/A without a reason (3.2963ms)
✔ rejects a baseline falsely dated after implementation started and detects changed baseline artifacts (6.4303ms)
✔ COMPLETE cannot contain open coverage or failed commands (4.5506ms)
✔ S19 must explicitly reconcile files, APIs, routes, rendered routes, slots, and states (5.5315ms)
✔ rejects malformed top-level evidence instead of treating missing fields as success (2.0969ms)
ℹ tests 11
ℹ suites 0
ℹ pass 11
ℹ fail 0
ℹ cancelled 0
ℹ skipped 0
ℹ todo 0
ℹ duration_ms 99.9933
ui-evidence PASS: S17; 3 command/log record(s), 3 coverage row(s), 275 current fingerprint(s); status=COMPLETE
