
> botsales-frontend@0.1.0 test:e2e
> node scripts/run-e2e.mjs tests/fe019.spec.ts tests/ui008-integration-empty.spec.ts tests/ui-integrations-layout.spec.ts


> npm run setup

> botsales-frontend@0.1.0 setup
> node scripts/setup.mjs

{"status":"PASS","outputs":11,"schemas":283,"operations":210,"routes":54}
Copying the worker script at "C:\Users\Joker-PC\Documents\Projects\Bot-AI-Ban-hang-FB\BotSalesAI_Frontend\apps\web\public"...

Worker script successfully copied!
  - public

Continue by describing the network in your application:


https://mswjs.io/docs/quick-start

Thiết lập xong. npm run dev chạy frontend mô phỏng; không kết nối khách hàng hoặc provider thật.

> npm run build

> botsales-frontend@0.1.0 build
> npm run generate:check && npm run typecheck && npm run build --workspace @botsales/web


> botsales-frontend@0.1.0 generate:check
> node scripts/generate.mjs --check

{"status":"PASS","outputs":11,"schemas":283,"operations":210,"routes":54}

> botsales-frontend@0.1.0 typecheck
> tsc -p apps/web/tsconfig.json --noEmit


> @botsales/web@0.1.0 build
> vite build --mode production

vite v7.3.6 building client environment for production...
transforming...
✓ 2056 modules transformed.
rendering chunks...
computing gzip size...
dist/index.html                              1.19 kB │ gzip:   0.60 kB
dist/assets/index-CNveuCZ2.css               2.48 kB │ gzip:   0.99 kB
dist/assets/download-8lJFmiSZ.js             0.23 kB │ gzip:   0.17 kB
dist/assets/filters-BJmJubfC.js              0.31 kB │ gzip:   0.23 kB
dist/assets/hooks-DyMIRmf9.js                3.19 kB │ gzip:   1.62 kB
dist/assets/index-BFziEEto.js                7.97 kB │ gzip:   3.19 kB
dist/assets/index-8qdXW9PW.js                8.68 kB │ gzip:   3.65 kB
dist/assets/index-Cwz-mGlK.js                9.03 kB │ gzip:   3.50 kB
dist/assets/index-DUbrfATA.js               13.12 kB │ gzip:   5.41 kB
dist/assets/index-C9jycYbG.js               13.43 kB │ gzip:   5.05 kB
dist/assets/index-BFzSkh8f.js               13.52 kB │ gzip:   4.46 kB
dist/assets/index-Ce04iddA.js               13.88 kB │ gzip:   5.36 kB
dist/assets/index-CeAFeQYS.js               16.08 kB │ gzip:   5.43 kB
dist/assets/index-D2xgf7T-.js               16.46 kB │ gzip:   5.44 kB
dist/assets/index-BkjEhP3N.js               17.21 kB │ gzip:   6.09 kB
dist/assets/index-4bljQsbT.js               18.34 kB │ gzip:   6.10 kB
dist/assets/index-DuE9A1sS.js               21.85 kB │ gzip:   7.37 kB
dist/assets/index-C_R6cjdk.js               22.39 kB │ gzip:   8.07 kB
dist/assets/index-DyqFQTjx.js               25.94 kB │ gzip:   8.42 kB
dist/assets/index-DIGX0asZ.js               31.29 kB │ gzip:   9.76 kB
dist/assets/query-5vm9EU1C.js               33.15 kB │ gzip:   9.92 kB
dist/assets/index-B0hRZnVY.js               37.31 kB │ gzip:  10.04 kB
dist/assets/i18n-xB0mQYCC.js                46.14 kB │ gzip:  15.12 kB
dist/assets/index-CYv7R8ZX.js               75.48 kB │ gzip:  25.07 kB
dist/assets/schemas-jpQ0XMzw.js             79.18 kB │ gzip:  24.03 kB
dist/assets/schema-validation-Bhr7oAQE.js  149.80 kB │ gzip:  45.12 kB
dist/assets/contract-data-Dmdv2cKW.js      262.00 kB │ gzip:  35.24 kB
dist/assets/react-runtime-D0NtfbPC.js      279.78 kB │ gzip:  90.28 kB
dist/assets/charts-CQ4oecFO.js             313.03 kB │ gzip:  94.99 kB
dist/assets/mui-Bz_aCSm2.js                328.33 kB │ gzip: 100.02 kB
✓ built in 2.88s

> npm run build:demo

> botsales-frontend@0.1.0 build:demo
> npm run generate:check && npm run typecheck && npm run build:demo --workspace @botsales/web


> botsales-frontend@0.1.0 generate:check
> node scripts/generate.mjs --check

{"status":"PASS","outputs":11,"schemas":283,"operations":210,"routes":54}

> botsales-frontend@0.1.0 typecheck
> tsc -p apps/web/tsconfig.json --noEmit


> @botsales/web@0.1.0 build:demo
> vite build --mode demo --outDir dist-demo

vite v7.3.6 building client environment for demo...
transforming...
✓ 2272 modules transformed.
rendering chunks...
computing gzip size...
dist-demo/index.html                              1.19 kB │ gzip:   0.60 kB
dist-demo/assets/index-CNveuCZ2.css               2.48 kB │ gzip:   0.99 kB
dist-demo/assets/download-CWiaXb8A.js             0.24 kB │ gzip:   0.17 kB
dist-demo/assets/filters-BJmJubfC.js              0.31 kB │ gzip:   0.23 kB
dist-demo/assets/control-B9mHuWYJ.js              0.72 kB │ gzip:   0.43 kB
dist-demo/assets/hooks-CpFgrHZm.js                3.19 kB │ gzip:   1.62 kB
dist-demo/assets/index-J40-LtZg.js                8.51 kB │ gzip:   3.38 kB
dist-demo/assets/index-CF01jG45.js                8.68 kB │ gzip:   3.65 kB
dist-demo/assets/index-wczEXx7F.js                9.03 kB │ gzip:   3.50 kB
dist-demo/assets/index-CiCSXBGx.js               13.29 kB │ gzip:   5.46 kB
dist-demo/assets/index-DdqkyAoQ.js               13.52 kB │ gzip:   4.46 kB
dist-demo/assets/index-DMpZghO3.js               13.57 kB │ gzip:   5.17 kB
dist-demo/assets/index-Dw_TmsVq.js               16.62 kB │ gzip:   5.47 kB
dist-demo/assets/index-DAv_sWyH.js               17.21 kB │ gzip:   6.09 kB
dist-demo/assets/index-BVGMrfEd.js               18.29 kB │ gzip:   6.17 kB
dist-demo/assets/index-BDcGofM5.js               18.34 kB │ gzip:   6.10 kB
dist-demo/assets/index-CBn7Ha-X.js               21.25 kB │ gzip:   7.50 kB
dist-demo/assets/index-BQFmktzF.js               22.26 kB │ gzip:   7.53 kB
dist-demo/assets/index-CNTwq2rs.js               22.61 kB │ gzip:   8.13 kB
dist-demo/assets/index-CSG14BN3.js               26.41 kB │ gzip:   8.56 kB
dist-demo/assets/query-5vm9EU1C.js               33.15 kB │ gzip:   9.92 kB
dist-demo/assets/index-BSfHDoGG.js               33.40 kB │ gzip:  10.45 kB
dist-demo/assets/index-qgWzm12U.js               37.31 kB │ gzip:  10.04 kB
dist-demo/assets/i18n-xB0mQYCC.js                46.14 kB │ gzip:  15.12 kB
dist-demo/assets/schemas-jpQ0XMzw.js             79.18 kB │ gzip:  24.03 kB
dist-demo/assets/index-Bxx_Hds_.js               79.35 kB │ gzip:  26.21 kB
dist-demo/assets/schema-validation-Bhr7oAQE.js  149.80 kB │ gzip:  45.12 kB
dist-demo/assets/service-C09KbfDh.js            159.35 kB │ gzip:  34.71 kB
dist-demo/assets/browser-CO-48gRD.js            255.20 kB │ gzip:  86.82 kB
dist-demo/assets/contract-data-Bmlj3jVV.js      267.78 kB │ gzip:  36.38 kB
dist-demo/assets/react-runtime-D0NtfbPC.js      279.78 kB │ gzip:  90.28 kB
dist-demo/assets/charts-RcpaDpmM.js             313.03 kB │ gzip:  94.99 kB
dist-demo/assets/mui-azn9KfGV.js                328.33 kB │ gzip: 100.02 kB
✓ built in 2.96s

> node node_modules\@playwright\test\cli.js test tests/fe019.spec.ts tests/ui008-integration-empty.spec.ts tests/ui-integrations-layout.spec.ts

Running 38 tests using 1 worker

(node:15388) Warning: The 'NO_COLOR' env is ignored due to the 'FORCE_COLOR' env being set.
(Use `node --trace-warnings ...` to show where the warning was created)
  ok  1 [chromium] › tests\fe019.spec.ts:21:1 › FE019.S01 maps integrations and notification routes, actions, schemas, and mock boundaries (22ms)
  ok  2 [chromium] › tests\fe019.spec.ts:70:1 › FE019.AC01 AI secret is write-only, cleared after submit, and absent from stored/read data (3.1s)
  ok  3 [chromium] › tests\fe019.spec.ts:117:1 › FE019.AC01 invalid mock credential is rejected, cleared from the form, and not submitted (1.9s)
  ok  4 [chromium] › tests\fe019.spec.ts:138:1 › FE019.AC02 channel OAuth failure stays on the page and never marks a channel connected (1.3s)
  ok  5 [chromium] › tests\fe019.spec.ts:172:1 › FE019.AC03/04 device, Telegram, and PWA checks stay synthetic and do not request OS permission (3.0s)
  ok  6 [chromium] › tests\fe019.spec.ts:251:1 › FE019.AC05 notification policy validates canonical numeric bounds before sending and acknowledges only allowed work (2.5s)
  ok  7 [chromium] › tests\fe019.spec.ts:273:1 › FE019.A03 notification order link stays within the active shop scope (1.5s)
  ok  8 [chromium] › tests\fe019.spec.ts:282:1 › FE019.A05 reminder policy saves shop-local schedule and quiet hours through the synthetic API (1.5s)
  ok  9 [chromium] › tests\fe019.spec.ts:309:1 › FE027.A02/A07 preparation notification keeps order evidence and separates queued, opened, and acknowledged states (782ms)
  ok 10 [chromium] › tests\fe019.spec.ts:334:1 › FE027.A08 notification settings disclose server-only deduplication and callback safeguards (1.2s)
  ok 11 [chromium] › tests\ui-integrations-layout.spec.ts:40:1 › Integrations routes R29/R30 fit the supported page-width boundaries (11.4s)
  ok 12 [chromium] › tests\ui-integrations-layout.spec.ts:50:1 › R29 disconnect and R30 create/edit credential dialogs stay inside mobile and desktop viewports (8.5s)
  ok 13 [chromium] › tests\ui008-integration-empty.spec.ts:53:1 › UI008 R29 successful empty collection exposes an accessible state and one permission-guarded connect CTA (1.3s)
  ok 14 [chromium] › tests\ui008-integration-empty.spec.ts:71:1 › UI008 R29 read-only bot_admin sees the empty state without a manage action (1.2s)
  ok 15 [chromium] › tests\ui008-integration-empty.spec.ts:86:1 › UI008 R29 pending channel query stays loading until its response arrives (1.7s)
  ok 16 [chromium] › tests\ui008-integration-empty.spec.ts:104:1 › UI008 R29 forbidden channel query is not presented as empty or retryable (730ms)
  ok 17 [chromium] › tests\ui008-integration-empty.spec.ts:118:1 › UI008 R29 503 remains an error and recovers through its retry control (2.1s)
  ok 18 [chromium] › tests\ui008-integration-empty.spec.ts:139:1 › UI008 R30 successful empty AI connection cards show a first-use state and one add CTA (778ms)
  ok 19 [chromium] › tests\ui008-integration-empty.spec.ts:157:1 › UI008 R30 read-only bot_admin sees the empty state without an add action (1.2s)
(node:3496) Warning: The 'NO_COLOR' env is ignored due to the 'FORCE_COLOR' env being set.
(Use `node --trace-warnings ...` to show where the warning was created)
  ok 20 [firefox] › tests\fe019.spec.ts:21:1 › FE019.S01 maps integrations and notification routes, actions, schemas, and mock boundaries (22ms)
  ok 21 [firefox] › tests\fe019.spec.ts:70:1 › FE019.AC01 AI secret is write-only, cleared after submit, and absent from stored/read data (3.2s)
  ok 22 [firefox] › tests\fe019.spec.ts:117:1 › FE019.AC01 invalid mock credential is rejected, cleared from the form, and not submitted (2.2s)
  ok 23 [firefox] › tests\fe019.spec.ts:138:1 › FE019.AC02 channel OAuth failure stays on the page and never marks a channel connected (1.5s)
  ok 24 [firefox] › tests\fe019.spec.ts:172:1 › FE019.AC03/04 device, Telegram, and PWA checks stay synthetic and do not request OS permission (3.5s)
  ok 25 [firefox] › tests\fe019.spec.ts:251:1 › FE019.AC05 notification policy validates canonical numeric bounds before sending and acknowledges only allowed work (2.2s)
  ok 26 [firefox] › tests\fe019.spec.ts:273:1 › FE019.A03 notification order link stays within the active shop scope (1.8s)
  ok 27 [firefox] › tests\fe019.spec.ts:282:1 › FE019.A05 reminder policy saves shop-local schedule and quiet hours through the synthetic API (1.8s)
  ok 28 [firefox] › tests\fe019.spec.ts:309:1 › FE027.A02/A07 preparation notification keeps order evidence and separates queued, opened, and acknowledged states (922ms)
  ok 29 [firefox] › tests\fe019.spec.ts:334:1 › FE027.A08 notification settings disclose server-only deduplication and callback safeguards (1.4s)
  ok 30 [firefox] › tests\ui-integrations-layout.spec.ts:40:1 › Integrations routes R29/R30 fit the supported page-width boundaries (12.9s)
  ok 31 [firefox] › tests\ui-integrations-layout.spec.ts:50:1 › R29 disconnect and R30 create/edit credential dialogs stay inside mobile and desktop viewports (9.7s)
  ok 32 [firefox] › tests\ui008-integration-empty.spec.ts:53:1 › UI008 R29 successful empty collection exposes an accessible state and one permission-guarded connect CTA (1.3s)
  ok 33 [firefox] › tests\ui008-integration-empty.spec.ts:71:1 › UI008 R29 read-only bot_admin sees the empty state without a manage action (1.4s)
  ok 34 [firefox] › tests\ui008-integration-empty.spec.ts:86:1 › UI008 R29 pending channel query stays loading until its response arrives (1.7s)
  ok 35 [firefox] › tests\ui008-integration-empty.spec.ts:104:1 › UI008 R29 forbidden channel query is not presented as empty or retryable (840ms)
  ok 36 [firefox] › tests\ui008-integration-empty.spec.ts:118:1 › UI008 R29 503 remains an error and recovers through its retry control (2.3s)
  ok 37 [firefox] › tests\ui008-integration-empty.spec.ts:139:1 › UI008 R30 successful empty AI connection cards show a first-use state and one add CTA (867ms)
  ok 38 [firefox] › tests\ui008-integration-empty.spec.ts:157:1 › UI008 R30 read-only bot_admin sees the empty state without an add action (1.4s)

  38 passed (1.9m)
