FE026 isolated clean install and reproducible production/demo artifact run
executedAt=2026-10-08T20:54:06.426Z
status=PASS
isolatedWorkspace=C:\Users\Joker-PC\AppData\Local\Temp\botsales-width-clean-20261009-L6OKbr
sourceLockSha256=a3c0bb3a4906f92a5f23d4e8a0b862769b71de9e7efc9a48601ae44282bc963a
copiedLockSha256=a3c0bb3a4906f92a5f23d4e8a0b862769b71de9e7efc9a48601ae44282bc963a
userEnvLocalCopied=false
rootWorkflowSha256=238511056b84e1cc972b87d2e8c673be34a8aac57295f4dd7855992c38804dc2
rootWorkflowCopiedToExpectedRelativePath=true
isolatedGitMetadata=git init --quiet at the temporary multi-project root only so the evidence validator resolves Frontend and Kit paths; no source repository .git directory, history, branch, or user changes were copied.
setupBehavior=npm run setup can create a fresh .env.local from .env.example when the isolated target is absent; it never copies the source workspace .env.local.

## initialize-isolated-git-root
command=git init --quiet
cwd=C:\Users\Joker-PC\AppData\Local\Temp\botsales-width-clean-20261009-L6OKbr
exitCode=0


## clean-install
command=node "C:\Program Files\nodejs\node_modules\npm\bin\npm-cli.js" "--script-shell=cmd.exe" "ci"
cwd=C:\Users\Joker-PC\AppData\Local\Temp\botsales-width-clean-20261009-L6OKbr\BotSalesAI_Frontend
exitCode=0

added 411 packages, and audited 413 packages in 27s

86 packages are looking for funding
  run `npm fund` for details

found 0 vulnerabilities
npm warn deprecated whatwg-encoding@3.1.1: Use @exodus/bytes instead for a more spec-conformant and faster implementation
npm warn deprecated eslint@9.34.0: This version is no longer supported. Please see https://eslint.org/version-support for other options.
npm warn allow-scripts 2 packages have install scripts not yet covered by allowScripts:
npm warn allow-scripts   esbuild@0.28.2 (postinstall: node install.js)
npm warn allow-scripts   msw@2.11.1 (postinstall: node -e "import('./config/scripts/postinstall.js').catch(() => void 0)")
npm warn allow-scripts
npm warn allow-scripts Run `npm approve-scripts --allow-scripts-pending` to review, or `npm approve-scripts <pkg>` to allow.

## npm-audit-low
command=node "C:\Program Files\nodejs\node_modules\npm\bin\npm-cli.js" "--script-shell=cmd.exe" "audit" "--audit-level=low"
cwd=C:\Users\Joker-PC\AppData\Local\Temp\botsales-width-clean-20261009-L6OKbr\BotSalesAI_Frontend
exitCode=0
found 0 vulnerabilities

## setup
command=node "C:\Program Files\nodejs\node_modules\npm\bin\npm-cli.js" "--script-shell=cmd.exe" "run" "setup"
cwd=C:\Users\Joker-PC\AppData\Local\Temp\botsales-width-clean-20261009-L6OKbr\BotSalesAI_Frontend
exitCode=0

> botsales-frontend@0.1.0 setup
> node scripts/setup.mjs

{"status":"PASS","outputs":11,"schemas":283,"operations":210,"routes":54}
Copying the worker script at "C:\Users\Joker-PC\AppData\Local\Temp\botsales-width-clean-20261009-L6OKbr\BotSalesAI_Frontend\apps\web\public"...

Worker script successfully copied!
  - public

Continue by describing the network in your application:


https://mswjs.io/docs/quick-start

Thiết lập xong. npm run dev chạy frontend mô phỏng; không kết nối khách hàng hoặc provider thật.

## verify
command=node "C:\Program Files\nodejs\node_modules\npm\bin\npm-cli.js" "--script-shell=cmd.exe" "run" "verify"
cwd=C:\Users\Joker-PC\AppData\Local\Temp\botsales-width-clean-20261009-L6OKbr\BotSalesAI_Frontend
exitCode=0

> botsales-frontend@0.1.0 verify
> npm run generate:check && npm run test:source && npm run boundaries && npm run lint && npm run typecheck && npm run test:domain && npm test && npm run build && npm run test:layout && npm run test:visual-tokens && npm run test:ui-composition && npm run test:evidence


> botsales-frontend@0.1.0 generate:check
> node scripts/generate.mjs --check

{"status":"PASS","outputs":11,"schemas":283,"operations":210,"routes":54}

> botsales-frontend@0.1.0 test:source
> node scripts/check-source.mjs && node --test tests/source-checker.test.mjs

{
  "checkedAt": "2026-10-08T20:49:48.511Z",
  "scope": "Syntax, operation identifiers, route-source mapping, permissions and token adoption. NOT React typecheck, build or browser test.",
  "compiler": "5.9.2",
  "compilerSource": "project dependency",
  "files": 71,
  "operationCalls": 222,
  "routes": 54,
  "issues": [],
  "status": "PASS"
}
✔ module path classification accepts Windows and POSIX spellings, but excludes app files (1.0844ms)
✔ the source-checker CLI rejects a prohibited color literal in a module (168.372ms)
✔ the source-checker CLI accepts a token-based module and leaves app-level colors outside the rule (197.4102ms)
ℹ tests 3
ℹ suites 0
ℹ pass 3
ℹ fail 0
ℹ cancelled 0
ℹ skipped 0
ℹ todo 0
ℹ duration_ms 425.8502

> botsales-frontend@0.1.0 boundaries
> node scripts/check-boundaries.mjs

{
  "checkedAt": "2026-10-08T20:49:51.212Z",
  "scope": "AST imports resolve aliases/relative paths, module boundaries and cycles; parser diagnostics are errors",
  "files": 71,
  "imports": 534,
  "negativeFixtures": "Boundary fixtures: PASS 10/10 scenarios (allowed shared/public imports, alias, relative, app deep import, type-only, dynamic, unresolved, cycle, parser error).",
  "status": "PASS",
  "issues": []
}

> botsales-frontend@0.1.0 lint
> eslint apps/web/src --max-warnings 0


> botsales-frontend@0.1.0 typecheck
> tsc -p apps/web/tsconfig.json --noEmit


> botsales-frontend@0.1.0 test:domain
> node scripts/test-domain.mjs

{"status":"PASS","simulatorChecks":75,"networkChecks":13,"networkHandlers":210,"passed":88,"operations":89,"node":"v24.19.0","typescript":"5.9.2"}

> botsales-frontend@0.1.0 test
> vitest run --config apps/web/vitest.config.ts


 RUN  v5.0.3 C:/Users/Joker-PC/AppData/Local/Temp/botsales-width-clean-20261009-L6OKbr/BotSalesAI_Frontend


 Test Files  15 passed (15)
      Tests  175 passed (175)
   Start at  03:50:22
   Duration  26.09s (environment 55%, import 24%, setup 13%, tests 7%, transform 1%)


> botsales-frontend@0.1.0 build
> npm run generate:check && npm run typecheck && npm run build --workspace @botsales/web


> botsales-frontend@0.1.0 generate:check
> node scripts/generate.mjs --check

{"status":"PASS","outputs":11,"schemas":283,"operations":210,"routes":54}

> botsales-frontend@0.1.0 typecheck
> tsc -p apps/web/tsconfig.json --noEmit


> @botsales/web@0.1.0 build
> vite build --mode production

vite v7.3.6 building client environment for production...
transforming...
✓ 2061 modules transformed.
rendering chunks...
computing gzip size...
dist/index.html                              1.19 kB │ gzip:   0.60 kB
dist/assets/index-BQPx7lJM.css               3.56 kB │ gzip:   1.33 kB
dist/assets/download-8lJFmiSZ.js             0.23 kB │ gzip:   0.17 kB
dist/assets/filters-CVitQAxr.js              0.32 kB │ gzip:   0.25 kB
dist/assets/hooks-vf6Cw2QI.js                4.58 kB │ gzip:   2.15 kB
dist/assets/draft-conflict-D0veKrjR.js       5.35 kB │ gzip:   2.47 kB
dist/assets/index-CGrmDtfc.js                7.92 kB │ gzip:   3.16 kB
dist/assets/index-C_hXru5c.js                8.31 kB │ gzip:   3.53 kB
dist/assets/index-sVixnC08.js                9.32 kB │ gzip:   3.69 kB
dist/assets/index-DhSbjRfb.js               13.80 kB │ gzip:   5.63 kB
dist/assets/index-BqZuHYxR.js               14.58 kB │ gzip:   5.39 kB
dist/assets/index-DRV_ipfB.js               14.58 kB │ gzip:   4.92 kB
dist/assets/index-B1BGqv0o.js               15.21 kB │ gzip:   5.85 kB
dist/assets/index-DBimEAxV.js               16.16 kB │ gzip:   5.51 kB
dist/assets/index-pDqmVFv-.js               16.40 kB │ gzip:   5.42 kB
dist/assets/index-BztS8yKq.js               17.81 kB │ gzip:   6.26 kB
dist/assets/index-Z3VTx49P.js               18.33 kB │ gzip:   6.16 kB
dist/assets/index-CH_OW2RE.js               24.13 kB │ gzip:   8.60 kB
dist/assets/index-CIth5oCD.js               24.16 kB │ gzip:   8.19 kB
dist/assets/index-aukYK4-I.js               29.24 kB │ gzip:   9.51 kB
dist/assets/index-ool9s_dD.js               31.62 kB │ gzip:   9.82 kB
dist/assets/query-5vm9EU1C.js               33.15 kB │ gzip:   9.92 kB
dist/assets/index-CykmJwnL.js               37.94 kB │ gzip:  10.46 kB
dist/assets/i18n-xB0mQYCC.js                46.14 kB │ gzip:  15.12 kB
dist/assets/schemas-Ct4RWo9M.js             80.75 kB │ gzip:  24.39 kB
dist/assets/index-BcKVDpy-.js               89.42 kB │ gzip:  28.38 kB
dist/assets/schema-validation-Bhr7oAQE.js  149.80 kB │ gzip:  45.12 kB
dist/assets/react-runtime-D0NtfbPC.js      279.78 kB │ gzip:  90.28 kB
dist/assets/contract-data-BIzYYkc1.js      303.99 kB │ gzip:  36.17 kB
dist/assets/charts-CQ4oecFO.js             313.03 kB │ gzip:  94.99 kB
dist/assets/mui-Bz_aCSm2.js                328.33 kB │ gzip: 100.02 kB
✓ built in 3.64s

> botsales-frontend@0.1.0 test:layout
> node --test tests/layout-checker.test.mjs tests/ui-layout-binding-gates.test.mjs && node scripts/check-layout.mjs

✔ CSS label gap accepts the canonical direct pixel constructor and its exact owner/property (1946.3786ms)
✔ CSS label gap cannot be used as an unrelated spacing property (1164.7775ms)
✔ CSS label gap rejects a raw pixel constructor argument (1183.0521ms)
✔ CSS label gap cannot impersonate a role from another owner (1160.2891ms)
✔ accepts semantic bridge roles, the closed token-derived factor map, geometry, and reset values (1107.7467ms)
✔ rejects a CSS spacing role without a declared shared owner (1109.2698ms)
✔ rejects scale-conforming and off-scale literals in sx, responsive leaves, named and namespace MUI System props (1192.7679ms)
✔ follows local aliases and style callbacks; rejects theme spacing helpers and preset overrides (1150.5457ms)
✔ scans nested slotProps but does not confuse event handlers or geometric dimensions with spacing (1126.1909ms)
✔ keeps Panel geometry inspectable and rejects spacing hidden in its geometry prop (3360.3416ms)
✔ accepts only an exact CSS exception and reports stale or mismatched exception scope (3375.9614ms)
✔ rejects malformed TypeScript, malformed CSS, bad exception schema, and raw values in the bridge (4613.8642ms)
✔ rejects canonical pixel tokens used as MUI factors and an altered bridge factor table (2229.6238ms)
✔ report mode inventories migration debt without turning findings into PASS (1074.1486ms)
✔ canonical writes through casts and aliases fail outside style expressions (1975.469ms)
✔ Object.assign cannot mutate canonical data but can copy to a fresh object (2405.0989ms)
✔ layout gate rejects raw spacing on const alias of MUI component (1210.1084ms)
✔ canonical mutation gate follows global mutator aliases and reflection (1242.2622ms)
✔ local mutator names do not acquire global mutation identity (1171.7928ms)
✔ destructured mutators and call/apply retain canonical mutation checks (1215.4134ms)
✔ global mutator call/apply can copy canonical values into fresh objects (1163.721ms)
✔ mutable aliases with possible canonical destinations fail closed (1170.8596ms)
✔ opaque apply arguments fail closed while unrelated mutable data stays valid (2302.8101ms)
✔ canonical references inside containers and destructured aliases cannot be mutated (1105.4782ms)
✔ independent shallow copies of scalar canonical fields remain mutable (1168.4409ms)
✔ array references and nested destructuring preserve canonical write provenance (1179.1053ms)
✔ array destinations distinguish independent elements from canonical references (1196.4722ms)
✔ array destructuring, dynamic indices and spread cannot hide canonical references (1229.8527ms)
✔ dynamic indices and destructuring of independent arrays stay mutable (1205.2592ms)
✔ function parameters cannot hide canonical mutation across source files (1165.012ms)
✔ read-only helpers and mutations of unrelated arguments remain valid (1213.1145ms)
✔ returned canonical references remain protected across helper boundaries (1131.0004ms)
✔ helper returns of fresh scalar copies do not retain canonical destination identity (1112.4836ms)
✔ destructured object parameters cannot mutate canonical arguments (1092.6936ms)
✔ destructured object parameters retain independent argument mutability (1084.7164ms)
✔ default parameter and binding initializers cannot hide canonical mutations (1110.9506ms)
✔ fresh default parameter and binding copies remain mutable (1140.5821ms)
✔ rest parameters retain canonical argument write provenance (1191.6591ms)
✔ rest parameters distinguish independent positions from canonical siblings (1203.2437ms)
✔ finite spread arguments preserve shifted positional and rest destinations (1161.5434ms)
✔ finite spread expansion keeps independent argument positions mutable (1137.4723ms)
✔ opaque spreads keep positional mutation destinations unknown (1117.0902ms)
✔ opaque spreads into read-only helpers do not invent mutation findings (1127.6158ms)
✔ array parameter patterns retain canonical positions including nested object arrays (1126.923ms)
✔ array parameter patterns retain independent bound element mutability (1306.4994ms)
✔ layout gate rejects parameter shadow of canonical layout name (1196.1597ms)
✔ layout gate follows genuine renamed styled factory (1185.6872ms)
✔ layout gate accepts canonical namespace, element access and barrel alias (1172.163ms)
✔ layout gate does not mistake local component named Stack for MUI (1101.3354ms)
✔ layout gate inspects renamed installed Emotion css tag (1069.7425ms)
✔ layout gate preserves genuine aliased Controller field forwarding (1093.7816ms)
✔ a same-named local Controller cannot exempt an unknown prop spread (1089.3349ms)
✔ genuine useForm registration survives property and destructured aliases (1129.9235ms)
✔ a function named register cannot exempt injected style props (1123.2109ms)
✔ a bridge callback parameter cannot impersonate its private factor binding (1057.5278ms)
✔ opaque namespace component selection remains a strict binding failure (1097.3216ms)
✔ opaque namespace factory cannot hide style arguments (1041.8238ms)
✔ MUI re-export cannot hide raw spacing behind a first-party barrel (1118.3427ms)
✔ destructuring assignments cannot hide canonical write targets (1058.3106ms)
✔ destructuring assignments can update independent copied destinations (1080.5824ms)
✔ object rest retains nested canonical references while copying the outer object (1297.9026ms)
✔ rest scalar copies and replacement of container references stay mutable (1081.1505ms)
✔ shallow object spread preserves canonical child references and last-writer order (1058.9753ms)
✔ shallow spread with a later independent override stays mutable (1067.3467ms)
✔ exported mutable aliases retain assignments from their declaring file (1075.8067ms)
✔ exported independent mutable data does not acquire canonical provenance (1066.2494ms)
✔ literal computed keys retain canonical container and parameter provenance (1072.4216ms)
✔ literal computed keys do not taint independent selected properties (1069.6603ms)
✔ Object.assign shallow copies retain canonical nested reference provenance (1147.5071ms)
✔ Object.assign later independent overrides and scalar copies stay mutable (1105.6394ms)
✔ union and dynamic property selections retain possible canonical destinations (1085.968ms)
✔ finite union property selections exclude canonical siblings not in the key set (1071.8222ms)
✔ union selection over Object.assign output retains canonical child provenance (1070.0163ms)
✔ union selection over independent Object.assign output remains mutable (1038.2767ms)
✔ Reflect.set call/apply checks the target argument rather than the assigned value (3134.6308ms)
✔ aliased React createElement checks MUI and native style objects (1039.5445ms)
✔ GlobalStyles.styles is checked and local createElement names stay local (2117.5695ms)
✔ React JSX runtime factories cannot bypass MUI or native style checks (1118.2652ms)
✔ React cloneElement checks the cloned MUI element and preserves native props (4359.9708ms)
✔ Emotion css props and object factories are inspected with native CSS semantics (3230.9936ms)
✔ Inline style elements in JSX, React factories, DOM and the HTML entry fail closed (8393.7347ms)
✔ DOM CSSOM spacing writes use semantic roles and reject opaque style strings (2230.433ms)
✔ HTML parsing and runtime stylesheet mutation cannot bypass the imported CSS boundary (2233.1896ms)
✔ spacing shorthand values and responsive breakpoints preserve token and unit provenance (11100.1544ms)
✔ function return producers cannot hide canonical children behind spreads (1076.012ms)
✔ producer spreads keep later independent child overrides writable (1062.9988ms)
ℹ tests 86
ℹ suites 0
ℹ pass 86
ℹ fail 0
ℹ cancelled 0
ℹ skipped 0
ℹ todo 0
ℹ duration_ms 112493.3464
layout-check PASS: 79 source files, 0 finding(s), 1 exception(s) used

> botsales-frontend@0.1.0 test:visual-tokens
> node --test tests/visual-token-checker.test.mjs && node scripts/check-visual-tokens.mjs

✔ visual checker accepts canonical theme roles, token references, geometry and semantic responsive props (584.7389ms)
✔ visual checker rejects raw literals across sx, JSX system props and CSS declarations (411.9954ms)
✔ visual checker follows local style aliases and callback themes, but fails raw nested values (391.4613ms)
✔ visual checker reports unresolved spreads and malformed style sources as UNKNOWN or parse errors (379.8338ms)
✔ visual checker includes newly added TSX files under the source root (399.0579ms)
ℹ tests 5
ℹ suites 0
ℹ pass 5
ℹ fail 0
ℹ cancelled 0
ℹ skipped 0
ℹ todo 0
ℹ duration_ms 2640.2588
visual-token-check PASS: 78 source files, 0 finding(s)

> botsales-frontend@0.1.0 test:ui-composition
> node --test tests/ui-composition-checker.test.mjs tests/ui-composition-ancestry.test.mjs tests/ui-shared-api-contract.test.mjs && node scripts/check-ui-composition.mjs

✔ P10/P15 catch alias and neutral-wrapper duplicate insets through fragments and conditionals (536.182ms)
✔ P20 resolves shared composition identities through a barrel and const component aliases (402.4659ms)
✔ P11/P13 catch static element access roles on every MUI surface, including Paper (403.591ms)
✔ P12 checks React createElement and JSX-runtime element factories (451.2568ms)
✔ P14 resolves bodyMode literal aliases and fails closed when ownership is unknown (1084.6948ms)
✔ checks Panel ancestry when React elements are created natively (373.9479ms)
✔ keeps independent nested surfaces and portaled dialogs as separate owners (736.2236ms)
✔ accepts finite bodyMode branches and every mode in the public component contracts (1037.8067ms)
✔ stops inherited gap ownership at Panels and independent bordered surfaces (668.6899ms)
✔ tracks gaps through fragments, conditions and ready QueryState, but not inside DOM wrappers (344.2698ms)
✔ applies the same finite modes and wrapper boundaries to native React factories (718.7719ms)
✔ recognizes native outlined Paper and nested Box surface inset boundaries (710.2832ms)
✔ fails closed when an unresolved custom wrapper obscures a semantic gap owner (353.5401ms)
✔ rejects unsupported placement and rhythm values while accepting finite aliases and branches (680.1209ms)
✔ rejects unsupported finite values through React element factories (674.2213ms)
✔ accepts semantic composition, closed geometry and business-specific MUI primitives (7.2031ms)
✔ rejects rebuilding each shared spacing owner at a consumer (1.9551ms)
✔ follows aliases, local style variables, object spreads and namespace imports (1.156ms)
✔ rejects direct and spread spacing overrides on semantic components (0.7792ms)
✔ rejects spacing or opaque spreads hidden in geometry (0.3132ms)
✔ allows the canonical owner implementation and fails closed on malformed source (1.1894ms)
✔ rejects duplicated parent boundary and duplicated Panel inset (0.6064ms)
✔ checks default MUI imports and fails closed for opaque geometry (0.5487ms)
✔ distinguishes content grids from flex flows when reporting the shared owner (0.3845ms)
✔ rejects page spacing for paired fields and peer Panels without a section gap owner (1.8347ms)
✔ related sibling gaps belong to ActionGroup comfortable density, not consumer Stack styles (0.6029ms)
✔ Amount consumers declare wrapping outside DataTable columns and keep table money unbroken (32.0519ms)
✔ the shared catalog covers every public React component and supporting Column type (40.1355ms)
✔ SPC-067 covers discovered public Shared APIs without a fixed export count (1.6546ms)
✔ every public React API has a direct rendered contract test (2.3963ms)
✔ catalog declaration lines and stated JSX counts match resolved source symbols (24.122ms)
✔ every shared React export has a resolved production consumer or an explicit zero-use lifecycle decision (25.2657ms)
✔ required UI evidence and regression gates remain wired to root verify and the active parent workflow (0.7587ms)
✔ composition prop allowlists match the TypeScript owners exactly (0.2528ms)
✔ QueryState uses only the approved inline and section pending profiles (0.321ms)
✔ QueryState consumers reserve section loading for primary content and keep every other state inline by default (22.8756ms)
✔ body modes, placement roles and geometry keys match the TypeScript contracts (1.135ms)
✔ Panel geometry and DataTable columns remain closed public contracts (4.7219ms)
✔ shared component and composition props expose no arbitrary layout/style escape hatch (0.2263ms)
✔ layout role types, runtime values, consumers and ownership documentation stay closed (2713.7283ms)
ℹ tests 40
ℹ suites 0
ℹ pass 40
ℹ fail 0
ℹ cancelled 0
ℹ skipped 0
ℹ todo 0
ℹ duration_ms 9668.4432
ui-composition PASS: 77 source files, 0 finding(s)


> botsales-frontend@0.1.0 test:evidence
> node --test tests/ui-evidence-validator.test.mjs && node scripts/validate-ui-evidence.mjs evidence/frontend-ui-improvements/ui-governance-rollout-20261007/S17-current-evidence.json

✔ accepts current fingerprints, honest open coverage, and explained N/A (5.5805ms)
✔ rejects a stale source fingerprint (3.5042ms)
✔ rejects a stale command log (3.3308ms)
✔ rejects missing, absolute, and escaping source paths (2.601ms)
✔ rejects unrun, missing, duplicate, and nonzero command results marked PASS (3.3054ms)
✔ rejects PASS when expected and observed results differ (2.9205ms)
✔ rejects inconsistent coverage and N/A without a reason (3.5433ms)
✔ rejects a baseline falsely dated after implementation started and detects changed baseline artifacts (6.4251ms)
✔ COMPLETE cannot contain open coverage or failed commands (4.1766ms)
✔ S19 must explicitly reconcile files, APIs, routes, rendered routes, slots, and states (5.91ms)
✔ rejects malformed top-level evidence instead of treating missing fields as success (2.296ms)
ℹ tests 11
ℹ suites 0
ℹ pass 11
ℹ fail 0
ℹ cancelled 0
ℹ skipped 0
ℹ todo 0
ℹ duration_ms 98.9073
ui-evidence PASS: S17; 3 command/log record(s), 3 coverage row(s), 239 current fingerprint(s); status=COMPLETE
[BABEL] Note: The code generator has deoptimised the styling of C:\Users\Joker-PC\AppData\Local\Temp\botsales-vite-cache\b8015df5191be2859670\direct-vite\15752\deps\react-dom_client.js?v=a16667fd as it exceeds the max of 500KB.

## contract-tests
command=node --test tests/contracts/generator.test.mjs
cwd=C:\Users\Joker-PC\AppData\Local\Temp\botsales-width-clean-20261009-L6OKbr\BotSalesAI_Frontend
exitCode=0
✔ canonical contracts validate and generate the API base path from OpenAPI (53.9473ms)
✔ rejects drift in OpenAPI YAML and operation index projections (88.5061ms)
✔ generated operation registry preserves required and optional query parameter metadata (25.2984ms)
✔ rejects unresolved schema references before generation (38.1503ms)
✔ rejects missing API version and a server URL outside same-origin path form (35.4341ms)
✔ rejects route-to-operation drift without rewriting the canonical manifest (39.4525ms)
✔ detects a stale generated file and accepts it after regeneration (3.744ms)
ℹ tests 7
ℹ suites 0
ℹ pass 7
ℹ fail 0
ℹ cancelled 0
ℹ skipped 0
ℹ todo 0
ℹ duration_ms 361.2501

## build-demo
command=node "C:\Program Files\nodejs\node_modules\npm\bin\npm-cli.js" "--script-shell=cmd.exe" "run" "build:demo"
cwd=C:\Users\Joker-PC\AppData\Local\Temp\botsales-width-clean-20261009-L6OKbr\BotSalesAI_Frontend
exitCode=0

> botsales-frontend@0.1.0 build:demo
> npm run generate:check && npm run typecheck && npm run build:demo --workspace @botsales/web


> botsales-frontend@0.1.0 generate:check
> node scripts/generate.mjs --check

{"status":"PASS","outputs":11,"schemas":283,"operations":210,"routes":54}

> botsales-frontend@0.1.0 typecheck
> tsc -p apps/web/tsconfig.json --noEmit


> @botsales/web@0.1.0 build:demo
> vite build --mode demo --outDir dist-demo

vite v7.3.6 building client environment for demo...
transforming...
✓ 2277 modules transformed.
rendering chunks...
computing gzip size...
dist-demo/index.html                              1.19 kB │ gzip:   0.60 kB
dist-demo/assets/index-BQPx7lJM.css               3.56 kB │ gzip:   1.33 kB
dist-demo/assets/download-CWiaXb8A.js             0.24 kB │ gzip:   0.17 kB
dist-demo/assets/filters-Bi-qlnQp.js              0.32 kB │ gzip:   0.24 kB
dist-demo/assets/control-6gq2NE8L.js              0.72 kB │ gzip:   0.43 kB
dist-demo/assets/hooks-Bhqdu1Wh.js                4.58 kB │ gzip:   2.15 kB
dist-demo/assets/draft-conflict-uuBorHPT.js       5.35 kB │ gzip:   2.48 kB
dist-demo/assets/index-CdCPGLW3.js                8.31 kB │ gzip:   3.53 kB
dist-demo/assets/index-OhOiE8xb.js                8.46 kB │ gzip:   3.35 kB
dist-demo/assets/index-B3YdIA2w.js                9.33 kB │ gzip:   3.69 kB
dist-demo/assets/index-Ct1GdQNw.js               13.99 kB │ gzip:   5.69 kB
dist-demo/assets/index-G-lzHWTs.js               14.58 kB │ gzip:   4.92 kB
dist-demo/assets/index-CJSNol9e.js               14.90 kB │ gzip:   5.66 kB
dist-demo/assets/index-TfbgsNZy.js               16.56 kB │ gzip:   5.46 kB
dist-demo/assets/index-CU7mDNCf.js               17.81 kB │ gzip:   6.26 kB
dist-demo/assets/index-fJ1xU-Jw.js               18.33 kB │ gzip:   6.16 kB
dist-demo/assets/index-BW2us-Xw.js               18.48 kB │ gzip:   6.32 kB
dist-demo/assets/index-FYn4e0Na.js               22.63 kB │ gzip:   7.84 kB
dist-demo/assets/index-Cf-hxqiU.js               24.36 kB │ gzip:   8.66 kB
dist-demo/assets/index-A4HSFAvn.js               24.57 kB │ gzip:   8.34 kB
dist-demo/assets/index-qnHojng1.js               29.75 kB │ gzip:   9.65 kB
dist-demo/assets/query-5vm9EU1C.js               33.15 kB │ gzip:   9.92 kB
dist-demo/assets/index-Dl_NnVuH.js               33.87 kB │ gzip:  10.55 kB
dist-demo/assets/index-zZ4PGot8.js               37.94 kB │ gzip:  10.46 kB
dist-demo/assets/i18n-xB0mQYCC.js                46.14 kB │ gzip:  15.12 kB
dist-demo/assets/schemas-Ct4RWo9M.js             80.75 kB │ gzip:  24.39 kB
dist-demo/assets/index-CoU6UQCz.js               93.29 kB │ gzip:  29.52 kB
dist-demo/assets/schema-validation-Bhr7oAQE.js  149.80 kB │ gzip:  45.12 kB
dist-demo/assets/service-BepI4YXI.js            159.35 kB │ gzip:  34.71 kB
dist-demo/assets/browser-BYxMbOl6.js            255.64 kB │ gzip:  87.02 kB
dist-demo/assets/react-runtime-D0NtfbPC.js      279.78 kB │ gzip:  90.28 kB
dist-demo/assets/contract-data-D-QqiNa-.js      309.77 kB │ gzip:  37.31 kB
dist-demo/assets/charts-RcpaDpmM.js             313.03 kB │ gzip:  94.99 kB
dist-demo/assets/mui-azn9KfGV.js                328.33 kB │ gzip: 100.02 kB
✓ built in 3.23s

## repeat-production-build
command=node "C:\Program Files\nodejs\node_modules\npm\bin\npm-cli.js" "--script-shell=cmd.exe" "run" "build"
cwd=C:\Users\Joker-PC\AppData\Local\Temp\botsales-width-clean-20261009-L6OKbr\BotSalesAI_Frontend
exitCode=0

> botsales-frontend@0.1.0 build
> npm run generate:check && npm run typecheck && npm run build --workspace @botsales/web


> botsales-frontend@0.1.0 generate:check
> node scripts/generate.mjs --check

{"status":"PASS","outputs":11,"schemas":283,"operations":210,"routes":54}

> botsales-frontend@0.1.0 typecheck
> tsc -p apps/web/tsconfig.json --noEmit


> @botsales/web@0.1.0 build
> vite build --mode production

vite v7.3.6 building client environment for production...
transforming...
✓ 2061 modules transformed.
rendering chunks...
computing gzip size...
dist/index.html                              1.19 kB │ gzip:   0.60 kB
dist/assets/index-BQPx7lJM.css               3.56 kB │ gzip:   1.33 kB
dist/assets/download-8lJFmiSZ.js             0.23 kB │ gzip:   0.17 kB
dist/assets/filters-CVitQAxr.js              0.32 kB │ gzip:   0.25 kB
dist/assets/hooks-vf6Cw2QI.js                4.58 kB │ gzip:   2.15 kB
dist/assets/draft-conflict-D0veKrjR.js       5.35 kB │ gzip:   2.47 kB
dist/assets/index-CGrmDtfc.js                7.92 kB │ gzip:   3.16 kB
dist/assets/index-C_hXru5c.js                8.31 kB │ gzip:   3.53 kB
dist/assets/index-sVixnC08.js                9.32 kB │ gzip:   3.69 kB
dist/assets/index-DhSbjRfb.js               13.80 kB │ gzip:   5.63 kB
dist/assets/index-BqZuHYxR.js               14.58 kB │ gzip:   5.39 kB
dist/assets/index-DRV_ipfB.js               14.58 kB │ gzip:   4.92 kB
dist/assets/index-B1BGqv0o.js               15.21 kB │ gzip:   5.85 kB
dist/assets/index-DBimEAxV.js               16.16 kB │ gzip:   5.51 kB
dist/assets/index-pDqmVFv-.js               16.40 kB │ gzip:   5.42 kB
dist/assets/index-BztS8yKq.js               17.81 kB │ gzip:   6.26 kB
dist/assets/index-Z3VTx49P.js               18.33 kB │ gzip:   6.16 kB
dist/assets/index-CH_OW2RE.js               24.13 kB │ gzip:   8.60 kB
dist/assets/index-CIth5oCD.js               24.16 kB │ gzip:   8.19 kB
dist/assets/index-aukYK4-I.js               29.24 kB │ gzip:   9.51 kB
dist/assets/index-ool9s_dD.js               31.62 kB │ gzip:   9.82 kB
dist/assets/query-5vm9EU1C.js               33.15 kB │ gzip:   9.92 kB
dist/assets/index-CykmJwnL.js               37.94 kB │ gzip:  10.46 kB
dist/assets/i18n-xB0mQYCC.js                46.14 kB │ gzip:  15.12 kB
dist/assets/schemas-Ct4RWo9M.js             80.75 kB │ gzip:  24.39 kB
dist/assets/index-BcKVDpy-.js               89.42 kB │ gzip:  28.38 kB
dist/assets/schema-validation-Bhr7oAQE.js  149.80 kB │ gzip:  45.12 kB
dist/assets/react-runtime-D0NtfbPC.js      279.78 kB │ gzip:  90.28 kB
dist/assets/contract-data-BIzYYkc1.js      303.99 kB │ gzip:  36.17 kB
dist/assets/charts-CQ4oecFO.js             313.03 kB │ gzip:  94.99 kB
dist/assets/mui-Bz_aCSm2.js                328.33 kB │ gzip: 100.02 kB
✓ built in 3.06s

## repeat-demo-build
command=node "C:\Program Files\nodejs\node_modules\npm\bin\npm-cli.js" "--script-shell=cmd.exe" "run" "build:demo"
cwd=C:\Users\Joker-PC\AppData\Local\Temp\botsales-width-clean-20261009-L6OKbr\BotSalesAI_Frontend
exitCode=0

> botsales-frontend@0.1.0 build:demo
> npm run generate:check && npm run typecheck && npm run build:demo --workspace @botsales/web


> botsales-frontend@0.1.0 generate:check
> node scripts/generate.mjs --check

{"status":"PASS","outputs":11,"schemas":283,"operations":210,"routes":54}

> botsales-frontend@0.1.0 typecheck
> tsc -p apps/web/tsconfig.json --noEmit


> @botsales/web@0.1.0 build:demo
> vite build --mode demo --outDir dist-demo

vite v7.3.6 building client environment for demo...
transforming...
✓ 2277 modules transformed.
rendering chunks...
computing gzip size...
dist-demo/index.html                              1.19 kB │ gzip:   0.60 kB
dist-demo/assets/index-BQPx7lJM.css               3.56 kB │ gzip:   1.33 kB
dist-demo/assets/download-CWiaXb8A.js             0.24 kB │ gzip:   0.17 kB
dist-demo/assets/filters-Bi-qlnQp.js              0.32 kB │ gzip:   0.24 kB
dist-demo/assets/control-6gq2NE8L.js              0.72 kB │ gzip:   0.43 kB
dist-demo/assets/hooks-Bhqdu1Wh.js                4.58 kB │ gzip:   2.15 kB
dist-demo/assets/draft-conflict-uuBorHPT.js       5.35 kB │ gzip:   2.48 kB
dist-demo/assets/index-CdCPGLW3.js                8.31 kB │ gzip:   3.53 kB
dist-demo/assets/index-OhOiE8xb.js                8.46 kB │ gzip:   3.35 kB
dist-demo/assets/index-B3YdIA2w.js                9.33 kB │ gzip:   3.69 kB
dist-demo/assets/index-Ct1GdQNw.js               13.99 kB │ gzip:   5.69 kB
dist-demo/assets/index-G-lzHWTs.js               14.58 kB │ gzip:   4.92 kB
dist-demo/assets/index-CJSNol9e.js               14.90 kB │ gzip:   5.66 kB
dist-demo/assets/index-TfbgsNZy.js               16.56 kB │ gzip:   5.46 kB
dist-demo/assets/index-CU7mDNCf.js               17.81 kB │ gzip:   6.26 kB
dist-demo/assets/index-fJ1xU-Jw.js               18.33 kB │ gzip:   6.16 kB
dist-demo/assets/index-BW2us-Xw.js               18.48 kB │ gzip:   6.32 kB
dist-demo/assets/index-FYn4e0Na.js               22.63 kB │ gzip:   7.84 kB
dist-demo/assets/index-Cf-hxqiU.js               24.36 kB │ gzip:   8.66 kB
dist-demo/assets/index-A4HSFAvn.js               24.57 kB │ gzip:   8.34 kB
dist-demo/assets/index-qnHojng1.js               29.75 kB │ gzip:   9.65 kB
dist-demo/assets/query-5vm9EU1C.js               33.15 kB │ gzip:   9.92 kB
dist-demo/assets/index-Dl_NnVuH.js               33.87 kB │ gzip:  10.55 kB
dist-demo/assets/index-zZ4PGot8.js               37.94 kB │ gzip:  10.46 kB
dist-demo/assets/i18n-xB0mQYCC.js                46.14 kB │ gzip:  15.12 kB
dist-demo/assets/schemas-Ct4RWo9M.js             80.75 kB │ gzip:  24.39 kB
dist-demo/assets/index-CoU6UQCz.js               93.29 kB │ gzip:  29.52 kB
dist-demo/assets/schema-validation-Bhr7oAQE.js  149.80 kB │ gzip:  45.12 kB
dist-demo/assets/service-BepI4YXI.js            159.35 kB │ gzip:  34.71 kB
dist-demo/assets/browser-BYxMbOl6.js            255.64 kB │ gzip:  87.02 kB
dist-demo/assets/react-runtime-D0NtfbPC.js      279.78 kB │ gzip:  90.28 kB
dist-demo/assets/contract-data-D-QqiNa-.js      309.77 kB │ gzip:  37.31 kB
dist-demo/assets/charts-RcpaDpmM.js             313.03 kB │ gzip:  94.99 kB
dist-demo/assets/mui-azn9KfGV.js                328.33 kB │ gzip: 100.02 kB
✓ built in 3.25s

## production-unavailable-smoke
command=node "C:\Users\Joker-PC\AppData\Local\Temp\botsales-width-clean-20261009-L6OKbr\BotSalesAI_Frontend\production-unavailable-smoke-current-20261009.mjs"
cwd=C:\Users\Joker-PC\AppData\Local\Temp\botsales-width-clean-20261009-L6OKbr\BotSalesAI_Frontend
exitCode=0
[production-unavailable-smoke] {"scope":"FRONTEND_WITH_SYNTHETIC_MOCK_API","artifact":"apps/web/dist","route":"/s/shop-demo/overview","apiUnavailable":true,"explicitErrorVisible":true,"automaticMockFallback":false,"sessionRequests":1,"mockWorkerRequests":0}

artifactManifest={"productionAfterVerify":{"fileCount":35,"totalBytes":1941221,"treeSha256":"541ee899174cf05fa9a3fe3aa5a5d7c72814ad9ecc45fc95949f61e5925bc6a9","workerIncluded":false,"files":[{"path":"app-icon.svg","bytes":373,"sha256":"d0ed30dd4410fde97ebac0d7be8f2a6329cde38effdd109dd219036b85fdab27"},{"path":"app-sw.js","bytes":1187,"sha256":"9080a6f5bfdd8753d64bc3a5632ee626517a79bd9d989edb3cc54f089e721936"},{"path":"assets/charts-CQ4oecFO.js","bytes":313031,"sha256":"441ffc9804f390e596000259d9097f8f983b7414a5ea769cf115f3cc2cc45d25"},{"path":"assets/contract-data-BIzYYkc1.js","bytes":303991,"sha256":"eefcaed6dd2aa9c9a486754efe19af940cfb9a4e45756f4929a3ae5523892ac8"},{"path":"assets/download-8lJFmiSZ.js","bytes":230,"sha256":"9a8e735d740169508ef12c9df76e70df3df3c2d783fdb88d301cd422e8cd426e"},{"path":"assets/draft-conflict-D0veKrjR.js","bytes":5349,"sha256":"95765d934274d582a2833a052cb62aa7769eb4fe6a15f31208a7be9b93b485f9"},{"path":"assets/filters-CVitQAxr.js","bytes":316,"sha256":"0c31488c9c1bfdfbcf0c4407aeb5164f9ac034e2dc571cd2553f8a976afd78a8"},{"path":"assets/hooks-vf6Cw2QI.js","bytes":4580,"sha256":"940047d8627de7b540de6d66077aa0b37de8d9b3d45d4775a95f6c82689785ff"},{"path":"assets/i18n-xB0mQYCC.js","bytes":46142,"sha256":"13644fbf7cd7df2f1f5dbf8d9d8b4e67124bcb1c28b64855469888db1f87ad24"},{"path":"assets/index-B1BGqv0o.js","bytes":15206,"sha256":"64e2e70218ed802ee60102affd1996058272debcf43d59b830ab64f00fed7e9d"},{"path":"assets/index-BQPx7lJM.css","bytes":3564,"sha256":"a4ec85dc6c7b5fb62000019591a8aa24b0eeec962674aedf375462a82563b305"},{"path":"assets/index-BcKVDpy-.js","bytes":89418,"sha256":"67081dfd99693840f1d4cf9ac28227ce1180248e371a2816289c0420e3de81f7"},{"path":"assets/index-BqZuHYxR.js","bytes":14578,"sha256":"a18d9d6486633af13f0e0ebc22f7a660fdddef6bea9ca27f24a63b600b403c85"},{"path":"assets/index-BztS8yKq.js","bytes":17812,"sha256":"c31c6ed9df9ff8486c7ba4981910c2928b321a9cd66f8a912815e0972402bf12"},{"path":"assets/index-CGrmDtfc.js","bytes":7920,"sha256":"b15e67626f88941d6aaab0072669d290f0ddaf4c63c7b9a28454177397bebf85"},{"path":"assets/index-CH_OW2RE.js","bytes":24125,"sha256":"46d718dbce80873e88bfcbb19c1a0acbe0b1d2b176d2af8b3001e1a3292c2bea"},{"path":"assets/index-CIth5oCD.js","bytes":24157,"sha256":"3753f8bd0daebc08845bab365d7453b5b8132ffbedee49dd5a3f33739017418a"},{"path":"assets/index-C_hXru5c.js","bytes":8305,"sha256":"d682fee64afc8b2e3c0fa905aa7928bdcb0f9306645c255c412e993b1f164dd4"},{"path":"assets/index-CykmJwnL.js","bytes":37941,"sha256":"885801890bf6d91ffe67df6fc64d0e810ee5a446bf6443e0478f3022177d25b7"},{"path":"assets/index-DBimEAxV.js","bytes":16155,"sha256":"3edadcc3d20e6c2649df1b977e52ebc225657260d87890766aecefffea212697"},{"path":"assets/index-DRV_ipfB.js","bytes":14582,"sha256":"506b23869f9363a79ed2451ee282b43cb10c044dfc9c36e7748e96bbd3343931"},{"path":"assets/index-DhSbjRfb.js","bytes":13799,"sha256":"b5abcfec389dbbbdfe0113e50d947540d670eeae85638677e498607923cde78d"},{"path":"assets/index-Z3VTx49P.js","bytes":18328,"sha256":"328e35bfcfa264e62bad630a525745a3ffbcf15bcc78846f112cb62df3a3252e"},{"path":"assets/index-aukYK4-I.js","bytes":29238,"sha256":"7a3ddc3fc036f505641eb668ddff99c3334cbd004e62117fbb7a7913e971c458"},{"path":"assets/index-ool9s_dD.js","bytes":31618,"sha256":"fa00eb7d945446fe918baa937de560630773ef122e71c58e014cfd07355933ea"},{"path":"assets/index-pDqmVFv-.js","bytes":16402,"sha256":"4d04786d6cf019ce4d1ed9133bb589958b2164a650b06683f59ed6c6aaeb6cf5"},{"path":"assets/index-sVixnC08.js","bytes":9322,"sha256":"eb282fd62262ffbb6a25feeadf957d36e9b6eced123486bf120e8b148b99879f"},{"path":"assets/mui-Bz_aCSm2.js","bytes":328326,"sha256":"f5e8d31741fcfacabe2e870a463acd5276073e9b78250aedc9b36cb40bcbcd1d"},{"path":"assets/query-5vm9EU1C.js","bytes":33154,"sha256":"59fc23875862ba142b1e9059d7a4ace925c491196d120b34a9c80b9b2744f83d"},{"path":"assets/react-runtime-D0NtfbPC.js","bytes":279779,"sha256":"cf962651294a083f09b7bb7e480d6094fcf60c8d1e0f68d93cf11e11edd45118"},{"path":"assets/schema-validation-Bhr7oAQE.js","bytes":149800,"sha256":"d15d3ecd00c25627b4b9c7e8a55997b20fd8a0480e3a3269b55473cff83b3647"},{"path":"assets/schemas-Ct4RWo9M.js","bytes":80749,"sha256":"ac69c8161e1991df96c06d5eb9ea91d64c742b5a7102604e4f81c03a69f8d30f"},{"path":"index.html","bytes":1185,"sha256":"40968f168b847b3bf31bbb17d9a483a8eceaf4b0f8943400b11d94d240d7d6a1"},{"path":"manifest.webmanifest","bytes":332,"sha256":"ea8e42e73426d3a399074bda5bc722b60955b8bb93d3be1d32425882fbb6ca53"},{"path":"samples/products.csv","bytes":227,"sha256":"51b4eabb0beb11d93e7b86fd5ef252fa3c1dc4b20782f8eaf4cbac783e3109d5"}]},"demoFirstBuild":{"fileCount":39,"totalBytes":2389901,"treeSha256":"95a956d6bcb6c84a5fcae386b1c25a2418180acaff8fc665e6ac5f6d9491f6b7","workerIncluded":true,"files":[{"path":"app-icon.svg","bytes":373,"sha256":"d0ed30dd4410fde97ebac0d7be8f2a6329cde38effdd109dd219036b85fdab27"},{"path":"app-sw.js","bytes":1187,"sha256":"9080a6f5bfdd8753d64bc3a5632ee626517a79bd9d989edb3cc54f089e721936"},{"path":"assets/browser-BYxMbOl6.js","bytes":255636,"sha256":"21553d7fc6c595158128aafb0dd12c15d9f11ddc54fef4179eb6cd9dbf95b94d"},{"path":"assets/charts-RcpaDpmM.js","bytes":313031,"sha256":"902a10c7526d03091b8d6a53a4217b3714eb6319488abe363b789606eee71118"},{"path":"assets/contract-data-D-QqiNa-.js","bytes":309769,"sha256":"eaafc38117364ea7ab02b292c0f829c660f9e10401b8e042df0802cfd413b01b"},{"path":"assets/control-6gq2NE8L.js","bytes":724,"sha256":"d1b3243f08a4ffcda96aae0a55271275193cb754a547f55ed134e731b7a13c14"},{"path":"assets/download-CWiaXb8A.js","bytes":241,"sha256":"0e78970ab1b31fdcc54910e92fb351800f24b3a3a54e3f00ddf5a46b0ee2aefb"},{"path":"assets/draft-conflict-uuBorHPT.js","bytes":5349,"sha256":"442bf3cf9529d03c3ce7cb025e51035c0e9c7d5a5c7a449971ff42f2785df7f4"},{"path":"assets/filters-Bi-qlnQp.js","bytes":316,"sha256":"7b1e552ef7622a318c73d10894d594b097d77641707a17a20479df96c593d44e"},{"path":"assets/hooks-Bhqdu1Wh.js","bytes":4582,"sha256":"b77c7ccb082e40a3d099ca818b87b42b0c9d1a0b3d1d670b19cb9a1855de2c6d"},{"path":"assets/i18n-xB0mQYCC.js","bytes":46142,"sha256":"13644fbf7cd7df2f1f5dbf8d9d8b4e67124bcb1c28b64855469888db1f87ad24"},{"path":"assets/index-A4HSFAvn.js","bytes":24566,"sha256":"b1b2f7a0bfc0ea5fb28d658d2d8f730d737907a41c3c6f379fe174e4428bf9e5"},{"path":"assets/index-B3YdIA2w.js","bytes":9327,"sha256":"6fbce69a51c7f11f870c5a25c22f11d5ac4cf5c9e5c53c01098532c147d0fcc1"},{"path":"assets/index-BQPx7lJM.css","bytes":3564,"sha256":"a4ec85dc6c7b5fb62000019591a8aa24b0eeec962674aedf375462a82563b305"},{"path":"assets/index-BW2us-Xw.js","bytes":18481,"sha256":"ec8b5d256dc26a874936050707c98b2d5b20add0ffa7920fb0da1b37e4dd1a62"},{"path":"assets/index-CJSNol9e.js","bytes":14903,"sha256":"2fda54d79c22ea5ba4cb08ce68ffc6ef731fe803032657c792da72ce27a764cb"},{"path":"assets/index-CU7mDNCf.js","bytes":17812,"sha256":"aa6f90fbda7d14dd6d0098b9cc04fb924545110fce17e9f857e2528fc08abf27"},{"path":"assets/index-CdCPGLW3.js","bytes":8305,"sha256":"90ad678f43b1120d00f8eea5526b09835850edfa281b481a4e33fc92c93802d2"},{"path":"assets/index-Cf-hxqiU.js","bytes":24359,"sha256":"f6d6be92ae32c1e10f6a117d339b88e6459ddc82f29a64725883ef1c8560d6a0"},{"path":"assets/index-CoU6UQCz.js","bytes":93293,"sha256":"d026e344e5af7eb62a9ab0d842d48d4dd62b49da237dae36163e431b576d9cc1"},{"path":"assets/index-Ct1GdQNw.js","bytes":13985,"sha256":"318150b69e40205f4716382525948c6cf01e8e23d1cddd9bd7df4524c1c04731"},{"path":"assets/index-Dl_NnVuH.js","bytes":33874,"sha256":"c5d3c7af3d19dc4d01bef457e8ec6548e35287e6c2de01130ab2da09003daa69"},{"path":"assets/index-FYn4e0Na.js","bytes":22632,"sha256":"1d92c6ee3384e9a86b4cdee57c43a1f5a2ff58e6c161aa283505e91af83062d6"},{"path":"assets/index-G-lzHWTs.js","bytes":14582,"sha256":"9f71b0cec5ebe3e2c4c9c22029b3f18bc3ef530589e47846929dda14d967836c"},{"path":"assets/index-OhOiE8xb.js","bytes":8461,"sha256":"63c4ea5f22672a14f6f97844941c7c368e8395e00e5b932fb2d75f0c371ba151"},{"path":"assets/index-TfbgsNZy.js","bytes":16561,"sha256":"cebda2d43ab73b6a374d1c1e88f8c9ece69f8e963bfd4b873a2bd80fa3eb5a94"},{"path":"assets/index-fJ1xU-Jw.js","bytes":18328,"sha256":"c9fbce543871eb815e7d58194ead6dda1c459eec4934222c1ba0a993b467a4da"},{"path":"assets/index-qnHojng1.js","bytes":29746,"sha256":"2b868e4bf29f6957ed4c492508b92b333402c304a723c78089ea6968a60fe5aa"},{"path":"assets/index-zZ4PGot8.js","bytes":37941,"sha256":"e3444696475b8e084b6df8421a09df3171ac043330767ee89475eae044eba046"},{"path":"assets/mui-azn9KfGV.js","bytes":328326,"sha256":"23033088ba6e83e3b1b82eb11daf38061fab58b98a5c997b98d81ea0cbdbbc72"},{"path":"assets/query-5vm9EU1C.js","bytes":33154,"sha256":"59fc23875862ba142b1e9059d7a4ace925c491196d120b34a9c80b9b2744f83d"},{"path":"assets/react-runtime-D0NtfbPC.js","bytes":279779,"sha256":"cf962651294a083f09b7bb7e480d6094fcf60c8d1e0f68d93cf11e11edd45118"},{"path":"assets/schema-validation-Bhr7oAQE.js","bytes":149800,"sha256":"d15d3ecd00c25627b4b9c7e8a55997b20fd8a0480e3a3269b55473cff83b3647"},{"path":"assets/schemas-Ct4RWo9M.js","bytes":80749,"sha256":"ac69c8161e1991df96c06d5eb9ea91d64c742b5a7102604e4f81c03a69f8d30f"},{"path":"assets/service-BepI4YXI.js","bytes":159351,"sha256":"f34691f2561486f583155b602875b48510743be69750efd5877958382c12dbf1"},{"path":"index.html","bytes":1185,"sha256":"a23909888b56ac4781111690dd34a77b3f08164f60327d08e9cb096147ee1418"},{"path":"manifest.webmanifest","bytes":332,"sha256":"ea8e42e73426d3a399074bda5bc722b60955b8bb93d3be1d32425882fbb6ca53"},{"path":"mockServiceWorker.js","bytes":8928,"sha256":"3e3b8fd4d49f22241f1782e15474251074ab5e9ad129fdffc8a3192630941ccc"},{"path":"samples/products.csv","bytes":227,"sha256":"51b4eabb0beb11d93e7b86fd5ef252fa3c1dc4b20782f8eaf4cbac783e3109d5"}]},"productionRepeat":{"fileCount":35,"totalBytes":1941221,"treeSha256":"541ee899174cf05fa9a3fe3aa5a5d7c72814ad9ecc45fc95949f61e5925bc6a9","workerIncluded":false,"files":[{"path":"app-icon.svg","bytes":373,"sha256":"d0ed30dd4410fde97ebac0d7be8f2a6329cde38effdd109dd219036b85fdab27"},{"path":"app-sw.js","bytes":1187,"sha256":"9080a6f5bfdd8753d64bc3a5632ee626517a79bd9d989edb3cc54f089e721936"},{"path":"assets/charts-CQ4oecFO.js","bytes":313031,"sha256":"441ffc9804f390e596000259d9097f8f983b7414a5ea769cf115f3cc2cc45d25"},{"path":"assets/contract-data-BIzYYkc1.js","bytes":303991,"sha256":"eefcaed6dd2aa9c9a486754efe19af940cfb9a4e45756f4929a3ae5523892ac8"},{"path":"assets/download-8lJFmiSZ.js","bytes":230,"sha256":"9a8e735d740169508ef12c9df76e70df3df3c2d783fdb88d301cd422e8cd426e"},{"path":"assets/draft-conflict-D0veKrjR.js","bytes":5349,"sha256":"95765d934274d582a2833a052cb62aa7769eb4fe6a15f31208a7be9b93b485f9"},{"path":"assets/filters-CVitQAxr.js","bytes":316,"sha256":"0c31488c9c1bfdfbcf0c4407aeb5164f9ac034e2dc571cd2553f8a976afd78a8"},{"path":"assets/hooks-vf6Cw2QI.js","bytes":4580,"sha256":"940047d8627de7b540de6d66077aa0b37de8d9b3d45d4775a95f6c82689785ff"},{"path":"assets/i18n-xB0mQYCC.js","bytes":46142,"sha256":"13644fbf7cd7df2f1f5dbf8d9d8b4e67124bcb1c28b64855469888db1f87ad24"},{"path":"assets/index-B1BGqv0o.js","bytes":15206,"sha256":"64e2e70218ed802ee60102affd1996058272debcf43d59b830ab64f00fed7e9d"},{"path":"assets/index-BQPx7lJM.css","bytes":3564,"sha256":"a4ec85dc6c7b5fb62000019591a8aa24b0eeec962674aedf375462a82563b305"},{"path":"assets/index-BcKVDpy-.js","bytes":89418,"sha256":"67081dfd99693840f1d4cf9ac28227ce1180248e371a2816289c0420e3de81f7"},{"path":"assets/index-BqZuHYxR.js","bytes":14578,"sha256":"a18d9d6486633af13f0e0ebc22f7a660fdddef6bea9ca27f24a63b600b403c85"},{"path":"assets/index-BztS8yKq.js","bytes":17812,"sha256":"c31c6ed9df9ff8486c7ba4981910c2928b321a9cd66f8a912815e0972402bf12"},{"path":"assets/index-CGrmDtfc.js","bytes":7920,"sha256":"b15e67626f88941d6aaab0072669d290f0ddaf4c63c7b9a28454177397bebf85"},{"path":"assets/index-CH_OW2RE.js","bytes":24125,"sha256":"46d718dbce80873e88bfcbb19c1a0acbe0b1d2b176d2af8b3001e1a3292c2bea"},{"path":"assets/index-CIth5oCD.js","bytes":24157,"sha256":"3753f8bd0daebc08845bab365d7453b5b8132ffbedee49dd5a3f33739017418a"},{"path":"assets/index-C_hXru5c.js","bytes":8305,"sha256":"d682fee64afc8b2e3c0fa905aa7928bdcb0f9306645c255c412e993b1f164dd4"},{"path":"assets/index-CykmJwnL.js","bytes":37941,"sha256":"885801890bf6d91ffe67df6fc64d0e810ee5a446bf6443e0478f3022177d25b7"},{"path":"assets/index-DBimEAxV.js","bytes":16155,"sha256":"3edadcc3d20e6c2649df1b977e52ebc225657260d87890766aecefffea212697"},{"path":"assets/index-DRV_ipfB.js","bytes":14582,"sha256":"506b23869f9363a79ed2451ee282b43cb10c044dfc9c36e7748e96bbd3343931"},{"path":"assets/index-DhSbjRfb.js","bytes":13799,"sha256":"b5abcfec389dbbbdfe0113e50d947540d670eeae85638677e498607923cde78d"},{"path":"assets/index-Z3VTx49P.js","bytes":18328,"sha256":"328e35bfcfa264e62bad630a525745a3ffbcf15bcc78846f112cb62df3a3252e"},{"path":"assets/index-aukYK4-I.js","bytes":29238,"sha256":"7a3ddc3fc036f505641eb668ddff99c3334cbd004e62117fbb7a7913e971c458"},{"path":"assets/index-ool9s_dD.js","bytes":31618,"sha256":"fa00eb7d945446fe918baa937de560630773ef122e71c58e014cfd07355933ea"},{"path":"assets/index-pDqmVFv-.js","bytes":16402,"sha256":"4d04786d6cf019ce4d1ed9133bb589958b2164a650b06683f59ed6c6aaeb6cf5"},{"path":"assets/index-sVixnC08.js","bytes":9322,"sha256":"eb282fd62262ffbb6a25feeadf957d36e9b6eced123486bf120e8b148b99879f"},{"path":"assets/mui-Bz_aCSm2.js","bytes":328326,"sha256":"f5e8d31741fcfacabe2e870a463acd5276073e9b78250aedc9b36cb40bcbcd1d"},{"path":"assets/query-5vm9EU1C.js","bytes":33154,"sha256":"59fc23875862ba142b1e9059d7a4ace925c491196d120b34a9c80b9b2744f83d"},{"path":"assets/react-runtime-D0NtfbPC.js","bytes":279779,"sha256":"cf962651294a083f09b7bb7e480d6094fcf60c8d1e0f68d93cf11e11edd45118"},{"path":"assets/schema-validation-Bhr7oAQE.js","bytes":149800,"sha256":"d15d3ecd00c25627b4b9c7e8a55997b20fd8a0480e3a3269b55473cff83b3647"},{"path":"assets/schemas-Ct4RWo9M.js","bytes":80749,"sha256":"ac69c8161e1991df96c06d5eb9ea91d64c742b5a7102604e4f81c03a69f8d30f"},{"path":"index.html","bytes":1185,"sha256":"40968f168b847b3bf31bbb17d9a483a8eceaf4b0f8943400b11d94d240d7d6a1"},{"path":"manifest.webmanifest","bytes":332,"sha256":"ea8e42e73426d3a399074bda5bc722b60955b8bb93d3be1d32425882fbb6ca53"},{"path":"samples/products.csv","bytes":227,"sha256":"51b4eabb0beb11d93e7b86fd5ef252fa3c1dc4b20782f8eaf4cbac783e3109d5"}]},"demoRepeat":{"fileCount":39,"totalBytes":2389901,"treeSha256":"95a956d6bcb6c84a5fcae386b1c25a2418180acaff8fc665e6ac5f6d9491f6b7","workerIncluded":true,"files":[{"path":"app-icon.svg","bytes":373,"sha256":"d0ed30dd4410fde97ebac0d7be8f2a6329cde38effdd109dd219036b85fdab27"},{"path":"app-sw.js","bytes":1187,"sha256":"9080a6f5bfdd8753d64bc3a5632ee626517a79bd9d989edb3cc54f089e721936"},{"path":"assets/browser-BYxMbOl6.js","bytes":255636,"sha256":"21553d7fc6c595158128aafb0dd12c15d9f11ddc54fef4179eb6cd9dbf95b94d"},{"path":"assets/charts-RcpaDpmM.js","bytes":313031,"sha256":"902a10c7526d03091b8d6a53a4217b3714eb6319488abe363b789606eee71118"},{"path":"assets/contract-data-D-QqiNa-.js","bytes":309769,"sha256":"eaafc38117364ea7ab02b292c0f829c660f9e10401b8e042df0802cfd413b01b"},{"path":"assets/control-6gq2NE8L.js","bytes":724,"sha256":"d1b3243f08a4ffcda96aae0a55271275193cb754a547f55ed134e731b7a13c14"},{"path":"assets/download-CWiaXb8A.js","bytes":241,"sha256":"0e78970ab1b31fdcc54910e92fb351800f24b3a3a54e3f00ddf5a46b0ee2aefb"},{"path":"assets/draft-conflict-uuBorHPT.js","bytes":5349,"sha256":"442bf3cf9529d03c3ce7cb025e51035c0e9c7d5a5c7a449971ff42f2785df7f4"},{"path":"assets/filters-Bi-qlnQp.js","bytes":316,"sha256":"7b1e552ef7622a318c73d10894d594b097d77641707a17a20479df96c593d44e"},{"path":"assets/hooks-Bhqdu1Wh.js","bytes":4582,"sha256":"b77c7ccb082e40a3d099ca818b87b42b0c9d1a0b3d1d670b19cb9a1855de2c6d"},{"path":"assets/i18n-xB0mQYCC.js","bytes":46142,"sha256":"13644fbf7cd7df2f1f5dbf8d9d8b4e67124bcb1c28b64855469888db1f87ad24"},{"path":"assets/index-A4HSFAvn.js","bytes":24566,"sha256":"b1b2f7a0bfc0ea5fb28d658d2d8f730d737907a41c3c6f379fe174e4428bf9e5"},{"path":"assets/index-B3YdIA2w.js","bytes":9327,"sha256":"6fbce69a51c7f11f870c5a25c22f11d5ac4cf5c9e5c53c01098532c147d0fcc1"},{"path":"assets/index-BQPx7lJM.css","bytes":3564,"sha256":"a4ec85dc6c7b5fb62000019591a8aa24b0eeec962674aedf375462a82563b305"},{"path":"assets/index-BW2us-Xw.js","bytes":18481,"sha256":"ec8b5d256dc26a874936050707c98b2d5b20add0ffa7920fb0da1b37e4dd1a62"},{"path":"assets/index-CJSNol9e.js","bytes":14903,"sha256":"2fda54d79c22ea5ba4cb08ce68ffc6ef731fe803032657c792da72ce27a764cb"},{"path":"assets/index-CU7mDNCf.js","bytes":17812,"sha256":"aa6f90fbda7d14dd6d0098b9cc04fb924545110fce17e9f857e2528fc08abf27"},{"path":"assets/index-CdCPGLW3.js","bytes":8305,"sha256":"90ad678f43b1120d00f8eea5526b09835850edfa281b481a4e33fc92c93802d2"},{"path":"assets/index-Cf-hxqiU.js","bytes":24359,"sha256":"f6d6be92ae32c1e10f6a117d339b88e6459ddc82f29a64725883ef1c8560d6a0"},{"path":"assets/index-CoU6UQCz.js","bytes":93293,"sha256":"d026e344e5af7eb62a9ab0d842d48d4dd62b49da237dae36163e431b576d9cc1"},{"path":"assets/index-Ct1GdQNw.js","bytes":13985,"sha256":"318150b69e40205f4716382525948c6cf01e8e23d1cddd9bd7df4524c1c04731"},{"path":"assets/index-Dl_NnVuH.js","bytes":33874,"sha256":"c5d3c7af3d19dc4d01bef457e8ec6548e35287e6c2de01130ab2da09003daa69"},{"path":"assets/index-FYn4e0Na.js","bytes":22632,"sha256":"1d92c6ee3384e9a86b4cdee57c43a1f5a2ff58e6c161aa283505e91af83062d6"},{"path":"assets/index-G-lzHWTs.js","bytes":14582,"sha256":"9f71b0cec5ebe3e2c4c9c22029b3f18bc3ef530589e47846929dda14d967836c"},{"path":"assets/index-OhOiE8xb.js","bytes":8461,"sha256":"63c4ea5f22672a14f6f97844941c7c368e8395e00e5b932fb2d75f0c371ba151"},{"path":"assets/index-TfbgsNZy.js","bytes":16561,"sha256":"cebda2d43ab73b6a374d1c1e88f8c9ece69f8e963bfd4b873a2bd80fa3eb5a94"},{"path":"assets/index-fJ1xU-Jw.js","bytes":18328,"sha256":"c9fbce543871eb815e7d58194ead6dda1c459eec4934222c1ba0a993b467a4da"},{"path":"assets/index-qnHojng1.js","bytes":29746,"sha256":"2b868e4bf29f6957ed4c492508b92b333402c304a723c78089ea6968a60fe5aa"},{"path":"assets/index-zZ4PGot8.js","bytes":37941,"sha256":"e3444696475b8e084b6df8421a09df3171ac043330767ee89475eae044eba046"},{"path":"assets/mui-azn9KfGV.js","bytes":328326,"sha256":"23033088ba6e83e3b1b82eb11daf38061fab58b98a5c997b98d81ea0cbdbbc72"},{"path":"assets/query-5vm9EU1C.js","bytes":33154,"sha256":"59fc23875862ba142b1e9059d7a4ace925c491196d120b34a9c80b9b2744f83d"},{"path":"assets/react-runtime-D0NtfbPC.js","bytes":279779,"sha256":"cf962651294a083f09b7bb7e480d6094fcf60c8d1e0f68d93cf11e11edd45118"},{"path":"assets/schema-validation-Bhr7oAQE.js","bytes":149800,"sha256":"d15d3ecd00c25627b4b9c7e8a55997b20fd8a0480e3a3269b55473cff83b3647"},{"path":"assets/schemas-Ct4RWo9M.js","bytes":80749,"sha256":"ac69c8161e1991df96c06d5eb9ea91d64c742b5a7102604e4f81c03a69f8d30f"},{"path":"assets/service-BepI4YXI.js","bytes":159351,"sha256":"f34691f2561486f583155b602875b48510743be69750efd5877958382c12dbf1"},{"path":"index.html","bytes":1185,"sha256":"a23909888b56ac4781111690dd34a77b3f08164f60327d08e9cb096147ee1418"},{"path":"manifest.webmanifest","bytes":332,"sha256":"ea8e42e73426d3a399074bda5bc722b60955b8bb93d3be1d32425882fbb6ca53"},{"path":"mockServiceWorker.js","bytes":8928,"sha256":"3e3b8fd4d49f22241f1782e15474251074ab5e9ad129fdffc8a3192630941ccc"},{"path":"samples/products.csv","bytes":227,"sha256":"51b4eabb0beb11d93e7b86fd5ef252fa3c1dc4b20782f8eaf4cbac783e3109d5"}]},"productionMarkerMatches":[],"demoFixtureMarkers":["Joker Studio","shop-second"]}
failure=none
scope=FRONTEND_WITH_SYNTHETIC_MOCK_API; no live Backend/provider, hosted CI run, deployment, staging, or production-hosting claim.
