✔ detects changed form controls but excludes the shell search form (7.9401ms)
✖ detects dirty dialog controls including checkbox, select, and textarea (2.9259ms)
✔ rebases a successfully submitted form but keeps edits after a failed submit (2.2517ms)
✖ a saved form does not hide a separate dirty dialog draft (1.1338ms)
ℹ tests 4
ℹ suites 0
ℹ pass 2
ℹ fail 2
ℹ cancelled 0
ℹ skipped 0
ℹ todo 0
ℹ duration_ms 317.047

✖ failing tests:

test at tests\session\dirty-drafts.check.mjs:36:1
✖ detects dirty dialog controls including checkbox, select, and textarea (2.9259ms)
  AssertionError [ERR_ASSERTION]: Expected values to be strictly equal:
  
  false !== true
  
      at TestContext.<anonymous> (file:///C:/Users/Joker-PC/Documents/Projects/Bot-AI-Ban-hang-FB/BotSalesAI_Frontend/tests/session/dirty-drafts.check.mjs:43:12)
      at Test.runInAsyncScope (node:async_hooks:227:14)
      at Test.run (node:internal/test_runner/test:1382:25)
      at async Test.processPendingSubtests (node:internal/test_runner/test:960:7) {
    generatedMessage: true,
    code: 'ERR_ASSERTION',
    actual: false,
    expected: true,
    operator: 'strictEqual',
    diff: 'simple'
  }

test at tests\session\dirty-drafts.check.mjs:72:1
✖ a saved form does not hide a separate dirty dialog draft (1.1338ms)
  AssertionError [ERR_ASSERTION]: Expected values to be strictly equal:
  
  false !== true
  
      at TestContext.<anonymous> (file:///C:/Users/Joker-PC/Documents/Projects/Bot-AI-Ban-hang-FB/BotSalesAI_Frontend/tests/session/dirty-drafts.check.mjs:82:12)
      at Test.runInAsyncScope (node:async_hooks:227:14)
      at Test.run (node:internal/test_runner/test:1382:25)
      at async Test.processPendingSubtests (node:internal/test_runner/test:960:7) {
    generatedMessage: true,
    code: 'ERR_ASSERTION',
    actual: false,
    expected: true,
    operator: 'strictEqual',
    diff: 'simple'
  }
