
> botsales-frontend@0.1.0 test:layout
> node --test tests/layout-checker.test.mjs tests/ui-layout-binding-gates.test.mjs && node scripts/check-layout.mjs

✔ CSS label gap accepts the canonical direct pixel constructor and its exact owner/property (2077.7603ms)
✔ CSS label gap cannot be used as an unrelated spacing property (1484.4425ms)
✔ CSS label gap rejects a raw pixel constructor argument (1239.6567ms)
✔ CSS label gap cannot impersonate a role from another owner (1330.4732ms)
✔ accepts semantic bridge roles, the closed token-derived factor map, geometry, and reset values (1186.003ms)
✔ rejects a CSS spacing role without a declared shared owner (1244.9019ms)
✔ rejects scale-conforming and off-scale literals in sx, responsive leaves, named and namespace MUI System props (1012.0262ms)
✔ follows local aliases and style callbacks; rejects theme spacing helpers and preset overrides (1051.3954ms)
✔ scans nested slotProps but does not confuse event handlers or geometric dimensions with spacing (998.695ms)
✔ keeps Panel geometry inspectable and rejects spacing hidden in its geometry prop (2897.1919ms)
✔ accepts only an exact CSS exception and reports stale or mismatched exception scope (2913.7593ms)
✔ rejects malformed TypeScript, malformed CSS, bad exception schema, and raw values in the bridge (4742.7603ms)
✔ rejects canonical pixel tokens used as MUI factors and an altered bridge factor table (2068.7916ms)
✔ report mode inventories migration debt without turning findings into PASS (1302.9608ms)
✔ canonical writes through casts and aliases fail outside style expressions (2117.7599ms)
✔ Object.assign cannot mutate canonical data but can copy to a fresh object (3079.0162ms)
✔ layout gate rejects raw spacing on const alias of MUI component (1306.7811ms)
✔ canonical mutation gate follows global mutator aliases and reflection (1195.7801ms)
✔ local mutator names do not acquire global mutation identity (1124.69ms)
✔ destructured mutators and call/apply retain canonical mutation checks (1020.559ms)
✔ global mutator call/apply can copy canonical values into fresh objects (1112.2039ms)
✔ mutable aliases with possible canonical destinations fail closed (987.9415ms)
✔ opaque apply arguments fail closed while unrelated mutable data stays valid (2021.5652ms)
✔ canonical references inside containers and destructured aliases cannot be mutated (1005.1992ms)
✔ independent shallow copies of scalar canonical fields remain mutable (1002.4684ms)
✔ array references and nested destructuring preserve canonical write provenance (1016.4898ms)
✔ array destinations distinguish independent elements from canonical references (1064.4429ms)
✔ array destructuring, dynamic indices and spread cannot hide canonical references (1103.7805ms)
✔ dynamic indices and destructuring of independent arrays stay mutable (1442.2911ms)
✔ function parameters cannot hide canonical mutation across source files (1282.6083ms)
✔ read-only helpers and mutations of unrelated arguments remain valid (1122.8764ms)
✔ returned canonical references remain protected across helper boundaries (1067.5762ms)
✔ helper returns of fresh scalar copies do not retain canonical destination identity (1384.6659ms)
✔ destructured object parameters cannot mutate canonical arguments (1252.6657ms)
✔ destructured object parameters retain independent argument mutability (1324.2824ms)
✔ default parameter and binding initializers cannot hide canonical mutations (1069.387ms)
✔ fresh default parameter and binding copies remain mutable (1151.5231ms)
✔ rest parameters retain canonical argument write provenance (1136.3246ms)
✔ rest parameters distinguish independent positions from canonical siblings (1250.6496ms)
✔ finite spread arguments preserve shifted positional and rest destinations (1115.375ms)
✔ finite spread expansion keeps independent argument positions mutable (1102.5883ms)
✔ opaque spreads keep positional mutation destinations unknown (1107.0625ms)
✔ opaque spreads into read-only helpers do not invent mutation findings (1022.3833ms)
✔ array parameter patterns retain canonical positions including nested object arrays (1059.569ms)
✔ array parameter patterns retain independent bound element mutability (1100.6216ms)
✔ layout gate rejects parameter shadow of canonical layout name (1163.1091ms)
✔ layout gate follows genuine renamed styled factory (1261.9057ms)
✔ layout gate accepts canonical namespace, element access and barrel alias (1132.7757ms)
✔ layout gate does not mistake local component named Stack for MUI (1183.5077ms)
✔ layout gate inspects renamed installed Emotion css tag (1098.4262ms)
✔ layout gate preserves genuine aliased Controller field forwarding (1109.0499ms)
✔ a same-named local Controller cannot exempt an unknown prop spread (1032.2924ms)
✔ genuine useForm registration survives property and destructured aliases (1086.8211ms)
✔ a function named register cannot exempt injected style props (1217.8815ms)
✔ a bridge callback parameter cannot impersonate its private factor binding (1300.7641ms)
✔ opaque namespace component selection remains a strict binding failure (1132.437ms)
✔ opaque namespace factory cannot hide style arguments (1138.1717ms)
✔ MUI re-export cannot hide raw spacing behind a first-party barrel (1127.6193ms)
✔ destructuring assignments cannot hide canonical write targets (1068.4697ms)
✔ destructuring assignments can update independent copied destinations (1038.1782ms)
✔ object rest retains nested canonical references while copying the outer object (1095.478ms)
✔ rest scalar copies and replacement of container references stay mutable (1070.5005ms)
✔ shallow object spread preserves canonical child references and last-writer order (1130.6857ms)
✔ shallow spread with a later independent override stays mutable (1107.7365ms)
✔ exported mutable aliases retain assignments from their declaring file (1061.4581ms)
✔ exported independent mutable data does not acquire canonical provenance (1172.9951ms)
✔ literal computed keys retain canonical container and parameter provenance (1247.9323ms)
✔ literal computed keys do not taint independent selected properties (1195.9921ms)
✔ Object.assign shallow copies retain canonical nested reference provenance (1113.7312ms)
✔ Object.assign later independent overrides and scalar copies stay mutable (1326.9493ms)
✔ union and dynamic property selections retain possible canonical destinations (1118.0259ms)
✔ finite union property selections exclude canonical siblings not in the key set (1119.0335ms)
✔ union selection over Object.assign output retains canonical child provenance (1090.6556ms)
✔ union selection over independent Object.assign output remains mutable (1181.0373ms)
✔ Reflect.set call/apply checks the target argument rather than the assigned value (3691.1974ms)
✔ aliased React createElement checks MUI and native style objects (1088.4904ms)
✔ GlobalStyles.styles is checked and local createElement names stay local (2115.8461ms)
✔ React JSX runtime factories cannot bypass MUI or native style checks (1078.4628ms)
✔ React cloneElement checks the cloned MUI element and preserves native props (4215.0569ms)
✔ Emotion css props and object factories are inspected with native CSS semantics (3295.6479ms)
✔ Inline style elements in JSX, React factories, DOM and the HTML entry fail closed (9444.0451ms)
✔ DOM CSSOM spacing writes use semantic roles and reject opaque style strings (2121.4021ms)
✔ HTML parsing and runtime stylesheet mutation cannot bypass the imported CSS boundary (2226.4976ms)
✔ spacing shorthand values and responsive breakpoints preserve token and unit provenance (10979.4664ms)
✔ function return producers cannot hide canonical children behind spreads (1026.224ms)
✔ producer spreads keep later independent child overrides writable (1022.1536ms)
ℹ tests 86
ℹ suites 0
ℹ pass 86
ℹ fail 0
ℹ cancelled 0
ℹ skipped 0
ℹ todo 0
ℹ duration_ms 114689.8298
layout-check PASS: 79 source files, 0 finding(s), 1 exception(s) used
