
[WebServer] (node:35708) Warning: The 'NO_COLOR' env is ignored due to the 'FORCE_COLOR' env being set.
[WebServer] (Use `node --trace-warnings ...` to show where the warning was created)

Running 2 tests using 1 worker


(node:38772) Warning: The 'NO_COLOR' env is ignored due to the 'FORCE_COLOR' env being set.
(Use `node --trace-warnings ...` to show where the warning was created)

[1/2] [chromium] › tests\fe018.spec.ts:406:1 › UI004 25 evaluations: cursor pages reach the last record and preserve detail, search, and browser Back state

[WebServer] [BABEL] Note: The code generator has deoptimised the styling of C:\Users\Joker-PC\AppData\Local\Temp\botsales-vite-cache\ea27c7577456f6009d55\playwright-webserver\playwright-43532-82c5eb14-afec-4fcc-ad82-647cd3b61bf4\deps\react-dom_client.js?v=f0ebb5f3 as it exceeds the max of 500KB.
[chromium] › tests\fe018.spec.ts:406:1 › UI004 25 evaluations: cursor pages reach the last record and preserve detail, search, and browser Back state
UI004_25_ACCEPTANCE={"total":25,"pageSizes":[20,5],"cursor":"evaluation-10016","oldestRecord":"evaluation-10001","oldestReachable":true,"detailPreservedCursor":true,"browserBackRestoredFirstPage":true,"searchResetCursor":true}

[2/2] [chromium] › tests\fe018.spec.ts:452:1 › UI004 105 evaluations: cursor traversal reaches every record and retains the failing cursor for retry
  1) [chromium] › tests\fe018.spec.ts:452:1 › UI004 105 evaluations: cursor traversal reaches every record and retains the failing cursor for retry 

    Error: expect(locator).toBeVisible() failed

    Locator: getByRole('alert').filter({ hasText: 'Lỗi API mô phỏng đang lỗi liên tục.' })
    Expected: visible
    Timeout: 15000ms
    Error: element(s) not found

    Call log:
      - Expect "toBeVisible" getByRole('alert').filter({ hasText: 'Lỗi API mô phỏng đang lỗi liên tục.' }) with timeout 15000ms
      - waiting for getByRole('alert').filter({ hasText: 'Lỗi API mô phỏng đang lỗi liên tục.' })


      474 |     expect(failedResponse.status()).toBe(503);
      475 |     await expect.poll(() => new URL(page.url()).searchParams.get('cursor')).toBe(failedCursor);
    > 476 |     await expect(page.getByRole('alert').filter({ hasText: 'Lỗi API mô phỏng đang lỗi liên tục.' })).toBeVisible({ timeout: 15_000 });
          |                                                                                                      ^
      477 |     await expect(page.getByRole('row')).toHaveCount(0);
      478 |     await chooseMockOption(page, 'Trạng thái thử', 'Bình thường');
      479 |     await expect(page.getByRole('status')).toContainText('Trạng thái thử đã được áp dụng.');
        at C:\Users\Joker-PC\Documents\Projects\Bot-AI-Ban-hang-FB\BotSalesAI_Frontend\tests\fe018.spec.ts:476:102

    Error Context: test-results\fe018-UI004-105-evaluation-a8a74-he-failing-cursor-for-retry-chromium\error-context.md

    attachment #2: trace (application/zip) ─────────────────────────────────────────────────────────
    test-results\fe018-UI004-105-evaluation-a8a74-he-failing-cursor-for-retry-chromium\trace.zip
    Usage:

        npx playwright show-trace test-results\fe018-UI004-105-evaluation-a8a74-he-failing-cursor-for-retry-chromium\trace.zip

    ────────────────────────────────────────────────────────────────────────────────────────────────


  1 failed
    [chromium] › tests\fe018.spec.ts:452:1 › UI004 105 evaluations: cursor traversal reaches every record and retains the failing cursor for retry 
  1 passed (26.6s)
EXIT_CODE=1
