✔ P10/P15 catch alias and neutral-wrapper duplicate insets through fragments and conditionals (799.9617ms)
✔ P20 resolves shared composition identities through a barrel and const component aliases (553.5446ms)
✔ P11/P13 catch static element access roles on every MUI surface, including Paper (412.8548ms)
✔ P12 checks React createElement and JSX-runtime element factories (342.4569ms)
✔ P14 resolves bodyMode literal aliases and fails closed when ownership is unknown (1027.2257ms)
✔ checks Panel ancestry when React elements are created natively (354.2403ms)
✔ keeps independent nested surfaces and portaled dialogs as separate owners (725.6216ms)
✔ accepts finite bodyMode branches and every mode in the public component contracts (1071.3545ms)
✔ stops inherited gap ownership at Panels and independent bordered surfaces (610.0087ms)
✔ tracks gaps through fragments, conditions and ready QueryState, but not inside DOM wrappers (322.6829ms)
✔ applies the same finite modes and wrapper boundaries to native React factories (616.0361ms)
✔ recognizes native outlined Paper and nested Box surface inset boundaries (611.7849ms)
✔ fails closed when an unresolved custom wrapper obscures a semantic gap owner (308.3988ms)
✔ rejects unsupported placement and rhythm values while accepting finite aliases and branches (592.3777ms)
✔ rejects unsupported finite values through React element factories (592.178ms)
✔ accepts semantic composition, closed geometry and business-specific MUI primitives (9.2896ms)
✔ rejects rebuilding each shared spacing owner at a consumer (2.6997ms)
✔ follows aliases, local style variables, object spreads and namespace imports (1.0946ms)
✔ rejects direct and spread spacing overrides on semantic components (0.7888ms)
✔ rejects spacing or opaque spreads hidden in geometry (0.3555ms)
✔ allows the canonical owner implementation and fails closed on malformed source (0.9038ms)
✔ rejects duplicated parent boundary and duplicated Panel inset (0.7607ms)
✔ checks default MUI imports and fails closed for opaque geometry (0.437ms)
✔ distinguishes content grids from flex flows when reporting the shared owner (0.3465ms)
✔ rejects page spacing for paired fields and peer Panels without a section gap owner (1.904ms)
✔ related sibling gaps belong to ActionGroup comfortable density, not consumer Stack styles (0.5427ms)
✔ Amount consumers declare wrapping outside DataTable columns and keep table money unbroken (30.9079ms)
✔ the shared catalog covers every public React component and supporting Column type (37.4383ms)
✔ SPC-067 covers discovered public Shared APIs without a fixed export count (1.1149ms)
✔ every public React API has a direct rendered contract test (1.9447ms)
✔ catalog declaration lines and stated JSX counts match resolved source symbols (29.6362ms)
✔ every shared React export has a resolved production consumer or an explicit zero-use lifecycle decision (41.7355ms)
✔ required UI evidence and regression gates remain wired to root verify and the active parent workflow (0.589ms)
✔ composition prop allowlists match the TypeScript owners exactly (0.3139ms)
✔ QueryState uses only the approved inline and section pending profiles (0.4309ms)
✔ QueryState consumers reserve section loading for primary content and keep every other state inline by default (23.8239ms)
✔ body modes, placement roles and geometry keys match the TypeScript contracts (1.3994ms)
✔ Panel geometry and DataTable columns remain closed public contracts (9.6927ms)
✔ shared component and composition props expose no arbitrary layout/style escape hatch (0.336ms)
✔ layout role types, runtime values, consumers and ownership documentation stay closed (3110.3102ms)
ℹ tests 40
ℹ suites 0
ℹ pass 40
ℹ fail 0
ℹ cancelled 0
ℹ skipped 0
ℹ todo 0
ℹ duration_ms 9503.0889
