
> botsales-frontend@0.1.0 test:layout
> node --test tests/layout-checker.test.mjs tests/ui-layout-binding-gates.test.mjs && node scripts/check-layout.mjs

✔ accepts semantic bridge roles, the closed token-derived factor map, geometry, and reset values (1345.9022ms)
✔ rejects a CSS spacing role without a declared shared owner (1295.6546ms)
✔ rejects scale-conforming and off-scale literals in sx, responsive leaves, named and namespace MUI System props (1088.3074ms)
✔ follows local aliases and style callbacks; rejects theme spacing helpers and preset overrides (1228.2581ms)
✔ scans nested slotProps but does not confuse event handlers or geometric dimensions with spacing (1151.2522ms)
✔ keeps Panel geometry inspectable and rejects spacing hidden in its geometry prop (3147.4895ms)
✔ accepts only an exact CSS exception and reports stale or mismatched exception scope (2969.7566ms)
✔ rejects malformed TypeScript, malformed CSS, bad exception schema, and raw values in the bridge (3771.8671ms)
✔ rejects canonical pixel tokens used as MUI factors and an altered bridge factor table (1878.3752ms)
✔ report mode inventories migration debt without turning findings into PASS (961.5832ms)
✔ canonical writes through casts and aliases fail outside style expressions (1520.1505ms)
✔ Object.assign cannot mutate canonical data but can copy to a fresh object (2403.524ms)
✔ layout gate rejects raw spacing on const alias of MUI component (1190.7144ms)
✔ canonical mutation gate follows global mutator aliases and reflection (1176.1386ms)
✔ local mutator names do not acquire global mutation identity (1081.8223ms)
✔ destructured mutators and call/apply retain canonical mutation checks (1155.0798ms)
✔ global mutator call/apply can copy canonical values into fresh objects (1083.5965ms)
✔ mutable aliases with possible canonical destinations fail closed (1071.9847ms)
✔ opaque apply arguments fail closed while unrelated mutable data stays valid (1988.5259ms)
✔ canonical references inside containers and destructured aliases cannot be mutated (984.197ms)
✔ independent shallow copies of scalar canonical fields remain mutable (977.7841ms)
✔ array references and nested destructuring preserve canonical write provenance (961.1862ms)
✔ array destinations distinguish independent elements from canonical references (966.6588ms)
✔ array destructuring, dynamic indices and spread cannot hide canonical references (973.915ms)
✔ dynamic indices and destructuring of independent arrays stay mutable (983.6994ms)
✔ function parameters cannot hide canonical mutation across source files (965.7148ms)
✔ read-only helpers and mutations of unrelated arguments remain valid (946.8487ms)
✔ returned canonical references remain protected across helper boundaries (972.9415ms)
✔ helper returns of fresh scalar copies do not retain canonical destination identity (965.7413ms)
✔ destructured object parameters cannot mutate canonical arguments (1014.716ms)
✔ destructured object parameters retain independent argument mutability (953.1755ms)
✔ default parameter and binding initializers cannot hide canonical mutations (962.8045ms)
✔ fresh default parameter and binding copies remain mutable (948.9063ms)
✔ rest parameters retain canonical argument write provenance (957.5443ms)
✔ rest parameters distinguish independent positions from canonical siblings (974.8458ms)
✔ finite spread arguments preserve shifted positional and rest destinations (988.5184ms)
✔ finite spread expansion keeps independent argument positions mutable (982.092ms)
✔ opaque spreads keep positional mutation destinations unknown (1025.0715ms)
✔ opaque spreads into read-only helpers do not invent mutation findings (1029.3677ms)
✔ array parameter patterns retain canonical positions including nested object arrays (976.573ms)
✔ array parameter patterns retain independent bound element mutability (1076.0947ms)
✔ layout gate rejects parameter shadow of canonical layout name (992.5778ms)
✔ layout gate follows genuine renamed styled factory (1022.0539ms)
✔ layout gate accepts canonical namespace, element access and barrel alias (959.8601ms)
✔ layout gate does not mistake local component named Stack for MUI (949.0082ms)
✔ layout gate inspects renamed installed Emotion css tag (958.6782ms)
✔ layout gate preserves genuine aliased Controller field forwarding (1032.6137ms)
✔ a same-named local Controller cannot exempt an unknown prop spread (1324.4258ms)
✔ genuine useForm registration survives property and destructured aliases (1266.2945ms)
✔ a function named register cannot exempt injected style props (1192.2807ms)
✔ a bridge callback parameter cannot impersonate its private factor binding (1106.6743ms)
✔ opaque namespace component selection remains a strict binding failure (1084.7765ms)
✔ opaque namespace factory cannot hide style arguments (1084.0007ms)
✔ MUI re-export cannot hide raw spacing behind a first-party barrel (1169.5382ms)
✔ destructuring assignments cannot hide canonical write targets (1024.5644ms)
✔ destructuring assignments can update independent copied destinations (1096.3114ms)
✔ object rest retains nested canonical references while copying the outer object (1063.4948ms)
✔ rest scalar copies and replacement of container references stay mutable (1070.3424ms)
✔ shallow object spread preserves canonical child references and last-writer order (1400.0365ms)
✔ shallow spread with a later independent override stays mutable (1200.4747ms)
✔ exported mutable aliases retain assignments from their declaring file (1024.5147ms)
✔ exported independent mutable data does not acquire canonical provenance (994.7802ms)
✔ literal computed keys retain canonical container and parameter provenance (984.9024ms)
✔ literal computed keys do not taint independent selected properties (988.3589ms)
✔ Object.assign shallow copies retain canonical nested reference provenance (965.2163ms)
✔ Object.assign later independent overrides and scalar copies stay mutable (967.7762ms)
✔ union and dynamic property selections retain possible canonical destinations (958.4632ms)
✔ finite union property selections exclude canonical siblings not in the key set (979.422ms)
✔ union selection over Object.assign output retains canonical child provenance (1018.3128ms)
✔ union selection over independent Object.assign output remains mutable (974.0201ms)
✔ Reflect.set call/apply checks the target argument rather than the assigned value (2918.7472ms)
✔ aliased React createElement checks MUI and native style objects (925.6784ms)
✔ GlobalStyles.styles is checked and local createElement names stay local (1894.7377ms)
✔ React JSX runtime factories cannot bypass MUI or native style checks (964.1929ms)
✔ React cloneElement checks the cloned MUI element and preserves native props (3847.5367ms)
✔ Emotion css props and object factories are inspected with native CSS semantics (2870.5646ms)
✔ Inline style elements in JSX, React factories, DOM and the HTML entry fail closed (7636.6856ms)
✔ DOM CSSOM spacing writes use semantic roles and reject opaque style strings (1980.2252ms)
✔ HTML parsing and runtime stylesheet mutation cannot bypass the imported CSS boundary (1936.7396ms)
✔ spacing shorthand values and responsive breakpoints preserve token and unit provenance (9695.6202ms)
✔ function return producers cannot hide canonical children behind spreads (963.9885ms)
✔ producer spreads keep later independent child overrides writable (934.9429ms)
ℹ tests 82
ℹ suites 0
ℹ pass 82
ℹ fail 0
ℹ cancelled 0
ℹ skipped 0
ℹ todo 0
ℹ duration_ms 101760.767
layout-check PASS: 79 source files, 0 finding(s), 1 exception(s) used
