FE003.S01 current command map review
CWD: C:\Users\Joker-PC\Documents\Projects\Bot-AI-Ban-hang-FB\BotSalesAI_Frontend
COMMAND: node -e inspect package scripts and frontend-command-map registration
Observed output above; registered command scripts are checked against root package.json.
CHECK OUTPUT:
{
  "rootScripts": [
    "dev",
    "dev:live",
    "generate",
    "generate:check",
    "typecheck",
    "lint",
    "boundaries",
    "test",
    "test:source",
    "test:domain",
    "test:e2e",
    "build",
    "build:demo",
    "preview",
    "verify",
    "setup",
    "doctor"
  ],
  "appScripts": [
    "dev",
    "dev:live",
    "build",
    "build:demo",
    "preview"
  ],
  "registered": 21,
  "verified": 19,
  "verifiedScriptReferencesMissing": []
}
EXIT=0
