{
  "rootScripts": 17,
  "appScripts": 5,
  "registryEntries": 21,
  "verified": 19,
  "declaredNotRun": 2,
  "failedBaseline": 0,
  "unmappedVerifiedCommands": [],
  "commands": [
    {
      "id": "install",
      "cwd": "BotSalesAI_Frontend",
      "status": "VERIFIED_AVAILABLE",
      "script": "install",
      "available": true
    },
    {
      "id": "clean-install",
      "cwd": "BotSalesAI_Frontend",
      "status": "VERIFIED_AVAILABLE",
      "script": null,
      "available": true
    },
    {
      "id": "clean-install-current",
      "cwd": "BotSalesAI_Frontend",
      "status": "VERIFIED_AVAILABLE",
      "script": null,
      "available": true
    },
    {
      "id": "setup",
      "cwd": "BotSalesAI_Frontend",
      "status": "VERIFIED_AVAILABLE",
      "script": "setup",
      "available": true
    },
    {
      "id": "doctor",
      "cwd": "BotSalesAI_Frontend",
      "status": "VERIFIED_AVAILABLE",
      "script": "doctor",
      "available": true
    },
    {
      "id": "setup-doctor-capture",
      "cwd": "BotSalesAI_Frontend",
      "status": "VERIFIED_AVAILABLE",
      "script": null,
      "available": true
    },
    {
      "id": "generate",
      "cwd": "BotSalesAI_Frontend",
      "status": "VERIFIED_AVAILABLE",
      "script": "generate:check",
      "available": true
    },
    {
      "id": "generate-check-windows",
      "cwd": "BotSalesAI_Frontend",
      "status": "VERIFIED_AVAILABLE",
      "script": null,
      "available": true
    },
    {
      "id": "contracts",
      "cwd": "BotSalesAI_Frontend",
      "status": "DECLARED_NOT_RUN",
      "script": null,
      "available": true
    },
    {
      "id": "source",
      "cwd": "BotSalesAI_Frontend",
      "status": "VERIFIED_AVAILABLE",
      "script": "test:source",
      "available": true
    },
    {
      "id": "contract-tests",
      "cwd": "BotSalesAI_Frontend",
      "status": "VERIFIED_AVAILABLE",
      "script": null,
      "available": true
    },
    {
      "id": "boundaries",
      "cwd": "BotSalesAI_Frontend",
      "status": "VERIFIED_AVAILABLE",
      "script": "boundaries",
      "available": true
    },
    {
      "id": "types",
      "cwd": "BotSalesAI_Frontend",
      "status": "VERIFIED_AVAILABLE",
      "script": "typecheck",
      "available": true
    },
    {
      "id": "lint",
      "cwd": "BotSalesAI_Frontend",
      "status": "VERIFIED_AVAILABLE",
      "script": "lint",
      "available": true
    },
    {
      "id": "domain",
      "cwd": "BotSalesAI_Frontend",
      "status": "VERIFIED_AVAILABLE",
      "script": "test:domain",
      "available": true
    },
    {
      "id": "unit",
      "cwd": "BotSalesAI_Frontend",
      "status": "VERIFIED_AVAILABLE",
      "script": "test",
      "available": true
    },
    {
      "id": "build",
      "cwd": "BotSalesAI_Frontend",
      "status": "VERIFIED_AVAILABLE",
      "script": "build",
      "available": true
    },
    {
      "id": "build-demo",
      "cwd": "BotSalesAI_Frontend",
      "status": "DECLARED_NOT_RUN",
      "script": "build:demo",
      "available": true
    },
    {
      "id": "draft-helper",
      "cwd": "BotSalesAI_Frontend",
      "status": "VERIFIED_AVAILABLE",
      "script": null,
      "available": true
    },
    {
      "id": "e2e",
      "cwd": "BotSalesAI_Frontend",
      "status": "VERIFIED_AVAILABLE",
      "script": "test:e2e",
      "available": true
    },
    {
      "id": "schemas",
      "cwd": "BotSalesAI_Frontend",
      "status": "VERIFIED_AVAILABLE",
      "script": null,
      "available": true
    }
  ],
  "status": "PASS"
}
