{
  "overallPercent": 8.67,
  "verifiedSteps": 13,
  "totalSteps": 140,
  "phases": [
    {
      "id": "F00",
      "title": "Tiếp nhận và môi trường",
      "weightPercent": 10,
      "earned": 26,
      "total": 30,
      "percent": 86.66666666666667
    },
    {
      "id": "F01",
      "title": "Kiến trúc, contract và mock foundation",
      "weightPercent": 25,
      "earned": 0,
      "total": 50,
      "percent": 0
    },
    {
      "id": "F02",
      "title": "Luồng và module frontend",
      "weightPercent": 40,
      "earned": 0,
      "total": 140,
      "percent": 0
    },
    {
      "id": "F03",
      "title": "Chất lượng, an toàn và artifact",
      "weightPercent": 20,
      "earned": 0,
      "total": 40,
      "percent": 0
    },
    {
      "id": "F04",
      "title": "Nghiệm thu mock và bàn giao",
      "weightPercent": 5,
      "earned": 0,
      "total": 20,
      "percent": 0
    }
  ],
  "next": [
    {
      "id": "FE003",
      "title": "Lệnh kiểm tra và hợp đồng bằng chứng",
      "nextStep": {
        "id": "S04",
        "weight": 2,
        "action": "Kiểm tracker frontend validate/status/next và mẫu evidence; đăng ký lệnh đã chạy đúng có log.",
        "requiredEvidenceKind": "artifact_review",
        "verification": "Evidence sai scope/thiếu log/hash bị từ chối; cấu trúc đúng không thay review coverage. Ghi command/cwd/exit code, expected/observed, log/hash và source snapshot thực. Scope FRONTEND_WITH_SYNTHETIC_MOCK_API; không dùng kết quả prototype hoặc backend chưa chạy.",
        "required": true,
        "status": "STALE",
        "note": ""
      }
    }
  ],
  "blocked": [],
  "stale": [
    "FE003",
    "FE004",
    "FE005",
    "FE006",
    "FE007",
    "FE008",
    "FE009",
    "FE010",
    "FE011",
    "FE012",
    "FE013",
    "FE014",
    "FE015",
    "FE016",
    "FE017",
    "FE018",
    "FE019",
    "FE020",
    "FE021",
    "FE022"
  ]
}
