[WebServer] (node:49128) Warning: The 'NO_COLOR' env is ignored due to the 'FORCE_COLOR' env being set.
[WebServer] (Use `node --trace-warnings ...` to show where the warning was created)


Running 6 tests using 1 worker

(node:51236) Warning: The 'NO_COLOR' env is ignored due to the 'FORCE_COLOR' env being set.
(Use `node --trace-warnings ...` to show where the warning was created)


[1/6] [chromium] › tests\fe016.spec.ts:101:1 › FE016 conversation keeps its composer visible while long demo context scrolls independently
[WebServer] [BABEL] Note: The code generator has deoptimised the styling of C:\Users\Joker-PC\AppData\Local\Temp\botsales-vite-cache\ea27c7577456f6009d55\playwright-webserver\playwright-81548-85064a14-9cf8-408d-a665-0f8a2fb9846b\deps\react-dom_client.js?v=1f22933c as it exceeds the max of 500KB.

(node:40868) Warning: The 'NO_COLOR' env is ignored due to the 'FORCE_COLOR' env being set.
(Use `node --trace-warnings ...` to show where the warning was created)


[2/6] [chromium] › tests\fe016.spec.ts:101:1 › FE016 conversation keeps its composer visible while long demo context scrolls independently
(node:21824) Warning: The 'NO_COLOR' env is ignored due to the 'FORCE_COLOR' env being set.
(Use `node --trace-warnings ...` to show where the warning was created)


[3/6] [chromium] › tests\fe016.spec.ts:101:1 › FE016 conversation keeps its composer visible while long demo context scrolls independently
(node:16184) Warning: The 'NO_COLOR' env is ignored due to the 'FORCE_COLOR' env being set.
(Use `node --trace-warnings ...` to show where the warning was created)


[4/6] [firefox] › tests\fe016.spec.ts:101:1 › FE016 conversation keeps its composer visible while long demo context scrolls independently
(node:61836) Warning: The 'NO_COLOR' env is ignored due to the 'FORCE_COLOR' env being set.
(Use `node --trace-warnings ...` to show where the warning was created)


[5/6] [firefox] › tests\fe016.spec.ts:101:1 › FE016 conversation keeps its composer visible while long demo context scrolls independently
(node:85532) Warning: The 'NO_COLOR' env is ignored due to the 'FORCE_COLOR' env being set.
(Use `node --trace-warnings ...` to show where the warning was created)


[6/6] [firefox] › tests\fe016.spec.ts:101:1 › FE016 conversation keeps its composer visible while long demo context scrolls independently
  6 passed (52.0s)
