
> botsales-frontend@0.1.0 verify
> npm run generate:check && npm run test:source && npm run boundaries && npm run lint && npm run typecheck && npm run test:domain && npm test && npm run build


> botsales-frontend@0.1.0 generate:check
> node scripts/generate.mjs --check

{"status":"PASS","outputs":11,"schemas":283,"operations":210,"routes":54}

> botsales-frontend@0.1.0 test:source
> node scripts/check-source.mjs && node --test tests/source-checker.test.mjs

{
  "checkedAt": "2026-10-02T20:58:24.801Z",
  "scope": "Syntax, operation identifiers, route-source mapping, permissions and token adoption. NOT React typecheck, build or browser test.",
  "compiler": "5.9.2",
  "compilerSource": "project dependency",
  "files": 62,
  "operationCalls": 220,
  "routes": 54,
  "issues": [],
  "status": "PASS"
}
✔ module path classification accepts Windows and POSIX spellings, but excludes app files (0.9679ms)
✔ the source-checker CLI rejects a prohibited color literal in a module (151.4698ms)
✔ the source-checker CLI accepts a token-based module and leaves app-level colors outside the rule (148.3332ms)
ℹ tests 3
ℹ suites 0
ℹ pass 3
ℹ fail 0
ℹ cancelled 0
ℹ skipped 0
ℹ todo 0
ℹ duration_ms 356.6161

> botsales-frontend@0.1.0 boundaries
> node scripts/check-boundaries.mjs

{
  "checkedAt": "2026-10-02T20:58:26.833Z",
  "scope": "AST imports resolve aliases/relative paths, module boundaries and cycles; parser diagnostics are errors",
  "files": 62,
  "imports": 414,
  "negativeFixtures": "Boundary fixtures: PASS 8/8 scenarios (allowed import, alias, relative, type-only, dynamic, unresolved, cycle, parser error).",
  "status": "PASS",
  "issues": []
}

> botsales-frontend@0.1.0 lint
> eslint apps/web/src --max-warnings 0


> botsales-frontend@0.1.0 typecheck
> tsc -p apps/web/tsconfig.json --noEmit


> botsales-frontend@0.1.0 test:domain
> node scripts/test-domain.mjs

{"status":"PASS","simulatorChecks":75,"networkChecks":13,"networkHandlers":210,"passed":88,"operations":89,"node":"v24.19.0","typescript":"5.9.2"}

> botsales-frontend@0.1.0 test
> vitest run --config apps/web/vitest.config.ts


 RUN  v5.0.3 C:/Users/Joker-PC/Documents/Projects/Bot-AI-Ban-hang-FB/BotSalesAI_Frontend

[BABEL] Note: The code generator has deoptimised the styling of C:\Users\Joker-PC\AppData\Local\Temp\botsales-vite-cache\ea27c7577456f6009d55\direct-vite\19276\deps\react-dom_client.js?v=f34c4ca6 as it exceeds the max of 500KB.

 Test Files  10 passed (10)
      Tests  80 passed (80)
   Start at  03:58:35
   Duration  5.36s (tests 50%, environment 23%, import 15%, transform 6%, setup 6%)


> botsales-frontend@0.1.0 build
> npm run generate:check && npm run typecheck && npm run build --workspace @botsales/web


> botsales-frontend@0.1.0 generate:check
> node scripts/generate.mjs --check

{"status":"PASS","outputs":11,"schemas":283,"operations":210,"routes":54}

> botsales-frontend@0.1.0 typecheck
> tsc -p apps/web/tsconfig.json --noEmit


> @botsales/web@0.1.0 build
> vite build --mode production

vite v7.3.6 building client environment for production...
transforming...
✓ 2052 modules transformed.
rendering chunks...
computing gzip size...
dist/index.html                                 0.86 kB │ gzip:   0.52 kB
dist/assets/index-v_6AJcWh.css                  2.36 kB │ gzip:   0.95 kB
dist/assets/download-8lJFmiSZ.js                0.23 kB │ gzip:   0.17 kB
dist/assets/filters-BA4iHnhs.js                 0.30 kB │ gzip:   0.23 kB
dist/assets/import-file-Ct8hcUTT.js             0.32 kB │ gzip:   0.26 kB
dist/assets/DeleteOutlineRounded-DCCsHn9J.js    0.53 kB │ gzip:   0.31 kB
dist/assets/hooks-C6tCWbbb.js                   4.17 kB │ gzip:   1.94 kB
dist/assets/imports-DzIUVaJ0.js                 6.19 kB │ gzip:   2.76 kB
dist/assets/index-BOOA1vIl.js                   7.65 kB │ gzip:   3.06 kB
dist/assets/index-CgOcam4O.js                   8.35 kB │ gzip:   3.54 kB
dist/assets/index-aBNn8-9P.js                   8.79 kB │ gzip:   3.40 kB
dist/assets/index-DUbYdIwk.js                  13.15 kB │ gzip:   4.55 kB
dist/assets/index-CtQ1jZ-N.js                  13.21 kB │ gzip:   4.98 kB
dist/assets/index-pWQnjXch.js                  14.41 kB │ gzip:   5.75 kB
dist/assets/index-COYHtfX9.js                  15.35 kB │ gzip:   5.38 kB
dist/assets/index-VspeXj5T.js                  15.73 kB │ gzip:   5.29 kB
dist/assets/index-BOoSgI3h.js                  15.81 kB │ gzip:   5.24 kB
dist/assets/index-DUzgJX9M.js                  17.05 kB │ gzip:   6.01 kB
dist/assets/index-BgMV1fv3.js                  17.78 kB │ gzip:   5.87 kB
dist/assets/index-DYoruH1u.js                  24.85 kB │ gzip:   8.46 kB
dist/assets/index-DS2_npVL.js                  25.53 kB │ gzip:   8.29 kB
dist/assets/index-DDv0scXb.js                  31.85 kB │ gzip:  10.04 kB
dist/assets/index-CmDnSeLu.js                  36.70 kB │ gzip:   9.93 kB
dist/assets/schemas-BNOgWa61.js                79.17 kB │ gzip:  24.03 kB
dist/assets/react-NCqEdj2_.js                 104.73 kB │ gzip:  35.41 kB
dist/assets/mui-B9c92xfW.js                   322.09 kB │ gzip:  97.68 kB
dist/assets/index-Ce71vE8f.js                 325.36 kB │ gzip:  99.75 kB
dist/assets/index--bXgKYp2.js                 734.01 kB │ gzip: 185.46 kB

(!) Some chunks are larger than 500 kB after minification. Consider:
- Using dynamic import() to code-split the application
- Use build.rollupOptions.output.manualChunks to improve chunking: https://rollupjs.org/configuration-options/#output-manualchunks
- Adjust chunk size limit for this warning via build.chunkSizeWarningLimit.
✓ built in 2.73s
