{
  "status": "PASS",
  "scope": "FRONTEND_WITH_SYNTHETIC_MOCK_API",
  "openapi": "3.1.0",
  "paths": 167,
  "operations": 210,
  "uniqueOperationIds": 210,
  "routes": 54,
  "checks": {
    "openapi31": true,
    "allOperationIdsUnique": true,
    "canonicalRouteCount": true,
    "moneyUsesDecimalString": true,
    "idsAreStrings": true,
    "nullableCustomerFieldsStayNullable": true,
    "problemContractHasStructuredErrorFields": true,
    "publishPermissionExists": true,
    "publishedEventExists": true,
    "knowledgeAllowedActionsAbsent": true
  }
}
