✔ accepts semantic bridge roles, the closed token-derived factor map, geometry, and reset values (213.5149ms)
✔ rejects a CSS spacing role without a declared shared owner (198.5562ms)
✔ rejects scale-conforming and off-scale literals in sx, responsive leaves, named and namespace MUI System props (201.4386ms)
✔ follows local aliases and style callbacks; rejects theme spacing helpers and preset overrides (266.6099ms)
✔ scans nested slotProps but does not confuse event handlers or geometric dimensions with spacing (203.7574ms)
✔ keeps Panel geometry inspectable and rejects spacing hidden in its geometry prop (635.9108ms)
✔ accepts only an exact CSS exception and reports stale or mismatched exception scope (651.1307ms)
✔ rejects malformed TypeScript, malformed CSS, bad exception schema, and raw values in the bridge (782.9742ms)
✔ rejects canonical pixel tokens used as MUI factors and an altered bridge factor table (405.5916ms)
✔ report mode inventories migration debt without turning findings into PASS (196.1182ms)
✔ accepts semantic composition, closed geometry and business-specific MUI primitives (5.5082ms)
✔ rejects rebuilding each shared spacing owner at a consumer (2.0428ms)
✔ follows aliases, local style variables, object spreads and namespace imports (0.8616ms)
✔ rejects direct and spread spacing overrides on semantic components (0.5697ms)
✔ rejects spacing or opaque spreads hidden in geometry (0.3073ms)
✔ allows the canonical owner implementation and fails closed on malformed source (1.1799ms)
✔ rejects duplicated parent boundary and duplicated Panel inset (0.4268ms)
✔ checks default MUI imports and fails closed for opaque geometry (0.4996ms)
✔ distinguishes content grids from flex flows when reporting the shared owner (0.3425ms)
✔ check-layout rejects missing source instead of returning an empty PASS (197.4381ms)
✔ check-layout rejects empty source instead of returning an empty PASS (185.2142ms)
✔ check-layout rejects generated-only source instead of returning an empty PASS (185.3729ms)
✔ check-layout rejects jsx-parse source instead of returning an empty PASS (197.0288ms)
✔ check-visual-tokens rejects missing source instead of returning an empty PASS (189.0109ms)
✔ check-visual-tokens rejects empty source instead of returning an empty PASS (191.6371ms)
✔ check-visual-tokens rejects generated-only source instead of returning an empty PASS (192.5604ms)
✔ check-visual-tokens rejects jsx-parse source instead of returning an empty PASS (191.2373ms)
✔ check-ui-composition rejects missing source instead of returning an empty PASS (173.6799ms)
✔ check-ui-composition rejects empty source instead of returning an empty PASS (167.8589ms)
✔ check-ui-composition rejects generated-only source instead of returning an empty PASS (172.4057ms)
✔ check-ui-composition rejects jsx-parse source instead of returning an empty PASS (178.9727ms)
✔ visual checker accepts canonical theme roles, token references, geometry and semantic responsive props (11.0149ms)
✔ visual checker rejects raw literals across sx, JSX system props and CSS declarations (4.5341ms)
✔ visual checker follows local style aliases and callback themes, but fails raw nested values (3.7784ms)
✔ visual checker reports unresolved spreads and malformed style sources as UNKNOWN or parse errors (3.0461ms)
✖ visual checker includes newly added TSX files under the source root (3.5187ms)
ℹ tests 36
ℹ suites 0
ℹ pass 35
ℹ fail 1
ℹ cancelled 0
ℹ skipped 0
ℹ todo 0
ℹ duration_ms 3813.2528

✖ failing tests:

test at tests\visual-token-checker.test.mjs:81:1
✖ visual checker includes newly added TSX files under the source root (3.5187ms)
  AssertionError [ERR_ASSERTION]: Expected values to be strictly equal:
  
  2 !== 1
  
      at TestContext.<anonymous> (file:///C:/Users/Joker-PC/Documents/Projects/Bot-AI-Ban-hang-FB/BotSalesAI_Frontend/tests/visual-token-checker.test.mjs:88:12)
      at Test.runInAsyncScope (node:async_hooks:227:14)
      at Test.run (node:internal/test_runner/test:1382:25)
      at Test.processPendingSubtests (node:internal/test_runner/test:960:18)
      at Test.postRun (node:internal/test_runner/test:1522:19)
      at Test.run (node:internal/test_runner/test:1447:12)
      at async Test.processPendingSubtests (node:internal/test_runner/test:960:7) {
    generatedMessage: true,
    code: 'ERR_ASSERTION',
    actual: 2,
    expected: 1,
    operator: 'strictEqual',
    diff: 'simple'
  }
