✔ accepts semantic bridge roles, the closed token-derived factor map, geometry, and reset values (253.6301ms)
✔ rejects a CSS spacing role without a declared shared owner (223.5263ms)
✔ rejects scale-conforming and off-scale literals in sx, responsive leaves, named and namespace MUI System props (222.4152ms)
✔ follows local aliases and style callbacks; rejects theme spacing helpers and preset overrides (290.3639ms)
✔ scans nested slotProps but does not confuse event handlers or geometric dimensions with spacing (224.7367ms)
✔ keeps Panel geometry inspectable and rejects spacing hidden in its geometry prop (638.4728ms)
✔ accepts only an exact CSS exception and reports stale or mismatched exception scope (706.182ms)
✔ rejects malformed TypeScript, malformed CSS, bad exception schema, and raw values in the bridge (872.3276ms)
✔ rejects canonical pixel tokens used as MUI factors and an altered bridge factor table (492.86ms)
✔ report mode inventories migration debt without turning findings into PASS (215.8038ms)
✔ accepts semantic composition, closed geometry and business-specific MUI primitives (5.653ms)
✔ rejects rebuilding each shared spacing owner at a consumer (2.1125ms)
✔ follows aliases, local style variables, object spreads and namespace imports (0.8281ms)
✔ rejects direct and spread spacing overrides on semantic components (0.6271ms)
✔ rejects spacing or opaque spreads hidden in geometry (0.3001ms)
✔ allows the canonical owner implementation and fails closed on malformed source (1.2735ms)
✔ rejects duplicated parent boundary and duplicated Panel inset (0.3403ms)
✔ checks default MUI imports and fails closed for opaque geometry (0.3453ms)
✔ distinguishes content grids from flex flows when reporting the shared owner (0.3422ms)
✔ check-layout fails closed for relative missing import (215.5393ms)
✔ check-layout fails closed for aliased missing import (208.3648ms)
✔ check-layout fails closed for missing CSS import (206.3875ms)
✔ check-layout fails closed for opaque dynamic import (205.5747ms)
✔ check-visual-tokens fails closed for relative missing import (210.1398ms)
✔ check-visual-tokens fails closed for aliased missing import (204.8827ms)
✔ check-visual-tokens fails closed for missing CSS import (203.3972ms)
✔ check-visual-tokens fails closed for opaque dynamic import (201.2893ms)
✔ check-ui-composition fails closed for relative missing import (200.1707ms)
✔ check-ui-composition fails closed for aliased missing import (204.6298ms)
✔ check-ui-composition fails closed for missing CSS import (205.8459ms)
✔ check-ui-composition fails closed for opaque dynamic import (207.7022ms)
✔ scope follows a canonical package alias and classifies data assets separately (13.665ms)
✔ scope follows CSS imports and rejects a missing nested stylesheet (8.9033ms)
✔ missing and malformed tsconfig cannot silently supply default resolution (3.7863ms)
✔ scope rejects discovered script sources omitted by the compiler config (5.9801ms)
✔ config includes are discovered even when a package source has no app import yet (6.5981ms)
✔ a first-party import cannot silently claim source outside the project (6.7109ms)
✔ check-layout rejects missing source instead of returning an empty PASS (201.9948ms)
✔ check-layout rejects empty source instead of returning an empty PASS (191.8789ms)
✔ check-layout rejects generated-only source instead of returning an empty PASS (192.515ms)
✔ check-layout rejects jsx-parse source instead of returning an empty PASS (203.6058ms)
✔ check-visual-tokens rejects missing source instead of returning an empty PASS (250.0442ms)
✔ check-visual-tokens rejects empty source instead of returning an empty PASS (193.731ms)
✔ check-visual-tokens rejects generated-only source instead of returning an empty PASS (194.6007ms)
✔ check-visual-tokens rejects jsx-parse source instead of returning an empty PASS (257.4877ms)
✔ check-ui-composition rejects missing source instead of returning an empty PASS (189.291ms)
✔ check-ui-composition rejects empty source instead of returning an empty PASS (189.2058ms)
✔ check-ui-composition rejects generated-only source instead of returning an empty PASS (191.1969ms)
✔ check-ui-composition rejects jsx-parse source instead of returning an empty PASS (198.119ms)
✔ visual checker accepts canonical theme roles, token references, geometry and semantic responsive props (24.0839ms)
✔ visual checker rejects raw literals across sx, JSX system props and CSS declarations (9.56ms)
✔ visual checker follows local style aliases and callback themes, but fails raw nested values (8.6296ms)
✔ visual checker reports unresolved spreads and malformed style sources as UNKNOWN or parse errors (8.1128ms)
✔ visual checker includes newly added TSX files under the source root (10.7391ms)
ℹ tests 54
ℹ suites 0
ℹ pass 54
ℹ fail 0
ℹ cancelled 0
ℹ skipped 0
ℹ todo 0
ℹ duration_ms 4199.4922
