✔ accepts semantic bridge roles, the closed token-derived factor map, geometry, and reset values (257.3711ms)
✔ rejects a CSS spacing role without a declared shared owner (220.3687ms)
✔ rejects scale-conforming and off-scale literals in sx, responsive leaves, named and namespace MUI System props (224.2258ms)
✔ follows local aliases and style callbacks; rejects theme spacing helpers and preset overrides (229.4462ms)
✔ scans nested slotProps but does not confuse event handlers or geometric dimensions with spacing (227.9202ms)
✔ keeps Panel geometry inspectable and rejects spacing hidden in its geometry prop (719.1683ms)
✔ accepts only an exact CSS exception and reports stale or mismatched exception scope (693.4756ms)
✔ rejects malformed TypeScript, malformed CSS, bad exception schema, and raw values in the bridge (832.3227ms)
✔ rejects canonical pixel tokens used as MUI factors and an altered bridge factor table (424.8021ms)
✔ report mode inventories migration debt without turning findings into PASS (234.9034ms)
✔ accepts semantic composition, closed geometry and business-specific MUI primitives (5.6946ms)
✔ rejects rebuilding each shared spacing owner at a consumer (1.9954ms)
✔ follows aliases, local style variables, object spreads and namespace imports (1.0635ms)
✔ rejects direct and spread spacing overrides on semantic components (0.6884ms)
✔ rejects spacing or opaque spreads hidden in geometry (0.4881ms)
✔ allows the canonical owner implementation and fails closed on malformed source (1.2027ms)
✔ rejects duplicated parent boundary and duplicated Panel inset (0.3268ms)
✔ checks default MUI imports and fails closed for opaque geometry (0.3483ms)
✔ distinguishes content grids from flex flows when reporting the shared owner (0.3279ms)
✔ check-layout fails closed for relative missing import (209.1498ms)
✔ check-layout fails closed for aliased missing import (205.4194ms)
✔ check-layout fails closed for missing CSS import (207.1104ms)
✔ check-layout fails closed for opaque dynamic import (205.7836ms)
✔ check-visual-tokens fails closed for relative missing import (206.3065ms)
✔ check-visual-tokens fails closed for aliased missing import (223.7228ms)
✔ check-visual-tokens fails closed for missing CSS import (212.2575ms)
✔ check-visual-tokens fails closed for opaque dynamic import (199.3387ms)
✔ check-ui-composition fails closed for relative missing import (201.5926ms)
✔ check-ui-composition fails closed for aliased missing import (198.8914ms)
✔ check-ui-composition fails closed for missing CSS import (196.6945ms)
✔ check-ui-composition fails closed for opaque dynamic import (206.2232ms)
✔ scope follows a canonical package alias and classifies data assets separately (12.7611ms)
✔ scope follows CSS imports and rejects a missing nested stylesheet (6.3949ms)
✔ missing and malformed tsconfig cannot silently supply default resolution (3.4486ms)
✔ check-layout rejects missing source instead of returning an empty PASS (198.1742ms)
✔ check-layout rejects empty source instead of returning an empty PASS (201.1771ms)
✔ check-layout rejects generated-only source instead of returning an empty PASS (192.7865ms)
✔ check-layout rejects jsx-parse source instead of returning an empty PASS (200.8806ms)
✔ check-visual-tokens rejects missing source instead of returning an empty PASS (204.2401ms)
✔ check-visual-tokens rejects empty source instead of returning an empty PASS (199.0745ms)
✔ check-visual-tokens rejects generated-only source instead of returning an empty PASS (217.839ms)
✔ check-visual-tokens rejects jsx-parse source instead of returning an empty PASS (194.007ms)
✔ check-ui-composition rejects missing source instead of returning an empty PASS (190.675ms)
✔ check-ui-composition rejects empty source instead of returning an empty PASS (186.4591ms)
✔ check-ui-composition rejects generated-only source instead of returning an empty PASS (186.3845ms)
✔ check-ui-composition rejects jsx-parse source instead of returning an empty PASS (191.5671ms)
✔ visual checker accepts canonical theme roles, token references, geometry and semantic responsive props (24.2958ms)
✔ visual checker rejects raw literals across sx, JSX system props and CSS declarations (7.9837ms)
✔ visual checker follows local style aliases and callback themes, but fails raw nested values (7.5845ms)
✔ visual checker reports unresolved spreads and malformed style sources as UNKNOWN or parse errors (6.4502ms)
✔ visual checker includes newly added TSX files under the source root (9.6468ms)
ℹ tests 51
ℹ suites 0
ℹ pass 51
ℹ fail 0
ℹ cancelled 0
ℹ skipped 0
ℹ todo 0
ℹ duration_ms 4122.8146
