✔ accepts semantic bridge roles, the closed token-derived factor map, geometry, and reset values (486.9442ms)
✔ rejects a CSS spacing role without a declared shared owner (478.1439ms)
✔ rejects scale-conforming and off-scale literals in sx, responsive leaves, named and namespace MUI System props (485.7088ms)
✔ follows local aliases and style callbacks; rejects theme spacing helpers and preset overrides (555.1202ms)
✔ scans nested slotProps but does not confuse event handlers or geometric dimensions with spacing (479.0826ms)
✔ keeps Panel geometry inspectable and rejects spacing hidden in its geometry prop (1444.7981ms)
✔ accepts only an exact CSS exception and reports stale or mismatched exception scope (1395.4902ms)
✔ rejects malformed TypeScript, malformed CSS, bad exception schema, and raw values in the bridge (1814.3391ms)
✔ rejects canonical pixel tokens used as MUI factors and an altered bridge factor table (900.3412ms)
✔ report mode inventories migration debt without turning findings into PASS (450.0655ms)
✔ accepts semantic composition, closed geometry and business-specific MUI primitives (5.4888ms)
✔ rejects rebuilding each shared spacing owner at a consumer (1.9584ms)
✔ follows aliases, local style variables, object spreads and namespace imports (0.813ms)
✔ rejects direct and spread spacing overrides on semantic components (0.5158ms)
✔ rejects spacing or opaque spreads hidden in geometry (0.2835ms)
✔ allows the canonical owner implementation and fails closed on malformed source (1.0048ms)
✔ rejects duplicated parent boundary and duplicated Panel inset (0.4ms)
✔ checks default MUI imports and fails closed for opaque geometry (0.3692ms)
✔ distinguishes content grids from flex flows when reporting the shared owner (0.3115ms)
✔ check-layout rejects missing-html at the UI entry boundary (428.9551ms)
✔ check-layout rejects missing-style at the UI entry boundary (461.5363ms)
✔ check-layout rejects inline-style at the UI entry boundary (465.4871ms)
✔ check-layout rejects alias-mismatch at the UI entry boundary (475.7824ms)
✔ check-visual-tokens rejects missing-html at the UI entry boundary (427.6314ms)
✔ check-visual-tokens rejects missing-style at the UI entry boundary (458.6435ms)
✔ check-visual-tokens rejects inline-style at the UI entry boundary (452.0897ms)
✔ check-visual-tokens rejects alias-mismatch at the UI entry boundary (451.7675ms)
✔ check-ui-composition rejects missing-html at the UI entry boundary (435.452ms)
✔ check-ui-composition rejects missing-style at the UI entry boundary (464.2805ms)
✔ check-ui-composition rejects inline-style at the UI entry boundary (516.5215ms)
✔ check-ui-composition rejects alias-mismatch at the UI entry boundary (454.279ms)
✔ DOM entry inspection never executes an inline script and detects decoded attributes (43.7675ms)
✔ manifest icons are resolved and malformed manifest data fails closed (16.225ms)
✔ data and remote module sources cannot stand in for a scanned script entry (12.0812ms)
✔ an unused alias map cannot prove the exported Vite configuration (7.4787ms)
✔ a Vite HTML generator cannot inject an unscanned stylesheet through a hook (7.3929ms)
✔ check-layout fails closed for relative missing import (463.9202ms)
✔ check-layout fails closed for aliased missing import (498.592ms)
✔ check-layout fails closed for missing CSS import (480.3246ms)
✔ check-layout fails closed for opaque dynamic import (456.3266ms)
✔ check-visual-tokens fails closed for relative missing import (460.4649ms)
✔ check-visual-tokens fails closed for aliased missing import (450.9656ms)
✔ check-visual-tokens fails closed for missing CSS import (453.4579ms)
✔ check-visual-tokens fails closed for opaque dynamic import (453.8045ms)
✔ check-ui-composition fails closed for relative missing import (469.044ms)
✔ check-ui-composition fails closed for aliased missing import (456.9254ms)
✔ check-ui-composition fails closed for missing CSS import (455.2937ms)
✔ check-ui-composition fails closed for opaque dynamic import (453.3147ms)
✔ scope follows a canonical package alias and classifies data assets separately (46.1865ms)
✔ scope follows CSS imports and rejects a missing nested stylesheet (15.4472ms)
✔ missing and malformed tsconfig cannot silently supply default resolution (4.1145ms)
✔ scope rejects discovered script sources omitted by the compiler config (11.1383ms)
✔ config includes are discovered even when a package source has no app import yet (11.858ms)
✔ a first-party import cannot silently claim source outside the project (11.9823ms)
✔ malformed CSS and unhandled stylesheet languages cannot be classified as harmless data (14.0319ms)
✔ CSS asset URLs resolve with queries and fragments and reject missing files (21.5007ms)
✔ native service worker scripts enter the source closure and missing URLs fail (21.7486ms)
✔ Vite BASE_URL sample downloads enter asset coverage and missing samples fail (25.4353ms)
✔ a declared MSW worker has a vendor owner and rejects modifications (35.1793ms)
✔ CommonJS and TypeScript import-equals cannot hide missing first-party modules (23.1288ms)
✔ check-layout rejects missing source instead of returning an empty PASS (425.5265ms)
✔ check-layout rejects empty source instead of returning an empty PASS (413.1411ms)
✔ check-layout rejects generated-only source instead of returning an empty PASS (416.8544ms)
✔ check-layout rejects jsx-parse source instead of returning an empty PASS (419.5823ms)
✔ check-visual-tokens rejects missing source instead of returning an empty PASS (421.5793ms)
✔ check-visual-tokens rejects empty source instead of returning an empty PASS (417.0303ms)
✔ check-visual-tokens rejects generated-only source instead of returning an empty PASS (410.8046ms)
✔ check-visual-tokens rejects jsx-parse source instead of returning an empty PASS (461.9703ms)
✔ check-ui-composition rejects missing source instead of returning an empty PASS (402.0273ms)
✔ check-ui-composition rejects empty source instead of returning an empty PASS (416.0205ms)
✔ check-ui-composition rejects generated-only source instead of returning an empty PASS (407.451ms)
✔ check-ui-composition rejects jsx-parse source instead of returning an empty PASS (423.0163ms)
✔ visual checker accepts canonical theme roles, token references, geometry and semantic responsive props (55.8421ms)
✔ visual checker rejects raw literals across sx, JSX system props and CSS declarations (18.6513ms)
✔ visual checker follows local style aliases and callback themes, but fails raw nested values (16.7233ms)
✔ visual checker reports unresolved spreads and malformed style sources as UNKNOWN or parse errors (15.1836ms)
✔ visual checker includes newly added TSX files under the source root (18.783ms)
ℹ tests 77
ℹ suites 0
ℹ pass 77
ℹ fail 0
ℹ cancelled 0
ℹ skipped 0
ℹ todo 0
ℹ duration_ms 8549.1548
