✔ accepts semantic bridge roles, the closed token-derived factor map, geometry, and reset values (1084.65ms)
✔ rejects a CSS spacing role without a declared shared owner (1137.1331ms)
✔ rejects scale-conforming and off-scale literals in sx, responsive leaves, named and namespace MUI System props (1277.0625ms)
✔ follows local aliases and style callbacks; rejects theme spacing helpers and preset overrides (1109.8211ms)
✔ scans nested slotProps but does not confuse event handlers or geometric dimensions with spacing (1047.8823ms)
✔ keeps Panel geometry inspectable and rejects spacing hidden in its geometry prop (2813.824ms)
✔ accepts only an exact CSS exception and reports stale or mismatched exception scope (2707.9804ms)
✔ rejects malformed TypeScript, malformed CSS, bad exception schema, and raw values in the bridge (3574.2661ms)
✔ rejects canonical pixel tokens used as MUI factors and an altered bridge factor table (1748.9085ms)
✔ report mode inventories migration debt without turning findings into PASS (880.7438ms)
✔ production composition gate detects const MUI alias and namespace layout role (591.5596ms)
✔ production composition gate closes aliased barrel API props (404.8828ms)
✔ production composition gate does not mistake shadowed local component for shared API (378.8874ms)
✔ production composition gate keeps valid canonical barrel consumer (391.61ms)
✔ production visual gate rejects pretrusted-name spoof and parameter shadow (398.2847ms)
✔ production visual gate rejects a fake canonical module suffix (374.6965ms)
✔ production visual gate inspects renamed genuine styled factory (506.2684ms)
✔ production visual gate preserves canonical barrel aliases and finite palette selection (353.2482ms)
✔ production visual gate rejects raw values hidden in a finite palette (348.2689ms)
✔ production visual gate does not follow a global alias through parameter shadow (338.8103ms)
✔ production composition geometry cannot resolve a shadowed global variable (353.6159ms)
✔ finite semantic prop types do not grant trust to a different same-named parameter (318.8276ms)
✔ opaque namespace composition selection cannot bypass closed props (329.6672ms)
✔ opaque namespace style factory remains a visual binding failure (323.1518ms)
✔ canonical renamed import and constant alias preserve owner and path (498.7228ms)
✔ namespace and literal element access resolve canonical exports (422.074ms)
✔ barrel re-export resolves original component identity (349.1611ms)
✔ parameter shadow does not inherit canonical import trust (346.008ms)
✔ fake trusted names and a module named visual are not canonical (370.4833ms)
✔ mutable aliases, opaque keys and cyclic locals are not proven canonical (369.0476ms)
✔ destructured constant and safe type syntax preserve provenance (426.1419ms)
✔ installed MUI renamed styled resolves while local styled does not (485.6823ms)
✔ JavaScript workers remain in the Program import closure (349.417ms)
✔ malformed element access is unproven rather than crashing the resolver (327.7465ms)
✔ a tsconfig alias cannot label another dependency as genuine MUI (324.3658ms)
✔ MUI re-export through a first-party barrel keeps library identity (363.8965ms)
✔ accepts semantic composition, closed geometry and business-specific MUI primitives (6.85ms)
✔ rejects rebuilding each shared spacing owner at a consumer (2.0684ms)
✔ follows aliases, local style variables, object spreads and namespace imports (0.7919ms)
✔ rejects direct and spread spacing overrides on semantic components (0.5382ms)
✔ rejects spacing or opaque spreads hidden in geometry (0.3216ms)
✔ allows the canonical owner implementation and fails closed on malformed source (1.2376ms)
✔ rejects duplicated parent boundary and duplicated Panel inset (0.3754ms)
✔ checks default MUI imports and fails closed for opaque geometry (0.408ms)
✔ distinguishes content grids from flex flows when reporting the shared owner (0.368ms)
✔ check-layout rejects missing-html at the UI entry boundary (696.6266ms)
✔ check-layout rejects missing-style at the UI entry boundary (721.9928ms)
✔ check-layout rejects inline-style at the UI entry boundary (733.0983ms)
✔ check-layout rejects alias-mismatch at the UI entry boundary (869.0928ms)
✔ check-visual-tokens rejects missing-html at the UI entry boundary (681.3364ms)
✔ check-visual-tokens rejects missing-style at the UI entry boundary (718.7203ms)
✔ check-visual-tokens rejects inline-style at the UI entry boundary (666.9039ms)
✔ check-visual-tokens rejects alias-mismatch at the UI entry boundary (655.1486ms)
✔ check-ui-composition rejects missing-html at the UI entry boundary (596.3993ms)
✔ check-ui-composition rejects missing-style at the UI entry boundary (632.0226ms)
✔ check-ui-composition rejects inline-style at the UI entry boundary (606.6665ms)
✔ check-ui-composition rejects alias-mismatch at the UI entry boundary (614.8736ms)
✔ DOM entry inspection never executes an inline script and detects decoded attributes (43.0554ms)
✔ manifest icons are resolved and malformed manifest data fails closed (15.6835ms)
✔ data and remote module sources cannot stand in for a scanned script entry (11.7276ms)
✔ an unused alias map cannot prove the exported Vite configuration (9.3573ms)
✔ a Vite HTML generator cannot inject an unscanned stylesheet through a hook (7.2712ms)
✔ check-layout fails closed for relative missing import (720.3194ms)
✔ check-layout fails closed for aliased missing import (712.9453ms)
✔ check-layout fails closed for missing CSS import (748.4464ms)
✔ check-layout fails closed for opaque dynamic import (821.8523ms)
✔ check-visual-tokens fails closed for relative missing import (700.1886ms)
✔ check-visual-tokens fails closed for aliased missing import (704.4724ms)
✔ check-visual-tokens fails closed for missing CSS import (664.6763ms)
✔ check-visual-tokens fails closed for opaque dynamic import (654.3465ms)
✔ check-ui-composition fails closed for relative missing import (639.2533ms)
✔ check-ui-composition fails closed for aliased missing import (621.5937ms)
✔ check-ui-composition fails closed for missing CSS import (603.6823ms)
✔ check-ui-composition fails closed for opaque dynamic import (631.8123ms)
✔ scope follows a canonical package alias and classifies data assets separately (45.037ms)
✔ scope follows CSS imports and rejects a missing nested stylesheet (15.9641ms)
✔ missing and malformed tsconfig cannot silently supply default resolution (4.8131ms)
✔ scope rejects discovered script sources omitted by the compiler config (11.3422ms)
✔ config includes are discovered even when a package source has no app import yet (12.2628ms)
✔ a first-party import cannot silently claim source outside the project (11.3015ms)
✔ malformed CSS and unhandled stylesheet languages cannot be classified as harmless data (13.5362ms)
✔ CSS asset URLs resolve with queries and fragments and reject missing files (22.3551ms)
✔ native service worker scripts enter the source closure and missing URLs fail (20.7877ms)
✔ Vite BASE_URL sample downloads enter asset coverage and missing samples fail (27.3102ms)
✔ a declared MSW worker has a vendor owner and rejects modifications (33.6908ms)
✔ CommonJS and TypeScript import-equals cannot hide missing first-party modules (23.045ms)
✔ layout gate rejects raw spacing on const alias of MUI component (1175.182ms)
✔ layout gate rejects parameter shadow of canonical layout name (1132.4404ms)
✔ layout gate follows genuine renamed styled factory (1256.8965ms)
✔ layout gate accepts canonical namespace, element access and barrel alias (1094.0618ms)
✔ layout gate does not mistake local component named Stack for MUI (1032.2456ms)
✔ layout gate inspects renamed installed Emotion css tag (986.6732ms)
✔ layout gate preserves genuine aliased Controller field forwarding (955.7268ms)
✔ a same-named local Controller cannot exempt an unknown prop spread (954.3554ms)
✔ genuine useForm registration survives property and destructured aliases (913.8551ms)
✔ a function named register cannot exempt injected style props (919.7916ms)
✔ a bridge callback parameter cannot impersonate its private factor binding (969.4303ms)
✔ opaque namespace component selection remains a strict binding failure (910.0431ms)
✔ opaque namespace factory cannot hide style arguments (912.7303ms)
✔ MUI re-export cannot hide raw spacing behind a first-party barrel (896.0388ms)
✔ check-layout rejects missing source instead of returning an empty PASS (528.0728ms)
✔ check-layout rejects empty source instead of returning an empty PASS (507.009ms)
✔ check-layout rejects generated-only source instead of returning an empty PASS (477.186ms)
✔ check-layout rejects jsx-parse source instead of returning an empty PASS (517.2586ms)
✔ check-visual-tokens rejects missing source instead of returning an empty PASS (531.2603ms)
✔ check-visual-tokens rejects empty source instead of returning an empty PASS (506.1512ms)
✔ check-visual-tokens rejects generated-only source instead of returning an empty PASS (578.4498ms)
✔ check-visual-tokens rejects jsx-parse source instead of returning an empty PASS (484.1205ms)
✔ check-ui-composition rejects missing source instead of returning an empty PASS (499.3271ms)
✔ check-ui-composition rejects empty source instead of returning an empty PASS (464.1579ms)
✔ check-ui-composition rejects generated-only source instead of returning an empty PASS (539.7463ms)
✔ check-ui-composition rejects jsx-parse source instead of returning an empty PASS (451.9021ms)
✔ visual checker accepts canonical theme roles, token references, geometry and semantic responsive props (615.0341ms)
✔ visual checker rejects raw literals across sx, JSX system props and CSS declarations (355.644ms)
✔ visual checker follows local style aliases and callback themes, but fails raw nested values (380.128ms)
✔ visual checker reports unresolved spreads and malformed style sources as UNKNOWN or parse errors (375.5272ms)
✔ visual checker includes newly added TSX files under the source root (393.4164ms)
ℹ tests 117
ℹ suites 0
ℹ pass 117
ℹ fail 0
ℹ cancelled 0
ℹ skipped 0
ℹ todo 0
ℹ duration_ms 17442.2027
