✔ accepts semantic bridge roles, the closed token-derived factor map, geometry, and reset values (643.0915ms)
✔ rejects a CSS spacing role without a declared shared owner (573.9189ms)
✔ rejects scale-conforming and off-scale literals in sx, responsive leaves, named and namespace MUI System props (586.3282ms)
✔ follows local aliases and style callbacks; rejects theme spacing helpers and preset overrides (608.2384ms)
✔ scans nested slotProps but does not confuse event handlers or geometric dimensions with spacing (567.1645ms)
✔ keeps Panel geometry inspectable and rejects spacing hidden in its geometry prop (1512.2113ms)
✔ accepts only an exact CSS exception and reports stale or mismatched exception scope (1432.1727ms)
✔ rejects malformed TypeScript, malformed CSS, bad exception schema, and raw values in the bridge (1878.4976ms)
✔ rejects canonical pixel tokens used as MUI factors and an altered bridge factor table (921.5181ms)
✔ report mode inventories migration debt without turning findings into PASS (453.3231ms)
✔ production composition gate detects const MUI alias and namespace layout role (613.5529ms)
✔ production composition gate closes aliased barrel API props (381.2058ms)
✔ production composition gate does not mistake shadowed local component for shared API (385.0707ms)
✔ production composition gate keeps valid canonical barrel consumer (403.1314ms)
✔ production visual gate rejects pretrusted-name spoof and parameter shadow (383.7068ms)
✔ production visual gate rejects a fake canonical module suffix (344.7348ms)
✔ production visual gate inspects renamed genuine styled factory (406.9039ms)
✔ production visual gate preserves canonical barrel aliases and finite palette selection (339.295ms)
✔ production visual gate rejects raw values hidden in a finite palette (336.1043ms)
✔ canonical renamed import and constant alias preserve owner and path (673.8153ms)
✔ namespace and literal element access resolve canonical exports (381.2524ms)
✔ barrel re-export resolves original component identity (341.9045ms)
✔ parameter shadow does not inherit canonical import trust (363.1172ms)
✔ fake trusted names and a module named visual are not canonical (424.7211ms)
✔ mutable aliases, opaque keys and cyclic locals are not proven canonical (345.1247ms)
✔ destructured constant and safe type syntax preserve provenance (357.5617ms)
✔ installed MUI renamed styled resolves while local styled does not (325.905ms)
✔ accepts semantic composition, closed geometry and business-specific MUI primitives (5.9409ms)
✔ rejects rebuilding each shared spacing owner at a consumer (2.1165ms)
✔ follows aliases, local style variables, object spreads and namespace imports (0.8502ms)
✔ rejects direct and spread spacing overrides on semantic components (0.5449ms)
✔ rejects spacing or opaque spreads hidden in geometry (0.2909ms)
✔ allows the canonical owner implementation and fails closed on malformed source (0.8784ms)
✔ rejects duplicated parent boundary and duplicated Panel inset (0.3587ms)
✔ checks default MUI imports and fails closed for opaque geometry (0.3279ms)
✔ distinguishes content grids from flex flows when reporting the shared owner (0.3055ms)
✔ check-layout rejects missing-html at the UI entry boundary (558.7137ms)
✔ check-layout rejects missing-style at the UI entry boundary (556.7616ms)
✔ check-layout rejects inline-style at the UI entry boundary (586.279ms)
✔ check-layout rejects alias-mismatch at the UI entry boundary (542.1363ms)
✔ check-visual-tokens rejects missing-html at the UI entry boundary (726.9316ms)
✔ check-visual-tokens rejects missing-style at the UI entry boundary (659.0034ms)
✔ check-visual-tokens rejects inline-style at the UI entry boundary (618.7622ms)
✔ check-visual-tokens rejects alias-mismatch at the UI entry boundary (607.1987ms)
✔ check-ui-composition rejects missing-html at the UI entry boundary (580.2171ms)
✔ check-ui-composition rejects missing-style at the UI entry boundary (606.0642ms)
✔ check-ui-composition rejects inline-style at the UI entry boundary (598.9584ms)
✔ check-ui-composition rejects alias-mismatch at the UI entry boundary (594.0119ms)
✔ DOM entry inspection never executes an inline script and detects decoded attributes (40.7904ms)
✔ manifest icons are resolved and malformed manifest data fails closed (17.0004ms)
✔ data and remote module sources cannot stand in for a scanned script entry (10.6563ms)
✔ an unused alias map cannot prove the exported Vite configuration (7.0138ms)
✔ a Vite HTML generator cannot inject an unscanned stylesheet through a hook (7.4445ms)
✔ check-layout fails closed for relative missing import (584.643ms)
✔ check-layout fails closed for aliased missing import (558.4077ms)
✔ check-layout fails closed for missing CSS import (578.6087ms)
✔ check-layout fails closed for opaque dynamic import (563.7346ms)
✔ check-visual-tokens fails closed for relative missing import (821.5931ms)
✔ check-visual-tokens fails closed for aliased missing import (643.833ms)
✔ check-visual-tokens fails closed for missing CSS import (623.35ms)
✔ check-visual-tokens fails closed for opaque dynamic import (669.0895ms)
✔ check-ui-composition fails closed for relative missing import (604.2719ms)
✔ check-ui-composition fails closed for aliased missing import (598.4748ms)
✔ check-ui-composition fails closed for missing CSS import (598.5337ms)
✔ check-ui-composition fails closed for opaque dynamic import (588.0764ms)
✔ scope follows a canonical package alias and classifies data assets separately (45.89ms)
✔ scope follows CSS imports and rejects a missing nested stylesheet (15.8067ms)
✔ missing and malformed tsconfig cannot silently supply default resolution (3.9667ms)
✔ scope rejects discovered script sources omitted by the compiler config (10.75ms)
✔ config includes are discovered even when a package source has no app import yet (11.9485ms)
✔ a first-party import cannot silently claim source outside the project (12.4596ms)
✔ malformed CSS and unhandled stylesheet languages cannot be classified as harmless data (13.0565ms)
✔ CSS asset URLs resolve with queries and fragments and reject missing files (20.6403ms)
✔ native service worker scripts enter the source closure and missing URLs fail (22.2142ms)
✔ Vite BASE_URL sample downloads enter asset coverage and missing samples fail (84.937ms)
✔ a declared MSW worker has a vendor owner and rejects modifications (74.6683ms)
✔ CommonJS and TypeScript import-equals cannot hide missing first-party modules (119.8227ms)
✔ check-layout rejects missing source instead of returning an empty PASS (476.5097ms)
✔ check-layout rejects empty source instead of returning an empty PASS (578.2615ms)
✔ check-layout rejects generated-only source instead of returning an empty PASS (489.055ms)
✔ check-layout rejects jsx-parse source instead of returning an empty PASS (541.8102ms)
✔ check-visual-tokens rejects missing source instead of returning an empty PASS (533.6293ms)
✔ check-visual-tokens rejects empty source instead of returning an empty PASS (464.1955ms)
✔ check-visual-tokens rejects generated-only source instead of returning an empty PASS (459.5874ms)
✖ check-visual-tokens rejects jsx-parse source instead of returning an empty PASS (444.9528ms)
✔ check-ui-composition rejects missing source instead of returning an empty PASS (414.7147ms)
✔ check-ui-composition rejects empty source instead of returning an empty PASS (415.6533ms)
✔ check-ui-composition rejects generated-only source instead of returning an empty PASS (405.0232ms)
✖ check-ui-composition rejects jsx-parse source instead of returning an empty PASS (410.8169ms)
✔ visual checker accepts canonical theme roles, token references, geometry and semantic responsive props (641.6736ms)
✔ visual checker rejects raw literals across sx, JSX system props and CSS declarations (384.4119ms)
✔ visual checker follows local style aliases and callback themes, but fails raw nested values (391.2856ms)
✔ visual checker reports unresolved spreads and malformed style sources as UNKNOWN or parse errors (364.6405ms)
✔ visual checker includes newly added TSX files under the source root (367.0258ms)
ℹ tests 94
ℹ suites 0
ℹ pass 92
ℹ fail 2
ℹ cancelled 0
ℹ skipped 0
ℹ todo 0
ℹ duration_ms 9236.374

✖ failing tests:

test at tests\ui-source-scope.test.mjs:29:9
✖ check-visual-tokens rejects jsx-parse source instead of returning an empty PASS (444.9528ms)
  SyntaxError: Unexpected end of JSON input
      at JSON.parse (<anonymous>)
      at TestContext.<anonymous> (file:///C:/Users/Joker-PC/Documents/Projects/Bot-AI-Ban-hang-FB/BotSalesAI_Frontend/tests/ui-source-scope.test.mjs:36:37)
      at Test.runInAsyncScope (node:async_hooks:227:14)
      at Test.run (node:internal/test_runner/test:1382:25)
      at Test.processPendingSubtests (node:internal/test_runner/test:960:18)
      at Test.postRun (node:internal/test_runner/test:1522:19)
      at Test.run (node:internal/test_runner/test:1447:12)
      at async Test.processPendingSubtests (node:internal/test_runner/test:960:7)

test at tests\ui-source-scope.test.mjs:29:9
✖ check-ui-composition rejects jsx-parse source instead of returning an empty PASS (410.8169ms)
  SyntaxError: Unexpected end of JSON input
      at JSON.parse (<anonymous>)
      at TestContext.<anonymous> (file:///C:/Users/Joker-PC/Documents/Projects/Bot-AI-Ban-hang-FB/BotSalesAI_Frontend/tests/ui-source-scope.test.mjs:36:37)
      at Test.runInAsyncScope (node:async_hooks:227:14)
      at Test.run (node:internal/test_runner/test:1382:25)
      at Test.processPendingSubtests (node:internal/test_runner/test:960:18)
      at Test.postRun (node:internal/test_runner/test:1522:19)
      at Test.run (node:internal/test_runner/test:1447:12)
      at async Test.processPendingSubtests (node:internal/test_runner/test:960:7)
