✔ accepts semantic bridge roles, the closed token-derived factor map, geometry, and reset values (980.9992ms)
✔ rejects a CSS spacing role without a declared shared owner (936.4957ms)
✔ rejects scale-conforming and off-scale literals in sx, responsive leaves, named and namespace MUI System props (941.6807ms)
✔ follows local aliases and style callbacks; rejects theme spacing helpers and preset overrides (934.4804ms)
✔ scans nested slotProps but does not confuse event handlers or geometric dimensions with spacing (906.4236ms)
✔ keeps Panel geometry inspectable and rejects spacing hidden in its geometry prop (2665.3057ms)
✔ accepts only an exact CSS exception and reports stale or mismatched exception scope (2730.2938ms)
✔ rejects malformed TypeScript, malformed CSS, bad exception schema, and raw values in the bridge (3580.8842ms)
✔ rejects canonical pixel tokens used as MUI factors and an altered bridge factor table (1794.8439ms)
✔ report mode inventories migration debt without turning findings into PASS (897.3133ms)
✔ canonical writes through casts and aliases fail outside style expressions (956.7964ms)
✔ Object.assign cannot mutate canonical data but can copy to a fresh object (1955.1896ms)
✔ layout gate rejects raw spacing on const alias of MUI component (914.2776ms)
✔ canonical mutation gate follows global mutator aliases and reflection (925.2584ms)
✔ local mutator names do not acquire global mutation identity (924.879ms)
✔ destructured mutators and call/apply retain canonical mutation checks (916.5199ms)
✔ global mutator call/apply can copy canonical values into fresh objects (928.6629ms)
✔ mutable aliases with possible canonical destinations fail closed (913.7062ms)
✔ opaque apply arguments fail closed while unrelated mutable data stays valid (1797.5662ms)
✔ canonical references inside containers and destructured aliases cannot be mutated (921.807ms)
✔ independent shallow copies of scalar canonical fields remain mutable (935.7779ms)
✔ array references and nested destructuring preserve canonical write provenance (924.8918ms)
✔ array destinations distinguish independent elements from canonical references (922.1792ms)
✔ array destructuring, dynamic indices and spread cannot hide canonical references (940.0711ms)
✔ dynamic indices and destructuring of independent arrays stay mutable (916.404ms)
✔ function parameters cannot hide canonical mutation across source files (922.1025ms)
✔ read-only helpers and mutations of unrelated arguments remain valid (896.2095ms)
✔ returned canonical references remain protected across helper boundaries (898.056ms)
✔ helper returns of fresh scalar copies do not retain canonical destination identity (957.2048ms)
✔ destructured object parameters cannot mutate canonical arguments (970.3506ms)
✔ destructured object parameters retain independent argument mutability (908.8369ms)
✔ default parameter and binding initializers cannot hide canonical mutations (894.6956ms)
✔ fresh default parameter and binding copies remain mutable (892.7213ms)
✔ rest parameters retain canonical argument write provenance (888.4699ms)
✔ rest parameters distinguish independent positions from canonical siblings (897.0867ms)
✔ finite spread arguments preserve shifted positional and rest destinations (893.1651ms)
✔ finite spread expansion keeps independent argument positions mutable (890.1989ms)
✔ layout gate rejects parameter shadow of canonical layout name (904.9354ms)
✔ layout gate follows genuine renamed styled factory (895.7324ms)
✔ layout gate accepts canonical namespace, element access and barrel alias (904.7863ms)
✔ layout gate does not mistake local component named Stack for MUI (881.6048ms)
✔ layout gate inspects renamed installed Emotion css tag (896.256ms)
✔ layout gate preserves genuine aliased Controller field forwarding (904.9139ms)
✔ a same-named local Controller cannot exempt an unknown prop spread (887.6211ms)
✔ genuine useForm registration survives property and destructured aliases (896.9348ms)
✔ a function named register cannot exempt injected style props (870.633ms)
✔ a bridge callback parameter cannot impersonate its private factor binding (879.2319ms)
✔ opaque namespace component selection remains a strict binding failure (935.4952ms)
✔ opaque namespace factory cannot hide style arguments (902.2807ms)
✔ MUI re-export cannot hide raw spacing behind a first-party barrel (896.5917ms)
ℹ tests 50
ℹ suites 0
ℹ pass 50
ℹ fail 0
ℹ cancelled 0
ℹ skipped 0
ℹ todo 0
ℹ duration_ms 38486.6189
