✔ accepts semantic bridge roles, the closed token-derived factor map, geometry, and reset values (1033.5819ms)
✔ rejects a CSS spacing role without a declared shared owner (1050.3981ms)
✔ rejects scale-conforming and off-scale literals in sx, responsive leaves, named and namespace MUI System props (1026.1579ms)
✔ follows local aliases and style callbacks; rejects theme spacing helpers and preset overrides (1014.6994ms)
✔ scans nested slotProps but does not confuse event handlers or geometric dimensions with spacing (1132.8428ms)
✔ keeps Panel geometry inspectable and rejects spacing hidden in its geometry prop (3246.2944ms)
✔ accepts only an exact CSS exception and reports stale or mismatched exception scope (2991.9797ms)
✔ rejects malformed TypeScript, malformed CSS, bad exception schema, and raw values in the bridge (4041.109ms)
✔ rejects canonical pixel tokens used as MUI factors and an altered bridge factor table (1982.7609ms)
✔ report mode inventories migration debt without turning findings into PASS (962.2478ms)
✔ canonical writes through casts and aliases fail outside style expressions (1062.61ms)
✔ Object.assign cannot mutate canonical data but can copy to a fresh object (2217.5523ms)
✔ layout gate rejects raw spacing on const alias of MUI component (1023.0431ms)
✔ canonical mutation gate follows global mutator aliases and reflection (1062.748ms)
✔ local mutator names do not acquire global mutation identity (1137.206ms)
✔ destructured mutators and call/apply retain canonical mutation checks (1072.2286ms)
✔ global mutator call/apply can copy canonical values into fresh objects (1016.9513ms)
✔ mutable aliases with possible canonical destinations fail closed (1084.2003ms)
✔ opaque apply arguments fail closed while unrelated mutable data stays valid (2205.107ms)
✔ canonical references inside containers and destructured aliases cannot be mutated (1110.8621ms)
✔ independent shallow copies of scalar canonical fields remain mutable (1024.6253ms)
✔ array references and nested destructuring preserve canonical write provenance (1043.4458ms)
✔ array destinations distinguish independent elements from canonical references (1023.6056ms)
✔ array destructuring, dynamic indices and spread cannot hide canonical references (1020.6812ms)
✔ dynamic indices and destructuring of independent arrays stay mutable (999.1922ms)
✔ function parameters cannot hide canonical mutation across source files (1127.0563ms)
✔ read-only helpers and mutations of unrelated arguments remain valid (946.2734ms)
✔ returned canonical references remain protected across helper boundaries (964.0288ms)
✔ helper returns of fresh scalar copies do not retain canonical destination identity (958.2057ms)
✔ destructured object parameters cannot mutate canonical arguments (971.9571ms)
✔ destructured object parameters retain independent argument mutability (975.9026ms)
✔ default parameter and binding initializers cannot hide canonical mutations (958.7897ms)
✔ fresh default parameter and binding copies remain mutable (958.1313ms)
✔ rest parameters retain canonical argument write provenance (963.112ms)
✔ rest parameters distinguish independent positions from canonical siblings (979.5268ms)
✔ finite spread arguments preserve shifted positional and rest destinations (1001.0927ms)
✔ finite spread expansion keeps independent argument positions mutable (994.4737ms)
✔ opaque spreads keep positional mutation destinations unknown (969.5461ms)
✔ opaque spreads into read-only helpers do not invent mutation findings (992.0722ms)
✔ array parameter patterns retain canonical positions including nested object arrays (993.4143ms)
✔ array parameter patterns retain independent bound element mutability (970.2616ms)
✔ layout gate rejects parameter shadow of canonical layout name (955.8381ms)
✔ layout gate follows genuine renamed styled factory (977.7996ms)
✔ layout gate accepts canonical namespace, element access and barrel alias (1002.4577ms)
✔ layout gate does not mistake local component named Stack for MUI (953.8264ms)
✔ layout gate inspects renamed installed Emotion css tag (967.6136ms)
✔ layout gate preserves genuine aliased Controller field forwarding (1001.3872ms)
✔ a same-named local Controller cannot exempt an unknown prop spread (964.071ms)
✔ genuine useForm registration survives property and destructured aliases (980.7905ms)
✔ a function named register cannot exempt injected style props (952.4643ms)
✔ a bridge callback parameter cannot impersonate its private factor binding (936.6271ms)
✔ opaque namespace component selection remains a strict binding failure (971.0774ms)
✔ opaque namespace factory cannot hide style arguments (976.8025ms)
✔ MUI re-export cannot hide raw spacing behind a first-party barrel (990.651ms)
✔ destructuring assignments cannot hide canonical write targets (962.0728ms)
✔ destructuring assignments can update independent copied destinations (971.4434ms)
✔ object rest retains nested canonical references while copying the outer object (1046.8948ms)
✔ rest scalar copies and replacement of container references stay mutable (957.028ms)
✔ shallow object spread preserves canonical child references and last-writer order (964.1595ms)
✔ shallow spread with a later independent override stays mutable (995.0219ms)
✔ exported mutable aliases retain assignments from their declaring file (984.1796ms)
✔ exported independent mutable data does not acquire canonical provenance (944.0718ms)
✔ literal computed keys retain canonical container and parameter provenance (957.9017ms)
✔ literal computed keys do not taint independent selected properties (955.5275ms)
✔ Object.assign shallow copies retain canonical nested reference provenance (1052.4301ms)
✔ Object.assign later independent overrides and scalar copies stay mutable (974.3649ms)
✔ union and dynamic property selections retain possible canonical destinations (953.3121ms)
✔ finite union property selections exclude canonical siblings not in the key set (941.0625ms)
✔ union selection over Object.assign output retains canonical child provenance (966.5342ms)
✔ union selection over independent Object.assign output remains mutable (962.6871ms)
✔ Reflect.set call/apply checks the target argument rather than the assigned value (3161.7094ms)
✔ function return producers cannot hide canonical children behind spreads (1013.2806ms)
✔ producer spreads keep later independent child overrides writable (967.0696ms)
ℹ tests 73
ℹ suites 0
ℹ pass 73
ℹ fail 0
ℹ cancelled 0
ℹ skipped 0
ℹ todo 0
ℹ duration_ms 67267.2753
