✔ accepts semantic bridge roles, the closed token-derived factor map, geometry, and reset values (938.2711ms)
✔ rejects a CSS spacing role without a declared shared owner (941.9695ms)
✔ rejects scale-conforming and off-scale literals in sx, responsive leaves, named and namespace MUI System props (939.3152ms)
✔ follows local aliases and style callbacks; rejects theme spacing helpers and preset overrides (925.9649ms)
✔ scans nested slotProps but does not confuse event handlers or geometric dimensions with spacing (915.4626ms)
✔ keeps Panel geometry inspectable and rejects spacing hidden in its geometry prop (2666.158ms)
✔ accepts only an exact CSS exception and reports stale or mismatched exception scope (2681.4798ms)
✔ rejects malformed TypeScript, malformed CSS, bad exception schema, and raw values in the bridge (3613.7717ms)
✔ rejects canonical pixel tokens used as MUI factors and an altered bridge factor table (1819.5013ms)
✔ report mode inventories migration debt without turning findings into PASS (934.7698ms)
✔ canonical writes through casts and aliases fail outside style expressions (960.8763ms)
✔ Object.assign cannot mutate canonical data but can copy to a fresh object (1935.628ms)
✔ layout gate rejects raw spacing on const alias of MUI component (914.0927ms)
✔ canonical mutation gate follows global mutator aliases and reflection (940.841ms)
✔ local mutator names do not acquire global mutation identity (918.4682ms)
✔ destructured mutators and call/apply retain canonical mutation checks (927.3106ms)
✔ global mutator call/apply can copy canonical values into fresh objects (924.9489ms)
✔ mutable aliases with possible canonical destinations fail closed (918.4073ms)
✔ opaque apply arguments fail closed while unrelated mutable data stays valid (1889.3947ms)
✔ canonical references inside containers and destructured aliases cannot be mutated (929.9851ms)
✔ independent shallow copies of scalar canonical fields remain mutable (942.969ms)
✔ array references and nested destructuring preserve canonical write provenance (919.6529ms)
✔ array destinations distinguish independent elements from canonical references (918.8164ms)
✔ array destructuring, dynamic indices and spread cannot hide canonical references (922.0639ms)
✔ dynamic indices and destructuring of independent arrays stay mutable (934.1825ms)
✔ function parameters cannot hide canonical mutation across source files (944.7207ms)
✔ read-only helpers and mutations of unrelated arguments remain valid (891.469ms)
✔ returned canonical references remain protected across helper boundaries (889.0429ms)
✔ helper returns of fresh scalar copies do not retain canonical destination identity (888.2006ms)
✔ destructured object parameters cannot mutate canonical arguments (919.2512ms)
✔ destructured object parameters retain independent argument mutability (944.1727ms)
✔ default parameter and binding initializers cannot hide canonical mutations (961.7153ms)
✔ fresh default parameter and binding copies remain mutable (965.1344ms)
✔ layout gate rejects parameter shadow of canonical layout name (929.9814ms)
✔ layout gate follows genuine renamed styled factory (964.1312ms)
✔ layout gate accepts canonical namespace, element access and barrel alias (978.1233ms)
✔ layout gate does not mistake local component named Stack for MUI (917.4468ms)
✔ layout gate inspects renamed installed Emotion css tag (996.2465ms)
✔ layout gate preserves genuine aliased Controller field forwarding (954.3398ms)
✔ a same-named local Controller cannot exempt an unknown prop spread (959.3229ms)
✔ genuine useForm registration survives property and destructured aliases (932.6082ms)
✔ a function named register cannot exempt injected style props (930.0245ms)
✔ a bridge callback parameter cannot impersonate its private factor binding (950.928ms)
✔ opaque namespace component selection remains a strict binding failure (967.9552ms)
✔ opaque namespace factory cannot hide style arguments (924.0452ms)
✔ MUI re-export cannot hide raw spacing behind a first-party barrel (953.6641ms)
ℹ tests 46
ℹ suites 0
ℹ pass 46
ℹ fail 0
ℹ cancelled 0
ℹ skipped 0
ℹ todo 0
ℹ duration_ms 35726.8378
