✔ accepts semantic bridge roles, the closed token-derived factor map, geometry, and reset values (922.7687ms)
✔ rejects a CSS spacing role without a declared shared owner (957.366ms)
✔ rejects scale-conforming and off-scale literals in sx, responsive leaves, named and namespace MUI System props (957.8177ms)
✔ follows local aliases and style callbacks; rejects theme spacing helpers and preset overrides (971.911ms)
✔ scans nested slotProps but does not confuse event handlers or geometric dimensions with spacing (913.2966ms)
✔ keeps Panel geometry inspectable and rejects spacing hidden in its geometry prop (2656.5037ms)
✔ accepts only an exact CSS exception and reports stale or mismatched exception scope (2679.4595ms)
✔ rejects malformed TypeScript, malformed CSS, bad exception schema, and raw values in the bridge (3634.6962ms)
✔ rejects canonical pixel tokens used as MUI factors and an altered bridge factor table (1794.9688ms)
✔ report mode inventories migration debt without turning findings into PASS (898.345ms)
✔ canonical writes through casts and aliases fail outside style expressions (945.4343ms)
✔ Object.assign cannot mutate canonical data but can copy to a fresh object (1900.7816ms)
✔ layout gate rejects raw spacing on const alias of MUI component (940.1712ms)
✔ canonical mutation gate follows global mutator aliases and reflection (937.8266ms)
✔ local mutator names do not acquire global mutation identity (912.6101ms)
✔ destructured mutators and call/apply retain canonical mutation checks (923.9166ms)
✔ global mutator call/apply can copy canonical values into fresh objects (903.4938ms)
✔ mutable aliases with possible canonical destinations fail closed (913.8959ms)
✔ opaque apply arguments fail closed while unrelated mutable data stays valid (1808.224ms)
✔ canonical references inside containers and destructured aliases cannot be mutated (918.4645ms)
✔ independent shallow copies of scalar canonical fields remain mutable (942.2957ms)
✔ array references and nested destructuring preserve canonical write provenance (920.3756ms)
✔ array destinations distinguish independent elements from canonical references (934.6838ms)
✔ array destructuring, dynamic indices and spread cannot hide canonical references (923.7694ms)
✔ dynamic indices and destructuring of independent arrays stay mutable (903.2342ms)
✔ function parameters cannot hide canonical mutation across source files (915.1359ms)
✔ read-only helpers and mutations of unrelated arguments remain valid (924.3033ms)
✔ returned canonical references remain protected across helper boundaries (926.643ms)
✔ helper returns of fresh scalar copies do not retain canonical destination identity (904.014ms)
✔ destructured object parameters cannot mutate canonical arguments (960.8379ms)
✔ destructured object parameters retain independent argument mutability (892.4064ms)
✔ default parameter and binding initializers cannot hide canonical mutations (960.2973ms)
✔ fresh default parameter and binding copies remain mutable (909.0521ms)
✔ rest parameters retain canonical argument write provenance (893.1217ms)
✔ rest parameters distinguish independent positions from canonical siblings (905.5852ms)
✔ finite spread arguments preserve shifted positional and rest destinations (915.4493ms)
✔ finite spread expansion keeps independent argument positions mutable (887.2563ms)
✔ opaque spreads keep positional mutation destinations unknown (911.4394ms)
✔ opaque spreads into read-only helpers do not invent mutation findings (892.5228ms)
✔ array parameter patterns retain canonical positions including nested object arrays (912.4022ms)
✔ array parameter patterns retain independent bound element mutability (892.3149ms)
✔ layout gate rejects parameter shadow of canonical layout name (876.6788ms)
✔ layout gate follows genuine renamed styled factory (907.9729ms)
✔ layout gate accepts canonical namespace, element access and barrel alias (890.6888ms)
✔ layout gate does not mistake local component named Stack for MUI (896.8365ms)
✔ layout gate inspects renamed installed Emotion css tag (951.2644ms)
✔ layout gate preserves genuine aliased Controller field forwarding (880.196ms)
✔ a same-named local Controller cannot exempt an unknown prop spread (889.3228ms)
✔ genuine useForm registration survives property and destructured aliases (898.8954ms)
✔ a function named register cannot exempt injected style props (893.1195ms)
✔ a bridge callback parameter cannot impersonate its private factor binding (906.5577ms)
✔ opaque namespace component selection remains a strict binding failure (891.026ms)
✔ opaque namespace factory cannot hide style arguments (891.9234ms)
✔ MUI re-export cannot hide raw spacing behind a first-party barrel (901.2097ms)
ℹ tests 54
ℹ suites 0
ℹ pass 54
ℹ fail 0
ℹ cancelled 0
ℹ skipped 0
ℹ todo 0
ℹ duration_ms 42075.6372
