✔ accepts semantic bridge roles, the closed token-derived factor map, geometry, and reset values (926.9459ms)
✔ rejects a CSS spacing role without a declared shared owner (953.5702ms)
✔ rejects scale-conforming and off-scale literals in sx, responsive leaves, named and namespace MUI System props (946.9546ms)
✔ follows local aliases and style callbacks; rejects theme spacing helpers and preset overrides (930.2313ms)
✔ scans nested slotProps but does not confuse event handlers or geometric dimensions with spacing (913.4401ms)
✔ keeps Panel geometry inspectable and rejects spacing hidden in its geometry prop (2651.141ms)
✔ accepts only an exact CSS exception and reports stale or mismatched exception scope (2666.5512ms)
✔ rejects malformed TypeScript, malformed CSS, bad exception schema, and raw values in the bridge (3656.3204ms)
✔ rejects canonical pixel tokens used as MUI factors and an altered bridge factor table (1795.2895ms)
✔ report mode inventories migration debt without turning findings into PASS (884.2868ms)
✔ canonical writes through casts and aliases fail outside style expressions (942.0692ms)
✔ Object.assign cannot mutate canonical data but can copy to a fresh object (1913.8991ms)
✔ layout gate rejects raw spacing on const alias of MUI component (915.7995ms)
✔ canonical mutation gate follows global mutator aliases and reflection (943.359ms)
✔ local mutator names do not acquire global mutation identity (934.5476ms)
✔ destructured mutators and call/apply retain canonical mutation checks (920.6732ms)
✔ global mutator call/apply can copy canonical values into fresh objects (910.6758ms)
✔ mutable aliases with possible canonical destinations fail closed (934.4347ms)
✔ opaque apply arguments fail closed while unrelated mutable data stays valid (1871.7314ms)
✔ canonical references inside containers and destructured aliases cannot be mutated (924.6322ms)
✔ independent shallow copies of scalar canonical fields remain mutable (924.1862ms)
✔ array references and nested destructuring preserve canonical write provenance (960.6775ms)
✔ array destinations distinguish independent elements from canonical references (919.9422ms)
✔ array destructuring, dynamic indices and spread cannot hide canonical references (926.1913ms)
✔ dynamic indices and destructuring of independent arrays stay mutable (903.4641ms)
✔ function parameters cannot hide canonical mutation across source files (899.1317ms)
✔ read-only helpers and mutations of unrelated arguments remain valid (911.0653ms)
✔ layout gate rejects parameter shadow of canonical layout name (938.8943ms)
✔ layout gate follows genuine renamed styled factory (895.5131ms)
✔ layout gate accepts canonical namespace, element access and barrel alias (907.9862ms)
✔ layout gate does not mistake local component named Stack for MUI (880.8371ms)
✔ layout gate inspects renamed installed Emotion css tag (895.4875ms)
✔ layout gate preserves genuine aliased Controller field forwarding (905.7848ms)
✔ a same-named local Controller cannot exempt an unknown prop spread (891.3133ms)
✔ genuine useForm registration survives property and destructured aliases (893.2638ms)
✔ a function named register cannot exempt injected style props (882.3689ms)
✔ a bridge callback parameter cannot impersonate its private factor binding (894.5831ms)
✔ opaque namespace component selection remains a strict binding failure (897.5361ms)
✔ opaque namespace factory cannot hide style arguments (891.8797ms)
✔ MUI re-export cannot hide raw spacing behind a first-party barrel (899.1566ms)
ℹ tests 40
ℹ suites 0
ℹ pass 40
ℹ fail 0
ℹ cancelled 0
ℹ skipped 0
ℹ todo 0
ℹ duration_ms 29396.7629
