✔ accepts semantic bridge roles, the closed token-derived factor map, geometry, and reset values (961.9514ms)
✔ rejects a CSS spacing role without a declared shared owner (955.4732ms)
✔ rejects scale-conforming and off-scale literals in sx, responsive leaves, named and namespace MUI System props (947.3479ms)
✔ follows local aliases and style callbacks; rejects theme spacing helpers and preset overrides (991.0868ms)
✔ scans nested slotProps but does not confuse event handlers or geometric dimensions with spacing (981.5375ms)
✔ keeps Panel geometry inspectable and rejects spacing hidden in its geometry prop (2656.994ms)
✔ accepts only an exact CSS exception and reports stale or mismatched exception scope (2741.5277ms)
✔ rejects malformed TypeScript, malformed CSS, bad exception schema, and raw values in the bridge (3624.0511ms)
✔ rejects canonical pixel tokens used as MUI factors and an altered bridge factor table (1796.3032ms)
✔ report mode inventories migration debt without turning findings into PASS (900.9359ms)
✔ canonical writes through casts and aliases fail outside style expressions (1010.9965ms)
✔ Object.assign cannot mutate canonical data but can copy to a fresh object (1930.6383ms)
✔ layout gate rejects raw spacing on const alias of MUI component (911.1179ms)
✔ canonical mutation gate follows global mutator aliases and reflection (996.2139ms)
✔ local mutator names do not acquire global mutation identity (913.6147ms)
✔ destructured mutators and call/apply retain canonical mutation checks (923.6608ms)
✔ global mutator call/apply can copy canonical values into fresh objects (885.3947ms)
✔ mutable aliases with possible canonical destinations fail closed (919.6841ms)
✔ opaque apply arguments fail closed while unrelated mutable data stays valid (1827.5585ms)
✔ canonical references inside containers and destructured aliases cannot be mutated (918.2652ms)
✔ independent shallow copies of scalar canonical fields remain mutable (920.7097ms)
✔ layout gate rejects parameter shadow of canonical layout name (907.8411ms)
✔ layout gate follows genuine renamed styled factory (902.9739ms)
✔ layout gate accepts canonical namespace, element access and barrel alias (931.1185ms)
✔ layout gate does not mistake local component named Stack for MUI (899.0335ms)
✔ layout gate inspects renamed installed Emotion css tag (895.0154ms)
✔ layout gate preserves genuine aliased Controller field forwarding (884.6524ms)
✔ a same-named local Controller cannot exempt an unknown prop spread (897.0997ms)
✔ genuine useForm registration survives property and destructured aliases (878.4705ms)
✔ a function named register cannot exempt injected style props (927.3839ms)
✔ a bridge callback parameter cannot impersonate its private factor binding (879.7897ms)
✔ opaque namespace component selection remains a strict binding failure (892.8678ms)
✔ opaque namespace factory cannot hide style arguments (867.5456ms)
✔ MUI re-export cannot hide raw spacing behind a first-party barrel (887.089ms)
ℹ tests 34
ℹ suites 0
ℹ pass 34
ℹ fail 0
ℹ cancelled 0
ℹ skipped 0
ℹ todo 0
ℹ duration_ms 23938.7954
