✔ accepts semantic bridge roles, the closed token-derived factor map, geometry, and reset values (921.4327ms)
✔ rejects a CSS spacing role without a declared shared owner (951.4132ms)
✔ rejects scale-conforming and off-scale literals in sx, responsive leaves, named and namespace MUI System props (956.6819ms)
✔ follows local aliases and style callbacks; rejects theme spacing helpers and preset overrides (916.8994ms)
✔ scans nested slotProps but does not confuse event handlers or geometric dimensions with spacing (907.0748ms)
✔ keeps Panel geometry inspectable and rejects spacing hidden in its geometry prop (2642.1493ms)
✔ accepts only an exact CSS exception and reports stale or mismatched exception scope (2665.9475ms)
✔ rejects malformed TypeScript, malformed CSS, bad exception schema, and raw values in the bridge (3713.7939ms)
✔ rejects canonical pixel tokens used as MUI factors and an altered bridge factor table (1856.7628ms)
✔ report mode inventories migration debt without turning findings into PASS (898.564ms)
✔ canonical writes through casts and aliases fail outside style expressions (938.1394ms)
✔ Object.assign cannot mutate canonical data but can copy to a fresh object (1931.3437ms)
✔ layout gate rejects raw spacing on const alias of MUI component (892.4184ms)
✔ canonical mutation gate follows global mutator aliases and reflection (981.1273ms)
✔ local mutator names do not acquire global mutation identity (900.0777ms)
✔ destructured mutators and call/apply retain canonical mutation checks (919.2113ms)
✔ global mutator call/apply can copy canonical values into fresh objects (899.1963ms)
✔ mutable aliases with possible canonical destinations fail closed (970.8846ms)
✔ opaque apply arguments fail closed while unrelated mutable data stays valid (1817.0194ms)
✔ canonical references inside containers and destructured aliases cannot be mutated (911.0183ms)
✔ independent shallow copies of scalar canonical fields remain mutable (923.1032ms)
✔ array references and nested destructuring preserve canonical write provenance (949.0093ms)
✔ array destinations distinguish independent elements from canonical references (912.4611ms)
✔ layout gate rejects parameter shadow of canonical layout name (915.1304ms)
✔ layout gate follows genuine renamed styled factory (927.4116ms)
✔ layout gate accepts canonical namespace, element access and barrel alias (923.9043ms)
✔ layout gate does not mistake local component named Stack for MUI (875.7549ms)
✔ layout gate inspects renamed installed Emotion css tag (890.516ms)
✔ layout gate preserves genuine aliased Controller field forwarding (890.4264ms)
✔ a same-named local Controller cannot exempt an unknown prop spread (878.0361ms)
✔ genuine useForm registration survives property and destructured aliases (952.782ms)
✔ a function named register cannot exempt injected style props (885.167ms)
✔ a bridge callback parameter cannot impersonate its private factor binding (874.784ms)
✔ opaque namespace component selection remains a strict binding failure (889.551ms)
✔ opaque namespace factory cannot hide style arguments (902.0119ms)
✔ MUI re-export cannot hide raw spacing behind a first-party barrel (872.1178ms)
ℹ tests 36
ℹ suites 0
ℹ pass 36
ℹ fail 0
ℹ cancelled 0
ℹ skipped 0
ℹ todo 0
ℹ duration_ms 25690.0158
