✔ accepts semantic bridge roles, the closed token-derived factor map, geometry, and reset values (930.5428ms)
✔ rejects a CSS spacing role without a declared shared owner (986.8495ms)
✔ rejects scale-conforming and off-scale literals in sx, responsive leaves, named and namespace MUI System props (1010.8222ms)
✔ follows local aliases and style callbacks; rejects theme spacing helpers and preset overrides (919.1108ms)
✔ scans nested slotProps but does not confuse event handlers or geometric dimensions with spacing (903.569ms)
✔ keeps Panel geometry inspectable and rejects spacing hidden in its geometry prop (2717.6918ms)
✔ accepts only an exact CSS exception and reports stale or mismatched exception scope (2740.4131ms)
✔ rejects malformed TypeScript, malformed CSS, bad exception schema, and raw values in the bridge (3721.7191ms)
✔ rejects canonical pixel tokens used as MUI factors and an altered bridge factor table (1783.5433ms)
✔ report mode inventories migration debt without turning findings into PASS (891.7555ms)
✔ canonical writes through casts and aliases fail outside style expressions (933.139ms)
✔ Object.assign cannot mutate canonical data but can copy to a fresh object (1981.0609ms)
✔ layout gate rejects raw spacing on const alias of MUI component (914.5313ms)
✔ canonical mutation gate follows global mutator aliases and reflection (939.3183ms)
✔ local mutator names do not acquire global mutation identity (967.8654ms)
✔ destructured mutators and call/apply retain canonical mutation checks (918.008ms)
✔ global mutator call/apply can copy canonical values into fresh objects (905.2294ms)
✔ mutable aliases with possible canonical destinations fail closed (908.0674ms)
✔ opaque apply arguments fail closed while unrelated mutable data stays valid (1881.3726ms)
✔ canonical references inside containers and destructured aliases cannot be mutated (958.609ms)
✔ independent shallow copies of scalar canonical fields remain mutable (965.0733ms)
✔ array references and nested destructuring preserve canonical write provenance (949.082ms)
✔ array destinations distinguish independent elements from canonical references (917.2485ms)
✔ array destructuring, dynamic indices and spread cannot hide canonical references (922.5888ms)
✔ dynamic indices and destructuring of independent arrays stay mutable (901.3497ms)
✔ layout gate rejects parameter shadow of canonical layout name (898.8002ms)
✔ layout gate follows genuine renamed styled factory (898.887ms)
✔ layout gate accepts canonical namespace, element access and barrel alias (897.4462ms)
✔ layout gate does not mistake local component named Stack for MUI (894.6437ms)
✔ layout gate inspects renamed installed Emotion css tag (882.9361ms)
✔ layout gate preserves genuine aliased Controller field forwarding (898.637ms)
✔ a same-named local Controller cannot exempt an unknown prop spread (892.1561ms)
✔ genuine useForm registration survives property and destructured aliases (892.5498ms)
✔ a function named register cannot exempt injected style props (891.9814ms)
✔ a bridge callback parameter cannot impersonate its private factor binding (894.8819ms)
✔ opaque namespace component selection remains a strict binding failure (892.0198ms)
✔ opaque namespace factory cannot hide style arguments (900.6732ms)
✔ MUI re-export cannot hide raw spacing behind a first-party barrel (898.0998ms)
ℹ tests 38
ℹ suites 0
ℹ pass 38
ℹ fail 0
ℹ cancelled 0
ℹ skipped 0
ℹ todo 0
ℹ duration_ms 27662.3216
