✖ Inline style elements in JSX, React factories, DOM and the HTML entry fail closed (8123.2566ms)
✖ DOM CSSOM spacing writes use semantic roles and reject opaque style strings (993.8872ms)
ℹ tests 2
ℹ suites 0
ℹ pass 0
ℹ fail 2
ℹ cancelled 0
ℹ skipped 0
ℹ todo 0
ℹ duration_ms 9253.4705

✖ failing tests:

test at tests\ui-layout-binding-gates.test.mjs:386:1
✖ Inline style elements in JSX, React factories, DOM and the HTML entry fail closed (8123.2566ms)
  AssertionError [ERR_ASSERTION]: [{"file":"apps/web/index.html","line":1,"column":1,"property":"source","value":"","code":"UI_IMPORT_SCOPE","message":"Missing UI asset: /src/app/bootstrap.css"},{"file":"apps/web/index.html","line":1,"column":1,"property":"source","value":"","code":"UI_IMPORT_SCOPE","message":"HTML entry has no module script source"}]
  
  1 !== 0
  
      at TestContext.<anonymous> (file:///C:/Users/Joker-PC/Documents/Projects/Bot-AI-Ban-hang-FB/BotSalesAI_Frontend/tests/ui-layout-binding-gates.test.mjs:409:12)
      at Test.runInAsyncScope (node:async_hooks:227:14)
      at Test.run (node:internal/test_runner/test:1382:25)
      at Test.start (node:internal/test_runner/test:1242:17)
      at startSubtestAfterBootstrap (node:internal/test_runner/harness:387:17) {
    generatedMessage: false,
    code: 'ERR_ASSERTION',
    actual: 1,
    expected: 0,
    operator: 'strictEqual',
    diff: 'simple'
  }

test at tests\ui-layout-binding-gates.test.mjs:411:1
✖ DOM CSSOM spacing writes use semantic roles and reject opaque style strings (993.8872ms)
  AssertionError [ERR_ASSERTION]: Expected values to be strictly equal:
  
  0 !== 1
  
      at TestContext.<anonymous> (file:///C:/Users/Joker-PC/Documents/Projects/Bot-AI-Ban-hang-FB/BotSalesAI_Frontend/tests/ui-layout-binding-gates.test.mjs:413:12)
      at Test.runInAsyncScope (node:async_hooks:227:14)
      at Test.run (node:internal/test_runner/test:1382:25)
      at Test.processPendingSubtests (node:internal/test_runner/test:960:18)
      at Test.postRun (node:internal/test_runner/test:1522:19)
      at Test.run (node:internal/test_runner/test:1447:12)
      at async startSubtestAfterBootstrap (node:internal/test_runner/harness:387:3) {
    generatedMessage: true,
    code: 'ERR_ASSERTION',
    actual: 0,
    expected: 1,
    operator: 'strictEqual',
    diff: 'simple'
  }
