✔ canonical writes through casts and aliases fail outside style expressions (1036.7544ms)
✔ Object.assign cannot mutate canonical data but can copy to a fresh object (2044.5102ms)
✔ layout gate rejects raw spacing on const alias of MUI component (1009.5225ms)
✔ canonical mutation gate follows global mutator aliases and reflection (1031.3107ms)
✔ local mutator names do not acquire global mutation identity (1033.1733ms)
✔ destructured mutators and call/apply retain canonical mutation checks (998.4172ms)
✔ global mutator call/apply can copy canonical values into fresh objects (999.9823ms)
✔ mutable aliases with possible canonical destinations fail closed (979.1021ms)
✔ opaque apply arguments fail closed while unrelated mutable data stays valid (2006.3841ms)
✔ canonical references inside containers and destructured aliases cannot be mutated (1036.8046ms)
✔ independent shallow copies of scalar canonical fields remain mutable (1021.3884ms)
✔ array references and nested destructuring preserve canonical write provenance (1021.392ms)
✔ array destinations distinguish independent elements from canonical references (994.2341ms)
✔ array destructuring, dynamic indices and spread cannot hide canonical references (1008.0347ms)
✔ dynamic indices and destructuring of independent arrays stay mutable (988.5932ms)
✔ function parameters cannot hide canonical mutation across source files (1064.4697ms)
✔ read-only helpers and mutations of unrelated arguments remain valid (988.8366ms)
✔ returned canonical references remain protected across helper boundaries (995.6082ms)
✔ helper returns of fresh scalar copies do not retain canonical destination identity (995.4816ms)
✔ destructured object parameters cannot mutate canonical arguments (998.1542ms)
✔ destructured object parameters retain independent argument mutability (985.6828ms)
✔ default parameter and binding initializers cannot hide canonical mutations (1013.5301ms)
✔ fresh default parameter and binding copies remain mutable (996.8493ms)
✔ rest parameters retain canonical argument write provenance (1080.8932ms)
✔ rest parameters distinguish independent positions from canonical siblings (1019.9625ms)
✔ finite spread arguments preserve shifted positional and rest destinations (995.2211ms)
✔ finite spread expansion keeps independent argument positions mutable (971.4525ms)
✔ opaque spreads keep positional mutation destinations unknown (976.9711ms)
✔ opaque spreads into read-only helpers do not invent mutation findings (1071.1198ms)
✔ array parameter patterns retain canonical positions including nested object arrays (979.3744ms)
✔ array parameter patterns retain independent bound element mutability (969.3184ms)
✔ layout gate rejects parameter shadow of canonical layout name (953.4305ms)
✔ layout gate follows genuine renamed styled factory (976.2864ms)
✔ layout gate accepts canonical namespace, element access and barrel alias (993.6509ms)
✔ layout gate does not mistake local component named Stack for MUI (1034.6403ms)
✔ layout gate inspects renamed installed Emotion css tag (1015.379ms)
✔ layout gate preserves genuine aliased Controller field forwarding (986.5279ms)
✔ a same-named local Controller cannot exempt an unknown prop spread (1004.2924ms)
✔ genuine useForm registration survives property and destructured aliases (1015.6531ms)
✔ a function named register cannot exempt injected style props (970.6426ms)
✔ a bridge callback parameter cannot impersonate its private factor binding (988.1446ms)
✔ opaque namespace component selection remains a strict binding failure (964.6545ms)
✔ opaque namespace factory cannot hide style arguments (968.8124ms)
✔ MUI re-export cannot hide raw spacing behind a first-party barrel (967.7134ms)
✔ destructuring assignments cannot hide canonical write targets (1055.8025ms)
✔ destructuring assignments can update independent copied destinations (977.233ms)
✔ object rest retains nested canonical references while copying the outer object (975.7746ms)
✔ rest scalar copies and replacement of container references stay mutable (976.4381ms)
✔ shallow object spread preserves canonical child references and last-writer order (982.449ms)
✔ shallow spread with a later independent override stays mutable (968.9058ms)
✔ exported mutable aliases retain assignments from their declaring file (966.6411ms)
✔ exported independent mutable data does not acquire canonical provenance (978.577ms)
✔ literal computed keys retain canonical container and parameter provenance (956.2628ms)
✔ literal computed keys do not taint independent selected properties (946.6379ms)
✔ Object.assign shallow copies retain canonical nested reference provenance (967.2938ms)
✔ Object.assign later independent overrides and scalar copies stay mutable (956.5697ms)
✔ union and dynamic property selections retain possible canonical destinations (959.1889ms)
✔ finite union property selections exclude canonical siblings not in the key set (979.2719ms)
✔ union selection over Object.assign output retains canonical child provenance (956.4956ms)
✔ union selection over independent Object.assign output remains mutable (949.1995ms)
✔ Reflect.set call/apply checks the target argument rather than the assigned value (2913.0502ms)
✔ aliased React createElement checks MUI and native style objects (1065.2583ms)
✔ GlobalStyles.styles is checked and local createElement names stay local (2276.8716ms)
✔ React JSX runtime factories cannot bypass MUI or native style checks (1093.4009ms)
✔ React cloneElement checks the cloned MUI element and preserves native props (4029.8239ms)
✔ Emotion css props and object factories are inspected with native CSS semantics (2960.0698ms)
✔ Inline style elements in JSX, React factories, DOM and the HTML entry fail closed (8281.2165ms)
✔ DOM CSSOM spacing writes use semantic roles and reject opaque style strings (2118.4715ms)
✔ function return producers cannot hide canonical children behind spreads (1178.0075ms)
✔ producer spreads keep later independent child overrides writable (1172.0718ms)
ℹ tests 70
ℹ suites 0
ℹ pass 70
ℹ fail 0
ℹ cancelled 0
ℹ skipped 0
ℹ todo 0
ℹ duration_ms 88869.3509
