✔ canonical writes through casts and aliases fail outside style expressions (968.1549ms)
✔ Object.assign cannot mutate canonical data but can copy to a fresh object (1922.3198ms)
✔ layout gate rejects raw spacing on const alias of MUI component (941.1527ms)
✔ canonical mutation gate follows global mutator aliases and reflection (961.0562ms)
✔ local mutator names do not acquire global mutation identity (959.5801ms)
✔ destructured mutators and call/apply retain canonical mutation checks (959.0081ms)
✔ global mutator call/apply can copy canonical values into fresh objects (961.1765ms)
✔ mutable aliases with possible canonical destinations fail closed (992.5ms)
✔ opaque apply arguments fail closed while unrelated mutable data stays valid (2129.0258ms)
✔ canonical references inside containers and destructured aliases cannot be mutated (1155.6088ms)
✔ independent shallow copies of scalar canonical fields remain mutable (1116.5157ms)
✔ array references and nested destructuring preserve canonical write provenance (1045.5361ms)
✔ array destinations distinguish independent elements from canonical references (1024.8475ms)
✔ array destructuring, dynamic indices and spread cannot hide canonical references (1019.8857ms)
✔ dynamic indices and destructuring of independent arrays stay mutable (1019.7359ms)
✔ function parameters cannot hide canonical mutation across source files (1059.2143ms)
✔ read-only helpers and mutations of unrelated arguments remain valid (1034.1043ms)
✔ returned canonical references remain protected across helper boundaries (1031.3552ms)
✔ helper returns of fresh scalar copies do not retain canonical destination identity (1008.114ms)
✔ destructured object parameters cannot mutate canonical arguments (1042.5279ms)
✔ destructured object parameters retain independent argument mutability (1051.6137ms)
✔ default parameter and binding initializers cannot hide canonical mutations (1052.9367ms)
✔ fresh default parameter and binding copies remain mutable (1069.4653ms)
✔ rest parameters retain canonical argument write provenance (1069.3523ms)
✔ rest parameters distinguish independent positions from canonical siblings (1020.1543ms)
✔ finite spread arguments preserve shifted positional and rest destinations (989.1335ms)
✔ finite spread expansion keeps independent argument positions mutable (1015.115ms)
✔ opaque spreads keep positional mutation destinations unknown (1057.3298ms)
✔ opaque spreads into read-only helpers do not invent mutation findings (963.0417ms)
✔ array parameter patterns retain canonical positions including nested object arrays (979.2193ms)
✔ array parameter patterns retain independent bound element mutability (1008.0317ms)
✔ layout gate rejects parameter shadow of canonical layout name (975.8551ms)
✔ layout gate follows genuine renamed styled factory (980.3431ms)
✔ layout gate accepts canonical namespace, element access and barrel alias (969.4124ms)
✔ layout gate does not mistake local component named Stack for MUI (961.8862ms)
✔ layout gate inspects renamed installed Emotion css tag (943.9166ms)
✔ layout gate preserves genuine aliased Controller field forwarding (972.8576ms)
✔ a same-named local Controller cannot exempt an unknown prop spread (1039.8179ms)
✔ genuine useForm registration survives property and destructured aliases (1116.7946ms)
✔ a function named register cannot exempt injected style props (1133.4834ms)
✔ a bridge callback parameter cannot impersonate its private factor binding (1058.0143ms)
✔ opaque namespace component selection remains a strict binding failure (1144.4934ms)
✔ opaque namespace factory cannot hide style arguments (1078.0877ms)
✔ MUI re-export cannot hide raw spacing behind a first-party barrel (1011.1978ms)
✔ destructuring assignments cannot hide canonical write targets (1000.5034ms)
✔ destructuring assignments can update independent copied destinations (998.5179ms)
✔ object rest retains nested canonical references while copying the outer object (1019.8172ms)
✔ rest scalar copies and replacement of container references stay mutable (1004.5242ms)
✔ shallow object spread preserves canonical child references and last-writer order (991.1871ms)
✔ shallow spread with a later independent override stays mutable (1025.6345ms)
✔ exported mutable aliases retain assignments from their declaring file (995.4488ms)
✔ exported independent mutable data does not acquire canonical provenance (994.4992ms)
✔ literal computed keys retain canonical container and parameter provenance (1005.1223ms)
✔ literal computed keys do not taint independent selected properties (995.6658ms)
✔ Object.assign shallow copies retain canonical nested reference provenance (1010.3609ms)
✔ Object.assign later independent overrides and scalar copies stay mutable (987.8272ms)
✔ union and dynamic property selections retain possible canonical destinations (999.7987ms)
✔ finite union property selections exclude canonical siblings not in the key set (974.638ms)
✔ union selection over Object.assign output retains canonical child provenance (1046.8232ms)
✔ union selection over independent Object.assign output remains mutable (978.7058ms)
✔ Reflect.set call/apply checks the target argument rather than the assigned value (2886.8377ms)
✔ aliased React createElement checks MUI and native style objects (958.223ms)
✔ GlobalStyles.styles is checked and local createElement names stay local (1942.1654ms)
✔ React JSX runtime factories cannot bypass MUI or native style checks (974.8371ms)
✔ React cloneElement checks the cloned MUI element and preserves native props (3870.6986ms)
✔ Emotion css props and object factories are inspected with native CSS semantics (2891.7468ms)
✔ Inline style elements in JSX, React factories, DOM and the HTML entry fail closed (7634.1527ms)
✔ DOM CSSOM spacing writes use semantic roles and reject opaque style strings (1910.9732ms)
✔ HTML parsing and runtime stylesheet mutation cannot bypass the imported CSS boundary (1937.2347ms)
✔ function return producers cannot hide canonical children behind spreads (961.954ms)
✔ producer spreads keep later independent child overrides writable (945.652ms)
ℹ tests 71
ℹ suites 0
ℹ pass 71
ℹ fail 0
ℹ cancelled 0
ℹ skipped 0
ℹ todo 0
ℹ duration_ms 90032.1184
