✔ accepts semantic bridge roles, the closed token-derived factor map, geometry, and reset values (1029.7696ms)
✔ rejects a CSS spacing role without a declared shared owner (1043.0865ms)
✔ rejects scale-conforming and off-scale literals in sx, responsive leaves, named and namespace MUI System props (1080.683ms)
✔ follows local aliases and style callbacks; rejects theme spacing helpers and preset overrides (1047.5715ms)
✔ scans nested slotProps but does not confuse event handlers or geometric dimensions with spacing (1008.199ms)
✔ keeps Panel geometry inspectable and rejects spacing hidden in its geometry prop (3081.4183ms)
✔ accepts only an exact CSS exception and reports stale or mismatched exception scope (2946.581ms)
✔ rejects malformed TypeScript, malformed CSS, bad exception schema, and raw values in the bridge (4036.3834ms)
✔ rejects canonical pixel tokens used as MUI factors and an altered bridge factor table (2081.1737ms)
✔ report mode inventories migration debt without turning findings into PASS (1051.2271ms)
✔ canonical writes through casts and aliases fail outside style expressions (1050.7279ms)
✔ Object.assign cannot mutate canonical data but can copy to a fresh object (2163.7863ms)
✔ layout gate rejects raw spacing on const alias of MUI component (1081.6713ms)
✔ canonical mutation gate follows global mutator aliases and reflection (1064.6151ms)
✔ local mutator names do not acquire global mutation identity (1060.8189ms)
✔ destructured mutators and call/apply retain canonical mutation checks (1113.5389ms)
✔ global mutator call/apply can copy canonical values into fresh objects (1046.74ms)
✔ mutable aliases with possible canonical destinations fail closed (1030.5333ms)
✔ opaque apply arguments fail closed while unrelated mutable data stays valid (2115.1763ms)
✔ canonical references inside containers and destructured aliases cannot be mutated (1015.1199ms)
✔ independent shallow copies of scalar canonical fields remain mutable (1028.3133ms)
✔ array references and nested destructuring preserve canonical write provenance (1048.3333ms)
✔ array destinations distinguish independent elements from canonical references (1045.0892ms)
✔ array destructuring, dynamic indices and spread cannot hide canonical references (1087.774ms)
✔ dynamic indices and destructuring of independent arrays stay mutable (1100.1527ms)
✔ function parameters cannot hide canonical mutation across source files (1054.188ms)
✔ read-only helpers and mutations of unrelated arguments remain valid (1037.2079ms)
✔ returned canonical references remain protected across helper boundaries (1091.1785ms)
✔ helper returns of fresh scalar copies do not retain canonical destination identity (975.4058ms)
✔ destructured object parameters cannot mutate canonical arguments (969.8498ms)
✔ destructured object parameters retain independent argument mutability (976.943ms)
✔ default parameter and binding initializers cannot hide canonical mutations (997.547ms)
✔ fresh default parameter and binding copies remain mutable (1032.3258ms)
✔ rest parameters retain canonical argument write provenance (1020.3015ms)
✔ rest parameters distinguish independent positions from canonical siblings (1152.8073ms)
✔ finite spread arguments preserve shifted positional and rest destinations (1101.7109ms)
✔ finite spread expansion keeps independent argument positions mutable (1018.5891ms)
✔ opaque spreads keep positional mutation destinations unknown (1012.2038ms)
✔ opaque spreads into read-only helpers do not invent mutation findings (1020.2921ms)
✔ array parameter patterns retain canonical positions including nested object arrays (1119.8622ms)
✔ array parameter patterns retain independent bound element mutability (1023.6352ms)
✔ layout gate rejects parameter shadow of canonical layout name (1091.6923ms)
✔ layout gate follows genuine renamed styled factory (1106.4768ms)
✔ layout gate accepts canonical namespace, element access and barrel alias (1091.1306ms)
✔ layout gate does not mistake local component named Stack for MUI (1085.3255ms)
✔ layout gate inspects renamed installed Emotion css tag (1081.8171ms)
✔ layout gate preserves genuine aliased Controller field forwarding (1144.1626ms)
✔ a same-named local Controller cannot exempt an unknown prop spread (1136.4375ms)
✔ genuine useForm registration survives property and destructured aliases (1116.4857ms)
✔ a function named register cannot exempt injected style props (1023.3296ms)
✔ a bridge callback parameter cannot impersonate its private factor binding (973.6779ms)
✔ opaque namespace component selection remains a strict binding failure (1008.3162ms)
✔ opaque namespace factory cannot hide style arguments (1071.8955ms)
✔ MUI re-export cannot hide raw spacing behind a first-party barrel (1030.9107ms)
✔ destructuring assignments cannot hide canonical write targets (1120.7599ms)
✔ destructuring assignments can update independent copied destinations (1024.7111ms)
✔ object rest retains nested canonical references while copying the outer object (1036.4202ms)
✔ rest scalar copies and replacement of container references stay mutable (1076.2781ms)
✔ shallow object spread preserves canonical child references and last-writer order (1081.9982ms)
✔ shallow spread with a later independent override stays mutable (1111.0794ms)
✔ exported mutable aliases retain assignments from their declaring file (1313.1767ms)
✔ exported independent mutable data does not acquire canonical provenance (1453.4335ms)
✔ literal computed keys retain canonical container and parameter provenance (1535.2703ms)
✔ literal computed keys do not taint independent selected properties (1371.6757ms)
✔ Object.assign shallow copies retain canonical nested reference provenance (1554.1577ms)
✔ Object.assign later independent overrides and scalar copies stay mutable (1668.0695ms)
✔ union and dynamic property selections retain possible canonical destinations (1513.6137ms)
✔ finite union property selections exclude canonical siblings not in the key set (1376.14ms)
✔ union selection over Object.assign output retains canonical child provenance (1387.9122ms)
✔ union selection over independent Object.assign output remains mutable (1827.0888ms)
✔ Reflect.set call/apply checks the target argument rather than the assigned value (4251.8929ms)
✔ aliased React createElement checks MUI and native style objects (1474.1326ms)
✔ GlobalStyles.styles is checked and local createElement names stay local (3451.8673ms)
✔ React JSX runtime factories cannot bypass MUI or native style checks (1881.423ms)
✔ React cloneElement checks the cloned MUI element and preserves native props (6447.5291ms)
✔ Emotion css props and object factories are inspected with native CSS semantics (4827.543ms)
✔ Inline style elements in JSX, React factories, DOM and the HTML entry fail closed (10180.5113ms)
✔ DOM CSSOM spacing writes use semantic roles and reject opaque style strings (2146.6418ms)
✔ HTML parsing and runtime stylesheet mutation cannot bypass the imported CSS boundary (2123.492ms)
✔ spacing shorthand values and responsive breakpoints preserve token and unit provenance (11225.5921ms)
✔ function return producers cannot hide canonical children behind spreads (1108.1922ms)
✔ producer spreads keep later independent child overrides writable (1235.4452ms)
ℹ tests 82
ℹ suites 0
ℹ pass 82
ℹ fail 0
ℹ cancelled 0
ℹ skipped 0
ℹ todo 0
ℹ duration_ms 120517.8021
