✖ spacing shorthand values and responsive breakpoints preserve token and unit provenance (2007.3476ms)
ℹ tests 1
ℹ suites 0
ℹ pass 0
ℹ fail 1
ℹ cancelled 0
ℹ skipped 0
ℹ todo 0
ℹ duration_ms 2067.9801

✖ failing tests:

test at tests\ui-layout-binding-gates.test.mjs:442:1
✖ spacing shorthand values and responsive breakpoints preserve token and unit provenance (2007.3476ms)
  AssertionError [ERR_ASSERTION]: []
  
  0 !== 1
  
      at TestContext.<anonymous> (file:///C:/Users/Joker-PC/Documents/Projects/Bot-AI-Ban-hang-FB/BotSalesAI_Frontend/tests/ui-layout-binding-gates.test.mjs:455:12)
      at Test.runInAsyncScope (node:async_hooks:227:14)
      at Test.run (node:internal/test_runner/test:1382:25)
      at Test.start (node:internal/test_runner/test:1242:17)
      at startSubtestAfterBootstrap (node:internal/test_runner/harness:387:17) {
    generatedMessage: false,
    code: 'ERR_ASSERTION',
    actual: 0,
    expected: 1,
    operator: 'strictEqual',
    diff: 'simple'
  }
