
> botsales-frontend@0.1.0 build:demo
> npm run generate:check && npm run typecheck && npm run build:demo --workspace @botsales/web


> botsales-frontend@0.1.0 generate:check
> node scripts/generate.mjs --check

{"status":"PASS","outputs":11,"schemas":283,"operations":210,"routes":54}

> botsales-frontend@0.1.0 typecheck
> tsc -p apps/web/tsconfig.json --noEmit


> @botsales/web@0.1.0 build:demo
> vite build --mode demo --outDir dist-demo

vite v7.3.6 building client environment for demo...
transforming...
✓ 2277 modules transformed.
rendering chunks...
computing gzip size...
dist-demo/index.html                              1.19 kB │ gzip:   0.59 kB
dist-demo/assets/index-BQPx7lJM.css               3.56 kB │ gzip:   1.33 kB
dist-demo/assets/download-CWiaXb8A.js             0.24 kB │ gzip:   0.17 kB
dist-demo/assets/filters-Bi-qlnQp.js              0.32 kB │ gzip:   0.24 kB
dist-demo/assets/control-6gq2NE8L.js              0.72 kB │ gzip:   0.43 kB
dist-demo/assets/hooks-SjKOZUk3.js                4.58 kB │ gzip:   2.15 kB
dist-demo/assets/draft-conflict-PCIw3_XQ.js       5.35 kB │ gzip:   2.48 kB
dist-demo/assets/index-DPVM4Edd.js                8.31 kB │ gzip:   3.53 kB
dist-demo/assets/index-BO14CMX2.js                8.46 kB │ gzip:   3.35 kB
dist-demo/assets/index-ETV33Dso.js                9.33 kB │ gzip:   3.70 kB
dist-demo/assets/index-YAx1lymr.js               13.99 kB │ gzip:   5.69 kB
dist-demo/assets/index-DHC4nquV.js               14.58 kB │ gzip:   4.92 kB
dist-demo/assets/index-pl9VfocM.js               14.90 kB │ gzip:   5.66 kB
dist-demo/assets/index-CMoXg4Yz.js               16.56 kB │ gzip:   5.46 kB
dist-demo/assets/index-D0G2mQoL.js               17.81 kB │ gzip:   6.26 kB
dist-demo/assets/index-BSBf44e3.js               18.33 kB │ gzip:   6.16 kB
dist-demo/assets/index-D6MC_-4H.js               18.48 kB │ gzip:   6.32 kB
dist-demo/assets/index-CHAOdoDE.js               22.79 kB │ gzip:   7.88 kB
dist-demo/assets/index-CrV1KxSY.js               24.36 kB │ gzip:   8.66 kB
dist-demo/assets/index-CqlBgMUp.js               24.57 kB │ gzip:   8.35 kB
dist-demo/assets/index-B1wKcaPU.js               29.75 kB │ gzip:   9.65 kB
dist-demo/assets/query-5vm9EU1C.js               33.15 kB │ gzip:   9.92 kB
dist-demo/assets/index-CvHB4Ew-.js               33.87 kB │ gzip:  10.55 kB
dist-demo/assets/index-CKJ3RAxT.js               37.94 kB │ gzip:  10.46 kB
dist-demo/assets/i18n-xB0mQYCC.js                46.14 kB │ gzip:  15.12 kB
dist-demo/assets/schemas-Ct4RWo9M.js             80.75 kB │ gzip:  24.39 kB
dist-demo/assets/index--a2FF8Gg.js               93.29 kB │ gzip:  29.52 kB
dist-demo/assets/schema-validation-Bhr7oAQE.js  149.80 kB │ gzip:  45.12 kB
dist-demo/assets/service-BepI4YXI.js            159.35 kB │ gzip:  34.71 kB
dist-demo/assets/browser-BAYqIJDz.js            255.64 kB │ gzip:  87.01 kB
dist-demo/assets/react-runtime-D0NtfbPC.js      279.78 kB │ gzip:  90.28 kB
dist-demo/assets/contract-data-D-QqiNa-.js      309.77 kB │ gzip:  37.31 kB
dist-demo/assets/charts-RcpaDpmM.js             313.03 kB │ gzip:  94.99 kB
dist-demo/assets/mui-azn9KfGV.js                328.33 kB │ gzip: 100.02 kB
✓ built in 3.17s
