{
  "executedAt": "2026-10-08T23:16:20.591Z",
  "taskId": "FE007",
  "stepId": "S01",
  "facts": [
    {
      "name": "Canonical task criteria",
      "action": "Đọc route manifest và scope/session/query/SSE hiện có; map auth/forbidden/loading và deep links.",
      "verification": "Router ghép public module entries; không route trống hoặc cache tenant-free. Ghi command/cwd/exit code, expected/observed, log/hash và source snapshot thực. Scope FRONTEND_WITH_SYNTHETIC_MOCK_API; không dùng kết quả prototype hoặc backend chưa chạy."
    },
    {
      "name": "Current task contract/source ownership",
      "routes": [],
      "operationIds": [],
      "crosswalk": {
        "operations": 210,
        "files": 71,
        "calls": 222,
        "unresolved": 0
      }
    },
    {
      "name": "Named executed owner behavior",
      "scope": "owner suite",
      "cases": [
        "catalog create uses the HTTP mock and successful save clears the draft guard",
        "dirty drafts block in-app navigation and preserve input until the user decides",
        "all canonical routes render inside the real React demo application",
        "switching shops cancels a delayed request and loads only the new shop scope",
        "role changes remove restricted navigation and the route guard explains denied access",
        "deep links survive browser refresh and logout clears the mock session",
        "logout asks before discarding a draft and retains the session when logout fails",
        "mobile navigation opens, routes, and closes without viewport overflow",
        "chunk loading errors use the route recovery boundary",
        "live mode reports an unavailable session API without enabling mock data",
        "session.revoked SSE closes the stream and clears the active shop session",
        "UI009 delayed customer orders from the previous shop cannot leak into the new shop profile",
        "demo conditional module requests return complete exports without changing live or non-asset caching",
        "demo startup explains the required setup when the browser blocks Service Workers"
      ],
      "executions": 28,
      "assertionInventory": [
        {
          "file": "tests/frontend.spec.ts",
          "sha256": "f2ca4b49adf9e97fe9d03d39cafb913fb2b9a21faedeed335c32ef24a60e76d5",
          "cases": [
            {
              "title": "catalog create uses the HTTP mock and successful save clears the draft guard",
              "line": 39,
              "assertions": [
                "expect(page.getByRole('heading', { name: 'Sản phẩm', exact: true })).toBeVisible()",
                "expect(page.getByText('Dữ liệu mô phỏng', { exact: true })).toBeVisible()",
                "expect(page).toHaveURL(/\\/products\\/product-/)",
                "expect(page.getByRole('dialog', { name: 'Rời màn hình chưa lưu?' })).toHaveCount(0)",
                "expect(page.getByText('Sản phẩm kiểm thử', { exact: true })).toBeVisible()"
              ],
              "projects": [
                "chromium",
                "firefox"
              ]
            },
            {
              "title": "dirty drafts block in-app navigation and preserve input until the user decides",
              "line": 56,
              "assertions": [
                "expect(dialog).toBeVisible()",
                "expect(name).toHaveValue('Bản nháp chưa lưu')",
                "expect(dialog).toBeVisible()",
                "expect(page).toHaveURL(/\\/categories$/)",
                "expect(page.getByRole('heading', { name: 'Danh mục', exact: true })).toBeVisible()"
              ],
              "projects": [
                "chromium",
                "firefox"
              ]
            },
            {
              "title": "all canonical routes render inside the real React demo application",
              "line": 74,
              "assertions": [
                "expect(main, `${route.id} should mount the shop-scoped page`).toBeVisible()",
                "expect(main.getByRole('heading').first(), `${route.id} should render page content`).toBeVisible()",
                "expect(main.getByRole('heading', { name: 'Không thể mở màn hình', exact: true }), `${route.id} should not fall through to the router error boundary`).toHaveCount(0)",
                "expect(page.getByText('Dữ liệu mô phỏng', { exact: true }), `${route.id} should disclose the synthetic data source`).toBeVisible()",
                "expect(heading, `${route.id} should render its public page content`).toBeVisible()",
                "expect(page.getByRole('heading', { name: 'Không thể mở màn hình', exact: true })).toHaveCount(0)",
                "expect(page.getByRole('heading', { name: 'Không tìm thấy trang', exact: true })).toHaveCount(0)",
                "expect(page.getByText('Chưa khởi động được ứng dụng', { exact: true })).toHaveCount(0)",
                "expect(errors).toEqual([])"
              ],
              "projects": [
                "chromium",
                "firefox"
              ]
            },
            {
              "title": "switching shops cancels a delayed request and loads only the new shop scope",
              "line": 99,
              "assertions": [
                "expect(page).toHaveURL(/\\/shop-demo\\/products$/)",
                "expect(page.getByRole('heading', { name: 'Chọn cửa hàng', exact: true })).toBeVisible()",
                "expect(page).toHaveURL(/\\/s\\/shop-second\\/overview$/)",
                "expect(firstProduct).toHaveAttribute('href', '/s/shop-second/products/b-p1')",
                "expect(firstProduct).toHaveAttribute('href', '/s/shop-second/products/b-p1')",
                "expect(page.locator('a[href=\"/s/shop-demo/products/p1\"]')).toHaveCount(0)"
              ],
              "projects": [
                "chromium",
                "firefox"
              ]
            },
            {
              "title": "role changes remove restricted navigation and the route guard explains denied access",
              "line": 117,
              "assertions": [
                "expect(page.getByRole('navigation', { name: 'Điều hướng chính' }).getByRole('link', { name: 'Lợi nhuận' })).toHaveCount(0)",
                "expect(page.getByText(/Bạn không có quyền truy cập màn hình này trong/)).toBeVisible()",
                "expect(page.getByText(/Việc kiểm quyền thực thi vẫn thuộc backend/)).toBeVisible()"
              ],
              "projects": [
                "chromium",
                "firefox"
              ]
            },
            {
              "title": "deep links survive browser refresh and logout clears the mock session",
              "line": 130,
              "assertions": [
                "expect(page.getByRole('heading', { name: 'Đơn DH-DEMO-PAID-01' })).toBeVisible()",
                "expect(page.getByRole('heading', { name: 'Đơn DH-DEMO-PAID-01' })).toBeVisible()",
                "expect((await logoutResponse).status()).toBe(204)",
                "expect(page.getByRole('heading', { name: 'Chào mừng trở lại' })).toBeVisible()",
                "expect(page.getByText('Dữ liệu mô phỏng', { exact: true })).toHaveCount(0)"
              ],
              "projects": [
                "chromium",
                "firefox"
              ]
            },
            {
              "title": "logout asks before discarding a draft and retains the session when logout fails",
              "line": 143,
              "assertions": [
                "expect(dialog).toBeVisible()",
                "expect(name).toHaveValue('Bản nháp trước khi đăng xuất')",
                "expect(dialog).toBeVisible()",
                "expect(page.getByRole('alert').filter({ hasText: 'Chưa xác minh được đăng xuất' })).toBeVisible()",
                "expect(name).toHaveValue('Bản nháp trước khi đăng xuất')",
                "expect(page.getByText('API thật', { exact: true })).toBeVisible()",
                "expect(dialog).toHaveCount(0)",
                "expect(page).toHaveURL(/\\/s\\/shop-demo\\/products\\/new$/)"
              ],
              "projects": [
                "chromium",
                "firefox"
              ]
            },
            {
              "title": "mobile navigation opens, routes, and closes without viewport overflow",
              "line": 200,
              "assertions": [
                "expect(productLink).toBeVisible()",
                "expect(page).toHaveURL(/\\/products$/)",
                "expect(page.getByRole('heading', { name: 'Sản phẩm', exact: true })).toBeVisible()",
                "expect(page.getByRole('button', { name: 'Mở menu' })).toBeVisible()",
                "expect(width.scroll).toBeLessThanOrEqual(width.client + 1)"
              ],
              "projects": [
                "chromium",
                "firefox"
              ]
            },
            {
              "title": "chunk loading errors use the route recovery boundary",
              "line": 214,
              "assertions": [
                "expect(page).toHaveURL(/\\/notifications$/)",
                "expect(page.getByRole('heading', { name: 'Không thể mở màn hình' })).toBeVisible()",
                "expect(page.locator('main#main-content')).toHaveCount(1)",
                "expect(failedChunks).toBeGreaterThan(0)",
                "expect(page.getByText(/Bản nháp chưa gửi không được coi là đã lưu/)).toBeVisible()"
              ],
              "projects": [
                "chromium",
                "firefox"
              ]
            },
            {
              "title": "live mode reports an unavailable session API without enabling mock data",
              "line": 253,
              "assertions": [
                "expect(page.getByRole('alert').filter({ hasText: 'Không thể kết nối API phiên đăng nhập' })).toBeVisible()",
                "expect(page.getByText('Dữ liệu mô phỏng', { exact: true })).toHaveCount(0)",
                "expect(page.getByText(/không tự chuyển sang dữ liệu mô phỏng/)).toBeVisible()"
              ],
              "projects": [
                "chromium",
                "firefox"
              ]
            }
          ]
        },
        {
          "file": "tests/session/session-revocation.spec.ts",
          "sha256": "e9066f0af951ca3397b240c52453287bbb1c3a8119676a49f51df9b2276748c4",
          "cases": [
            {
              "title": "session.revoked SSE closes the stream and clears the active shop session",
              "line": 20,
              "assertions": [
                "expect(membership).toBeDefined()",
                "expect(shop).toBeDefined()",
                "expect(page.getByText('API thật', { exact: true })).toBeVisible()",
                "expect(page.getByRole('heading', { name: /Chào .*cửa hàng của bạn hôm nay/ })).toBeVisible()",
                "expect(page.getByRole('heading', { name: 'Chào mừng trở lại', exact: true })).toBeVisible({ timeout: 15000 })",
                "expect.poll(() => sessionReads).toBeGreaterThanOrEqual(2)",
                "expect.poll(() => sessionReads)",
                "expect.poll(() => eventRequests).toBeGreaterThanOrEqual(1)",
                "expect.poll(() => eventRequests)",
                "expect(eventRequests).toBeLessThanOrEqual(2)",
                "expect(new URL(page.url()).pathname).toBe('/login')",
                "expect(new URL(page.url()).searchParams.get('returnTo')).toBe('/s/shop-demo/overview')"
              ],
              "projects": [
                "chromium",
                "firefox"
              ]
            }
          ]
        },
        {
          "file": "tests/ui009-scope-regression.spec.ts",
          "sha256": "9939f7c1d99bb903f0e333f6913f172938fa39cc986c593cb9b8c840e18b509e",
          "cases": [
            {
              "title": "UI009 delayed customer orders from the previous shop cannot leak into the new shop profile",
              "line": 23,
              "assertions": [
                "expect(page.getByRole('heading', { name: 'Khách hàng', exact: true })).toBeVisible()",
                "expect(page.getByRole('heading', { name: 'Linh (khách mẫu)', exact: true })).toBeVisible()",
                "expect(panel(page, 'Đơn hàng gần đây').getByRole('progressbar')).toBeVisible({ timeout: 1_000 })",
                "expect(page.getByRole('heading', { name: 'Chọn cửa hàng' })).toBeVisible()",
                "expect(page.getByRole('heading', { name: 'Khách hàng', exact: true })).toBeVisible()",
                "expect(currentResponse.status()).toBe(200)",
                "expect.poll(() => staleRequestState, { timeout: 7000 }).not.toBe('pending')",
                "expect.poll(() => staleRequestState, { timeout: 7000 })",
                "expect(page.getByRole('heading', { name: 'Linh (khách mẫu)', exact: true })).toBeVisible()",
                "expect(ordersPanel.getByText('b-DH-1001', { exact: true })).toBeVisible()",
                "expect(ordersPanel.getByText('DH-DEMO-PAID-01', { exact: true })).toHaveCount(0)",
                "expect(observedOrderRequests).toEqual(expect.arrayContaining([\n        { shopId: 'shop-demo', customerId: 'c1' },\n        { shopId: 'shop-second', customerId: 'b-c1' },\n    ]))",
                "expect.arrayContaining([\n        { shopId: 'shop-demo', customerId: 'c1' },\n        { shopId: 'shop-second', customerId: 'b-c1' },\n    ])",
                "expect(observedOrderRequests.every(request =>\n        (request.shopId === 'shop-demo' && request.customerId === 'c1')\n        || (request.shopId === 'shop-second' && request.customerId === 'b-c1'),\n    )).toBe(true)"
              ],
              "projects": [
                "chromium",
                "firefox"
              ]
            }
          ]
        },
        {
          "file": "tests/session/demo-worker-startup.spec.ts",
          "sha256": "3aaf76a0c4be00fbdfd18197a3981cdd05f10f3757f79c88daba486f8395cc30",
          "cases": [
            {
              "title": "demo conditional module requests return complete exports without changing live or non-asset caching",
              "line": 17,
              "assertions": [
                "expect(initial.status()).toBe(200)",
                "expect(etag).toBeTruthy()",
                "expect(conditional.status()).toBe(200)",
                "expect(await conditional.text()).toContain('API_BASE_PATH')",
                "expect(nonAsset.status()).toBe(304)",
                "expect(head.status()).toBe(304)",
                "expect(styleInitial.status()).toBe(200)",
                "expect(styleConditional.status()).toBe(200)",
                "expect(await styleConditional.text()).toBe(await styleInitial.text())",
                "expect(liveInitial.status()).toBe(200)",
                "expect(liveConditional.status()).toBe(304)",
                "expect((await moduleResponse).status()).toBe(200)",
                "expect(page.getByRole('navigation', { name: 'Điều hướng chính' })).toBeVisible()",
                "expect.poll(() => page.evaluate(() => Boolean(navigator.serviceWorker.controller))).toBe(true)",
                "expect.poll(() => page.evaluate(() => Boolean(navigator.serviceWorker.controller)))",
                "expect(page.locator('main h1')).toBeVisible()",
                "expect(errors).toEqual([])"
              ],
              "projects": [
                "chromium",
                "firefox"
              ]
            },
            {
              "title": "demo startup explains the required setup when the browser blocks Service Workers",
              "line": 80,
              "assertions": [
                "expect(page.getByRole('heading', { name: 'Chưa khởi động được ứng dụng', exact: true })).toBeVisible()",
                "expect(page.getByText(/Chạy npm run setup để tạo service worker mô phỏng/)).toBeVisible()",
                "expect(page.getByRole('navigation', { name: 'Điều hướng chính' })).toHaveCount(0)",
                "expect(page.getByText('Dữ liệu mô phỏng', { exact: true })).toHaveCount(0)"
              ],
              "projects": [
                "chromium",
                "firefox"
              ]
            }
          ]
        }
      ]
    },
    {
      "name": "Current shared dependency regressions",
      "unit": 175,
      "domain": 88,
      "sourceMap": 16,
      "browser": 614,
      "builtArtifact": 6,
      "limits": "Counts describe distinct suites; they are not added into a checkpoint percentage. Owner case and source checks above are required independently."
    },
    {
      "name": "Executed unit owners",
      "owners": [
        {
          "file": "apps/web/tests/scope-events.test.tsx",
          "sha256": "5cea51724d2f1ca1c1d34325b7b310e57ff35754510452117e20329f301bb622",
          "cases": [
            "F09 narrows identified Inbox events and ignores duplicate/out-of-order/foreign-shop events",
            "F09 revocation closes the stream and refreshes the session even when its sequence is old",
            "F09 rejects callbacks from a disposed stream after shop/permission changes or unmount"
          ]
        },
        {
          "file": "apps/web/tests/command-lifetime.test.tsx",
          "sha256": "9c85b3fedbb57f9169f878112a0494121532be434b4a8fd1165955c61d36e2f5",
          "cases": [
            "F04 rejects a retained execute function from a previous scope before HTTP",
            "F04 does not report success when the scope closes while authoritative cache refresh is pending",
            "F04 rejects a pre-aborted execution without sending or recording an unknown mutation",
            "F04 only completes after authoritative success while the StrictMode scope remains alive"
          ]
        }
      ],
      "limit": "Literal owner titles bind actual verbose output; parameterized cases remain covered by the whole 175-case run, without inventing separate executions."
    },
    {
      "name": "Compiled width behavior",
      "routeObservations": 216,
      "focusedCases": 30,
      "artifact": "built-shared-review.json",
      "limit": "Actual compiled geometry/axe/keyboard; counts remain separate from full browser suite."
    }
  ],
  "executionRecords": [
    {
      "stage": "composer-stability",
      "startedAt": "2026-10-08T22:04:51.889Z",
      "finishedAt": "2026-10-08T22:05:45.243Z",
      "log": {
        "path": "BotSalesAI_Frontend/evidence/frontend-shared-consolidation-20261009/runs/shared-1791497086991-68376/composer-stability.log",
        "sha256": "fa81aec433d11ecb23320a190321673579591590693cbfd704d319a39b8660d8"
      },
      "sourceDrift": []
    },
    {
      "stage": "imports-clearance-regression",
      "startedAt": "2026-10-08T22:02:21.334Z",
      "finishedAt": "2026-10-08T22:02:39.379Z",
      "log": {
        "path": "BotSalesAI_Frontend/evidence/frontend-shared-consolidation-20261009/runs/shared-1791496936285-58828/imports-clearance-regression.log",
        "sha256": "7d2e16cc4c11461e3296218078efc0bf0ba2d0e93ea30ec5956c3b760ebe4871"
      },
      "sourceDrift": []
    },
    {
      "stage": "e2e",
      "startedAt": "2026-10-08T22:11:38.622Z",
      "finishedAt": "2026-10-08T23:11:25.849Z",
      "log": {
        "path": "BotSalesAI_Frontend/evidence/frontend-shared-consolidation-20261009/runs/shared-1791497493248-49984/e2e.log",
        "sha256": "6fd084377cbd0e7a76ad5b770d18b7f0972253de81bd08fa5a45f88afd21f4b4"
      },
      "sourceDrift": []
    },
    {
      "stage": "verify",
      "startedAt": "2026-10-08T22:06:05.023Z",
      "finishedAt": "2026-10-08T22:09:18.030Z",
      "log": {
        "path": "BotSalesAI_Frontend/evidence/frontend-shared-consolidation-20261009/runs/shared-1791497165022-11008/verify.log",
        "sha256": "66c0700c579b8351b264a281a593b6eff11ec995dde473ba4dae7c30a19794e7"
      },
      "sourceDrift": []
    },
    {
      "stage": "unit",
      "startedAt": "2026-10-08T21:59:56.125Z",
      "finishedAt": "2026-10-08T22:00:04.585Z",
      "log": {
        "path": "BotSalesAI_Frontend/evidence/frontend-shared-consolidation-20261009/runs/shared-1791496796123-33904/unit.log",
        "sha256": "04c3f089347abe026dde44d521d08f622159956f409bd70ec43b328cfd3f8c5c"
      },
      "sourceDrift": []
    },
    {
      "stage": "source-maps",
      "startedAt": "2026-10-08T21:59:56.190Z",
      "finishedAt": "2026-10-08T21:59:56.428Z",
      "log": {
        "path": "BotSalesAI_Frontend/evidence/frontend-shared-consolidation-20261009/runs/shared-1791496796189-65096/source-maps.log",
        "sha256": "088c9148a0b6218ab388252154db0806095d725e2ed5323714b6318bb7e3ca2b"
      },
      "sourceDrift": []
    },
    {
      "stage": "built-demo",
      "startedAt": "2026-10-08T23:11:37.759Z",
      "finishedAt": "2026-10-08T23:14:51.054Z",
      "log": {
        "path": "BotSalesAI_Frontend/evidence/frontend-shared-consolidation-20261009/runs/shared-1791501092771-85932/built-demo.log",
        "sha256": "c4c97f6b06c5d750966fd536c524f0f58a09e39f56d8e1891198facf0689a4e0"
      },
      "sourceDrift": []
    },
    {
      "stage": "startup-cache-regression",
      "startedAt": "2026-10-08T22:02:44.491Z",
      "finishedAt": "2026-10-08T22:03:04.849Z",
      "log": {
        "path": "BotSalesAI_Frontend/evidence/frontend-shared-consolidation-20261009/runs/shared-1791496959473-24216/startup-cache-regression.log",
        "sha256": "9004892a42123b1fa16a7047cec6d68057259593767d75762ff9a96547219d19"
      },
      "sourceDrift": []
    },
    {
      "stage": "label-regression",
      "startedAt": "2026-10-08T22:03:10.257Z",
      "finishedAt": "2026-10-08T22:03:37.271Z",
      "log": {
        "path": "BotSalesAI_Frontend/evidence/frontend-shared-consolidation-20261009/runs/shared-1791496984953-80724/label-regression.log",
        "sha256": "c62aeda4db51ef709c08b7b981c921f2070e2f670d835fae186bf557271d04ae"
      },
      "sourceDrift": []
    },
    {
      "stage": "variant-regression",
      "startedAt": "2026-10-08T22:03:42.336Z",
      "finishedAt": "2026-10-08T22:04:21.603Z",
      "log": {
        "path": "BotSalesAI_Frontend/evidence/frontend-shared-consolidation-20261009/runs/shared-1791497017357-92224/variant-regression.log",
        "sha256": "7c76de255e9abb25a769266a7c55041d2ca03f6b8944655f037f20b854c67469"
      },
      "sourceDrift": []
    },
    {
      "stage": "label-focus-regression",
      "startedAt": "2026-10-08T22:04:27.114Z",
      "finishedAt": "2026-10-08T22:04:46.907Z",
      "log": {
        "path": "BotSalesAI_Frontend/evidence/frontend-shared-consolidation-20261009/runs/shared-1791497061691-27108/label-focus-regression.log",
        "sha256": "562ed7ba43eb709ca28883c539abd30e41ef4338daec4ddcd430a6f8ffa9af56"
      },
      "sourceDrift": []
    },
    {
      "stage": "composer-regression",
      "startedAt": "2026-10-08T21:58:02.730Z",
      "finishedAt": "2026-10-08T21:58:21.823Z",
      "log": {
        "path": "BotSalesAI_Frontend/evidence/frontend-shared-consolidation-20261009/runs/shared-1791496677776-86172/composer-regression.log",
        "sha256": "990822a2322386a19e5a56654d532b6852062f120996e32210b0b8d3d60028e7"
      },
      "sourceDrift": []
    }
  ],
  "sourceSnapshotSha256": "b0d6a30415644847f4d26413984cd6a020633386b1728c67afc6267395338c4a"
}
