✔ P10/P15 catch alias and neutral-wrapper duplicate insets through fragments and conditionals (1088.833ms)
✔ P20 resolves shared composition identities through a barrel and const component aliases (438.9273ms)
✔ P11/P13 catch static element access roles on every MUI surface, including Paper (472.9694ms)
✔ P12 checks React createElement and JSX-runtime element factories (463.7791ms)
✔ P14 resolves bodyMode literal aliases and fails closed when ownership is unknown (1508.8603ms)
✔ checks Panel ancestry when React elements are created natively (443.0905ms)
✔ keeps independent nested surfaces and portaled dialogs as separate owners (985.0791ms)
✔ accepts finite bodyMode branches and every mode in the public component contracts (1295.9134ms)
✔ stops inherited gap ownership at Panels and independent bordered surfaces (914.2698ms)
✔ tracks gaps through fragments, conditions and ready QueryState, but not inside DOM wrappers (426.0122ms)
✔ applies the same finite modes and wrapper boundaries to native React factories (864.9736ms)
✔ recognizes native outlined Paper and nested Box surface inset boundaries (806.9483ms)
✔ fails closed when an unresolved custom wrapper obscures a semantic gap owner (422.0797ms)
✔ rejects unsupported placement and rhythm values while accepting finite aliases and branches (818.0399ms)
✔ rejects unsupported finite values through React element factories (861.3954ms)
✔ accepts semantic composition, closed geometry and business-specific MUI primitives (9.3166ms)
✔ rejects rebuilding each shared spacing owner at a consumer (3.5319ms)
✔ follows aliases, local style variables, object spreads and namespace imports (2.3585ms)
✔ rejects direct and spread spacing overrides on semantic components (1.2975ms)
✔ rejects spacing or opaque spreads hidden in geometry (0.5471ms)
✔ allows the canonical owner implementation and fails closed on malformed source (2.0791ms)
✔ rejects duplicated parent boundary and duplicated Panel inset (1.0888ms)
✔ checks default MUI imports and fails closed for opaque geometry (0.8033ms)
✔ distinguishes content grids from flex flows when reporting the shared owner (0.5927ms)
✔ rejects page spacing for paired fields and peer Panels without a section gap owner (2.917ms)
✔ related sibling gaps belong to ActionGroup comfortable density, not consumer Stack styles (0.7358ms)
✔ the shared catalog covers every public React component and supporting Column type (71.7251ms)
✔ every public React API has a direct rendered contract test (1.5026ms)
✔ catalog declaration lines and stated JSX counts match resolved source symbols (29.8186ms)
✔ every shared React export has a resolved production consumer or an explicit zero-use lifecycle decision (25.8198ms)
✔ required UI evidence and regression gates remain wired to root verify and the active parent workflow (0.6607ms)
✔ composition prop allowlists match the TypeScript owners exactly (0.2613ms)
✔ QueryState uses only the approved inline and section pending profiles (0.5033ms)
✔ QueryState consumers reserve section loading for primary content and keep every other state inline by default (21.198ms)
✔ body modes, placement roles and geometry keys match the TypeScript contracts (1.2701ms)
✔ Panel geometry and DataTable columns remain closed public contracts (6.1959ms)
✔ shared component and composition props expose no arbitrary layout/style escape hatch (0.2575ms)
✔ layout role types, runtime values, consumers and ownership documentation stay closed (3877.9708ms)
ℹ tests 38
ℹ suites 0
ℹ pass 38
ℹ fail 0
ℹ cancelled 0
ℹ skipped 0
ℹ todo 0
ℹ duration_ms 12526.6174
