{
  "executedAt": "2026-10-08T10:01:56.881Z",
  "taskId": "FE012",
  "stepId": "S04",
  "facts": [
    {
      "name": "Canonical task criteria",
      "action": "Viết/chạy component + network/contract regression cho acceptance của task; dùng seed/reset/clock để tái hiện ca lỗi.",
      "verification": "Ca hợp lệ/không hợp lệ kiểm behavior thực, không chỉ snapshots; action gửi đúng operation/body/version và scope. Ghi command/cwd/exit code, expected/observed, log/hash và source snapshot thực. Scope FRONTEND_WITH_SYNTHETIC_MOCK_API; không dùng kết quả prototype hoặc backend chưa chạy."
    },
    {
      "name": "Current task contract/source ownership",
      "routes": [
        {
          "id": "R17",
          "source": "apps/web/src/modules/orders/index.tsx",
          "component": "OrdersPage"
        },
        {
          "id": "R18",
          "source": "apps/web/src/modules/orders/index.tsx",
          "component": "NewOrderPage"
        },
        {
          "id": "R19",
          "source": "apps/web/src/modules/orders/index.tsx",
          "component": "OrderDetailPage"
        },
        {
          "id": "R43",
          "source": "apps/web/src/modules/orders/index.tsx",
          "component": "ReturnsPage"
        }
      ],
      "operationIds": [
        "cancelOrder",
        "confirmOrder",
        "createOrder",
        "createReturnCase",
        "getCommand",
        "getOrder",
        "getReturnCase",
        "getShop",
        "handoverShipment",
        "inspectReturn",
        "listCustomers",
        "listOrders",
        "listProducts",
        "listReturnCases",
        "payOrder",
        "quoteOrder",
        "refundOrder",
        "updateOrderDraft"
      ],
      "crosswalk": {
        "operations": 210,
        "files": 71,
        "calls": 222,
        "unresolved": 0
      }
    },
    {
      "name": "Named executed owner behavior",
      "scope": "owner suite",
      "cases": [
        "FE012.AC01 searchable customer and product pickers submit contract-shaped draft and reject fractional quantity",
        "FE012 demo address choice is labeled synthetic and completes the mock order flow",
        "FE012.AC01 editing lines invalidates quote and customer consent; a new quote is required before confirmation",
        "FE012.AC03 mock stale-version 412 preserves draft fields and does not show success",
        "FE012.AC03 offline state blocks quote mutation while retaining the loaded draft",
        "FE012.AC03 unknown confirm outcome blocks duplicate writes until shared command recovery is available",
        "FE012.AC03 quote and customer confirmation expiration disable confirmation using API time",
        "FE012.AC03 returns reject fractional/over-original quantities locally and preserve data on cumulative mock rejection",
        "FE012.AC04 return inspection loads the current case and applies accepted partial quantity to mock stock and refund",
        "FE012.AC03 handed-over order routes to returns and exposes no ordinary cancel action",
        "FE012.AC05 order drafting remains usable without horizontal page overflow and passes focused axe checks"
      ],
      "executions": 22,
      "assertionInventory": [
        {
          "file": "tests/fe012.spec.ts",
          "sha256": "502c5ae089f88b25ca9f9f91af97ce06dd4cfd8600762d4c88e465260b6e3b4b",
          "cases": [
            {
              "title": "FE012.AC01 searchable customer and product pickers submit contract-shaped draft and reject fractional quantity",
              "line": 35,
              "assertions": [
                "expect(page.getByRole('heading', { name: 'Tạo đơn hàng', exact: true })).toBeVisible()",
                "expect(quantity).toHaveAttribute('aria-invalid', 'true')",
                "expect(save).toBeDisabled()",
                "expect(calls.filter(call => call.method === 'POST' && call.path.endsWith('/orders'))).toHaveLength(0)",
                "expect(body).toEqual({\n        customerId: 'c1', conversationId: 'cv1', warehouseId: 'warehouse-01',\n        lines: [{ variantId: 'v-p2', quantity: 2 }], notes: '', paymentMethod: 'cod', shippingAddressId: null,\n    })",
                "expect(request.headers()['idempotency-key']).toBeTruthy()",
                "expect(page.getByRole('heading', { name: /^Đơn order-/ })).toBeVisible()",
                "expect(page.getByText('Dữ liệu mô phỏng', { exact: true })).toBeVisible()",
                "expect(quote.data.orderVersion).toBe(1)",
                "expect((await missingAddress).status()).toBe(422)",
                "expect(page.getByRole('alert').filter({ hasText: 'Thiếu địa chỉ giao hàng' })).toBeVisible()",
                "expect(page.getByText('Chưa có địa chỉ được xác minh', { exact: true })).toBeVisible()",
                "expect(page.getByText('Bản nháp', { exact: true })).toBeVisible()"
              ],
              "projects": [
                "chromium",
                "firefox"
              ]
            },
            {
              "title": "FE012 demo address choice is labeled synthetic and completes the mock order flow",
              "line": 93,
              "assertions": [
                "expect(page.getByText(/Địa chỉ mẫu chỉ phục vụ nghiệm thu giao diện/)).toBeVisible()",
                "expect(created.status()).toBe(201)",
                "expect(JSON.parse(created.request().postData() || 'null').shippingAddressId).toBe('address-synthetic')",
                "expect(page.getByRole('heading', { name: /^Đơn order-/ })).toBeVisible()",
                "expect((await quote.json()).data.orderVersion).toBe(1)",
                "expect((await confirmResponse).status()).toBe(202)",
                "expect(page.getByText('Đã xác nhận', { exact: true })).toBeVisible({ timeout: 15000 })"
              ],
              "projects": [
                "chromium",
                "firefox"
              ]
            },
            {
              "title": "FE012.AC01 editing lines invalidates quote and customer consent; a new quote is required before confirmation",
              "line": 122,
              "assertions": [
                "expect(page.getByRole('heading', { name: 'Đơn DH-1001', exact: true })).toBeVisible()",
                "expect((await firstConfirmation.json()).data.quoteId).toBe(firstQuoteId)",
                "expect(page.getByText(/Đã ghi nhận bằng chứng/)).toBeVisible()",
                "expect((await updateResponse).status()).toBe(200)",
                "expect(page.getByText(`Mã báo giá: ${firstQuoteId}`, { exact: true })).toHaveCount(0)",
                "expect(page.getByRole('button', { name: 'Xác nhận đơn & giữ hàng' })).toHaveCount(0)",
                "expect(secondQuote.id).not.toBe(firstQuoteId)",
                "expect(secondQuote.orderVersion).toBeGreaterThan(firstQuoteEnvelope.data.orderVersion)",
                "expect(confirmation.quoteId).toBe(secondQuote.id)",
                "expect(page.getByRole('button', { name: 'Xác nhận đơn & giữ hàng' })).toBeDisabled()",
                "expect(page.getByText('Bản nháp', { exact: true })).toBeVisible()",
                "expect(page.getByText('Đã xác nhận', { exact: true })).toHaveCount(0)",
                "expect(accepted.status()).toBe(202)",
                "expect(JSON.parse(accepted.request().postData() || 'null')).toMatchObject({ expectedVersion: secondQuote.orderVersion, quoteId: secondQuote.id, customerConfirmationId: confirmation.id })",
                "expect(page.getByText('Đã xác nhận', { exact: true })).toBeVisible({ timeout: 15000 })",
                "expect(page.getByText('Đã giữ hàng', { exact: true })).toBeVisible()",
                "expect(calls.filter(call => call.method === 'POST' && call.path.endsWith('/orders/DH-1001/confirm'))).toHaveLength(1)",
                "expect(stockRow.getByRole('cell').nth(2)).toHaveText('2')",
                "expect(calls.some(call => call.method === 'GET' && call.path.includes('/inventory'))).toBeTruthy()"
              ],
              "projects": [
                "chromium",
                "firefox"
              ]
            },
            {
              "title": "FE012.AC03 mock stale-version 412 preserves draft fields and does not show success",
              "line": 182,
              "assertions": [
                "expect(page.getByRole('status').filter({ hasText: 'Trạng thái thử đã được áp dụng.' })).toBeVisible()",
                "expect((await staleSave).status()).toBe(412)",
                "expect(comparison).toBeVisible()",
                "expect(comparison.getByText('Bản chỉnh sửa cần giữ lại khi có xung đột',{exact:true})).toBeVisible()",
                "expect(staleNotes).toHaveValue('Bản chỉnh sửa cần giữ lại khi có xung đột')"
              ],
              "projects": [
                "chromium",
                "firefox"
              ]
            },
            {
              "title": "FE012.AC03 offline state blocks quote mutation while retaining the loaded draft",
              "line": 199,
              "assertions": [
                "expect(page.getByRole('heading', { name: 'Đơn DH-1001', exact: true })).toBeVisible()",
                "expect(quote).toBeDisabled()",
                "expect(calls.filter(call => call.method === 'POST' && call.path.endsWith('/orders/DH-1001/quote'))).toHaveLength(0)",
                "expect(page.getByText('Bản nháp', { exact: true })).toBeVisible()"
              ],
              "projects": [
                "chromium",
                "firefox"
              ]
            },
            {
              "title": "FE012.AC03 unknown confirm outcome blocks duplicate writes until shared command recovery is available",
              "line": 211,
              "assertions": [
                "expect(page.getByRole('button', { name: 'Mô phỏng khách đồng ý báo giá' })).toBeVisible()",
                "expect(page.getByText(/Đã ghi nhận bằng chứng/)).toBeVisible()",
                "expect(unknownResult.status()).toBe(202)",
                "expect(unknownCommand.status).toBe('unknown')",
                "expect(page.getByRole('alert').filter({ hasText: 'Chưa xác minh được kết quả' })).toBeVisible({ timeout: 15000 })",
                "expect(page.getByText(/Mã lệnh cần kiểm tra/)).toBeVisible()",
                "expect(page.getByRole('button', { name: 'Kiểm tra trạng thái lệnh' })).toBeVisible()",
                "expect(page.getByRole('status').filter({ hasText: 'Đã sao chép mã lệnh.' })).toBeVisible()",
                "expect.poll(() => page.evaluate(() => navigator.clipboard.readText())).toBe(unknownCommand.id)",
                "expect.poll(() => page.evaluate(() => navigator.clipboard.readText()))",
                "expect(calls.find(call => call.method === 'POST' && call.path.endsWith('/orders/DH-1001/confirm'))?.headers['idempotency-key']).toBeTruthy()",
                "expect((await recoveryResponse).status()).toBe(200)",
                "expect(page.getByText('Backend chưa xác minh kết quả. Thao tác tương ứng tiếp tục bị khóa.')).toBeVisible()",
                "expect(calls.filter(call => call.method === 'POST' && call.path.endsWith('/orders/DH-1001/confirm'))).toHaveLength(1)",
                "expect(page.getByRole('button', { name: 'Xác nhận đơn & giữ hàng' })).toHaveCount(0)"
              ],
              "projects": [
                "chromium",
                "firefox"
              ]
            },
            {
              "title": "FE012.AC03 quote and customer confirmation expiration disable confirmation using API time",
              "line": 257,
              "assertions": [
                "expect(quote.data.expiresAt).toBeTruthy()",
                "expect(confirm).toBeEnabled()",
                "expect(page.getByRole('alert').filter({ hasText: 'Báo giá đã hết hạn' })).toBeVisible()",
                "expect(confirm).toBeDisabled()",
                "expect(page.getByText(/Bằng chứng khách đã hết hạn hoặc bị thay thế/)).toBeVisible()",
                "expect(calls.filter(call => call.method === 'POST' && call.path.endsWith('/orders/DH-1001/confirm'))).toHaveLength(0)"
              ],
              "projects": [
                "chromium",
                "firefox"
              ]
            },
            {
              "title": "FE012.AC03 returns reject fractional/over-original quantities locally and preserve data on cumulative mock rejection",
              "line": 277,
              "assertions": [
                "expect(dialog.getByRole('button', { name: 'Tạo yêu cầu' })).toBeDisabled()",
                "expect(calls.filter(call => call.method === 'POST' && call.path.endsWith('/returns'))).toHaveLength(0)",
                "expect(dialog.getByRole('button', { name: 'Tạo yêu cầu' })).toBeDisabled()",
                "expect(rejected.status()).toBe(422)",
                "expect(dialog.getByRole('alert').filter({ hasText: 'Số trả vượt số đã giao' })).toBeVisible()",
                "expect(quantity).toHaveValue('1')",
                "expect(dialog.getByRole('textbox', { name: 'Lý do trả' })).toHaveValue('Khách đổi ý trong thời hạn mẫu')",
                "expect(calls.filter(call => call.method === 'POST' && call.path.endsWith('/returns'))).toHaveLength(1)"
              ],
              "projects": [
                "chromium",
                "firefox"
              ]
            },
            {
              "title": "FE012.AC04 return inspection loads the current case and applies accepted partial quantity to mock stock and refund",
              "line": 301,
              "assertions": [
                "expect((await detailResponse).status()).toBe(200)",
                "expect(acceptedQuantity).toHaveValue('2')",
                "expect(JSON.parse(request.postData() || '{}')).toMatchObject({\n        expectedVersion: 1,\n        lines: [{ orderLineId: 'seed-ol-return-02', acceptedQuantity: 1, disposition: 'sellable' }],\n    })",
                "expect(response.status()).toBe(200)",
                "expect((await response.json()).data).toMatchObject({ state: 'inspected', refundObligation: { amount: '249000', currency: 'VND' } })",
                "expect(dialog).toBeHidden()",
                "expect(calls.filter(call => call.method === 'POST' && call.path.endsWith(`/returns/${returnId}/inspect`))).toHaveLength(1)",
                "expect(page.getByRole('heading', { name: 'Đơn DH-DEMO-RETURN-02', exact: true })).toBeVisible()",
                "expect((await overRefund).status()).toBe(422)",
                "expect(refundDialog.getByRole('alert').filter({ hasText: 'Cần bằng chứng hoàn' })).toBeVisible()",
                "expect(refundDialog.getByRole('textbox', { name: 'Số tiền (VND)' })).toHaveValue('498000')",
                "expect(JSON.parse((await refundRequest).postData() || '{}')).toMatchObject({ expectedVersion: 3, amount: { amount: '249000', currency: 'VND' }, evidenceRef: 'synthetic-refund-evidence' })",
                "expect((await refundResponse).status()).toBe(202)",
                "expect(page.getByText('Hoàn tiền một phần', { exact: true })).toBeVisible()"
              ],
              "projects": [
                "chromium",
                "firefox"
              ]
            },
            {
              "title": "FE012.AC03 handed-over order routes to returns and exposes no ordinary cancel action",
              "line": 354,
              "assertions": [
                "expect(page.getByRole('heading', { name: 'Đơn DH-DEMO-PAID-01', exact: true })).toBeVisible()",
                "expect(page.getByRole('button', { name: 'Hủy đơn' })).toHaveCount(0)",
                "expect(page.getByRole('link', { name: 'Tạo yêu cầu trả hàng' })).toBeVisible()"
              ],
              "projects": [
                "chromium",
                "firefox"
              ]
            },
            {
              "title": "FE012.AC05 order drafting remains usable without horizontal page overflow and passes focused axe checks",
              "line": 361,
              "assertions": [
                "expect(page.getByRole('heading', { name: 'Tạo đơn hàng', exact: true })).toBeVisible()",
                "expect(overflowsViewport, `order draft overflows at ${width}px`).toBe(false)",
                "expect(audit.violations).toEqual([])"
              ],
              "projects": [
                "chromium",
                "firefox"
              ]
            }
          ]
        }
      ]
    },
    {
      "name": "Current shared dependency regressions",
      "unit": 174,
      "domain": 88,
      "sourceMap": 16,
      "browser": 566,
      "builtArtifact": 6,
      "limits": "Counts describe distinct suites; they are not added into a checkpoint percentage. Owner case and source checks above are required independently."
    },
    {
      "name": "Executed unit owners",
      "owners": [
        {
          "file": "apps/web/tests/versioned-draft.test.tsx",
          "sha256": "664d2c84a48ed012aee2039b70cd322fa63186e254b5cd246f86edc803b81ee8",
          "cases": [
            "F01/F02/F03 keeps the baseline version and draft across unrelated and conflicting server changes",
            "F01 requires choices for both-side changes and treats arrays as one field",
            "F01 rejects outdated comparison choices when the server changes again",
            "F01 removes newly hidden fields from comparison and outgoing patches",
            "F05-style save completion preserves edits made after submission and commits the authoritative version",
            "fingerprints ignore object key order but preserve array order, null and empty values",
            "F01 releases a dismissed editor baseline before reopening the same resource with newer data"
          ]
        },
        {
          "file": "apps/web/tests/command-lifetime.test.tsx",
          "sha256": "9c85b3fedbb57f9169f878112a0494121532be434b4a8fd1165955c61d36e2f5",
          "cases": [
            "F04 rejects a retained execute function from a previous scope before HTTP",
            "F04 does not report success when the scope closes while authoritative cache refresh is pending",
            "F04 rejects a pre-aborted execution without sending or recording an unknown mutation",
            "F04 only completes after authoritative success while the StrictMode scope remains alive"
          ]
        },
        {
          "file": "apps/web/tests/scope-events.test.tsx",
          "sha256": "5cea51724d2f1ca1c1d34325b7b310e57ff35754510452117e20329f301bb622",
          "cases": [
            "F09 narrows identified Inbox events and ignores duplicate/out-of-order/foreign-shop events",
            "F09 revocation closes the stream and refreshes the session even when its sequence is old",
            "F09 rejects callbacks from a disposed stream after shop/permission changes or unmount"
          ]
        }
      ],
      "limit": "Literal owner titles bind actual verbose output; parameterized cases remain covered by the whole 174-case run, without inventing separate executions."
    },
    {
      "name": "Compiled comparison behavior",
      "browsers": [
        {
          "browser": "chromium",
          "writes": [
            {
              "version": "\"1\"",
              "body": {
                "notes": "Built concurrent server note"
              }
            },
            {
              "version": "\"2\"",
              "body": {
                "displayName": "Built local draft"
              }
            }
          ],
          "result": "PASS"
        },
        {
          "browser": "firefox",
          "writes": [
            {
              "version": "\"1\"",
              "body": {
                "notes": "Built concurrent server note"
              }
            },
            {
              "version": "\"2\"",
              "body": {
                "displayName": "Built local draft"
              }
            }
          ],
          "result": "PASS"
        }
      ],
      "artifact": "built-comparison-review-current.json",
      "limit": "Additional built-artifact observation; not added into full browser or six-case built-suite counts."
    }
  ],
  "executionRecords": [
    {
      "stage": "e2e",
      "startedAt": "2026-10-08T08:56:56.838Z",
      "finishedAt": "2026-10-08T09:50:46.607Z",
      "log": {
        "path": "BotSalesAI_Frontend/evidence/frontend-toolbar-20261008/runs/toolbar-1791449812941-81044/e2e.log",
        "sha256": "3b1b0bade750acc0a043bbd99be26e0c3c72693c69e0ca74f15374af451ee58f"
      },
      "sourceDrift": []
    },
    {
      "stage": "verify",
      "startedAt": "2026-10-08T09:57:51.888Z",
      "finishedAt": "2026-10-08T10:00:41.306Z",
      "log": {
        "path": "BotSalesAI_Frontend/evidence/frontend-toolbar-20261008/runs/toolbar-1791453471887-70896/verify.log",
        "sha256": "3877b10727e1de723f0dbf97ce18477f2bffb84edd0c81b4d0d005123630fbef"
      },
      "sourceDrift": []
    },
    {
      "stage": "unit",
      "startedAt": "2026-10-08T09:13:19.120Z",
      "finishedAt": "2026-10-08T09:13:27.706Z",
      "log": {
        "path": "BotSalesAI_Frontend/evidence/frontend-toolbar-20261008/runs/toolbar-1791450799118-6420/unit.log",
        "sha256": "898190d1ec5c44618d85c25870ad388d2f2a7c39770b169f7913d5bf9daa6e7d"
      },
      "sourceDrift": []
    },
    {
      "stage": "source-maps",
      "startedAt": "2026-10-08T09:21:37.909Z",
      "finishedAt": "2026-10-08T09:21:38.103Z",
      "log": {
        "path": "BotSalesAI_Frontend/evidence/frontend-toolbar-20261008/runs/toolbar-1791451297907-9880/source-maps.log",
        "sha256": "c3f32dabe032ef1c8bfd06f9816d663f370d8e23e11ca44eb5a06787dc9f3446"
      },
      "sourceDrift": []
    },
    {
      "stage": "built-demo",
      "startedAt": "2026-10-08T09:54:16.588Z",
      "finishedAt": "2026-10-08T09:57:14.696Z",
      "log": {
        "path": "BotSalesAI_Frontend/evidence/frontend-toolbar-20261008/runs/toolbar-1791453253022-85404/built-demo.log",
        "sha256": "058394b7482ff9da610e47a95975543940501510cc85469399f0995b6861c470"
      },
      "sourceDrift": []
    }
  ],
  "sourceSnapshotSha256": "c7699d61add3c83d04c131f77e0473a0199df6c2a64093554db4bda3806448db"
}
