
> botsales-frontend@0.1.0 test:e2e
> node scripts/run-e2e.mjs tests/security.spec.ts tests/route-role-matrix.spec.ts tests/fe011.spec.ts tests/fe016.spec.ts tests/fe018.spec.ts tests/fe019.spec.ts tests/fe021.spec.ts


> npm run setup

> botsales-frontend@0.1.0 setup
> node scripts/setup.mjs

{"status":"PASS","outputs":11,"schemas":283,"operations":210,"routes":54}
Copying the worker script at "C:\Users\Joker-PC\Documents\Projects\Bot-AI-Ban-hang-FB\BotSalesAI_Frontend\apps\web\public"...

Worker script successfully copied!
  - public

Continue by describing the network in your application:


https://mswjs.io/docs/quick-start

Thiết lập xong. npm run dev chạy frontend mô phỏng; không kết nối khách hàng hoặc provider thật.

> npm run build

> botsales-frontend@0.1.0 build
> npm run generate:check && npm run typecheck && npm run build --workspace @botsales/web


> botsales-frontend@0.1.0 generate:check
> node scripts/generate.mjs --check

{"status":"PASS","outputs":11,"schemas":283,"operations":210,"routes":54}

> botsales-frontend@0.1.0 typecheck
> tsc -p apps/web/tsconfig.json --noEmit


> @botsales/web@0.1.0 build
> vite build --mode production

vite v7.3.6 building client environment for production...
transforming...
✓ 2058 modules transformed.
rendering chunks...
computing gzip size...
dist/index.html                              1.19 kB │ gzip:   0.60 kB
dist/assets/index-BQPx7lJM.css               3.56 kB │ gzip:   1.33 kB
dist/assets/download-8lJFmiSZ.js             0.23 kB │ gzip:   0.17 kB
dist/assets/filters-CVitQAxr.js              0.32 kB │ gzip:   0.25 kB
dist/assets/hooks-CBDxsWZl.js                3.19 kB │ gzip:   1.62 kB
dist/assets/index-Dt4AXT1m.js                7.86 kB │ gzip:   3.14 kB
dist/assets/index-9BtJMVCU.js                8.29 kB │ gzip:   3.52 kB
dist/assets/index-C9AgEiGR.js                9.79 kB │ gzip:   3.68 kB
dist/assets/index-C3Kf44d7.js               13.65 kB │ gzip:   4.48 kB
dist/assets/index-CvElWXHx.js               13.78 kB │ gzip:   5.62 kB
dist/assets/index-Bwgmy1zt.js               14.15 kB │ gzip:   5.48 kB
dist/assets/index-Bks9rNSx.js               14.30 kB │ gzip:   5.30 kB
dist/assets/index-DrG-q_e5.js               16.21 kB │ gzip:   5.48 kB
dist/assets/index-6x8HVE-S.js               16.38 kB │ gzip:   5.41 kB
dist/assets/index-C5lWfmsM.js               17.80 kB │ gzip:   6.25 kB
dist/assets/index-B5svGCaS.js               18.46 kB │ gzip:   6.15 kB
dist/assets/index-5VaCK5KI.js               21.82 kB │ gzip:   7.41 kB
dist/assets/index-CPdfFEJ_.js               22.92 kB │ gzip:   8.18 kB
dist/assets/index-DCvRshdR.js               25.83 kB │ gzip:   8.43 kB
dist/assets/index-DitEZlo5.js               31.55 kB │ gzip:   9.82 kB
dist/assets/query-5vm9EU1C.js               33.15 kB │ gzip:   9.92 kB
dist/assets/index-FjkcWVPW.js               37.04 kB │ gzip:  10.06 kB
dist/assets/i18n-xB0mQYCC.js                46.14 kB │ gzip:  15.12 kB
dist/assets/schemas-jpQ0XMzw.js             79.18 kB │ gzip:  24.03 kB
dist/assets/index-CiQzCbiY.js               87.75 kB │ gzip:  27.86 kB
dist/assets/schema-validation-Bhr7oAQE.js  149.80 kB │ gzip:  45.12 kB
dist/assets/react-runtime-D0NtfbPC.js      279.78 kB │ gzip:  90.28 kB
dist/assets/contract-data-BIzYYkc1.js      303.99 kB │ gzip:  36.17 kB
dist/assets/charts-CQ4oecFO.js             313.03 kB │ gzip:  94.99 kB
dist/assets/mui-Bz_aCSm2.js                328.33 kB │ gzip: 100.02 kB
✓ built in 2.80s

> npm run build:demo

> botsales-frontend@0.1.0 build:demo
> npm run generate:check && npm run typecheck && npm run build:demo --workspace @botsales/web


> botsales-frontend@0.1.0 generate:check
> node scripts/generate.mjs --check

{"status":"PASS","outputs":11,"schemas":283,"operations":210,"routes":54}

> botsales-frontend@0.1.0 typecheck
> tsc -p apps/web/tsconfig.json --noEmit


> @botsales/web@0.1.0 build:demo
> vite build --mode demo --outDir dist-demo

vite v7.3.6 building client environment for demo...
transforming...
✓ 2274 modules transformed.
rendering chunks...
computing gzip size...
dist-demo/index.html                              1.19 kB │ gzip:   0.59 kB
dist-demo/assets/index-BQPx7lJM.css               3.56 kB │ gzip:   1.33 kB
dist-demo/assets/download-CWiaXb8A.js             0.24 kB │ gzip:   0.17 kB
dist-demo/assets/filters-Bi-qlnQp.js              0.32 kB │ gzip:   0.24 kB
dist-demo/assets/control-6gq2NE8L.js              0.72 kB │ gzip:   0.43 kB
dist-demo/assets/hooks-CfgBtLfw.js                3.19 kB │ gzip:   1.62 kB
dist-demo/assets/index-CqBBOSKs.js                8.30 kB │ gzip:   3.52 kB
dist-demo/assets/index-BVy9FJF5.js                8.40 kB │ gzip:   3.33 kB
dist-demo/assets/index-B14mYDvE.js                9.79 kB │ gzip:   3.68 kB
dist-demo/assets/index-5vUHDzqU.js               13.65 kB │ gzip:   4.48 kB
dist-demo/assets/index-DjQYVQBN.js               13.85 kB │ gzip:   5.28 kB
dist-demo/assets/index-ByPokguO.js               13.97 kB │ gzip:   5.68 kB
dist-demo/assets/index-CvZhFJu8.js               16.54 kB │ gzip:   5.45 kB
dist-demo/assets/index-CLrGh_Ba.js               17.80 kB │ gzip:   6.25 kB
dist-demo/assets/index-DHnyyXSn.js               18.41 kB │ gzip:   6.25 kB
dist-demo/assets/index-CqNsJVHo.js               18.46 kB │ gzip:   6.15 kB
dist-demo/assets/index-D0CJ-99J.js               22.23 kB │ gzip:   7.57 kB
dist-demo/assets/index-CsCeMRSS.js               22.32 kB │ gzip:   7.75 kB
dist-demo/assets/index-CAYOA1ry.js               23.16 kB │ gzip:   8.24 kB
dist-demo/assets/index-2e6O5J2Y.js               26.30 kB │ gzip:   8.57 kB
dist-demo/assets/query-5vm9EU1C.js               33.15 kB │ gzip:   9.92 kB
dist-demo/assets/index-DSOP2yCc.js               33.81 kB │ gzip:  10.53 kB
dist-demo/assets/index-BgH-bgCL.js               37.04 kB │ gzip:  10.06 kB
dist-demo/assets/i18n-xB0mQYCC.js                46.14 kB │ gzip:  15.12 kB
dist-demo/assets/schemas-jpQ0XMzw.js             79.18 kB │ gzip:  24.03 kB
dist-demo/assets/index-BrET1yGr.js               91.61 kB │ gzip:  28.98 kB
dist-demo/assets/schema-validation-Bhr7oAQE.js  149.80 kB │ gzip:  45.12 kB
dist-demo/assets/service-BepI4YXI.js            159.35 kB │ gzip:  34.71 kB
dist-demo/assets/browser-BmJvqrDj.js            255.20 kB │ gzip:  86.82 kB
dist-demo/assets/react-runtime-D0NtfbPC.js      279.78 kB │ gzip:  90.28 kB
dist-demo/assets/contract-data-D-QqiNa-.js      309.77 kB │ gzip:  37.31 kB
dist-demo/assets/charts-RcpaDpmM.js             313.03 kB │ gzip:  94.99 kB
dist-demo/assets/mui-azn9KfGV.js                328.33 kB │ gzip: 100.02 kB
✓ built in 3.16s

> node node_modules\@playwright\test\cli.js test tests/security.spec.ts tests/route-role-matrix.spec.ts tests/fe011.spec.ts tests/fe016.spec.ts tests/fe018.spec.ts tests/fe019.spec.ts tests/fe021.spec.ts

Running 130 tests using 1 worker

(node:58344) Warning: The 'NO_COLOR' env is ignored due to the 'FORCE_COLOR' env being set.
(Use `node --trace-warnings ...` to show where the warning was created)
  ok   1 [chromium] › tests\fe011.spec.ts:35:1 › FE011.AC01 snapshot drives stock totals and the SKU opens its catalog result (2.5s)
  ok   2 [chromium] › tests\fe011.spec.ts:54:1 › FE011.AC02 adjustment validates, waits for mock confirmation, and reconciles movement history once (4.1s)
  ok   3 [chromium] › tests\fe011.spec.ts:92:1 › FE011.AC03 conflict and insufficient stock preserve the draft and never update optimistically (3.1s)
  ok   4 [chromium] › tests\fe011.spec.ts:120:1 › FE011.AC03 forbidden adjustment retains user input and shows no success state (2.0s)
  ok   5 [chromium] › tests\fe011.spec.ts:136:1 › FE011.AC03 unknown command blocks duplicate submission until shared recovery reconciles it (2.2s)
  ok   6 [chromium] › tests\fe011.spec.ts:154:1 › FE011.AC04 movement contract filters are URL-backed and history exposes actor and permission-gated source (1.4s)
  ok   7 [chromium] › tests\fe011.spec.ts:182:1 › FE011.AC05 inventory reflows at mobile widths, passes axe, and restores keyboard focus after adjustment dialog (2.0s)
  ok   8 [chromium] › tests\fe011.spec.ts:205:1 › FE011.AC03 unknown shop scope shows no stock from another shop (404ms)
  ok   9 [chromium] › tests\fe016.spec.ts:67:1 › UI015 mobile demo tools disclose by keyboard and inbox stays within narrow viewports (1.5s)
  ok  10 [chromium] › tests\fe016.spec.ts:100:1 › FE016 conversation keeps its composer visible while long demo context scrolls independently (1.2s)
  ok  11 [chromium] › tests\fe016.spec.ts:133:1 › FE016.AC01 inbox filters call canonical query fields and remain bookmarked through conversation details (2.2s)
  ok  12 [chromium] › tests\fe016.spec.ts:161:1 › FE016.AC01 list cursor is isolated from message cursor and restored on back navigation (1.0s)
  ok  13 [chromium] › tests\fe016.spec.ts:180:1 › UI002 inbox list and message cursors stay independent through paging, conversation switch and shop change (2.9s)
  ok  14 [chromium] › tests\fe016.spec.ts:269:1 › UI002 mobile keeps the list page while messages page and Back restores it (2.3s)
  ok  15 [chromium] › tests\fe016.spec.ts:313:1 › UI002 Inbox search resets only the list cursor while a message page is open (2.0s)
  ok  16 [chromium] › tests\fe016.spec.ts:370:1 › UI002 deep link, refresh and mobile Back preserve their own cursors (1.7s)
  ok  17 [chromium] › tests\fe016.spec.ts:424:1 › UI002 list and message panel errors remain isolated (5.3s)
  ok  18 [chromium] › tests\fe016.spec.ts:448:1 › UI002 send, invalidation and resync keep both cursors and send only once (2.1s)
  ok  19 [chromium] › tests\fe016.spec.ts:508:1 › FE016.AC01 takeover and reply use current versions and show API send state without claiming delivery (1.9s)
  ok  20 [chromium] › tests\fe016.spec.ts:535:1 › FE016.AC02 internal notes render HTML-like text inert and feedback creates only a review draft (1.8s)
  ok  21 [chromium] › tests\fe016.spec.ts:566:1 › FE016.AC03 unknown send keeps the reply draft, exposes command recovery and never blindly resends (1.6s)
  ok  22 [chromium] › tests\fe016.spec.ts:587:1 › FE016.AC04 role without customer/order permissions cannot open those cross-module references (1.1s)
  ok  23 [chromium] › tests\fe016.spec.ts:598:1 › FE016.S03 stale takeover preserves reason and reports the version conflict (2.0s)
  ok  24 [chromium] › tests\fe016.spec.ts:614:1 › FE016.B05 cross-sell promotion preview shows sample rules without applying a discount (1.3s)
  ok  25 [chromium] › tests\fe016.spec.ts:628:1 › FE016.B08 image and voice preview is synthetic and stays local (1.2s)
  ok  26 [chromium] › tests\fe016.spec.ts:643:1 › FE027.B01 industry sales script preview asks for missing facts and stays a local draft (1.5s)
  ok  27 [chromium] › tests\fe016.spec.ts:659:1 › FE027.B02 inbox price and available stock preview uses current canonical mock reads (961ms)
  ok  28 [chromium] › tests\fe016.spec.ts:680:1 › FE027.B03 order capture links the active customer and conversation into the manual order form (1.6s)
  ok  29 [chromium] › tests\fe016.spec.ts:690:1 › FE027.B04 automatic order confirmation stays unavailable until policy and customer evidence exist (1.2s)
  ok  30 [chromium] › tests\fe018.spec.ts:128:1 › FE018.S01 maps routes and operations to the canonical OpenAPI permissions (445ms)
  ok  31 [chromium] › tests\fe018.spec.ts:145:1 › FE018.AC01/04 draft saves use the contract version and keep human order confirmation locked after a conflict (3.6s)
  ok  32 [chromium] › tests\fe018.spec.ts:176:1 › FE018.AC03 evaluation is synthetic, revision-bound, and cannot publish a stale draft (3.7s)
  ok  33 [chromium] › tests\fe018.spec.ts:200:1 › FE018.AC01/04 successful publish is tied to the tested revision and pause explains its boundary (3.5s)
  ok  34 [chromium] › tests\fe018.spec.ts:230:1 › FE018.AC03 playground sends no external message and preserves unknown cost and token values (2.4s)
  ok  35 [chromium] › tests\fe018.spec.ts:252:1 › FE018.S03 synthetic budget and tool denials retain the prompt and never show a generated answer (3.8s)
  ok  36 [chromium] › tests\fe018.spec.ts:278:1 › FE027.H03 budget and provider failover preview refuses silent provider switching on exhaustion (2.2s)
  ok  37 [chromium] › tests\fe018.spec.ts:292:1 › FE018.AC02 role kill switch is versioned, preserves API tools, and does not pause the whole bot (4.2s)
  ok  38 [chromium] › tests\fe018.spec.ts:333:1 › FE018.AC02 expired, wrong-scope, and matching approvals produce honest budget results (2.5s)
  ok  39 [chromium] › tests\fe018.spec.ts:361:1 › FE018.AC05 manager and bot-admin roles cannot use operations outside their canonical permissions (2.4s)
  ok  40 [chromium] › tests\fe018.spec.ts:393:1 › FE018.AC05 unknown role command stays unresolved and does not claim successful resumption (3.0s)
UI004_25_ACCEPTANCE={"total":25,"pageSizes":[20,5],"cursor":"evaluation-10016","oldestRecord":"evaluation-10001","oldestReachable":true,"detailPreservedCursor":true,"browserBackRestoredFirstPage":true,"searchResetCursor":true}
  ok  41 [chromium] › tests\fe018.spec.ts:409:1 › UI004 25 evaluations: cursor pages reach the last record and preserve detail, search, and browser Back state (3.7s)
UI004_105_ACCEPTANCE={"total":105,"pageSizes":[20,20,20,20,20,5],"pagesVisited":6,"cursorRequests":["evaluation-10256","evaluation-10196","evaluation-10136","evaluation-10076","evaluation-10016"],"uniqueRecords":105,"oldestRecord":"evaluation-10001","oldestReachable":true,"failedCursorRetainedForRetry":"evaluation-10196","errorShowsNoFabricatedRows":true,"retrySucceeded":true}
  ok  42 [chromium] › tests\fe018.spec.ts:455:1 › UI004 105 evaluations: cursor traversal reaches every record and retains the failing cursor for retry (8.7s)
  ok  43 [chromium] › tests\fe019.spec.ts:21:1 › FE019.S01 maps integrations and notification routes, actions, schemas, and mock boundaries (15ms)
  ok  44 [chromium] › tests\fe019.spec.ts:70:1 › FE019.AC01 AI secret is write-only, cleared after submit, and absent from stored/read data (2.9s)
  ok  45 [chromium] › tests\fe019.spec.ts:117:1 › FE019.AC01 invalid mock credential is rejected, cleared from the form, and not submitted (1.9s)
  ok  46 [chromium] › tests\fe019.spec.ts:138:1 › FE019.AC02 channel OAuth failure stays on the page and never marks a channel connected (1.3s)
  ok  47 [chromium] › tests\fe019.spec.ts:172:1 › FE019.AC03/04 device, Telegram, and PWA checks stay synthetic and do not request OS permission (3.2s)
  ok  48 [chromium] › tests\fe019.spec.ts:251:1 › FE019.AC05 notification policy validates canonical numeric bounds before sending and acknowledges only allowed work (2.5s)
  ok  49 [chromium] › tests\fe019.spec.ts:273:1 › FE019.A03 notification order link stays within the active shop scope (1.5s)
  ok  50 [chromium] › tests\fe019.spec.ts:282:1 › FE019.A05 reminder policy saves shop-local schedule and quiet hours through the synthetic API (1.5s)
  ok  51 [chromium] › tests\fe019.spec.ts:309:1 › FE027.A02/A07 preparation notification keeps order evidence and separates queued, opened, and acknowledged states (812ms)
  ok  52 [chromium] › tests\fe019.spec.ts:334:1 › FE027.A08 notification settings disclose server-only deduplication and callback safeguards (1.2s)
  ok  53 [chromium] › tests\fe021.spec.ts:29:1 › FE021 dashboard keeps independent panels usable and hides finance fields without finance.read (1.5s)
  ok  54 [chromium] › tests\fe021.spec.ts:41:1 › FE021 marketing chart and table match the same synthetic API fixture and preserve missing actual spend (1.9s)
  ok  55 [chromium] › tests\fe021.spec.ts:64:1 › FE021 export uses inclusive shop-local boundaries, safe CSV, API jobs and cursor pagination (3.0s)
  ok  56 [chromium] › tests\fe021.spec.ts:119:1 › FE021 mock rejects an export when reports.export lacks the source permission (991ms)
  ok  57 [chromium] › tests\fe021.spec.ts:139:1 › FE021 mock rejects an invalid report timezone before creating an export job (1.2s)
  ok  58 [chromium] › tests\fe021.spec.ts:159:1 › FE021 ambiguous export result preserves the selected dates and never exposes a download (2.7s)
  ok  59 [chromium] › tests\fe021.spec.ts:172:1 › FE021 empty report and marketing payloads render explicit empty states (2.1s)
  ok  60 [chromium] › tests\fe021.spec.ts:191:1 › FE021 stale export conflict preserves dates and never exposes a download (2.6s)
ROUTE_ROLE_MATRIX_CASES=357 ROLES=7 PRIVATE_ROUTES=51 RESULT=PASS
  ok  61 [chromium] › tests\route-role-matrix.spec.ts:42:1 › route read access matches canonical permissions for every demo role (17.5s)
  ok  62 [chromium] › tests\security.spec.ts:35:1 › untrusted product text renders as text without activating markup (2.3s)
  ok  63 [chromium] › tests\security.spec.ts:53:1 › catalog import rejects a non-CSV file before an upload request (1.2s)
  ok  64 [chromium] › tests\security.spec.ts:71:1 › catalog import rejects files above the demo size limit before upload (1.5s)
  ok  65 [chromium] › tests\security.spec.ts:89:1 › mock uploads require a purpose, enforce its role, and fingerprint file content for retries (1.6s)
(node:39056) Warning: The 'NO_COLOR' env is ignored due to the 'FORCE_COLOR' env being set.
(Use `node --trace-warnings ...` to show where the warning was created)
  ok  66 [firefox] › tests\fe011.spec.ts:35:1 › FE011.AC01 snapshot drives stock totals and the SKU opens its catalog result (4.2s)
  ok  67 [firefox] › tests\fe011.spec.ts:54:1 › FE011.AC02 adjustment validates, waits for mock confirmation, and reconciles movement history once (4.6s)
  ok  68 [firefox] › tests\fe011.spec.ts:92:1 › FE011.AC03 conflict and insufficient stock preserve the draft and never update optimistically (3.5s)
  ok  69 [firefox] › tests\fe011.spec.ts:120:1 › FE011.AC03 forbidden adjustment retains user input and shows no success state (2.3s)
  ok  70 [firefox] › tests\fe011.spec.ts:136:1 › FE011.AC03 unknown command blocks duplicate submission until shared recovery reconciles it (2.5s)
  ok  71 [firefox] › tests\fe011.spec.ts:154:1 › FE011.AC04 movement contract filters are URL-backed and history exposes actor and permission-gated source (1.6s)
  ok  72 [firefox] › tests\fe011.spec.ts:182:1 › FE011.AC05 inventory reflows at mobile widths, passes axe, and restores keyboard focus after adjustment dialog (2.4s)
  ok  73 [firefox] › tests\fe011.spec.ts:205:1 › FE011.AC03 unknown shop scope shows no stock from another shop (500ms)
  ok  74 [firefox] › tests\fe016.spec.ts:67:1 › UI015 mobile demo tools disclose by keyboard and inbox stays within narrow viewports (1.7s)
  ok  75 [firefox] › tests\fe016.spec.ts:100:1 › FE016 conversation keeps its composer visible while long demo context scrolls independently (2.1s)
  ok  76 [firefox] › tests\fe016.spec.ts:133:1 › FE016.AC01 inbox filters call canonical query fields and remain bookmarked through conversation details (2.5s)
  ok  77 [firefox] › tests\fe016.spec.ts:161:1 › FE016.AC01 list cursor is isolated from message cursor and restored on back navigation (1.2s)
  ok  78 [firefox] › tests\fe016.spec.ts:180:1 › UI002 inbox list and message cursors stay independent through paging, conversation switch and shop change (3.6s)
  ok  79 [firefox] › tests\fe016.spec.ts:269:1 › UI002 mobile keeps the list page while messages page and Back restores it (2.8s)
  ok  80 [firefox] › tests\fe016.spec.ts:313:1 › UI002 Inbox search resets only the list cursor while a message page is open (2.5s)
  ok  81 [firefox] › tests\fe016.spec.ts:370:1 › UI002 deep link, refresh and mobile Back preserve their own cursors (2.1s)
  ok  82 [firefox] › tests\fe016.spec.ts:424:1 › UI002 list and message panel errors remain isolated (7.0s)
  ok  83 [firefox] › tests\fe016.spec.ts:448:1 › UI002 send, invalidation and resync keep both cursors and send only once (2.6s)
  ok  84 [firefox] › tests\fe016.spec.ts:508:1 › FE016.AC01 takeover and reply use current versions and show API send state without claiming delivery (2.3s)
  ok  85 [firefox] › tests\fe016.spec.ts:535:1 › FE016.AC02 internal notes render HTML-like text inert and feedback creates only a review draft (2.8s)
  ok  86 [firefox] › tests\fe016.spec.ts:566:1 › FE016.AC03 unknown send keeps the reply draft, exposes command recovery and never blindly resends (2.3s)
  ok  87 [firefox] › tests\fe016.spec.ts:587:1 › FE016.AC04 role without customer/order permissions cannot open those cross-module references (1.4s)
  ok  88 [firefox] › tests\fe016.spec.ts:598:1 › FE016.S03 stale takeover preserves reason and reports the version conflict (2.4s)
  ok  89 [firefox] › tests\fe016.spec.ts:614:1 › FE016.B05 cross-sell promotion preview shows sample rules without applying a discount (1.4s)
  ok  90 [firefox] › tests\fe016.spec.ts:628:1 › FE016.B08 image and voice preview is synthetic and stays local (1.4s)
  ok  91 [firefox] › tests\fe016.spec.ts:643:1 › FE027.B01 industry sales script preview asks for missing facts and stays a local draft (1.7s)
  ok  92 [firefox] › tests\fe016.spec.ts:659:1 › FE027.B02 inbox price and available stock preview uses current canonical mock reads (1.2s)
  ok  93 [firefox] › tests\fe016.spec.ts:680:1 › FE027.B03 order capture links the active customer and conversation into the manual order form (1.8s)
  ok  94 [firefox] › tests\fe016.spec.ts:690:1 › FE027.B04 automatic order confirmation stays unavailable until policy and customer evidence exist (1.4s)
  ok  95 [firefox] › tests\fe018.spec.ts:128:1 › FE018.S01 maps routes and operations to the canonical OpenAPI permissions (446ms)
  ok  96 [firefox] › tests\fe018.spec.ts:145:1 › FE018.AC01/04 draft saves use the contract version and keep human order confirmation locked after a conflict (4.9s)
  ok  97 [firefox] › tests\fe018.spec.ts:176:1 › FE018.AC03 evaluation is synthetic, revision-bound, and cannot publish a stale draft (3.7s)
  ok  98 [firefox] › tests\fe018.spec.ts:200:1 › FE018.AC01/04 successful publish is tied to the tested revision and pause explains its boundary (3.8s)
  ok  99 [firefox] › tests\fe018.spec.ts:230:1 › FE018.AC03 playground sends no external message and preserves unknown cost and token values (2.4s)
  ok 100 [firefox] › tests\fe018.spec.ts:252:1 › FE018.S03 synthetic budget and tool denials retain the prompt and never show a generated answer (3.9s)
  ok 101 [firefox] › tests\fe018.spec.ts:278:1 › FE027.H03 budget and provider failover preview refuses silent provider switching on exhaustion (2.1s)
  ok 102 [firefox] › tests\fe018.spec.ts:292:1 › FE018.AC02 role kill switch is versioned, preserves API tools, and does not pause the whole bot (4.7s)
  ok 103 [firefox] › tests\fe018.spec.ts:333:1 › FE018.AC02 expired, wrong-scope, and matching approvals produce honest budget results (2.8s)
  ok 104 [firefox] › tests\fe018.spec.ts:361:1 › FE018.AC05 manager and bot-admin roles cannot use operations outside their canonical permissions (2.7s)
  ok 105 [firefox] › tests\fe018.spec.ts:393:1 › FE018.AC05 unknown role command stays unresolved and does not claim successful resumption (3.0s)
UI004_25_ACCEPTANCE={"total":25,"pageSizes":[20,5],"cursor":"evaluation-10016","oldestRecord":"evaluation-10001","oldestReachable":true,"detailPreservedCursor":true,"browserBackRestoredFirstPage":true,"searchResetCursor":true}
  ok 106 [firefox] › tests\fe018.spec.ts:409:1 › UI004 25 evaluations: cursor pages reach the last record and preserve detail, search, and browser Back state (5.7s)
UI004_105_ACCEPTANCE={"total":105,"pageSizes":[20,20,20,20,20,5],"pagesVisited":6,"cursorRequests":["evaluation-10256","evaluation-10196","evaluation-10136","evaluation-10076","evaluation-10016"],"uniqueRecords":105,"oldestRecord":"evaluation-10001","oldestReachable":true,"failedCursorRetainedForRetry":"evaluation-10196","errorShowsNoFabricatedRows":true,"retrySucceeded":true}
  ok 107 [firefox] › tests\fe018.spec.ts:455:1 › UI004 105 evaluations: cursor traversal reaches every record and retains the failing cursor for retry (9.8s)
  ok 108 [firefox] › tests\fe019.spec.ts:21:1 › FE019.S01 maps integrations and notification routes, actions, schemas, and mock boundaries (16ms)
  ok 109 [firefox] › tests\fe019.spec.ts:70:1 › FE019.AC01 AI secret is write-only, cleared after submit, and absent from stored/read data (3.1s)
  ok 110 [firefox] › tests\fe019.spec.ts:117:1 › FE019.AC01 invalid mock credential is rejected, cleared from the form, and not submitted (2.2s)
  ok 111 [firefox] › tests\fe019.spec.ts:138:1 › FE019.AC02 channel OAuth failure stays on the page and never marks a channel connected (1.6s)
  ok 112 [firefox] › tests\fe019.spec.ts:172:1 › FE019.AC03/04 device, Telegram, and PWA checks stay synthetic and do not request OS permission (3.6s)
  ok 113 [firefox] › tests\fe019.spec.ts:251:1 › FE019.AC05 notification policy validates canonical numeric bounds before sending and acknowledges only allowed work (2.3s)
  ok 114 [firefox] › tests\fe019.spec.ts:273:1 › FE019.A03 notification order link stays within the active shop scope (1.8s)
  ok 115 [firefox] › tests\fe019.spec.ts:282:1 › FE019.A05 reminder policy saves shop-local schedule and quiet hours through the synthetic API (1.8s)
  ok 116 [firefox] › tests\fe019.spec.ts:309:1 › FE027.A02/A07 preparation notification keeps order evidence and separates queued, opened, and acknowledged states (930ms)
  ok 117 [firefox] › tests\fe019.spec.ts:334:1 › FE027.A08 notification settings disclose server-only deduplication and callback safeguards (3.3s)
  ok 118 [firefox] › tests\fe021.spec.ts:29:1 › FE021 dashboard keeps independent panels usable and hides finance fields without finance.read (1.7s)
  ok 119 [firefox] › tests\fe021.spec.ts:41:1 › FE021 marketing chart and table match the same synthetic API fixture and preserve missing actual spend (2.3s)
  ok 120 [firefox] › tests\fe021.spec.ts:64:1 › FE021 export uses inclusive shop-local boundaries, safe CSV, API jobs and cursor pagination (3.2s)
  ok 121 [firefox] › tests\fe021.spec.ts:119:1 › FE021 mock rejects an export when reports.export lacks the source permission (1.4s)
  ok 122 [firefox] › tests\fe021.spec.ts:139:1 › FE021 mock rejects an invalid report timezone before creating an export job (1.4s)
  ok 123 [firefox] › tests\fe021.spec.ts:159:1 › FE021 ambiguous export result preserves the selected dates and never exposes a download (2.9s)
  ok 124 [firefox] › tests\fe021.spec.ts:172:1 › FE021 empty report and marketing payloads render explicit empty states (2.6s)
  ok 125 [firefox] › tests\fe021.spec.ts:191:1 › FE021 stale export conflict preserves dates and never exposes a download (2.9s)
ROUTE_ROLE_MATRIX_CASES=357 ROLES=7 PRIVATE_ROUTES=51 RESULT=PASS
  ok 126 [firefox] › tests\route-role-matrix.spec.ts:42:1 › route read access matches canonical permissions for every demo role (20.2s)
  ok 127 [firefox] › tests\security.spec.ts:35:1 › untrusted product text renders as text without activating markup (4.5s)
  ok 128 [firefox] › tests\security.spec.ts:53:1 › catalog import rejects a non-CSV file before an upload request (1.4s)
  ok 129 [firefox] › tests\security.spec.ts:71:1 › catalog import rejects files above the demo size limit before upload (1.4s)
  ok 130 [firefox] › tests\security.spec.ts:89:1 › mock uploads require a purpose, enforce its role, and fingerprint file content for retries (2.0s)

  130 passed (6.3m)
EXIT_CODE=0
