{
  "executedAt": "2026-10-09T05:26:18.116Z",
  "taskId": "FE024",
  "stepId": "S05",
  "facts": [
    {
      "name": "Canonical task criteria",
      "action": "Review dependency advisory trên lockfile và diff/bundle; ghi phát hiện/lý do hoặc remediation có bằng chứng.",
      "verification": "Không tự nâng cả repo hoặc hạ rule; chưa kiểm advisory ghi CHƯA XÁC MINH. Ghi command/cwd/exit code, expected/observed, log/hash và source snapshot thực. Scope FRONTEND_WITH_SYNTHETIC_MOCK_API; không dùng kết quả prototype hoặc backend chưa chạy."
    },
    {
      "name": "Current task contract/source ownership",
      "routes": [
        {
          "id": "R01",
          "source": "apps/web/src/modules/workspace/index.tsx",
          "component": "LoginPage"
        },
        {
          "id": "R02",
          "source": "apps/web/src/modules/workspace/index.tsx",
          "component": "WorkspacesPage"
        },
        {
          "id": "R03",
          "source": "apps/web/src/modules/workspace/index.tsx",
          "component": "OnboardingPage"
        },
        {
          "id": "R04",
          "source": "apps/web/src/modules/dashboard/index.tsx",
          "component": "DashboardPage"
        },
        {
          "id": "R05",
          "source": "apps/web/src/modules/inbox/index.tsx",
          "component": "InboxPage"
        },
        {
          "id": "R06",
          "source": "apps/web/src/modules/inbox/index.tsx",
          "component": "InboxPage"
        },
        {
          "id": "R07",
          "source": "apps/web/src/modules/customers/index.tsx",
          "component": "CustomersPage"
        },
        {
          "id": "R08",
          "source": "apps/web/src/modules/customers/index.tsx",
          "component": "CustomerPage"
        },
        {
          "id": "R09",
          "source": "apps/web/src/modules/catalog/index.tsx",
          "component": "ProductsPage"
        },
        {
          "id": "R10",
          "source": "apps/web/src/modules/catalog/index.tsx",
          "component": "ProductEditorPage"
        },
        {
          "id": "R11",
          "source": "apps/web/src/modules/catalog/index.tsx",
          "component": "ProductEditorPage"
        },
        {
          "id": "R12",
          "source": "apps/web/src/modules/catalog/index.tsx",
          "component": "CategoriesPage"
        },
        {
          "id": "R13",
          "source": "apps/web/src/modules/catalog/imports.tsx",
          "component": "ImportsPage"
        },
        {
          "id": "R14",
          "source": "apps/web/src/modules/catalog/imports.tsx",
          "component": "ImportResultPage"
        },
        {
          "id": "R15",
          "source": "apps/web/src/modules/inventory/index.tsx",
          "component": "InventoryPage"
        },
        {
          "id": "R16",
          "source": "apps/web/src/modules/inventory/index.tsx",
          "component": "MovementsPage"
        },
        {
          "id": "R17",
          "source": "apps/web/src/modules/orders/index.tsx",
          "component": "OrdersPage"
        },
        {
          "id": "R18",
          "source": "apps/web/src/modules/orders/index.tsx",
          "component": "NewOrderPage"
        },
        {
          "id": "R19",
          "source": "apps/web/src/modules/orders/index.tsx",
          "component": "OrderDetailPage"
        },
        {
          "id": "R20",
          "source": "apps/web/src/modules/finance/index.tsx",
          "component": "CashflowPage"
        },
        {
          "id": "R21",
          "source": "apps/web/src/modules/finance/index.tsx",
          "component": "EntriesPage"
        },
        {
          "id": "R22",
          "source": "apps/web/src/modules/finance/index.tsx",
          "component": "ProfitLossPage"
        },
        {
          "id": "R23",
          "source": "apps/web/src/modules/knowledge/index.tsx",
          "component": "KnowledgePage"
        },
        {
          "id": "R24",
          "source": "apps/web/src/modules/knowledge/index.tsx",
          "component": "KnowledgeDetailPage"
        },
        {
          "id": "R25",
          "source": "apps/web/src/modules/knowledge/index.tsx",
          "component": "FeedbackPage"
        },
        {
          "id": "R26",
          "source": "apps/web/src/modules/bot/index.tsx",
          "component": "BotConfigPage"
        },
        {
          "id": "R27",
          "source": "apps/web/src/modules/bot/index.tsx",
          "component": "PlaygroundPage"
        },
        {
          "id": "R28",
          "source": "apps/web/src/modules/bot/index.tsx",
          "component": "EvaluationsPage"
        },
        {
          "id": "R29",
          "source": "apps/web/src/modules/integrations/index.tsx",
          "component": "ChannelsPage"
        },
        {
          "id": "R30",
          "source": "apps/web/src/modules/integrations/index.tsx",
          "component": "AIProvidersPage"
        },
        {
          "id": "R31",
          "source": "apps/web/src/modules/reports/index.tsx",
          "component": "ReportsPage"
        },
        {
          "id": "R32",
          "source": "apps/web/src/modules/workspace/index.tsx",
          "component": "TeamPage"
        },
        {
          "id": "R33",
          "source": "apps/web/src/modules/workspace/index.tsx",
          "component": "ShopSettingsPage"
        },
        {
          "id": "R34",
          "source": "apps/web/src/modules/workspace/index.tsx",
          "component": "AuditPage"
        },
        {
          "id": "R35",
          "source": "apps/web/src/modules/workspace/index.tsx",
          "component": "PrivacyPage"
        },
        {
          "id": "R36",
          "source": "apps/web/src/modules/workspace/index.tsx",
          "component": "JobPage"
        },
        {
          "id": "R37",
          "source": "apps/web/src/modules/operations/index.tsx",
          "component": "OperationsPage"
        },
        {
          "id": "R38",
          "source": "apps/web/src/modules/operations/index.tsx",
          "component": "ApprovalsPage"
        },
        {
          "id": "R39",
          "source": "apps/web/src/modules/notifications/index.tsx",
          "component": "NotificationsPage"
        },
        {
          "id": "R40",
          "source": "apps/web/src/modules/notifications/index.tsx",
          "component": "DevicesPage"
        },
        {
          "id": "R41",
          "source": "apps/web/src/modules/fulfillment/index.tsx",
          "component": "FulfillmentPage"
        },
        {
          "id": "R42",
          "source": "apps/web/src/modules/fulfillment/index.tsx",
          "component": "ShipmentsPage"
        },
        {
          "id": "R43",
          "source": "apps/web/src/modules/orders/index.tsx",
          "component": "ReturnsPage"
        },
        {
          "id": "R44",
          "source": "apps/web/src/modules/procurement/index.tsx",
          "component": "SuppliersPage"
        },
        {
          "id": "R45",
          "source": "apps/web/src/modules/procurement/index.tsx",
          "component": "ReplenishmentPage"
        },
        {
          "id": "R46",
          "source": "apps/web/src/modules/procurement/index.tsx",
          "component": "PurchasesPage"
        },
        {
          "id": "R47",
          "source": "apps/web/src/modules/procurement/index.tsx",
          "component": "ReceiptsPage"
        },
        {
          "id": "R48",
          "source": "apps/web/src/modules/finance/index.tsx",
          "component": "JournalsPage"
        },
        {
          "id": "R49",
          "source": "apps/web/src/modules/finance/index.tsx",
          "component": "ReconciliationPage"
        },
        {
          "id": "R50",
          "source": "apps/web/src/modules/finance/index.tsx",
          "component": "DebtsPage"
        },
        {
          "id": "R51",
          "source": "apps/web/src/modules/bot/index.tsx",
          "component": "AgentTeamPage"
        },
        {
          "id": "R52",
          "source": "apps/web/src/modules/operations/index.tsx",
          "component": "DigestsPage"
        },
        {
          "id": "R53",
          "source": "apps/web/src/modules/reports/index.tsx",
          "component": "MarketingPage"
        },
        {
          "id": "R54",
          "source": "apps/web/src/modules/customers/index.tsx",
          "component": "ServiceCasesPage"
        }
      ],
      "operationIds": [
        "acknowledgeNotification",
        "addInternalNote",
        "approvePrivacyRequest",
        "archiveCategory",
        "archiveProduct",
        "assignConversation",
        "beginChannelConnect",
        "beginLogin",
        "beginTelegramPairing",
        "cancelOrder",
        "checkChannelHealth",
        "claimWorkItem",
        "closeAccountingPeriod",
        "commitProductImport",
        "confirmOrder",
        "confirmPurchaseOrder",
        "controlAutomation",
        "createAIConnection",
        "createCategory",
        "createCustomer",
        "createDevice",
        "createEvaluation",
        "createExport",
        "createFeedback",
        "createFinanceEntry",
        "createGoodsReceipt",
        "createInventoryAdjustment",
        "createJournal",
        "createKnowledge",
        "createKnowledgeRevision",
        "createOrder",
        "createPrivacyRequest",
        "createProduct",
        "createProductImport",
        "createPurchaseOrder",
        "createReorderRule",
        "createReturnCase",
        "createServiceCase",
        "createShipment",
        "createShop",
        "createSupplier",
        "createSupplierOffer",
        "decideApproval",
        "deleteAIConnection",
        "disconnectChannel",
        "evaluateReorder",
        "getAIConnection",
        "getApproval",
        "getBotConfig",
        "getBotRevision",
        "getCashflow",
        "getCategory",
        "getChannel",
        "getCommand",
        "getConversation",
        "getCsrfToken",
        "getCustomer",
        "getDashboard",
        "getEvaluation",
        "getFile",
        "getFinanceEntry",
        "getGoodsReceipt",
        "getInboxMetadata",
        "getJob",
        "getJournal",
        "getKnowledge",
        "getKnowledgeRevision",
        "getMarketingSummary",
        "getMember",
        "getNotification",
        "getNotificationPolicy",
        "getOperationsSummary",
        "getOrder",
        "getPrepJob",
        "getPrivacyPolicy",
        "getProduct",
        "getProfitLoss",
        "getProviderCatalog",
        "getPurchaseOrder",
        "getReportSummary",
        "getReturnCase",
        "getServiceCase",
        "getSession",
        "getShipment",
        "getShop",
        "getSupplier",
        "handoverShipment",
        "importBankStatement",
        "importCODStatement",
        "inspectReturn",
        "inviteMember",
        "listAIConnections",
        "listAccountingPeriods",
        "listAgentRoles",
        "listApprovals",
        "listAuditEvents",
        "listBankTransactions",
        "listBotRevisions",
        "listBudgetPolicies",
        "listCODSettlements",
        "listCategories",
        "listChannels",
        "listConversations",
        "listCustomers",
        "listDebtItems",
        "listDevices",
        "listDigests",
        "listEvaluations",
        "listFeedback",
        "listFinanceEntries",
        "listGoodsReceipts",
        "listJobs",
        "listJournals",
        "listKnowledge",
        "listKnowledgeRevisions",
        "listMembers",
        "listMessages",
        "listNotifications",
        "listOrders",
        "listPrepJobs",
        "listPrivacyRequests",
        "listProducts",
        "listPurchaseOrders",
        "listPurchaseSuggestions",
        "listReconciliationCases",
        "listReorderRules",
        "listReturnCases",
        "listServiceCases",
        "listShipments",
        "listShops",
        "listStockMovements",
        "listStockSnapshots",
        "listSupplierOffers",
        "listSuppliers",
        "listWorkItems",
        "matchCODSettlement",
        "matchSettlement",
        "packPrepJob",
        "pauseBot",
        "payOrder",
        "pickPrepLine",
        "postFinanceEntry",
        "postGoodsReceipt",
        "postJournal",
        "publishBotConfig",
        "publishKnowledge",
        "quoteOrder",
        "reconnectChannel",
        "recordShipmentEvent",
        "refundOrder",
        "releaseConversation",
        "reopenAccountingPeriod",
        "requestPurchaseApproval",
        "resolveConversation",
        "restoreBotRevision",
        "restoreKnowledgeRevision",
        "retireKnowledge",
        "reverseFinanceEntry",
        "reverseJournal",
        "reviewFeedback",
        "revokeDevice",
        "revokeMembership",
        "runPlayground",
        "sendMessage",
        "sendPurchaseOrder",
        "setServiceCaseStatus",
        "setSupplierStatus",
        "stepUp",
        "submitKnowledgeReview",
        "takeoverConversation",
        "testAIConnection",
        "testDevice",
        "updateAIConnection",
        "updateAgentRole",
        "updateBotDraft",
        "updateCategory",
        "updateCustomer",
        "updateFinanceEntry",
        "updateKnowledge",
        "updateMemberRoles",
        "updateNotificationPolicy",
        "updateOrderDraft",
        "updatePrivacyPolicy",
        "updateProduct",
        "updateReorderRule",
        "updateShop",
        "updateSupplier",
        "updateWorkItem",
        "uploadFile"
      ],
      "crosswalk": {
        "operations": 210,
        "files": 71,
        "calls": 222,
        "unresolved": 0
      }
    },
    {
      "name": "Named executed owner behavior",
      "scope": "owner suite",
      "cases": [
        "untrusted product text renders as text without activating markup",
        "catalog import rejects a non-CSV file before an upload request",
        "catalog import rejects files above the demo size limit before upload",
        "mock uploads require a purpose, enforce its role, and fingerprint file content for retries",
        "session.revoked SSE closes the stream and clears the active shop session",
        "UI009 delayed customer orders from the previous shop cannot leak into the new shop profile"
      ],
      "executions": 12,
      "assertionInventory": [
        {
          "file": "tests/security.spec.ts",
          "sha256": "db9d007567a41fc474863b5c65f4a788daa2f7e4dce5f2c50b3cd741c9cc533a",
          "cases": [
            {
              "title": "untrusted product text renders as text without activating markup",
              "line": 36,
              "assertions": [
                "expect(page.getByText(payload, { exact: true })).toBeVisible()",
                "expect(page.locator('img[src=\"x\"]')).toHaveCount(0)",
                "expect(await page.evaluate(() => (window as Window & { __xssExecuted?: boolean }).__xssExecuted)).toBe(false)"
              ],
              "projects": [
                "chromium",
                "firefox"
              ]
            },
            {
              "title": "catalog import rejects a non-CSV file before an upload request",
              "line": 54,
              "assertions": [
                "expect(page.locator('#product-import-file-error')).toContainText('Chỉ nhận tệp có đuôi .csv')",
                "expect(page.getByRole('button', { name: 'Kiểm tra trước khi nhập' })).toBeDisabled()",
                "expect(uploadRequests).toBe(0)"
              ],
              "projects": [
                "chromium",
                "firefox"
              ]
            },
            {
              "title": "catalog import rejects files above the demo size limit before upload",
              "line": 72,
              "assertions": [
                "expect(page.locator('#product-import-file-error')).toContainText('vượt giới hạn 5 MB')",
                "expect(page.getByRole('button', { name: 'Kiểm tra trước khi nhập' })).toBeDisabled()",
                "expect(uploadRequests).toBe(0)"
              ],
              "projects": [
                "chromium",
                "firefox"
              ]
            },
            {
              "title": "mock uploads require a purpose, enforce its role, and fingerprint file content for retries",
              "line": 90,
              "assertions": [
                "expect(page.getByText('Frontend review: API được mô phỏng trong bộ nhớ', { exact: false })).toBeVisible()",
                "expect(missingPurpose.status).toBe(422)",
                "expect(missingPurpose.body.code).toBe('UPLOAD_PURPOSE_REQUIRED')",
                "expect(salesPage.getByText('Frontend review: API được mô phỏng trong bộ nhớ', { exact: false })).toBeVisible()",
                "expect(salesPage.getByRole('navigation', { name: 'Điều hướng chính' }).getByText('sales', { exact: true })).toBeVisible()",
                "expect(denied.status).toBe(403)",
                "expect(first.status).toBe(201)",
                "expect(changed.status).toBe(409)",
                "expect(changed.body.code).toBe('IDEMPOTENCY_CONFLICT')"
              ],
              "projects": [
                "chromium",
                "firefox"
              ]
            }
          ]
        },
        {
          "file": "tests/session/session-revocation.spec.ts",
          "sha256": "e9066f0af951ca3397b240c52453287bbb1c3a8119676a49f51df9b2276748c4",
          "cases": [
            {
              "title": "session.revoked SSE closes the stream and clears the active shop session",
              "line": 20,
              "assertions": [
                "expect(membership).toBeDefined()",
                "expect(shop).toBeDefined()",
                "expect(page.getByText('API thật', { exact: true })).toBeVisible()",
                "expect(page.getByRole('heading', { name: /Chào .*cửa hàng của bạn hôm nay/ })).toBeVisible()",
                "expect(page.getByRole('heading', { name: 'Chào mừng trở lại', exact: true })).toBeVisible({ timeout: 15000 })",
                "expect.poll(() => sessionReads).toBeGreaterThanOrEqual(2)",
                "expect.poll(() => sessionReads)",
                "expect.poll(() => eventRequests).toBeGreaterThanOrEqual(1)",
                "expect.poll(() => eventRequests)",
                "expect(eventRequests).toBeLessThanOrEqual(2)",
                "expect(new URL(page.url()).pathname).toBe('/login')",
                "expect(new URL(page.url()).searchParams.get('returnTo')).toBe('/s/shop-demo/overview')"
              ],
              "projects": [
                "chromium",
                "firefox"
              ]
            }
          ]
        },
        {
          "file": "tests/ui009-scope-regression.spec.ts",
          "sha256": "9939f7c1d99bb903f0e333f6913f172938fa39cc986c593cb9b8c840e18b509e",
          "cases": [
            {
              "title": "UI009 delayed customer orders from the previous shop cannot leak into the new shop profile",
              "line": 23,
              "assertions": [
                "expect(page.getByRole('heading', { name: 'Khách hàng', exact: true })).toBeVisible()",
                "expect(page.getByRole('heading', { name: 'Linh (khách mẫu)', exact: true })).toBeVisible()",
                "expect(panel(page, 'Đơn hàng gần đây').getByRole('progressbar')).toBeVisible({ timeout: 1_000 })",
                "expect(page.getByRole('heading', { name: 'Chọn cửa hàng' })).toBeVisible()",
                "expect(page.getByRole('heading', { name: 'Khách hàng', exact: true })).toBeVisible()",
                "expect(currentResponse.status()).toBe(200)",
                "expect.poll(() => staleRequestState, { timeout: 7000 }).not.toBe('pending')",
                "expect.poll(() => staleRequestState, { timeout: 7000 })",
                "expect(page.getByRole('heading', { name: 'Linh (khách mẫu)', exact: true })).toBeVisible()",
                "expect(ordersPanel.getByText('b-DH-1001', { exact: true })).toBeVisible()",
                "expect(ordersPanel.getByText('DH-DEMO-PAID-01', { exact: true })).toHaveCount(0)",
                "expect(observedOrderRequests).toEqual(expect.arrayContaining([\n        { shopId: 'shop-demo', customerId: 'c1' },\n        { shopId: 'shop-second', customerId: 'b-c1' },\n    ]))",
                "expect.arrayContaining([\n        { shopId: 'shop-demo', customerId: 'c1' },\n        { shopId: 'shop-second', customerId: 'b-c1' },\n    ])",
                "expect(observedOrderRequests.every(request =>\n        (request.shopId === 'shop-demo' && request.customerId === 'c1')\n        || (request.shopId === 'shop-second' && request.customerId === 'b-c1'),\n    )).toBe(true)"
              ],
              "projects": [
                "chromium",
                "firefox"
              ]
            }
          ]
        }
      ]
    },
    {
      "name": "Current shared dependency regressions",
      "unit": 181,
      "domain": 88,
      "sourceMap": 16,
      "browser": 624,
      "builtArtifact": 6,
      "limits": "Counts describe distinct suites; they are not added into a checkpoint percentage. Owner case and source checks above are required independently."
    },
    {
      "name": "Executed unit owners",
      "owners": [
        {
          "file": "apps/web/tests/api-client.test.tsx",
          "sha256": "57b186f6732c6eb50afe9f9c5c00e5b7f3becc078ef89ace7ff69f5f69fdc379",
          "cases": [
            "serializes product status and category filters from the canonical operation contract",
            "uses the generated same-origin base path and validates a successful response",
            "preserves contract nulls, adds CSRF and idempotency headers, and validates the response DTO",
            "sends only the headers declared by an operation contract",
            "rejects a successful HTTP status that differs from the operation contract",
            "marks a mismatched successful mutation status as unresolved instead of treating it as committed",
            "sets If-Match from the required typed version option",
            "fails closed when a contract-required version or CSRF token is missing",
            "rejects invalid CSRF and idempotency values using generated header schemas",
            "validates path and query values against generated operation parameter schemas",
            "rejects a missing contract-required request body before sending",
            "rejects a request body that violates its canonical schema before sending",
            "rejects missing required query parameters before sending",
            "does not send a caller-aborted request",
            "aborts an in-flight read when the caller AbortSignal fires",
            "classifies a mutation timeout as an unknown result and a read timeout as retryable transport failure",
            "marks a successful HTTP response with an invalid DTO as unknown for mutations",
            "rejects an unsupported command status instead of treating it as successful",
            "waits for command completion after HTTP 202 before resolving useCommand",
            "keeps an accepted command unresolved when command status polling fails"
          ]
        },
        {
          "file": "apps/web/tests/format.test.ts",
          "sha256": "745fd8d4010f69daa84ed73dbcbf8ec258d5eb94630dcfed94ea885fa400aa6a",
          "cases": [
            "counts and limits Unicode code points consistently with customer and privacy contracts",
            "formats the same instant using the required shop timezone",
            "formats exact amounts without floating point rounding",
            "does not turn missing amounts into zero",
            "rejects NUL bytes in internal return paths",
            "quotes spreadsheet formula cells",
            "rejects malformed amount contracts",
            "accepts opaque contract IDs and rejects path traversal values"
          ]
        }
      ],
      "limit": "Literal owner titles bind actual verbose output; parameterized cases remain covered by the whole 181-case run, without inventing separate executions."
    },
    {
      "name": "Compiled width behavior",
      "routeObservations": 216,
      "focusedCases": 70,
      "artifact": "built-shared-review.json",
      "limit": "Actual compiled geometry/axe/keyboard; counts remain separate from full browser suite."
    },
    {
      "name": "Strict verification and simulator/network criteria",
      "simulatorChecks": [
        "Full order lifecycle and purchase partial receiving use actual simulator handlers",
        "Procurement rejects cross-shop and unapproved suppliers and unusable auto-send budgets",
        "Stale purchase approval cannot authorize a changed resource version",
        "Both sides of every mock journal balance",
        "Seeded shop does not read another shop product",
        "CSRF is required for writes",
        "Read-only role cannot create products",
        "Revoked shop membership never falls back to another active shop membership",
        "Duplicate idempotency key is not duplicated",
        "Same key with different payload is rejected",
        "Stale inventory adjustment cannot mutate stock",
        "Negative stock is rejected atomically",
        "Unbalanced journal is rejected",
        "Known failure fault is observable",
        "Empty state fault is distinguishable",
        "Read model reflects source amounts not current page",
        "CSV parser preserves embedded commas",
        "Unknown command retains the same result on idempotent retry",
        "Read API getCsrfToken",
        "Read API getSession",
        "Read API listShops",
        "Read API getShop",
        "Read API listMembers",
        "Read API getDashboard",
        "Read API listProducts",
        "Read API listCategories",
        "Read API listCustomers",
        "Read API listStockSnapshots",
        "Read API listStockMovements",
        "Read API listOrders",
        "Read API listFinanceEntries",
        "Read API getCashflow",
        "Read API getProfitLoss",
        "Read API listConversations",
        "Read API listKnowledge",
        "Read API listFeedback",
        "Read API getBotConfig",
        "Read API listEvaluations",
        "Read API getProviderCatalog",
        "Read API listAIConnections",
        "Read API listChannels",
        "Read API getReportSummary",
        "Read API listJobs",
        "Read API listCommands",
        "Read API listAuditEvents",
        "Read API getPrivacyPolicy",
        "Read API listPrivacyRequests",
        "Read API listBotRevisions",
        "Read API getInboxMetadata",
        "Read API listWorkItems",
        "Read API listApprovals",
        "Read API listDevices",
        "Read API listNotifications",
        "Read API listPrepJobs",
        "Read API listShipments",
        "Read API listReturnCases",
        "Read API listSuppliers",
        "Read API listSupplierOffers",
        "Read API listReorderRules",
        "Read API listPurchaseSuggestions",
        "Read API listPurchaseOrders",
        "Read API listGoodsReceipts",
        "Read API listJournals",
        "Read API listBankTransactions",
        "Read API listReconciliationCases",
        "Read API listCODSettlements",
        "Read API listDebtItems",
        "Read API listAccountingPeriods",
        "Read API listAgentRoles",
        "Read API listBudgetPolicies",
        "Read API listDigests",
        "Read API listServiceCases",
        "Read API getNotificationPolicy",
        "Read API getOperationsSummary",
        "Read API getMarketingSummary"
      ],
      "networkChecks": [
        "Registers every canonical HTTP operation and reports the custom SSE endpoint",
        "Loads the service worker only in demo mode and guards production from mock activation",
        "Covers the canonical route, feature, shop, and role catalogs",
        "Returns schema-valid, paginated data and rejects stale cursors",
        "Pages through a deterministic large dataset without dropping or duplicating rows",
        "Scopes reads to the requested shop and role permissions",
        "Maps request validation, CSRF, and missing If-Match to contract errors",
        "Creates a product with schema-complete variants through HTTP",
        "Preserves idempotency and exposes stale and unknown mutation outcomes over HTTP",
        "Resets records, role, faults, idempotency keys, sequence, and fixed clock deterministically",
        "Returns observable transient and empty states without fabricating records",
        "Aborted delayed reads do not leak into the next request",
        "Streams only the authorized shop and emits events matching the canonical v2 schema"
      ],
      "artifact": {
        "path": "evidence/domain-tests.json",
        "sha256": "b6df9ec50bb5312ca07929df71d17518843258ca5d74419f6c6d0677d8844ae3"
      },
      "verifyLog": {
        "path": "BotSalesAI_Frontend/evidence/frontend-spacing-density-20261009/runs/density-1791517444670-94456/verify.log",
        "sha256": "fe34adfd7fbd0931c58b87f7e5405aa833e13009571d6cc92d5517e9b15ab0f0"
      },
      "source": "Full typecheck/lint/source/boundary/negative fixtures/generator/bundle isolation are actual npm verify stages; no backend enforcement claim."
    }
  ],
  "executionRecords": [
    {
      "stage": "composer-stability",
      "startedAt": "2026-10-09T05:07:15.134Z",
      "finishedAt": "2026-10-09T05:08:10.178Z",
      "log": {
        "path": "BotSalesAI_Frontend/evidence/frontend-spacing-density-20261009/runs/density-1791522425617-76720/composer-stability.log",
        "sha256": "c079a393ffdf279c19f59e441cbf4ff5dab6167a5476fbc4d1bfaad7d793da56"
      },
      "sourceDrift": []
    },
    {
      "stage": "imports-clearance-regression",
      "startedAt": "2026-10-09T05:08:19.164Z",
      "finishedAt": "2026-10-09T05:08:39.156Z",
      "log": {
        "path": "BotSalesAI_Frontend/evidence/frontend-spacing-density-20261009/runs/density-1791522490344-8672/imports-clearance-regression.log",
        "sha256": "950791e791deafe07d84a64fcbecb6479f91ee1dcd33b86f6eb82521d196ae2a"
      },
      "sourceDrift": []
    },
    {
      "stage": "e2e",
      "startedAt": "2026-10-09T03:47:09.137Z",
      "finishedAt": "2026-10-09T04:47:48.711Z",
      "log": {
        "path": "BotSalesAI_Frontend/evidence/frontend-spacing-density-20261009/runs/density-1791517621537-90700/e2e.log",
        "sha256": "8c35ba10b993a303946c89addd4dcb04c7fc718f5cff8daa5a74f2e3fd8fe85d"
      },
      "sourceDrift": []
    },
    {
      "stage": "verify",
      "startedAt": "2026-10-09T03:44:04.675Z",
      "finishedAt": "2026-10-09T03:47:01.145Z",
      "log": {
        "path": "BotSalesAI_Frontend/evidence/frontend-spacing-density-20261009/runs/density-1791517444670-94456/verify.log",
        "sha256": "fe34adfd7fbd0931c58b87f7e5405aa833e13009571d6cc92d5517e9b15ab0f0"
      },
      "sourceDrift": []
    },
    {
      "stage": "unit",
      "startedAt": "2026-10-09T03:42:18.472Z",
      "finishedAt": "2026-10-09T03:42:24.862Z",
      "log": {
        "path": "BotSalesAI_Frontend/evidence/frontend-spacing-density-20261009/runs/density-1791517338471-44912/unit.log",
        "sha256": "d1928a0902ebc21f0c0780bc9467ca4e0f52beb179b91314a6cf1533aee097a8"
      },
      "sourceDrift": []
    },
    {
      "stage": "source-maps",
      "startedAt": "2026-10-09T03:47:01.271Z",
      "finishedAt": "2026-10-09T03:47:01.452Z",
      "log": {
        "path": "BotSalesAI_Frontend/evidence/frontend-spacing-density-20261009/runs/density-1791517621270-95168/source-maps.log",
        "sha256": "a7dc3557124f4394e17cdb8a7a42cd23a7ee839ade15529024a2fa2d7cb76e33"
      },
      "sourceDrift": []
    },
    {
      "stage": "built-demo",
      "startedAt": "2026-10-09T04:48:06.078Z",
      "finishedAt": "2026-10-09T04:51:16.462Z",
      "log": {
        "path": "BotSalesAI_Frontend/evidence/frontend-spacing-density-20261009/runs/density-1791521277863-27488/built-demo.log",
        "sha256": "4c4a6c6fdcbbd0bfa0e5344760595a858ad7e5df5662cdcfbdb32c0d8380db58"
      },
      "sourceDrift": []
    },
    {
      "stage": "startup-cache-regression",
      "startedAt": "2026-10-09T05:11:14.912Z",
      "finishedAt": "2026-10-09T05:11:36.059Z",
      "log": {
        "path": "BotSalesAI_Frontend/evidence/frontend-spacing-density-20261009/runs/density-1791522665730-96308/startup-cache-regression.log",
        "sha256": "b78941e75dca7664227a303ce9bbb0e70d77c3957ae994adfbd112ae2be241d3"
      },
      "sourceDrift": []
    },
    {
      "stage": "label-regression",
      "startedAt": "2026-10-09T05:10:37.682Z",
      "finishedAt": "2026-10-09T05:11:05.627Z",
      "log": {
        "path": "BotSalesAI_Frontend/evidence/frontend-spacing-density-20261009/runs/density-1791522628388-90736/label-regression.log",
        "sha256": "f28164351bc45da0b3df30632d3557484bc591686832bb955d35119531c55684"
      },
      "sourceDrift": []
    },
    {
      "stage": "variant-regression",
      "startedAt": "2026-10-09T05:09:47.479Z",
      "finishedAt": "2026-10-09T05:10:28.292Z",
      "log": {
        "path": "BotSalesAI_Frontend/evidence/frontend-spacing-density-20261009/runs/density-1791522578658-74300/variant-regression.log",
        "sha256": "62f3d31abc4f6d7965fb2f70604b46342b5b0d978064d34f335264ad9171c42f"
      },
      "sourceDrift": []
    },
    {
      "stage": "label-focus-regression",
      "startedAt": "2026-10-09T05:09:17.882Z",
      "finishedAt": "2026-10-09T05:09:38.570Z",
      "log": {
        "path": "BotSalesAI_Frontend/evidence/frontend-spacing-density-20261009/runs/density-1791522549023-26236/label-focus-regression.log",
        "sha256": "6891aae72dc105e22e42f974e8faf94492ed251b3c7f67146a0a2ae6335e96ab"
      },
      "sourceDrift": []
    },
    {
      "stage": "composer-regression",
      "startedAt": "2026-10-09T05:08:48.237Z",
      "finishedAt": "2026-10-09T05:09:08.934Z",
      "log": {
        "path": "BotSalesAI_Frontend/evidence/frontend-spacing-density-20261009/runs/density-1791522519245-33232/composer-regression.log",
        "sha256": "1fcc0bfd08e59012b4cf1aad212270969d3f68a497ceac5c02e2e27a5995a176"
      },
      "sourceDrift": []
    }
  ],
  "sourceSnapshotSha256": "d4f7bf50c78807a53ab212da78f046834979722c21c656ba6f8c173bae22ed55"
}
