
> botsales-frontend@0.1.0 test
> vitest run --config apps/web/vitest.config.ts --reporter=verbose


 RUN  v3.2.4 C:/Users/Joker-PC/Documents/Projects/Bot-AI-Ban-hang-FB/BotSalesAI_Frontend

 ✓ apps/web/tests/fe021-source-map.test.ts > FE021 route, contract, and frontend ownership map > maps dashboard, reports, and marketing to canonical route operations and capabilities 2ms
 ✓ apps/web/tests/fe021-source-map.test.ts > FE021 route, contract, and frontend ownership map > records current API gaps instead of inventing date-series and marketing insight operations 1ms
 ✓ apps/web/tests/fe021-source-map.test.ts > FE021 route, contract, and frontend ownership map > binds screens and export rules to the mock/API owners without HTML rendering 1ms
 ✓ apps/web/tests/push-capabilities.test.ts > Push registration guards > rejects insecure or unsupported browser contexts before creating a subscription 1ms
 ✓ apps/web/tests/push-capabilities.test.ts > Push registration guards > requires explicit operating-system notification consent 0ms
 ✓ apps/web/tests/report-utils.test.ts > report date and download boundaries > converts inclusive date-only filters using the shop timezone 9ms
 ✓ apps/web/tests/report-utils.test.ts > report date and download boundaries > preserves daylight-saving offsets across the selected local day 0ms
 ✓ apps/web/tests/report-utils.test.ts > report date and download boundaries > derives defaults from the API snapshot in the shop timezone 0ms
 ✓ apps/web/tests/report-utils.test.ts > report date and download boundaries > limits download names to report enums and date-only values 1ms
 ✓ apps/web/tests/report-utils.test.ts > report date and download boundaries > rejects unsafe schemes and insecure external download targets 1ms
 ✓ apps/web/tests/format.test.ts > Frontend boundary helpers > formats exact amounts without floating point rounding 1ms
 ✓ apps/web/tests/format.test.ts > Frontend boundary helpers > does not turn missing amounts into zero 0ms
 ✓ apps/web/tests/format.test.ts > Frontend boundary helpers > rejects external return path //evil.example 0ms
 ✓ apps/web/tests/format.test.ts > Frontend boundary helpers > rejects external return path /\evil.example 0ms
 ✓ apps/web/tests/format.test.ts > Frontend boundary helpers > rejects external return path https://evil.example 0ms
 ✓ apps/web/tests/format.test.ts > Frontend boundary helpers > rejects NUL bytes in internal return paths 0ms
 ✓ apps/web/tests/format.test.ts > Frontend boundary helpers > quotes spreadsheet formula cells 0ms
 ✓ apps/web/tests/format.test.ts > Frontend boundary helpers > rejects malformed amount contracts 2ms
 ✓ apps/web/tests/format.test.ts > Frontend boundary helpers > encodes resource IDs instead of path traversal 0ms
 ✓ apps/web/tests/api-client.test.tsx > typed HTTP boundary > serializes product status and category filters from the canonical operation contract 2ms
 ✓ apps/web/tests/api-client.test.tsx > typed HTTP boundary > uses the generated same-origin base path and validates a successful response 3ms
 ✓ apps/web/tests/api-client.test.tsx > typed HTTP boundary > preserves contract nulls, adds CSRF and idempotency headers, and validates the response DTO 5ms
 ✓ apps/web/tests/api-client.test.tsx > typed HTTP boundary > sets If-Match from the required typed version option 1ms
 ✓ apps/web/tests/api-client.test.tsx > typed HTTP boundary > fails closed when a contract-required version or CSRF token is missing 1ms
 ✓ apps/web/tests/api-client.test.tsx > typed HTTP boundary > rejects a missing contract-required request body before sending 0ms
 ✓ apps/web/tests/api-client.test.tsx > typed HTTP boundary > rejects a request body that violates its canonical schema before sending 1ms
 ✓ apps/web/tests/api-client.test.tsx > typed HTTP boundary > rejects missing required query parameters before sending 0ms
 ✓ apps/web/tests/api-client.test.tsx > typed HTTP boundary > preserves structured Problem data for HTTP 409 4ms
 ✓ apps/web/tests/api-client.test.tsx > typed HTTP boundary > preserves structured Problem data for HTTP 412 1ms
 ✓ apps/web/tests/api-client.test.tsx > typed HTTP boundary > preserves structured Problem data for HTTP 422 0ms
 ✓ apps/web/tests/api-client.test.tsx > typed HTTP boundary > preserves structured Problem data for HTTP 428 0ms
 ✓ apps/web/tests/api-client.test.tsx > typed HTTP boundary > preserves structured Problem data for HTTP 429 0ms
 ✓ apps/web/tests/api-client.test.tsx > typed HTTP boundary > does not send a caller-aborted request 0ms
 ✓ apps/web/tests/api-client.test.tsx > typed HTTP boundary > classifies a mutation timeout as an unknown result and a read timeout as retryable transport failure 2ms
 ✓ apps/web/tests/api-client.test.tsx > typed HTTP boundary > marks a successful HTTP response with an invalid DTO as unknown for mutations 0ms
 ✓ apps/web/tests/api-client.test.tsx > typed HTTP boundary > rejects an unsupported command status instead of treating it as successful 3ms
 ✓ apps/web/tests/components.test.tsx > Graphite Gold theme contract > maps the approved dark tokens, typography, radii, and responsive breakpoints 1ms
 ✓ apps/web/tests/components.test.tsx > Graphite Gold theme contract > keeps primary, secondary, status, and control contrast above their design thresholds 0ms
 ✓ apps/web/tests/components.test.tsx > Graphite Gold theme contract > applies semantic token surfaces to standard alerts 40ms
 ✓ apps/web/tests/components.test.tsx > Graphite Gold theme contract > loads canonical dark tokens and bootstrap before application JavaScript 1ms
 ✓ apps/web/tests/components.test.tsx > Graphite Gold theme contract > keeps the application theme and source palette dark-only and token-owned 11ms
 ✓ apps/web/tests/components.test.tsx > Graphite Gold theme contract > rejects copied HEX values and non-dark theme modes with negative fixtures 9ms
 ✓ apps/web/tests/components.test.tsx > Accessible shared presentation > uses the canonical touch target for primary controls 12ms
 ✓ apps/web/tests/components.test.tsx > Accessible shared presentation > uses the approved card radius rather than MUI spacing-scaled radius 8ms
 ✓ apps/web/tests/api-client.test.tsx > typed HTTP boundary > waits for command completion after HTTP 202 before resolving useCommand 410ms
 ✓ apps/web/tests/states/fe023-state.test.tsx > FE023 shared state and form behavior > renders a bounded loading state and does not show success content before data arrives 40ms
 ✓ apps/web/tests/states/fe023-state.test.tsx > FE023 shared state and form behavior > keeps the loaded data visible after a failed refetch and identifies it as potentially stale 50ms
 ✓ apps/web/tests/states/fe023-state.test.tsx > FE023 shared state and form behavior > shows forbidden as an access state without offering a meaningless retry 7ms
 ✓ apps/web/tests/components.test.tsx > Accessible shared presentation > renders semantic status text and a keyboard-navigable, named table region 19ms
 ✓ apps/web/tests/components.test.tsx > Accessible shared presentation > keeps status and empty states understandable without relying on color 9ms
 × apps/web/tests/components.test.tsx > Accessible shared presentation > shows a reserved loading state and a retryable error state 19ms
   → Unable to find an accessible element with the role "progressbar" and name "Đang tải dữ liệu"

Here are the accessible roles:

  status:

  Name "":
  [36m<div[39m
    [33maria-live[39m=[32m"polite"[39m
    [33mclass[39m=[32m"MuiStack-root css-1sgca4d-MuiStack-root"[39m
    [33mrole[39m=[32m"status"[39m
  [36m/>[39m

  --------------------------------------------------
  progressbar:

  Name "Đang tải dữ liệu…":
  [36m<span[39m
    [33maria-label[39m=[32m"Đang tải dữ liệu…"[39m
    [33mclass[39m=[32m"MuiCircularProgress-root MuiCircularProgress-indeterminate MuiCircularProgress-colorPrimary css-1ep0rot-MuiCircularProgress-root"[39m
    [33mrole[39m=[32m"progressbar"[39m
    [33mstyle[39m=[32m"width: 28px; height: 28px;"[39m
  [36m/>[39m

  --------------------------------------------------
  paragraph:

  Name "":
  [36m<p[39m
    [33mclass[39m=[32m"MuiTypography-root MuiTypography-body1 css-sf77qz-MuiTypography-root"[39m
  [36m/>[39m

  --------------------------------------------------

Ignored nodes: comments, script, style
[36m<body>[39m
  [36m<div>[39m
    [36m<div[39m
      [33maria-live[39m=[32m"polite"[39m
      [33mclass[39m=[32m"MuiStack-root css-1sgca4d-MuiStack-root"[39m
      [33mrole[39m=[32m"status"[39m
    [36m>[39m
      [36m<span[39m
        [33maria-label[39m=[32m"Đang tải dữ liệu…"[39m
        [33mclass[39m=[32m"MuiCircularProgress-root MuiCircularProgress-indeterminate MuiCircularProgress-colorPrimary css-1ep0rot-MuiCircularProgress-root"[39m
        [33mrole[39m=[32m"progressbar"[39m
        [33mstyle[39m=[32m"width: 28px; height: 28px;"[39m
      [36m>[39m
        [36m<svg[39m
          [33mclass[39m=[32m"MuiCircularProgress-svg css-54pwck-MuiCircularProgress-svg"[39m
          [33mviewBox[39m=[32m"22 22 44 44"[39m
        [36m>[39m
          [36m<circle[39m
            [33mclass[39m=[32m"MuiCircularProgress-circle MuiCircularProgress-circleIndeterminate css-19t5dcl-MuiCircularProgress-circle"[39m
            [33mcx[39m=[32m"44"[39m
            [33mcy[39m=[32m"44"[39m
            [33mfill[39m=[32m"none"[39m
            [33mr[39m=[32m"20.2"[39m
            [33mstroke-width[39m=[32m"3.6"[39m
          [36m/>[39m
        [36m</svg>[39m
      [36m</span>[39m
      [36m<p[39m
        [33mclass[39m=[32m"MuiTypography-root MuiTypography-body1 css-sf77qz-MuiTypography-root"[39m
      [36m>[39m
        [0mĐang tải dữ liệu…[0m
      [36m</p>[39m
    [36m</div>[39m
  [36m</div>[39m
[36m</body>[39m
 ✓ apps/web/tests/states/fe023-state.test.tsx > FE023 shared state and form behavior > maps 422 errors to a field, focuses it, and preserves the user input 31ms
 ✓ apps/web/tests/states/fe023-state.test.tsx > FE023 shared state and form behavior > presents HTTP 412 with an actionable Vietnamese state 6ms
 ✓ apps/web/tests/states/fe023-state.test.tsx > FE023 shared state and form behavior > presents HTTP 428 with an actionable Vietnamese state 6ms
 ✓ apps/web/tests/states/fe023-state.test.tsx > FE023 shared state and form behavior > presents HTTP 404 with an actionable Vietnamese state 5ms
 ✓ apps/web/tests/states/fe023-state.test.tsx > FE023 shared state and form behavior > keeps an unknown mutation outcome distinct and includes the reconciliation command ID 5ms
 ✓ apps/web/tests/api-client.test.tsx > typed HTTP boundary > keeps an accepted command unresolved when command status polling fails 403ms
 × apps/web/tests/states/fe023-state.test.tsx > FE023 shared state and form behavior > asks before closing a dialog with a dirty field and keeps the field until discard is chosen 420ms
   → Unable to find an accessible element with the role "dialog" and name "Rời biểu mẫu chưa lưu?"

Here are the accessible roles:

  presentation:

  Name "":
  [36m<div[39m
    [33mclass[39m=[32m"MuiDialog-root MuiModal-root css-1424xw8-MuiModal-root-MuiDialog-root"[39m
    [33mrole[39m=[32m"presentation"[39m
  [36m/>[39m

  Name "":
  [36m<div[39m
    [33mclass[39m=[32m"MuiDialog-container MuiDialog-scrollPaper css-45uc01-MuiDialog-container"[39m
    [33mrole[39m=[32m"presentation"[39m
    [33mstyle[39m=[32m"opacity: 0; transition: opacity 195ms cubic-bezier(0.4, 0, 0.2, 1) 0ms;"[39m
    [33mtabindex[39m=[32m"-1"[39m
  [36m/>[39m

  --------------------------------------------------
  dialog:

  Name "Chỉnh sửa":
  [36m<div[39m
    [33maria-labelledby[39m=[32m"edit-dialog-title-«rb»"[39m
    [33maria-modal[39m=[32m"true"[39m
    [33mclass[39m=[32m"MuiPaper-root MuiPaper-elevation MuiPaper-rounded MuiPaper-elevation24 MuiDialog-paper MuiDialog-paperScrollPaper MuiDialog-paperWidthSm MuiDialog-paperFullWidth css-rr3p3f-MuiPaper-root-MuiDialog-paper"[39m
    [33mrole[39m=[32m"dialog"[39m
    [33mstyle[39m=[32m"--Paper-shadow: 0px 11px 15px -7px rgba(0,0,0,0.2),0px 24px 38px 3px rgba(0,0,0,0.14),0px 9px 46px 8px rgba(0,0,0,0.12); --Paper-overlay: linear-gradient(rgba(255, 255, 255, 0.165), rgba(255, 255, 255, 0.165));"[39m
  [36m/>[39m

  --------------------------------------------------
  heading:

  Name "Chỉnh sửa":
  [36m<h2[39m
    [33mclass[39m=[32m"MuiTypography-root MuiTypography-h6 MuiDialogTitle-root css-1axtb02-MuiTypography-root-MuiDialogTitle-root"[39m
    [33mid[39m=[32m"edit-dialog-title-«rb»"[39m
  [36m/>[39m

  --------------------------------------------------
  button:

  Name "Đóng":
  [36m<button[39m
    [33maria-label[39m=[32m"Đóng"[39m
    [33mclass[39m=[32m"MuiButtonBase-root MuiIconButton-root MuiIconButton-sizeMedium css-xl9lg9-MuiButtonBase-root-MuiIconButton-root"[39m
    [33mtabindex[39m=[32m"0"[39m
    [33mtype[39m=[32m"button"[39m
  [36m/>[39m

  Name "Hủy":
  [36m<button[39m
    [33mclass[39m=[32m"MuiButtonBase-root MuiButton-root MuiButton-text MuiButton-textPrimary MuiButton-sizeMedium MuiButton-textSizeMedium MuiButton-colorPrimary MuiButton-disableElevation MuiButton-root MuiButton-text MuiButton-textPrimary MuiButton-sizeMedium MuiButton-textSizeMedium MuiButton-colorPrimary MuiButton-disableElevation css-105t4m9-MuiButtonBase-root-MuiButton-root"[39m
    [33mtabindex[39m=[32m"0"[39m
    [33mtype[39m=[32m"button"[39m
  [36m/>[39m

  Name "Lưu":
  [36m<button[39m
    [33mclass[39m=[32m"MuiButtonBase-root MuiButton-root MuiButton-text MuiButton-textPrimary MuiButton-sizeMedium MuiButton-textSizeMedium MuiButton-colorPrimary MuiButton-disableElevation MuiButton-root MuiButton-text MuiButton-textPrimary MuiButton-sizeMedium MuiButton-textSizeMedium MuiButton-colorPrimary MuiButton-disableElevation css-105t4m9-MuiButtonBase-root-MuiButton-root"[39m
    [33mtabindex[39m=[32m"0"[39m
    [33mtype[39m=[32m"button"[39m
  [36m/>[39m

  --------------------------------------------------
  textbox:

  Name "Tên bản nháp":
  [36m<input[39m
    [33maria-invalid[39m=[32m"false"[39m
    [33mclass[39m=[32m"MuiInputBase-input MuiOutlinedInput-input css-1txw9lp-MuiInputBase-input-MuiOutlinedInput-input"[39m
    [33mid[39m=[32m"«rf»"[39m
    [33mtype[39m=[32m"text"[39m
    [33mvalue[39m=[32m"Bản nháp giữ lại"[39m
  [36m/>[39m

  --------------------------------------------------

Ignored nodes: comments, script, style
[36m<body[39m
  [33mstyle[39m=[32m"padding-right: 1024px; overflow: hidden;"[39m
[36m>[39m
  [36m<div[39m
    [33maria-hidden[39m=[32m"true"[39m
  [36m>[39m
    [36m<div>[39m
      [0mĐã đóng[0m
    [36m</div>[39m
  [36m</div>[39m
  [36m<div[39m
    [33mclass[39m=[32m"MuiDialog-root MuiModal-root css-1424xw8-MuiModal-root-MuiDialog-root"[39m
    [33mrole[39m=[32m"presentation"[39m
  [36m>[39m
    [36m<div[39m
      [33maria-hidden[39m=[32m"true"[39m
      [33mclass[39m=[32m"MuiBackdrop-root MuiModal-backdrop css-1cennmq-MuiBackdrop-root-MuiDialog-backdrop"[39m
      [33mstyle[39m=[32m"opacity: 0; transition: opacity 195ms cubic-bezier(0.4, 0, 0.2, 1) 0ms;"[39m
    [36m/>[39m
    [36m<div[39m
      [33mdata-testid[39m=[32m"sentinelStart"[39m
      [33mtabindex[39m=[32m"-1"[39m
    [36m/>[39m
    [36m<div[39m
      [33mclass[39m=[32m"MuiDialog-container MuiDialog-scrollPaper css-45uc01-MuiDialog-container"[39m
      [33mrole[39m=[32m"presentation"[39m
      [33mstyle[39m=[32m"opacity: 0; transition: opacity 195ms cubic-bezier(0.4, 0, 0.2, 1) 0ms;"[39m
      [33mtabindex[39m=[32m"-1"[39m
    [36m>[39m
      [36m<div[39m
        [33maria-labelledby[39m=[32m"edit-dialog-title-«rb»"[39m
        [33maria-modal[39m=[32m"true"[39m
        [33mclass[39m=[32m"MuiPaper-root MuiPaper-elevation MuiPaper-rounded MuiPaper-elevation24 MuiDialog-paper MuiDialog-paperScrollPaper MuiDialog-paperWidthSm MuiDialog-paperFullWidth css-rr3p3f-MuiPaper-root-MuiDialog-paper"[39m
        [33mrole[39m=[32m"dialog"[39m
        [33mstyle[39m=[32m"--Paper-shadow: 0px 11px 15px -7px rgba(0,0,0,0.2),0px 24px 38px 3px rgba(0,0,0,0.14),0px 9px 46px 8px rgba(0,0,0,0.12); --Paper-overlay: linear-gradient(rgba(255, 255, 255, 0.165), rgba(255, 255, 255, 0.165));"[39m
      [36m>[39m
        [36m<h2[39m
          [33mclass[39m=[32m"MuiTypography-root MuiTypography-h6 MuiDialogTitle-root css-1axtb02-MuiTypography-root-MuiDialogTitle-root"[39m
          [33mid[39m=[32m"edit-dialog-title-«rb»"[39m
        [36m>[39m
          [0mChỉnh sửa[0m
          [36m<button[39m
            [33maria-label[39m=[32m"Đóng"[39m
            [33mclass[39m=[32m"MuiButtonBase-root MuiIconButton-root MuiIconButton-sizeMedium css-xl9lg9-MuiButtonBase-root-MuiIconButton-root"[39m
            [33mtabindex[39m=[32m"0"[39m
            [33mtype[39m=[32m"button"[39m
          [36m>[39m
            [36m<svg[39m
              [33maria-hidden[39m=[32m"true"[39m
              [33mclass[39m=[32m"MuiSvgIcon-root MuiSvgIcon-fontSizeMedium css-1umw9bq-MuiSvgIcon-root"[39m
              [33mdata-testid[39m=[32m"CloseRoundedIcon"[39m
              [33mfocusable[39m=[32m"false"[39m
              [33mviewBox[39m=[32m"0 0 24 24"[39m
            [36m>[39m
              [36m<path[39m
                [33md[39m=[32m"M18.3 5.71a.996.996 0 0 0-1.41 0L12 10.59 7.11 5.7a.996.996 0 0 0-1.41 0c-.39.39-.39 1.02 0 1.41L10.59 12 5.7 16.89c-.39.39-.39 1.02 0 1.41s1.02.39 1.41 0L12 13.41l4.89 4.89c.39.39 1.02.39 1.41 0s.39-1.02 0-1.41L13.41 12l4.89-4.89c.38-.38.38-1.02 0-1.4"[39m
              [36m/>[39m
            [36m</svg>[39m
          [36m</button>[39m
        [36m</h2>[39m
        [36m<div[39m
          [33mclass[39m=[32m"MuiDialogContent-root MuiDialogContent-dividers css-1wittd-MuiDialogContent-root"[39m
        [36m>[39m
          [36m<div[39m
            [33mclass[39m=[32m"MuiFormControl-root MuiTextField-root css-1xp5r68-MuiFormControl-root-MuiTextField-root"[39m
          [36m>[39m
            [36m<label[39m
              [33mclass[39m=[32m"MuiFormLabel-root MuiInputLabel-root MuiInputLabel-formControl MuiInputLabel-animated MuiInputLabel-shrink MuiInputLabel-outlined MuiFormLabel-colorPrimary MuiFormLabel-filled MuiInputLabel-root MuiInputLabel-formControl MuiInputLabel-animated MuiInputLabel-shrink MuiInputLabel-outlined css-1kcx2p5-MuiFormLabel-root-MuiInputLabel-root"[39m
              [33mdata-shrink[39m=[32m"true"[39m
              [33mfor[39m=[32m"«rf»"[39m
              [33mid[39m=[32m"«rf»-label"[39m
            [36m>[39m
              [0mTên bản nháp[0m
            [36m</label>[39m
            [36m<div[39m
              [33mclass[39m=[32m"MuiInputBase-root MuiOutlinedInput-root MuiInputBase-colorPrimary MuiInputBase-formControl css-7axx8m-MuiInputBase-root-MuiOutlinedInput-root"[39m
            [36m>[39m
              [36m<input[39m
                [33maria-invalid[39m=[32m"false"[39m
                [33mclass[39m=[32m"MuiInputBase-input MuiOutlinedInput-input css-1txw9lp-MuiInputBase-input-MuiOutlinedInput-input"[39m
                [33mid[39m=[32m"«rf»"[39m
                [33mtype[39m=[32m"text"[39m
                [33mvalue[39m=[32m"Bản nháp giữ lại"[39m
              [36m/>[39m
              [36m<fieldset[39m
                [33maria-hidden[39m=[32m"true"[39m
                [33mclass[39m=[32m"MuiOutlinedInput-notchedOutline css-cah4iz-MuiNotchedOutlined-root-MuiOutlinedInput-notchedOutline"[39m
              [36m>[39m
                [36m<legend[39m
                  [33mclass[39m=[32m"css-ex8a5f-MuiNotchedOutlined-root"[39m
                [36m>[39m
                  [36m<span>[39m
                    [0mTên bản nháp[0m
                  [36m</span>[39m
                [36m</legend>[39m
              [36m</fieldset>[39m
            [36m</div>[39m
          [36m</div>[39m
        [36m</div>[39m
        [36m<div[39m
          [33mclass[39m=[32m"MuiDialogActions-root MuiDialogActions-spacing css-cp1x3q-MuiDialogActions-root"[39m
        [36m>[39m
          [36m<button[39m
            [33mclass[39m=[32m"MuiButtonBase-root MuiButton-root MuiButton-text MuiButton-textPrimary MuiButton-sizeMedium MuiButton-textSizeMedium MuiButton-colorPrimary MuiButton-disableElevation MuiButton-root MuiButton-text MuiButton-textPrimary MuiButton-sizeMedium MuiButton-textSizeMedium MuiButton-colorPrimary MuiButton-disableElevation css-105t4m9-MuiButtonBase-root-MuiButton-root"[39m
            [33mtabindex[39m=[32m"0"[39m
            [33mtype[39m=[32m"button"[39m
          [36m>[39m
            [0mHủy[0m
            [36m<span[39m
              [33mclass[39m=[32m"MuiTouchRipple-root css-r3djoj-MuiTouchRipple-root"[39m
            [36m>[39m
              [36m<span[39m
                [33mclass[39m=[32m"css-y4cjyz-MuiTouchRipple-ripple MuiTouchRipple-ripple MuiTouchRipple-rippleVisible"[39m
                [33mstyle[39m=[32m"width: 2.8284271247461903px; height: 2.8284271247461903px; top: -1.4142135623730951px; left: -1.4142135623730951px;"[39m
              [36m>[39m
                [36m<span[39m
                  [33mclass[39m=[32m"MuiTouchRipple-child MuiTouchRipple-childLeaving"[39m
                [36m/>[39m
              [36m</span>[39m
              [36m<span[39m
                [33mclass[39m=[32m"css-y4cjyz-MuiTouchRipple-ripple MuiTouchRipple-ripple MuiTouchRipple-rippleVisible MuiTouchRipple-ripplePulsate"[39m
                [33mstyle[39m=[32m"width: 1px; height: 1px; top: -0.5px; left: -0.5px;"[39m
              [36m>[39m
                [36m<span[39m
                  [33mclass[39m=[32m"MuiTouchRipple-child MuiTouchRipple-childLeaving MuiTouchRipple-childPulsate"[39m
                [36m/>[39m
              [36m</span>[39m
            [36m</span>[39m
          [36m</button>[39m
          [36m<button[39m
            [33mclass[39m=[32m"MuiButtonBase-root MuiButton-root MuiButton-text MuiButton-textPrimary MuiButton-sizeMedium MuiButton-textSizeMedium MuiButton-colorPrimary MuiButton-disableElevation MuiButton-root MuiButton-text MuiButton-textPrimary MuiButton-sizeMedium MuiButton-textSizeMedium MuiButton-colorPrimary MuiButton-disableElevation css-105t4m9-MuiButtonBase-root-MuiButton-root"[39m
            [33mtabindex[39m=[32m"0"[39m
            [33mtype[39m=[32m"button"[39m
          [36m>[39m
            [0mLưu[0m
          [36m</button>[39m
        [36m</div>[39m
      [36m</div>[39m
    [36m</div>[39m
    [36m<div[39m
      [33mdata-testid[39m=[32m"sentinelEnd"[39m
      [33mtabindex[39m=[32m"-1"[39m
    [36m/>[39m
  [36m</div>[39m
[36m</body>[39m
 ✓ apps/web/tests/states/fe023-state.test.tsx > FE023 shared state and form behavior > exposes partial data and unavailable capability as explicit, accessible states 8ms
 ✓ apps/web/tests/states/fe023-state.test.tsx > FE023 shared state and form behavior > has a complete Vietnamese translation for every registered common UI key 1ms
 ✓ apps/web/tests/components.test.tsx > Accessible shared presentation > clears search, cursor, and returns focus while preserving other filters 341ms
 ✓ apps/web/tests/components.test.tsx > Accessible shared presentation > moves between cursor pages without dropping unrelated query filters 108ms
 ✓ apps/web/tests/components.test.tsx > Accessible shared presentation > does not submit an unfinished IME composition 10ms
 ✓ apps/web/tests/components.test.tsx > Accessible shared presentation > associates form errors with the visible label and returns focus after dialog close 331ms
 ✓ apps/web/tests/components.test.tsx > Accessible shared presentation > has no axe violations in the shared table, status, and search states 68ms
 ✓ apps/web/tests/components.test.tsx > Accessible shared presentation > reflows the real mock application from 320px to 1440px and passes browser axe 2937ms

⎯⎯⎯⎯⎯⎯⎯ Failed Tests 2 ⎯⎯⎯⎯⎯⎯⎯

 FAIL  apps/web/tests/components.test.tsx > Accessible shared presentation > shows a reserved loading state and a retryable error state
TestingLibraryElementError: Unable to find an accessible element with the role "progressbar" and name "Đang tải dữ liệu"

Here are the accessible roles:

  status:

  Name "":
  [36m<div[39m
    [33maria-live[39m=[32m"polite"[39m
    [33mclass[39m=[32m"MuiStack-root css-1sgca4d-MuiStack-root"[39m
    [33mrole[39m=[32m"status"[39m
  [36m/>[39m

  --------------------------------------------------
  progressbar:

  Name "Đang tải dữ liệu…":
  [36m<span[39m
    [33maria-label[39m=[32m"Đang tải dữ liệu…"[39m
    [33mclass[39m=[32m"MuiCircularProgress-root MuiCircularProgress-indeterminate MuiCircularProgress-colorPrimary css-1ep0rot-MuiCircularProgress-root"[39m
    [33mrole[39m=[32m"progressbar"[39m
    [33mstyle[39m=[32m"width: 28px; height: 28px;"[39m
  [36m/>[39m

  --------------------------------------------------
  paragraph:

  Name "":
  [36m<p[39m
    [33mclass[39m=[32m"MuiTypography-root MuiTypography-body1 css-sf77qz-MuiTypography-root"[39m
  [36m/>[39m

  --------------------------------------------------

Ignored nodes: comments, script, style
[36m<body>[39m
  [36m<div>[39m
    [36m<div[39m
      [33maria-live[39m=[32m"polite"[39m
      [33mclass[39m=[32m"MuiStack-root css-1sgca4d-MuiStack-root"[39m
      [33mrole[39m=[32m"status"[39m
    [36m>[39m
      [36m<span[39m
        [33maria-label[39m=[32m"Đang tải dữ liệu…"[39m
        [33mclass[39m=[32m"MuiCircularProgress-root MuiCircularProgress-indeterminate MuiCircularProgress-colorPrimary css-1ep0rot-MuiCircularProgress-root"[39m
        [33mrole[39m=[32m"progressbar"[39m
        [33mstyle[39m=[32m"width: 28px; height: 28px;"[39m
      [36m>[39m
        [36m<svg[39m
          [33mclass[39m=[32m"MuiCircularProgress-svg css-54pwck-MuiCircularProgress-svg"[39m
          [33mviewBox[39m=[32m"22 22 44 44"[39m
        [36m>[39m
          [36m<circle[39m
            [33mclass[39m=[32m"MuiCircularProgress-circle MuiCircularProgress-circleIndeterminate css-19t5dcl-MuiCircularProgress-circle"[39m
            [33mcx[39m=[32m"44"[39m
            [33mcy[39m=[32m"44"[39m
            [33mfill[39m=[32m"none"[39m
            [33mr[39m=[32m"20.2"[39m
            [33mstroke-width[39m=[32m"3.6"[39m
          [36m/>[39m
        [36m</svg>[39m
      [36m</span>[39m
      [36m<p[39m
        [33mclass[39m=[32m"MuiTypography-root MuiTypography-body1 css-sf77qz-MuiTypography-root"[39m
      [36m>[39m
        [0mĐang tải dữ liệu…[0m
      [36m</p>[39m
    [36m</div>[39m
  [36m</div>[39m
[36m</body>[39m
 ❯ Object.getElementError node_modules/@testing-library/dom/dist/config.js:37:19
 ❯ node_modules/@testing-library/dom/dist/query-helpers.js:76:38
 ❯ node_modules/@testing-library/dom/dist/query-helpers.js:52:17
 ❯ node_modules/@testing-library/dom/dist/query-helpers.js:95:19
 ❯ apps/web/tests/components.test.tsx:155:23
    153|         const loading=renderWithTheme(<QueryState query={{isPending:tr…
    154|         expect(screen.getByRole('status')).toHaveTextContent('Đang tải…
    155|         expect(screen.getByRole('progressbar',{name:'Đang tải dữ liệu'…
       |                       ^
    156|         loading.unmount();
    157|         renderWithTheme(<QueryState query={{isPending:false,isError:tr…

⎯⎯⎯⎯⎯⎯⎯⎯⎯⎯⎯⎯⎯⎯⎯⎯⎯⎯⎯⎯⎯⎯⎯⎯[1/2]⎯

 FAIL  apps/web/tests/states/fe023-state.test.tsx > FE023 shared state and form behavior > asks before closing a dialog with a dirty field and keeps the field until discard is chosen
TestingLibraryElementError: Unable to find an accessible element with the role "dialog" and name "Rời biểu mẫu chưa lưu?"

Here are the accessible roles:

  presentation:

  Name "":
  [36m<div[39m
    [33mclass[39m=[32m"MuiDialog-root MuiModal-root css-1424xw8-MuiModal-root-MuiDialog-root"[39m
    [33mrole[39m=[32m"presentation"[39m
  [36m/>[39m

  Name "":
  [36m<div[39m
    [33mclass[39m=[32m"MuiDialog-container MuiDialog-scrollPaper css-45uc01-MuiDialog-container"[39m
    [33mrole[39m=[32m"presentation"[39m
    [33mstyle[39m=[32m"opacity: 0; transition: opacity 195ms cubic-bezier(0.4, 0, 0.2, 1) 0ms;"[39m
    [33mtabindex[39m=[32m"-1"[39m
  [36m/>[39m

  --------------------------------------------------
  dialog:

  Name "Chỉnh sửa":
  [36m<div[39m
    [33maria-labelledby[39m=[32m"edit-dialog-title-«rb»"[39m
    [33maria-modal[39m=[32m"true"[39m
    [33mclass[39m=[32m"MuiPaper-root MuiPaper-elevation MuiPaper-rounded MuiPaper-elevation24 MuiDialog-paper MuiDialog-paperScrollPaper MuiDialog-paperWidthSm MuiDialog-paperFullWidth css-rr3p3f-MuiPaper-root-MuiDialog-paper"[39m
    [33mrole[39m=[32m"dialog"[39m
    [33mstyle[39m=[32m"--Paper-shadow: 0px 11px 15px -7px rgba(0,0,0,0.2),0px 24px 38px 3px rgba(0,0,0,0.14),0px 9px 46px 8px rgba(0,0,0,0.12); --Paper-overlay: linear-gradient(rgba(255, 255, 255, 0.165), rgba(255, 255, 255, 0.165));"[39m
  [36m/>[39m

  --------------------------------------------------
  heading:

  Name "Chỉnh sửa":
  [36m<h2[39m
    [33mclass[39m=[32m"MuiTypography-root MuiTypography-h6 MuiDialogTitle-root css-1axtb02-MuiTypography-root-MuiDialogTitle-root"[39m
    [33mid[39m=[32m"edit-dialog-title-«rb»"[39m
  [36m/>[39m

  --------------------------------------------------
  button:

  Name "Đóng":
  [36m<button[39m
    [33maria-label[39m=[32m"Đóng"[39m
    [33mclass[39m=[32m"MuiButtonBase-root MuiIconButton-root MuiIconButton-sizeMedium css-xl9lg9-MuiButtonBase-root-MuiIconButton-root"[39m
    [33mtabindex[39m=[32m"0"[39m
    [33mtype[39m=[32m"button"[39m
  [36m/>[39m

  Name "Hủy":
  [36m<button[39m
    [33mclass[39m=[32m"MuiButtonBase-root MuiButton-root MuiButton-text MuiButton-textPrimary MuiButton-sizeMedium MuiButton-textSizeMedium MuiButton-colorPrimary MuiButton-disableElevation MuiButton-root MuiButton-text MuiButton-textPrimary MuiButton-sizeMedium MuiButton-textSizeMedium MuiButton-colorPrimary MuiButton-disableElevation css-105t4m9-MuiButtonBase-root-MuiButton-root"[39m
    [33mtabindex[39m=[32m"0"[39m
    [33mtype[39m=[32m"button"[39m
  [36m/>[39m

  Name "Lưu":
  [36m<button[39m
    [33mclass[39m=[32m"MuiButtonBase-root MuiButton-root MuiButton-text MuiButton-textPrimary MuiButton-sizeMedium MuiButton-textSizeMedium MuiButton-colorPrimary MuiButton-disableElevation MuiButton-root MuiButton-text MuiButton-textPrimary MuiButton-sizeMedium MuiButton-textSizeMedium MuiButton-colorPrimary MuiButton-disableElevation css-105t4m9-MuiButtonBase-root-MuiButton-root"[39m
    [33mtabindex[39m=[32m"0"[39m
    [33mtype[39m=[32m"button"[39m
  [36m/>[39m

  --------------------------------------------------
  textbox:

  Name "Tên bản nháp":
  [36m<input[39m
    [33maria-invalid[39m=[32m"false"[39m
    [33mclass[39m=[32m"MuiInputBase-input MuiOutlinedInput-input css-1txw9lp-MuiInputBase-input-MuiOutlinedInput-input"[39m
    [33mid[39m=[32m"«rf»"[39m
    [33mtype[39m=[32m"text"[39m
    [33mvalue[39m=[32m"Bản nháp giữ lại"[39m
  [36m/>[39m

  --------------------------------------------------

Ignored nodes: comments, script, style
[36m<body[39m
  [33mstyle[39m=[32m"padding-right: 1024px; overflow: hidden;"[39m
[36m>[39m
  [36m<div[39m
    [33maria-hidden[39m=[32m"true"[39m
  [36m>[39m
    [36m<div>[39m
      [0mĐã đóng[0m
    [36m</div>[39m
  [36m</div>[39m
  [36m<div[39m
    [33mclass[39m=[32m"MuiDialog-root MuiModal-root css-1424xw8-MuiModal-root-MuiDialog-root"[39m
    [33mrole[39m=[32m"presentation"[39m
  [36m>[39m
    [36m<div[39m
      [33maria-hidden[39m=[32m"true"[39m
      [33mclass[39m=[32m"MuiBackdrop-root MuiModal-backdrop css-1cennmq-MuiBackdrop-root-MuiDialog-backdrop"[39m
      [33mstyle[39m=[32m"opacity: 0; transition: opacity 195ms cubic-bezier(0.4, 0, 0.2, 1) 0ms;"[39m
    [36m/>[39m
    [36m<div[39m
      [33mdata-testid[39m=[32m"sentinelStart"[39m
      [33mtabindex[39m=[32m"-1"[39m
    [36m/>[39m
    [36m<div[39m
      [33mclass[39m=[32m"MuiDialog-container MuiDialog-scrollPaper css-45uc01-MuiDialog-container"[39m
      [33mrole[39m=[32m"presentation"[39m
      [33mstyle[39m=[32m"opacity: 0; transition: opacity 195ms cubic-bezier(0.4, 0, 0.2, 1) 0ms;"[39m
      [33mtabindex[39m=[32m"-1"[39m
    [36m>[39m
      [36m<div[39m
        [33maria-labelledby[39m=[32m"edit-dialog-title-«rb»"[39m
        [33maria-modal[39m=[32m"true"[39m
        [33mclass[39m=[32m"MuiPaper-root MuiPaper-elevation MuiPaper-rounded MuiPaper-elevation24 MuiDialog-paper MuiDialog-paperScrollPaper MuiDialog-paperWidthSm MuiDialog-paperFullWidth css-rr3p3f-MuiPaper-root-MuiDialog-paper"[39m
        [33mrole[39m=[32m"dialog"[39m
        [33mstyle[39m=[32m"--Paper-shadow: 0px 11px 15px -7px rgba(0,0,0,0.2),0px 24px 38px 3px rgba(0,0,0,0.14),0px 9px 46px 8px rgba(0,0,0,0.12); --Paper-overlay: linear-gradient(rgba(255, 255, 255, 0.165), rgba(255, 255, 255, 0.165));"[39m
      [36m>[39m
        [36m<h2[39m
          [33mclass[39m=[32m"MuiTypography-root MuiTypography-h6 MuiDialogTitle-root css-1axtb02-MuiTypography-root-MuiDialogTitle-root"[39m
          [33mid[39m=[32m"edit-dialog-title-«rb»"[39m
        [36m>[39m
          [0mChỉnh sửa[0m
          [36m<button[39m
            [33maria-label[39m=[32m"Đóng"[39m
            [33mclass[39m=[32m"MuiButtonBase-root MuiIconButton-root MuiIconButton-sizeMedium css-xl9lg9-MuiButtonBase-root-MuiIconButton-root"[39m
            [33mtabindex[39m=[32m"0"[39m
            [33mtype[39m=[32m"button"[39m
          [36m>[39m
            [36m<svg[39m
              [33maria-hidden[39m=[32m"true"[39m
              [33mclass[39m=[32m"MuiSvgIcon-root MuiSvgIcon-fontSizeMedium css-1umw9bq-MuiSvgIcon-root"[39m
              [33mdata-testid[39m=[32m"CloseRoundedIcon"[39m
              [33mfocusable[39m=[32m"false"[39m
              [33mviewBox[39m=[32m"0 0 24 24"[39m
            [36m>[39m
              [36m<path[39m
                [33md[39m=[32m"M18.3 5.71a.996.996 0 0 0-1.41 0L12 10.59 7.11 5.7a.996.996 0 0 0-1.41 0c-.39.39-.39 1.02 0 1.41L10.59 12 5.7 16.89c-.39.39-.39 1.02 0 1.41s1.02.39 1.41 0L12 13.41l4.89 4.89c.39.39 1.02.39 1.41 0s.39-1.02 0-1.41L13.41 12l4.89-4.89c.38-.38.38-1.02 0-1.4"[39m
              [36m/>[39m
            [36m</svg>[39m
          [36m</button>[39m
        [36m</h2>[39m
        [36m<div[39m
          [33mclass[39m=[32m"MuiDialogContent-root MuiDialogContent-dividers css-1wittd-MuiDialogContent-root"[39m
        [36m>[39m
          [36m<div[39m
            [33mclass[39m=[32m"MuiFormControl-root MuiTextField-root css-1xp5r68-MuiFormControl-root-MuiTextField-root"[39m
          [36m>[39m
            [36m<label[39m
              [33mclass[39m=[32m"MuiFormLabel-root MuiInputLabel-root MuiInputLabel-formControl MuiInputLabel-animated MuiInputLabel-shrink MuiInputLabel-outlined MuiFormLabel-colorPrimary MuiFormLabel-filled MuiInputLabel-root MuiInputLabel-formControl MuiInputLabel-animated MuiInputLabel-shrink MuiInputLabel-outlined css-1kcx2p5-MuiFormLabel-root-MuiInputLabel-root"[39m
              [33mdata-shrink[39m=[32m"true"[39m
              [33mfor[39m=[32m"«rf»"[39m
              [33mid[39m=[32m"«rf»-label"[39m
            [36m>[39m
              [0mTên bản nháp[0m
            [36m</label>[39m
            [36m<div[39m
              [33mclass[39m=[32m"MuiInputBase-root MuiOutlinedInput-root MuiInputBase-colorPrimary MuiInputBase-formControl css-7axx8m-MuiInputBase-root-MuiOutlinedInput-root"[39m
            [36m>[39m
              [36m<input[39m
                [33maria-invalid[39m=[32m"false"[39m
                [33mclass[39m=[32m"MuiInputBase-input MuiOutlinedInput-input css-1txw9lp-MuiInputBase-input-MuiOutlinedInput-input"[39m
                [33mid[39m=[32m"«rf»"[39m
                [33mtype[39m=[32m"text"[39m
                [33mvalue[39m=[32m"Bản nháp giữ lại"[39m
              [36m/>[39m
              [36m<fieldset[39m
                [33maria-hidden[39m=[32m"true"[39m
                [33mclass[39m=[32m"MuiOutlinedInput-notchedOutline css-cah4iz-MuiNotchedOutlined-root-MuiOutlinedInput-notchedOutline"[39m
              [36m>[39m
                [36m<legend[39m
                  [33mclass[39m=[32m"css-ex8a5f-MuiNotchedOutlined-root"[39m
                [36m>[39m
                  [36m<span>[39m
                    [0mTên bản nháp[0m
                  [36m</span>[39m
                [36m</legend>[39m
              [36m</fieldset>[39m
            [36m</div>[39m
          [36m</div>[39m
        [36m</div>[39m
        [36m<div[39m
          [33mclass[39m=[32m"MuiDialogActions-root MuiDialogActions-spacing css-cp1x3q-MuiDialogActions-root"[39m
        [36m>[39m
          [36m<button[39m
            [33mclass[39m=[32m"MuiButtonBase-root MuiButton-root MuiButton-text MuiButton-textPrimary MuiButton-sizeMedium MuiButton-textSizeMedium MuiButton-colorPrimary MuiButton-disableElevation MuiButton-root MuiButton-text MuiButton-textPrimary MuiButton-sizeMedium MuiButton-textSizeMedium MuiButton-colorPrimary MuiButton-disableElevation css-105t4m9-MuiButtonBase-root-MuiButton-root"[39m
            [33mtabindex[39m=[32m"0"[39m
            [33mtype[39m=[32m"button"[39m
          [36m>[39m
            [0mHủy[0m
            [36m<span[39m
              [33mclass[39m=[32m"MuiTouchRipple-root css-r3djoj-MuiTouchRipple-root"[39m
            [36m>[39m
              [36m<span[39m
                [33mclass[39m=[32m"css-y4cjyz-MuiTouchRipple-ripple MuiTouchRipple-ripple MuiTouchRipple-rippleVisible"[39m
                [33mstyle[39m=[32m"width: 2.8284271247461903px; height: 2.8284271247461903px; top: -1.4142135623730951px; left: -1.4142135623730951px;"[39m
              [36m>[39m
                [36m<span[39m
                  [33mclass[39m=[32m"MuiTouchRipple-child MuiTouchRipple-childLeaving"[39m
                [36m/>[39m
              [36m</span>[39m
              [36m<span[39m
                [33mclass[39m=[32m"css-y4cjyz-MuiTouchRipple-ripple MuiTouchRipple-ripple MuiTouchRipple-rippleVisible MuiTouchRipple-ripplePulsate"[39m
                [33mstyle[39m=[32m"width: 1px; height: 1px; top: -0.5px; left: -0.5px;"[39m
              [36m>[39m
                [36m<span[39m
                  [33mclass[39m=[32m"MuiTouchRipple-child MuiTouchRipple-childLeaving MuiTouchRipple-childPulsate"[39m
                [36m/>[39m
              [36m</span>[39m
            [36m</span>[39m
          [36m</button>[39m
          [36m<button[39m
            [33mclass[39m=[32m"MuiButtonBase-root MuiButton-root MuiButton-text MuiButton-textPrimary MuiButton-sizeMedium MuiButton-textSizeMedium MuiButton-colorPrimary MuiButton-disableElevation MuiButton-root MuiButton-text MuiButton-textPrimary MuiButton-sizeMedium MuiButton-textSizeMedium MuiButton-colorPrimary MuiButton-disableElevation css-105t4m9-MuiButtonBase-root-MuiButton-root"[39m
            [33mtabindex[39m=[32m"0"[39m
            [33mtype[39m=[32m"button"[39m
          [36m>[39m
            [0mLưu[0m
          [36m</button>[39m
        [36m</div>[39m
      [36m</div>[39m
    [36m</div>[39m
    [36m<div[39m
      [33mdata-testid[39m=[32m"sentinelEnd"[39m
      [33mtabindex[39m=[32m"-1"[39m
    [36m/>[39m
  [36m</div>[39m
[36m</body>[39m
 ❯ Object.getElementError node_modules/@testing-library/dom/dist/config.js:37:19
 ❯ node_modules/@testing-library/dom/dist/query-helpers.js:76:38
 ❯ node_modules/@testing-library/dom/dist/query-helpers.js:52:17
 ❯ node_modules/@testing-library/dom/dist/query-helpers.js:95:19
 ❯ apps/web/tests/states/fe023-state.test.tsx:84:32
     82|         await userEvent.click(screen.getByRole('button', { name: 'Hủy'…
     83| 
     84|         const confirm = screen.getByRole('dialog', { name: 'Rời biểu m…
       |                                ^
     85|         expect(confirm).toBeVisible();
     86|         expect(screen.getByRole('textbox', { name: 'Tên bản nháp', hid…

⎯⎯⎯⎯⎯⎯⎯⎯⎯⎯⎯⎯⎯⎯⎯⎯⎯⎯⎯⎯⎯⎯⎯⎯[2/2]⎯


 Test Files  2 failed | 5 passed (7)
      Tests  2 failed | 64 passed (66)
   Start at  10:57:05
   Duration  5.20s (transform 273ms, setup 696ms, collect 1.84s, tests 5.36s, environment 2.19s, prepare 428ms)

