[WebServer] (node:85800) Warning: The 'NO_COLOR' env is ignored due to the 'FORCE_COLOR' env being set.
[WebServer] (Use `node --trace-warnings ...` to show where the warning was created)


Running 2 tests using 1 worker

(node:71740) Warning: The 'NO_COLOR' env is ignored due to the 'FORCE_COLOR' env being set.
(Use `node --trace-warnings ...` to show where the warning was created)


[1/2] [chromium] › tests\fe016.spec.ts:101:1 › FE016 conversation keeps its composer visible while long demo context scrolls independently
[WebServer] [BABEL] Note: The code generator has deoptimised the styling of C:\Users\Joker-PC\AppData\Local\Temp\botsales-vite-cache\ea27c7577456f6009d55\playwright-webserver\playwright-29748-0fbbcdf6-ee7e-4165-906b-49b5b7d9da2d\deps\react-dom_client.js?v=e7d43682 as it exceeds the max of 500KB.

  1) [chromium] › tests\fe016.spec.ts:101:1 › FE016 conversation keeps its composer visible while long demo context scrolls independently 

    Error: expect(received).toBeLessThanOrEqual(expected)

    Expected: <= 1
    Received:    88.09375

    Call Log:
    - Timeout 5000ms exceeded while waiting on the predicate

      171 |         const form = await thread.locator('form').boundingBox();
      172 |         return reachable!.y + reachable!.height - form!.y - form!.height;
    > 173 |     }).toBeLessThanOrEqual(1);
          |        ^
      174 |     await draft.fill('');
      175 | });
      176 |
        at C:\Users\Joker-PC\Documents\Projects\Bot-AI-Ban-hang-FB\BotSalesAI_Frontend\tests\fe016.spec.ts:173:8

    Error Context: test-results\playwright-71740-905ecb82-e117-4987-abfc-1edc71e89605\fe016-FE016-conversation-k-dceb6-ntext-scrolls-independently-chromium\error-context.md

    Error Context: test-results\playwright-71740-905ecb82-e117-4987-abfc-1edc71e89605\fe016-FE016-conversation-k-dceb6-ntext-scrolls-independently-chromium\error-context.md

    attachment #4: trace (application/zip) ─────────────────────────────────────────────────────────
    test-results\playwright-71740-905ecb82-e117-4987-abfc-1edc71e89605\fe016-FE016-conversation-k-dceb6-ntext-scrolls-independently-chromium\trace.zip
    Usage:

        npx playwright show-trace test-results\playwright-71740-905ecb82-e117-4987-abfc-1edc71e89605\fe016-FE016-conversation-k-dceb6-ntext-scrolls-independently-chromium\trace.zip

    ────────────────────────────────────────────────────────────────────────────────────────────────


(node:66448) Warning: The 'NO_COLOR' env is ignored due to the 'FORCE_COLOR' env being set.
(Use `node --trace-warnings ...` to show where the warning was created)


[2/2] [firefox] › tests\fe016.spec.ts:101:1 › FE016 conversation keeps its composer visible while long demo context scrolls independently
  1 failed
    [chromium] › tests\fe016.spec.ts:101:1 › FE016 conversation keeps its composer visible while long demo context scrolls independently 
  1 passed (22.4s)
