
> botsales-frontend@0.1.0 test:layout
> node --test tests/layout-checker.test.mjs tests/ui-layout-binding-gates.test.mjs && node scripts/check-layout.mjs

✔ accepts semantic bridge roles, the closed token-derived factor map, geometry, and reset values (2286.9581ms)
✔ rejects a CSS spacing role without a declared shared owner (1509.3596ms)
✔ rejects scale-conforming and off-scale literals in sx, responsive leaves, named and namespace MUI System props (1280.3897ms)
✔ follows local aliases and style callbacks; rejects theme spacing helpers and preset overrides (1268.8662ms)
✔ scans nested slotProps but does not confuse event handlers or geometric dimensions with spacing (1189.4182ms)
✔ keeps Panel geometry inspectable and rejects spacing hidden in its geometry prop (3131.2939ms)
✔ accepts only an exact CSS exception and reports stale or mismatched exception scope (3090.4497ms)
✔ rejects malformed TypeScript, malformed CSS, bad exception schema, and raw values in the bridge (4021.57ms)
✔ rejects canonical pixel tokens used as MUI factors and an altered bridge factor table (2407.9392ms)
✔ report mode inventories migration debt without turning findings into PASS (1069.3488ms)
✔ canonical writes through casts and aliases fail outside style expressions (2408.0194ms)
✔ Object.assign cannot mutate canonical data but can copy to a fresh object (2726.0314ms)
✔ layout gate rejects raw spacing on const alias of MUI component (1329.779ms)
✔ canonical mutation gate follows global mutator aliases and reflection (1200.832ms)
✔ local mutator names do not acquire global mutation identity (1185.3535ms)
✔ destructured mutators and call/apply retain canonical mutation checks (1139.6348ms)
✔ global mutator call/apply can copy canonical values into fresh objects (1038.5136ms)
✔ mutable aliases with possible canonical destinations fail closed (1075.6253ms)
✔ opaque apply arguments fail closed while unrelated mutable data stays valid (2179.2375ms)
✔ canonical references inside containers and destructured aliases cannot be mutated (1121.4943ms)
✔ independent shallow copies of scalar canonical fields remain mutable (1038.8018ms)
✔ array references and nested destructuring preserve canonical write provenance (1012.5866ms)
✔ array destinations distinguish independent elements from canonical references (1043.7711ms)
✔ array destructuring, dynamic indices and spread cannot hide canonical references (1455.437ms)
✔ dynamic indices and destructuring of independent arrays stay mutable (1114.5601ms)
✔ function parameters cannot hide canonical mutation across source files (1072.4811ms)
✔ read-only helpers and mutations of unrelated arguments remain valid (1001.2319ms)
✔ returned canonical references remain protected across helper boundaries (1019.1446ms)
✔ helper returns of fresh scalar copies do not retain canonical destination identity (969.6106ms)
✔ destructured object parameters cannot mutate canonical arguments (1323.4067ms)
✔ destructured object parameters retain independent argument mutability (973.2106ms)
✔ default parameter and binding initializers cannot hide canonical mutations (974.9178ms)
✔ fresh default parameter and binding copies remain mutable (985.2811ms)
✔ rest parameters retain canonical argument write provenance (968.2895ms)
✔ rest parameters distinguish independent positions from canonical siblings (999.268ms)
✔ finite spread arguments preserve shifted positional and rest destinations (981.8787ms)
✔ finite spread expansion keeps independent argument positions mutable (974.0815ms)
✔ opaque spreads keep positional mutation destinations unknown (1002.9603ms)
✔ opaque spreads into read-only helpers do not invent mutation findings (971.5797ms)
✔ array parameter patterns retain canonical positions including nested object arrays (1040.4322ms)
✔ array parameter patterns retain independent bound element mutability (1054.3859ms)
✔ layout gate rejects parameter shadow of canonical layout name (1045.5474ms)
✔ layout gate follows genuine renamed styled factory (1069.3784ms)
✔ layout gate accepts canonical namespace, element access and barrel alias (1007.0954ms)
✔ layout gate does not mistake local component named Stack for MUI (1218.7532ms)
✔ layout gate inspects renamed installed Emotion css tag (972.3685ms)
✔ layout gate preserves genuine aliased Controller field forwarding (1026.3661ms)
✔ a same-named local Controller cannot exempt an unknown prop spread (966.2951ms)
✔ genuine useForm registration survives property and destructured aliases (971.3897ms)
✔ a function named register cannot exempt injected style props (979.0345ms)
✔ a bridge callback parameter cannot impersonate its private factor binding (970.37ms)
✔ opaque namespace component selection remains a strict binding failure (981.5582ms)
✔ opaque namespace factory cannot hide style arguments (1126.1341ms)
✔ MUI re-export cannot hide raw spacing behind a first-party barrel (1022.0975ms)
✔ destructuring assignments cannot hide canonical write targets (1045.635ms)
✔ destructuring assignments can update independent copied destinations (1322.7575ms)
✔ object rest retains nested canonical references while copying the outer object (1356.6791ms)
✔ rest scalar copies and replacement of container references stay mutable (1218.7607ms)
✔ shallow object spread preserves canonical child references and last-writer order (1121.3302ms)
✔ shallow spread with a later independent override stays mutable (1091.6424ms)
✔ exported mutable aliases retain assignments from their declaring file (1201.2395ms)
✔ exported independent mutable data does not acquire canonical provenance (1024.5487ms)
✔ literal computed keys retain canonical container and parameter provenance (1317.7108ms)
✔ literal computed keys do not taint independent selected properties (1051.5798ms)
✔ Object.assign shallow copies retain canonical nested reference provenance (1136.1851ms)
✔ Object.assign later independent overrides and scalar copies stay mutable (1186.4407ms)
✔ union and dynamic property selections retain possible canonical destinations (1165.6157ms)
✔ finite union property selections exclude canonical siblings not in the key set (1169.2876ms)
✔ union selection over Object.assign output retains canonical child provenance (1147.536ms)
✔ union selection over independent Object.assign output remains mutable (1322.1092ms)
✔ Reflect.set call/apply checks the target argument rather than the assigned value (3589.7814ms)
✔ aliased React createElement checks MUI and native style objects (1130.6808ms)
✔ GlobalStyles.styles is checked and local createElement names stay local (2248.7927ms)
✔ React JSX runtime factories cannot bypass MUI or native style checks (1154.362ms)
✔ React cloneElement checks the cloned MUI element and preserves native props (4513.0693ms)
✔ Emotion css props and object factories are inspected with native CSS semantics (3273.2969ms)
✔ Inline style elements in JSX, React factories, DOM and the HTML entry fail closed (8661.7072ms)
✔ DOM CSSOM spacing writes use semantic roles and reject opaque style strings (2078.1113ms)
✔ HTML parsing and runtime stylesheet mutation cannot bypass the imported CSS boundary (1966.0565ms)
✔ spacing shorthand values and responsive breakpoints preserve token and unit provenance (10615.6763ms)
✔ function return producers cannot hide canonical children behind spreads (979.9691ms)
✔ producer spreads keep later independent child overrides writable (1011.1799ms)
ℹ tests 82
ℹ suites 0
ℹ pass 82
ℹ fail 0
ℹ cancelled 0
ℹ skipped 0
ℹ todo 0
ℹ duration_ms 110929.324
layout-check PASS: 79 source files, 0 finding(s), 1 exception(s) used
