
> botsales-frontend@0.1.0 test:e2e
> node scripts/run-e2e.mjs tests/fe012.spec.ts tests/fe018.spec.ts


> npm run setup

> botsales-frontend@0.1.0 setup
> node scripts/setup.mjs

{"status":"PASS","outputs":11,"schemas":283,"operations":210,"routes":54}
Copying the worker script at "C:\Users\Joker-PC\Documents\Projects\Bot-AI-Ban-hang-FB\BotSalesAI_Frontend\apps\web\public"...

Worker script successfully copied!
  - public

Continue by describing the network in your application:


https://mswjs.io/docs/quick-start

Thiết lập xong. npm run dev chạy frontend mô phỏng; không kết nối khách hàng hoặc provider thật.

> npm run build

> botsales-frontend@0.1.0 build
> npm run generate:check && npm run typecheck && npm run build --workspace @botsales/web


> botsales-frontend@0.1.0 generate:check
> node scripts/generate.mjs --check

{"status":"PASS","outputs":11,"schemas":283,"operations":210,"routes":54}

> botsales-frontend@0.1.0 typecheck
> tsc -p apps/web/tsconfig.json --noEmit


> @botsales/web@0.1.0 build
> vite build --mode production

vite v7.3.6 building client environment for production...
transforming...
✓ 2057 modules transformed.
rendering chunks...
computing gzip size...
dist/index.html                              1.19 kB │ gzip:   0.60 kB
dist/assets/index-BQPx7lJM.css               3.56 kB │ gzip:   1.33 kB
dist/assets/download-8lJFmiSZ.js             0.23 kB │ gzip:   0.17 kB
dist/assets/filters-BJmJubfC.js              0.31 kB │ gzip:   0.23 kB
dist/assets/hooks-DVp34frE.js                3.18 kB │ gzip:   1.62 kB
dist/assets/index-BRZodlWE.js                7.97 kB │ gzip:   3.18 kB
dist/assets/index-CcODibCT.js                8.74 kB │ gzip:   3.67 kB
dist/assets/index-BPviT4zV.js                9.89 kB │ gzip:   3.65 kB
dist/assets/index-DTSASa4G.js               13.62 kB │ gzip:   4.48 kB
dist/assets/index-DBKuJBXZ.js               13.83 kB │ gzip:   5.64 kB
dist/assets/index-DR7Y7mir.js               14.26 kB │ gzip:   5.46 kB
dist/assets/index-CKn2f6Mf.js               14.41 kB │ gzip:   5.31 kB
dist/assets/index-DnTF97gY.js               16.16 kB │ gzip:   5.46 kB
dist/assets/index-DBZyqIy7.js               16.46 kB │ gzip:   5.43 kB
dist/assets/index-CIWFx_ET.js               17.79 kB │ gzip:   6.23 kB
dist/assets/index-Cfmg3wws.js               18.39 kB │ gzip:   6.12 kB
dist/assets/index-Baqv9GU7.js               21.89 kB │ gzip:   7.39 kB
dist/assets/index-yHBbMMgC.js               22.98 kB │ gzip:   8.20 kB
dist/assets/index-C69Pl0lI.js               26.01 kB │ gzip:   8.44 kB
dist/assets/index-Dr3forbH.js               31.32 kB │ gzip:   9.78 kB
dist/assets/query-5vm9EU1C.js               33.15 kB │ gzip:   9.92 kB
dist/assets/index-B6J-oicS.js               37.48 kB │ gzip:  10.07 kB
dist/assets/i18n-xB0mQYCC.js                46.14 kB │ gzip:  15.12 kB
dist/assets/index-BpGPL_wK.js               78.80 kB │ gzip:  25.89 kB
dist/assets/schemas-jpQ0XMzw.js             79.18 kB │ gzip:  24.03 kB
dist/assets/schema-validation-Bhr7oAQE.js  149.80 kB │ gzip:  45.12 kB
dist/assets/contract-data-Dmdv2cKW.js      262.00 kB │ gzip:  35.24 kB
dist/assets/react-runtime-D0NtfbPC.js      279.78 kB │ gzip:  90.28 kB
dist/assets/charts-CQ4oecFO.js             313.03 kB │ gzip:  94.99 kB
dist/assets/mui-Bz_aCSm2.js                328.33 kB │ gzip: 100.02 kB
✓ built in 2.72s

> npm run build:demo

> botsales-frontend@0.1.0 build:demo
> npm run generate:check && npm run typecheck && npm run build:demo --workspace @botsales/web


> botsales-frontend@0.1.0 generate:check
> node scripts/generate.mjs --check

{"status":"PASS","outputs":11,"schemas":283,"operations":210,"routes":54}

> botsales-frontend@0.1.0 typecheck
> tsc -p apps/web/tsconfig.json --noEmit


> @botsales/web@0.1.0 build:demo
> vite build --mode demo --outDir dist-demo

vite v7.3.6 building client environment for demo...
transforming...
✓ 2273 modules transformed.
rendering chunks...
computing gzip size...
dist-demo/index.html                              1.19 kB │ gzip:   0.59 kB
dist-demo/assets/index-BQPx7lJM.css               3.56 kB │ gzip:   1.33 kB
dist-demo/assets/download-CWiaXb8A.js             0.24 kB │ gzip:   0.17 kB
dist-demo/assets/filters-BJmJubfC.js              0.31 kB │ gzip:   0.23 kB
dist-demo/assets/control-B9mHuWYJ.js              0.72 kB │ gzip:   0.43 kB
dist-demo/assets/hooks-Clw7BUlW.js                3.19 kB │ gzip:   1.62 kB
dist-demo/assets/index-CztjnkLC.js                8.51 kB │ gzip:   3.37 kB
dist-demo/assets/index-C7f0_kCk.js                8.74 kB │ gzip:   3.67 kB
dist-demo/assets/index-Dz5gTy1w.js                9.89 kB │ gzip:   3.66 kB
dist-demo/assets/index-BX7BiMzT.js               13.62 kB │ gzip:   4.48 kB
dist-demo/assets/index-BcJ8Mk_k.js               13.96 kB │ gzip:   5.27 kB
dist-demo/assets/index-Bybz4yTZ.js               14.02 kB │ gzip:   5.69 kB
dist-demo/assets/index-BjTECmQb.js               16.61 kB │ gzip:   5.47 kB
dist-demo/assets/index-DDmenQcI.js               17.79 kB │ gzip:   6.23 kB
dist-demo/assets/index-BhjGUmC2.js               18.37 kB │ gzip:   6.20 kB
dist-demo/assets/index-V0ozlFg7.js               18.39 kB │ gzip:   6.12 kB
dist-demo/assets/index-CkqiHFnq.js               22.30 kB │ gzip:   7.55 kB
dist-demo/assets/index-B5zpnThE.js               22.55 kB │ gzip:   7.77 kB
dist-demo/assets/index-M4tg4uvS.js               23.22 kB │ gzip:   8.25 kB
dist-demo/assets/index-BqPH38lX.js               26.47 kB │ gzip:   8.58 kB
dist-demo/assets/query-5vm9EU1C.js               33.15 kB │ gzip:   9.92 kB
dist-demo/assets/index-DC3PyjFd.js               33.44 kB │ gzip:  10.48 kB
dist-demo/assets/index-BAwSQvB3.js               37.48 kB │ gzip:  10.07 kB
dist-demo/assets/i18n-xB0mQYCC.js                46.14 kB │ gzip:  15.12 kB
dist-demo/assets/schemas-jpQ0XMzw.js             79.18 kB │ gzip:  24.03 kB
dist-demo/assets/index-BHPetk4E.js               82.67 kB │ gzip:  27.02 kB
dist-demo/assets/schema-validation-Bhr7oAQE.js  149.80 kB │ gzip:  45.12 kB
dist-demo/assets/service-C09KbfDh.js            159.35 kB │ gzip:  34.71 kB
dist-demo/assets/browser-CbNrwdye.js            255.20 kB │ gzip:  86.82 kB
dist-demo/assets/contract-data-Bmlj3jVV.js      267.78 kB │ gzip:  36.38 kB
dist-demo/assets/react-runtime-D0NtfbPC.js      279.78 kB │ gzip:  90.28 kB
dist-demo/assets/charts-RcpaDpmM.js             313.03 kB │ gzip:  94.99 kB
dist-demo/assets/mui-azn9KfGV.js                328.33 kB │ gzip: 100.02 kB
✓ built in 3.10s

> node node_modules\@playwright\test\cli.js test tests/fe012.spec.ts tests/fe018.spec.ts

Running 48 tests using 1 worker

(node:53488) Warning: The 'NO_COLOR' env is ignored due to the 'FORCE_COLOR' env being set.
(Use `node --trace-warnings ...` to show where the warning was created)
  ok  1 [chromium] › tests\fe012.spec.ts:35:1 › FE012.AC01 searchable customer and product pickers submit contract-shaped draft and reject fractional quantity (5.0s)
  ok  2 [chromium] › tests\fe012.spec.ts:93:1 › FE012 demo address choice is labeled synthetic and completes the mock order flow (5.5s)
  ok  3 [chromium] › tests\fe012.spec.ts:122:1 › FE012.AC01 editing lines invalidates quote and customer consent; a new quote is required before confirmation (4.6s)
  ok  4 [chromium] › tests\fe012.spec.ts:182:1 › FE012.AC03 mock stale-version 412 preserves draft fields and does not show success (2.1s)
  ok  5 [chromium] › tests\fe012.spec.ts:196:1 › FE012.AC03 offline state blocks quote mutation while retaining the loaded draft (1.3s)
  ok  6 [chromium] › tests\fe012.spec.ts:208:1 › FE012.AC03 unknown confirm outcome blocks duplicate writes until shared command recovery is available (2.3s)
  ok  7 [chromium] › tests\fe012.spec.ts:254:1 › FE012.AC03 quote and customer confirmation expiration disable confirmation using API time (2.8s)
  ok  8 [chromium] › tests\fe012.spec.ts:274:1 › FE012.AC03 returns reject fractional/over-original quantities locally and preserve data on cumulative mock rejection (1.5s)
  ok  9 [chromium] › tests\fe012.spec.ts:298:1 › FE012.AC04 return inspection loads the current case and applies accepted partial quantity to mock stock and refund (3.0s)
  ok 10 [chromium] › tests\fe012.spec.ts:351:1 › FE012.AC03 handed-over order routes to returns and exposes no ordinary cancel action (1.2s)
  ok 11 [chromium] › tests\fe012.spec.ts:358:1 › FE012.AC05 order drafting remains usable without horizontal page overflow and passes focused axe checks (1.7s)
  ok 12 [chromium] › tests\fe018.spec.ts:127:1 › FE018.S01 maps routes and operations to the canonical OpenAPI permissions (464ms)
  ok 13 [chromium] › tests\fe018.spec.ts:144:1 › FE018.AC01/04 draft saves use the contract version and keep human order confirmation locked after a conflict (3.5s)
  ok 14 [chromium] › tests\fe018.spec.ts:175:1 › FE018.AC03 evaluation is synthetic, revision-bound, and cannot publish a stale draft (3.7s)
  ok 15 [chromium] › tests\fe018.spec.ts:199:1 › FE018.AC01/04 successful publish is tied to the tested revision and pause explains its boundary (3.4s)
  ok 16 [chromium] › tests\fe018.spec.ts:229:1 › FE018.AC03 playground sends no external message and preserves unknown cost and token values (2.2s)
  ok 17 [chromium] › tests\fe018.spec.ts:251:1 › FE018.S03 synthetic budget and tool denials retain the prompt and never show a generated answer (3.7s)
  ok 18 [chromium] › tests\fe018.spec.ts:277:1 › FE027.H03 budget and provider failover preview refuses silent provider switching on exhaustion (2.2s)
  ok 19 [chromium] › tests\fe018.spec.ts:291:1 › FE018.AC02 role kill switch is versioned, preserves API tools, and does not pause the whole bot (4.2s)
  ok 20 [chromium] › tests\fe018.spec.ts:332:1 › FE018.AC02 expired, wrong-scope, and matching approvals produce honest budget results (2.5s)
  ok 21 [chromium] › tests\fe018.spec.ts:360:1 › FE018.AC05 manager and bot-admin roles cannot use operations outside their canonical permissions (2.4s)
  ok 22 [chromium] › tests\fe018.spec.ts:392:1 › FE018.AC05 unknown role command stays unresolved and does not claim successful resumption (2.9s)
UI004_25_ACCEPTANCE={"total":25,"pageSizes":[20,5],"cursor":"evaluation-10016","oldestRecord":"evaluation-10001","oldestReachable":true,"detailPreservedCursor":true,"browserBackRestoredFirstPage":true,"searchResetCursor":true}
  ok 23 [chromium] › tests\fe018.spec.ts:408:1 › UI004 25 evaluations: cursor pages reach the last record and preserve detail, search, and browser Back state (3.6s)
UI004_105_ACCEPTANCE={"total":105,"pageSizes":[20,20,20,20,20,5],"pagesVisited":6,"cursorRequests":["evaluation-10256","evaluation-10196","evaluation-10136","evaluation-10076","evaluation-10016"],"uniqueRecords":105,"oldestRecord":"evaluation-10001","oldestReachable":true,"failedCursorRetainedForRetry":"evaluation-10196","errorShowsNoFabricatedRows":true,"retrySucceeded":true}
  ok 24 [chromium] › tests\fe018.spec.ts:454:1 › UI004 105 evaluations: cursor traversal reaches every record and retains the failing cursor for retry (8.6s)
(node:53976) Warning: The 'NO_COLOR' env is ignored due to the 'FORCE_COLOR' env being set.
(Use `node --trace-warnings ...` to show where the warning was created)
  ok 25 [firefox] › tests\fe012.spec.ts:35:1 › FE012.AC01 searchable customer and product pickers submit contract-shaped draft and reject fractional quantity (6.9s)
  ok 26 [firefox] › tests\fe012.spec.ts:93:1 › FE012 demo address choice is labeled synthetic and completes the mock order flow (5.8s)
  ok 27 [firefox] › tests\fe012.spec.ts:122:1 › FE012.AC01 editing lines invalidates quote and customer consent; a new quote is required before confirmation (5.1s)
  ok 28 [firefox] › tests\fe012.spec.ts:182:1 › FE012.AC03 mock stale-version 412 preserves draft fields and does not show success (2.4s)
  ok 29 [firefox] › tests\fe012.spec.ts:196:1 › FE012.AC03 offline state blocks quote mutation while retaining the loaded draft (1.5s)
  ok 30 [firefox] › tests\fe012.spec.ts:208:1 › FE012.AC03 unknown confirm outcome blocks duplicate writes until shared command recovery is available (2.7s)
  ok 31 [firefox] › tests\fe012.spec.ts:254:1 › FE012.AC03 quote and customer confirmation expiration disable confirmation using API time (2.5s)
  ok 32 [firefox] › tests\fe012.spec.ts:274:1 › FE012.AC03 returns reject fractional/over-original quantities locally and preserve data on cumulative mock rejection (1.7s)
  ok 33 [firefox] › tests\fe012.spec.ts:298:1 › FE012.AC04 return inspection loads the current case and applies accepted partial quantity to mock stock and refund (3.4s)
  ok 34 [firefox] › tests\fe012.spec.ts:351:1 › FE012.AC03 handed-over order routes to returns and exposes no ordinary cancel action (2.1s)
  ok 35 [firefox] › tests\fe012.spec.ts:358:1 › FE012.AC05 order drafting remains usable without horizontal page overflow and passes focused axe checks (1.7s)
  ok 36 [firefox] › tests\fe018.spec.ts:127:1 › FE018.S01 maps routes and operations to the canonical OpenAPI permissions (464ms)
  ok 37 [firefox] › tests\fe018.spec.ts:144:1 › FE018.AC01/04 draft saves use the contract version and keep human order confirmation locked after a conflict (3.9s)
  ok 38 [firefox] › tests\fe018.spec.ts:175:1 › FE018.AC03 evaluation is synthetic, revision-bound, and cannot publish a stale draft (3.7s)
  ok 39 [firefox] › tests\fe018.spec.ts:199:1 › FE018.AC01/04 successful publish is tied to the tested revision and pause explains its boundary (3.8s)
  ok 40 [firefox] › tests\fe018.spec.ts:229:1 › FE018.AC03 playground sends no external message and preserves unknown cost and token values (2.4s)
  ok 41 [firefox] › tests\fe018.spec.ts:251:1 › FE018.S03 synthetic budget and tool denials retain the prompt and never show a generated answer (3.9s)
  ok 42 [firefox] › tests\fe018.spec.ts:277:1 › FE027.H03 budget and provider failover preview refuses silent provider switching on exhaustion (2.3s)
  ok 43 [firefox] › tests\fe018.spec.ts:291:1 › FE018.AC02 role kill switch is versioned, preserves API tools, and does not pause the whole bot (5.2s)
  ok 44 [firefox] › tests\fe018.spec.ts:332:1 › FE018.AC02 expired, wrong-scope, and matching approvals produce honest budget results (2.8s)
  ok 45 [firefox] › tests\fe018.spec.ts:360:1 › FE018.AC05 manager and bot-admin roles cannot use operations outside their canonical permissions (3.6s)
  ok 46 [firefox] › tests\fe018.spec.ts:392:1 › FE018.AC05 unknown role command stays unresolved and does not claim successful resumption (3.2s)
UI004_25_ACCEPTANCE={"total":25,"pageSizes":[20,5],"cursor":"evaluation-10016","oldestRecord":"evaluation-10001","oldestReachable":true,"detailPreservedCursor":true,"browserBackRestoredFirstPage":true,"searchResetCursor":true}
  ok 47 [firefox] › tests\fe018.spec.ts:408:1 › UI004 25 evaluations: cursor pages reach the last record and preserve detail, search, and browser Back state (4.1s)
UI004_105_ACCEPTANCE={"total":105,"pageSizes":[20,20,20,20,20,5],"pagesVisited":6,"cursorRequests":["evaluation-10256","evaluation-10196","evaluation-10136","evaluation-10076","evaluation-10016"],"uniqueRecords":105,"oldestRecord":"evaluation-10001","oldestReachable":true,"failedCursorRetainedForRetry":"evaluation-10196","errorShowsNoFabricatedRows":true,"retrySucceeded":true}
  ok 48 [firefox] › tests\fe018.spec.ts:454:1 › UI004 105 evaluations: cursor traversal reaches every record and retains the failing cursor for retry (9.7s)

  48 passed (2.9m)
