
> botsales-frontend@0.1.0 test:e2e
> node scripts/run-e2e.mjs tests/fe009.spec.ts tests/fe010.spec.ts tests/fe017.spec.ts tests/ui007-query-states.spec.ts tests/states/route-empty-composition.spec.ts tests/states/route-error-composition.spec.ts


> npm run setup

> botsales-frontend@0.1.0 setup
> node scripts/setup.mjs

{"status":"PASS","outputs":11,"schemas":283,"operations":210,"routes":54}
Copying the worker script at "C:\Users\Joker-PC\Documents\Projects\Bot-AI-Ban-hang-FB\BotSalesAI_Frontend\apps\web\public"...

Worker script successfully copied!
  - public

Continue by describing the network in your application:


https://mswjs.io/docs/quick-start

Thiết lập xong. npm run dev chạy frontend mô phỏng; không kết nối khách hàng hoặc provider thật.

> npm run build

> botsales-frontend@0.1.0 build
> npm run generate:check && npm run typecheck && npm run build --workspace @botsales/web


> botsales-frontend@0.1.0 generate:check
> node scripts/generate.mjs --check

{"status":"PASS","outputs":11,"schemas":283,"operations":210,"routes":54}

> botsales-frontend@0.1.0 typecheck
> tsc -p apps/web/tsconfig.json --noEmit


> @botsales/web@0.1.0 build
> vite build --mode production

vite v7.3.6 building client environment for production...
transforming...
✓ 2057 modules transformed.
rendering chunks...
computing gzip size...
dist/index.html                              1.19 kB │ gzip:   0.60 kB
dist/assets/index-BQPx7lJM.css               3.56 kB │ gzip:   1.33 kB
dist/assets/download-8lJFmiSZ.js             0.23 kB │ gzip:   0.17 kB
dist/assets/filters-BJmJubfC.js              0.31 kB │ gzip:   0.23 kB
dist/assets/hooks-DVp34frE.js                3.18 kB │ gzip:   1.62 kB
dist/assets/index-BRZodlWE.js                7.97 kB │ gzip:   3.18 kB
dist/assets/index-CcODibCT.js                8.74 kB │ gzip:   3.67 kB
dist/assets/index-BPviT4zV.js                9.89 kB │ gzip:   3.65 kB
dist/assets/index-DTSASa4G.js               13.62 kB │ gzip:   4.48 kB
dist/assets/index-DBKuJBXZ.js               13.83 kB │ gzip:   5.64 kB
dist/assets/index-DR7Y7mir.js               14.26 kB │ gzip:   5.46 kB
dist/assets/index-CKn2f6Mf.js               14.41 kB │ gzip:   5.31 kB
dist/assets/index-DnTF97gY.js               16.16 kB │ gzip:   5.46 kB
dist/assets/index-DBZyqIy7.js               16.46 kB │ gzip:   5.43 kB
dist/assets/index-CIWFx_ET.js               17.79 kB │ gzip:   6.23 kB
dist/assets/index-Cfmg3wws.js               18.39 kB │ gzip:   6.12 kB
dist/assets/index-Baqv9GU7.js               21.89 kB │ gzip:   7.39 kB
dist/assets/index-yHBbMMgC.js               22.98 kB │ gzip:   8.20 kB
dist/assets/index-C69Pl0lI.js               26.01 kB │ gzip:   8.44 kB
dist/assets/index-Dr3forbH.js               31.32 kB │ gzip:   9.78 kB
dist/assets/query-5vm9EU1C.js               33.15 kB │ gzip:   9.92 kB
dist/assets/index-B6J-oicS.js               37.48 kB │ gzip:  10.07 kB
dist/assets/i18n-xB0mQYCC.js                46.14 kB │ gzip:  15.12 kB
dist/assets/index-BpGPL_wK.js               78.80 kB │ gzip:  25.89 kB
dist/assets/schemas-jpQ0XMzw.js             79.18 kB │ gzip:  24.03 kB
dist/assets/schema-validation-Bhr7oAQE.js  149.80 kB │ gzip:  45.12 kB
dist/assets/contract-data-Dmdv2cKW.js      262.00 kB │ gzip:  35.24 kB
dist/assets/react-runtime-D0NtfbPC.js      279.78 kB │ gzip:  90.28 kB
dist/assets/charts-CQ4oecFO.js             313.03 kB │ gzip:  94.99 kB
dist/assets/mui-Bz_aCSm2.js                328.33 kB │ gzip: 100.02 kB
✓ built in 2.85s

> npm run build:demo

> botsales-frontend@0.1.0 build:demo
> npm run generate:check && npm run typecheck && npm run build:demo --workspace @botsales/web


> botsales-frontend@0.1.0 generate:check
> node scripts/generate.mjs --check

{"status":"PASS","outputs":11,"schemas":283,"operations":210,"routes":54}

> botsales-frontend@0.1.0 typecheck
> tsc -p apps/web/tsconfig.json --noEmit


> @botsales/web@0.1.0 build:demo
> vite build --mode demo --outDir dist-demo

vite v7.3.6 building client environment for demo...
transforming...
✓ 2273 modules transformed.
rendering chunks...
computing gzip size...
dist-demo/index.html                              1.19 kB │ gzip:   0.59 kB
dist-demo/assets/index-BQPx7lJM.css               3.56 kB │ gzip:   1.33 kB
dist-demo/assets/download-CWiaXb8A.js             0.24 kB │ gzip:   0.17 kB
dist-demo/assets/filters-BJmJubfC.js              0.31 kB │ gzip:   0.23 kB
dist-demo/assets/control-B9mHuWYJ.js              0.72 kB │ gzip:   0.43 kB
dist-demo/assets/hooks-Clw7BUlW.js                3.19 kB │ gzip:   1.62 kB
dist-demo/assets/index-CztjnkLC.js                8.51 kB │ gzip:   3.37 kB
dist-demo/assets/index-C7f0_kCk.js                8.74 kB │ gzip:   3.67 kB
dist-demo/assets/index-Dz5gTy1w.js                9.89 kB │ gzip:   3.66 kB
dist-demo/assets/index-BX7BiMzT.js               13.62 kB │ gzip:   4.48 kB
dist-demo/assets/index-BcJ8Mk_k.js               13.96 kB │ gzip:   5.27 kB
dist-demo/assets/index-Bybz4yTZ.js               14.02 kB │ gzip:   5.69 kB
dist-demo/assets/index-BjTECmQb.js               16.61 kB │ gzip:   5.47 kB
dist-demo/assets/index-DDmenQcI.js               17.79 kB │ gzip:   6.23 kB
dist-demo/assets/index-BhjGUmC2.js               18.37 kB │ gzip:   6.20 kB
dist-demo/assets/index-V0ozlFg7.js               18.39 kB │ gzip:   6.12 kB
dist-demo/assets/index-CkqiHFnq.js               22.30 kB │ gzip:   7.55 kB
dist-demo/assets/index-B5zpnThE.js               22.55 kB │ gzip:   7.77 kB
dist-demo/assets/index-M4tg4uvS.js               23.22 kB │ gzip:   8.25 kB
dist-demo/assets/index-BqPH38lX.js               26.47 kB │ gzip:   8.58 kB
dist-demo/assets/query-5vm9EU1C.js               33.15 kB │ gzip:   9.92 kB
dist-demo/assets/index-DC3PyjFd.js               33.44 kB │ gzip:  10.48 kB
dist-demo/assets/index-BAwSQvB3.js               37.48 kB │ gzip:  10.07 kB
dist-demo/assets/i18n-xB0mQYCC.js                46.14 kB │ gzip:  15.12 kB
dist-demo/assets/schemas-jpQ0XMzw.js             79.18 kB │ gzip:  24.03 kB
dist-demo/assets/index-BHPetk4E.js               82.67 kB │ gzip:  27.02 kB
dist-demo/assets/schema-validation-Bhr7oAQE.js  149.80 kB │ gzip:  45.12 kB
dist-demo/assets/service-C09KbfDh.js            159.35 kB │ gzip:  34.71 kB
dist-demo/assets/browser-CbNrwdye.js            255.20 kB │ gzip:  86.82 kB
dist-demo/assets/contract-data-Bmlj3jVV.js      267.78 kB │ gzip:  36.38 kB
dist-demo/assets/react-runtime-D0NtfbPC.js      279.78 kB │ gzip:  90.28 kB
dist-demo/assets/charts-RcpaDpmM.js             313.03 kB │ gzip:  94.99 kB
dist-demo/assets/mui-azn9KfGV.js                328.33 kB │ gzip: 100.02 kB
✓ built in 3.14s

> node node_modules\@playwright\test\cli.js test tests/fe009.spec.ts tests/fe010.spec.ts tests/fe017.spec.ts tests/ui007-query-states.spec.ts tests/states/route-empty-composition.spec.ts tests/states/route-error-composition.spec.ts

Running 68 tests using 1 worker

(node:59656) Warning: The 'NO_COLOR' env is ignored due to the 'FORCE_COLOR' env being set.
(Use `node --trace-warnings ...` to show where the warning was created)
  ok  1 [chromium] › tests\fe009.spec.ts:35:1 › workspace onboarding creates a shop with an active membership and returns to its scoped route (2.8s)
  ok  2 [chromium] › tests\fe009.spec.ts:57:1 › customer create validates fields, submits through mock HTTP, and preserves edits after a stale version (4.3s)
  ok  3 [chromium] › tests\fe009.spec.ts:115:1 › customer detail keeps redacted contact fields read-only and does not overwrite them on save (1.5s)
  ok  4 [chromium] › tests\fe009.spec.ts:132:1 › FE009.G01 shop setup checklist guides to supported pages and leaves missing contract fields unverified (1.2s)
  ok  5 [chromium] › tests\fe009.spec.ts:145:1 › FE009.G05 marketing consent preview is interactive but never claims server opt-out (1.5s)
  ok  6 [chromium] › tests\fe009.spec.ts:160:1 › FE009.H06 audit screen distinguishes available fields from missing contract detail (1.2s)
  ok  7 [chromium] › tests\fe009.spec.ts:169:1 › FE009.B06 after-sale cases only link orders loaded for the selected customer and customer profile shows their shipment (5.5s)
  ok  8 [chromium] › tests\fe009.spec.ts:201:1 › team invitation and membership revoke stay shop-scoped and protect the active owner (2.6s)
  ok  9 [chromium] › tests\fe009.spec.ts:237:1 › privacy delete requests remain pending approval with no frontend step-up shortcut (2.9s)
  ok 10 [chromium] › tests\fe010.spec.ts:37:1 › product editor validates positive prices, protects image-only drafts, and saves variant payload through mock HTTP (4.6s)
  ok 11 [chromium] › tests\fe010.spec.ts:107:1 › product update sends If-Match and keeps edits visible after a 412 conflict (2.2s)
  ok 12 [chromium] › tests\fe010.spec.ts:125:1 › warehouse role can read catalog products but cannot edit product fields or price cost data (1.0s)
  ok 13 [chromium] › tests\fe010.spec.ts:134:1 › categories create, search, update with a version, and render cursor pagination (2.2s)
  ok 14 [chromium] › tests\fe010.spec.ts:163:1 › CSV preview reports row-level errors and commits only valid product rows (2.5s)
  ok 15 [chromium] › tests\fe010.spec.ts:235:1 › import validation token is rejected with 412 after catalog changes and the preview remains visible (2.5s)
  ok 16 [chromium] › tests\fe010.spec.ts:267:1 › CSV demo row limit is explained and rejects more than 1000 data rows before preview (1.4s)
  ok 17 [chromium] › tests\fe010.spec.ts:280:1 › demo upload rejects files over 5 MB before making an upload request (1.5s)
UI005 acceptance: {"categoryTotal":105,"createCategoryId":"cat-2","editCategoryId":"cat-0","categoryRequests":18}
  ok 18 [chromium] › tests\fe010.spec.ts:291:1 › product category lookup pages the full collection and preserves the selected category while editing (11.4s)
  ok 19 [chromium] › tests\fe017.spec.ts:24:1 › FE017.AC01 demo publishing uses the approved permission and lifecycle substitute without an API allowedActions field (4.0s)
  ok 20 [chromium] › tests\fe017.spec.ts:115:1 › FE017.AC02 knowledge file upload sends canonical purpose and detail reads processing status (2.0s)
  ok 21 [chromium] › tests\fe017.spec.ts:154:1 › FE017 price and stock source preview uses canonical product and timestamped inventory APIs (887ms)
  ok 22 [chromium] › tests\fe017.spec.ts:187:1 › FE017.AC03 missing content, unsupported and oversized files keep creation unavailable (1.8s)
  ok 23 [chromium] › tests\fe017.spec.ts:209:1 › FE017.AC04 feedback approval creates inert draft content and its first revision only (2.6s)
  ok 24 [chromium] › tests\fe017.spec.ts:242:1 › FE017.AC05 manager sees knowledge read-only and synthetic API rejects purpose-specific upload and publish (938ms)
  ok 25 [chromium] › tests\fe017.spec.ts:263:1 › FE017.AC06 stale review preserves the reason and explains the conflict (1.4s)
  ok 26 [chromium] › tests\fe017.spec.ts:278:1 › FE027.G02 product content brief edits source, size, warranty, alternatives, and forbidden claims locally (1.3s)
  ok 27 [chromium] › tests\fe017.spec.ts:296:1 › FE027.G03 policy revisions keep the published snapshot immutable when a draft changes (996ms)
ROUTE_EMPTY_COMPOSITION_PROGRESS=3/11
ROUTE_EMPTY_COMPOSITION_PROGRESS=6/11
ROUTE_EMPTY_COMPOSITION_PROGRESS=9/11
ROUTE_EMPTY_COMPOSITION=11/11 RESULT=PASS
  ok 28 [chromium] › tests\states\route-empty-composition.spec.ts:27:1 › empty collection responses render accessible empty states on canonical list routes (3.2s)
ROUTE_ERROR_COMPOSITION_PROGRESS=10/51
ROUTE_ERROR_COMPOSITION_PROGRESS=20/51
ROUTE_ERROR_COMPOSITION_PROGRESS=30/51
ROUTE_ERROR_COMPOSITION_PROGRESS=40/51
ROUTE_ERROR_COMPOSITION_PROGRESS=50/51
ROUTE_ERROR_COMPOSITION=51/51 RESULT=PASS
  ok 29 [chromium] › tests\states\route-error-composition.spec.ts:26:1 › every shop route composes the shared API error state with its page content (2.3m)
  ok 30 [chromium] › tests\ui007-query-states.spec.ts:30:1 › UI007 secondary order query loads independently while the customer profile remains available (2.8s)
  ok 31 [chromium] › tests\ui007-query-states.spec.ts:60:1 › UI007 order query 503 is isolated from the primary customer query and retries only that query (3.0s)
  ok 32 [chromium] › tests\ui007-query-states.spec.ts:94:1 › UI007 forbidden order query is an access state and a successful empty query is distinct (1.7s)
  ok 33 [chromium] › tests\ui007-query-states.spec.ts:114:1 › UI007 supplier and offer failures keep purchase suggestions visible and have operation-specific recovery (2.9s)
  ok 34 [chromium] › tests\ui007-query-states.spec.ts:150:1 › UI007 auto-send budget query is lazy, permission-aware, and blocks an unverified budget (2.0s)
(node:24560) Warning: The 'NO_COLOR' env is ignored due to the 'FORCE_COLOR' env being set.
(Use `node --trace-warnings ...` to show where the warning was created)
  ok 35 [firefox] › tests\fe009.spec.ts:35:1 › workspace onboarding creates a shop with an active membership and returns to its scoped route (4.0s)
  ok 36 [firefox] › tests\fe009.spec.ts:57:1 › customer create validates fields, submits through mock HTTP, and preserves edits after a stale version (4.4s)
  ok 37 [firefox] › tests\fe009.spec.ts:115:1 › customer detail keeps redacted contact fields read-only and does not overwrite them on save (1.7s)
  ok 38 [firefox] › tests\fe009.spec.ts:132:1 › FE009.G01 shop setup checklist guides to supported pages and leaves missing contract fields unverified (1.4s)
  ok 39 [firefox] › tests\fe009.spec.ts:145:1 › FE009.G05 marketing consent preview is interactive but never claims server opt-out (1.7s)
  ok 40 [firefox] › tests\fe009.spec.ts:160:1 › FE009.H06 audit screen distinguishes available fields from missing contract detail (1.4s)
  ok 41 [firefox] › tests\fe009.spec.ts:169:1 › FE009.B06 after-sale cases only link orders loaded for the selected customer and customer profile shows their shipment (6.1s)
  ok 42 [firefox] › tests\fe009.spec.ts:201:1 › team invitation and membership revoke stay shop-scoped and protect the active owner (2.9s)
  ok 43 [firefox] › tests\fe009.spec.ts:237:1 › privacy delete requests remain pending approval with no frontend step-up shortcut (3.2s)
  ok 44 [firefox] › tests\fe010.spec.ts:37:1 › product editor validates positive prices, protects image-only drafts, and saves variant payload through mock HTTP (5.9s)
  ok 45 [firefox] › tests\fe010.spec.ts:107:1 › product update sends If-Match and keeps edits visible after a 412 conflict (2.3s)
  ok 46 [firefox] › tests\fe010.spec.ts:125:1 › warehouse role can read catalog products but cannot edit product fields or price cost data (1.3s)
  ok 47 [firefox] › tests\fe010.spec.ts:134:1 › categories create, search, update with a version, and render cursor pagination (2.6s)
  ok 48 [firefox] › tests\fe010.spec.ts:163:1 › CSV preview reports row-level errors and commits only valid product rows (3.2s)
  ok 49 [firefox] › tests\fe010.spec.ts:235:1 › import validation token is rejected with 412 after catalog changes and the preview remains visible (3.0s)
  ok 50 [firefox] › tests\fe010.spec.ts:267:1 › CSV demo row limit is explained and rejects more than 1000 data rows before preview (1.6s)
  ok 51 [firefox] › tests\fe010.spec.ts:280:1 › demo upload rejects files over 5 MB before making an upload request (1.5s)
UI005 acceptance: {"categoryTotal":105,"createCategoryId":"cat-2","editCategoryId":"cat-0","categoryRequests":18}
  ok 52 [firefox] › tests\fe010.spec.ts:291:1 › product category lookup pages the full collection and preserves the selected category while editing (14.6s)
  ok 53 [firefox] › tests\fe017.spec.ts:24:1 › FE017.AC01 demo publishing uses the approved permission and lifecycle substitute without an API allowedActions field (4.5s)
  ok 54 [firefox] › tests\fe017.spec.ts:115:1 › FE017.AC02 knowledge file upload sends canonical purpose and detail reads processing status (3.4s)
  ok 55 [firefox] › tests\fe017.spec.ts:154:1 › FE017 price and stock source preview uses canonical product and timestamped inventory APIs (1.1s)
  ok 56 [firefox] › tests\fe017.spec.ts:187:1 › FE017.AC03 missing content, unsupported and oversized files keep creation unavailable (1.7s)
  ok 57 [firefox] › tests\fe017.spec.ts:209:1 › FE017.AC04 feedback approval creates inert draft content and its first revision only (3.6s)
  ok 58 [firefox] › tests\fe017.spec.ts:242:1 › FE017.AC05 manager sees knowledge read-only and synthetic API rejects purpose-specific upload and publish (1.2s)
  ok 59 [firefox] › tests\fe017.spec.ts:263:1 › FE017.AC06 stale review preserves the reason and explains the conflict (1.6s)
  ok 60 [firefox] › tests\fe017.spec.ts:278:1 › FE027.G02 product content brief edits source, size, warranty, alternatives, and forbidden claims locally (1.4s)
  ok 61 [firefox] › tests\fe017.spec.ts:296:1 › FE027.G03 policy revisions keep the published snapshot immutable when a draft changes (1.2s)
ROUTE_EMPTY_COMPOSITION_PROGRESS=3/11
ROUTE_EMPTY_COMPOSITION_PROGRESS=6/11
ROUTE_EMPTY_COMPOSITION_PROGRESS=9/11
ROUTE_EMPTY_COMPOSITION=11/11 RESULT=PASS
  ok 62 [firefox] › tests\states\route-empty-composition.spec.ts:27:1 › empty collection responses render accessible empty states on canonical list routes (3.9s)
ROUTE_ERROR_COMPOSITION_PROGRESS=10/51
ROUTE_ERROR_COMPOSITION_PROGRESS=20/51
ROUTE_ERROR_COMPOSITION_PROGRESS=30/51
ROUTE_ERROR_COMPOSITION_PROGRESS=40/51
ROUTE_ERROR_COMPOSITION_PROGRESS=50/51
ROUTE_ERROR_COMPOSITION=51/51 RESULT=PASS
  ok 63 [firefox] › tests\states\route-error-composition.spec.ts:26:1 › every shop route composes the shared API error state with its page content (2.6m)
  ok 64 [firefox] › tests\ui007-query-states.spec.ts:30:1 › UI007 secondary order query loads independently while the customer profile remains available (5.2s)
  ok 65 [firefox] › tests\ui007-query-states.spec.ts:60:1 › UI007 order query 503 is isolated from the primary customer query and retries only that query (3.4s)
  ok 66 [firefox] › tests\ui007-query-states.spec.ts:94:1 › UI007 forbidden order query is an access state and a successful empty query is distinct (2.1s)
  ok 67 [firefox] › tests\ui007-query-states.spec.ts:114:1 › UI007 supplier and offer failures keep purchase suggestions visible and have operation-specific recovery (3.3s)
  ok 68 [firefox] › tests\ui007-query-states.spec.ts:150:1 › UI007 auto-send budget query is lazy, permission-aware, and blocks an unverified budget (2.2s)

  68 passed (8.4m)
