✔ P10/P15 catch alias and neutral-wrapper duplicate insets through fragments and conditionals (1350.8351ms)
✔ P20 resolves shared composition identities through a barrel and const component aliases (539.1416ms)
✔ P11/P13 catch static element access roles on every MUI surface, including Paper (464.2434ms)
✔ P12 checks React createElement and JSX-runtime element factories (431.3452ms)
✔ P14 resolves bodyMode literal aliases and fails closed when ownership is unknown (1279.4211ms)
✔ checks Panel ancestry when React elements are created natively (426.785ms)
✔ keeps independent nested surfaces and portaled dialogs as separate owners (819.3455ms)
✔ accepts finite bodyMode branches and every mode in the public component contracts (1144.6991ms)
✔ stops inherited gap ownership at Panels and independent bordered surfaces (741.9683ms)
✔ tracks gaps through fragments, conditions and ready QueryState, but not inside DOM wrappers (400.0278ms)
✔ applies the same finite modes and wrapper boundaries to native React factories (683.7301ms)
✔ recognizes native outlined Paper and nested Box surface inset boundaries (605.9ms)
✔ fails closed when an unresolved custom wrapper obscures a semantic gap owner (289.7401ms)
✔ rejects unsupported placement and rhythm values while accepting finite aliases and branches (583.3532ms)
✔ rejects unsupported finite values through React element factories (632.6373ms)
✔ accepts semantic composition, closed geometry and business-specific MUI primitives (10.7494ms)
✔ rejects rebuilding each shared spacing owner at a consumer (6.0608ms)
✔ follows aliases, local style variables, object spreads and namespace imports (1.4047ms)
✔ rejects direct and spread spacing overrides on semantic components (0.8839ms)
✔ rejects spacing or opaque spreads hidden in geometry (0.4297ms)
✔ allows the canonical owner implementation and fails closed on malformed source (1.5816ms)
✔ rejects duplicated parent boundary and duplicated Panel inset (0.7162ms)
✔ checks default MUI imports and fails closed for opaque geometry (0.445ms)
✔ distinguishes content grids from flex flows when reporting the shared owner (0.397ms)
✔ rejects page spacing for paired fields and peer Panels without a section gap owner (2.2683ms)
✔ related sibling gaps belong to ActionGroup comfortable density, not consumer Stack styles (0.9413ms)
✔ Amount consumers declare wrapping outside DataTable columns and keep table money unbroken (33.6725ms)
✔ the shared catalog covers every public React component and supporting Column type (38.7136ms)
✔ SPC-067 covers discovered public Shared APIs without a fixed export count (0.9591ms)
✔ every public React API has a direct rendered contract test (1.3548ms)
✔ catalog declaration lines and stated JSX counts match resolved source symbols (19.8222ms)
✔ every shared React export has a resolved production consumer or an explicit zero-use lifecycle decision (28.4935ms)
✔ required UI evidence and regression gates remain wired to root verify and the active parent workflow (0.4237ms)
✔ composition prop allowlists match the TypeScript owners exactly (0.2631ms)
✔ QueryState uses only the approved inline and section pending profiles (0.3106ms)
✔ QueryState consumers reserve section loading for primary content and keep every other state inline by default (27.3922ms)
✔ body modes, placement roles and geometry keys match the TypeScript contracts (1.4568ms)
✔ Panel geometry and DataTable columns remain closed public contracts (5.578ms)
✔ shared component and composition props expose no arbitrary layout/style escape hatch (0.2494ms)
✔ layout role types, runtime values, consumers and ownership documentation stay closed (3702.4539ms)
ℹ tests 40
ℹ suites 0
ℹ pass 40
ℹ fail 0
ℹ cancelled 0
ℹ skipped 0
ℹ todo 0
ℹ duration_ms 11048.0342
