
> botsales-frontend@0.1.0 test:e2e
> playwright test --grep stale claim conflict --timeout 60000

✔ canonical contracts validate and generate the API base path from OpenAPI (18.1896ms)
✔ generated operation registry preserves required and optional query parameter metadata (7.7551ms)
✔ rejects unresolved schema references before generation (19.9376ms)
✔ rejects missing API version and a server URL outside same-origin path form (17.2971ms)
✔ rejects route-to-operation drift without rewriting the canonical manifest (14.8675ms)
✔ detects a stale generated file and accepts it after regeneration (1.8033ms)
{
  "taskId": "FE011",
  "scope": "FRONTEND_WITH_SYNTHETIC_MOCK_API",
  "routes": [
    {
      "id": "R15",
      "path": "/s/:shopId/inventory",
      "permission": "inventory.read",
      "reads": [
        "listStockSnapshots",
        "getShop"
      ],
      "action": {
        "label": "Điều chỉnh tồn",
        "operationId": "createInventoryAdjustment",
        "permission": "inventory.adjust"
      }
    },
    {
      "id": "R16",
      "path": "/s/:shopId/inventory/movements",
      "permission": "inventory.read",
      "reads": [
        "listStockMovements"
      ]
    }
  ],
  "operations": [
    "listStockSnapshots",
    "listStockMovements",
    "createInventoryAdjustment",
    "getShop"
  ],
  "permissionBoundary": "Route reads require inventory.read; adjustment uses inventory.adjust; cost requires finance.read; product and order links are permission-gated.",
  "commandSemantics": "202 CommandResponse; expectedVersion and unitCost are contract-required body properties; the shared client waits for terminal state and handles unknown outcomes.",
  "checks": 17
}
✔ FE011 routes, permissions, operations and DTOs map to canonical contracts and current source (42.1656ms)
{
  "taskId": "FE012",
  "scope": "FRONTEND_WITH_SYNTHETIC_MOCK_API",
  "routes": [
    "R17",
    "R18",
    "R19",
    "R43"
  ],
  "operations": [
    "listOrders",
    "getOrder",
    "getShop",
    "listCustomers",
    "listProducts",
    "listConversations",
    "createOrder",
    "updateOrderDraft",
    "quoteOrder",
    "recordCustomerConfirmation",
    "confirmOrder",
    "cancelOrder",
    "listReturnCases",
    "getReturnCase",
    "createReturnCase",
    "inspectReturn",
    "getCommand",
    "handoverShipment",
    "payOrder",
    "refundOrder"
  ],
  "contractEvidence": "OrderDraft carries required IDs and 1..100 lines, integer quantity 1..1000000 and notes up to 2000; confirmation requires quote hash/version and customer message evidence; return inspection is line-scoped.",
  "permissionBoundary": "Customer/product pickers are enabled only with read capability; write actions follow orders.write, orders.confirm, orders.return and inventory.adjust.",
  "limitations": "No address CRUD endpoint is introduced; shippingAddressId remains an external verified ID and mock confirmation is only a demo simulation.",
  "checks": 35
}
✔ FE012 routes, operations, permissions and DTO limits map to canonical contracts and orders source (9.1854ms)

Running 1 test using 1 worker

(node:25824) Warning: The 'NO_COLOR' env is ignored due to the 'FORCE_COLOR' env being set.
(Use `node --trace-warnings ...` to show where the warning was created)
(node:25824) Warning: The 'NO_COLOR' env is ignored due to the 'FORCE_COLOR' env being set.
(Use `node --trace-warnings ...` to show where the warning was created)
  x  1 [chromium] › tests\fe013.spec.ts:52:1 › FE013.AC01–AC04 stale claim conflict is visible; pick, pack, dispatch and delivery use current API versions once (11.8s)


  1) [chromium] › tests\fe013.spec.ts:52:1 › FE013.AC01–AC04 stale claim conflict is visible; pick, pack, dispatch and delivery use current API versions once 

    Error: [2mexpect([22m[31mlocator[39m[2m).[22mtoBeVisible[2m()[22m failed

    Locator:  getByRole('dialog', { name: 'Xác nhận bàn giao kiện hàng' }).getByText('Chưa ghi nhận', { exact: true })
    Expected: visible
    Received: <element(s) not found>
    Timeout:  5000ms

    Call log:
    [2m  - Expect "toBeVisible" with timeout 5000ms[22m
    [2m  - waiting for getByRole('dialog', { name: 'Xác nhận bàn giao kiện hàng' }).getByText('Chưa ghi nhận', { exact: true })[22m


      138 |     await shipmentRow.getByRole('button', { name: 'Bàn giao' }).click();
      139 |     const handoverDialog = page.getByRole('dialog', { name: 'Xác nhận bàn giao kiện hàng' });
    > 140 |     await expect(handoverDialog.getByText('Chưa ghi nhận', { exact: true })).toBeVisible();
          |                                                                              ^
      141 |     const handoverRequest = page.waitForRequest(request => request.method() === 'POST' && new URL(request.url()).pathname.endsWith('/handover'));
      142 |     const handoverResponse = page.waitForResponse(response => response.request().method() === 'POST' && new URL(response.url()).pathname.endsWith('/handover'));
      143 |     await handoverDialog.getByRole('button', { name: 'Xác nhận bàn giao' }).click();
        at C:\Users\Joker-PC\Documents\Projects\Bot-AI-Ban-hang-FB\BotSalesAI_Frontend\tests\fe013.spec.ts:140:78

    Error Context: test-results\fe013-FE013-AC01–AC04-stal-e2b2e-e-current-API-versions-once-chromium\error-context.md

    attachment #2: trace (application/zip) ─────────────────────────────────────────────────────────
    test-results\fe013-FE013-AC01–AC04-stal-e2b2e-e-current-API-versions-once-chromium\trace.zip
    Usage:

        npx playwright show-trace test-results\fe013-FE013-AC01–AC04-stal-e2b2e-e-current-API-versions-once-chromium\trace.zip

    ────────────────────────────────────────────────────────────────────────────────────────────────

  1 failed
    [chromium] › tests\fe013.spec.ts:52:1 › FE013.AC01–AC04 stale claim conflict is visible; pick, pack, dispatch and delivery use current API versions once 
