
> botsales-frontend@0.1.0 test:e2e
> playwright test --grep role scope and FE013.AC05 --timeout 60000

✔ canonical contracts validate and generate the API base path from OpenAPI (18.2388ms)
✔ generated operation registry preserves required and optional query parameter metadata (8.1952ms)
✔ rejects unresolved schema references before generation (21.1821ms)
✔ rejects missing API version and a server URL outside same-origin path form (17.8541ms)
✔ rejects route-to-operation drift without rewriting the canonical manifest (14.7737ms)
✔ detects a stale generated file and accepts it after regeneration (1.6591ms)
{
  "taskId": "FE011",
  "scope": "FRONTEND_WITH_SYNTHETIC_MOCK_API",
  "routes": [
    {
      "id": "R15",
      "path": "/s/:shopId/inventory",
      "permission": "inventory.read",
      "reads": [
        "listStockSnapshots",
        "getShop"
      ],
      "action": {
        "label": "Điều chỉnh tồn",
        "operationId": "createInventoryAdjustment",
        "permission": "inventory.adjust"
      }
    },
    {
      "id": "R16",
      "path": "/s/:shopId/inventory/movements",
      "permission": "inventory.read",
      "reads": [
        "listStockMovements"
      ]
    }
  ],
  "operations": [
    "listStockSnapshots",
    "listStockMovements",
    "createInventoryAdjustment",
    "getShop"
  ],
  "permissionBoundary": "Route reads require inventory.read; adjustment uses inventory.adjust; cost requires finance.read; product and order links are permission-gated.",
  "commandSemantics": "202 CommandResponse; expectedVersion and unitCost are contract-required body properties; the shared client waits for terminal state and handles unknown outcomes.",
  "checks": 17
}
✔ FE011 routes, permissions, operations and DTOs map to canonical contracts and current source (42.6563ms)
{
  "taskId": "FE012",
  "scope": "FRONTEND_WITH_SYNTHETIC_MOCK_API",
  "routes": [
    "R17",
    "R18",
    "R19",
    "R43"
  ],
  "operations": [
    "listOrders",
    "getOrder",
    "getShop",
    "listCustomers",
    "listProducts",
    "listConversations",
    "createOrder",
    "updateOrderDraft",
    "quoteOrder",
    "recordCustomerConfirmation",
    "confirmOrder",
    "cancelOrder",
    "listReturnCases",
    "getReturnCase",
    "createReturnCase",
    "inspectReturn",
    "getCommand",
    "handoverShipment",
    "payOrder",
    "refundOrder"
  ],
  "contractEvidence": "OrderDraft carries required IDs and 1..100 lines, integer quantity 1..1000000 and notes up to 2000; confirmation requires quote hash/version and customer message evidence; return inspection is line-scoped.",
  "permissionBoundary": "Customer/product pickers are enabled only with read capability; write actions follow orders.write, orders.confirm, orders.return and inventory.adjust.",
  "limitations": "No address CRUD endpoint is introduced; shippingAddressId remains an external verified ID and mock confirmation is only a demo simulation.",
  "checks": 35
}
✔ FE012 routes, operations, permissions and DTO limits map to canonical contracts and orders source (8.0878ms)

Running 1 test using 1 worker

(node:33516) Warning: The 'NO_COLOR' env is ignored due to the 'FORCE_COLOR' env being set.
(Use `node --trace-warnings ...` to show where the warning was created)
(node:33516) Warning: The 'NO_COLOR' env is ignored due to the 'FORCE_COLOR' env being set.
(Use `node --trace-warnings ...` to show where the warning was created)
  x  1 [chromium] › tests\fe013.spec.ts:312:1 › FE013.AC01 role scope and FE013.AC05 responsive shipment/preparation views remain accessible (1.0m)


  1) [chromium] › tests\fe013.spec.ts:312:1 › FE013.AC01 role scope and FE013.AC05 responsive shipment/preparation views remain accessible 

    [31mTest timeout of 60000ms exceeded.[39m

    Error: locator.click: Test timeout of 60000ms exceeded.
    Call log:
    [2m  - waiting for getByRole('link', { name: 'Chuẩn bị hàng', exact: true })[22m
    [2m    - locator resolved to <a tabindex="0" data-discover="true" href="/s/shop-demo/fulfillment" class="MuiButtonBase-root MuiListItemButton-root MuiListItemButton-gutters MuiListItemButton-root MuiListItemButton-gutters css-1vmn9su-MuiButtonBase-root-MuiListItemButton-root">…</a>[22m
    [2m  - attempting click action[22m
    [2m    - waiting for element to be visible, enabled and stable[22m
    [2m  - element was detached from the DOM, retrying[22m


      168 |     await confirmSeedOrder(page);
      169 |     await chooseOption(page, 'Vai trò mô phỏng', 'sales');
    > 170 |     await page.getByRole('link', { name: 'Chuẩn bị hàng', exact: true }).click();
          |                                                                          ^
      171 |     const row = page.getByRole('row').filter({ hasText: 'DH-1001' });
      172 |     await expect(row).toBeVisible();
      173 |     await row.getByRole('button', { name: 'Mở phiếu lấy hàng' }).click();
        at C:\Users\Joker-PC\Documents\Projects\Bot-AI-Ban-hang-FB\BotSalesAI_Frontend\tests\fe013.spec.ts:170:74

    Error Context: test-results\fe013-FE013-AC01-role-scop-d9bf1-ion-views-remain-accessible-chromium\error-context.md

    attachment #2: trace (application/zip) ─────────────────────────────────────────────────────────
    test-results\fe013-FE013-AC01-role-scop-d9bf1-ion-views-remain-accessible-chromium\trace.zip
    Usage:

        npx playwright show-trace test-results\fe013-FE013-AC01-role-scop-d9bf1-ion-views-remain-accessible-chromium\trace.zip

    ────────────────────────────────────────────────────────────────────────────────────────────────

  1 failed
    [chromium] › tests\fe013.spec.ts:312:1 › FE013.AC01 role scope and FE013.AC05 responsive shipment/preparation views remain accessible 
