
> botsales-frontend@0.1.0 test:e2e
> node scripts/run-e2e.mjs


> npm run setup

> botsales-frontend@0.1.0 setup
> node scripts/setup.mjs

{"status":"PASS","outputs":11,"schemas":283,"operations":210,"routes":54}
Copying the worker script at "C:\Users\Joker-PC\Documents\Projects\Bot-AI-Ban-hang-FB\BotSalesAI_Frontend\apps\web\public"...

Worker script successfully copied!
  - public

Continue by describing the network in your application:


https://mswjs.io/docs/quick-start

Thiết lập xong. npm run dev chạy frontend mô phỏng; không kết nối khách hàng hoặc provider thật.

> npm run build

> botsales-frontend@0.1.0 build
> npm run generate:check && npm run typecheck && npm run build --workspace @botsales/web


> botsales-frontend@0.1.0 generate:check
> node scripts/generate.mjs --check

{"status":"PASS","outputs":11,"schemas":283,"operations":210,"routes":54}

> botsales-frontend@0.1.0 typecheck
> tsc -p apps/web/tsconfig.json --noEmit


> @botsales/web@0.1.0 build
> vite build --mode production

vite v7.3.6 building client environment for production...
transforming...
✓ 2061 modules transformed.
rendering chunks...
computing gzip size...
dist/index.html                              1.19 kB │ gzip:   0.60 kB
dist/assets/index-BQPx7lJM.css               3.56 kB │ gzip:   1.33 kB
dist/assets/download-8lJFmiSZ.js             0.23 kB │ gzip:   0.17 kB
dist/assets/filters-CVitQAxr.js              0.32 kB │ gzip:   0.25 kB
dist/assets/hooks-CQithOQw.js                4.58 kB │ gzip:   2.14 kB
dist/assets/draft-conflict-D8W-rg5x.js       5.35 kB │ gzip:   2.47 kB
dist/assets/index-BZU8h9PL.js                7.86 kB │ gzip:   3.14 kB
dist/assets/index-zJ_dtWjT.js                8.29 kB │ gzip:   3.52 kB
dist/assets/index-MHcDFnkO.js                9.79 kB │ gzip:   3.68 kB
dist/assets/index-__nRpxbb.js               13.78 kB │ gzip:   5.62 kB
dist/assets/index-BeAhgxPD.js               14.53 kB │ gzip:   5.36 kB
dist/assets/index-BCwrnMnP.js               14.56 kB │ gzip:   4.91 kB
dist/assets/index-Biz8nWv7.js               15.22 kB │ gzip:   5.85 kB
dist/assets/index-acprMKRj.js               16.25 kB │ gzip:   5.50 kB
dist/assets/index-DhhcShvK.js               16.38 kB │ gzip:   5.41 kB
dist/assets/index-DoLkXNrf.js               17.80 kB │ gzip:   6.25 kB
dist/assets/index-CIawYPGj.js               18.46 kB │ gzip:   6.15 kB
dist/assets/index-75E27mbz.js               23.49 kB │ gzip:   8.06 kB
dist/assets/index-BtlCx1cD.js               23.70 kB │ gzip:   8.48 kB
dist/assets/index-C5h6oSBa.js               28.44 kB │ gzip:   9.35 kB
dist/assets/index-Dx3HReqC.js               31.55 kB │ gzip:   9.82 kB
dist/assets/query-5vm9EU1C.js               33.15 kB │ gzip:   9.92 kB
dist/assets/index-ClAUKUGY.js               38.05 kB │ gzip:  10.43 kB
dist/assets/i18n-xB0mQYCC.js                46.14 kB │ gzip:  15.12 kB
dist/assets/schemas-Ct4RWo9M.js             80.75 kB │ gzip:  24.39 kB
dist/assets/index-Ck2cGeS8.js               88.53 kB │ gzip:  28.14 kB
dist/assets/schema-validation-Bhr7oAQE.js  149.80 kB │ gzip:  45.12 kB
dist/assets/react-runtime-D0NtfbPC.js      279.78 kB │ gzip:  90.28 kB
dist/assets/contract-data-BIzYYkc1.js      303.99 kB │ gzip:  36.17 kB
dist/assets/charts-CQ4oecFO.js             313.03 kB │ gzip:  94.99 kB
dist/assets/mui-Bz_aCSm2.js                328.33 kB │ gzip: 100.02 kB
✓ built in 2.98s

> npm run build:demo

> botsales-frontend@0.1.0 build:demo
> npm run generate:check && npm run typecheck && npm run build:demo --workspace @botsales/web


> botsales-frontend@0.1.0 generate:check
> node scripts/generate.mjs --check

{"status":"PASS","outputs":11,"schemas":283,"operations":210,"routes":54}

> botsales-frontend@0.1.0 typecheck
> tsc -p apps/web/tsconfig.json --noEmit


> @botsales/web@0.1.0 build:demo
> vite build --mode demo --outDir dist-demo

vite v7.3.6 building client environment for demo...
transforming...
✓ 2277 modules transformed.
rendering chunks...
computing gzip size...
dist-demo/index.html                              1.19 kB │ gzip:   0.59 kB
dist-demo/assets/index-BQPx7lJM.css               3.56 kB │ gzip:   1.33 kB
dist-demo/assets/download-CWiaXb8A.js             0.24 kB │ gzip:   0.17 kB
dist-demo/assets/filters-Bi-qlnQp.js              0.32 kB │ gzip:   0.24 kB
dist-demo/assets/control-6gq2NE8L.js              0.72 kB │ gzip:   0.43 kB
dist-demo/assets/hooks-dMAJvaN8.js                4.58 kB │ gzip:   2.14 kB
dist-demo/assets/draft-conflict-CX6x733s.js       5.35 kB │ gzip:   2.48 kB
dist-demo/assets/index-7Y_FoAdL.js                8.30 kB │ gzip:   3.52 kB
dist-demo/assets/index-CL5hK6ZY.js                8.40 kB │ gzip:   3.34 kB
dist-demo/assets/index-DwFpM1Vj.js                9.79 kB │ gzip:   3.68 kB
dist-demo/assets/index-BON7t_nd.js               13.97 kB │ gzip:   5.68 kB
dist-demo/assets/index-CIKDartW.js               14.56 kB │ gzip:   4.91 kB
dist-demo/assets/index-Dz-vk3yu.js               14.91 kB │ gzip:   5.66 kB
dist-demo/assets/index-CqM6V3OX.js               16.54 kB │ gzip:   5.45 kB
dist-demo/assets/index-Bj2X_Rd2.js               17.80 kB │ gzip:   6.25 kB
dist-demo/assets/index-yUPYdi5F.js               18.45 kB │ gzip:   6.27 kB
dist-demo/assets/index-CyCnrXE-.js               18.46 kB │ gzip:   6.15 kB
dist-demo/assets/index-CvfvnICa.js               22.54 kB │ gzip:   7.82 kB
dist-demo/assets/index-Dltyxy6P.js               23.90 kB │ gzip:   8.22 kB
dist-demo/assets/index-CD1JD7Gx.js               23.93 kB │ gzip:   8.55 kB
dist-demo/assets/index-CBO9ZaVY.js               28.91 kB │ gzip:   9.48 kB
dist-demo/assets/query-5vm9EU1C.js               33.15 kB │ gzip:   9.92 kB
dist-demo/assets/index-BlgGU4wT.js               33.81 kB │ gzip:  10.54 kB
dist-demo/assets/index-DSUfGrdt.js               38.05 kB │ gzip:  10.44 kB
dist-demo/assets/i18n-xB0mQYCC.js                46.14 kB │ gzip:  15.12 kB
dist-demo/assets/schemas-Ct4RWo9M.js             80.75 kB │ gzip:  24.39 kB
dist-demo/assets/index-BgB-VAk6.js               92.38 kB │ gzip:  29.27 kB
dist-demo/assets/schema-validation-Bhr7oAQE.js  149.80 kB │ gzip:  45.12 kB
dist-demo/assets/service-BepI4YXI.js            159.35 kB │ gzip:  34.71 kB
dist-demo/assets/browser-EhJrHDtj.js            255.49 kB │ gzip:  86.96 kB
dist-demo/assets/react-runtime-D0NtfbPC.js      279.78 kB │ gzip:  90.28 kB
dist-demo/assets/contract-data-D-QqiNa-.js      309.77 kB │ gzip:  37.31 kB
dist-demo/assets/charts-RcpaDpmM.js             313.03 kB │ gzip:  94.99 kB
dist-demo/assets/mui-azn9KfGV.js                328.33 kB │ gzip: 100.02 kB
✓ built in 4.35s

> node node_modules\@playwright\test\cli.js test
[WebServer] (node:45884) Warning: The 'NO_COLOR' env is ignored due to the 'FORCE_COLOR' env being set.
[WebServer] (Use `node --trace-warnings ...` to show where the warning was created)
✔ canonical contracts validate and generate the API base path from OpenAPI (105.1425ms)
✔ rejects drift in OpenAPI YAML and operation index projections (155.463ms)
✔ generated operation registry preserves required and optional query parameter metadata (39.8562ms)
✔ rejects unresolved schema references before generation (60.5973ms)
✔ rejects missing API version and a server URL outside same-origin path form (54.2321ms)
✔ rejects route-to-operation drift without rewriting the canonical manifest (51.7647ms)
✔ detects a stale generated file and accepts it after regeneration (4.2652ms)
{
  "taskId": "FE011",
  "scope": "FRONTEND_WITH_SYNTHETIC_MOCK_API",
  "routes": [
    {
      "id": "R15",
      "path": "/s/:shopId/inventory",
      "permission": "inventory.read",
      "reads": [
        "listStockSnapshots",
        "getShop"
      ],
      "action": {
        "label": "Điều chỉnh tồn",
        "operationId": "createInventoryAdjustment",
        "permission": "inventory.adjust"
      }
    },
    {
      "id": "R16",
      "path": "/s/:shopId/inventory/movements",
      "permission": "inventory.read",
      "reads": [
        "listStockMovements"
      ]
    }
  ],
  "operations": [
    "listStockSnapshots",
    "listStockMovements",
    "createInventoryAdjustment",
    "getShop"
  ],
  "permissionBoundary": "Route reads require inventory.read; adjustment uses inventory.adjust; cost requires finance.read; product and order links are permission-gated.",
  "commandSemantics": "202 CommandResponse; expectedVersion and unitCost are contract-required body properties; the shared client waits for terminal state and handles unknown outcomes.",
  "checks": 17
}
✔ FE011 routes, permissions, operations and DTOs map to canonical contracts and current source (82.1056ms)
✖ FE012 routes, operations, permissions and DTO limits map to canonical contracts and orders source (64.026ms)
{"taskId":"FE016","scope":"FRONTEND_WITH_SYNTHETIC_MOCK_API","routes":["R05","R06"],"operations":["listConversations","getConversation","listMessages","sendMessage","takeoverConversation","releaseConversation","resolveConversation","assignConversation","listFeedback","createFeedback","reviewFeedback","listCommands","getCommand","getInboxMetadata"],"knownGap":"Canonical Message has no media or attachment field/operation; UI must not invent a provider endpoint.","checks":3}
{
  "taskId": "FE013",
  "scope": "FRONTEND_WITH_SYNTHETIC_MOCK_API",
  "routes": [
    "R41",
    "R42"
  ],
  "operations": [
    "listPrepJobs",
    "getPrepJob",
    "getWorkItem",
    "claimWorkItem",
    "pickPrepLine",
    "packPrepJob",
    "listShipments",
    "getShipment",
    "createShipment",
    "handoverShipment",
    "recordShipmentEvent"
  ],
  "permissionBoundary": "fulfillment.read gates route data, operations.claim gates WorkItem claim, fulfillment.write gates picks/pack/events/shipment creation, and fulfillment.handover gates stock-consuming handover.",
  "stateBoundary": "Claim/pick/pack/handover/delivery/payment remain separate states; return eligibility continues to come from the order API.",
  "checks": 54
}
✔ FE013 routes, permissions, DTOs and state transitions map to canonical contracts and fulfillment source (102.4017ms)
{"taskId":"FE017","scope":"FRONTEND_WITH_SYNTHETIC_MOCK_API","routes":["R23","R24","R25"],"operations":15,"unresolvedContractField":"Knowledge.allowedActions","checks":4}
{"taskId":"FE018","scope":"FRONTEND_WITH_SYNTHETIC_MOCK_API","routes":["R26","R27","R28","R51"],"operations":18,"checks":2,"knownRouteMappingGap":"R51 omits updateBudgetPolicy; UI uses canonical operation permission operations.manage"}
{
  "taskId": "FE014",
  "scope": "FRONTEND_WITH_SYNTHETIC_MOCK_API",
  "routes": [
    "R44",
    "R45",
    "R46",
    "R47"
  ],
  "operations": 13,
  "checks": 95
}
✔ FE014 procurement routes, permissions, DTOs and current source follow canonical contracts (89.7935ms)
FE015 source map: 131 contract/source assertions passed
✔ FE015 finance routes, capabilities, operations and DTOs follow canonical contracts (82.1397ms)
✔ FE016 maps R05/R06 reads and mutations to canonical permissions and current inbox source (0.3753ms)
✔ FE016 contract bounds list filters, safe message refs and versioned send payloads (0.2489ms)
✔ FE016 uses shell-owned resync and command recovery, and mock takeover enforces current version (0.2318ms)
✔ FE017 R23-R25 operations and action permissions match canonical routes (0.4238ms)
✔ FE017 uses the user-approved permission and lifecycle UI substitute without inventing a Knowledge DTO field (0.1341ms)
✔ FE017 price and availability source preview uses separately permissioned canonical APIs (0.0659ms)
✔ FE017 mock keeps published revisions immutable and feedback approval creates a draft revision (0.0539ms)
✔ FE018 R26/R27/R28/R51 actions use canonical routes, operation IDs, and permissions (0.3283ms)
✔ FE018 capability, tool permissions, human confirmation, and evaluation labels stay within declared schemas (0.1444ms)
✔ FE020 source stays mapped to canonical operations, permissions, and safe missing-schedule boundary (0.7809ms)
✔ FE020 mock enforces work-item capabilities and keeps integration readiness unknown (0.1006ms)
✔ accepts semantic bridge roles, the closed token-derived factor map, geometry, and reset values (1667.6328ms)
✔ rejects a CSS spacing role without a declared shared owner (1686.4112ms)
✔ rejects scale-conforming and off-scale literals in sx, responsive leaves, named and namespace MUI System props (1904.6821ms)
✔ follows local aliases and style callbacks; rejects theme spacing helpers and preset overrides (1646.189ms)
✔ scans nested slotProps but does not confuse event handlers or geometric dimensions with spacing (1541.6775ms)
✔ keeps Panel geometry inspectable and rejects spacing hidden in its geometry prop (4700.9458ms)
✔ accepts only an exact CSS exception and reports stale or mismatched exception scope (4849.784ms)
✔ rejects malformed TypeScript, malformed CSS, bad exception schema, and raw values in the bridge (6398.7805ms)
✔ rejects canonical pixel tokens used as MUI factors and an altered bridge factor table (3183.3266ms)
✔ report mode inventories migration debt without turning findings into PASS (1637.1341ms)
[WebServer] [BABEL] Note: The code generator has deoptimised the styling of C:\Users\Joker-PC\AppData\Local\Temp\botsales-vite-cache\ea27c7577456f6009d55\playwright-webserver\playwright-77040-6ea7c8c3-0687-4245-81b7-1c31c2f02dd8\deps\react-dom_client.js?v=deb94a4b as it exceeds the max of 500KB.
✔ module path classification accepts Windows and POSIX spellings, but excludes app files (48.9043ms)
✔ the source-checker CLI rejects a prohibited color literal in a module (452.8255ms)
✔ the source-checker CLI accepts a token-based module and leaves app-level colors outside the rule (399.1841ms)
✔ uses the installed project compiler and the pinned version in this checkout (568.0808ms)
✔ accepts a local compiler whose manifest, module and executable match the project (122.7926ms)
✔ fails closed for missing local compiler without selecting a global fallback (111.932ms)
✔ fails closed for different installed package version without selecting a global fallback (124.3987ms)
✔ fails closed for module version differs from its manifest without selecting a global fallback (105.4441ms)
✔ fails closed for ancestor compiler silently resolved outside this project without selecting a global fallback (70.362ms)
✔ fails closed for missing compiler executable without selecting a global fallback (72.6914ms)
✔ fails closed for unpinned project compiler requirement without selecting a global fallback (56.4324ms)
✔ production composition gate detects const MUI alias and namespace layout role (1191.516ms)
✔ production composition gate closes aliased barrel API props (683.4428ms)
✔ production composition gate does not mistake shadowed local component for shared API (533.6663ms)
✔ production composition gate keeps valid canonical barrel consumer (508.2773ms)
✔ production visual gate rejects pretrusted-name spoof and parameter shadow (500.031ms)
✔ production visual gate rejects a fake canonical module suffix (520.3202ms)
✔ production visual gate inspects renamed genuine styled factory (484.6665ms)
✔ production visual gate preserves canonical barrel aliases and finite palette selection (482.3589ms)
✔ production visual gate rejects raw values hidden in a finite palette (496.5857ms)
✔ production visual gate does not follow a global alias through parameter shadow (481.8171ms)
✔ production composition geometry cannot resolve a shadowed global variable (493.1954ms)
✔ finite semantic prop types do not grant trust to a different same-named parameter (480.3552ms)
✔ opaque namespace composition selection cannot bypass closed props (498.3547ms)
✔ opaque namespace style factory remains a visual binding failure (446.0385ms)
✔ canonical renamed import and constant alias preserve owner and path (426.2109ms)
✔ namespace and literal element access resolve canonical exports (428.3228ms)
✔ barrel re-export resolves original component identity (450.0998ms)
✔ parameter shadow does not inherit canonical import trust (416.98ms)
✔ fake trusted names and a module named visual are not canonical (399.8817ms)
✔ mutable aliases, opaque keys and cyclic locals are not proven canonical (463.4172ms)
✔ destructured constant and safe type syntax preserve provenance (416.4268ms)
✔ installed MUI renamed styled resolves while local styled does not (426.4597ms)
✔ JavaScript workers remain in the Program import closure (435.2664ms)
✔ malformed element access is unproven rather than crashing the resolver (420.3511ms)
✔ a tsconfig alias cannot label another dependency as genuine MUI (431.3557ms)
✔ MUI re-export through a first-party barrel keeps library identity (424.6051ms)
✔ constant property-key aliases preserve canonical element access (431.7823ms)
✔ public layout mapping cannot be written through a direct consumer reference (647.0027ms)
✔ public layout nested aliases remain readonly (593.616ms)
✔ public visual mapping already rejects consumer writes (189.253ms)
✔ canonical readonly style maps remain readable by consumers (563.2961ms)
✔ canonical token space cannot be overwritten through an alias (186.0741ms)
✔ public color export cannot be overwritten (180.2654ms)
✔ readonly token and color reads retain their public types (184.4864ms)
✔ P10/P15 catch alias and neutral-wrapper duplicate insets through fragments and conditionals (418.8935ms)
✔ P20 resolves shared composition identities through a barrel and const component aliases (475.0997ms)
✔ P11/P13 catch static element access roles on every MUI surface, including Paper (488.8532ms)
✔ P12 checks React createElement and JSX-runtime element factories (435.2503ms)
✔ P14 resolves bodyMode literal aliases and fails closed when ownership is unknown (1234.2525ms)
✔ checks Panel ancestry when React elements are created natively (438.5501ms)
✔ keeps independent nested surfaces and portaled dialogs as separate owners (825.0231ms)
✔ accepts finite bodyMode branches and every mode in the public component contracts (1391.0285ms)
✔ stops inherited gap ownership at Panels and independent bordered surfaces (813.3023ms)
✔ tracks gaps through fragments, conditions and ready QueryState, but not inside DOM wrappers (423.0499ms)
✔ applies the same finite modes and wrapper boundaries to native React factories (831.7421ms)
✔ recognizes native outlined Paper and nested Box surface inset boundaries (800.4332ms)
✔ fails closed when an unresolved custom wrapper obscures a semantic gap owner (409.928ms)
✔ rejects unsupported placement and rhythm values while accepting finite aliases and branches (884.9275ms)
✔ rejects unsupported finite values through React element factories (796.0662ms)
✔ accepts semantic composition, closed geometry and business-specific MUI primitives (12.8358ms)
✔ rejects rebuilding each shared spacing owner at a consumer (12.3099ms)
✔ follows aliases, local style variables, object spreads and namespace imports (12.6213ms)
✔ rejects direct and spread spacing overrides on semantic components (12.277ms)
✔ rejects spacing or opaque spreads hidden in geometry (37.8293ms)
✔ allows the canonical owner implementation and fails closed on malformed source (67.9771ms)
✔ rejects duplicated parent boundary and duplicated Panel inset (39.8973ms)
✔ checks default MUI imports and fails closed for opaque geometry (12.9886ms)
✔ distinguishes content grids from flex flows when reporting the shared owner (10.2335ms)
✔ rejects page spacing for paired fields and peer Panels without a section gap owner (13.8126ms)
✔ related sibling gaps belong to ActionGroup comfortable density, not consumer Stack styles (13.6517ms)
✔ check-layout rejects missing-html at the UI entry boundary (618.9711ms)
✔ check-layout rejects missing-style at the UI entry boundary (624.893ms)
✔ check-layout rejects inline-style at the UI entry boundary (626.2185ms)
✔ check-layout rejects alias-mismatch at the UI entry boundary (637.3277ms)
✔ check-visual-tokens rejects missing-html at the UI entry boundary (593.1711ms)
✔ check-visual-tokens rejects missing-style at the UI entry boundary (628.8046ms)
✔ check-visual-tokens rejects inline-style at the UI entry boundary (631.1174ms)
✔ check-visual-tokens rejects alias-mismatch at the UI entry boundary (607.7099ms)
✔ check-ui-composition rejects missing-html at the UI entry boundary (592.1097ms)
✔ check-ui-composition rejects missing-style at the UI entry boundary (617.7956ms)
✔ check-ui-composition rejects inline-style at the UI entry boundary (631.0846ms)
✔ check-ui-composition rejects alias-mismatch at the UI entry boundary (614.9968ms)
✔ DOM entry inspection never executes an inline script and detects decoded attributes (32.2067ms)
✔ manifest icons are resolved and malformed manifest data fails closed (32.756ms)
✔ data and remote module sources cannot stand in for a scanned script entry (24.4258ms)
✔ an unused alias map cannot prove the exported Vite configuration (21.9231ms)
✔ a Vite HTML generator cannot inject an unscanned stylesheet through a hook (23.242ms)
✔ accepts current fingerprints, honest open coverage, and explained N/A (19.0111ms)
✔ rejects a stale source fingerprint (17.1677ms)
✔ rejects a stale command log (17.0679ms)
✔ rejects missing, absolute, and escaping source paths (16.3273ms)
✔ rejects unrun, missing, duplicate, and nonzero command results marked PASS (17.1801ms)
✔ rejects PASS when expected and observed results differ (17.0855ms)
✔ rejects inconsistent coverage and N/A without a reason (16.5405ms)
✔ rejects a baseline falsely dated after implementation started and detects changed baseline artifacts (21.3543ms)
✔ COMPLETE cannot contain open coverage or failed commands (18.5572ms)
✔ S19 must explicitly reconcile files, APIs, routes, rendered routes, slots, and states (20.2918ms)
✔ rejects malformed top-level evidence instead of treating missing fields as success (16.1859ms)
✔ check-layout fails closed for relative missing import (628.4751ms)
✔ check-layout fails closed for aliased missing import (613.4254ms)
✔ check-layout fails closed for missing CSS import (615.4356ms)
✔ check-layout fails closed for opaque dynamic import (635.9213ms)
✔ check-visual-tokens fails closed for relative missing import (631.4899ms)
✔ check-visual-tokens fails closed for aliased missing import (632.4005ms)
✔ check-visual-tokens fails closed for missing CSS import (628.5056ms)
✔ check-visual-tokens fails closed for opaque dynamic import (630.5888ms)
✔ check-ui-composition fails closed for relative missing import (614.4058ms)
✔ check-ui-composition fails closed for aliased missing import (631.5688ms)
✔ check-ui-composition fails closed for missing CSS import (614.5268ms)
✔ check-ui-composition fails closed for opaque dynamic import (626.5828ms)
✔ scope follows a canonical package alias and classifies data assets separately (32.6957ms)
✔ scope follows CSS imports and rejects a missing nested stylesheet (30.4613ms)
✔ missing and malformed tsconfig cannot silently supply default resolution (19.3388ms)
✔ scope rejects discovered script sources omitted by the compiler config (26.8103ms)
✔ config includes are discovered even when a package source has no app import yet (28.2884ms)
✔ a first-party import cannot silently claim source outside the project (110.4307ms)
✔ malformed CSS and unhandled stylesheet languages cannot be classified as harmless data (42.8462ms)
✔ CSS asset URLs resolve with queries and fragments and reject missing files (40.9208ms)
✔ native service worker scripts enter the source closure and missing URLs fail (40.0974ms)
✔ Vite BASE_URL sample downloads enter asset coverage and missing samples fail (40.701ms)
✔ a declared MSW worker has a vendor owner and rejects modifications (51.8473ms)
✔ CommonJS and TypeScript import-equals cannot hide missing first-party modules (45.2321ms)
✔ canonical writes through casts and aliases fail outside style expressions (1021.1024ms)
✔ Object.assign cannot mutate canonical data but can copy to a fresh object (1996.3553ms)
✔ layout gate rejects raw spacing on const alias of MUI component (983.0756ms)
✔ canonical mutation gate follows global mutator aliases and reflection (985.2131ms)
✔ local mutator names do not acquire global mutation identity (977.5184ms)
✔ destructured mutators and call/apply retain canonical mutation checks (998.1941ms)
✔ global mutator call/apply can copy canonical values into fresh objects (1000.0469ms)
✔ mutable aliases with possible canonical destinations fail closed (984.3683ms)
✔ opaque apply arguments fail closed while unrelated mutable data stays valid (1930.1845ms)
✔ canonical references inside containers and destructured aliases cannot be mutated (1005.6096ms)
✔ independent shallow copies of scalar canonical fields remain mutable (1009.4961ms)
✔ array references and nested destructuring preserve canonical write provenance (1006.4548ms)
✔ array destinations distinguish independent elements from canonical references (1012.0101ms)
✔ array destructuring, dynamic indices and spread cannot hide canonical references (996.5188ms)
✔ dynamic indices and destructuring of independent arrays stay mutable (991.1063ms)
✔ function parameters cannot hide canonical mutation across source files (1090.4596ms)
✔ read-only helpers and mutations of unrelated arguments remain valid (1031.5928ms)
✔ returned canonical references remain protected across helper boundaries (988.6832ms)
✔ helper returns of fresh scalar copies do not retain canonical destination identity (981.8023ms)
✔ destructured object parameters cannot mutate canonical arguments (956.2331ms)
✔ destructured object parameters retain independent argument mutability (967.6976ms)
✔ default parameter and binding initializers cannot hide canonical mutations (984.258ms)
✔ fresh default parameter and binding copies remain mutable (942.7776ms)
✔ rest parameters retain canonical argument write provenance (970.0825ms)
✔ rest parameters distinguish independent positions from canonical siblings (949.2335ms)
✔ finite spread arguments preserve shifted positional and rest destinations (977.956ms)
✔ finite spread expansion keeps independent argument positions mutable (1046.178ms)
✔ opaque spreads keep positional mutation destinations unknown (952.4548ms)
✔ opaque spreads into read-only helpers do not invent mutation findings (932.3431ms)
✔ array parameter patterns retain canonical positions including nested object arrays (934.2836ms)
✔ array parameter patterns retain independent bound element mutability (935.1066ms)
✔ layout gate rejects parameter shadow of canonical layout name (939.9142ms)
✔ layout gate follows genuine renamed styled factory (926.9467ms)
✔ layout gate accepts canonical namespace, element access and barrel alias (933.1113ms)
✔ layout gate does not mistake local component named Stack for MUI (907.3756ms)
✔ layout gate inspects renamed installed Emotion css tag (1008.8133ms)
✔ layout gate preserves genuine aliased Controller field forwarding (953.2575ms)
✔ a same-named local Controller cannot exempt an unknown prop spread (938.4774ms)
✔ genuine useForm registration survives property and destructured aliases (923.3117ms)
✔ a function named register cannot exempt injected style props (949.0615ms)
✔ a bridge callback parameter cannot impersonate its private factor binding (943.1463ms)
✔ opaque namespace component selection remains a strict binding failure (948.6937ms)
✔ opaque namespace factory cannot hide style arguments (945.5038ms)
✔ MUI re-export cannot hide raw spacing behind a first-party barrel (945.6439ms)
✔ destructuring assignments cannot hide canonical write targets (949.2213ms)
✔ destructuring assignments can update independent copied destinations (950.5741ms)
✔ object rest retains nested canonical references while copying the outer object (973.4761ms)
✔ rest scalar copies and replacement of container references stay mutable (957.0843ms)
✔ shallow object spread preserves canonical child references and last-writer order (946.428ms)
✔ shallow spread with a later independent override stays mutable (932.9212ms)
✔ exported mutable aliases retain assignments from their declaring file (960.5023ms)
✔ exported independent mutable data does not acquire canonical provenance (933.294ms)
✔ literal computed keys retain canonical container and parameter provenance (931.8544ms)
✔ literal computed keys do not taint independent selected properties (946.8697ms)
✔ Object.assign shallow copies retain canonical nested reference provenance (937.0449ms)
✔ Object.assign later independent overrides and scalar copies stay mutable (933.3073ms)
✔ union and dynamic property selections retain possible canonical destinations (953.2665ms)
✔ finite union property selections exclude canonical siblings not in the key set (929.5123ms)
✔ union selection over Object.assign output retains canonical child provenance (987.8614ms)
✔ union selection over independent Object.assign output remains mutable (950.9367ms)
✔ Reflect.set call/apply checks the target argument rather than the assigned value (2776.0364ms)
✔ aliased React createElement checks MUI and native style objects (914.5997ms)
✔ GlobalStyles.styles is checked and local createElement names stay local (1878.3006ms)
✔ React JSX runtime factories cannot bypass MUI or native style checks (962.7993ms)
✔ React cloneElement checks the cloned MUI element and preserves native props (3704.2229ms)
✔ Emotion css props and object factories are inspected with native CSS semantics (2757.6453ms)
✔ Inline style elements in JSX, React factories, DOM and the HTML entry fail closed (7898.3948ms)
✔ DOM CSSOM spacing writes use semantic roles and reject opaque style strings (2053.3129ms)
✔ HTML parsing and runtime stylesheet mutation cannot bypass the imported CSS boundary (1929.361ms)
✔ spacing shorthand values and responsive breakpoints preserve token and unit provenance (9500.7931ms)
✔ function return producers cannot hide canonical children behind spreads (1061.9472ms)
✔ producer spreads keep later independent child overrides writable (982.6567ms)
✔ the shared catalog covers every public React component and supporting Column type (46.3379ms)
✔ every public React API has a direct rendered contract test (10.9049ms)
✔ catalog declaration lines and stated JSX counts match resolved source symbols (43.0247ms)
✔ every shared React export has a resolved production consumer or an explicit zero-use lifecycle decision (38.1586ms)
✔ required UI evidence and regression gates remain wired to root verify and the active parent workflow (10.1194ms)
✔ composition prop allowlists match the TypeScript owners exactly (8.5304ms)
✔ QueryState uses only the approved inline and section pending profiles (8.6613ms)
✔ QueryState consumers reserve section loading for primary content and keep every other state inline by default (62.5334ms)
✔ body modes, placement roles and geometry keys match the TypeScript contracts (10.081ms)
✔ Panel geometry and DataTable columns remain closed public contracts (14.455ms)
✔ shared component and composition props expose no arbitrary layout/style escape hatch (8.0913ms)
✔ layout role types, runtime values, consumers and ownership documentation stay closed (2249.0267ms)
✔ check-layout rejects missing source instead of returning an empty PASS (440.6352ms)
✔ check-layout rejects empty source instead of returning an empty PASS (423.2061ms)
✔ check-layout rejects generated-only source instead of returning an empty PASS (410.0829ms)
✔ check-layout rejects jsx-parse source instead of returning an empty PASS (423.8452ms)
✔ check-visual-tokens rejects missing source instead of returning an empty PASS (449.2328ms)
✔ check-visual-tokens rejects empty source instead of returning an empty PASS (407.0462ms)
✔ check-visual-tokens rejects generated-only source instead of returning an empty PASS (420.0946ms)
✔ check-visual-tokens rejects jsx-parse source instead of returning an empty PASS (427.3205ms)
✔ check-ui-composition rejects missing source instead of returning an empty PASS (410.7306ms)
✔ check-ui-composition rejects empty source instead of returning an empty PASS (480.2832ms)
✔ check-ui-composition rejects generated-only source instead of returning an empty PASS (400.2834ms)
✔ check-ui-composition rejects jsx-parse source instead of returning an empty PASS (413.0288ms)
✔ visual checker accepts canonical theme roles, token references, geometry and semantic responsive props (320.1757ms)
✔ visual checker rejects raw literals across sx, JSX system props and CSS declarations (272.504ms)
✔ visual checker follows local style aliases and callback themes, but fails raw nested values (272.1013ms)
✔ visual checker reports unresolved spreads and malformed style sources as UNKNOWN or parse errors (273.3519ms)
✔ visual checker includes newly added TSX files under the source root (285.2523ms)

Running 554 tests using 1 worker

(node:37348) Warning: The 'NO_COLOR' env is ignored due to the 'FORCE_COLOR' env being set.
(Use `node --trace-warnings ...` to show where the warning was created)
