
[WebServer] (node:35884) Warning: The 'NO_COLOR' env is ignored due to the 'FORCE_COLOR' env being set.
[WebServer] (Use `node --trace-warnings ...` to show where the warning was created)

Running 33 tests using 1 worker


(node:43216) Warning: The 'NO_COLOR' env is ignored due to the 'FORCE_COLOR' env being set.
(Use `node --trace-warnings ...` to show where the warning was created)

[1/33] [chromium] › tests\fe016.spec.ts:67:1 › FE016 conversation keeps its composer visible while long demo context scrolls independently
[WebServer] [BABEL] Note: The code generator has deoptimised the styling of C:\Users\Joker-PC\AppData\Local\Temp\botsales-vite-cache\ea27c7577456f6009d55\playwright-webserver\playwright-40808-0a81f986-7d64-45d0-97ee-10f2570c10d7\deps\react-dom_client.js?v=486d05b8 as it exceeds the max of 500KB.

[2/33] [chromium] › tests\fe016.spec.ts:100:1 › FE016.AC01 inbox filters call canonical query fields and remain bookmarked through conversation details
[3/33] [chromium] › tests\fe016.spec.ts:128:1 › FE016.AC01 list cursor is isolated from message cursor and restored on back navigation
[4/33] [chromium] › tests\fe016.spec.ts:147:1 › UI002 inbox list and message cursors stay independent through paging, conversation switch and shop change
[5/33] [chromium] › tests\fe016.spec.ts:236:1 › UI002 mobile keeps the list page while messages page and Back restores it
[6/33] [chromium] › tests\fe016.spec.ts:280:1 › UI002 Inbox search resets only the list cursor while a message page is open
[7/33] [chromium] › tests\fe016.spec.ts:337:1 › UI002 deep link, refresh and mobile Back preserve their own cursors
[8/33] [chromium] › tests\fe016.spec.ts:391:1 › UI002 list and message panel errors remain isolated
[9/33] [chromium] › tests\fe016.spec.ts:415:1 › UI002 send, invalidation and resync keep both cursors and send only once
[10/33] [chromium] › tests\fe016.spec.ts:475:1 › FE016.AC01 takeover and reply use current versions and show API send state without claiming delivery
[11/33] [chromium] › tests\fe016.spec.ts:502:1 › FE016.AC02 internal notes render HTML-like text inert and feedback creates only a review draft
[12/33] [chromium] › tests\fe016.spec.ts:533:1 › FE016.AC03 unknown send keeps the reply draft, exposes command recovery and never blindly resends
[13/33] [chromium] › tests\fe016.spec.ts:554:1 › FE016.AC04 role without customer/order permissions cannot open those cross-module references
[14/33] [chromium] › tests\fe016.spec.ts:565:1 › FE016.S03 stale takeover preserves reason and reports the version conflict
[15/33] [chromium] › tests\fe016.spec.ts:581:1 › FE016.B05 cross-sell promotion preview shows sample rules without applying a discount
[16/33] [chromium] › tests\fe016.spec.ts:595:1 › FE016.B08 image and voice preview is synthetic and stays local
[17/33] [chromium] › tests\fe016.spec.ts:610:1 › FE027.B01 industry sales script preview asks for missing facts and stays a local draft
[18/33] [chromium] › tests\fe016.spec.ts:626:1 › FE027.B02 inbox price and available stock preview uses current canonical mock reads
[19/33] [chromium] › tests\fe016.spec.ts:647:1 › FE027.B03 order capture links the active customer and conversation into the manual order form
[20/33] [chromium] › tests\fe016.spec.ts:657:1 › FE027.B04 automatic order confirmation stays unavailable until policy and customer evidence exist
[21/33] [chromium] › tests\states\fe023.spec.ts:17:1 › FE023.S04 a dirty dialog keeps the form value until the user confirms discard
[22/33] [chromium] › tests\states\fe023.spec.ts:35:1 › FE023.S03 a customer lookup loads the next cursor page without dropping earlier choices
[23/33] [chromium] › tests\states\fe023.spec.ts:76:1 › FE023.S04 delayed requests show loading and failed refresh keeps a retry path
[24/33] [chromium] › tests\states\fe023.spec.ts:103:1 › FE023 unsaved shop settings are preserved when navigation switches shop scope
[25/33] [chromium] › tests\states\fe023.spec.ts:121:1 › FE023 a saved shop form resets its dirty baseline and reports success
[26/33] [chromium] › tests\states\route-empty-composition.spec.ts:27:1 › empty collection responses render accessible empty states on canonical list routes
[chromium] › tests\states\route-empty-composition.spec.ts:27:1 › empty collection responses render accessible empty states on canonical list routes
ROUTE_EMPTY_COMPOSITION_PROGRESS=3/11

ROUTE_EMPTY_COMPOSITION_PROGRESS=6/11

ROUTE_EMPTY_COMPOSITION_PROGRESS=9/11

ROUTE_EMPTY_COMPOSITION=11/11 RESULT=PASS

[27/33] [chromium] › tests\states\route-error-composition.spec.ts:26:1 › every shop route composes the shared API error state with its page content
[chromium] › tests\states\route-error-composition.spec.ts:26:1 › every shop route composes the shared API error state with its page content
ROUTE_ERROR_COMPOSITION_PROGRESS=10/51

ROUTE_ERROR_COMPOSITION_PROGRESS=20/51

ROUTE_ERROR_COMPOSITION_PROGRESS=30/51

ROUTE_ERROR_COMPOSITION_PROGRESS=40/51

ROUTE_ERROR_COMPOSITION_PROGRESS=50/51

ROUTE_ERROR_COMPOSITION=51/51 RESULT=PASS

[28/33] [chromium] › tests\ui007-query-states.spec.ts:30:1 › UI007 secondary order query loads independently while the customer profile remains available
[29/33] [chromium] › tests\ui007-query-states.spec.ts:60:1 › UI007 order query 503 is isolated from the primary customer query and retries only that query
[30/33] [chromium] › tests\ui007-query-states.spec.ts:94:1 › UI007 forbidden order query is an access state and a successful empty query is distinct
[31/33] [chromium] › tests\ui007-query-states.spec.ts:114:1 › UI007 supplier and offer failures keep purchase suggestions visible and have operation-specific recovery
[32/33] [chromium] › tests\ui007-query-states.spec.ts:150:1 › UI007 auto-send budget query is lazy, permission-aware, and blocks an unverified budget
[33/33] [chromium] › tests\ui009-scope-regression.spec.ts:23:1 › UI009 delayed customer orders from the previous shop cannot leak into the new shop profile
  33 passed (3.5m)
