
> botsales-frontend@0.1.0 verify
> npm run generate:check && npm run test:source && npm run boundaries && npm run lint && npm run typecheck && npm run test:domain && npm test && npm run build && npm run test:layout && npm run test:visual-tokens && npm run test:ui-composition && npm run test:evidence


> botsales-frontend@0.1.0 generate:check
> node scripts/generate.mjs --check

{"status":"PASS","outputs":11,"schemas":283,"operations":210,"routes":54}

> botsales-frontend@0.1.0 test:source
> node scripts/check-source.mjs && node --test tests/source-checker.test.mjs

{
  "checkedAt": "2026-10-08T14:44:41.518Z",
  "scope": "Syntax, operation identifiers, route-source mapping, permissions and token adoption. NOT React typecheck, build or browser test.",
  "compiler": "5.9.2",
  "compilerSource": "project dependency",
  "files": 71,
  "operationCalls": 222,
  "routes": 54,
  "issues": [],
  "status": "PASS"
}
✔ module path classification accepts Windows and POSIX spellings, but excludes app files (0.9848ms)
✔ the source-checker CLI rejects a prohibited color literal in a module (199.7999ms)
✔ the source-checker CLI accepts a token-based module and leaves app-level colors outside the rule (158.5851ms)
ℹ tests 3
ℹ suites 0
ℹ pass 3
ℹ fail 0
ℹ cancelled 0
ℹ skipped 0
ℹ todo 0
ℹ duration_ms 416.4349

> botsales-frontend@0.1.0 boundaries
> node scripts/check-boundaries.mjs

{
  "checkedAt": "2026-10-08T14:44:44.284Z",
  "scope": "AST imports resolve aliases/relative paths, module boundaries and cycles; parser diagnostics are errors",
  "files": 71,
  "imports": 534,
  "negativeFixtures": "Boundary fixtures: PASS 10/10 scenarios (allowed shared/public imports, alias, relative, app deep import, type-only, dynamic, unresolved, cycle, parser error).",
  "status": "PASS",
  "issues": []
}

> botsales-frontend@0.1.0 lint
> eslint apps/web/src --max-warnings 0


> botsales-frontend@0.1.0 typecheck
> tsc -p apps/web/tsconfig.json --noEmit


> botsales-frontend@0.1.0 test:domain
> node scripts/test-domain.mjs

{"status":"PASS","simulatorChecks":75,"networkChecks":13,"networkHandlers":210,"passed":88,"operations":89,"node":"v24.19.0","typescript":"5.9.2"}

> botsales-frontend@0.1.0 test
> vitest run --config apps/web/vitest.config.ts


 RUN  v5.0.3 C:/Users/Joker-PC/Documents/Projects/Bot-AI-Ban-hang-FB/BotSalesAI_Frontend

[BABEL] Note: The code generator has deoptimised the styling of C:\Users\Joker-PC\AppData\Local\Temp\botsales-vite-cache\ea27c7577456f6009d55\direct-vite\87500\deps\react-dom_client.js?v=04546c45 as it exceeds the max of 500KB.

 Test Files  15 passed (15)
      Tests  175 passed (175)
   Start at  21:45:00
   Duration  7.46s (tests 42%, environment 28%, import 19%, transform 6%, setup 5%)


> botsales-frontend@0.1.0 build
> npm run generate:check && npm run typecheck && npm run build --workspace @botsales/web


> botsales-frontend@0.1.0 generate:check
> node scripts/generate.mjs --check

{"status":"PASS","outputs":11,"schemas":283,"operations":210,"routes":54}

> botsales-frontend@0.1.0 typecheck
> tsc -p apps/web/tsconfig.json --noEmit


> @botsales/web@0.1.0 build
> vite build --mode production

vite v7.3.6 building client environment for production...
transforming...
✓ 2061 modules transformed.
rendering chunks...
computing gzip size...
dist/index.html                              1.19 kB │ gzip:   0.60 kB
dist/assets/index-BQPx7lJM.css               3.56 kB │ gzip:   1.33 kB
dist/assets/download-8lJFmiSZ.js             0.23 kB │ gzip:   0.17 kB
dist/assets/filters-CVitQAxr.js              0.32 kB │ gzip:   0.25 kB
dist/assets/hooks-CwC8uwcv.js                4.58 kB │ gzip:   2.15 kB
dist/assets/draft-conflict-C5itp9Kk.js       5.35 kB │ gzip:   2.48 kB
dist/assets/index-DjA2Aw-w.js                7.92 kB │ gzip:   3.16 kB
dist/assets/index-SqadtB0N.js                8.31 kB │ gzip:   3.53 kB
dist/assets/index-De9CQCeZ.js                9.81 kB │ gzip:   3.68 kB
dist/assets/index-D6fePOtf.js               13.80 kB │ gzip:   5.63 kB
dist/assets/index-v1M_Uy5r.js               14.52 kB │ gzip:   5.35 kB
dist/assets/index-nUScZdf7.js               14.58 kB │ gzip:   4.92 kB
dist/assets/index-CGUiD-8t.js               15.21 kB │ gzip:   5.85 kB
dist/assets/index-CibZ1BPf.js               16.16 kB │ gzip:   5.51 kB
dist/assets/index-BKtjqF65.js               16.40 kB │ gzip:   5.42 kB
dist/assets/index-6VB04RKu.js               17.81 kB │ gzip:   6.26 kB
dist/assets/index-B9dDGWMh.js               18.33 kB │ gzip:   6.16 kB
dist/assets/index-DdHVJlRX.js               23.80 kB │ gzip:   8.11 kB
dist/assets/index-C9ZUZMyr.js               24.13 kB │ gzip:   8.60 kB
dist/assets/index-BGcFrXiD.js               29.24 kB │ gzip:   9.51 kB
dist/assets/index-Ba68GzRa.js               31.62 kB │ gzip:   9.82 kB
dist/assets/query-5vm9EU1C.js               33.15 kB │ gzip:   9.92 kB
dist/assets/index-DnAFEevS.js               37.94 kB │ gzip:  10.46 kB
dist/assets/i18n-xB0mQYCC.js                46.14 kB │ gzip:  15.12 kB
dist/assets/schemas-Ct4RWo9M.js             80.75 kB │ gzip:  24.39 kB
dist/assets/index-DWNlUT0X.js               89.08 kB │ gzip:  28.26 kB
dist/assets/schema-validation-Bhr7oAQE.js  149.80 kB │ gzip:  45.12 kB
dist/assets/react-runtime-D0NtfbPC.js      279.78 kB │ gzip:  90.28 kB
dist/assets/contract-data-BIzYYkc1.js      303.99 kB │ gzip:  36.17 kB
dist/assets/charts-CQ4oecFO.js             313.03 kB │ gzip:  94.99 kB
dist/assets/mui-Bz_aCSm2.js                328.33 kB │ gzip: 100.02 kB
✓ built in 3.58s

> botsales-frontend@0.1.0 test:layout
> node --test tests/layout-checker.test.mjs tests/ui-layout-binding-gates.test.mjs && node scripts/check-layout.mjs

✔ accepts semantic bridge roles, the closed token-derived factor map, geometry, and reset values (1010.9648ms)
✔ rejects a CSS spacing role without a declared shared owner (1060.028ms)
✔ rejects scale-conforming and off-scale literals in sx, responsive leaves, named and namespace MUI System props (985.3721ms)
✔ follows local aliases and style callbacks; rejects theme spacing helpers and preset overrides (1057.0426ms)
✔ scans nested slotProps but does not confuse event handlers or geometric dimensions with spacing (1033.829ms)
✔ keeps Panel geometry inspectable and rejects spacing hidden in its geometry prop (3423.4869ms)
✔ accepts only an exact CSS exception and reports stale or mismatched exception scope (3057.5993ms)
✔ rejects malformed TypeScript, malformed CSS, bad exception schema, and raw values in the bridge (4073.2527ms)
✔ rejects canonical pixel tokens used as MUI factors and an altered bridge factor table (2447.9794ms)
✔ report mode inventories migration debt without turning findings into PASS (1083.0693ms)
✔ canonical writes through casts and aliases fail outside style expressions (1044.4319ms)
✔ Object.assign cannot mutate canonical data but can copy to a fresh object (2722.8041ms)
✔ layout gate rejects raw spacing on const alias of MUI component (1126.2056ms)
✔ canonical mutation gate follows global mutator aliases and reflection (1384.7792ms)
✔ local mutator names do not acquire global mutation identity (1102.5345ms)
✔ destructured mutators and call/apply retain canonical mutation checks (1254.9289ms)
✔ global mutator call/apply can copy canonical values into fresh objects (1050.5167ms)
✔ mutable aliases with possible canonical destinations fail closed (1137.3889ms)
✔ opaque apply arguments fail closed while unrelated mutable data stays valid (2077.1365ms)
✔ canonical references inside containers and destructured aliases cannot be mutated (1076.8654ms)
✔ independent shallow copies of scalar canonical fields remain mutable (1046.9336ms)
✔ array references and nested destructuring preserve canonical write provenance (2103.6662ms)
✔ array destinations distinguish independent elements from canonical references (1119.842ms)
✔ array destructuring, dynamic indices and spread cannot hide canonical references (1131.0346ms)
✔ dynamic indices and destructuring of independent arrays stay mutable (1041.5048ms)
✔ function parameters cannot hide canonical mutation across source files (1097.0081ms)
✔ read-only helpers and mutations of unrelated arguments remain valid (1053.3292ms)
✔ returned canonical references remain protected across helper boundaries (1077.0778ms)
✔ helper returns of fresh scalar copies do not retain canonical destination identity (1065.8614ms)
✔ destructured object parameters cannot mutate canonical arguments (1071.2552ms)
✔ destructured object parameters retain independent argument mutability (1035.9386ms)
✔ default parameter and binding initializers cannot hide canonical mutations (1251.1446ms)
✔ fresh default parameter and binding copies remain mutable (1071.5476ms)
✔ rest parameters retain canonical argument write provenance (1064.6512ms)
✔ rest parameters distinguish independent positions from canonical siblings (1031.3827ms)
✔ finite spread arguments preserve shifted positional and rest destinations (1056.8211ms)
✔ finite spread expansion keeps independent argument positions mutable (986.4684ms)
✔ opaque spreads keep positional mutation destinations unknown (1063.1197ms)
✔ opaque spreads into read-only helpers do not invent mutation findings (1051.171ms)
✔ array parameter patterns retain canonical positions including nested object arrays (1035.9694ms)
✔ array parameter patterns retain independent bound element mutability (1027.782ms)
✔ layout gate rejects parameter shadow of canonical layout name (1040.1551ms)
✔ layout gate follows genuine renamed styled factory (1279.904ms)
✔ layout gate accepts canonical namespace, element access and barrel alias (1051.9577ms)
✔ layout gate does not mistake local component named Stack for MUI (1084.2954ms)
✔ layout gate inspects renamed installed Emotion css tag (1414.5887ms)
✔ layout gate preserves genuine aliased Controller field forwarding (1076.1936ms)
✔ a same-named local Controller cannot exempt an unknown prop spread (1062.4495ms)
✔ genuine useForm registration survives property and destructured aliases (1090.2466ms)
✔ a function named register cannot exempt injected style props (1028.8649ms)
✔ a bridge callback parameter cannot impersonate its private factor binding (1062.4512ms)
✔ opaque namespace component selection remains a strict binding failure (1088.9571ms)
✔ opaque namespace factory cannot hide style arguments (1394.5841ms)
✔ MUI re-export cannot hide raw spacing behind a first-party barrel (1044.094ms)
✔ destructuring assignments cannot hide canonical write targets (1014.1022ms)
✔ destructuring assignments can update independent copied destinations (1029.3908ms)
✔ object rest retains nested canonical references while copying the outer object (1012.1502ms)
✔ rest scalar copies and replacement of container references stay mutable (996.2788ms)
✔ shallow object spread preserves canonical child references and last-writer order (1031.6227ms)
✔ shallow spread with a later independent override stays mutable (1128.0976ms)
✔ exported mutable aliases retain assignments from their declaring file (1141.9371ms)
✔ exported independent mutable data does not acquire canonical provenance (1072.0245ms)
✔ literal computed keys retain canonical container and parameter provenance (1067.3433ms)
✔ literal computed keys do not taint independent selected properties (1031.4413ms)
✔ Object.assign shallow copies retain canonical nested reference provenance (1077.3166ms)
✔ Object.assign later independent overrides and scalar copies stay mutable (1107.9615ms)
✔ union and dynamic property selections retain possible canonical destinations (1359.0558ms)
✔ finite union property selections exclude canonical siblings not in the key set (1200.5403ms)
✔ union selection over Object.assign output retains canonical child provenance (1203.1679ms)
✔ union selection over independent Object.assign output remains mutable (1097.8217ms)
✔ Reflect.set call/apply checks the target argument rather than the assigned value (3325.4331ms)
✔ aliased React createElement checks MUI and native style objects (1160.2052ms)
✔ GlobalStyles.styles is checked and local createElement names stay local (2156.7084ms)
✔ React JSX runtime factories cannot bypass MUI or native style checks (1087.6212ms)
✔ React cloneElement checks the cloned MUI element and preserves native props (4432.4559ms)
✔ Emotion css props and object factories are inspected with native CSS semantics (3193.8835ms)
✔ Inline style elements in JSX, React factories, DOM and the HTML entry fail closed (8536.8446ms)
✔ DOM CSSOM spacing writes use semantic roles and reject opaque style strings (2084.8457ms)
✔ HTML parsing and runtime stylesheet mutation cannot bypass the imported CSS boundary (2027.5708ms)
✔ spacing shorthand values and responsive breakpoints preserve token and unit provenance (10303.2484ms)
✔ function return producers cannot hide canonical children behind spreads (1038.3138ms)
✔ producer spreads keep later independent child overrides writable (1066.8536ms)
ℹ tests 82
ℹ suites 0
ℹ pass 82
ℹ fail 0
ℹ cancelled 0
ℹ skipped 0
ℹ todo 0
ℹ duration_ms 110260.1425
layout-check PASS: 79 source files, 0 finding(s), 1 exception(s) used

> botsales-frontend@0.1.0 test:visual-tokens
> node --test tests/visual-token-checker.test.mjs && node scripts/check-visual-tokens.mjs

✔ visual checker accepts canonical theme roles, token references, geometry and semantic responsive props (790.3186ms)
✔ visual checker rejects raw literals across sx, JSX system props and CSS declarations (335.5338ms)
✔ visual checker follows local style aliases and callback themes, but fails raw nested values (317.3265ms)
✔ visual checker reports unresolved spreads and malformed style sources as UNKNOWN or parse errors (314.608ms)
✔ visual checker includes newly added TSX files under the source root (323.3562ms)
ℹ tests 5
ℹ suites 0
ℹ pass 5
ℹ fail 0
ℹ cancelled 0
ℹ skipped 0
ℹ todo 0
ℹ duration_ms 2544.5067
visual-token-check PASS: 78 source files, 0 finding(s)

> botsales-frontend@0.1.0 test:ui-composition
> node --test tests/ui-composition-checker.test.mjs tests/ui-composition-ancestry.test.mjs tests/ui-shared-api-contract.test.mjs && node scripts/check-ui-composition.mjs

✔ P10/P15 catch alias and neutral-wrapper duplicate insets through fragments and conditionals (525.3385ms)
✔ P20 resolves shared composition identities through a barrel and const component aliases (340.0477ms)
✔ P11/P13 catch static element access roles on every MUI surface, including Paper (329.1081ms)
✔ P12 checks React createElement and JSX-runtime element factories (326.6316ms)
✔ P14 resolves bodyMode literal aliases and fails closed when ownership is unknown (894.4535ms)
✔ checks Panel ancestry when React elements are created natively (586.0986ms)
✔ keeps independent nested surfaces and portaled dialogs as separate owners (1086.9529ms)
✔ accepts finite bodyMode branches and every mode in the public component contracts (1151.1643ms)
✔ stops inherited gap ownership at Panels and independent bordered surfaces (1044.8458ms)
✔ tracks gaps through fragments, conditions and ready QueryState, but not inside DOM wrappers (432.4461ms)
✔ applies the same finite modes and wrapper boundaries to native React factories (779.4036ms)
✔ recognizes native outlined Paper and nested Box surface inset boundaries (838.9687ms)
✔ fails closed when an unresolved custom wrapper obscures a semantic gap owner (393.3417ms)
✔ rejects unsupported placement and rhythm values while accepting finite aliases and branches (896.6989ms)
✔ rejects unsupported finite values through React element factories (785.5742ms)
✔ accepts semantic composition, closed geometry and business-specific MUI primitives (6.7191ms)
✔ rejects rebuilding each shared spacing owner at a consumer (2.9611ms)
✔ follows aliases, local style variables, object spreads and namespace imports (1.2053ms)
✔ rejects direct and spread spacing overrides on semantic components (0.7902ms)
✔ rejects spacing or opaque spreads hidden in geometry (0.3819ms)
✔ allows the canonical owner implementation and fails closed on malformed source (1.3087ms)
✔ rejects duplicated parent boundary and duplicated Panel inset (0.7234ms)
✔ checks default MUI imports and fails closed for opaque geometry (0.4542ms)
✔ distinguishes content grids from flex flows when reporting the shared owner (0.4248ms)
✔ rejects page spacing for paired fields and peer Panels without a section gap owner (1.9843ms)
✔ related sibling gaps belong to ActionGroup comfortable density, not consumer Stack styles (0.5852ms)
✔ Amount consumers declare wrapping outside DataTable columns and keep table money unbroken (24.8725ms)
✔ the shared catalog covers every public React component and supporting Column type (33.513ms)
✔ every public React API has a direct rendered contract test (1.3836ms)
✔ catalog declaration lines and stated JSX counts match resolved source symbols (21.6188ms)
✔ every shared React export has a resolved production consumer or an explicit zero-use lifecycle decision (25.6622ms)
✔ required UI evidence and regression gates remain wired to root verify and the active parent workflow (0.4479ms)
✔ composition prop allowlists match the TypeScript owners exactly (0.2573ms)
✔ QueryState uses only the approved inline and section pending profiles (0.3455ms)
✔ QueryState consumers reserve section loading for primary content and keep every other state inline by default (20.8688ms)
✔ body modes, placement roles and geometry keys match the TypeScript contracts (1.2789ms)
✔ Panel geometry and DataTable columns remain closed public contracts (4.7642ms)
✔ shared component and composition props expose no arbitrary layout/style escape hatch (0.227ms)
✔ layout role types, runtime values, consumers and ownership documentation stay closed (3263.7761ms)
ℹ tests 39
ℹ suites 0
ℹ pass 39
ℹ fail 0
ℹ cancelled 0
ℹ skipped 0
ℹ todo 0
ℹ duration_ms 10935.3785
ui-composition PASS: 77 source files, 0 finding(s)


> botsales-frontend@0.1.0 test:evidence
> node --test tests/ui-evidence-validator.test.mjs && node scripts/validate-ui-evidence.mjs evidence/frontend-ui-improvements/ui-governance-rollout-20261007/S17-current-evidence.json

✔ accepts current fingerprints, honest open coverage, and explained N/A (6.5503ms)
✔ rejects a stale source fingerprint (4.1066ms)
✔ rejects a stale command log (4.1015ms)
✔ rejects missing, absolute, and escaping source paths (3.1836ms)
✔ rejects unrun, missing, duplicate, and nonzero command results marked PASS (4.0079ms)
✔ rejects PASS when expected and observed results differ (3.5349ms)
✔ rejects inconsistent coverage and N/A without a reason (3.9479ms)
✔ rejects a baseline falsely dated after implementation started and detects changed baseline artifacts (7.8627ms)
✔ COMPLETE cannot contain open coverage or failed commands (4.8723ms)
✔ S19 must explicitly reconcile files, APIs, routes, rendered routes, slots, and states (6.427ms)
✔ rejects malformed top-level evidence instead of treating missing fields as success (2.7263ms)
ℹ tests 11
ℹ suites 0
ℹ pass 11
ℹ fail 0
ℹ cancelled 0
ℹ skipped 0
ℹ todo 0
ℹ duration_ms 118.1437
ui-evidence PASS: S17; 3 command/log record(s), 3 coverage row(s), 245 current fingerprint(s); status=COMPLETE
