{
  "task": "UI028.W22",
  "phase": "before-spacing-source-edit",
  "observations": 16,
  "apiWrites": 0,
  "pageErrors": 0,
  "layoutReport": {
    "file": "layout-before-spacing-current-20261006.json",
    "status": "FAIL",
    "files": 67,
    "totalFindings": 139,
    "workspaceOwnerFindings": 37
  },
  "sourceHashes": {
    "workspace": "a59f54d27b4973fd8e015b129e1756748ba325cf85e99a35c636623f773cd43d",
    "layout": "02365c3c7fcb50c60707d3a4cb205537a7ed4dbd8a9975bf8a4fb80e00de9b06",
    "components": "66be880a201fe2a490a21b8332fbe6be934d12a2339d48632e519ff624834301",
    "routeManifest": "360871c008fac723cfc77dec79417838d24d4fae844452909eb347ec8893f2b2",
    "openapi": "d88a70957a9de36402ff5ac0cb757a2f1c496519c7e1fd2e28df17e867f78c7c",
    "uxContract": "da010abf3cf9ba37fd3ad9f7ee3ee201adf985d8a84c3fef2ff7469b5d2e72f2",
    "tokens": "b4083eb2032d9ebac7f1f793f3aae1cda6a30e075b0dd9e19f241567651d1895",
    "spacingStandard": "e720077770d309ad9f6c6e50118a42fb4bfe9067d0c3e87da59e306d47b22618"
  }
}
