
Running 18 tests using 1 worker

(node:4888) Warning: The 'NO_COLOR' env is ignored due to the 'FORCE_COLOR' env being set.
(Use `node --trace-warnings ...` to show where the warning was created)
  ok  1 [chromium] › tests\fe009.spec.ts:35:1 › workspace onboarding creates a shop with an active membership and returns to its scoped route (2.9s)
  ok  2 [chromium] › tests\fe009.spec.ts:57:1 › customer create validates fields, submits through mock HTTP, and preserves edits after a stale version (4.3s)
  ok  3 [chromium] › tests\fe009.spec.ts:115:1 › customer detail keeps redacted contact fields read-only and does not overwrite them on save (1.4s)
  ok  4 [chromium] › tests\fe009.spec.ts:132:1 › FE009.G01 shop setup checklist guides to supported pages and leaves missing contract fields unverified (1.2s)
  ok  5 [chromium] › tests\fe009.spec.ts:145:1 › FE009.G05 marketing consent preview is interactive but never claims server opt-out (1.4s)
  ok  6 [chromium] › tests\fe009.spec.ts:160:1 › FE009.H06 audit screen distinguishes available fields from missing contract detail (1.3s)
  ok  7 [chromium] › tests\fe009.spec.ts:169:1 › FE009.B06 after-sale cases only link orders loaded for the selected customer and customer profile shows their shipment (5.6s)
  ok  8 [chromium] › tests\fe009.spec.ts:201:1 › team invitation and membership revoke stay shop-scoped and protect the active owner (2.5s)
  ok  9 [chromium] › tests\fe009.spec.ts:237:1 › privacy delete requests remain pending approval with no frontend step-up shortcut (2.8s)
(node:48080) Warning: The 'NO_COLOR' env is ignored due to the 'FORCE_COLOR' env being set.
(Use `node --trace-warnings ...` to show where the warning was created)
  ok 10 [firefox] › tests\fe009.spec.ts:35:1 › workspace onboarding creates a shop with an active membership and returns to its scoped route (2.9s)
  ok 11 [firefox] › tests\fe009.spec.ts:57:1 › customer create validates fields, submits through mock HTTP, and preserves edits after a stale version (4.7s)
  ok 12 [firefox] › tests\fe009.spec.ts:115:1 › customer detail keeps redacted contact fields read-only and does not overwrite them on save (1.6s)
  ok 13 [firefox] › tests\fe009.spec.ts:132:1 › FE009.G01 shop setup checklist guides to supported pages and leaves missing contract fields unverified (1.4s)
  ok 14 [firefox] › tests\fe009.spec.ts:145:1 › FE009.G05 marketing consent preview is interactive but never claims server opt-out (1.8s)
  ok 15 [firefox] › tests\fe009.spec.ts:160:1 › FE009.H06 audit screen distinguishes available fields from missing contract detail (1.4s)
  ok 16 [firefox] › tests\fe009.spec.ts:169:1 › FE009.B06 after-sale cases only link orders loaded for the selected customer and customer profile shows their shipment (6.1s)
  ok 17 [firefox] › tests\fe009.spec.ts:201:1 › team invitation and membership revoke stay shop-scoped and protect the active owner (3.0s)
  ok 18 [firefox] › tests\fe009.spec.ts:237:1 › privacy delete requests remain pending approval with no frontend step-up shortcut (3.3s)

  18 passed (1.0m)
