
[WebServer] (node:25352) Warning: The 'NO_COLOR' env is ignored due to the 'FORCE_COLOR' env being set.
[WebServer] (Use `node --trace-warnings ...` to show where the warning was created)

Running 1 test using 1 worker


(node:25632) Warning: The 'NO_COLOR' env is ignored due to the 'FORCE_COLOR' env being set.
(Use `node --trace-warnings ...` to show where the warning was created)

  pw:test test started "UI012 keyboard-only finance edit handles select, discard warning and focus return" +0ms

[1/1] [chromium] › tests\ui012-keyboard.spec.ts:42:1 › UI012 keyboard-only finance edit handles select, discard warning and focus return
[chromium] › tests\ui012-keyboard.spec.ts:42:1 › UI012 keyboard-only finance edit handles select, discard warning and focus return

  pw:test started test +1ms
  pw:test finished test +0ms

  pw:test started setup "playwright" at "tests\ui012-keyboard.spec.ts:7:6" +13ms

  pw:test finished setup "playwright" +0ms

  pw:test started setup "headless" at "tests\ui012-keyboard.spec.ts:7:6" +0ms

  pw:test finished setup "headless" +0ms

  pw:test started setup "channel" at "tests\ui012-keyboard.spec.ts:7:6" +1ms

  pw:test finished setup "channel" +0ms

  pw:test started setup "_browserOptions" at "tests\ui012-keyboard.spec.ts:7:6" +0ms

  pw:test finished setup "_browserOptions" +0ms


  pw:test started setup "acceptDownloads" at "tests\ui012-keyboard.spec.ts:7:6" +0ms
  pw:test finished setup "acceptDownloads" +0ms

  pw:test started setup "bypassCSP" at "tests\ui012-keyboard.spec.ts:7:6" +0ms

  pw:test finished setup "bypassCSP" +0ms


  pw:test started setup "clientCertificates" at "tests\ui012-keyboard.spec.ts:7:6" +0ms
  pw:test finished setup "clientCertificates" +1ms

  pw:test started setup "colorScheme" at "tests\ui012-keyboard.spec.ts:7:6" +0ms

  pw:test finished setup "colorScheme" +0ms

  pw:test started setup "contrast" at "tests\ui012-keyboard.spec.ts:7:6" +0ms

  pw:test finished setup "contrast" +0ms

  pw:test started setup "extraHTTPHeaders" at "tests\ui012-keyboard.spec.ts:7:6" +0ms

  pw:test finished setup "extraHTTPHeaders" +0ms


  pw:test started setup "forcedColors" at "tests\ui012-keyboard.spec.ts:7:6" +0ms
  pw:test finished setup "forcedColors" +0ms

  pw:test started setup "geolocation" at "tests\ui012-keyboard.spec.ts:7:6" +0ms

  pw:test finished setup "geolocation" +0ms

  pw:test started setup "httpCredentials" at "tests\ui012-keyboard.spec.ts:7:6" +0ms

  pw:test finished setup "httpCredentials" +0ms

  pw:test started setup "ignoreHTTPSErrors" at "tests\ui012-keyboard.spec.ts:7:6" +1ms

  pw:test finished setup "ignoreHTTPSErrors" +0ms

  pw:test started setup "javaScriptEnabled" at "tests\ui012-keyboard.spec.ts:7:6" +0ms

  pw:test finished setup "javaScriptEnabled" +0ms

  pw:test started setup "locale" at "tests\ui012-keyboard.spec.ts:7:6" +0ms

  pw:test finished setup "locale" +0ms


  pw:test started setup "offline" at "tests\ui012-keyboard.spec.ts:7:6" +0ms
  pw:test finished setup "offline" +0ms

  pw:test started setup "permissions" at "tests\ui012-keyboard.spec.ts:7:6" +0ms

  pw:test finished setup "permissions" +0ms

  pw:test started setup "proxy" at "tests\ui012-keyboard.spec.ts:7:6" +0ms

  pw:test finished setup "proxy" +0ms

  pw:test started setup "reducedMotion" at "tests\ui012-keyboard.spec.ts:7:6" +0ms


  pw:test finished setup "reducedMotion" +0ms
  pw:test started setup "storageState" at "tests\ui012-keyboard.spec.ts:7:6" +0ms

  pw:test finished setup "storageState" +0ms

  pw:test started setup "timezoneId" at "tests\ui012-keyboard.spec.ts:7:6" +0ms

  pw:test finished setup "timezoneId" +0ms

  pw:test started setup "serviceWorkers" at "tests\ui012-keyboard.spec.ts:7:6" +1ms

  pw:test finished setup "serviceWorkers" +0ms

  pw:test started setup "_combinedContextOptions" at "tests\ui012-keyboard.spec.ts:7:6" +0ms

  pw:test finished setup "_combinedContextOptions" +0ms


  pw:test started setup "trace recording" at "tests\ui012-keyboard.spec.ts:7:6" +0ms

  pw:test finished setup "trace recording" +0ms
  pw:test started setup "context configuration" at "tests\ui012-keyboard.spec.ts:7:6" +0ms

  pw:test finished setup "context configuration" +1ms

  pw:test started beforeAll at "tests\ui012-keyboard.spec.ts:7:6" +0ms


  pw:test finished beforeAll +459ms
  pw:test started teardown "context configuration" at "tests\ui012-keyboard.spec.ts:7:6" +1ms


  pw:test finished teardown "context configuration" +0ms
  pw:test started teardown "testIdAttribute" at "tests\ui012-keyboard.spec.ts:7:6" +0ms


  pw:test finished teardown "testIdAttribute" +0ms
  pw:test started teardown "navigationTimeout" at "tests\ui012-keyboard.spec.ts:7:6" +0ms

  pw:test finished teardown "navigationTimeout" +0ms

  pw:test started teardown "actionTimeout" at "tests\ui012-keyboard.spec.ts:7:6" +0ms


  pw:test finished teardown "actionTimeout" +0ms
  pw:test started teardown "trace recording" at "tests\ui012-keyboard.spec.ts:7:6" +0ms

  pw:test finished teardown "trace recording" +1ms

  pw:test started teardown "_combinedContextOptions" at "tests\ui012-keyboard.spec.ts:7:6" +0ms

  pw:test finished teardown "_combinedContextOptions" +0ms

  pw:test started teardown "serviceWorkers" at "tests\ui012-keyboard.spec.ts:7:6" +0ms

  pw:test finished teardown "serviceWorkers" +0ms

  pw:test started teardown "baseURL" at "tests\ui012-keyboard.spec.ts:7:6" +0ms
  pw:test finished teardown "baseURL" +0ms


  pw:test started teardown "userAgent" at "tests\ui012-keyboard.spec.ts:7:6" +0ms

  pw:test finished teardown "userAgent" +0ms

  pw:test started teardown "timezoneId" at "tests\ui012-keyboard.spec.ts:7:6" +1ms

  pw:test finished teardown "timezoneId" +0ms

  pw:test started teardown "viewport" at "tests\ui012-keyboard.spec.ts:7:6" +0ms

  pw:test finished teardown "viewport" +0ms

  pw:test started teardown "storageState" at "tests\ui012-keyboard.spec.ts:7:6" +0ms

  pw:test finished teardown "storageState" +0ms

  pw:test started teardown "reducedMotion" at "tests\ui012-keyboard.spec.ts:7:6" +0ms


  pw:test finished teardown "reducedMotion" +0ms

  pw:test started teardown "proxy" at "tests\ui012-keyboard.spec.ts:7:6" +0ms
  pw:test finished teardown "proxy" +0ms


  pw:test started teardown "permissions" at "tests\ui012-keyboard.spec.ts:7:6" +0ms
  pw:test finished teardown "permissions" +0ms

  pw:test started teardown "offline" at "tests\ui012-keyboard.spec.ts:7:6" +0ms

  pw:test finished teardown "offline" +0ms

  pw:test started teardown "locale" at "tests\ui012-keyboard.spec.ts:7:6" +0ms

  pw:test finished teardown "locale" +0ms

  pw:test started teardown "javaScriptEnabled" at "tests\ui012-keyboard.spec.ts:7:6" +0ms

  pw:test finished teardown "javaScriptEnabled" +1ms

  pw:test started teardown "isMobile" at "tests\ui012-keyboard.spec.ts:7:6" +0ms


  pw:test finished teardown "isMobile" +0ms
  pw:test started teardown "ignoreHTTPSErrors" at "tests\ui012-keyboard.spec.ts:7:6" +0ms

  pw:test finished teardown "ignoreHTTPSErrors" +0ms

  pw:test started teardown "httpCredentials" at "tests\ui012-keyboard.spec.ts:7:6" +0ms

  pw:test finished teardown "httpCredentials" +0ms

  pw:test started teardown "geolocation" at "tests\ui012-keyboard.spec.ts:7:6" +0ms

  pw:test finished teardown "geolocation" +0ms

  pw:test started teardown "hasTouch" at "tests\ui012-keyboard.spec.ts:7:6" +0ms

  pw:test finished teardown "hasTouch" +0ms

  pw:test started teardown "forcedColors" at "tests\ui012-keyboard.spec.ts:7:6" +0ms

  pw:test finished teardown "forcedColors" +0ms

  pw:test started teardown "extraHTTPHeaders" at "tests\ui012-keyboard.spec.ts:7:6" +0ms


  pw:test finished teardown "extraHTTPHeaders" +0ms
  pw:test started teardown "deviceScaleFactor" at "tests\ui012-keyboard.spec.ts:7:6" +0ms

  pw:test finished teardown "deviceScaleFactor" +0ms

  pw:test started teardown "contrast" at "tests\ui012-keyboard.spec.ts:7:6" +0ms

  pw:test finished teardown "contrast" +0ms

  pw:test started teardown "colorScheme" at "tests\ui012-keyboard.spec.ts:7:6" +0ms


  pw:test finished teardown "colorScheme" +1ms
  pw:test started teardown "clientCertificates" at "tests\ui012-keyboard.spec.ts:7:6" +0ms

  pw:test finished teardown "clientCertificates" +0ms

  pw:test started teardown "bypassCSP" at "tests\ui012-keyboard.spec.ts:7:6" +0ms

  pw:test finished teardown "bypassCSP" +0ms

  pw:test started teardown "acceptDownloads" at "tests\ui012-keyboard.spec.ts:7:6" +0ms

  pw:test finished teardown "acceptDownloads" +0ms

  pw:test started teardown "contextOptions" at "tests\ui012-keyboard.spec.ts:7:6" +0ms

  pw:test finished teardown "contextOptions" +0ms

  pw:test started setup "acceptDownloads" +0ms

  pw:test finished setup "acceptDownloads" +0ms


  pw:test started setup "bypassCSP" +1ms
  pw:test finished setup "bypassCSP" +0ms

  pw:test started setup "clientCertificates" +0ms

  pw:test finished setup "clientCertificates" +0ms

  pw:test started setup "colorScheme" +0ms

  pw:test finished setup "colorScheme" +0ms

  pw:test started setup "contrast" +0ms

  pw:test finished setup "contrast" +0ms

  pw:test started setup "extraHTTPHeaders" +0ms


  pw:test finished setup "extraHTTPHeaders" +0ms

  pw:test started setup "forcedColors" +0ms
  pw:test finished setup "forcedColors" +0ms

  pw:test started setup "geolocation" +0ms

  pw:test finished setup "geolocation" +0ms

  pw:test started setup "httpCredentials" +0ms


  pw:test finished setup "httpCredentials" +0ms

  pw:test started setup "ignoreHTTPSErrors" +0ms
  pw:test finished setup "ignoreHTTPSErrors" +0ms


  pw:test started setup "javaScriptEnabled" +0ms

  pw:test finished setup "javaScriptEnabled" +0ms
  pw:test started setup "locale" +0ms

  pw:test finished setup "locale" +0ms

  pw:test started setup "offline" +1ms

  pw:test finished setup "offline" +0ms

  pw:test started setup "permissions" +0ms

  pw:test finished setup "permissions" +0ms

  pw:test started setup "proxy" +0ms

  pw:test finished setup "proxy" +0ms


  pw:test started setup "reducedMotion" +0ms
  pw:test finished setup "reducedMotion" +0ms

  pw:test started setup "storageState" +0ms

  pw:test finished setup "storageState" +0ms

  pw:test started setup "timezoneId" +0ms

  pw:test finished setup "timezoneId" +0ms

  pw:test started setup "serviceWorkers" +0ms

  pw:test finished setup "serviceWorkers" +0ms


  pw:test started setup "_combinedContextOptions" +0ms
  pw:test finished setup "_combinedContextOptions" +0ms

  pw:test started setup "trace recording" +0ms

  pw:test finished setup "trace recording" +0ms

  pw:test started setup "context configuration" +0ms

  pw:test finished setup "context configuration" +0ms

  pw:test started setup "browserName" +1ms


  pw:test finished setup "browserName" +0ms
  pw:test started setup "connectOptions" +0ms

  pw:test finished setup "connectOptions" +0ms


  pw:test started setup "browser" +0ms
  pw:api => browserType.launch started +0ms


  pw:api <= browserType.launch succeeded +61ms

  pw:test finished setup "browser" +62ms
  pw:test started setup "context" +0ms

  pw:test finished setup "context" +0ms

  pw:test started setup "context" +0ms

  pw:test finished setup "context" +0ms

  pw:test started setup "context" +1ms

  pw:api => browser.newContext started +1ms


  pw:api <= browser.newContext succeeded +4ms

  pw:test finished setup "context" +7ms
  pw:test started setup "page" +1ms

  pw:api => browserContext.newPage started +4ms


[WebServer] [BABEL] Note: The code generator has deoptimised the styling of C:\Users\Joker-PC\AppData\Local\Temp\botsales-vite-cache\ea27c7577456f6009d55\playwright-webserver\playwright-3744-1af4c314-0f00-4bed-9081-59114f403e0b\deps\react-dom_client.js?v=04d4a50c as it exceeds the max of 500KB.

  pw:api <= browserContext.newPage succeeded +52ms

  pw:test finished setup "page" +52ms
  pw:test started test +0ms

  pw:api => page.goto started +1ms


  pw:api navigating to "http://127.0.0.1:64011/s/shop-demo/finance/entries", waiting until "load" +3ms

  pw:api   "commit" event fired +77ms

  pw:api   navigated to "http://127.0.0.1:64011/s/shop-demo/finance/entries" +0ms

  pw:api   navigated to "http://127.0.0.1:64011/s/shop-demo/finance/entries" +820ms
  pw:api   "domcontentloaded" event fired +0ms


  pw:api   "load" event fired +38ms
  pw:api <= page.goto succeeded +3ms


  pw:api => Expect "not toBeEmpty" started +4ms

  pw:api Expect "not toBeEmpty" locator('#root') with timeout 5000ms +6ms
  pw:api waiting for locator('#root') +1ms


  pw:api   locator resolved to <div id="root"></div> +18ms
  pw:api   unexpected value "empty" +0ms

  pw:api   locator resolved to <div id="root">…</div> +31ms

  pw:api   unexpected value "empty" +0ms


  pw:api   locator resolved to <div id="root">…</div> +126ms

  pw:api <= Expect "not toBeEmpty" succeeded +13ms
  pw:api => Expect "toBeVisible" started +1ms

  pw:api Expect "toBeVisible" getByRole('heading', { name: 'Sổ thu chi', exact: true }) with timeout 5000ms +2ms
  pw:api waiting for getByRole('heading', { name: 'Sổ thu chi', exact: true }) +0ms


  pw:api   locator resolved to <h1 class="MuiTypography-root MuiTypography-h4 css-1grp7w5-MuiTypography-root">Sổ thu chi</h1> +328ms

  pw:api <= Expect "toBeVisible" succeeded +3ms

  pw:api => Expect "toBeVisible" started +1ms

  pw:api Expect "toBeVisible" locator('main#main-content') with timeout 5000ms +1ms


  pw:api waiting for locator('main#main-content') +0ms

  pw:api <= Expect "toBeVisible" succeeded +2ms
  pw:api => keyboard.press started +1ms


  pw:api <= keyboard.press succeeded +4ms

  pw:api => Expect "toBeFocused" started +1ms

  pw:api Expect "toBeFocused" getByRole('link', { name: 'Đến nội dung chính', exact: true }) with timeout 5000ms +1ms

  pw:api waiting for getByRole('link', { name: 'Đến nội dung chính', exact: true }) +0ms
  pw:api <= Expect "toBeFocused" succeeded +4ms

  pw:api => keyboard.press started +0ms


  pw:api   navigated to "http://127.0.0.1:64011/s/shop-demo/finance/entries#main-content" +2ms
  pw:api <= keyboard.press succeeded +51ms

  pw:api => Expect "toHaveURL" started +1ms


  pw:api Expect "toHaveURL" with timeout 5000ms +2ms
  pw:api <= Expect "toHaveURL" succeeded +3ms

  pw:api => Expect "toBeFocused" started +0ms

  pw:api Expect "toBeFocused" locator('main#main-content') with timeout 5000ms +1ms


  pw:api waiting for locator('main#main-content') +0ms
  pw:api <= Expect "toBeFocused" succeeded +2ms

  pw:api => locator.evaluate started +1ms

  pw:api waiting for getByRole('button', { name: 'Tạo phiếu', exact: true }) +1ms

  pw:api   locator resolved to visible <button tabindex="0" type="button" class="MuiButtonBase-root MuiButton-root MuiButton-contained MuiButton-containedPrimary MuiButton-sizeMedium MuiButton-containedSizeMedium MuiButton-colorPrimary MuiButton-disableElevation MuiButton-root MuiButton-contained MuiButton-containedPrimary MuiButton-sizeMedium MuiButton-containedSizeMedium MuiButton-colorPrimary MuiButton-disableElevation css-1kx9og7-MuiButtonBase-root-MuiButton-root">Tạo phiếu</button> +3ms

  pw:api <= locator.evaluate succeeded +10ms

  pw:api => keyboard.press started +0ms

  pw:api <= keyboard.press succeeded +4ms

  pw:api => locator.evaluate started +0ms

  pw:api waiting for getByRole('button', { name: 'Tạo phiếu', exact: true }) +1ms

  pw:api   locator resolved to visible <button tabindex="0" type="button" class="MuiButtonBase-root MuiButton-root MuiButton-contained MuiButton-containedPrimary MuiButton-sizeMedium MuiButton-containedSizeMedium MuiButton-colorPrimary MuiButton-disableElevation Mui-focusVisible MuiButton-root MuiButton-contained MuiButton-containedPrimary MuiButton-sizeMedium MuiButton-containedSizeMedium MuiButton-colorPrimary MuiButton-disableElevation css-1kx9og7-MuiButtonBase-root-MuiButton-root">Tạo phiếu</button> +2ms

  pw:api <= locator.evaluate succeeded +3ms

  pw:api => keyboard.press started +0ms


  pw:api <= keyboard.press succeeded +33ms

  pw:api => Expect "toBeVisible" started +1ms

  pw:api Expect "toBeVisible" getByRole('dialog', { name: 'Phiếu thu chi mới' }) with timeout 5000ms +2ms
  pw:api waiting for getByRole('dialog', { name: 'Phiếu thu chi mới' }) +0ms

  pw:api <= Expect "toBeVisible" succeeded +4ms

  pw:api => locator.evaluate started +0ms

  pw:api waiting for getByRole('dialog', { name: 'Phiếu thu chi mới' }).getByRole('combobox', { name: 'Loại phiếu' }) +3ms


  pw:api   locator resolved to visible <div id="«r19»" tabindex="0" role="combobox" aria-expanded="false" aria-haspopup="listbox" aria-labelledby="«r19»-label «r19»" class="MuiSelect-select MuiSelect-outlined MuiInputBase-input MuiOutlinedInput-input css-1fmfbif-MuiNativeSelect-root-MuiSelect-select-MuiInputBase-input-MuiOutlinedInput-input">Chi tiền</div> +3ms
  pw:api <= locator.evaluate succeeded +6ms

  pw:api => keyboard.press started +0ms

  pw:api <= keyboard.press succeeded +4ms

  pw:api => locator.evaluate started +1ms

  pw:api waiting for getByRole('dialog', { name: 'Phiếu thu chi mới' }).getByRole('combobox', { name: 'Loại phiếu' }) +1ms

  pw:api   locator resolved to visible <div id="«r19»" tabindex="0" role="combobox" aria-expanded="false" aria-haspopup="listbox" aria-labelledby="«r19»-label «r19»" class="MuiSelect-select MuiSelect-outlined MuiInputBase-input MuiOutlinedInput-input css-1fmfbif-MuiNativeSelect-root-MuiSelect-select-MuiInputBase-input-MuiOutlinedInput-input">Chi tiền</div> +2ms

  pw:api <= locator.evaluate succeeded +4ms
  pw:api => keyboard.press started +0ms


  pw:api <= keyboard.press succeeded +6ms

  pw:api => locator.evaluate started +0ms

  pw:api waiting for getByRole('dialog', { name: 'Phiếu thu chi mới' }).getByRole('combobox', { name: 'Loại phiếu' }) +1ms

  pw:api   locator resolved to visible <div id="«r19»" tabindex="0" role="combobox" aria-expanded="false" aria-haspopup="listbox" aria-labelledby="«r19»-label «r19»" class="MuiSelect-select MuiSelect-outlined MuiInputBase-input MuiOutlinedInput-input css-1fmfbif-MuiNativeSelect-root-MuiSelect-select-MuiInputBase-input-MuiOutlinedInput-input">Chi tiền</div> +2ms

  pw:api <= locator.evaluate succeeded +3ms

  pw:api => keyboard.press started +1ms

  pw:api <= keyboard.press succeeded +12ms

  pw:api => Expect "toBeVisible" started +1ms

  pw:api Expect "toBeVisible" getByRole('listbox') with timeout 5000ms +1ms


  pw:api waiting for getByRole('listbox') +0ms

  pw:api <= Expect "toBeVisible" succeeded +4ms

  pw:api => keyboard.press started +1ms
  pw:api <= keyboard.press succeeded +4ms

  pw:api => keyboard.press started +0ms


  pw:api <= keyboard.press succeeded +16ms

  pw:api => Expect "toContainText" started +1ms

  pw:api Expect "toContainText" getByRole('dialog', { name: 'Phiếu thu chi mới' }).getByRole('combobox', { name: 'Loại phiếu' }) with timeout 5000ms +1ms
  pw:api waiting for getByRole('dialog', { name: 'Phiếu thu chi mới' }).getByRole('combobox', { name: 'Loại phiếu' }) +0ms

  pw:api <= Expect "toContainText" succeeded +3ms

  pw:api => Expect "toBeFocused" started +1ms

  pw:api Expect "toBeFocused" getByRole('dialog', { name: 'Phiếu thu chi mới' }).getByRole('combobox', { name: 'Loại phiếu' }) with timeout 5000ms +2ms


  pw:api waiting for getByRole('dialog', { name: 'Phiếu thu chi mới' }).getByRole('combobox', { name: 'Loại phiếu' }) +0ms
  pw:api <= Expect "toBeFocused" succeeded +3ms

  pw:api => locator.evaluate started +1ms

  pw:api waiting for getByRole('dialog', { name: 'Phiếu thu chi mới' }).getByRole('button', { name: 'Hủy', exact: true }) +1ms

  pw:api   locator resolved to visible <button tabindex="0" type="button" class="MuiButtonBase-root MuiButton-root MuiButton-text MuiButton-textPrimary MuiButton-sizeMedium MuiButton-textSizeMedium MuiButton-colorPrimary MuiButton-disableElevation MuiButton-root MuiButton-text MuiButton-textPrimary MuiButton-sizeMedium MuiButton-textSizeMedium MuiButton-colorPrimary MuiButton-disableElevation css-ii5h2i-MuiButtonBase-root-MuiButton-root">Hủy</button> +2ms

  pw:api <= locator.evaluate succeeded +5ms

  pw:api => keyboard.press started +0ms


  pw:api <= keyboard.press succeeded +8ms
  pw:api => locator.evaluate started +1ms

  pw:api waiting for getByRole('dialog', { name: 'Phiếu thu chi mới' }).getByRole('button', { name: 'Hủy', exact: true }) +2ms

  pw:api   locator resolved to visible <button tabindex="0" type="button" class="MuiButtonBase-root MuiButton-root MuiButton-text MuiButton-textPrimary MuiButton-sizeMedium MuiButton-textSizeMedium MuiButton-colorPrimary MuiButton-disableElevation MuiButton-root MuiButton-text MuiButton-textPrimary MuiButton-sizeMedium MuiButton-textSizeMedium MuiButton-colorPrimary MuiButton-disableElevation css-ii5h2i-MuiButtonBase-root-MuiButton-root">Hủy</button> +2ms


  pw:api <= locator.evaluate succeeded +3ms
  pw:api => keyboard.press started +0ms


  pw:api <= keyboard.press succeeded +7ms
  pw:api => locator.evaluate started +0ms

  pw:api waiting for getByRole('dialog', { name: 'Phiếu thu chi mới' }).getByRole('button', { name: 'Hủy', exact: true }) +2ms

  pw:api   locator resolved to visible <button tabindex="0" type="button" class="MuiButtonBase-root MuiButton-root MuiButton-text MuiButton-textPrimary MuiButton-sizeMedium MuiButton-textSizeMedium MuiButton-colorPrimary MuiButton-disableElevation MuiButton-root MuiButton-text MuiButton-textPrimary MuiButton-sizeMedium MuiButton-textSizeMedium MuiButton-colorPrimary MuiButton-disableElevation css-ii5h2i-MuiButtonBase-root-MuiButton-root">Hủy</button> +2ms

  pw:api <= locator.evaluate succeeded +3ms


  pw:api => keyboard.press started +0ms

  pw:api <= keyboard.press succeeded +6ms
  pw:api => locator.evaluate started +1ms

  pw:api waiting for getByRole('dialog', { name: 'Phiếu thu chi mới' }).getByRole('button', { name: 'Hủy', exact: true }) +1ms


  pw:api   locator resolved to visible <button tabindex="0" type="button" class="MuiButtonBase-root MuiButton-root MuiButton-text MuiButton-textPrimary MuiButton-sizeMedium MuiButton-textSizeMedium MuiButton-colorPrimary MuiButton-disableElevation MuiButton-root MuiButton-text MuiButton-textPrimary MuiButton-sizeMedium MuiButton-textSizeMedium MuiButton-colorPrimary MuiButton-disableElevation css-ii5h2i-MuiButtonBase-root-MuiButton-root">Hủy</button> +2ms
  pw:api <= locator.evaluate succeeded +3ms

  pw:api => keyboard.press started +1ms

  pw:api <= keyboard.press succeeded +5ms

  pw:api => locator.evaluate started +0ms

  pw:api waiting for getByRole('dialog', { name: 'Phiếu thu chi mới' }).getByRole('button', { name: 'Hủy', exact: true }) +1ms

  pw:api   locator resolved to visible <button tabindex="0" type="button" class="MuiButtonBase-root MuiButton-root MuiButton-text MuiButton-textPrimary MuiButton-sizeMedium MuiButton-textSizeMedium MuiButton-colorPrimary MuiButton-disableElevation MuiButton-root MuiButton-text MuiButton-textPrimary MuiButton-sizeMedium MuiButton-textSizeMedium MuiButton-colorPrimary MuiButton-disableElevation css-ii5h2i-MuiButtonBase-root-MuiButton-root">Hủy</button> +3ms

  pw:api <= locator.evaluate succeeded +3ms

  pw:api => keyboard.press started +0ms

  pw:api <= keyboard.press succeeded +5ms

  pw:api => locator.evaluate started +1ms

  pw:api waiting for getByRole('dialog', { name: 'Phiếu thu chi mới' }).getByRole('button', { name: 'Hủy', exact: true }) +1ms

  pw:api   locator resolved to visible <button tabindex="0" type="button" class="MuiButtonBase-root MuiButton-root MuiButton-text MuiButton-textPrimary MuiButton-sizeMedium MuiButton-textSizeMedium MuiButton-colorPrimary MuiButton-disableElevation Mui-focusVisible MuiButton-root MuiButton-text MuiButton-textPrimary MuiButton-sizeMedium MuiButton-textSizeMedium MuiButton-colorPrimary MuiButton-disableElevation css-ii5h2i-MuiButtonBase-root-MuiButton-root">Hủy</button> +2ms


  pw:api <= locator.evaluate succeeded +4ms
  pw:api => keyboard.press started +0ms

  pw:api <= keyboard.press succeeded +14ms

  pw:api => Expect "toBeVisible" started +0ms


  pw:api Expect "toBeVisible" getByRole('dialog', { name: 'Rời biểu mẫu chưa lưu?' }) with timeout 5000ms +3ms

  pw:api waiting for getByRole('dialog', { name: 'Rời biểu mẫu chưa lưu?' }) +0ms

  pw:api <= Expect "toBeVisible" succeeded +3ms

  pw:api => keyboard.press started +1ms
  pw:api <= keyboard.press succeeded +9ms


  pw:api => Expect "toHaveCount" started +1ms


  pw:api Expect "toHaveCount" getByRole('dialog', { name: 'Rời biểu mẫu chưa lưu?' }) with timeout 5000ms +2ms
  pw:api waiting for getByRole('dialog', { name: 'Rời biểu mẫu chưa lưu?' }) +0ms


  pw:api   locator resolved to 1 element +3ms
  pw:api   unexpected value "1" +0ms
  pw:api   locator resolved to 1 element +24ms


  pw:api   unexpected value "1" +0ms
  pw:api   locator resolved to 1 element +64ms


  pw:api   unexpected value "1" +0ms
  pw:api   "networkidle" event fired +1ms

  pw:api   locator resolved to 0 elements +109ms

  pw:api <= Expect "toHaveCount" succeeded +2ms

  pw:api => Expect "toBeVisible" started +0ms

  pw:api Expect "toBeVisible" getByRole('dialog', { name: 'Phiếu thu chi mới' }) with timeout 5000ms +2ms
  pw:api waiting for getByRole('dialog', { name: 'Phiếu thu chi mới' }) +0ms


  pw:api <= Expect "toBeVisible" succeeded +3ms


  pw:api => Expect "toContainText" started +1ms
  pw:api Expect "toContainText" getByRole('dialog', { name: 'Phiếu thu chi mới' }).getByRole('combobox', { name: 'Loại phiếu' }) with timeout 5000ms +2ms
  pw:api waiting for getByRole('dialog', { name: 'Phiếu thu chi mới' }).getByRole('combobox', { name: 'Loại phiếu' }) +0ms


  pw:api <= Expect "toContainText" succeeded +3ms

  pw:api => locator.evaluate started +0ms

  pw:api waiting for getByRole('dialog', { name: 'Phiếu thu chi mới' }).getByRole('textbox', { name: 'Số tiền (VND)' }) +1ms

  pw:api   locator resolved to visible <input value="" id="«r1d»" type="text" inputmode="decimal" aria-invalid="false" class="MuiInputBase-input MuiOutlinedInput-input css-1txw9lp-MuiInputBase-input-MuiOutlinedInput-input"/> +2ms

  pw:api <= locator.evaluate succeeded +3ms

  pw:api => keyboard.press started +0ms

  pw:api <= keyboard.press succeeded +7ms


  pw:api => locator.evaluate started +0ms
  pw:api waiting for getByRole('dialog', { name: 'Phiếu thu chi mới' }).getByRole('textbox', { name: 'Số tiền (VND)' }) +1ms

  pw:api   locator resolved to visible <input value="" id="«r1d»" type="text" inputmode="decimal" aria-invalid="false" class="MuiInputBase-input MuiOutlinedInput-input css-1txw9lp-MuiInputBase-input-MuiOutlinedInput-input"/> +2ms

  pw:api <= locator.evaluate succeeded +3ms

  pw:api => keyboard.press started +0ms


  pw:api <= keyboard.press succeeded +8ms

  pw:api => locator.evaluate started +0ms
  pw:api waiting for getByRole('dialog', { name: 'Phiếu thu chi mới' }).getByRole('textbox', { name: 'Số tiền (VND)' }) +2ms


  pw:api   locator resolved to visible <input value="" id="«r1d»" type="text" inputmode="decimal" aria-invalid="false" class="MuiInputBase-input MuiOutlinedInput-input css-1txw9lp-MuiInputBase-input-MuiOutlinedInput-input"/> +2ms
  pw:api <= locator.evaluate succeeded +3ms

  pw:api => keyboard.press started +0ms

  pw:api <= keyboard.press succeeded +9ms

  pw:api => locator.evaluate started +1ms

  pw:api waiting for getByRole('dialog', { name: 'Phiếu thu chi mới' }).getByRole('textbox', { name: 'Số tiền (VND)' }) +1ms

  pw:api   locator resolved to visible <input value="" id="«r1d»" type="text" inputmode="decimal" aria-invalid="false" class="MuiInputBase-input MuiOutlinedInput-input css-1txw9lp-MuiInputBase-input-MuiOutlinedInput-input"/> +2ms

  pw:api <= locator.evaluate succeeded +3ms

  pw:api => keyboard.press started +0ms

  pw:api <= keyboard.press succeeded +8ms

  pw:api => locator.evaluate started +1ms

  pw:api waiting for getByRole('dialog', { name: 'Phiếu thu chi mới' }).getByRole('textbox', { name: 'Số tiền (VND)' }) +1ms




  pw:api   locator resolved to visible <input value="" id="«r1d»" type="text" inputmode="decimal" aria-invalid="false" class="MuiInputBase-input MuiOutlinedInput-input css-1txw9lp-MuiInputBase-input-MuiOutlinedInput-input"/> +2ms
  pw:api <= locator.evaluate succeeded +4ms
  pw:api => keyboard.press started +0ms
  pw:api <= keyboard.press succeeded +5ms

  pw:api => keyboard.type started +0ms

  pw:api <= keyboard.type succeeded +95ms


  pw:api => Expect "toHaveValue" started +1ms
  pw:api Expect "toHaveValue" getByRole('dialog', { name: 'Phiếu thu chi mới' }).getByRole('textbox', { name: 'Số tiền (VND)' }) with timeout 5000ms +5ms
  pw:api waiting for getByRole('dialog', { name: 'Phiếu thu chi mới' }).getByRole('textbox', { name: 'Số tiền (VND)' }) +1ms


  pw:api <= Expect "toHaveValue" succeeded +4ms

  pw:api => locator.evaluate started +1ms

  pw:api waiting for getByRole('dialog', { name: 'Phiếu thu chi mới' }).getByRole('button', { name: 'Hủy', exact: true }) +2ms

  pw:api   locator resolved to visible <button tabindex="0" type="button" class="MuiButtonBase-root MuiButton-root MuiButton-text MuiButton-textPrimary MuiButton-sizeMedium MuiButton-textSizeMedium MuiButton-colorPrimary MuiButton-disableElevation MuiButton-root MuiButton-text MuiButton-textPrimary MuiButton-sizeMedium MuiButton-textSizeMedium MuiButton-colorPrimary MuiButton-disableElevation css-ii5h2i-MuiButtonBase-root-MuiButton-root">…</button> +2ms

  pw:api <= locator.evaluate succeeded +3ms


  pw:api => keyboard.press started +0ms
  pw:api <= keyboard.press succeeded +6ms

  pw:api => locator.evaluate started +1ms

  pw:api waiting for getByRole('dialog', { name: 'Phiếu thu chi mới' }).getByRole('button', { name: 'Hủy', exact: true }) +1ms

  pw:api   locator resolved to visible <button tabindex="0" type="button" class="MuiButtonBase-root MuiButton-root MuiButton-text MuiButton-textPrimary MuiButton-sizeMedium MuiButton-textSizeMedium MuiButton-colorPrimary MuiButton-disableElevation MuiButton-root MuiButton-text MuiButton-textPrimary MuiButton-sizeMedium MuiButton-textSizeMedium MuiButton-colorPrimary MuiButton-disableElevation css-ii5h2i-MuiButtonBase-root-MuiButton-root">…</button> +2ms

  pw:api <= locator.evaluate succeeded +3ms

  pw:api => keyboard.press started +0ms

  pw:api <= keyboard.press succeeded +7ms

  pw:api => locator.evaluate started +1ms

  pw:api waiting for getByRole('dialog', { name: 'Phiếu thu chi mới' }).getByRole('button', { name: 'Hủy', exact: true }) +1ms

  pw:api   locator resolved to visible <button tabindex="0" type="button" class="MuiButtonBase-root MuiButton-root MuiButton-text MuiButton-textPrimary MuiButton-sizeMedium MuiButton-textSizeMedium MuiButton-colorPrimary MuiButton-disableElevation MuiButton-root MuiButton-text MuiButton-textPrimary MuiButton-sizeMedium MuiButton-textSizeMedium MuiButton-colorPrimary MuiButton-disableElevation css-ii5h2i-MuiButtonBase-root-MuiButton-root">…</button> +2ms

  pw:api <= locator.evaluate succeeded +3ms

  pw:api => keyboard.press started +0ms

  pw:api <= keyboard.press succeeded +6ms

  pw:api => locator.evaluate started +1ms

  pw:api waiting for getByRole('dialog', { name: 'Phiếu thu chi mới' }).getByRole('button', { name: 'Hủy', exact: true }) +1ms

  pw:api   locator resolved to visible <button tabindex="0" type="button" class="MuiButtonBase-root MuiButton-root MuiButton-text MuiButton-textPrimary MuiButton-sizeMedium MuiButton-textSizeMedium MuiButton-colorPrimary MuiButton-disableElevation Mui-focusVisible MuiButton-root MuiButton-text MuiButton-textPrimary MuiButton-sizeMedium MuiButton-textSizeMedium MuiButton-colorPrimary MuiButton-disableElevation css-ii5h2i-MuiButtonBase-root-MuiButton-root">…</button> +2ms


  pw:api <= locator.evaluate succeeded +3ms
  pw:api => keyboard.press started +0ms


  pw:api <= keyboard.press succeeded +11ms
  pw:api => Expect "toBeVisible" started +1ms

  pw:api Expect "toBeVisible" getByRole('dialog', { name: 'Rời biểu mẫu chưa lưu?' }) with timeout 5000ms +1ms


  pw:api waiting for getByRole('dialog', { name: 'Rời biểu mẫu chưa lưu?' }) +0ms
  pw:api <= Expect "toBeVisible" succeeded +3ms

  pw:api => locator.evaluate started +0ms

  pw:api waiting for getByRole('dialog', { name: 'Rời biểu mẫu chưa lưu?' }).getByRole('button', { name: 'Bỏ thay đổi', exact: true }) +2ms

  pw:api   locator resolved to visible <button tabindex="0" type="button" class="MuiButtonBase-root MuiButton-root MuiButton-contained MuiButton-containedWarning MuiButton-sizeMedium MuiButton-containedSizeMedium MuiButton-colorWarning MuiButton-disableElevation MuiButton-root MuiButton-contained MuiButton-containedWarning MuiButton-sizeMedium MuiButton-containedSizeMedium MuiButton-colorWarning MuiButton-disableElevation css-1dza6v5-MuiButtonBase-root-MuiButton-root">Bỏ thay đổi</button> +2ms

  pw:api <= locator.evaluate succeeded +2ms

  pw:api => keyboard.press started +1ms

  pw:api <= keyboard.press succeeded +3ms


  pw:api => locator.evaluate started +1ms

  pw:api waiting for getByRole('dialog', { name: 'Rời biểu mẫu chưa lưu?' }).getByRole('button', { name: 'Bỏ thay đổi', exact: true }) +2ms
  pw:api   locator resolved to visible <button tabindex="0" type="button" class="MuiButtonBase-root MuiButton-root MuiButton-contained MuiButton-containedWarning MuiButton-sizeMedium MuiButton-containedSizeMedium MuiButton-colorWarning MuiButton-disableElevation MuiButton-root MuiButton-contained MuiButton-containedWarning MuiButton-sizeMedium MuiButton-containedSizeMedium MuiButton-colorWarning MuiButton-disableElevation css-1dza6v5-MuiButtonBase-root-MuiButton-root">Bỏ thay đổi</button> +3ms

  pw:api <= locator.evaluate succeeded +4ms

  pw:api => keyboard.press started +0ms

  pw:api <= keyboard.press succeeded +5ms

  pw:api => locator.evaluate started +0ms

  pw:api waiting for getByRole('dialog', { name: 'Rời biểu mẫu chưa lưu?' }).getByRole('button', { name: 'Bỏ thay đổi', exact: true }) +1ms

  pw:api   locator resolved to visible <button tabindex="0" type="button" class="MuiButtonBase-root MuiButton-root MuiButton-contained MuiButton-containedWarning MuiButton-sizeMedium MuiButton-containedSizeMedium MuiButton-colorWarning MuiButton-disableElevation Mui-focusVisible MuiButton-root MuiButton-contained MuiButton-containedWarning MuiButton-sizeMedium MuiButton-containedSizeMedium MuiButton-colorWarning MuiButton-disableElevation css-1dza6v5-MuiButtonBase-root-MuiButton-root">Bỏ thay đổi</button> +3ms

  pw:api <= locator.evaluate succeeded +5ms

  pw:api => keyboard.press started +0ms


  pw:api <= keyboard.press succeeded +10ms

  pw:api => Expect "toHaveCount" started +0ms

  pw:api Expect "toHaveCount" getByRole('dialog', { name: 'Phiếu thu chi mới' }) with timeout 5000ms +3ms
  pw:api waiting for getByRole('dialog', { name: 'Phiếu thu chi mới' }) +0ms


  pw:api <= Expect "toHaveCount" succeeded +5ms

  pw:api => Expect "toBeFocused" started +1ms

  pw:api Expect "toBeFocused" getByRole('button', { name: 'Tạo phiếu', exact: true }) with timeout 5000ms +2ms
  pw:api waiting for getByRole('button', { name: 'Tạo phiếu', exact: true }) +0ms

  pw:api   locator resolved to <button tabindex="0" type="button" class="MuiButtonBase-root MuiButton-root MuiButton-contained MuiButton-containedPrimary MuiButton-sizeMedium MuiButton-containedSizeMedium MuiButton-colorPrimary MuiButton-disableElevation Mui-focusVisible MuiButton-root MuiButton-contained MuiButton-containedPrimary MuiButton-sizeMedium MuiButton-containedSizeMedium MuiButton-colorPrimary MuiButton-disableElevation css-1kx9og7-MuiButtonBase-root-MuiButton-root">…</button> +823ms


  pw:api <= Expect "toBeFocused" succeeded +3ms
  pw:test finished test +3s



  pw:test started test +0ms
  pw:test finished test +0ms



  pw:test started teardown "page" +0ms
  pw:test finished teardown "page" +0ms
  pw:test started teardown "context" +1ms
  pw:api => browserContext.close started +5ms

  pw:api <= browserContext.close succeeded +4ms

  pw:test finished teardown "context" +7ms

  pw:test started teardown "context" +0ms


  pw:test finished teardown "context" +0ms

  pw:test started teardown "context configuration" +0ms
  pw:test finished teardown "context configuration" +0ms

  pw:test started teardown "testIdAttribute" +0ms


  pw:test finished teardown "testIdAttribute" +0ms
  pw:test started teardown "navigationTimeout" +0ms

  pw:test finished teardown "navigationTimeout" +0ms

  pw:test started teardown "actionTimeout" +0ms

  pw:test finished teardown "actionTimeout" +0ms

  pw:test started teardown "trace recording" +1ms

  pw:test finished teardown "trace recording" +0ms

  pw:test started teardown "_combinedContextOptions" +0ms

  pw:test finished teardown "_combinedContextOptions" +0ms

  pw:test started teardown "serviceWorkers" +0ms
  pw:test finished teardown "serviceWorkers" +0ms


  pw:test started teardown "baseURL" +0ms

  pw:test finished teardown "baseURL" +0ms


  pw:test started teardown "userAgent" +0ms
  pw:test finished teardown "userAgent" +0ms


  pw:test started teardown "timezoneId" +0ms

  pw:test finished teardown "timezoneId" +0ms
  pw:test started teardown "viewport" +0ms

  pw:test finished teardown "viewport" +0ms


  pw:test started teardown "storageState" +0ms
  pw:test finished teardown "storageState" +0ms

  pw:test started teardown "reducedMotion" +0ms

  pw:test finished teardown "reducedMotion" +0ms

  pw:test started teardown "proxy" +0ms


  pw:test finished teardown "proxy" +0ms
  pw:test started teardown "permissions" +0ms

  pw:test finished teardown "permissions" +0ms

  pw:test started teardown "offline" +0ms


  pw:test finished teardown "offline" +0ms
  pw:test started teardown "locale" +1ms

  pw:test finished teardown "locale" +0ms

  pw:test started teardown "javaScriptEnabled" +0ms

  pw:test finished teardown "javaScriptEnabled" +0ms

  pw:test started teardown "isMobile" +0ms

  pw:test finished teardown "isMobile" +0ms

  pw:test started teardown "ignoreHTTPSErrors" +0ms

  pw:test finished teardown "ignoreHTTPSErrors" +0ms


  pw:test started teardown "httpCredentials" +0ms
  pw:test finished teardown "httpCredentials" +0ms

  pw:test started teardown "geolocation" +0ms

  pw:test finished teardown "geolocation" +0ms

  pw:test started teardown "hasTouch" +0ms

  pw:test finished teardown "hasTouch" +0ms

  pw:test started teardown "forcedColors" +0ms

  pw:test finished teardown "forcedColors" +0ms

  pw:test started teardown "extraHTTPHeaders" +0ms

  pw:test finished teardown "extraHTTPHeaders" +0ms

  pw:test started teardown "deviceScaleFactor" +0ms

  pw:test finished teardown "deviceScaleFactor" +0ms

  pw:test started teardown "contrast" +0ms

  pw:test finished teardown "contrast" +0ms

  pw:test started teardown "colorScheme" +0ms

  pw:test finished teardown "colorScheme" +0ms

  pw:test started teardown "clientCertificates" +0ms

  pw:test finished teardown "clientCertificates" +0ms

  pw:test started teardown "bypassCSP" +0ms

  pw:test finished teardown "bypassCSP" +1ms

  pw:test started teardown "acceptDownloads" +0ms

  pw:test finished teardown "acceptDownloads" +0ms

  pw:test started teardown "contextOptions" +0ms

  pw:test finished teardown "contextOptions" +0ms

  pw:test started setup "acceptDownloads" at "tests\ui012-keyboard.spec.ts:13:6" +0ms

  pw:test finished setup "acceptDownloads" +0ms

  pw:test started setup "bypassCSP" at "tests\ui012-keyboard.spec.ts:13:6" +0ms

  pw:test finished setup "bypassCSP" +0ms

  pw:test started setup "clientCertificates" at "tests\ui012-keyboard.spec.ts:13:6" +0ms

  pw:test finished setup "clientCertificates" +0ms

  pw:test started setup "colorScheme" at "tests\ui012-keyboard.spec.ts:13:6" +0ms

  pw:test finished setup "colorScheme" +0ms

  pw:test started setup "contrast" at "tests\ui012-keyboard.spec.ts:13:6" +1ms

  pw:test finished setup "contrast" +0ms

  pw:test started setup "extraHTTPHeaders" at "tests\ui012-keyboard.spec.ts:13:6" +0ms

  pw:test finished setup "extraHTTPHeaders" +0ms

  pw:test started setup "forcedColors" at "tests\ui012-keyboard.spec.ts:13:6" +0ms

  pw:test finished setup "forcedColors" +0ms

  pw:test started setup "geolocation" at "tests\ui012-keyboard.spec.ts:13:6" +0ms

  pw:test finished setup "geolocation" +0ms

  pw:test started setup "httpCredentials" at "tests\ui012-keyboard.spec.ts:13:6" +0ms

  pw:test finished setup "httpCredentials" +0ms

  pw:test started setup "ignoreHTTPSErrors" at "tests\ui012-keyboard.spec.ts:13:6" +0ms

  pw:test finished setup "ignoreHTTPSErrors" +0ms

  pw:test started setup "javaScriptEnabled" at "tests\ui012-keyboard.spec.ts:13:6" +0ms

  pw:test finished setup "javaScriptEnabled" +0ms

  pw:test started setup "locale" at "tests\ui012-keyboard.spec.ts:13:6" +1ms

  pw:test finished setup "locale" +0ms

  pw:test started setup "offline" at "tests\ui012-keyboard.spec.ts:13:6" +0ms

  pw:test finished setup "offline" +0ms

  pw:test started setup "permissions" at "tests\ui012-keyboard.spec.ts:13:6" +0ms

  pw:test finished setup "permissions" +0ms

  pw:test started setup "proxy" at "tests\ui012-keyboard.spec.ts:13:6" +0ms

  pw:test finished setup "proxy" +0ms

  pw:test started setup "reducedMotion" at "tests\ui012-keyboard.spec.ts:13:6" +0ms

  pw:test finished setup "reducedMotion" +0ms

  pw:test started setup "storageState" at "tests\ui012-keyboard.spec.ts:13:6" +0ms

  pw:test finished setup "storageState" +0ms

  pw:test started setup "timezoneId" at "tests\ui012-keyboard.spec.ts:13:6" +0ms

  pw:test finished setup "timezoneId" +0ms

  pw:test started setup "serviceWorkers" at "tests\ui012-keyboard.spec.ts:13:6" +0ms

  pw:test finished setup "serviceWorkers" +0ms

  pw:test started setup "_combinedContextOptions" at "tests\ui012-keyboard.spec.ts:13:6" +1ms

  pw:test finished setup "_combinedContextOptions" +0ms

  pw:test started setup "trace recording" at "tests\ui012-keyboard.spec.ts:13:6" +0ms

  pw:test finished setup "trace recording" +0ms

  pw:test started setup "context configuration" at "tests\ui012-keyboard.spec.ts:13:6" +0ms

  pw:test finished setup "context configuration" +0ms

  pw:test started afterAll at "tests\ui012-keyboard.spec.ts:13:6" +0ms

  pw:test finished afterAll +22ms

  pw:test started teardown "context configuration" at "tests\ui012-keyboard.spec.ts:13:6" +1ms

  pw:test finished teardown "context configuration" +0ms

  pw:test started teardown "testIdAttribute" at "tests\ui012-keyboard.spec.ts:13:6" +0ms

  pw:test finished teardown "testIdAttribute" +0ms

  pw:test started teardown "navigationTimeout" at "tests\ui012-keyboard.spec.ts:13:6" +0ms

  pw:test finished teardown "navigationTimeout" +0ms

  pw:test started teardown "actionTimeout" at "tests\ui012-keyboard.spec.ts:13:6" +0ms

  pw:test finished teardown "actionTimeout" +0ms

  pw:test started teardown "trace recording" at "tests\ui012-keyboard.spec.ts:13:6" +0ms

  pw:test finished teardown "trace recording" +0ms

  pw:test started teardown "_combinedContextOptions" at "tests\ui012-keyboard.spec.ts:13:6" +0ms

  pw:test finished teardown "_combinedContextOptions" +0ms

  pw:test started teardown "serviceWorkers" at "tests\ui012-keyboard.spec.ts:13:6" +1ms

  pw:test finished teardown "serviceWorkers" +0ms

  pw:test started teardown "baseURL" at "tests\ui012-keyboard.spec.ts:13:6" +0ms

  pw:test finished teardown "baseURL" +0ms

  pw:test started teardown "userAgent" at "tests\ui012-keyboard.spec.ts:13:6" +0ms

  pw:test finished teardown "userAgent" +0ms

  pw:test started teardown "timezoneId" at "tests\ui012-keyboard.spec.ts:13:6" +0ms

  pw:test finished teardown "timezoneId" +0ms

  pw:test started teardown "viewport" at "tests\ui012-keyboard.spec.ts:13:6" +0ms

  pw:test finished teardown "viewport" +0ms


  pw:test started teardown "storageState" at "tests\ui012-keyboard.spec.ts:13:6" +0ms

  pw:test finished teardown "storageState" +0ms
  pw:test started teardown "reducedMotion" at "tests\ui012-keyboard.spec.ts:13:6" +0ms

  pw:test finished teardown "reducedMotion" +0ms

  pw:test started teardown "proxy" at "tests\ui012-keyboard.spec.ts:13:6" +0ms

  pw:test finished teardown "proxy" +0ms

  pw:test started teardown "permissions" at "tests\ui012-keyboard.spec.ts:13:6" +0ms

  pw:test finished teardown "permissions" +0ms

  pw:test started teardown "offline" at "tests\ui012-keyboard.spec.ts:13:6" +0ms

  pw:test finished teardown "offline" +0ms

  pw:test started teardown "locale" at "tests\ui012-keyboard.spec.ts:13:6" +0ms

  pw:test finished teardown "locale" +0ms

  pw:test started teardown "javaScriptEnabled" at "tests\ui012-keyboard.spec.ts:13:6" +1ms


  pw:test finished teardown "javaScriptEnabled" +0ms
  pw:test started teardown "isMobile" at "tests\ui012-keyboard.spec.ts:13:6" +0ms

  pw:test finished teardown "isMobile" +0ms

  pw:test started teardown "ignoreHTTPSErrors" at "tests\ui012-keyboard.spec.ts:13:6" +0ms

  pw:test finished teardown "ignoreHTTPSErrors" +0ms

  pw:test started teardown "httpCredentials" at "tests\ui012-keyboard.spec.ts:13:6" +0ms

  pw:test finished teardown "httpCredentials" +0ms

  pw:test started teardown "geolocation" at "tests\ui012-keyboard.spec.ts:13:6" +0ms

  pw:test finished teardown "geolocation" +0ms

  pw:test started teardown "hasTouch" at "tests\ui012-keyboard.spec.ts:13:6" +0ms

  pw:test finished teardown "hasTouch" +0ms

  pw:test started teardown "forcedColors" at "tests\ui012-keyboard.spec.ts:13:6" +0ms

  pw:test finished teardown "forcedColors" +0ms

  pw:test started teardown "extraHTTPHeaders" at "tests\ui012-keyboard.spec.ts:13:6" +0ms

  pw:test finished teardown "extraHTTPHeaders" +0ms

  pw:test started teardown "deviceScaleFactor" at "tests\ui012-keyboard.spec.ts:13:6" +0ms

  pw:test finished teardown "deviceScaleFactor" +0ms

  pw:test started teardown "contrast" at "tests\ui012-keyboard.spec.ts:13:6" +0ms

  pw:test finished teardown "contrast" +0ms

  pw:test started teardown "colorScheme" at "tests\ui012-keyboard.spec.ts:13:6" +0ms


  pw:test finished teardown "colorScheme" +0ms

  pw:test started teardown "clientCertificates" at "tests\ui012-keyboard.spec.ts:13:6" +0ms

  pw:test finished teardown "clientCertificates" +0ms
  pw:test started teardown "bypassCSP" at "tests\ui012-keyboard.spec.ts:13:6" +1ms


  pw:test finished teardown "bypassCSP" +0ms
  pw:test started teardown "acceptDownloads" at "tests\ui012-keyboard.spec.ts:13:6" +0ms

  pw:test finished teardown "acceptDownloads" +0ms

  pw:test started teardown "contextOptions" at "tests\ui012-keyboard.spec.ts:13:6" +0ms

  pw:test finished teardown "contextOptions" +0ms

  pw:test started test +0ms

  pw:test finished test +0ms

  pw:test test finished "UI012 keyboard-only finance edit handles select, discard warning and focus return" +0ms

  pw:test started teardown +2ms


  pw:test finished teardown +0ms
  pw:test started teardown "context" +0ms

  pw:test finished teardown "context" +0ms


  pw:test started teardown "reuseContext" +0ms
  pw:test finished teardown "reuseContext" +0ms

  pw:test started teardown "_optionContextReuseMode" +0ms

  pw:test finished teardown "_optionContextReuseMode" +0ms

  pw:test started teardown "video" +0ms

  pw:test finished teardown "video" +0ms

  pw:test started teardown "browser" +0ms

  pw:api => browser.close started +34ms


  pw:api <= browser.close succeeded +28ms
  pw:test finished teardown "browser" +28ms

  pw:test started teardown "connectOptions" +0ms

  pw:test finished teardown "connectOptions" +0ms

  pw:test started teardown "_optionConnectOptions" +0ms

  pw:test finished teardown "_optionConnectOptions" +0ms

  pw:test started teardown "browserName" +0ms

  pw:test finished teardown "browserName" +0ms

  pw:test started teardown "defaultBrowserType" +0ms

  pw:test finished teardown "defaultBrowserType" +0ms

  pw:test started teardown "screenshot" +0ms

  pw:test finished teardown "screenshot" +0ms

  pw:test started teardown "_browserOptions" +0ms

  pw:test finished teardown "_browserOptions" +0ms

  pw:test started teardown "channel" +0ms

  pw:test finished teardown "channel" +0ms



  pw:test started teardown "headless" +0ms
  pw:test finished teardown "headless" +0ms
  pw:test started teardown "launchOptions" +1ms

  pw:test finished teardown "launchOptions" +0ms

  pw:test started teardown "playwright" +0ms

  pw:test finished teardown "playwright" +0ms

  pw:test started teardown +0ms

  pw:test finished teardown +0ms

Timed out waiting 30s for the teardown for plugin setup to run

  1 passed (30.0s)
  1 error was not a part of any test, see above for details
