{
  "output": "evidence/frontend-ui-improvements/UI012/S35-visual-state-review-capture.json",
  "captures": [
    {
      "name": "S35-overview-default.png",
      "state": "default",
      "route": "R04",
      "width": 1440,
      "height": 1000,
      "bytes": 200400
    },
    {
      "name": "S35-overview-hover.png",
      "state": "pointer hover",
      "route": "R04",
      "width": 1440,
      "height": 1000,
      "bytes": 200406
    },
    {
      "name": "S35-overview-pressed.png",
      "state": "pointer down before release",
      "route": "R04",
      "width": 1440,
      "height": 1000,
      "bytes": 200299
    },
    {
      "name": "S35-overview-keyboard-focus.png",
      "state": "keyboard focus-visible",
      "route": "R04",
      "width": 1440,
      "height": 1000,
      "bytes": 180648
    },
    {
      "name": "S35-knowledge-synthetic-422.png",
      "state": "validation error with synthetic 422",
      "route": "R23",
      "width": 1440,
      "height": 1000,
      "bytes": 126769
    }
  ],
  "keyboardFocus": {
    "focused": true,
    "focusVisible": true,
    "outline": "rgb(255, 219, 140) solid 2px"
  },
  "iconOnlyControls": [
    {
      "tag": "button",
      "role": null,
      "accessibleNameSource": "Đăng xuất",
      "ariaLabelledby": null,
      "href": null
    },
    {
      "tag": "a",
      "role": null,
      "accessibleNameSource": "Thông báo",
      "ariaLabelledby": null,
      "href": "/s/shop-demo/notifications"
    },
    {
      "tag": "button",
      "role": null,
      "accessibleNameSource": "Sao chép mã đơn hàng",
      "ariaLabelledby": null,
      "href": null
    },
    {
      "tag": "button",
      "role": null,
      "accessibleNameSource": "Sao chép mã đơn hàng",
      "ariaLabelledby": null,
      "href": null
    },
    {
      "tag": "button",
      "role": null,
      "accessibleNameSource": "Sao chép mã đơn hàng",
      "ariaLabelledby": null,
      "href": null
    }
  ],
  "errorSemantics": {
    "dialogName": "Nguồn kiến thức mới (role-based accessible name)",
    "alertVisible": true,
    "alertText": "Kiểm tra thông tin nhập\nNội dung cần được kiểm tra trước khi lưu.\nThông tin đã nhập được giữ lại. Kiểm tra các trường được nêu bên dưới.\nTrường Nội dung: Hãy rà soát nội dung nguồn.",
    "invalidFieldCount": 1,
    "focusedFieldName": "content"
  },
  "pageErrors": []
}
S35 PROVENANCE
command=C:\Program Files\nodejs\node.exe evidence/frontend-ui-improvements/UI012/S35-capture-current-visual-states-20261004.mjs
node_version=v24.19.0
exit_code=0
head=e68cb65e61c5c1aab2ae169dd8033df305df8872
scope=local React demo + synthetic MSW; no backend/provider
dashboard_sha256=601024AAFA9B0A0FB38D2B337A672A94D51679687EA2235E4BB8EDC195B4A6BA
shell_sha256=423BCB9BB2D197459058F480C511EC5836AF9EB2C6D8CB276BF079304809AF54
knowledge_sha256=2488E7AC7C35EE8BA50A47F086587B847DB563CA3FD8D33BADFBE8D48F8BC50A
