{
  "recordedAt": "2026-10-04",
  "scope": "Automated actual Chromium tab zoom using Chrome Tabs API; React demo and local synthetic MSW; no product mutation",
  "status": "PROBE_COMPLETE",
  "browser": {
    "name": "Playwright Chromium",
    "version": "153.0.8010.12",
    "headless": true
  },
  "route": "/s/shop-demo/overview",
  "results": [
    {
      "requestedFactor": 1,
      "measuredBrowserZoomFactor": 1,
      "metrics": {
        "innerWidth": 1280,
        "outerWidth": 1280,
        "devicePixelRatio": 1,
        "visualViewportScale": 1,
        "documentClientWidth": 1280,
        "documentScrollWidth": 1280,
        "horizontalDocumentOverflow": false,
        "rootFontSize": "16px",
        "mainWidth": 1040,
        "mainScrollWidth": 1040,
        "heading": "Chào Jokertrader,cửa hàng của bạn hôm nay.",
        "headingLayout": {
          "left": 305,
          "right": 925,
          "width": 620,
          "clientWidth": 620,
          "scrollWidth": 620,
          "fontSize": "36px",
          "lineRects": [
            {
              "left": 305,
              "right": 397,
              "width": 92
            },
            {
              "left": 397,
              "right": 576,
              "width": 179
            },
            {
              "left": 576,
              "right": 584,
              "width": 8
            },
            {
              "left": 584,
              "right": 584,
              "width": 0
            },
            {
              "left": 305,
              "right": 742,
              "width": 437
            },
            {
              "left": 305,
              "right": 742,
              "width": 437
            }
          ],
          "textExtendsPastViewport": false
        },
        "visibleChildrenBeyondViewportCount": 0,
        "offViewportVisibleElementDetails": [],
        "overflowDiagnostics": []
      }
    },
    {
      "requestedFactor": 2,
      "measuredBrowserZoomFactor": 2,
      "metrics": {
        "innerWidth": 640,
        "outerWidth": 1280,
        "devicePixelRatio": 2,
        "visualViewportScale": 1,
        "documentClientWidth": 640,
        "documentScrollWidth": 640,
        "horizontalDocumentOverflow": false,
        "rootFontSize": "16px",
        "mainWidth": 640,
        "mainScrollWidth": 640,
        "heading": "Chào Jokertrader,cửa hàng của bạn hôm nay.",
        "headingLayout": {
          "left": 41,
          "right": 599,
          "width": 558,
          "clientWidth": 558,
          "scrollWidth": 558,
          "fontSize": "27px",
          "lineRects": [
            {
              "left": 41,
              "right": 110,
              "width": 69
            },
            {
              "left": 110,
              "right": 244,
              "width": 134
            },
            {
              "left": 244,
              "right": 250,
              "width": 6
            },
            {
              "left": 250,
              "right": 250,
              "width": 0
            },
            {
              "left": 41,
              "right": 369,
              "width": 328
            },
            {
              "left": 41,
              "right": 369,
              "width": 328
            }
          ],
          "textExtendsPastViewport": false
        },
        "visibleChildrenBeyondViewportCount": 0,
        "offViewportVisibleElementDetails": [],
        "overflowDiagnostics": []
      }
    },
    {
      "requestedFactor": 4,
      "measuredBrowserZoomFactor": 3.9999999999999996,
      "metrics": {
        "innerWidth": 320,
        "outerWidth": 1280,
        "devicePixelRatio": 4,
        "visualViewportScale": 1,
        "documentClientWidth": 320,
        "documentScrollWidth": 320,
        "horizontalDocumentOverflow": false,
        "rootFontSize": "16px",
        "mainWidth": 320,
        "mainScrollWidth": 320,
        "heading": "Chào Jokertrader,cửa hàng của bạn hôm nay.",
        "headingLayout": {
          "left": 41,
          "right": 279,
          "width": 238,
          "clientWidth": 238,
          "scrollWidth": 238,
          "fontSize": "27px",
          "lineRects": [
            {
              "left": 41,
              "right": 110,
              "width": 69
            },
            {
              "left": 110,
              "right": 244,
              "width": 134
            },
            {
              "left": 244,
              "right": 250,
              "width": 6
            },
            {
              "left": 250,
              "right": 250,
              "width": 0
            },
            {
              "left": 41,
              "right": 252,
              "width": 211
            },
            {
              "left": 41,
              "right": 151,
              "width": 110
            },
            {
              "left": 41,
              "right": 252,
              "width": 211
            },
            {
              "left": 41,
              "right": 151,
              "width": 110
            }
          ],
          "textExtendsPastViewport": false
        },
        "visibleChildrenBeyondViewportCount": 34,
        "offViewportVisibleElementDetails": [
          {
            "tag": "table",
            "className": "MuiTable-root css-lxp714-MuiTable-root",
            "text": "Đơn hàngGiá trịĐơnGiaoDH-DEMO-RETURN-02DH-DEMO-RETUR",
            "left": 17,
            "right": 617,
            "width": 600,
            "scrollAncestor": {
              "tag": "div",
              "role": "region",
              "clientWidth": 286,
              "scrollWidth": 600
            }
          },
          {
            "tag": "thead",
            "className": "MuiTableHead-root css-1a7iywq-MuiTableHead-root",
            "text": "Đơn hàngGiá trịĐơnGiao",
            "left": 17,
            "right": 617,
            "width": 600,
            "scrollAncestor": {
              "tag": "div",
              "role": "region",
              "clientWidth": 286,
              "scrollWidth": 600
            }
          },
          {
            "tag": "tr",
            "className": "MuiTableRow-root MuiTableRow-head css-1lr2mue-MuiTableRow-root",
            "text": "Đơn hàngGiá trịĐơnGiao",
            "left": 17,
            "right": 617,
            "width": 600,
            "scrollAncestor": {
              "tag": "div",
              "role": "region",
              "clientWidth": 286,
              "scrollWidth": 600
            }
          },
          {
            "tag": "th",
            "className": "MuiTableCell-root MuiTableCell-head MuiTableCell-alignRight MuiTableCell-sizeSmall css-1okdjar-MuiTa",
            "text": "Giá trị",
            "left": 292,
            "right": 384,
            "width": 92,
            "scrollAncestor": {
              "tag": "div",
              "role": "region",
              "clientWidth": 286,
              "scrollWidth": 600
            }
          },
          {
            "tag": "th",
            "className": "MuiTableCell-root MuiTableCell-head MuiTableCell-sizeSmall css-1n7ks3r-MuiTableCell-root",
            "text": "Đơn",
            "left": 384,
            "right": 484,
            "width": 99,
            "scrollAncestor": {
              "tag": "div",
              "role": "region",
              "clientWidth": 286,
              "scrollWidth": 600
            }
          },
          {
            "tag": "th",
            "className": "MuiTableCell-root MuiTableCell-head MuiTableCell-sizeSmall css-1n7ks3r-MuiTableCell-root",
            "text": "Giao",
            "left": 484,
            "right": 617,
            "width": 133,
            "scrollAncestor": {
              "tag": "div",
              "role": "region",
              "clientWidth": 286,
              "scrollWidth": 600
            }
          },
          {
            "tag": "tbody",
            "className": "MuiTableBody-root css-gmh7jj-MuiTableBody-root",
            "text": "DH-DEMO-RETURN-02DH-DEMO-RETURN-02498.000 ₫Hoàn tấtĐ",
            "left": 17,
            "right": 617,
            "width": 600,
            "scrollAncestor": {
              "tag": "div",
              "role": "region",
              "clientWidth": 286,
              "scrollWidth": 600
            }
          },
          {
            "tag": "tr",
            "className": "MuiTableRow-root MuiTableRow-hover css-1lr2mue-MuiTableRow-root",
            "text": "DH-DEMO-RETURN-02DH-DEMO-RETURN-02498.000 ₫Hoàn tấtĐ",
            "left": 17,
            "right": 617,
            "width": 600,
            "scrollAncestor": {
              "tag": "div",
              "role": "region",
              "clientWidth": 286,
              "scrollWidth": 600
            }
          },
          {
            "tag": "td",
            "className": "MuiTableCell-root MuiTableCell-body MuiTableCell-alignRight MuiTableCell-sizeSmall css-1pz7auq-MuiTa",
            "text": "498.000 ₫",
            "left": 292,
            "right": 384,
            "width": 92,
            "scrollAncestor": {
              "tag": "div",
              "role": "region",
              "clientWidth": 286,
              "scrollWidth": 600
            }
          },
          {
            "tag": "span",
            "className": "MuiBox-root css-w2ws9x",
            "text": "498.000 ₫",
            "left": 308,
            "right": 368,
            "width": 60,
            "scrollAncestor": {
              "tag": "div",
              "role": "region",
              "clientWidth": 286,
              "scrollWidth": 600
            }
          },
          {
            "tag": "td",
            "className": "MuiTableCell-root MuiTableCell-body MuiTableCell-sizeSmall css-eb2rcd-MuiTableCell-root",
            "text": "Hoàn tất",
            "left": 384,
            "right": 484,
            "width": 99,
            "scrollAncestor": {
              "tag": "div",
              "role": "region",
              "clientWidth": 286,
              "scrollWidth": 600
            }
          },
          {
            "tag": "div",
            "className": "MuiChip-root MuiChip-filled MuiChip-sizeSmall MuiChip-colorDefault MuiChip-filledDefault css-16l0kpg",
            "text": "Hoàn tất",
            "left": 400,
            "right": 464,
            "width": 63,
            "scrollAncestor": {
              "tag": "div",
              "role": "region",
              "clientWidth": 286,
              "scrollWidth": 600
            }
          }
        ],
        "overflowDiagnostics": []
      }
    },
    {
      "requestedFactor": 1,
      "measuredBrowserZoomFactor": 1,
      "metrics": {
        "innerWidth": 1280,
        "outerWidth": 1280,
        "devicePixelRatio": 1,
        "visualViewportScale": 1,
        "documentClientWidth": 1280,
        "documentScrollWidth": 1280,
        "horizontalDocumentOverflow": false,
        "rootFontSize": "16px",
        "mainWidth": 1040,
        "mainScrollWidth": 1040,
        "heading": "Đối soát ngân hàng & COD",
        "headingLayout": {
          "left": 272,
          "right": 702,
          "width": 430,
          "clientWidth": 430,
          "scrollWidth": 430,
          "fontSize": "28px",
          "lineRects": [
            {
              "left": 272,
              "right": 612,
              "width": 340
            }
          ],
          "textExtendsPastViewport": false
        },
        "visibleChildrenBeyondViewportCount": 0,
        "offViewportVisibleElementDetails": [],
        "overflowDiagnostics": []
      }
    }
  ],
  "zoom400RouteAudit": [
    {
      "id": "R04",
      "path": "/s/shop-demo/overview",
      "heading": "Chào Jokertrader,cửa hàng của bạn hôm nay.",
      "headingLayout": {
        "left": 41,
        "right": 279,
        "width": 238,
        "clientWidth": 238,
        "scrollWidth": 238,
        "fontSize": "27px",
        "lineRects": [
          {
            "left": 41,
            "right": 110,
            "width": 69
          },
          {
            "left": 110,
            "right": 244,
            "width": 134
          },
          {
            "left": 244,
            "right": 250,
            "width": 6
          },
          {
            "left": 250,
            "right": 250,
            "width": 0
          },
          {
            "left": 41,
            "right": 252,
            "width": 211
          },
          {
            "left": 41,
            "right": 151,
            "width": 110
          },
          {
            "left": 41,
            "right": 252,
            "width": 211
          },
          {
            "left": 41,
            "right": 151,
            "width": 110
          }
        ],
        "textExtendsPastViewport": false
      },
      "browserZoomFactor": 4,
      "viewportCssWidth": 320,
      "documentWidth": 320,
      "documentScrollWidth": 320,
      "horizontalDocumentOverflow": false,
      "offViewportVisibleElementCount": 34,
      "pageErrors": [],
      "offViewportVisibleElementDetails": [],
      "overflowDiagnostics": []
    },
    {
      "id": "R05",
      "path": "/s/shop-demo/inbox",
      "heading": "Hộp thư khách hàng",
      "headingLayout": {
        "left": 16,
        "right": 304,
        "width": 288,
        "clientWidth": 288,
        "scrollWidth": 288,
        "fontSize": "28px",
        "lineRects": [
          {
            "left": 16,
            "right": 275,
            "width": 259
          }
        ],
        "textExtendsPastViewport": false
      },
      "browserZoomFactor": 4,
      "viewportCssWidth": 320,
      "documentWidth": 320,
      "documentScrollWidth": 320,
      "horizontalDocumentOverflow": false,
      "offViewportVisibleElementCount": 0,
      "pageErrors": [],
      "offViewportVisibleElementDetails": [],
      "overflowDiagnostics": []
    },
    {
      "id": "R07",
      "path": "/s/shop-demo/customers",
      "heading": "Khách hàng",
      "headingLayout": {
        "left": 16,
        "right": 304,
        "width": 288,
        "clientWidth": 288,
        "scrollWidth": 288,
        "fontSize": "28px",
        "lineRects": [
          {
            "left": 16,
            "right": 164,
            "width": 148
          }
        ],
        "textExtendsPastViewport": false
      },
      "browserZoomFactor": 4,
      "viewportCssWidth": 320,
      "documentWidth": 320,
      "documentScrollWidth": 320,
      "horizontalDocumentOverflow": false,
      "offViewportVisibleElementCount": 34,
      "pageErrors": [],
      "offViewportVisibleElementDetails": [],
      "overflowDiagnostics": []
    },
    {
      "id": "R09",
      "path": "/s/shop-demo/products",
      "heading": "Sản phẩm",
      "headingLayout": {
        "left": 16,
        "right": 304,
        "width": 288,
        "clientWidth": 288,
        "scrollWidth": 288,
        "fontSize": "28px",
        "lineRects": [
          {
            "left": 16,
            "right": 142,
            "width": 126
          }
        ],
        "textExtendsPastViewport": false
      },
      "browserZoomFactor": 4,
      "viewportCssWidth": 320,
      "documentWidth": 320,
      "documentScrollWidth": 320,
      "horizontalDocumentOverflow": false,
      "offViewportVisibleElementCount": 95,
      "pageErrors": [],
      "offViewportVisibleElementDetails": [],
      "overflowDiagnostics": []
    },
    {
      "id": "R15",
      "path": "/s/shop-demo/inventory",
      "heading": "Tồn kho",
      "headingLayout": {
        "left": 16,
        "right": 304,
        "width": 288,
        "clientWidth": 288,
        "scrollWidth": 288,
        "fontSize": "28px",
        "lineRects": [
          {
            "left": 16,
            "right": 120,
            "width": 104
          }
        ],
        "textExtendsPastViewport": false
      },
      "browserZoomFactor": 4,
      "viewportCssWidth": 320,
      "documentWidth": 320,
      "documentScrollWidth": 320,
      "horizontalDocumentOverflow": false,
      "offViewportVisibleElementCount": 80,
      "pageErrors": [],
      "offViewportVisibleElementDetails": [],
      "overflowDiagnostics": []
    },
    {
      "id": "R17",
      "path": "/s/shop-demo/orders",
      "heading": "Đơn hàng",
      "headingLayout": {
        "left": 16,
        "right": 304,
        "width": 288,
        "clientWidth": 288,
        "scrollWidth": 288,
        "fontSize": "28px",
        "lineRects": [
          {
            "left": 16,
            "right": 140,
            "width": 124
          }
        ],
        "textExtendsPastViewport": false
      },
      "browserZoomFactor": 4,
      "viewportCssWidth": 320,
      "documentWidth": 320,
      "documentScrollWidth": 320,
      "horizontalDocumentOverflow": false,
      "offViewportVisibleElementCount": 53,
      "pageErrors": [],
      "offViewportVisibleElementDetails": [],
      "overflowDiagnostics": []
    },
    {
      "id": "R20",
      "path": "/s/shop-demo/finance",
      "heading": "Dòng tiền",
      "headingLayout": {
        "left": 16,
        "right": 304,
        "width": 288,
        "clientWidth": 288,
        "scrollWidth": 288,
        "fontSize": "28px",
        "lineRects": [
          {
            "left": 16,
            "right": 141,
            "width": 125
          }
        ],
        "textExtendsPastViewport": false
      },
      "browserZoomFactor": 4,
      "viewportCssWidth": 320,
      "documentWidth": 320,
      "documentScrollWidth": 320,
      "horizontalDocumentOverflow": false,
      "offViewportVisibleElementCount": 0,
      "pageErrors": [],
      "offViewportVisibleElementDetails": [],
      "overflowDiagnostics": []
    },
    {
      "id": "R23",
      "path": "/s/shop-demo/knowledge",
      "heading": "Kiến thức cửa hàng",
      "headingLayout": {
        "left": 16,
        "right": 304,
        "width": 288,
        "clientWidth": 288,
        "scrollWidth": 288,
        "fontSize": "28px",
        "lineRects": [
          {
            "left": 16,
            "right": 260,
            "width": 244
          }
        ],
        "textExtendsPastViewport": false
      },
      "browserZoomFactor": 4,
      "viewportCssWidth": 320,
      "documentWidth": 320,
      "documentScrollWidth": 320,
      "horizontalDocumentOverflow": false,
      "offViewportVisibleElementCount": 81,
      "pageErrors": [],
      "offViewportVisibleElementDetails": [],
      "overflowDiagnostics": []
    },
    {
      "id": "R26",
      "path": "/s/shop-demo/bot",
      "heading": "Điều khiển Admin AI",
      "headingLayout": {
        "left": 16,
        "right": 304,
        "width": 288,
        "clientWidth": 288,
        "scrollWidth": 288,
        "fontSize": "28px",
        "lineRects": [
          {
            "left": 16,
            "right": 277,
            "width": 261
          }
        ],
        "textExtendsPastViewport": false
      },
      "browserZoomFactor": 4,
      "viewportCssWidth": 320,
      "documentWidth": 320,
      "documentScrollWidth": 320,
      "horizontalDocumentOverflow": false,
      "offViewportVisibleElementCount": 10,
      "pageErrors": [],
      "offViewportVisibleElementDetails": [],
      "overflowDiagnostics": []
    },
    {
      "id": "R29",
      "path": "/s/shop-demo/integrations/channels",
      "heading": "Kết nối Facebook",
      "headingLayout": {
        "left": 16,
        "right": 304,
        "width": 288,
        "clientWidth": 288,
        "scrollWidth": 288,
        "fontSize": "28px",
        "lineRects": [
          {
            "left": 16,
            "right": 233,
            "width": 217
          }
        ],
        "textExtendsPastViewport": false
      },
      "browserZoomFactor": 4,
      "viewportCssWidth": 320,
      "documentWidth": 320,
      "documentScrollWidth": 320,
      "horizontalDocumentOverflow": false,
      "offViewportVisibleElementCount": 0,
      "pageErrors": [],
      "offViewportVisibleElementDetails": [],
      "overflowDiagnostics": []
    },
    {
      "id": "R31",
      "path": "/s/shop-demo/reports",
      "heading": "Báo cáo & xuất dữ liệu",
      "headingLayout": {
        "left": 16,
        "right": 304,
        "width": 288,
        "clientWidth": 288,
        "scrollWidth": 288,
        "fontSize": "28px",
        "lineRects": [
          {
            "left": 16,
            "right": 303,
            "width": 287
          }
        ],
        "textExtendsPastViewport": false
      },
      "browserZoomFactor": 4,
      "viewportCssWidth": 320,
      "documentWidth": 320,
      "documentScrollWidth": 320,
      "horizontalDocumentOverflow": false,
      "offViewportVisibleElementCount": 12,
      "pageErrors": [],
      "offViewportVisibleElementDetails": [
        {
          "tag": "table",
          "className": "MuiTable-root css-lxp714-MuiTable-root",
          "text": "Mã công việcLoạiTrạng tháiTiến độCập nhật—Chưa có cô",
          "left": 17,
          "right": 617,
          "width": 600,
          "scrollAncestor": {
            "tag": "div",
            "role": "region",
            "clientWidth": 286,
            "scrollWidth": 600
          }
        },
        {
          "tag": "thead",
          "className": "MuiTableHead-root css-1a7iywq-MuiTableHead-root",
          "text": "Mã công việcLoạiTrạng tháiTiến độCập nhật",
          "left": 17,
          "right": 617,
          "width": 600,
          "scrollAncestor": {
            "tag": "div",
            "role": "region",
            "clientWidth": 286,
            "scrollWidth": 600
          }
        },
        {
          "tag": "tr",
          "className": "MuiTableRow-root MuiTableRow-head css-1lr2mue-MuiTableRow-root",
          "text": "Mã công việcLoạiTrạng tháiTiến độCập nhật",
          "left": 17,
          "right": 617,
          "width": 600,
          "scrollAncestor": {
            "tag": "div",
            "role": "region",
            "clientWidth": 286,
            "scrollWidth": 600
          }
        },
        {
          "tag": "th",
          "className": "MuiTableCell-root MuiTableCell-head MuiTableCell-sizeSmall css-1n7ks3r-MuiTableCell-root",
          "text": "Trạng thái",
          "left": 255,
          "right": 386,
          "width": 131,
          "scrollAncestor": {
            "tag": "div",
            "role": "region",
            "clientWidth": 286,
            "scrollWidth": 600
          }
        },
        {
          "tag": "th",
          "className": "MuiTableCell-root MuiTableCell-head MuiTableCell-alignRight MuiTableCell-sizeSmall css-1okdjar-MuiTa",
          "text": "Tiến độ",
          "left": 386,
          "right": 496,
          "width": 110,
          "scrollAncestor": {
            "tag": "div",
            "role": "region",
            "clientWidth": 286,
            "scrollWidth": 600
          }
        },
        {
          "tag": "th",
          "className": "MuiTableCell-root MuiTableCell-head MuiTableCell-sizeSmall css-1n7ks3r-MuiTableCell-root",
          "text": "Cập nhật",
          "left": 496,
          "right": 617,
          "width": 121,
          "scrollAncestor": {
            "tag": "div",
            "role": "region",
            "clientWidth": 286,
            "scrollWidth": 600
          }
        },
        {
          "tag": "tbody",
          "className": "MuiTableBody-root css-gmh7jj-MuiTableBody-root",
          "text": "—Chưa có công việc trong trang này.",
          "left": 17,
          "right": 617,
          "width": 600,
          "scrollAncestor": {
            "tag": "div",
            "role": "region",
            "clientWidth": 286,
            "scrollWidth": 600
          }
        },
        {
          "tag": "tr",
          "className": "MuiTableRow-root css-1lr2mue-MuiTableRow-root",
          "text": "—Chưa có công việc trong trang này.",
          "left": 17,
          "right": 617,
          "width": 600,
          "scrollAncestor": {
            "tag": "div",
            "role": "region",
            "clientWidth": 286,
            "scrollWidth": 600
          }
        },
        {
          "tag": "td",
          "className": "MuiTableCell-root MuiTableCell-body MuiTableCell-sizeSmall css-eb2rcd-MuiTableCell-root",
          "text": "—Chưa có công việc trong trang này.",
          "left": 17,
          "right": 617,
          "width": 600,
          "scrollAncestor": {
            "tag": "div",
            "role": "region",
            "clientWidth": 286,
            "scrollWidth": 600
          }
        },
        {
          "tag": "div",
          "className": "MuiStack-root css-gr9e8o-MuiStack-root",
          "text": "—Chưa có công việc trong trang này.",
          "left": 33,
          "right": 601,
          "width": 568,
          "scrollAncestor": {
            "tag": "div",
            "role": "region",
            "clientWidth": 286,
            "scrollWidth": 600
          }
        },
        {
          "tag": "div",
          "className": "MuiBox-root css-kdmu75",
          "text": "—",
          "left": 295,
          "right": 339,
          "width": 44,
          "scrollAncestor": {
            "tag": "div",
            "role": "region",
            "clientWidth": 286,
            "scrollWidth": 600
          }
        },
        {
          "tag": "p",
          "className": "MuiTypography-root MuiTypography-body1 css-1mgmt6h-MuiTypography-root",
          "text": "Chưa có công việc trong trang này.",
          "left": 209,
          "right": 425,
          "width": 216,
          "scrollAncestor": {
            "tag": "div",
            "role": "region",
            "clientWidth": 286,
            "scrollWidth": 600
          }
        }
      ],
      "overflowDiagnostics": []
    },
    {
      "id": "R37",
      "path": "/s/shop-demo/operations",
      "heading": "Công việc hôm nay",
      "headingLayout": {
        "left": 16,
        "right": 304,
        "width": 288,
        "clientWidth": 288,
        "scrollWidth": 288,
        "fontSize": "28px",
        "lineRects": [
          {
            "left": 16,
            "right": 256,
            "width": 240
          }
        ],
        "textExtendsPastViewport": false
      },
      "browserZoomFactor": 4,
      "viewportCssWidth": 320,
      "documentWidth": 320,
      "documentScrollWidth": 320,
      "horizontalDocumentOverflow": false,
      "offViewportVisibleElementCount": 44,
      "pageErrors": [],
      "offViewportVisibleElementDetails": [],
      "overflowDiagnostics": []
    },
    {
      "id": "R39",
      "path": "/s/shop-demo/notifications",
      "heading": "Trung tâm thông báo",
      "headingLayout": {
        "left": 16,
        "right": 304,
        "width": 288,
        "clientWidth": 288,
        "scrollWidth": 288,
        "fontSize": "28px",
        "lineRects": [
          {
            "left": 16,
            "right": 285,
            "width": 269
          }
        ],
        "textExtendsPastViewport": false
      },
      "browserZoomFactor": 4,
      "viewportCssWidth": 320,
      "documentWidth": 320,
      "documentScrollWidth": 320,
      "horizontalDocumentOverflow": false,
      "offViewportVisibleElementCount": 0,
      "pageErrors": [],
      "offViewportVisibleElementDetails": [],
      "overflowDiagnostics": []
    },
    {
      "id": "R41",
      "path": "/s/shop-demo/fulfillment",
      "heading": "Chuẩn bị hàng",
      "headingLayout": {
        "left": 16,
        "right": 304,
        "width": 288,
        "clientWidth": 288,
        "scrollWidth": 288,
        "fontSize": "28px",
        "lineRects": [
          {
            "left": 16,
            "right": 198,
            "width": 182
          }
        ],
        "textExtendsPastViewport": false
      },
      "browserZoomFactor": 4,
      "viewportCssWidth": 320,
      "documentWidth": 320,
      "documentScrollWidth": 320,
      "horizontalDocumentOverflow": false,
      "offViewportVisibleElementCount": 12,
      "pageErrors": [],
      "offViewportVisibleElementDetails": [],
      "overflowDiagnostics": []
    },
    {
      "id": "R44",
      "path": "/s/shop-demo/suppliers",
      "heading": "Nhà cung cấp hàng hóa",
      "headingLayout": {
        "left": 16,
        "right": 304,
        "width": 288,
        "clientWidth": 288,
        "scrollWidth": 288,
        "fontSize": "28px",
        "lineRects": [
          {
            "left": 16,
            "right": 260,
            "width": 244
          },
          {
            "left": 16,
            "right": 63,
            "width": 47
          }
        ],
        "textExtendsPastViewport": false
      },
      "browserZoomFactor": 4,
      "viewportCssWidth": 320,
      "documentWidth": 320,
      "documentScrollWidth": 320,
      "horizontalDocumentOverflow": false,
      "offViewportVisibleElementCount": 64,
      "pageErrors": [],
      "offViewportVisibleElementDetails": [],
      "overflowDiagnostics": []
    },
    {
      "id": "R46",
      "path": "/s/shop-demo/purchases",
      "heading": "Đơn mua hàng",
      "headingLayout": {
        "left": 16,
        "right": 304,
        "width": 288,
        "clientWidth": 288,
        "scrollWidth": 288,
        "fontSize": "28px",
        "lineRects": [
          {
            "left": 16,
            "right": 203,
            "width": 187
          }
        ],
        "textExtendsPastViewport": false
      },
      "browserZoomFactor": 4,
      "viewportCssWidth": 320,
      "documentWidth": 320,
      "documentScrollWidth": 320,
      "horizontalDocumentOverflow": false,
      "offViewportVisibleElementCount": 14,
      "pageErrors": [],
      "offViewportVisibleElementDetails": [],
      "overflowDiagnostics": []
    },
    {
      "id": "R49",
      "path": "/s/shop-demo/finance/reconciliation",
      "heading": "Đối soát ngân hàng & COD",
      "headingLayout": {
        "left": 16,
        "right": 304,
        "width": 288,
        "clientWidth": 288,
        "scrollWidth": 288,
        "fontSize": "28px",
        "lineRects": [
          {
            "left": 16,
            "right": 292,
            "width": 276
          },
          {
            "left": 16,
            "right": 73,
            "width": 57
          }
        ],
        "textExtendsPastViewport": false
      },
      "browserZoomFactor": 4,
      "viewportCssWidth": 320,
      "documentWidth": 320,
      "documentScrollWidth": 320,
      "horizontalDocumentOverflow": false,
      "offViewportVisibleElementCount": 14,
      "pageErrors": [],
      "offViewportVisibleElementDetails": [],
      "overflowDiagnostics": []
    }
  ],
  "pageErrors": [],
  "limitations": [
    "This is browser-level zoom controlled by an isolated test extension, not a human manual visual or assistive-technology review.",
    "It cannot provide screen-reader speech/transcript or close the full UI012.C04 manual checkpoint."
  ],
  "screenshot": "S42-dashboard-400-20261004.png",
  "reportScreenshot": "S42-reports-400-20261004.png",
  "zoom400RouteSummary": {
    "routes": 17,
    "noDocumentHorizontalOverflow": 17,
    "overflowRoutes": [],
    "noPageErrors": 17,
    "allAt400Percent": true,
    "layoutAssertionStatus": "PASS"
  },
  "interpretation": "Chrome Tabs API reported each browser zoom factor and the page devicePixelRatio/layout metrics were sampled at 100%, 200%, 400% and reset. This automated evidence supplements but does not replace the manual/screen-reader review."
}
