
> botsales-frontend@0.1.0 test:layout
> node --test tests/layout-checker.test.mjs tests/ui-layout-binding-gates.test.mjs && node scripts/check-layout.mjs

✔ CSS label gap accepts the canonical direct pixel constructor and its exact owner/property (963.6361ms)
✔ CSS label gap cannot be used as an unrelated spacing property (931.9811ms)
✔ CSS label gap rejects a raw pixel constructor argument (921.3824ms)
✔ CSS label gap cannot impersonate a role from another owner (933.7051ms)
✔ accepts semantic bridge roles, the closed token-derived factor map, geometry, and reset values (946.3625ms)
✔ rejects a CSS spacing role without a declared shared owner (929.4659ms)
✔ rejects scale-conforming and off-scale literals in sx, responsive leaves, named and namespace MUI System props (949.4967ms)
✔ follows local aliases and style callbacks; rejects theme spacing helpers and preset overrides (935.9913ms)
✔ scans nested slotProps but does not confuse event handlers or geometric dimensions with spacing (946.9127ms)
✔ keeps Panel geometry inspectable and rejects spacing hidden in its geometry prop (2748.3357ms)
✔ accepts only an exact CSS exception and reports stale or mismatched exception scope (2781.6654ms)
✔ rejects malformed TypeScript, malformed CSS, bad exception schema, and raw values in the bridge (3743.959ms)
✔ rejects canonical pixel tokens used as MUI factors and an altered bridge factor table (1937.1646ms)
✔ report mode inventories migration debt without turning findings into PASS (1014.5862ms)
✔ canonical writes through casts and aliases fail outside style expressions (985.264ms)
✔ Object.assign cannot mutate canonical data but can copy to a fresh object (1918.7651ms)
✔ layout gate rejects raw spacing on const alias of MUI component (965.6683ms)
✔ canonical mutation gate follows global mutator aliases and reflection (970.2517ms)
✔ local mutator names do not acquire global mutation identity (941.5449ms)
✔ destructured mutators and call/apply retain canonical mutation checks (1011.9131ms)
✔ global mutator call/apply can copy canonical values into fresh objects (998.6641ms)
✔ mutable aliases with possible canonical destinations fail closed (962.1231ms)
✔ opaque apply arguments fail closed while unrelated mutable data stays valid (1889.643ms)
✔ canonical references inside containers and destructured aliases cannot be mutated (977.7163ms)
✔ independent shallow copies of scalar canonical fields remain mutable (973.8267ms)
✔ array references and nested destructuring preserve canonical write provenance (957.6159ms)
✔ array destinations distinguish independent elements from canonical references (951.0313ms)
✔ array destructuring, dynamic indices and spread cannot hide canonical references (968.6305ms)
✔ dynamic indices and destructuring of independent arrays stay mutable (946.807ms)
✔ function parameters cannot hide canonical mutation across source files (971.3662ms)
✔ read-only helpers and mutations of unrelated arguments remain valid (1026.6308ms)
✔ returned canonical references remain protected across helper boundaries (996.137ms)
✔ helper returns of fresh scalar copies do not retain canonical destination identity (1005.239ms)
✔ destructured object parameters cannot mutate canonical arguments (949.9951ms)
✔ destructured object parameters retain independent argument mutability (928.6942ms)
✔ default parameter and binding initializers cannot hide canonical mutations (959.5517ms)
✔ fresh default parameter and binding copies remain mutable (950.2668ms)
✔ rest parameters retain canonical argument write provenance (929.9834ms)
✔ rest parameters distinguish independent positions from canonical siblings (941.9268ms)
✔ finite spread arguments preserve shifted positional and rest destinations (944.296ms)
✔ finite spread expansion keeps independent argument positions mutable (940.5599ms)
✔ opaque spreads keep positional mutation destinations unknown (945.7255ms)
✔ opaque spreads into read-only helpers do not invent mutation findings (937.2877ms)
✔ array parameter patterns retain canonical positions including nested object arrays (950.469ms)
✔ array parameter patterns retain independent bound element mutability (982.2381ms)
✔ layout gate rejects parameter shadow of canonical layout name (944.1431ms)
✔ layout gate follows genuine renamed styled factory (932.3839ms)
✔ layout gate accepts canonical namespace, element access and barrel alias (945.4835ms)
✔ layout gate does not mistake local component named Stack for MUI (936.0339ms)
✔ layout gate inspects renamed installed Emotion css tag (942.845ms)
✔ layout gate preserves genuine aliased Controller field forwarding (945.7468ms)
✔ a same-named local Controller cannot exempt an unknown prop spread (964.8255ms)
✔ genuine useForm registration survives property and destructured aliases (945.6567ms)
✔ a function named register cannot exempt injected style props (934.5562ms)
✔ a bridge callback parameter cannot impersonate its private factor binding (913.549ms)
✔ opaque namespace component selection remains a strict binding failure (916.8945ms)
✔ opaque namespace factory cannot hide style arguments (939.7166ms)
✔ MUI re-export cannot hide raw spacing behind a first-party barrel (958.4818ms)
✔ destructuring assignments cannot hide canonical write targets (953.5125ms)
✔ destructuring assignments can update independent copied destinations (922.5216ms)
✔ object rest retains nested canonical references while copying the outer object (915.8108ms)
✔ rest scalar copies and replacement of container references stay mutable (937.1228ms)
✔ shallow object spread preserves canonical child references and last-writer order (948.5776ms)
✔ shallow spread with a later independent override stays mutable (936.0226ms)
✔ exported mutable aliases retain assignments from their declaring file (967.7195ms)
✔ exported independent mutable data does not acquire canonical provenance (1008.1943ms)
✔ literal computed keys retain canonical container and parameter provenance (1020.4647ms)
✔ literal computed keys do not taint independent selected properties (980.5205ms)
✔ Object.assign shallow copies retain canonical nested reference provenance (966.4323ms)
✔ Object.assign later independent overrides and scalar copies stay mutable (912.6731ms)
✔ union and dynamic property selections retain possible canonical destinations (1090.2835ms)
✔ finite union property selections exclude canonical siblings not in the key set (995.1493ms)
✔ union selection over Object.assign output retains canonical child provenance (994.2078ms)
✔ union selection over independent Object.assign output remains mutable (957.9478ms)
✔ Reflect.set call/apply checks the target argument rather than the assigned value (2876.137ms)
✔ aliased React createElement checks MUI and native style objects (1008.564ms)
✔ GlobalStyles.styles is checked and local createElement names stay local (1934.1087ms)
✔ React JSX runtime factories cannot bypass MUI or native style checks (1036.9464ms)
✔ React cloneElement checks the cloned MUI element and preserves native props (3869.338ms)
✔ Emotion css props and object factories are inspected with native CSS semantics (2919.0234ms)
✔ Inline style elements in JSX, React factories, DOM and the HTML entry fail closed (7533.195ms)
✔ DOM CSSOM spacing writes use semantic roles and reject opaque style strings (1963.9524ms)
✔ HTML parsing and runtime stylesheet mutation cannot bypass the imported CSS boundary (1918.2927ms)
✔ spacing shorthand values and responsive breakpoints preserve token and unit provenance (9374.1162ms)
✔ function return producers cannot hide canonical children behind spreads (911.1863ms)
✔ producer spreads keep later independent child overrides writable (908.708ms)
ℹ tests 86
ℹ suites 0
ℹ pass 86
ℹ fail 0
ℹ cancelled 0
ℹ skipped 0
ℹ todo 0
ℹ duration_ms 95835.7021
layout-check PASS: 93 source files, 0 finding(s), 1 exception(s) used
