
> botsales-frontend@0.1.0 test:e2e
> playwright test --grep FE016 --timeout=45000 --reporter=line

✔ canonical contracts validate and generate the API base path from OpenAPI (18.5445ms)
✔ generated operation registry preserves required and optional query parameter metadata (7.8878ms)
✔ rejects unresolved schema references before generation (20.3909ms)
✔ rejects missing API version and a server URL outside same-origin path form (17.1396ms)
✔ rejects route-to-operation drift without rewriting the canonical manifest (14.7807ms)
✔ detects a stale generated file and accepts it after regeneration (1.9626ms)
{
  "taskId": "FE011",
  "scope": "FRONTEND_WITH_SYNTHETIC_MOCK_API",
  "routes": [
    {
      "id": "R15",
      "path": "/s/:shopId/inventory",
      "permission": "inventory.read",
      "reads": [
        "listStockSnapshots",
        "getShop"
      ],
      "action": {
        "label": "Điều chỉnh tồn",
        "operationId": "createInventoryAdjustment",
        "permission": "inventory.adjust"
      }
    },
    {
      "id": "R16",
      "path": "/s/:shopId/inventory/movements",
      "permission": "inventory.read",
      "reads": [
        "listStockMovements"
      ]
    }
  ],
  "operations": [
    "listStockSnapshots",
    "listStockMovements",
    "createInventoryAdjustment",
    "getShop"
  ],
  "permissionBoundary": "Route reads require inventory.read; adjustment uses inventory.adjust; cost requires finance.read; product and order links are permission-gated.",
  "commandSemantics": "202 CommandResponse; expectedVersion and unitCost are contract-required body properties; the shared client waits for terminal state and handles unknown outcomes.",
  "checks": 17
}
✔ FE011 routes, permissions, operations and DTOs map to canonical contracts and current source (42.4209ms)
{
  "taskId": "FE012",
  "scope": "FRONTEND_WITH_SYNTHETIC_MOCK_API",
  "routes": [
    "R17",
    "R18",
    "R19",
    "R43"
  ],
  "operations": [
    "listOrders",
    "getOrder",
    "getShop",
    "listCustomers",
    "listProducts",
    "listConversations",
    "createOrder",
    "updateOrderDraft",
    "quoteOrder",
    "recordCustomerConfirmation",
    "confirmOrder",
    "cancelOrder",
    "listReturnCases",
    "getReturnCase",
    "createReturnCase",
    "inspectReturn",
    "getCommand",
    "handoverShipment",
    "payOrder",
    "refundOrder"
  ],
  "contractEvidence": "OrderDraft carries required IDs and 1..100 lines, integer quantity 1..1000000 and notes up to 2000; confirmation requires quote hash/version and customer message evidence; return inspection is line-scoped.",
  "permissionBoundary": "Customer/product pickers are enabled only with read capability; write actions follow orders.write, orders.confirm, orders.return and inventory.adjust.",
  "limitations": "No address CRUD endpoint is introduced; shippingAddressId remains an external verified ID and mock confirmation is only a demo simulation.",
  "checks": 35
}
✔ FE012 routes, operations, permissions and DTO limits map to canonical contracts and orders source (8.5861ms)
{
  "taskId": "FE013",
  "scope": "FRONTEND_WITH_SYNTHETIC_MOCK_API",
  "routes": [
    "R41",
    "R42"
  ],
  "operations": [
    "listPrepJobs",
    "getPrepJob",
    "getWorkItem",
    "claimWorkItem",
    "pickPrepLine",
    "packPrepJob",
    "listShipments",
    "getShipment",
    "createShipment",
    "handoverShipment",
    "recordShipmentEvent"
  ],
  "permissionBoundary": "fulfillment.read gates route data, operations.claim gates WorkItem claim, fulfillment.write gates picks/pack/events/shipment creation, and fulfillment.handover gates stock-consuming handover.",
  "stateBoundary": "Claim/pick/pack/handover/delivery/payment remain separate states; return eligibility continues to come from the order API.",
  "checks": 54
}
✔ FE013 routes, permissions, DTOs and state transitions map to canonical contracts and fulfillment source (7.4012ms)
{
  "taskId": "FE014",
  "scope": "FRONTEND_WITH_SYNTHETIC_MOCK_API",
  "routes": [
    "R44",
    "R45",
    "R46",
    "R47"
  ],
  "operations": 13,
  "checks": 95
}
✔ FE014 procurement routes, permissions, DTOs and current source follow canonical contracts (8.0957ms)
FE015 source map: 131 contract/source assertions passed
✔ FE015 finance routes, capabilities, operations and DTOs follow canonical contracts (8.0025ms)
{"taskId":"FE016","scope":"FRONTEND_WITH_SYNTHETIC_MOCK_API","routes":["R05","R06"],"operations":["listConversations","getConversation","listMessages","sendMessage","takeoverConversation","releaseConversation","resolveConversation","assignConversation","listFeedback","createFeedback","reviewFeedback","listCommands","getCommand","getInboxMetadata"],"knownGap":"Canonical Message has no media or attachment field/operation; UI must not invent a provider endpoint.","checks":3}
✔ FE016 maps R05/R06 reads and mutations to canonical permissions and current inbox source (0.4749ms)
✔ FE016 contract bounds list filters, safe message refs and versioned send payloads (0.1784ms)
✔ FE016 uses shell-owned resync and command recovery, and mock takeover enforces current version (0.1512ms)

Running 7 tests using 1 worker



[1A[2K(node:572) Warning: The 'NO_COLOR' env is ignored due to the 'FORCE_COLOR' env being set.
(Use `node --trace-warnings ...` to show where the warning was created)

[1A[2K(node:572) Warning: The 'NO_COLOR' env is ignored due to the 'FORCE_COLOR' env being set.
(Use `node --trace-warnings ...` to show where the warning was created)

[1A[2K[1/7] [chromium] › tests\fe016.spec.ts:26:1 › FE016.AC01 inbox filters call canonical query fields and remain bookmarked through conversation details
[1A[2K  1) [chromium] › tests\fe016.spec.ts:26:1 › FE016.AC01 inbox filters call canonical query fields and remain bookmarked through conversation details 

    Error: locator.click: Error: strict mode violation: getByRole('combobox', { name: 'Trạng thái' }) resolved to 2 elements:
        1) <div tabindex="0" role="combobox" aria-expanded="false" aria-haspopup="listbox" aria-label="Trạng thái thử" class="MuiSelect-select MuiSelect-outlined MuiInputBase-input MuiOutlinedInput-input MuiInputBase-inputSizeSmall css-153zjs0-MuiNativeSelect-root-MuiSelect-select-MuiInputBase-input-MuiOutlinedInput-input">Bình thường</div> aka getByRole('combobox', { name: 'Trạng thái thử' })
        2) <div id="«rh»" tabindex="0" role="combobox" aria-expanded="false" aria-haspopup="listbox" aria-labelledby="«rh»-label «rh»" class="MuiSelect-select MuiSelect-outlined MuiInputBase-input MuiOutlinedInput-input MuiInputBase-inputSizeSmall css-153zjs0-MuiNativeSelect-root-MuiSelect-select-MuiInputBase-input-MuiOutlinedInput-input">Đang mở</div> aka getByRole('combobox', { name: 'Trạng thái Đang mở' })

    Call log:
    [2m  - waiting for getByRole('combobox', { name: 'Trạng thái' })[22m


      37 |     await expect(page.getByRole('link', { name: /Minh \(khách mẫu\)/ })).toBeVisible();
      38 |
    > 39 |     await page.getByRole('combobox', { name: 'Trạng thái' }).click();
         |                                                              ^
      40 |     await page.getByRole('option', { name: 'Đã giải quyết', exact: true }).click();
      41 |     await expect(page).toHaveURL(/status=resolved/);
      42 |     await expect(page.getByText('Chưa có hội thoại phù hợp.')).toBeVisible();
        at C:\Users\Joker-PC\Documents\Projects\Bot-AI-Ban-hang-FB\BotSalesAI_Frontend\tests\fe016.spec.ts:39:62

    Error Context: test-results\fe016-FE016-AC01-inbox-fil-07034-hrough-conversation-details-chromium\error-context.md

    attachment #2: trace (application/zip) ─────────────────────────────────────────────────────────
    test-results\fe016-FE016-AC01-inbox-fil-07034-hrough-conversation-details-chromium\trace.zip
    Usage:

        npx playwright show-trace test-results\fe016-FE016-AC01-inbox-fil-07034-hrough-conversation-details-chromium\trace.zip

    ────────────────────────────────────────────────────────────────────────────────────────────────




[1A[2K(node:24588) Warning: The 'NO_COLOR' env is ignored due to the 'FORCE_COLOR' env being set.
(Use `node --trace-warnings ...` to show where the warning was created)


[1A[2K(node:24588) Warning: The 'NO_COLOR' env is ignored due to the 'FORCE_COLOR' env being set.
(Use `node --trace-warnings ...` to show where the warning was created)
[1A[2K[2/7] [chromium] › tests\fe016.spec.ts:68:1 › FE016.AC01 list cursor is isolated from message cursor and restored on back navigation
[1A[2K  2) [chromium] › tests\fe016.spec.ts:68:1 › FE016.AC01 list cursor is isolated from message cursor and restored on back navigation 

    [31mTest timeout of 45000ms exceeded.[39m

    Error: page.waitForResponse: Test timeout of 45000ms exceeded.

      64 |     expect(new URL(messageResponse.url()).searchParams.has('cursor')).toBe(false);
      65 |
    > 66 |     const restoreWait = page.waitForResponse(response => {
         |                              ^
      67 |         const url = new URL(response.url());
      68 |         return response.request().method() === 'GET' && url.pathname.endsWith('/conversations') && url.searchParams.get('cursor') === 'cv1';
      69 |     });
        at C:\Users\Joker-PC\Documents\Projects\Bot-AI-Ban-hang-FB\BotSalesAI_Frontend\tests\fe016.spec.ts:66:30

    Error: locator.click: Test timeout of 45000ms exceeded.
    Call log:
    [2m  - waiting for getByRole('button', { name: 'Danh sách hội thoại' })[22m


      68 |         return response.request().method() === 'GET' && url.pathname.endsWith('/conversations') && url.searchParams.get('cursor') === 'cv1';
      69 |     });
    > 70 |     await page.getByRole('button', { name: 'Danh sách hội thoại' }).click();
         |                                                                     ^
      71 |     await restoreWait;
      72 |     await expect(page).toHaveURL(/cursor=cv1/);
      73 | });
        at C:\Users\Joker-PC\Documents\Projects\Bot-AI-Ban-hang-FB\BotSalesAI_Frontend\tests\fe016.spec.ts:70:69

    Error Context: test-results\fe016-FE016-AC01-list-curs-9b974-restored-on-back-navigation-chromium\error-context.md

    attachment #2: trace (application/zip) ─────────────────────────────────────────────────────────
    test-results\fe016-FE016-AC01-list-curs-9b974-restored-on-back-navigation-chromium\trace.zip
    Usage:

        npx playwright show-trace test-results\fe016-FE016-AC01-list-curs-9b974-restored-on-back-navigation-chromium\trace.zip

    ────────────────────────────────────────────────────────────────────────────────────────────────




[1A[2K(node:27492) Warning: The 'NO_COLOR' env is ignored due to the 'FORCE_COLOR' env being set.
(Use `node --trace-warnings ...` to show where the warning was created)


[1A[2K(node:27492) Warning: The 'NO_COLOR' env is ignored due to the 'FORCE_COLOR' env being set.
(Use `node --trace-warnings ...` to show where the warning was created)
[1A[2K[3/7] [chromium] › tests\fe016.spec.ts:99:1 › FE016.AC01 takeover and reply use current versions and show API send state without claiming delivery
[1A[2K[4/7] [chromium] › tests\fe016.spec.ts:149:1 › FE016.AC02 internal notes keep HTML-like message text inert and feedback stays a review draft
[1A[2K[5/7] [chromium] › tests\fe016.spec.ts:179:1 › FE016.AC03 unknown send keeps the reply draft, exposes command recovery and never blindly resends
[1A[2K[6/7] [chromium] › tests\fe016.spec.ts:211:1 › FE016.AC04 role without customer/order permissions cannot open those cross-module references
[1A[2K[7/7] [chromium] › tests\fe016.spec.ts:235:1 › FE016.S03 stale takeover preserves reason and reports the version conflict
[1A[2K  3) [chromium] › tests\fe016.spec.ts:235:1 › FE016.S03 stale takeover preserves reason and reports the version conflict 

    Error: [2mexpect([22m[31mlocator[39m[2m).[22mtoBeVisible[2m()[22m failed

    Locator:  getByRole('dialog', { name: 'Tiếp quản cuộc trò chuyện' }).getByRole('alert').filter({ hasText: /Dữ liệu đã đổi/ })
    Expected: visible
    Received: <element(s) not found>
    Timeout:  5000ms

    Call log:
    [2m  - Expect "toBeVisible" with timeout 5000ms[22m
    [2m  - waiting for getByRole('dialog', { name: 'Tiếp quản cuộc trò chuyện' }).getByRole('alert').filter({ hasText: /Dữ liệu đã đổi/ })[22m


      160 |     await expect(dialog).toBeVisible();
      161 |     await expect(dialog.getByRole('textbox', { name: /Lý do/ })).toHaveValue(reason);
    > 162 |     await expect(dialog.getByRole('alert').filter({ hasText: /Dữ liệu đã đổi/ })).toBeVisible();
          |                                                                                   ^
      163 |     await expect(page.getByText('Trợ lý tự động')).toBeVisible();
      164 | });
      165 |
        at C:\Users\Joker-PC\Documents\Projects\Bot-AI-Ban-hang-FB\BotSalesAI_Frontend\tests\fe016.spec.ts:162:83

    Error Context: test-results\fe016-FE016-S03-stale-take-479d1-eports-the-version-conflict-chromium\error-context.md

    attachment #2: trace (application/zip) ─────────────────────────────────────────────────────────
    test-results\fe016-FE016-S03-stale-take-479d1-eports-the-version-conflict-chromium\trace.zip
    Usage:

        npx playwright show-trace test-results\fe016-FE016-S03-stale-take-479d1-eports-the-version-conflict-chromium\trace.zip

    ────────────────────────────────────────────────────────────────────────────────────────────────


[1A[2K  3 failed
    [chromium] › tests\fe016.spec.ts:26:1 › FE016.AC01 inbox filters call canonical query fields and remain bookmarked through conversation details 
    [chromium] › tests\fe016.spec.ts:68:1 › FE016.AC01 list cursor is isolated from message cursor and restored on back navigation 
    [chromium] › tests\fe016.spec.ts:235:1 › FE016.S03 stale takeover preserves reason and reports the version conflict 
  4 passed (1.0m)
