
> botsales-frontend@0.1.0 test:e2e
> node scripts/run-e2e.mjs


> npm run setup

> botsales-frontend@0.1.0 setup
> node scripts/setup.mjs

{"status":"PASS","outputs":11,"schemas":283,"operations":210,"routes":54}
Copying the worker script at "C:\Users\Joker-PC\Documents\Projects\Bot-AI-Ban-hang-FB\BotSalesAI_Frontend\apps\web\public"...

Worker script successfully copied!
  - public

Continue by describing the network in your application:


https://mswjs.io/docs/quick-start

Thiết lập xong. npm run dev chạy frontend mô phỏng; không kết nối khách hàng hoặc provider thật.

> npm run build

> botsales-frontend@0.1.0 build
> npm run generate:check && npm run typecheck && npm run build --workspace @botsales/web


> botsales-frontend@0.1.0 generate:check
> node scripts/generate.mjs --check

{"status":"PASS","outputs":11,"schemas":283,"operations":210,"routes":54}

> botsales-frontend@0.1.0 typecheck
> tsc -p apps/web/tsconfig.json --noEmit


> @botsales/web@0.1.0 build
> vite build --mode production

vite v7.3.6 building client environment for production...
transforming...
✓ 2061 modules transformed.
rendering chunks...
computing gzip size...
dist/index.html                              1.19 kB │ gzip:   0.60 kB
dist/assets/index-BQPx7lJM.css               3.56 kB │ gzip:   1.33 kB
dist/assets/download-8lJFmiSZ.js             0.23 kB │ gzip:   0.17 kB
dist/assets/filters-CVitQAxr.js              0.32 kB │ gzip:   0.25 kB
dist/assets/hooks-vf6Cw2QI.js                4.58 kB │ gzip:   2.15 kB
dist/assets/draft-conflict-D0veKrjR.js       5.35 kB │ gzip:   2.47 kB
dist/assets/index-CGrmDtfc.js                7.92 kB │ gzip:   3.16 kB
dist/assets/index-C_hXru5c.js                8.31 kB │ gzip:   3.53 kB
dist/assets/index-sVixnC08.js                9.32 kB │ gzip:   3.69 kB
dist/assets/index-DhSbjRfb.js               13.80 kB │ gzip:   5.63 kB
dist/assets/index-BqZuHYxR.js               14.58 kB │ gzip:   5.39 kB
dist/assets/index-DRV_ipfB.js               14.58 kB │ gzip:   4.92 kB
dist/assets/index-B1BGqv0o.js               15.21 kB │ gzip:   5.85 kB
dist/assets/index-DBimEAxV.js               16.16 kB │ gzip:   5.51 kB
dist/assets/index-pDqmVFv-.js               16.40 kB │ gzip:   5.42 kB
dist/assets/index-BztS8yKq.js               17.81 kB │ gzip:   6.26 kB
dist/assets/index-Z3VTx49P.js               18.33 kB │ gzip:   6.16 kB
dist/assets/index-CH_OW2RE.js               24.13 kB │ gzip:   8.60 kB
dist/assets/index-CIth5oCD.js               24.16 kB │ gzip:   8.19 kB
dist/assets/index-aukYK4-I.js               29.24 kB │ gzip:   9.51 kB
dist/assets/index-ool9s_dD.js               31.62 kB │ gzip:   9.82 kB
dist/assets/query-5vm9EU1C.js               33.15 kB │ gzip:   9.92 kB
dist/assets/index-CykmJwnL.js               37.94 kB │ gzip:  10.46 kB
dist/assets/i18n-xB0mQYCC.js                46.14 kB │ gzip:  15.12 kB
dist/assets/schemas-Ct4RWo9M.js             80.75 kB │ gzip:  24.39 kB
dist/assets/index-BcKVDpy-.js               89.42 kB │ gzip:  28.38 kB
dist/assets/schema-validation-Bhr7oAQE.js  149.80 kB │ gzip:  45.12 kB
dist/assets/react-runtime-D0NtfbPC.js      279.78 kB │ gzip:  90.28 kB
dist/assets/contract-data-BIzYYkc1.js      303.99 kB │ gzip:  36.17 kB
dist/assets/charts-CQ4oecFO.js             313.03 kB │ gzip:  94.99 kB
dist/assets/mui-Bz_aCSm2.js                328.33 kB │ gzip: 100.02 kB
✓ built in 3.44s

> npm run build:demo

> botsales-frontend@0.1.0 build:demo
> npm run generate:check && npm run typecheck && npm run build:demo --workspace @botsales/web


> botsales-frontend@0.1.0 generate:check
> node scripts/generate.mjs --check

{"status":"PASS","outputs":11,"schemas":283,"operations":210,"routes":54}

> botsales-frontend@0.1.0 typecheck
> tsc -p apps/web/tsconfig.json --noEmit


> @botsales/web@0.1.0 build:demo
> vite build --mode demo --outDir dist-demo

vite v7.3.6 building client environment for demo...
transforming...
✓ 2277 modules transformed.
rendering chunks...
computing gzip size...
dist-demo/index.html                              1.19 kB │ gzip:   0.60 kB
dist-demo/assets/index-BQPx7lJM.css               3.56 kB │ gzip:   1.33 kB
dist-demo/assets/download-CWiaXb8A.js             0.24 kB │ gzip:   0.17 kB
dist-demo/assets/filters-Bi-qlnQp.js              0.32 kB │ gzip:   0.24 kB
dist-demo/assets/control-6gq2NE8L.js              0.72 kB │ gzip:   0.43 kB
dist-demo/assets/hooks-Bhqdu1Wh.js                4.58 kB │ gzip:   2.15 kB
dist-demo/assets/draft-conflict-uuBorHPT.js       5.35 kB │ gzip:   2.48 kB
dist-demo/assets/index-CdCPGLW3.js                8.31 kB │ gzip:   3.53 kB
dist-demo/assets/index-OhOiE8xb.js                8.46 kB │ gzip:   3.35 kB
dist-demo/assets/index-B3YdIA2w.js                9.33 kB │ gzip:   3.69 kB
dist-demo/assets/index-Ct1GdQNw.js               13.99 kB │ gzip:   5.69 kB
dist-demo/assets/index-G-lzHWTs.js               14.58 kB │ gzip:   4.92 kB
dist-demo/assets/index-CJSNol9e.js               14.90 kB │ gzip:   5.66 kB
dist-demo/assets/index-TfbgsNZy.js               16.56 kB │ gzip:   5.46 kB
dist-demo/assets/index-CU7mDNCf.js               17.81 kB │ gzip:   6.26 kB
dist-demo/assets/index-fJ1xU-Jw.js               18.33 kB │ gzip:   6.16 kB
dist-demo/assets/index-BW2us-Xw.js               18.48 kB │ gzip:   6.32 kB
dist-demo/assets/index-FYn4e0Na.js               22.63 kB │ gzip:   7.84 kB
dist-demo/assets/index-Cf-hxqiU.js               24.36 kB │ gzip:   8.66 kB
dist-demo/assets/index-A4HSFAvn.js               24.57 kB │ gzip:   8.34 kB
dist-demo/assets/index-qnHojng1.js               29.75 kB │ gzip:   9.65 kB
dist-demo/assets/query-5vm9EU1C.js               33.15 kB │ gzip:   9.92 kB
dist-demo/assets/index-Dl_NnVuH.js               33.87 kB │ gzip:  10.55 kB
dist-demo/assets/index-zZ4PGot8.js               37.94 kB │ gzip:  10.46 kB
dist-demo/assets/i18n-xB0mQYCC.js                46.14 kB │ gzip:  15.12 kB
dist-demo/assets/schemas-Ct4RWo9M.js             80.75 kB │ gzip:  24.39 kB
dist-demo/assets/index-CoU6UQCz.js               93.29 kB │ gzip:  29.52 kB
dist-demo/assets/schema-validation-Bhr7oAQE.js  149.80 kB │ gzip:  45.12 kB
dist-demo/assets/service-BepI4YXI.js            159.35 kB │ gzip:  34.71 kB
dist-demo/assets/browser-BYxMbOl6.js            255.64 kB │ gzip:  87.02 kB
dist-demo/assets/react-runtime-D0NtfbPC.js      279.78 kB │ gzip:  90.28 kB
dist-demo/assets/contract-data-D-QqiNa-.js      309.77 kB │ gzip:  37.31 kB
dist-demo/assets/charts-RcpaDpmM.js             313.03 kB │ gzip:  94.99 kB
dist-demo/assets/mui-azn9KfGV.js                328.33 kB │ gzip: 100.02 kB
✓ built in 3.51s

> node node_modules\@playwright\test\cli.js test
[WebServer] (node:10460) Warning: The 'NO_COLOR' env is ignored due to the 'FORCE_COLOR' env being set.
[WebServer] (Use `node --trace-warnings ...` to show where the warning was created)
✔ canonical contracts validate and generate the API base path from OpenAPI (56.6057ms)
✔ rejects drift in OpenAPI YAML and operation index projections (92.176ms)
✔ generated operation registry preserves required and optional query parameter metadata (22.3429ms)
✔ rejects unresolved schema references before generation (43.0486ms)
✔ rejects missing API version and a server URL outside same-origin path form (37.2027ms)
✔ rejects route-to-operation drift without rewriting the canonical manifest (41.584ms)
✔ detects a stale generated file and accepts it after regeneration (4.9739ms)
{
  "taskId": "FE011",
  "scope": "FRONTEND_WITH_SYNTHETIC_MOCK_API",
  "routes": [
    {
      "id": "R15",
      "path": "/s/:shopId/inventory",
      "permission": "inventory.read",
      "reads": [
        "listStockSnapshots",
        "getShop"
      ],
      "action": {
        "label": "Điều chỉnh tồn",
        "operationId": "createInventoryAdjustment",
        "permission": "inventory.adjust"
      }
    },
    {
      "id": "R16",
      "path": "/s/:shopId/inventory/movements",
      "permission": "inventory.read",
      "reads": [
        "listStockMovements"
      ]
    }
  ],
  "operations": [
    "listStockSnapshots",
    "listStockMovements",
    "createInventoryAdjustment",
    "getShop"
  ],
  "permissionBoundary": "Route reads require inventory.read; adjustment uses inventory.adjust; cost requires finance.read; product and order links are permission-gated.",
  "commandSemantics": "202 CommandResponse; expectedVersion and unitCost are contract-required body properties; the shared client waits for terminal state and handles unknown outcomes.",
  "checks": 17
}
✔ FE011 routes, permissions, operations and DTOs map to canonical contracts and current source (12.0436ms)
{
  "taskId": "FE012",
  "scope": "FRONTEND_WITH_SYNTHETIC_MOCK_API",
  "routes": [
    "R17",
    "R18",
    "R19",
    "R43"
  ],
  "operations": [
    "listOrders",
    "getOrder",
    "getShop",
    "listCustomers",
    "listProducts",
    "listConversations",
    "createOrder",
    "updateOrderDraft",
    "quoteOrder",
    "recordCustomerConfirmation",
    "confirmOrder",
    "cancelOrder",
    "listReturnCases",
    "getReturnCase",
    "createReturnCase",
    "inspectReturn",
    "getCommand",
    "handoverShipment",
    "payOrder",
    "refundOrder"
  ],
  "contractEvidence": "OrderDraft carries required IDs and 1..100 lines, integer quantity 1..1000000 and notes up to 2000; confirmation requires quote hash/version and customer message evidence; return inspection is line-scoped.",
  "permissionBoundary": "Customer/product pickers are enabled only with read capability; write actions follow orders.write, orders.confirm, orders.return and inventory.adjust.",
  "limitations": "No address CRUD endpoint is introduced; shippingAddressId remains an external verified ID and mock confirmation is only a demo simulation.",
  "checks": 35
}
✔ FE012 routes, operations, permissions and DTO limits map to canonical contracts and orders source (22.6045ms)
{"taskId":"FE016","scope":"FRONTEND_WITH_SYNTHETIC_MOCK_API","routes":["R05","R06"],"operations":["listConversations","getConversation","listMessages","sendMessage","takeoverConversation","releaseConversation","resolveConversation","assignConversation","listFeedback","createFeedback","reviewFeedback","listCommands","getCommand","getInboxMetadata"],"knownGap":"Canonical Message has no media or attachment field/operation; UI must not invent a provider endpoint.","checks":3}
{
  "taskId": "FE013",
  "scope": "FRONTEND_WITH_SYNTHETIC_MOCK_API",
  "routes": [
    "R41",
    "R42"
  ],
  "operations": [
    "listPrepJobs",
    "getPrepJob",
    "getWorkItem",
    "claimWorkItem",
    "pickPrepLine",
    "packPrepJob",
    "listShipments",
    "getShipment",
    "createShipment",
    "handoverShipment",
    "recordShipmentEvent"
  ],
  "permissionBoundary": "fulfillment.read gates route data, operations.claim gates WorkItem claim, fulfillment.write gates picks/pack/events/shipment creation, and fulfillment.handover gates stock-consuming handover.",
  "stateBoundary": "Claim/pick/pack/handover/delivery/payment remain separate states; return eligibility continues to come from the order API.",
  "checks": 54
}
✔ FE013 routes, permissions, DTOs and state transitions map to canonical contracts and fulfillment source (28.7086ms)
{"taskId":"FE017","scope":"FRONTEND_WITH_SYNTHETIC_MOCK_API","routes":["R23","R24","R25"],"operations":15,"unresolvedContractField":"Knowledge.allowedActions","checks":4}
{
  "taskId": "FE014",
  "scope": "FRONTEND_WITH_SYNTHETIC_MOCK_API",
  "routes": [
    "R44",
    "R45",
    "R46",
    "R47"
  ],
  "operations": 13,
  "checks": 95
}
✔ FE014 procurement routes, permissions, DTOs and current source follow canonical contracts (26.4325ms)
{"taskId":"FE018","scope":"FRONTEND_WITH_SYNTHETIC_MOCK_API","routes":["R26","R27","R28","R51"],"operations":18,"checks":2,"knownRouteMappingGap":"R51 omits updateBudgetPolicy; UI uses canonical operation permission operations.manage"}
FE015 source map: 131 contract/source assertions passed
✔ FE015 finance routes, capabilities, operations and DTOs follow canonical contracts (25.9144ms)
✔ FE016 maps R05/R06 reads and mutations to canonical permissions and current inbox source (0.3316ms)
✔ FE016 contract bounds list filters, safe message refs and versioned send payloads (0.2911ms)
✔ FE016 uses shell-owned resync and command recovery, and mock takeover enforces current version (0.2944ms)
✔ FE017 R23-R25 operations and action permissions match canonical routes (0.5608ms)
✔ FE017 uses the user-approved permission and lifecycle UI substitute without inventing a Knowledge DTO field (0.1671ms)
✔ FE017 price and availability source preview uses separately permissioned canonical APIs (0.1548ms)
✔ FE017 mock keeps published revisions immutable and feedback approval creates a draft revision (0.1735ms)
✔ FE018 R26/R27/R28/R51 actions use canonical routes, operation IDs, and permissions (0.5047ms)
✔ FE018 capability, tool permissions, human confirmation, and evaluation labels stay within declared schemas (0.1766ms)
✔ FE020 source stays mapped to canonical operations, permissions, and safe missing-schedule boundary (0.8969ms)
✔ FE020 mock enforces work-item capabilities and keeps integration readiness unknown (0.1622ms)
✔ CSS label gap accepts the canonical direct pixel constructor and its exact owner/property (1085.98ms)
✔ CSS label gap cannot be used as an unrelated spacing property (993.5631ms)
✔ CSS label gap rejects a raw pixel constructor argument (1023.0106ms)
✔ CSS label gap cannot impersonate a role from another owner (1010.8032ms)
✔ accepts semantic bridge roles, the closed token-derived factor map, geometry, and reset values (971.2406ms)
✔ rejects a CSS spacing role without a declared shared owner (981.534ms)
✔ rejects scale-conforming and off-scale literals in sx, responsive leaves, named and namespace MUI System props (1029.1453ms)
✔ follows local aliases and style callbacks; rejects theme spacing helpers and preset overrides (1014.6708ms)
✔ scans nested slotProps but does not confuse event handlers or geometric dimensions with spacing (956.2316ms)
✔ keeps Panel geometry inspectable and rejects spacing hidden in its geometry prop (2818.6074ms)
✔ accepts only an exact CSS exception and reports stale or mismatched exception scope (2776.0054ms)
✔ rejects malformed TypeScript, malformed CSS, bad exception schema, and raw values in the bridge (3830.1504ms)
✔ rejects canonical pixel tokens used as MUI factors and an altered bridge factor table (2022.7825ms)
✔ report mode inventories migration debt without turning findings into PASS (997.0097ms)
[WebServer] [BABEL] Note: The code generator has deoptimised the styling of C:\Users\Joker-PC\AppData\Local\Temp\botsales-vite-cache\ea27c7577456f6009d55\playwright-webserver\playwright-67484-c9776823-907d-4492-85b1-0d04e47f8596\deps\react-dom_client.js?v=4452035b as it exceeds the max of 500KB.
✔ module path classification accepts Windows and POSIX spellings, but excludes app files (6.0889ms)
✔ the source-checker CLI rejects a prohibited color literal in a module (169.788ms)
✔ the source-checker CLI accepts a token-based module and leaves app-level colors outside the rule (174.9112ms)
✔ uses the installed project compiler and the pinned version in this checkout (102.5494ms)
✔ accepts a local compiler whose manifest, module and executable match the project (49.6238ms)
✔ fails closed for missing local compiler without selecting a global fallback (14.8666ms)
✔ fails closed for different installed package version without selecting a global fallback (14.6233ms)
✔ fails closed for module version differs from its manifest without selecting a global fallback (14.9335ms)
✔ fails closed for ancestor compiler silently resolved outside this project without selecting a global fallback (12.2773ms)
✔ fails closed for missing compiler executable without selecting a global fallback (14.5922ms)
✔ fails closed for unpinned project compiler requirement without selecting a global fallback (17.0661ms)
✔ production composition gate detects const MUI alias and namespace layout role (515.5677ms)
✔ production composition gate closes aliased barrel API props (313.6586ms)
✔ production composition gate does not mistake shadowed local component for shared API (341.9733ms)
✔ production composition gate keeps valid canonical barrel consumer (308.72ms)
✔ production visual gate rejects pretrusted-name spoof and parameter shadow (296.1524ms)
✔ production visual gate rejects a fake canonical module suffix (306.7098ms)
✔ production visual gate inspects renamed genuine styled factory (290.0121ms)
✔ production visual gate preserves canonical barrel aliases and finite palette selection (306.7462ms)
✔ production visual gate rejects raw values hidden in a finite palette (298.823ms)
✔ production visual gate does not follow a global alias through parameter shadow (290.1446ms)
✔ production composition geometry cannot resolve a shadowed global variable (286.1833ms)
✔ finite semantic prop types do not grant trust to a different same-named parameter (291.7985ms)
✔ opaque namespace composition selection cannot bypass closed props (303.3391ms)
✔ opaque namespace style factory remains a visual binding failure (294.8453ms)
✔ canonical renamed import and constant alias preserve owner and path (295.4197ms)
✔ namespace and literal element access resolve canonical exports (273.2237ms)
✔ barrel re-export resolves original component identity (274.9556ms)
✔ parameter shadow does not inherit canonical import trust (322.7019ms)
✔ fake trusted names and a module named visual are not canonical (308.2662ms)
✔ mutable aliases, opaque keys and cyclic locals are not proven canonical (279.3152ms)
✔ destructured constant and safe type syntax preserve provenance (310.2514ms)
✔ installed MUI renamed styled resolves while local styled does not (349.0252ms)
✔ JavaScript workers remain in the Program import closure (290.8701ms)
✔ malformed element access is unproven rather than crashing the resolver (292.9152ms)
✔ a tsconfig alias cannot label another dependency as genuine MUI (293.1846ms)
✔ MUI re-export through a first-party barrel keeps library identity (275.7964ms)
✔ constant property-key aliases preserve canonical element access (363.7882ms)
✔ public layout mapping cannot be written through a direct consumer reference (410.3577ms)
✔ public layout nested aliases remain readonly (414.0341ms)
✔ public visual mapping already rejects consumer writes (130.1995ms)
✔ canonical readonly style maps remain readable by consumers (390.9252ms)
✔ canonical token space cannot be overwritten through an alias (144.0535ms)
✔ public color export cannot be overwritten (128.7997ms)
✔ readonly token and color reads retain their public types (139.8291ms)
✔ P10/P15 catch alias and neutral-wrapper duplicate insets through fragments and conditionals (284.1415ms)
✔ P20 resolves shared composition identities through a barrel and const component aliases (397.3012ms)
✔ P11/P13 catch static element access roles on every MUI surface, including Paper (318.177ms)
✔ P12 checks React createElement and JSX-runtime element factories (301.4753ms)
✔ P14 resolves bodyMode literal aliases and fails closed when ownership is unknown (914.192ms)
✔ checks Panel ancestry when React elements are created natively (323.0343ms)
✔ keeps independent nested surfaces and portaled dialogs as separate owners (600.1464ms)
✔ accepts finite bodyMode branches and every mode in the public component contracts (983.2779ms)
✔ stops inherited gap ownership at Panels and independent bordered surfaces (561.4469ms)
✔ tracks gaps through fragments, conditions and ready QueryState, but not inside DOM wrappers (274.8039ms)
✔ applies the same finite modes and wrapper boundaries to native React factories (550.8727ms)
✔ recognizes native outlined Paper and nested Box surface inset boundaries (550.8698ms)
✔ fails closed when an unresolved custom wrapper obscures a semantic gap owner (409.0191ms)
✔ rejects unsupported placement and rhythm values while accepting finite aliases and branches (552.2463ms)
✔ rejects unsupported finite values through React element factories (560.8468ms)
✔ accepts semantic composition, closed geometry and business-specific MUI primitives (9.2327ms)
✔ rejects rebuilding each shared spacing owner at a consumer (10.3554ms)
✔ follows aliases, local style variables, object spreads and namespace imports (8.781ms)
✔ rejects direct and spread spacing overrides on semantic components (10.2463ms)
✔ rejects spacing or opaque spreads hidden in geometry (7.8311ms)
✔ allows the canonical owner implementation and fails closed on malformed source (9.7293ms)
✔ rejects duplicated parent boundary and duplicated Panel inset (7.9699ms)
✔ checks default MUI imports and fails closed for opaque geometry (7.1847ms)
✔ distinguishes content grids from flex flows when reporting the shared owner (6.8371ms)
✔ rejects page spacing for paired fields and peer Panels without a section gap owner (7.6858ms)
✔ related sibling gaps belong to ActionGroup comfortable density, not consumer Stack styles (7.7491ms)
✔ check-layout rejects missing-html at the UI entry boundary (591.9887ms)
✔ check-layout rejects missing-style at the UI entry boundary (598.8158ms)
✔ check-layout rejects inline-style at the UI entry boundary (606.1429ms)
✔ check-layout rejects alias-mismatch at the UI entry boundary (607.4708ms)
✔ check-visual-tokens rejects missing-html at the UI entry boundary (588.292ms)
✔ check-visual-tokens rejects missing-style at the UI entry boundary (598.7954ms)
✔ check-visual-tokens rejects inline-style at the UI entry boundary (611.4752ms)
✔ check-visual-tokens rejects alias-mismatch at the UI entry boundary (607.1678ms)
✔ check-ui-composition rejects missing-html at the UI entry boundary (583.7032ms)
✔ check-ui-composition rejects missing-style at the UI entry boundary (624.2956ms)
✔ check-ui-composition rejects inline-style at the UI entry boundary (610.9527ms)
✔ check-ui-composition rejects alias-mismatch at the UI entry boundary (632.3023ms)
✔ DOM entry inspection never executes an inline script and detects decoded attributes (22.4161ms)
✔ manifest icons are resolved and malformed manifest data fails closed (21.3208ms)
✔ data and remote module sources cannot stand in for a scanned script entry (18.8474ms)
✔ an unused alias map cannot prove the exported Vite configuration (15.4799ms)
✔ a Vite HTML generator cannot inject an unscanned stylesheet through a hook (15.4472ms)
✔ accepts current fingerprints, honest open coverage, and explained N/A (12.8022ms)
✔ rejects a stale source fingerprint (12.1532ms)
✔ rejects a stale command log (12.3255ms)
✔ rejects missing, absolute, and escaping source paths (12.3218ms)
✔ rejects unrun, missing, duplicate, and nonzero command results marked PASS (11.9891ms)
✔ rejects PASS when expected and observed results differ (12.0324ms)
✔ rejects inconsistent coverage and N/A without a reason (12.9138ms)
✔ rejects a baseline falsely dated after implementation started and detects changed baseline artifacts (15.7796ms)
✔ COMPLETE cannot contain open coverage or failed commands (13.2424ms)
✔ S19 must explicitly reconcile files, APIs, routes, rendered routes, slots, and states (16.5774ms)
✔ rejects malformed top-level evidence instead of treating missing fields as success (12.8793ms)
✔ check-layout fails closed for relative missing import (719.0863ms)
✔ check-layout fails closed for aliased missing import (588.6454ms)
✔ check-layout fails closed for missing CSS import (616.0973ms)
✔ check-layout fails closed for opaque dynamic import (627.9295ms)
✔ check-visual-tokens fails closed for relative missing import (602.2375ms)
✔ check-visual-tokens fails closed for aliased missing import (600.4429ms)
✔ check-visual-tokens fails closed for missing CSS import (604.2151ms)
✔ check-visual-tokens fails closed for opaque dynamic import (625.0138ms)
✔ check-ui-composition fails closed for relative missing import (654.2187ms)
✔ check-ui-composition fails closed for aliased missing import (629.1606ms)
✔ check-ui-composition fails closed for missing CSS import (600.0963ms)
✔ check-ui-composition fails closed for opaque dynamic import (590.1955ms)
✔ scope follows a canonical package alias and classifies data assets separately (19.0718ms)
✔ scope follows CSS imports and rejects a missing nested stylesheet (19.7997ms)
✔ missing and malformed tsconfig cannot silently supply default resolution (11.5009ms)
✔ scope rejects discovered script sources omitted by the compiler config (17.1194ms)
✔ config includes are discovered even when a package source has no app import yet (17.0782ms)
✔ a first-party import cannot silently claim source outside the project (17.1404ms)
✔ malformed CSS and unhandled stylesheet languages cannot be classified as harmless data (20.8127ms)
✔ CSS asset URLs resolve with queries and fragments and reject missing files (29.9006ms)
✔ native service worker scripts enter the source closure and missing URLs fail (29.2034ms)
✔ Vite BASE_URL sample downloads enter asset coverage and missing samples fail (29.0031ms)
✔ a declared MSW worker has a vendor owner and rejects modifications (42.6105ms)
✔ CommonJS and TypeScript import-equals cannot hide missing first-party modules (33.104ms)
✔ canonical writes through casts and aliases fail outside style expressions (1010.8707ms)
✔ Object.assign cannot mutate canonical data but can copy to a fresh object (1949.5513ms)
✔ layout gate rejects raw spacing on const alias of MUI component (985.2481ms)
✔ canonical mutation gate follows global mutator aliases and reflection (995.7975ms)
✔ local mutator names do not acquire global mutation identity (973.6753ms)
✔ destructured mutators and call/apply retain canonical mutation checks (967.376ms)
✔ global mutator call/apply can copy canonical values into fresh objects (963.5514ms)
✔ mutable aliases with possible canonical destinations fail closed (962.084ms)
✔ opaque apply arguments fail closed while unrelated mutable data stays valid (1916.98ms)
✔ canonical references inside containers and destructured aliases cannot be mutated (976.701ms)
✔ independent shallow copies of scalar canonical fields remain mutable (973.3089ms)
✔ array references and nested destructuring preserve canonical write provenance (997.6607ms)
✔ array destinations distinguish independent elements from canonical references (1012.0349ms)
✔ array destructuring, dynamic indices and spread cannot hide canonical references (1059.8053ms)
✔ dynamic indices and destructuring of independent arrays stay mutable (1016.3556ms)
✔ function parameters cannot hide canonical mutation across source files (1031.7605ms)
✔ read-only helpers and mutations of unrelated arguments remain valid (1033.3818ms)
✔ returned canonical references remain protected across helper boundaries (1133.6518ms)
✔ helper returns of fresh scalar copies do not retain canonical destination identity (1222.8754ms)
✔ destructured object parameters cannot mutate canonical arguments (1357.876ms)
✔ destructured object parameters retain independent argument mutability (1047.3138ms)
✔ default parameter and binding initializers cannot hide canonical mutations (1145.1179ms)
✔ fresh default parameter and binding copies remain mutable (1176.8867ms)
✔ rest parameters retain canonical argument write provenance (1078.9118ms)
✔ rest parameters distinguish independent positions from canonical siblings (1043.6432ms)
✔ finite spread arguments preserve shifted positional and rest destinations (1040.1694ms)
✔ finite spread expansion keeps independent argument positions mutable (1032.65ms)
✔ opaque spreads keep positional mutation destinations unknown (1205.2222ms)
✔ opaque spreads into read-only helpers do not invent mutation findings (1000.7124ms)
✔ array parameter patterns retain canonical positions including nested object arrays (1004.8952ms)
✔ array parameter patterns retain independent bound element mutability (1039.4494ms)
✔ layout gate rejects parameter shadow of canonical layout name (1027.7688ms)
✔ layout gate follows genuine renamed styled factory (1180.0027ms)
✔ layout gate accepts canonical namespace, element access and barrel alias (1019.6294ms)
✔ layout gate does not mistake local component named Stack for MUI (1022.7981ms)
✔ layout gate inspects renamed installed Emotion css tag (1033.7167ms)
✔ layout gate preserves genuine aliased Controller field forwarding (1016.8037ms)
✔ a same-named local Controller cannot exempt an unknown prop spread (1023.0854ms)
✔ genuine useForm registration survives property and destructured aliases (1009.5973ms)
✔ a function named register cannot exempt injected style props (1039.3149ms)
✔ a bridge callback parameter cannot impersonate its private factor binding (1029.8727ms)
✔ opaque namespace component selection remains a strict binding failure (1022.9815ms)
✔ opaque namespace factory cannot hide style arguments (1128.099ms)
✔ MUI re-export cannot hide raw spacing behind a first-party barrel (1301.968ms)
✔ destructuring assignments cannot hide canonical write targets (1018.5652ms)
✔ destructuring assignments can update independent copied destinations (1038.9557ms)
✔ object rest retains nested canonical references while copying the outer object (1039.1769ms)
✔ rest scalar copies and replacement of container references stay mutable (995.291ms)
✔ shallow object spread preserves canonical child references and last-writer order (1329.8287ms)
✔ shallow spread with a later independent override stays mutable (1032.4206ms)
✔ exported mutable aliases retain assignments from their declaring file (1045.5491ms)
✔ exported independent mutable data does not acquire canonical provenance (1057.161ms)
✔ literal computed keys retain canonical container and parameter provenance (1030.8724ms)
✔ literal computed keys do not taint independent selected properties (1241.5392ms)
✔ Object.assign shallow copies retain canonical nested reference provenance (1035.4852ms)
✔ Object.assign later independent overrides and scalar copies stay mutable (1039.1141ms)
✔ union and dynamic property selections retain possible canonical destinations (1027.9566ms)
✔ finite union property selections exclude canonical siblings not in the key set (1028.0565ms)
✔ union selection over Object.assign output retains canonical child provenance (1001.6605ms)
✔ union selection over independent Object.assign output remains mutable (1148.5118ms)
✔ Reflect.set call/apply checks the target argument rather than the assigned value (3174.2803ms)
✔ aliased React createElement checks MUI and native style objects (1306.8835ms)
✔ GlobalStyles.styles is checked and local createElement names stay local (2117.3604ms)
✔ React JSX runtime factories cannot bypass MUI or native style checks (1060.7548ms)
✔ React cloneElement checks the cloned MUI element and preserves native props (4184.9788ms)
✔ Emotion css props and object factories are inspected with native CSS semantics (3036.2906ms)
✔ Inline style elements in JSX, React factories, DOM and the HTML entry fail closed (8704.4665ms)
✔ DOM CSSOM spacing writes use semantic roles and reject opaque style strings (2056.7084ms)
✔ HTML parsing and runtime stylesheet mutation cannot bypass the imported CSS boundary (2218.8794ms)
✔ spacing shorthand values and responsive breakpoints preserve token and unit provenance (10081.3856ms)
✔ function return producers cannot hide canonical children behind spreads (1022.6805ms)
✔ producer spreads keep later independent child overrides writable (979.9475ms)
✔ Amount consumers declare wrapping outside DataTable columns and keep table money unbroken (26.0295ms)
✔ the shared catalog covers every public React component and supporting Column type (27.7631ms)
✔ SPC-067 covers discovered public Shared APIs without a fixed export count (8.6382ms)
✔ every public React API has a direct rendered contract test (8.5199ms)
✔ catalog declaration lines and stated JSX counts match resolved source symbols (25.8586ms)
✔ every shared React export has a resolved production consumer or an explicit zero-use lifecycle decision (22.1205ms)
✔ required UI evidence and regression gates remain wired to root verify and the active parent workflow (7.9484ms)
✔ composition prop allowlists match the TypeScript owners exactly (7.3207ms)
✔ QueryState uses only the approved inline and section pending profiles (7.8646ms)
✔ QueryState consumers reserve section loading for primary content and keep every other state inline by default (34.0623ms)
✔ body modes, placement roles and geometry keys match the TypeScript contracts (8.8133ms)
✔ Panel geometry and DataTable columns remain closed public contracts (12.0107ms)
✔ shared component and composition props expose no arbitrary layout/style escape hatch (7.6519ms)
✔ layout role types, runtime values, consumers and ownership documentation stay closed (2388.5063ms)
✔ check-layout rejects missing source instead of returning an empty PASS (418.7686ms)
✔ check-layout rejects empty source instead of returning an empty PASS (423.7766ms)
✔ check-layout rejects generated-only source instead of returning an empty PASS (415.5008ms)
✔ check-layout rejects jsx-parse source instead of returning an empty PASS (426.8653ms)
✔ check-visual-tokens rejects missing source instead of returning an empty PASS (421.2087ms)
✔ check-visual-tokens rejects empty source instead of returning an empty PASS (424.9463ms)
✔ check-visual-tokens rejects generated-only source instead of returning an empty PASS (422.0557ms)
✔ check-visual-tokens rejects jsx-parse source instead of returning an empty PASS (414.2342ms)
✔ check-ui-composition rejects missing source instead of returning an empty PASS (419.7173ms)
✔ check-ui-composition rejects empty source instead of returning an empty PASS (501.1115ms)
✔ check-ui-composition rejects generated-only source instead of returning an empty PASS (749.9043ms)
✔ check-ui-composition rejects jsx-parse source instead of returning an empty PASS (432.469ms)
✔ visual checker accepts canonical theme roles, token references, geometry and semantic responsive props (382.1829ms)
✔ visual checker rejects raw literals across sx, JSX system props and CSS declarations (290.7193ms)
✔ visual checker follows local style aliases and callback themes, but fails raw nested values (294.6935ms)
✔ visual checker reports unresolved spreads and malformed style sources as UNKNOWN or parse errors (296.6036ms)
✔ visual checker includes newly added TSX files under the source root (290.8165ms)

Running 614 tests using 1 worker

(node:21920) Warning: The 'NO_COLOR' env is ignored due to the 'FORCE_COLOR' env being set.
(Use `node --trace-warnings ...` to show where the warning was created)
  ok   1 [chromium] › tests\accessibility\routes.spec.ts:17:1 › all canonical routes pass whole-page WCAG 2.1 A/AA axe checks in the React demo (55.4s)
[artifact-preview] {"scope":"FRONTEND_WITH_SYNTHETIC_MOCK_API","artifact":"apps/web/dist-demo","browserMetrics":{"browser":"Mozilla/5.0 (Windows NT 10.0; Win64; x64) AppleWebKit/537.36 (KHTML, like Gecko) Chrome/153.0.8010.12 Safari/537.36","viewport":{"width":1280,"height":720},"route":"/s/shop-demo/overview","domContentLoadedMs":64,"loadEventMs":64,"scriptCount":11,"scriptTransferBytes":451708,"scriptAssets":[{"file":"index-CoU6UQCz.js","transferBytes":29819,"decodedBytes":93293,"durationMs":9},{"file":"query-5vm9EU1C.js","transferBytes":10220,"decodedBytes":33154,"durationMs":9},{"file":"react-runtime-D0NtfbPC.js","transferBytes":90580,"decodedBytes":279779,"durationMs":14},{"file":"mui-azn9KfGV.js","transferBytes":100319,"decodedBytes":328326,"durationMs":15},{"file":"i18n-xB0mQYCC.js","transferBytes":15416,"decodedBytes":46142,"durationMs":11},{"file":"contract-data-D-QqiNa-.js","transferBytes":37614,"decodedBytes":309769,"durationMs":11},{"file":"schema-validation-Bhr7oAQE.js","transferBytes":45419,"decodedBytes":149800,"durationMs":12},{"file":"service-BepI4YXI.js","transferBytes":35006,"decodedBytes":159351,"durationMs":6},{"file":"browser-BYxMbOl6.js","transferBytes":87315,"decodedBytes":255636,"durationMs":9},{"file":"index-B3YdIA2w.js","transferBytes":0,"decodedBytes":9327,"durationMs":52},{"file":"hooks-Bhqdu1Wh.js","transferBytes":0,"decodedBytes":4582,"durationMs":55}]},"bundles":{"javascriptFiles":32,"totalBytes":2374105,"totalGzipBytes":680383,"initialRouteGzipBytes":454847,"proposedBudgets":{"initialRouteGzipKiB":500,"largestChunkGzipKiB":200,"basis":"Local demo preview limits for the measured Chromium artifact; not a backend or platform SLO."},"largest":[{"file":"apps/web/dist-demo/assets/mui-azn9KfGV.js","bytes":328326,"gzipBytes":100019},{"file":"apps/web/dist-demo/assets/charts-RcpaDpmM.js","bytes":313031,"gzipBytes":94993},{"file":"apps/web/dist-demo/assets/contract-data-D-QqiNa-.js","bytes":309769,"gzipBytes":37314},{"file":"apps/web/dist-demo/assets/react-runtime-D0NtfbPC.js","bytes":279779,"gzipBytes":90280},{"file":"apps/web/dist-demo/assets/browser-BYxMbOl6.js","bytes":255636,"gzipBytes":87015}]},"observedApi":{"path":"/api/v2/session","status":200,"servedBy":"MSW in the built demo artifact"},"dataSource":"synthetic-msw"}
  ok   2 [chromium] › tests\artifacts\demo-preview.spec.ts:39:1 › the built demo artifact serves the React UI and synthetic API through preview (722ms)
[large-dataset-api] {"url":"http://127.0.0.1:56604/api/v2/shops/shop-demo/customers?limit=20","count":20,"page":{"limit":20,"total":1004,"hasMore":true,"nextCursor":"perf-customer-0016"},"firstIds":["c1","c2","c3"]}
[large-dataset-preview] {"scope":"FRONTEND_WITH_SYNTHETIC_MOCK_API","artifact":"apps/web/dist-demo","datasetId":"FE025-LARGE-CUSTOMERS-1000-V1","generatedRows":1000,"firstPageIds":["c1","c2","c3","c4","perf-customer-0001","perf-customer-0002","perf-customer-0003","perf-customer-0004","perf-customer-0005","perf-customer-0006","perf-customer-0007","perf-customer-0008","perf-customer-0009","perf-customer-0010","perf-customer-0011","perf-customer-0012","perf-customer-0013","perf-customer-0014","perf-customer-0015","perf-customer-0016"],"api":{"status":200,"pageLimit":20,"total":1004,"hasMore":true,"nextCursor":"perf-customer-0016"},"domRowsIncludingHeader":21,"firstPageReadyMs":372,"browser":"Mozilla/5.0 (Windows NT 10.0; Win64; x64) AppleWebKit/537.36 (KHTML, like Gecko) Chrome/153.0.8010.12 Safari/537.36","viewport":{"width":1280,"height":720},"note":"Synthetic customer identities only; the React screen renders one API page and exposes the next cursor instead of mounting the full collection."}
  ok   3 [chromium] › tests\artifacts\demo-preview.spec.ts:103:1 › a thousand synthetic customers remain API-paginated in the built demo artifact (991ms)
  ok   4 [chromium] › tests\artifacts\demo-preview.spec.ts:141:1 › the production artifact contains neither the mock worker asset nor MSW fixtures/runtime (9ms)
  ok   5 [chromium] › tests\fe009.spec.ts:35:1 › workspace onboarding creates a shop with an active membership and returns to its scoped route (2.4s)
  ok   6 [chromium] › tests\fe009.spec.ts:57:1 › customer create validates fields, submits through mock HTTP, and preserves edits after a stale version (3.7s)
  ok   7 [chromium] › tests\fe009.spec.ts:125:1 › customer detail keeps redacted contact fields read-only and does not overwrite them on save (1.2s)
  ok   8 [chromium] › tests\fe009.spec.ts:142:1 › job detail follows an export created in the current synthetic shop and can refetch it (1.4s)
  ok   9 [chromium] › tests\fe009.spec.ts:177:1 › FE009.G01 shop setup checklist guides to supported pages and leaves missing contract fields unverified (1.1s)
  ok  10 [chromium] › tests\fe009.spec.ts:190:1 › FE009.G05 marketing consent preview is interactive but never claims server opt-out (1.2s)
  ok  11 [chromium] › tests\fe009.spec.ts:205:1 › FE009.H06 audit screen distinguishes available fields from missing contract detail (1.1s)
  ok  12 [chromium] › tests\fe009.spec.ts:214:1 › FE009.B06 after-sale cases only link orders loaded for the selected customer and customer profile shows their shipment (5.1s)
  ok  13 [chromium] › tests\fe009.spec.ts:246:1 › team invitation and membership revoke stay shop-scoped and protect the active owner (2.3s)
  ok  14 [chromium] › tests\fe009.spec.ts:282:1 › privacy delete requests remain pending approval with no frontend step-up shortcut (2.6s)
  ok  15 [chromium] › tests\fe010.spec.ts:38:1 › product editor validates positive prices, protects image-only drafts, and saves variant payload through mock HTTP (3.7s)
  ok  16 [chromium] › tests\fe010.spec.ts:108:1 › product update sends If-Match and keeps edits visible after a 412 conflict (2.1s)
  ok  17 [chromium] › tests\fe010.spec.ts:140:1 › warehouse role can read catalog products but cannot edit product fields or price cost data (775ms)
  ok  18 [chromium] › tests\fe010.spec.ts:149:1 › categories create, search, update with a version, and render cursor pagination (1.9s)
  ok  19 [chromium] › tests\fe010.spec.ts:178:1 › CSV preview reports row-level errors and commits only valid product rows (2.0s)
  ok  20 [chromium] › tests\fe010.spec.ts:250:1 › import validation token is rejected with 412 after catalog changes and the preview remains visible (2.0s)
  ok  21 [chromium] › tests\fe010.spec.ts:282:1 › CSV demo row limit is explained and rejects more than 1000 data rows before preview (1.2s)
  ok  22 [chromium] › tests\fe010.spec.ts:295:1 › demo upload rejects files over 5 MB before making an upload request (1.4s)
UI005 acceptance: {"categoryTotal":105,"createCategoryId":"cat-2","editCategoryId":"cat-0","categoryRequests":20}
  ok  23 [chromium] › tests\fe010.spec.ts:306:1 › product category lookup pages the full collection and preserves the selected category while editing (8.8s)
  ok  24 [chromium] › tests\fe011.spec.ts:35:1 › FE011.AC01 snapshot drives stock totals and the SKU opens its catalog result (1.3s)
  ok  25 [chromium] › tests\fe011.spec.ts:54:1 › FE011.AC02 adjustment validates, waits for mock confirmation, and reconciles movement history once (3.8s)
  ok  26 [chromium] › tests\fe011.spec.ts:92:1 › FE011.AC03 conflict and insufficient stock preserve the draft and never update optimistically (2.7s)
  ok  27 [chromium] › tests\fe011.spec.ts:120:1 › FE011.AC03 forbidden adjustment retains user input and shows no success state (1.7s)
  ok  28 [chromium] › tests\fe011.spec.ts:136:1 › FE011.AC03 unknown command blocks duplicate submission until shared recovery reconciles it (1.8s)
  ok  29 [chromium] › tests\fe011.spec.ts:154:1 › FE011.AC04 movement contract filters are URL-backed and history exposes actor and permission-gated source (1.2s)
  ok  30 [chromium] › tests\fe011.spec.ts:182:1 › FE011.AC05 inventory reflows at mobile widths, passes axe, and restores keyboard focus after adjustment dialog (1.7s)
  ok  31 [chromium] › tests\fe011.spec.ts:205:1 › FE011.AC03 unknown shop scope shows no stock from another shop (254ms)
  ok  32 [chromium] › tests\fe012.spec.ts:35:1 › FE012.AC01 searchable customer and product pickers submit contract-shaped draft and reject fractional quantity (3.8s)
  ok  33 [chromium] › tests\fe012.spec.ts:93:1 › FE012 demo address choice is labeled synthetic and completes the mock order flow (4.8s)
  ok  34 [chromium] › tests\fe012.spec.ts:122:1 › FE012.AC01 editing lines invalidates quote and customer consent; a new quote is required before confirmation (3.9s)
  ok  35 [chromium] › tests\fe012.spec.ts:182:1 › FE012.AC03 mock stale-version 412 preserves draft fields and does not show success (1.4s)
  ok  36 [chromium] › tests\fe012.spec.ts:199:1 › FE012.AC03 offline state blocks quote mutation while retaining the loaded draft (1.1s)
  ok  37 [chromium] › tests\fe012.spec.ts:211:1 › FE012.AC03 unknown confirm outcome blocks duplicate writes until shared command recovery is available (2.1s)
  ok  38 [chromium] › tests\fe012.spec.ts:257:1 › FE012.AC03 quote and customer confirmation expiration disable confirmation using API time (2.5s)
  ok  39 [chromium] › tests\fe012.spec.ts:277:1 › FE012.AC03 returns reject fractional/over-original quantities locally and preserve data on cumulative mock rejection (1.2s)
  ok  40 [chromium] › tests\fe012.spec.ts:301:1 › FE012.AC04 return inspection loads the current case and applies accepted partial quantity to mock stock and refund (2.3s)
  ok  41 [chromium] › tests\fe012.spec.ts:354:1 › FE012.AC03 handed-over order routes to returns and exposes no ordinary cancel action (1.1s)
  ok  42 [chromium] › tests\fe012.spec.ts:361:1 › FE012.AC05 order drafting remains usable without horizontal page overflow and passes focused axe checks (1.4s)
  ok  43 [chromium] › tests\fe013.spec.ts:40:1 › FE013.C04 shipping preview distinguishes missing address, unserviceable zone, and expired mock quote (3.0s)
  ok  44 [chromium] › tests\fe013.spec.ts:65:1 › FE013.AC01–AC04 stale claim conflict is visible; pick, pack, dispatch and delivery use current API versions once (6.7s)
  ok  45 [chromium] › tests\fe013.spec.ts:203:1 › FE013.AC03 unknown handover cannot be repeated before command reconciliation (3.5s)
  ok  46 [chromium] › tests\fe013.spec.ts:250:1 › FE013.AC01 role scope and FE013.AC05 responsive shipment/preparation views remain accessible (3.0s)
  ok  47 [chromium] › tests\fe014.spec.ts:25:1 › FE014.AC01 multi-line purchase validates MOQ/pack size and binds approval to the created intent (3.1s)
  ok  48 [chromium] › tests\fe014.spec.ts:77:1 › FE027.D02 supplier workspace edits the selected contact through its current version and displays MOQ offers (1.5s)
  ok  49 [chromium] › tests\fe014.spec.ts:95:1 › FE014.AC02 approval covers the exact purchase intent; unknown send is blocked from blind retry (4.1s)
  ok  50 [chromium] › tests\fe014.spec.ts:154:1 › FE014.S03 auto-send cannot be configured without an enabled procurement budget (2.3s)
  ok  51 [chromium] › tests\fe014.spec.ts:167:1 › FE014.S03 manager without procurement.receive cannot open receipt actions (2.4s)
  ok  52 [chromium] › tests\fe014.spec.ts:187:1 › FE014.AC03 partial receipt posts only accepted units to synthetic stock and payable once (3.4s)
  ok  53 [chromium] › tests\fe014.spec.ts:258:1 › FE014.D03/D04/D07 replenishment uses min-max rules, labels forecast limits, and blocks duplicate proposals (1.8s)
  ok  54 [chromium] › tests\fe015.spec.ts:50:1 › FE015.AC01 report filters use exact timezone boundaries and mock API aggregates (1.3s)
  ok  55 [chromium] › tests\fe015.spec.ts:96:1 › FE021.E08 report explanation is mock-only, cites the filtered P&L snapshot, and never writes finance data (1.1s)
  ok  56 [chromium] › tests\fe015.spec.ts:117:1 › UI003 report timestamps follow the active shop timezone (2.2s)
  ok  57 [chromium] › tests\fe015.spec.ts:174:1 › FE015.E02/E03 profit report renders canonical cost, gross-profit and operating-expense values (687ms)
  ok  58 [chromium] › tests\fe015.spec.ts:202:1 › FE015.AC02 journal rejects unbalanced decimal lines before POST and sends exact money strings (2.5s)
  ok  59 [chromium] › tests\fe015.spec.ts:237:1 › FE015.AC02 closed accounting period is visible and disables journal draft creation (1.7s)
  ok  60 [chromium] › tests\fe015.spec.ts:258:1 › FE015.AC03 CSV import keeps partial row failures visible and deduplicates external transactions (1.5s)
  ok  61 [chromium] › tests\fe015.spec.ts:281:1 › UI001 reconciliation cursors stay scoped and dialogs load choices beyond the visible table page (8.5s)
  ok  62 [chromium] › tests\fe015.spec.ts:408:1 › FE015.AC03 COD settlement matches net remittance plus documented fee (3.3s)
  ok  63 [chromium] › tests\fe015.spec.ts:442:1 › FE015.AC03 partial bank allocation leaves the remaining amount and debt visible (2.4s)
  ok  64 [chromium] › tests\fe015.spec.ts:467:1 › FE015.AC03 unknown journal posting is not resent from the same draft (3.8s)
  ok  65 [chromium] › tests\fe016.spec.ts:68:1 › UI015 mobile demo tools disclose by keyboard and inbox stays within narrow viewports (878ms)
  ok  66 [chromium] › tests\fe016.spec.ts:101:1 › FE016 conversation keeps its composer visible while long demo context scrolls independently (1.3s)
  ok  67 [chromium] › tests\fe016.spec.ts:184:1 › FE016.AC01 inbox filters call canonical query fields and remain bookmarked through conversation details (1.9s)
  ok  68 [chromium] › tests\fe016.spec.ts:212:1 › Shared consolidation Inbox preserves selected filters and composer draft through metadata pending error empty and recovery (1.8s)
  ok  69 [chromium] › tests\fe016.spec.ts:272:1 › FE016.AC01 list cursor is isolated from message cursor and restored on back navigation (765ms)
  ok  70 [chromium] › tests\fe016.spec.ts:291:1 › UI002 inbox list and message cursors stay independent through paging, conversation switch and shop change (2.3s)
  ok  71 [chromium] › tests\fe016.spec.ts:380:1 › UI002 mobile keeps the list page while messages page and Back restores it (1.8s)
  ok  72 [chromium] › tests\fe016.spec.ts:424:1 › UI002 Inbox search resets only the list cursor while a message page is open (1.6s)
  ok  73 [chromium] › tests\fe016.spec.ts:481:1 › UI002 deep link, refresh and mobile Back preserve their own cursors (1.3s)
  ok  74 [chromium] › tests\fe016.spec.ts:535:1 › UI002 list and message panel errors remain isolated (4.9s)
  ok  75 [chromium] › tests\fe016.spec.ts:559:1 › UI002 send, invalidation and resync keep both cursors and send only once (1.7s)
  ok  76 [chromium] › tests\fe016.spec.ts:619:1 › FE016.AC01 takeover and reply use current versions and show API send state without claiming delivery (1.6s)
  ok  77 [chromium] › tests\fe016.spec.ts:646:1 › FE016.AC02 internal notes render HTML-like text inert and feedback creates only a review draft (1.4s)
  ok  78 [chromium] › tests\fe016.spec.ts:677:1 › FE016.AC03 unknown send keeps the reply draft, exposes command recovery and never blindly resends (1.2s)
  ok  79 [chromium] › tests\fe016.spec.ts:700:1 › FE016.AC04 role without customer/order permissions cannot open those cross-module references (819ms)
  ok  80 [chromium] › tests\fe016.spec.ts:711:1 › FE016.S03 stale takeover preserves reason and reports the version conflict (1.7s)
  ok  81 [chromium] › tests\fe016.spec.ts:727:1 › FE016.B05 cross-sell promotion preview shows sample rules without applying a discount (1.1s)
  ok  82 [chromium] › tests\fe016.spec.ts:741:1 › FE016.B08 image and voice preview is synthetic and stays local (1.1s)
  ok  83 [chromium] › tests\fe016.spec.ts:756:1 › FE027.B01 industry sales script preview asks for missing facts and stays a local draft (1.4s)
  ok  84 [chromium] › tests\fe016.spec.ts:772:1 › FE027.B02 inbox price and available stock preview uses current canonical mock reads (783ms)
  ok  85 [chromium] › tests\fe016.spec.ts:793:1 › FE027.B03 order capture links the active customer and conversation into the manual order form (1.3s)
  ok  86 [chromium] › tests\fe016.spec.ts:803:1 › FE027.B04 automatic order confirmation stays unavailable until policy and customer evidence exist (1.1s)
  ok  87 [chromium] › tests\fe017-validation.spec.ts:15:1 › FE017 synthetic 422 keeps the knowledge draft fields and shows field errors (1.3s)
  ok  88 [chromium] › tests\fe017.spec.ts:24:1 › FE017.AC01 demo publishing uses the approved permission and lifecycle substitute without an API allowedActions field (2.9s)
  ok  89 [chromium] › tests\fe017.spec.ts:115:1 › FE017.AC02 knowledge file upload sends canonical purpose and detail reads processing status (1.6s)
  ok  90 [chromium] › tests\fe017.spec.ts:154:1 › FE017 price and stock source preview uses canonical product and timestamped inventory APIs (722ms)
  ok  91 [chromium] › tests\fe017.spec.ts:187:1 › FE017.AC03 missing content, unsupported and oversized files keep creation unavailable (1.5s)
  ok  92 [chromium] › tests\fe017.spec.ts:209:1 › FE017.AC04 feedback approval creates inert draft content and its first revision only (2.2s)
  ok  93 [chromium] › tests\fe017.spec.ts:242:1 › FE017.AC05 manager sees knowledge read-only and synthetic API rejects purpose-specific upload and publish (712ms)
  ok  94 [chromium] › tests\fe017.spec.ts:263:1 › FE017.AC06 stale review preserves the reason and explains the conflict (1.2s)
  ok  95 [chromium] › tests\fe017.spec.ts:278:1 › FE027.G02 product content brief edits source, size, warranty, alternatives, and forbidden claims locally (1.1s)
  ok  96 [chromium] › tests\fe017.spec.ts:296:1 › FE027.G03 policy revisions keep the published snapshot immutable when a draft changes (787ms)
  ok  97 [chromium] › tests\fe018.spec.ts:128:1 › FE018.S01 maps routes and operations to the canonical OpenAPI permissions (445ms)
  ok  98 [chromium] › tests\fe018.spec.ts:145:1 › FE018.AC01/04 draft saves use the contract version and keep human order confirmation locked after a conflict (3.0s)
  ok  99 [chromium] › tests\fe018.spec.ts:176:1 › FE018.AC03 evaluation is synthetic, revision-bound, and cannot publish a stale draft (2.8s)
  ok 100 [chromium] › tests\fe018.spec.ts:200:1 › FE018.AC01/04 successful publish is tied to the tested revision and pause explains its boundary (2.6s)
  ok 101 [chromium] › tests\fe018.spec.ts:230:1 › FE018.AC03 playground sends no external message and preserves unknown cost and token values (1.7s)
  ok 102 [chromium] › tests\fe018.spec.ts:252:1 › FE018.S03 synthetic budget and tool denials retain the prompt and never show a generated answer (3.1s)
  ok 103 [chromium] › tests\fe018.spec.ts:278:1 › FE027.H03 budget and provider failover preview refuses silent provider switching on exhaustion (1.5s)
  ok 104 [chromium] › tests\fe018.spec.ts:292:1 › FE018.AC02 role kill switch is versioned, preserves API tools, and does not pause the whole bot (3.3s)
  ok 105 [chromium] › tests\fe018.spec.ts:333:1 › FE018.AC02 expired, wrong-scope, and matching approvals produce honest budget results (1.8s)
  ok 106 [chromium] › tests\fe018.spec.ts:361:1 › FE018.AC05 manager and bot-admin roles cannot use operations outside their canonical permissions (1.7s)
  ok 107 [chromium] › tests\fe018.spec.ts:393:1 › FE018.AC05 unknown role command stays unresolved and does not claim successful resumption (2.3s)
UI004_25_ACCEPTANCE={"total":25,"pageSizes":[20,5],"cursor":"evaluation-10016","oldestRecord":"evaluation-10001","oldestReachable":true,"detailPreservedCursor":true,"browserBackRestoredFirstPage":true,"searchResetCursor":true}
  ok 108 [chromium] › tests\fe018.spec.ts:409:1 › UI004 25 evaluations: cursor pages reach the last record and preserve detail, search, and browser Back state (2.6s)
UI004_105_ACCEPTANCE={"total":105,"pageSizes":[20,20,20,20,20,5],"pagesVisited":6,"cursorRequests":["evaluation-10256","evaluation-10196","evaluation-10136","evaluation-10076","evaluation-10016"],"uniqueRecords":105,"oldestRecord":"evaluation-10001","oldestReachable":true,"failedCursorRetainedForRetry":"evaluation-10196","errorShowsNoFabricatedRows":true,"retrySucceeded":true}
  ok 109 [chromium] › tests\fe018.spec.ts:455:1 › UI004 105 evaluations: cursor traversal reaches every record and retains the failing cursor for retry (7.0s)
  ok 110 [chromium] › tests\fe019.spec.ts:21:1 › FE019.S01 maps integrations and notification routes, actions, schemas, and mock boundaries (12ms)
  ok 111 [chromium] › tests\fe019.spec.ts:70:1 › FE019.AC01 AI secret is write-only, cleared after submit, and absent from stored/read data (2.2s)
  ok 112 [chromium] › tests\fe019.spec.ts:117:1 › FE019.AC01 invalid mock credential is rejected, cleared from the form, and not submitted (1.7s)
  ok 113 [chromium] › tests\fe019.spec.ts:138:1 › FE019.AC02 channel OAuth failure stays on the page and never marks a channel connected (1.2s)
  ok 114 [chromium] › tests\fe019.spec.ts:172:1 › FE019.AC03/04 device, Telegram, and PWA checks stay synthetic and do not request OS permission (2.6s)
  ok 115 [chromium] › tests\fe019.spec.ts:251:1 › FE019.AC05 notification policy validates canonical numeric bounds before sending and acknowledges only allowed work (2.2s)
  ok 116 [chromium] › tests\fe019.spec.ts:273:1 › FE019.A03 notification order link stays within the active shop scope (1.2s)
  ok 117 [chromium] › tests\fe019.spec.ts:282:1 › FE019.A05 reminder policy saves shop-local schedule and quiet hours through the synthetic API (1.3s)
  ok 118 [chromium] › tests\fe019.spec.ts:309:1 › FE027.A02/A07 preparation notification keeps order evidence and separates queued, opened, and acknowledged states (638ms)
  ok 119 [chromium] › tests\fe019.spec.ts:334:1 › FE027.A08 notification settings disclose server-only deduplication and callback safeguards (1.1s)
  ok 120 [chromium] › tests\fe020.spec.ts:41:1 › FE020.AC01 approval detail is fetched and a changed source resource rejects the stale decision (2.9s)
  ok 121 [chromium] › tests\fe020.spec.ts:87:1 › FE020.AC02/03 work-item actions follow allowedActions and operations health stays explicitly synthetic (2.4s)
  ok 122 [chromium] › tests\fe020.spec.ts:137:1 › FE020.AC03 role pause control uses the canonical versioned mock and never claims readiness (1.5s)
  ok 123 [chromium] › tests\fe020.spec.ts:154:1 › FE020.F03 operations exception filter groups overdue, blocked, and unclaimed synthetic work (1.1s)
  ok 124 [chromium] › tests\fe020.spec.ts:175:1 › FE020.F05 delegation rule preview stays local and grants no API approval capability (1.6s)
  ok 125 [chromium] › tests\fe020.spec.ts:192:1 › FE020.F06/H01 digest and dependency health panels show synthetic history without claiming workers are ready (677ms)
  ok 126 [chromium] › tests\fe020.spec.ts:225:1 › FE027.H08 restore and release readiness stay unknown without a verified rehearsal or deployment gate (1.1s)
  ok 127 [chromium] › tests\fe021.spec.ts:29:1 › FE021 dashboard keeps independent panels usable and hides finance fields without finance.read (772ms)
  ok 128 [chromium] › tests\fe021.spec.ts:41:1 › FE021 marketing chart and table match the same synthetic API fixture and preserve missing actual spend (1.6s)
  ok 129 [chromium] › tests\fe021.spec.ts:64:1 › FE021 export uses inclusive shop-local boundaries, safe CSV, API jobs and cursor pagination (2.4s)
  ok 130 [chromium] › tests\fe021.spec.ts:119:1 › FE021 mock rejects an export when reports.export lacks the source permission (757ms)
  ok 131 [chromium] › tests\fe021.spec.ts:139:1 › FE021 mock rejects an invalid report timezone before creating an export job (1.1s)
  ok 132 [chromium] › tests\fe021.spec.ts:159:1 › FE021 ambiguous export result preserves the selected dates and never exposes a download (2.4s)
  ok 133 [chromium] › tests\fe021.spec.ts:172:1 › FE021 empty report and marketing payloads render explicit empty states (1.8s)
  ok 134 [chromium] › tests\fe021.spec.ts:191:1 › FE021 stale export conflict preserves dates and never exposes a download (2.4s)
  ok 135 [chromium] › tests\frontend-corrections.spec.ts:18:1 › F01 preserves a customer draft, compares three snapshots, and PATCHes only chosen changes (1.4s)
  ok 136 [chromium] › tests\frontend-corrections.spec.ts:46:1 › F01 requires an explicit choice for a field changed by both editors (1.4s)
  ok 137 [chromium] › tests\frontend-corrections.spec.ts:62:1 › F06 detects an order draft and blocks navigation until explicit discard (1.2s)
  ok 138 [chromium] › tests\frontend-corrections.spec.ts:75:1 › F02 retains an unsaved product image through an unrelated refetch (877ms)
  ok 139 [chromium] › tests\frontend-corrections.spec.ts:87:1 › F03 retains notification-policy inputs through a background resync and navigation (817ms)
  ok 140 [chromium] › tests\frontend-corrections.spec.ts:98:1 › F05 keeps text typed while a previous internal note is pending (2.0s)
  ok 141 [chromium] › tests\frontend-corrections.spec.ts:113:1 › F08 validates 4001 customer-note characters at the field and accepts 4000 (1.2s)
  ok 142 [chromium] › tests\frontend-corrections.spec.ts:147:1 › F07 routes the fulfillment footer close through the shared discard guard (996ms)
  ok 143 [chromium] › tests\frontend-corrections.spec.ts:161:1 › F09 refreshes new Inbox messages without refetching the visible product and stock snapshots (797ms)
  ok 144 [chromium] › tests\frontend-corrections.spec.ts:191:1 › F01 shop settings merges a server-only locale change and preserves edits typed during save (1.8s)
  ok 145 [chromium] › tests\frontend-corrections.spec.ts:217:1 › F03 privacy policy preserves refetch drafts and compares before applying the newest version (837ms)
  ok 146 [chromium] › tests\frontend-corrections.spec.ts:234:1 › F01 category keeps a late edit after saving, and reopens with a clean current baseline (2.6s)
  ok 147 [chromium] › tests\frontend-corrections.spec.ts:255:1 › F01 supplier preserves a concurrent server-only term and PATCHes the local name (1.5s)
  ok 148 [chromium] › tests\frontend-corrections.spec.ts:272:1 › F08 customer update enforces 4000/4001 before HTTP and retains a 422 draft (1.1s)
  ok 149 [chromium] › tests\frontend-corrections.spec.ts:300:1 › F05 keeps mode changes and unknown sends, locks another send, and observes recovery-registry completion (2.1s)
  ok 150 [chromium] › tests\frontend-corrections.spec.ts:326:1 › F01 order editor keeps its original version and compares whole line lists before PATCH (1.3s)
  ok 151 [chromium] › tests\frontend-corrections.spec.ts:345:1 › F06 guards added order rows, shop switch, logout and native reload; successful creation leaves no false guard (13.1s)
  ok 152 [chromium] › tests\frontend-corrections.spec.ts:370:1 › F01 analogous return-inspection draft does not adopt a refetched version without comparison (1.8s)
  ok 153 [chromium] › tests\frontend-corrections.spec.ts:394:1 › F01 comparison supports keyboard choices, server changes again, axe and 320px reflow with long content (1.6s)
  ok 154 [chromium] › tests\frontend-corrections.spec.ts:423:1 › F08 privacy bounds reject invalid days and long jurisdiction before HTTP (1.1s)
  ok 155 [chromium] › tests\frontend-corrections.spec.ts:448:1 › F06 order custom close respects the draft guard and busy editors remain protected (2.7s)
  ok 156 [chromium] › tests\frontend.spec.ts:39:1 › catalog create uses the HTTP mock and successful save clears the draft guard (1.5s)
  ok 157 [chromium] › tests\frontend.spec.ts:56:1 › dirty drafts block in-app navigation and preserve input until the user decides (1.9s)
  ok 158 [chromium] › tests\frontend.spec.ts:74:1 › all canonical routes render inside the real React demo application (30.0s)
  ok 159 [chromium] › tests\frontend.spec.ts:99:1 › switching shops cancels a delayed request and loads only the new shop scope (5.0s)
  ok 160 [chromium] › tests\frontend.spec.ts:117:1 › role changes remove restricted navigation and the route guard explains denied access (711ms)
  ok 161 [chromium] › tests\frontend.spec.ts:130:1 › deep links survive browser refresh and logout clears the mock session (1.9s)
  ok 162 [chromium] › tests\frontend.spec.ts:143:1 › logout asks before discarding a draft and retains the session when logout fails (1.9s)
  ok 163 [chromium] › tests\frontend.spec.ts:200:1 › mobile navigation opens, routes, and closes without viewport overflow (877ms)
  ok 164 [chromium] › tests\frontend.spec.ts:214:1 › chunk loading errors use the route recovery boundary (737ms)
  ok 165 [chromium] › tests\frontend.spec.ts:253:1 › live mode reports an unavailable session API without enabling mock data (218ms)
ROUTE_ROLE_MATRIX_CASES=357 ROLES=7 PRIVATE_ROUTES=51 RESULT=PASS
  ok 166 [chromium] › tests\route-role-matrix.spec.ts:42:1 › route read access matches canonical permissions for every demo role (10.2s)
  ok 167 [chromium] › tests\security.spec.ts:35:1 › untrusted product text renders as text without activating markup (1.4s)
  ok 168 [chromium] › tests\security.spec.ts:53:1 › catalog import rejects a non-CSV file before an upload request (1.0s)
  ok 169 [chromium] › tests\security.spec.ts:71:1 › catalog import rejects files above the demo size limit before upload (1.4s)
  ok 170 [chromium] › tests\security.spec.ts:89:1 › mock uploads require a purpose, enforce its role, and fingerprint file content for retries (1.2s)
VITE_CACHE_ISOLATION=PASS rootA=C:\Users\Joker-PC\AppData\Local\Temp\botsales-vite-cache\ea27c7577456f6009d55\test-demo\playwright-21920-07f86737-75f6-4464-879a-3cbfa434095d-parallel-a rootB=C:\Users\Joker-PC\AppData\Local\Temp\botsales-vite-cache\ea27c7577456f6009d55\test-demo\playwright-21920-07f86737-75f6-4464-879a-3cbfa434095d-parallel-b otherCheckout=true
  ok 171 [chromium] › tests\session\demo-server-cache-isolation.spec.ts:7:1 › concurrent demo servers use isolated Vite caches and load the React app (1.3s)
  ok 172 [chromium] › tests\session\demo-worker-startup.spec.ts:17:1 › demo conditional module requests return complete exports without changing live or non-asset caching (2.0s)
  ok 173 [chromium] › tests\session\demo-worker-startup.spec.ts:80:1 › demo startup explains the required setup when the browser blocks Service Workers (252ms)
  ok 174 [chromium] › tests\session\session-revocation.spec.ts:20:1 › session.revoked SSE closes the stream and clears the active shop session (1.5s)
  ok 175 [chromium] › tests\session\session-unauthorized.spec.ts:17:1 › expired live session redirects to login and preserves the requested shop route (1.1s)
  ok 176 [chromium] › tests\states\fe023.spec.ts:17:1 › FE023.S04 a dirty dialog keeps the form value until the user confirms discard (1.5s)
  ok 177 [chromium] › tests\states\fe023.spec.ts:35:1 › FE023.S03 a customer lookup loads the next cursor page without dropping earlier choices (1.5s)
  ok 178 [chromium] › tests\states\fe023.spec.ts:76:1 › FE023.S04 delayed requests show loading and failed refresh keeps a retry path (6.8s)
  ok 179 [chromium] › tests\states\fe023.spec.ts:103:1 › FE023 unsaved shop settings are preserved when navigation switches shop scope (2.4s)
  ok 180 [chromium] › tests\states\fe023.spec.ts:121:1 › FE023 a saved shop form resets its dirty baseline and reports success (1.3s)
ROUTE_EMPTY_COMPOSITION_PROGRESS=3/11
ROUTE_EMPTY_COMPOSITION_PROGRESS=6/11
ROUTE_EMPTY_COMPOSITION_PROGRESS=9/11
ROUTE_EMPTY_COMPOSITION=11/11 RESULT=PASS
  ok 181 [chromium] › tests\states\route-empty-composition.spec.ts:27:1 › empty collection responses render accessible empty states on canonical list routes (2.1s)
ROUTE_ERROR_COMPOSITION_PROGRESS=10/51
ROUTE_ERROR_COMPOSITION_PROGRESS=20/51
ROUTE_ERROR_COMPOSITION_PROGRESS=30/51
ROUTE_ERROR_COMPOSITION_PROGRESS=40/51
ROUTE_ERROR_COMPOSITION_PROGRESS=50/51
ROUTE_ERROR_COMPOSITION=51/51 RESULT=PASS
  ok 182 [chromium] › tests\states\route-error-composition.spec.ts:26:1 › every shop route composes the shared API error state with its page content (2.3m)
  ok 183 [chromium] › tests\ui-bot-layout.spec.ts:42:1 › Bot routes R26/R27/R28/R51 fit the supported page-width boundaries (19.7s)
  ok 184 [chromium] › tests\ui-bot-layout.spec.ts:52:1 › Bot config, evaluation, role and budget dialogs stay inside mobile and desktop viewports (12.9s)
  ok 185 [chromium] › tests\ui-catalog-layout.spec.ts:15:1 › catalog R09-R14 keeps shared gutters, inset ownership and dry-run flow at mobile and desktop (12.1s)
  x  186 [chromium] › tests\ui-catalog-layout.spec.ts:67:1 › Imports review notice and demo controls keep the measured shared 24px clearance at 806x884 (1.1s)
(node:50556) Warning: The 'NO_COLOR' env is ignored due to the 'FORCE_COLOR' env being set.
(Use `node --trace-warnings ...` to show where the warning was created)
  ok 187 [chromium] › tests\ui-component-layout.spec.ts:40:1 › A01 order lines keep intrinsic remove actions with clean and invalid quantities (4.9s)
  ok 188 [chromium] › tests\ui-component-layout.spec.ts:61:1 › A02 product editors align category and status faces independently from lookup metadata (8.5s)
  ok 189 [chromium] › tests\ui-component-layout.spec.ts:84:1 › Shared outlined labels focus empty and populated native controls (1.6s)
  ok 190 [chromium] › tests\ui-component-layout.spec.ts:99:1 › A02 variant fields retain readable widths when text doubles (10.5s)
  ok 191 [chromium] › tests\ui-component-layout.spec.ts:130:1 › A03 import mapping preserves natural remove actions and editable mappings (4.0s)
  ok 192 [chromium] › tests\ui-component-layout.spec.ts:150:1 › A04 full precision money wraps outside tables and remains unbroken in the named scroll region (3.9s)
  ok 193 [chromium] › tests\ui-component-layout.spec.ts:176:1 › A05 status height follows its own label while long labels remain fully readable (4.1s)
  ok 194 [chromium] › tests\ui-component-layout.spec.ts:195:1 › A06 Empty wraps unbroken reference text and retains its keyboard action (4.3s)
  ok 195 [chromium] › tests\ui-component-layout.spec.ts:208:1 › A07 locked order addresses expose full text and edit lines retain intrinsic actions (9.1s)
