{
  "status": "CAPTURED_NOT_CONFORMANCE_PASS",
  "summary": {
    "typescriptFiles": 65,
    "cssFiles": 2,
    "modules": 16,
    "routes": 54,
    "matchedRoutes": 54,
    "muiBasePx": 8,
    "canonicalSpacingPx": [
      4,
      8,
      12,
      16,
      24,
      32,
      48
    ],
    "spacingPropertyCandidates": 501,
    "directNumericDeclarations": 488,
    "directNumericUniquePxIncludingZero": [
      0,
      2.4,
      4,
      4.8,
      5.6,
      6,
      6.4,
      8,
      8.8,
      9.6,
      10,
      12,
      14.4,
      16,
      20,
      24,
      32,
      40,
      48
    ],
    "directOutsideScaleDeclarations": 23,
    "directOutsideScaleUniquePx": [
      2.4,
      4.8,
      5.6,
      6,
      6.4,
      8.8,
      9.6,
      10,
      14.4,
      20,
      40
    ],
    "outsideScaleLeavesIncludingResponsive": 24,
    "outsideScaleResponsiveLeaves": 1,
    "cssSpacingDeclarations": 3,
    "geometryCandidates": 109,
    "parserDiagnostics": 0
  },
  "owners": [
    {
      "owner": "app",
      "sourceFiles": 11,
      "spacingDeclarations": 49,
      "directNumericDeclarations": 44,
      "outsideScaleDirect": 7,
      "outsideScaleAllBranches": 7,
      "routes": []
    },
    {
      "owner": "module:bot",
      "sourceFiles": 1,
      "spacingDeclarations": 28,
      "directNumericDeclarations": 27,
      "outsideScaleDirect": 0,
      "outsideScaleAllBranches": 0,
      "routes": [
        "R26",
        "R27",
        "R28",
        "R51"
      ]
    },
    {
      "owner": "module:catalog",
      "sourceFiles": 3,
      "spacingDeclarations": 24,
      "directNumericDeclarations": 23,
      "outsideScaleDirect": 1,
      "outsideScaleAllBranches": 1,
      "routes": [
        "R09",
        "R10",
        "R11",
        "R12",
        "R13",
        "R14"
      ]
    },
    {
      "owner": "module:customers",
      "sourceFiles": 1,
      "spacingDeclarations": 15,
      "directNumericDeclarations": 15,
      "outsideScaleDirect": 0,
      "outsideScaleAllBranches": 0,
      "routes": [
        "R07",
        "R08",
        "R54"
      ]
    },
    {
      "owner": "module:dashboard",
      "sourceFiles": 1,
      "spacingDeclarations": 36,
      "directNumericDeclarations": 35,
      "outsideScaleDirect": 4,
      "outsideScaleAllBranches": 4,
      "routes": [
        "R04"
      ]
    },
    {
      "owner": "module:finance",
      "sourceFiles": 3,
      "spacingDeclarations": 28,
      "directNumericDeclarations": 28,
      "outsideScaleDirect": 0,
      "outsideScaleAllBranches": 0,
      "routes": [
        "R20",
        "R21",
        "R22",
        "R48",
        "R49",
        "R50"
      ]
    },
    {
      "owner": "module:fulfillment",
      "sourceFiles": 1,
      "spacingDeclarations": 17,
      "directNumericDeclarations": 17,
      "outsideScaleDirect": 0,
      "outsideScaleAllBranches": 0,
      "routes": [
        "R41",
        "R42"
      ]
    },
    {
      "owner": "module:inbox",
      "sourceFiles": 2,
      "spacingDeclarations": 47,
      "directNumericDeclarations": 47,
      "outsideScaleDirect": 6,
      "outsideScaleAllBranches": 6,
      "routes": [
        "R05",
        "R06"
      ]
    },
    {
      "owner": "module:integrations",
      "sourceFiles": 1,
      "spacingDeclarations": 13,
      "directNumericDeclarations": 13,
      "outsideScaleDirect": 0,
      "outsideScaleAllBranches": 0,
      "routes": [
        "R29",
        "R30"
      ]
    },
    {
      "owner": "module:inventory",
      "sourceFiles": 1,
      "spacingDeclarations": 4,
      "directNumericDeclarations": 4,
      "outsideScaleDirect": 0,
      "outsideScaleAllBranches": 0,
      "routes": [
        "R15",
        "R16"
      ]
    },
    {
      "owner": "module:knowledge",
      "sourceFiles": 1,
      "spacingDeclarations": 20,
      "directNumericDeclarations": 20,
      "outsideScaleDirect": 0,
      "outsideScaleAllBranches": 0,
      "routes": [
        "R23",
        "R24",
        "R25"
      ]
    },
    {
      "owner": "module:notifications",
      "sourceFiles": 2,
      "spacingDeclarations": 25,
      "directNumericDeclarations": 25,
      "outsideScaleDirect": 1,
      "outsideScaleAllBranches": 1,
      "routes": [
        "R39",
        "R40"
      ]
    },
    {
      "owner": "module:operations",
      "sourceFiles": 1,
      "spacingDeclarations": 32,
      "directNumericDeclarations": 32,
      "outsideScaleDirect": 0,
      "outsideScaleAllBranches": 0,
      "routes": [
        "R37",
        "R38",
        "R52"
      ]
    },
    {
      "owner": "module:orders",
      "sourceFiles": 2,
      "spacingDeclarations": 27,
      "directNumericDeclarations": 27,
      "outsideScaleDirect": 0,
      "outsideScaleAllBranches": 0,
      "routes": [
        "R17",
        "R18",
        "R19",
        "R43"
      ]
    },
    {
      "owner": "module:procurement",
      "sourceFiles": 1,
      "spacingDeclarations": 37,
      "directNumericDeclarations": 37,
      "outsideScaleDirect": 0,
      "outsideScaleAllBranches": 0,
      "routes": [
        "R44",
        "R45",
        "R46",
        "R47"
      ]
    },
    {
      "owner": "module:reports",
      "sourceFiles": 2,
      "spacingDeclarations": 21,
      "directNumericDeclarations": 21,
      "outsideScaleDirect": 2,
      "outsideScaleAllBranches": 2,
      "routes": [
        "R31",
        "R53"
      ]
    },
    {
      "owner": "module:workspace",
      "sourceFiles": 1,
      "spacingDeclarations": 37,
      "directNumericDeclarations": 34,
      "outsideScaleDirect": 2,
      "outsideScaleAllBranches": 3,
      "routes": [
        "R01",
        "R02",
        "R03",
        "R32",
        "R33",
        "R34",
        "R35",
        "R36"
      ]
    },
    {
      "owner": "shared",
      "sourceFiles": 15,
      "spacingDeclarations": 41,
      "directNumericDeclarations": 39,
      "outsideScaleDirect": 0,
      "outsideScaleAllBranches": 0,
      "routes": []
    }
  ],
  "nonNumeric": [
    {
      "file": "apps/web/src/app/Shell.tsx",
      "line": 92,
      "property": "m",
      "expression": "'12vh auto'"
    },
    {
      "file": "apps/web/src/modules/workspace/index.tsx",
      "line": 48,
      "property": "mx",
      "expression": "'auto'"
    },
    {
      "file": "apps/web/src/shared/ui/theme.ts",
      "line": 31,
      "property": "padding",
      "expression": "`${tokens.space.md}px ${tokens.space.lg}px`"
    }
  ]
}
