
> botsales-frontend@0.1.0 test:layout
> node --test tests/layout-checker.test.mjs tests/ui-layout-binding-gates.test.mjs && node scripts/check-layout.mjs

✔ accepts semantic bridge roles, the closed token-derived factor map, geometry, and reset values (1523.9287ms)
✔ rejects a CSS spacing role without a declared shared owner (1175.1821ms)
✔ rejects scale-conforming and off-scale literals in sx, responsive leaves, named and namespace MUI System props (1024.2392ms)
✔ follows local aliases and style callbacks; rejects theme spacing helpers and preset overrides (1071.0538ms)
✔ scans nested slotProps but does not confuse event handlers or geometric dimensions with spacing (1065.9012ms)
✔ keeps Panel geometry inspectable and rejects spacing hidden in its geometry prop (2901.1434ms)
✔ accepts only an exact CSS exception and reports stale or mismatched exception scope (2813.823ms)
✔ rejects malformed TypeScript, malformed CSS, bad exception schema, and raw values in the bridge (3704.4798ms)
✔ rejects canonical pixel tokens used as MUI factors and an altered bridge factor table (1858.8785ms)
✔ report mode inventories migration debt without turning findings into PASS (936.8109ms)
✔ canonical writes through casts and aliases fail outside style expressions (1463.0354ms)
✔ Object.assign cannot mutate canonical data but can copy to a fresh object (2306.9165ms)
✔ layout gate rejects raw spacing on const alias of MUI component (1106.039ms)
✔ canonical mutation gate follows global mutator aliases and reflection (1080.033ms)
✔ local mutator names do not acquire global mutation identity (1147.2211ms)
✔ destructured mutators and call/apply retain canonical mutation checks (981.6651ms)
✔ global mutator call/apply can copy canonical values into fresh objects (1000.3437ms)
✔ mutable aliases with possible canonical destinations fail closed (1002.8633ms)
✔ opaque apply arguments fail closed while unrelated mutable data stays valid (1930.3851ms)
✔ canonical references inside containers and destructured aliases cannot be mutated (973.2338ms)
✔ independent shallow copies of scalar canonical fields remain mutable (956.0481ms)
✔ array references and nested destructuring preserve canonical write provenance (964.8706ms)
✔ array destinations distinguish independent elements from canonical references (964.5155ms)
✔ array destructuring, dynamic indices and spread cannot hide canonical references (979.4326ms)
✔ dynamic indices and destructuring of independent arrays stay mutable (963.3074ms)
✔ function parameters cannot hide canonical mutation across source files (945.2207ms)
✔ read-only helpers and mutations of unrelated arguments remain valid (959.9469ms)
✔ returned canonical references remain protected across helper boundaries (944.2125ms)
✔ helper returns of fresh scalar copies do not retain canonical destination identity (925.9244ms)
✔ destructured object parameters cannot mutate canonical arguments (937.7939ms)
✔ destructured object parameters retain independent argument mutability (925.4644ms)
✔ default parameter and binding initializers cannot hide canonical mutations (940.8682ms)
✔ fresh default parameter and binding copies remain mutable (927.1787ms)
✔ rest parameters retain canonical argument write provenance (905.4594ms)
✔ rest parameters distinguish independent positions from canonical siblings (921.8645ms)
✔ finite spread arguments preserve shifted positional and rest destinations (924.9384ms)
✔ finite spread expansion keeps independent argument positions mutable (919.2502ms)
✔ opaque spreads keep positional mutation destinations unknown (927.2586ms)
✔ opaque spreads into read-only helpers do not invent mutation findings (920.2996ms)
✔ array parameter patterns retain canonical positions including nested object arrays (915.4413ms)
✔ array parameter patterns retain independent bound element mutability (917.5717ms)
✔ layout gate rejects parameter shadow of canonical layout name (931.8791ms)
✔ layout gate follows genuine renamed styled factory (918.1946ms)
✔ layout gate accepts canonical namespace, element access and barrel alias (937.1336ms)
✔ layout gate does not mistake local component named Stack for MUI (931.732ms)
✔ layout gate inspects renamed installed Emotion css tag (961.227ms)
✔ layout gate preserves genuine aliased Controller field forwarding (935.6407ms)
✔ a same-named local Controller cannot exempt an unknown prop spread (971.7147ms)
✔ genuine useForm registration survives property and destructured aliases (968.33ms)
✔ a function named register cannot exempt injected style props (957.2399ms)
✔ a bridge callback parameter cannot impersonate its private factor binding (923.7337ms)
✔ opaque namespace component selection remains a strict binding failure (923.5096ms)
✔ opaque namespace factory cannot hide style arguments (910.9275ms)
✔ MUI re-export cannot hide raw spacing behind a first-party barrel (927.1563ms)
✔ destructuring assignments cannot hide canonical write targets (936.4642ms)
✔ destructuring assignments can update independent copied destinations (922.8278ms)
✔ object rest retains nested canonical references while copying the outer object (919.4083ms)
✔ rest scalar copies and replacement of container references stay mutable (922.6246ms)
✔ shallow object spread preserves canonical child references and last-writer order (1005.6918ms)
✔ shallow spread with a later independent override stays mutable (954.3887ms)
✔ exported mutable aliases retain assignments from their declaring file (965.5996ms)
✔ exported independent mutable data does not acquire canonical provenance (955.6844ms)
✔ literal computed keys retain canonical container and parameter provenance (998.9015ms)
✔ literal computed keys do not taint independent selected properties (988.1831ms)
✔ Object.assign shallow copies retain canonical nested reference provenance (984.4685ms)
✔ Object.assign later independent overrides and scalar copies stay mutable (982.0373ms)
✔ union and dynamic property selections retain possible canonical destinations (960.6043ms)
✔ finite union property selections exclude canonical siblings not in the key set (945.2603ms)
✔ union selection over Object.assign output retains canonical child provenance (923.4856ms)
✔ union selection over independent Object.assign output remains mutable (914.2143ms)
✔ Reflect.set call/apply checks the target argument rather than the assigned value (2835.7591ms)
✔ aliased React createElement checks MUI and native style objects (943.9236ms)
✔ GlobalStyles.styles is checked and local createElement names stay local (1852.1077ms)
✔ React JSX runtime factories cannot bypass MUI or native style checks (940.6228ms)
✔ React cloneElement checks the cloned MUI element and preserves native props (3710.5737ms)
✔ Emotion css props and object factories are inspected with native CSS semantics (2788.9827ms)
✔ Inline style elements in JSX, React factories, DOM and the HTML entry fail closed (7535.8002ms)
✔ DOM CSSOM spacing writes use semantic roles and reject opaque style strings (1916.0497ms)
✔ HTML parsing and runtime stylesheet mutation cannot bypass the imported CSS boundary (1937.6245ms)
✔ spacing shorthand values and responsive breakpoints preserve token and unit provenance (9580.4838ms)
✔ function return producers cannot hide canonical children behind spreads (978.0143ms)
✔ producer spreads keep later independent child overrides writable (965.7979ms)
ℹ tests 82
ℹ suites 0
ℹ pass 82
ℹ fail 0
ℹ cancelled 0
ℹ skipped 0
ℹ todo 0
ℹ duration_ms 96228.7925
layout-check PASS: 79 source files, 0 finding(s), 1 exception(s) used
