[WebServer] (node:47396) Warning: The 'NO_COLOR' env is ignored due to the 'FORCE_COLOR' env being set.
[WebServer] (Use `node --trace-warnings ...` to show where the warning was created)


Running 2 tests using 1 worker

(node:80544) Warning: The 'NO_COLOR' env is ignored due to the 'FORCE_COLOR' env being set.
(Use `node --trace-warnings ...` to show where the warning was created)


[1/2] [chromium] › tests\ui-component-layout.spec.ts:84:1 › Shared outlined labels focus empty and populated native controls
[WebServer] [BABEL] Note: The code generator has deoptimised the styling of C:\Users\Joker-PC\AppData\Local\Temp\botsales-vite-cache\ea27c7577456f6009d55\playwright-webserver\playwright-45408-405b2fec-9fa9-4a7a-818a-ec8b9d3c7d9e\deps\react-dom_client.js?v=08ff1603 as it exceeds the max of 500KB.

  1) [chromium] › tests\ui-component-layout.spec.ts:84:1 › Shared outlined labels focus empty and populated native controls 

    TimeoutError: locator.click: Timeout 15000ms exceeded.
    Call log:
      - waiting for getByRole('textbox', { name: 'Tên sản phẩm', exact: true }).locator('xpath=ancestor::*[contains(@class,"MuiTextField-root")]').locator('label')
        - locator resolved to <label for="«rl»" id="«rl»-label" data-shrink="false" class="MuiFormLabel-root MuiInputLabel-root MuiInputLabel-formControl MuiInputLabel-animated MuiInputLabel-outlined MuiFormLabel-colorPrimary MuiInputLabel-root MuiInputLabel-formControl MuiInputLabel-animated MuiInputLabel-outlined css-7el6w0-MuiFormLabel-root-MuiInputLabel-root">Tên sản phẩm</label>
      - attempting click action
        2 × waiting for element to be visible, enabled and stable
          - element is visible, enabled and stable
          - scrolling into view if needed
          - done scrolling
          - <div class="MuiFormControl-root MuiTextField-root css-1xp5r68-MuiFormControl-root-MuiTextField-root">…</div> intercepts pointer events
        - retrying click action
        - waiting 20ms
        - waiting for element to be visible, enabled and stable
        - element is visible, enabled and stable
        - scrolling into view if needed
        - done scrolling
        - <div class="MuiFormControl-root MuiTextField-root css-1xp5r68-MuiFormControl-root-MuiTextField-root">…</div> intercepts pointer events
      2 × retrying click action
          - waiting 100ms
          - waiting for element to be visible, enabled and stable
          - element is visible, enabled and stable
          - scrolling into view if needed
          - done scrolling
          - <div class="MuiStack-root css-16apsqv-MuiStack-root">…</div> from <header class="MuiPaper-root MuiPaper-elevation MuiPaper-elevation0 css-vwh7ky-MuiPaper-root">…</header> subtree intercepts pointer events
      7 × retrying click action
          - waiting 500ms
          - waiting for element to be visible, enabled and stable
          - element is visible, enabled and stable
          - scrolling into view if needed
          - done scrolling
          - <div class="MuiFormControl-root MuiTextField-root css-1xp5r68-MuiFormControl-root-MuiTextField-root">…</div> intercepts pointer events
        - retrying click action
          - waiting 500ms
          - waiting for element to be visible, enabled and stable
          - element is visible, enabled and stable
          - scrolling into view if needed
          - done scrolling
          - <div class="MuiFormControl-root MuiTextField-root css-1xp5r68-MuiFormControl-root-MuiTextField-root">…</div> intercepts pointer events
        - retrying click action
          - waiting 500ms
          - waiting for element to be visible, enabled and stable
          - element is visible, enabled and stable
          - scrolling into view if needed
          - done scrolling
          - <div class="MuiStack-root css-16apsqv-MuiStack-root">…</div> from <header class="MuiPaper-root MuiPaper-elevation MuiPaper-elevation0 css-vwh7ky-MuiPaper-root">…</header> subtree intercepts pointer events
        - retrying click action
          - waiting 500ms
          - waiting for element to be visible, enabled and stable
          - element is visible, enabled and stable
          - scrolling into view if needed
          - done scrolling
          - <div class="MuiStack-root css-16apsqv-MuiStack-root">…</div> from <header class="MuiPaper-root MuiPaper-elevation MuiPaper-elevation0 css-vwh7ky-MuiPaper-root">…</header> subtree intercepts pointer events
      - retrying click action
        - waiting 500ms


      90 |             await control.fill(value);
      91 |             await page.locator('main h1').click();
    > 92 |             await label.click();
         |                         ^
      93 |             await expect(control).toBeFocused();
      94 |             await expect(control).toHaveValue(value);
      95 |         }
        at C:\Users\Joker-PC\Documents\Projects\Bot-AI-Ban-hang-FB\BotSalesAI_Frontend\tests\ui-component-layout.spec.ts:92:25

    Error Context: test-results\playwright-80544-0d58a541-b8e8-4bbf-ad51-ba05c4dc42c2\ui-component-layout-Shared-739b2-d-populated-native-controls-chromium\error-context.md

    Error Context: test-results\playwright-80544-0d58a541-b8e8-4bbf-ad51-ba05c4dc42c2\ui-component-layout-Shared-739b2-d-populated-native-controls-chromium\error-context.md

    attachment #3: trace (application/zip) ─────────────────────────────────────────────────────────
    test-results\playwright-80544-0d58a541-b8e8-4bbf-ad51-ba05c4dc42c2\ui-component-layout-Shared-739b2-d-populated-native-controls-chromium\trace.zip
    Usage:

        npx playwright show-trace test-results\playwright-80544-0d58a541-b8e8-4bbf-ad51-ba05c4dc42c2\ui-component-layout-Shared-739b2-d-populated-native-controls-chromium\trace.zip

    ────────────────────────────────────────────────────────────────────────────────────────────────


(node:56144) Warning: The 'NO_COLOR' env is ignored due to the 'FORCE_COLOR' env being set.
(Use `node --trace-warnings ...` to show where the warning was created)


[2/2] [firefox] › tests\ui-component-layout.spec.ts:84:1 › Shared outlined labels focus empty and populated native controls
  2) [firefox] › tests\ui-component-layout.spec.ts:84:1 › Shared outlined labels focus empty and populated native controls 

    TimeoutError: locator.click: Timeout 15000ms exceeded.
    Call log:
      - waiting for getByRole('textbox', { name: 'Tên sản phẩm', exact: true }).locator('xpath=ancestor::*[contains(@class,"MuiTextField-root")]').locator('label')
        - locator resolved to <label for="«rl»" id="«rl»-label" data-shrink="false" class="MuiFormLabel-root MuiInputLabel-root MuiInputLabel-formControl MuiInputLabel-animated MuiInputLabel-outlined MuiFormLabel-colorPrimary MuiInputLabel-root MuiInputLabel-formControl MuiInputLabel-animated MuiInputLabel-outlined css-7el6w0-MuiFormLabel-root-MuiInputLabel-root">Tên sản phẩm</label>
      - attempting click action
        2 × waiting for element to be visible, enabled and stable
          - element is visible, enabled and stable
          - scrolling into view if needed
          - done scrolling
          - <div class="MuiFormControl-root MuiTextField-root css-1xp5r68-MuiFormControl-root-MuiTextField-root">…</div> intercepts pointer events
        - retrying click action
        - waiting 20ms
        - waiting for element to be visible, enabled and stable
        - element is visible, enabled and stable
        - scrolling into view if needed
        - done scrolling
        - <div class="MuiFormControl-root MuiTextField-root css-1xp5r68-MuiFormControl-root-MuiTextField-root">…</div> intercepts pointer events
      2 × retrying click action
          - waiting 100ms
          - waiting for element to be visible, enabled and stable
          - element is visible, enabled and stable
          - scrolling into view if needed
          - done scrolling
          - <div class="MuiStack-root css-16apsqv-MuiStack-root">…</div> from <header class="MuiPaper-root MuiPaper-elevation MuiPaper-elevation0 css-vwh7ky-MuiPaper-root">…</header> subtree intercepts pointer events
      7 × retrying click action
          - waiting 500ms
          - waiting for element to be visible, enabled and stable
          - element is visible, enabled and stable
          - scrolling into view if needed
          - done scrolling
          - <div class="MuiFormControl-root MuiTextField-root css-1xp5r68-MuiFormControl-root-MuiTextField-root">…</div> intercepts pointer events
        - retrying click action
          - waiting 500ms
          - waiting for element to be visible, enabled and stable
          - element is visible, enabled and stable
          - scrolling into view if needed
          - done scrolling
          - <div class="MuiFormControl-root MuiTextField-root css-1xp5r68-MuiFormControl-root-MuiTextField-root">…</div> intercepts pointer events
        - retrying click action
          - waiting 500ms
          - waiting for element to be visible, enabled and stable
          - element is visible, enabled and stable
          - scrolling into view if needed
          - done scrolling
          - <div class="MuiStack-root css-16apsqv-MuiStack-root">…</div> from <header class="MuiPaper-root MuiPaper-elevation MuiPaper-elevation0 css-vwh7ky-MuiPaper-root">…</header> subtree intercepts pointer events
        - retrying click action
          - waiting 500ms
          - waiting for element to be visible, enabled and stable
          - element is visible, enabled and stable
          - scrolling into view if needed
          - done scrolling
          - <div class="MuiStack-root css-16apsqv-MuiStack-root">…</div> from <header class="MuiPaper-root MuiPaper-elevation MuiPaper-elevation0 css-vwh7ky-MuiPaper-root">…</header> subtree intercepts pointer events
      - retrying click action
        - waiting 500ms


      90 |             await control.fill(value);
      91 |             await page.locator('main h1').click();
    > 92 |             await label.click();
         |                         ^
      93 |             await expect(control).toBeFocused();
      94 |             await expect(control).toHaveValue(value);
      95 |         }
        at C:\Users\Joker-PC\Documents\Projects\Bot-AI-Ban-hang-FB\BotSalesAI_Frontend\tests\ui-component-layout.spec.ts:92:25

    Error Context: test-results\playwright-56144-a396c917-02ea-4164-ac4d-ab03e2638b6b\ui-component-layout-Shared-739b2-d-populated-native-controls-firefox\error-context.md

    Error Context: test-results\playwright-56144-a396c917-02ea-4164-ac4d-ab03e2638b6b\ui-component-layout-Shared-739b2-d-populated-native-controls-firefox\error-context.md

    attachment #3: trace (application/zip) ─────────────────────────────────────────────────────────
    test-results\playwright-56144-a396c917-02ea-4164-ac4d-ab03e2638b6b\ui-component-layout-Shared-739b2-d-populated-native-controls-firefox\trace.zip
    Usage:

        npx playwright show-trace test-results\playwright-56144-a396c917-02ea-4164-ac4d-ab03e2638b6b\ui-component-layout-Shared-739b2-d-populated-native-controls-firefox\trace.zip

    ────────────────────────────────────────────────────────────────────────────────────────────────


  2 failed
    [chromium] › tests\ui-component-layout.spec.ts:84:1 › Shared outlined labels focus empty and populated native controls 
    [firefox] › tests\ui-component-layout.spec.ts:84:1 › Shared outlined labels focus empty and populated native controls 
