
> botsales-frontend@0.1.0 test:evidence
> node --test tests/ui-evidence-validator.test.mjs && node scripts/validate-ui-evidence.mjs evidence/frontend-ui-improvements/ui-governance-rollout-20261007/S17-current-evidence.json

✔ accepts current fingerprints, honest open coverage, and explained N/A (5.7847ms)
✔ rejects a stale source fingerprint (3.2702ms)
✔ rejects a stale command log (3.6063ms)
✔ rejects missing, absolute, and escaping source paths (2.7123ms)
✔ rejects unrun, missing, duplicate, and nonzero command results marked PASS (2.7776ms)
✔ rejects PASS when expected and observed results differ (3.3062ms)
✔ rejects inconsistent coverage and N/A without a reason (3.0433ms)
✔ rejects a baseline falsely dated after implementation started and detects changed baseline artifacts (6.289ms)
✔ COMPLETE cannot contain open coverage or failed commands (4.0603ms)
✔ S19 must explicitly reconcile files, APIs, routes, rendered routes, slots, and states (5.2935ms)
✔ rejects malformed top-level evidence instead of treating missing fields as success (2.4217ms)
ℹ tests 11
ℹ suites 0
ℹ pass 11
ℹ fail 0
ℹ cancelled 0
ℹ skipped 0
ℹ todo 0
ℹ duration_ms 99.5965
ui-evidence PASS: S17; 3 command/log record(s), 3 coverage row(s), 275 current fingerprint(s); status=COMPLETE
