
> botsales-frontend@0.1.0 test:layout
> node --test tests/layout-checker.test.mjs tests/ui-layout-binding-gates.test.mjs && node scripts/check-layout.mjs

✔ CSS label gap accepts the canonical direct pixel constructor and its exact owner/property (1182.4739ms)
✔ CSS label gap cannot be used as an unrelated spacing property (1024.3234ms)
✔ CSS label gap rejects a raw pixel constructor argument (1038.5835ms)
✔ CSS label gap cannot impersonate a role from another owner (1011.9974ms)
✔ accepts semantic bridge roles, the closed token-derived factor map, geometry, and reset values (1020.3173ms)
✔ rejects a CSS spacing role without a declared shared owner (976.6985ms)
✔ rejects scale-conforming and off-scale literals in sx, responsive leaves, named and namespace MUI System props (964.9846ms)
✔ follows local aliases and style callbacks; rejects theme spacing helpers and preset overrides (997.3201ms)
✔ scans nested slotProps but does not confuse event handlers or geometric dimensions with spacing (971.859ms)
✔ keeps Panel geometry inspectable and rejects spacing hidden in its geometry prop (2847.2614ms)
✔ accepts only an exact CSS exception and reports stale or mismatched exception scope (2844.1458ms)
✔ rejects malformed TypeScript, malformed CSS, bad exception schema, and raw values in the bridge (3831.9805ms)
✔ rejects canonical pixel tokens used as MUI factors and an altered bridge factor table (1951.0903ms)
✔ report mode inventories migration debt without turning findings into PASS (1051.0756ms)
✔ canonical writes through casts and aliases fail outside style expressions (1226.3269ms)
✔ Object.assign cannot mutate canonical data but can copy to a fresh object (2158.0444ms)
✔ layout gate rejects raw spacing on const alias of MUI component (1136.2316ms)
✔ canonical mutation gate follows global mutator aliases and reflection (1028.5521ms)
✔ local mutator names do not acquire global mutation identity (1009.3809ms)
✔ destructured mutators and call/apply retain canonical mutation checks (1010.0244ms)
✔ global mutator call/apply can copy canonical values into fresh objects (994.3776ms)
✔ mutable aliases with possible canonical destinations fail closed (1006.6933ms)
✔ opaque apply arguments fail closed while unrelated mutable data stays valid (1971.7966ms)
✔ canonical references inside containers and destructured aliases cannot be mutated (1005.7701ms)
✔ independent shallow copies of scalar canonical fields remain mutable (997.3014ms)
✔ array references and nested destructuring preserve canonical write provenance (1024.9518ms)
✔ array destinations distinguish independent elements from canonical references (1025.4526ms)
✔ array destructuring, dynamic indices and spread cannot hide canonical references (1025.6902ms)
✔ dynamic indices and destructuring of independent arrays stay mutable (967.71ms)
✔ function parameters cannot hide canonical mutation across source files (1010.6282ms)
✔ read-only helpers and mutations of unrelated arguments remain valid (1067.9358ms)
✔ returned canonical references remain protected across helper boundaries (1011.025ms)
✔ helper returns of fresh scalar copies do not retain canonical destination identity (1141.5695ms)
✔ destructured object parameters cannot mutate canonical arguments (999.0755ms)
✔ destructured object parameters retain independent argument mutability (993.6753ms)
✔ default parameter and binding initializers cannot hide canonical mutations (992.6399ms)
✔ fresh default parameter and binding copies remain mutable (1014.2288ms)
✔ rest parameters retain canonical argument write provenance (1001.5918ms)
✔ rest parameters distinguish independent positions from canonical siblings (992.9985ms)
✔ finite spread arguments preserve shifted positional and rest destinations (1021.1982ms)
✔ finite spread expansion keeps independent argument positions mutable (1011.0944ms)
✔ opaque spreads keep positional mutation destinations unknown (1008.4072ms)
✔ opaque spreads into read-only helpers do not invent mutation findings (942.4864ms)
✔ array parameter patterns retain canonical positions including nested object arrays (1018.3506ms)
✔ array parameter patterns retain independent bound element mutability (963.1555ms)
✔ layout gate rejects parameter shadow of canonical layout name (985.9877ms)
✔ layout gate follows genuine renamed styled factory (955.0974ms)
✔ layout gate accepts canonical namespace, element access and barrel alias (989.1103ms)
✔ layout gate does not mistake local component named Stack for MUI (954.6423ms)
✔ layout gate inspects renamed installed Emotion css tag (971.8146ms)
✔ layout gate preserves genuine aliased Controller field forwarding (1027.0835ms)
✔ a same-named local Controller cannot exempt an unknown prop spread (1035.3973ms)
✔ genuine useForm registration survives property and destructured aliases (1062.284ms)
✔ a function named register cannot exempt injected style props (928.7672ms)
✔ a bridge callback parameter cannot impersonate its private factor binding (922.2171ms)
✔ opaque namespace component selection remains a strict binding failure (944.6102ms)
✔ opaque namespace factory cannot hide style arguments (926.4459ms)
✔ MUI re-export cannot hide raw spacing behind a first-party barrel (929.3606ms)
✔ destructuring assignments cannot hide canonical write targets (932.8935ms)
✔ destructuring assignments can update independent copied destinations (914.2202ms)
✔ object rest retains nested canonical references while copying the outer object (931.5121ms)
✔ rest scalar copies and replacement of container references stay mutable (934.4842ms)
✔ shallow object spread preserves canonical child references and last-writer order (947.734ms)
✔ shallow spread with a later independent override stays mutable (985.8919ms)
✔ exported mutable aliases retain assignments from their declaring file (1101.0954ms)
✔ exported independent mutable data does not acquire canonical provenance (1076.0004ms)
✔ literal computed keys retain canonical container and parameter provenance (1163.7328ms)
✔ literal computed keys do not taint independent selected properties (1030.066ms)
✔ Object.assign shallow copies retain canonical nested reference provenance (990.5342ms)
✔ Object.assign later independent overrides and scalar copies stay mutable (1124.1796ms)
✔ union and dynamic property selections retain possible canonical destinations (986.9464ms)
✔ finite union property selections exclude canonical siblings not in the key set (1018.7359ms)
✔ union selection over Object.assign output retains canonical child provenance (986.3382ms)
✔ union selection over independent Object.assign output remains mutable (982.7026ms)
✔ Reflect.set call/apply checks the target argument rather than the assigned value (2956.0909ms)
✔ aliased React createElement checks MUI and native style objects (956.717ms)
✔ GlobalStyles.styles is checked and local createElement names stay local (1967.6329ms)
✔ React JSX runtime factories cannot bypass MUI or native style checks (981.4423ms)
✔ React cloneElement checks the cloned MUI element and preserves native props (3915.3838ms)
✔ Emotion css props and object factories are inspected with native CSS semantics (3241.2016ms)
✔ Inline style elements in JSX, React factories, DOM and the HTML entry fail closed (7443.1885ms)
✔ DOM CSSOM spacing writes use semantic roles and reject opaque style strings (1863.1819ms)
✔ HTML parsing and runtime stylesheet mutation cannot bypass the imported CSS boundary (2154.5111ms)
✔ spacing shorthand values and responsive breakpoints preserve token and unit provenance (10273.1634ms)
✔ function return producers cannot hide canonical children behind spreads (990.4673ms)
✔ producer spreads keep later independent child overrides writable (961.285ms)
ℹ tests 86
ℹ suites 0
ℹ pass 86
ℹ fail 0
ℹ cancelled 0
ℹ skipped 0
ℹ todo 0
ℹ duration_ms 100304.7307
layout-check PASS: 93 source files, 0 finding(s), 1 exception(s) used
