
> botsales-frontend@0.1.0 test:layout
> node --test tests/layout-checker.test.mjs tests/ui-layout-binding-gates.test.mjs && node scripts/check-layout.mjs

✔ accepts semantic bridge roles, the closed token-derived factor map, geometry, and reset values (1019.357ms)
✔ rejects a CSS spacing role without a declared shared owner (1047.4156ms)
✔ rejects scale-conforming and off-scale literals in sx, responsive leaves, named and namespace MUI System props (987.8106ms)
✔ follows local aliases and style callbacks; rejects theme spacing helpers and preset overrides (1021.8195ms)
✔ scans nested slotProps but does not confuse event handlers or geometric dimensions with spacing (970.7353ms)
✔ keeps Panel geometry inspectable and rejects spacing hidden in its geometry prop (2988.7624ms)
✔ accepts only an exact CSS exception and reports stale or mismatched exception scope (2947.3899ms)
✔ rejects malformed TypeScript, malformed CSS, bad exception schema, and raw values in the bridge (4093.4478ms)
✔ rejects canonical pixel tokens used as MUI factors and an altered bridge factor table (1976.814ms)
✔ report mode inventories migration debt without turning findings into PASS (965.1474ms)
✔ canonical writes through casts and aliases fail outside style expressions (1053.5795ms)
✔ Object.assign cannot mutate canonical data but can copy to a fresh object (2063.9612ms)
✔ layout gate rejects raw spacing on const alias of MUI component (1034.7038ms)
✔ canonical mutation gate follows global mutator aliases and reflection (982.9835ms)
✔ local mutator names do not acquire global mutation identity (1079.6544ms)
✔ destructured mutators and call/apply retain canonical mutation checks (1071.5228ms)
✔ global mutator call/apply can copy canonical values into fresh objects (1005.6852ms)
✔ mutable aliases with possible canonical destinations fail closed (1016.1267ms)
✔ opaque apply arguments fail closed while unrelated mutable data stays valid (2086.1127ms)
✔ canonical references inside containers and destructured aliases cannot be mutated (1030.6594ms)
✔ independent shallow copies of scalar canonical fields remain mutable (1076.2215ms)
✔ array references and nested destructuring preserve canonical write provenance (1106.9014ms)
✔ array destinations distinguish independent elements from canonical references (1028.2198ms)
✔ array destructuring, dynamic indices and spread cannot hide canonical references (1023.9029ms)
✔ dynamic indices and destructuring of independent arrays stay mutable (987.6508ms)
✔ function parameters cannot hide canonical mutation across source files (1000.0548ms)
✔ read-only helpers and mutations of unrelated arguments remain valid (971.7038ms)
✔ returned canonical references remain protected across helper boundaries (977.4632ms)
✔ helper returns of fresh scalar copies do not retain canonical destination identity (963.3955ms)
✔ destructured object parameters cannot mutate canonical arguments (958.4533ms)
✔ destructured object parameters retain independent argument mutability (957.6145ms)
✔ default parameter and binding initializers cannot hide canonical mutations (990.6656ms)
✔ fresh default parameter and binding copies remain mutable (973.3322ms)
✔ rest parameters retain canonical argument write provenance (988.8172ms)
✔ rest parameters distinguish independent positions from canonical siblings (976.3236ms)
✔ finite spread arguments preserve shifted positional and rest destinations (986.0619ms)
✔ finite spread expansion keeps independent argument positions mutable (971.9593ms)
✔ opaque spreads keep positional mutation destinations unknown (962.9809ms)
✔ opaque spreads into read-only helpers do not invent mutation findings (996.8977ms)
✔ array parameter patterns retain canonical positions including nested object arrays (991.3793ms)
✔ array parameter patterns retain independent bound element mutability (978.7505ms)
✔ layout gate rejects parameter shadow of canonical layout name (952.3966ms)
✔ layout gate follows genuine renamed styled factory (997.3946ms)
✔ layout gate accepts canonical namespace, element access and barrel alias (981.4348ms)
✔ layout gate does not mistake local component named Stack for MUI (958.9452ms)
✔ layout gate inspects renamed installed Emotion css tag (974.9502ms)
✔ layout gate preserves genuine aliased Controller field forwarding (967.3509ms)
✔ a same-named local Controller cannot exempt an unknown prop spread (974.5236ms)
✔ genuine useForm registration survives property and destructured aliases (947.2676ms)
✔ a function named register cannot exempt injected style props (968.1389ms)
✔ a bridge callback parameter cannot impersonate its private factor binding (955.0222ms)
✔ opaque namespace component selection remains a strict binding failure (969.0647ms)
✔ opaque namespace factory cannot hide style arguments (957.126ms)
✔ MUI re-export cannot hide raw spacing behind a first-party barrel (967.2853ms)
✔ destructuring assignments cannot hide canonical write targets (1009.3454ms)
✔ destructuring assignments can update independent copied destinations (964.9065ms)
✔ object rest retains nested canonical references while copying the outer object (978.5863ms)
✔ rest scalar copies and replacement of container references stay mutable (1006.2883ms)
✔ shallow object spread preserves canonical child references and last-writer order (955.0657ms)
✔ shallow spread with a later independent override stays mutable (947.8587ms)
✔ exported mutable aliases retain assignments from their declaring file (949.0957ms)
✔ exported independent mutable data does not acquire canonical provenance (956.3557ms)
✔ literal computed keys retain canonical container and parameter provenance (992.3453ms)
✔ literal computed keys do not taint independent selected properties (955.4355ms)
✔ Object.assign shallow copies retain canonical nested reference provenance (967.8074ms)
✔ Object.assign later independent overrides and scalar copies stay mutable (954.3394ms)
✔ union and dynamic property selections retain possible canonical destinations (958.8593ms)
✔ finite union property selections exclude canonical siblings not in the key set (1050.4197ms)
✔ union selection over Object.assign output retains canonical child provenance (1024.4456ms)
✔ union selection over independent Object.assign output remains mutable (942.0322ms)
✔ Reflect.set call/apply checks the target argument rather than the assigned value (2900.0533ms)
✔ aliased React createElement checks MUI and native style objects (935.1666ms)
✔ GlobalStyles.styles is checked and local createElement names stay local (1931.398ms)
✔ React JSX runtime factories cannot bypass MUI or native style checks (962.268ms)
✔ React cloneElement checks the cloned MUI element and preserves native props (3834.1898ms)
✔ Emotion css props and object factories are inspected with native CSS semantics (2893.8163ms)
✔ Inline style elements in JSX, React factories, DOM and the HTML entry fail closed (7672.9627ms)
✔ DOM CSSOM spacing writes use semantic roles and reject opaque style strings (1938.7565ms)
✔ HTML parsing and runtime stylesheet mutation cannot bypass the imported CSS boundary (1922.2202ms)
✔ spacing shorthand values and responsive breakpoints preserve token and unit provenance (9776.0939ms)
✔ function return producers cannot hide canonical children behind spreads (974.4731ms)
✔ producer spreads keep later independent child overrides writable (979.4581ms)
ℹ tests 82
ℹ suites 0
ℹ pass 82
ℹ fail 0
ℹ cancelled 0
ℹ skipped 0
ℹ todo 0
ℹ duration_ms 98286.0765
layout-check PASS: 79 source files, 0 finding(s), 1 exception(s) used
