
Running 1 test using 1 worker



(node:27480) Warning: The 'NO_COLOR' env is ignored due to the 'FORCE_COLOR' env being set.
(Use `node --trace-warnings ...` to show where the warning was created)
[1/1] [chromium] › tests\fe015.spec.ts:116:1 › UI003 report timestamps follow the active shop timezone
  1) [chromium] › tests\fe015.spec.ts:116:1 › UI003 report timestamps follow the active shop timezone 

    Error: expect(locator).toContainText(expected) failed

    Locator: locator('body')
    Timeout: 5000ms
    - Expected substring  - 1
    + Received string     + 2

    - 00:00 1/9/26
    + Đến nội dung chínhBotSales AIĐội ngũ vận hành cửa hàngJoker Studio · Shop mẫu⌄ĐIỀU HÀNHTổng quanCông việc hôm nayCần phê duyệtBÁN HÀNGHộp thư khách hàngKhách hàngĐơn hàngChuẩn bị hàngVận đơn & giao hàngĐổi trảChăm sóc sau bánHÀNG HÓASản phẩmDanh mụcNhập dữ liệuTồn khoLịch sử khoNhà cung cấpĐề nghị nhậpĐơn mua hàngNhận hàngKẾ TOÁNThu chiSổ thu chiLợi nhuậnChứng từ & sổ képĐối soátCông nợ & khóa kỳĐỘI NGŨ AIBốn nhân viên AICấu hình AdminThử botChất lượng AIKiến thức cửa hàngPhản hồi cần duyệtBản tin & sức khỏeTHÔNG BÁO & BÁO CÁOTrung tâm thông báoĐiện thoại & lịch trựcXuất báo cáoThông tin marketingCÀI ĐẶTKết nối FacebookNhà cung cấp AINhân sự & quyềnCửa hàngNhật kýQuyền riêng tưJJokertrader · tài khoản mẫuownerKhông gian làm việc  / Thu/chi tổng quan​Dữ liệu mô phỏngJFrontend review: API được mô phỏng trong bộ nhớ, không gửi tin hoặc đặt hàng thật. Tải lại trang sẽ khởi tạo lại dữ liệu.Góp ýThử giao diện:Vai trò mô phỏngownerVai trò mô phỏngTrạng thái thửBình thườngTrạng thái thửDataset mô phỏngDataset mặc địnhDataset mô phỏngDòng tiềnTiền thực thu và thực chi, tách biệt doanh thu và lợi nhuận.Sổ thu chiTừ ngàyTừ ngàyĐến trước ngàyĐến trước ngàyKhoảng [Từ, Đến); múi giờ UTC.Tiền đã thu249.000 ₫Tiền đã chi274.000 ₫Biến động tiền thuần−25.000 ₫Không phải số dư tài khoảnMúi giờ báo cáoUTCKỳ báo cáoTừ07:00 1/9/26Đến (không gồm)07:00 1/10/26Dữ liệu tại21:00 29/9/26Số liệu của phiên mô phỏng; không phải số dư tài khoản ngân hàng.BotSales AI · Graphite Gold · FrontendGóp ý màn hình
    +

    Call log:
      - Expect "toContainText" locator('body') with timeout 5000ms
      - waiting for locator('body')
        14 × locator resolved to <body>…</body>
           - unexpected value "Đến nội dung chínhBotSales AIĐội ngũ vận hành cửa hàngJoker Studio · Shop mẫu⌄ĐIỀU HÀNHTổng quanCông việc hôm nayCần phê duyệtBÁN HÀNGHộp thư khách hàngKhách hàngĐơn hàngChuẩn bị hàngVận đơn & giao hàngĐổi trảChăm sóc sau bánHÀNG HÓASản phẩmDanh mụcNhập dữ liệuTồn khoLịch sử khoNhà cung cấpĐề nghị nhậpĐơn mua hàngNhận hàngKẾ TOÁNThu chiSổ thu chiLợi nhuậnChứng từ & sổ képĐối soátCông nợ & khóa kỳĐỘI NGŨ AIBốn nhân viên AICấu hình AdminThử botChất lượng AIKiến thức cửa hàngPhản hồi cần duyệtBản tin & sức khỏeTHÔNG BÁO & BÁO CÁOTrung tâm thông báoĐiện thoại & lịch trựcXuất báo cáoThông tin marketingCÀI ĐẶTKết nối FacebookNhà cung cấp AINhân sự & quyềnCửa hàngNhật kýQuyền riêng tưJJokertrader · tài khoản mẫuownerKhông gian làm việc  / Thu/chi tổng quan​Dữ liệu mô phỏngJFrontend review: API được mô phỏng trong bộ nhớ, không gửi tin hoặc đặt hàng thật. Tải lại trang sẽ khởi tạo lại dữ liệu.Góp ýThử giao diện:Vai trò mô phỏngownerVai trò mô phỏngTrạng thái thửBình thườngTrạng thái thửDataset mô phỏngDataset mặc địnhDataset mô phỏngDòng tiềnTiền thực thu và thực chi, tách biệt doanh thu và lợi nhuận.Sổ thu chiTừ ngàyTừ ngàyĐến trước ngàyĐến trước ngàyKhoảng [Từ, Đến); múi giờ UTC.Tiền đã thu249.000 ₫Tiền đã chi274.000 ₫Biến động tiền thuần−25.000 ₫Không phải số dư tài khoảnMúi giờ báo cáoUTCKỳ báo cáoTừ07:00 1/9/26Đến (không gồm)07:00 1/10/26Dữ liệu tại21:00 29/9/26Số liệu của phiên mô phỏng; không phải số dư tài khoản ngân hàng.BotSales AI · Graphite Gold · FrontendGóp ý màn hình
    "


      137 |         const utcReport = (await utcReportResponse.json()).data;
      138 |         expect(utcReport.timezone).toBe('UTC');
    > 139 |         await expect(page.locator('body')).toContainText(dateTime(utcReport.from, 'UTC'));
          |                                            ^
      140 |         await expect(page.locator('body')).toContainText(dateTime(utcReport.to, 'UTC'));
      141 |         await expect(page.locator('body')).toContainText(dateTime(utcReport.asOf, 'UTC'));
      142 |
        at C:\Users\Joker-PC\Documents\Projects\Bot-AI-Ban-hang-FB\BotSalesAI_Frontend\tests\fe015.spec.ts:139:44

    Error Context: test-results\fe015-UI003-report-timesta-696d0-ow-the-active-shop-timezone-chromium\error-context.md

    Error Context: test-results\fe015-UI003-report-timesta-696d0-ow-the-active-shop-timezone-chromium\error-context.md

    attachment #3: trace (application/zip) ─────────────────────────────────────────────────────────
    test-results\fe015-UI003-report-timesta-696d0-ow-the-active-shop-timezone-chromium\trace.zip
    Usage:

        npx playwright show-trace test-results\fe015-UI003-report-timesta-696d0-ow-the-active-shop-timezone-chromium\trace.zip

    ────────────────────────────────────────────────────────────────────────────────────────────────


  1 failed
    [chromium] › tests\fe015.spec.ts:116:1 › UI003 report timestamps follow the active shop timezone 
