
Running 50 tests using 1 worker

(node:63112) Warning: The 'NO_COLOR' env is ignored due to the 'FORCE_COLOR' env being set.
(Use `node --trace-warnings ...` to show where the warning was created)
  ok  1 [chromium] › tests\fe021.spec.ts:29:1 › FE021 dashboard keeps independent panels usable and hides finance fields without finance.read (1.7s)
  ok  2 [chromium] › tests\fe021.spec.ts:41:1 › FE021 marketing chart and table match the same synthetic API fixture and preserve missing actual spend (2.2s)
  ok  3 [chromium] › tests\fe021.spec.ts:65:1 › FE021 export uses inclusive shop-local boundaries, safe CSV, API jobs and cursor pagination (3.0s)
  ok  4 [chromium] › tests\fe021.spec.ts:120:1 › FE021 mock rejects an export when reports.export lacks the source permission (997ms)
  ok  5 [chromium] › tests\fe021.spec.ts:140:1 › FE021 mock rejects an invalid report timezone before creating an export job (1.2s)
  ok  6 [chromium] › tests\fe021.spec.ts:160:1 › FE021 ambiguous export result preserves the selected dates and never exposes a download (2.6s)
  ok  7 [chromium] › tests\fe021.spec.ts:173:1 › FE021 empty report and marketing payloads render explicit empty states (2.1s)
  ok  8 [chromium] › tests\fe021.spec.ts:192:1 › FE021 stale export conflict preserves dates and never exposes a download (2.6s)
  ok  9 [chromium] › tests\ui011-date-time.spec.ts:16:1 › UI011 report defaults use the active shop calendar month at a UTC month boundary (1.7s)
  ok 10 [chromium] › tests\ui011-date-time.spec.ts:29:1 › UI011 journal effective date defaults to the active shop calendar date (1.4s)
  ok 11 [chromium] › tests\ui011-date-time.spec.ts:41:1 › UI011 shipment event input and API instant use the shop timezone, not browser timezone (1.6s)
  ok 12 [chromium] › tests\ui012-keyboard.spec.ts:42:1 › UI012 keyboard-only finance edit handles select, discard warning and focus return (2.9s)
  ok 13 [chromium] › tests\ui012-keyboard.spec.ts:103:1 › UI012 keyboard validation focuses the field named by a synthetic 422 response (2.9s)
  ok 14 [chromium] › tests\ui012-keyboard.spec.ts:160:1 › UI012 keyboard activates the CSV chooser and discards its selected file without upload (1.8s)
  ok 15 [chromium] › tests\ui012-keyboard.spec.ts:200:1 › UI012 keyboard can reach and horizontally scroll the marketing chart data alternative (1.3s)
  ok 16 [chromium] › tests\ui012-keyboard.spec.ts:227:1 › UI012 marketing chart keeps every category label visible beside its data table (2.5s)
  ok 17 [chromium] › tests\ui012-keyboard.spec.ts:268:1 › UI012 inbox feedback actions identify their message and return focus after Escape (2.8s)
  ok 18 [chromium] › tests\ui012-keyboard.spec.ts:301:1 › UI012 order draft does not announce an untouched required customer as invalid (1.2s)
  ok 19 [chromium] › tests\ui012-keyboard.spec.ts:314:1 › UI012 long BotConfig policy literal wraps inside its alert at a 320 CSS-pixel viewport (1.2s)
  ok 20 [chromium] › tests\ui012-keyboard.spec.ts:348:1 › UI012 dashboard CTA separates hover and pressed feedback while keeping keyboard focus visible (3.3s)
  ok 21 [chromium] › tests\ui013-url-state.spec.ts:19:1 › UI013 reconciliation tab deep links and survives refresh; malformed tab safely falls back (5.1s)
  ok 22 [chromium] › tests\ui013-url-state.spec.ts:39:1 › UI013 finance date range deep link, edit, refresh and Back use shop-local filter state (3.6s)
  ok 23 [chromium] › tests\ui013-url-state.spec.ts:70:1 › UI013 report type and export date filters are deep-linkable, refreshable and malformed values fall back safely (4.0s)
  ok 24 [chromium] › tests\ui028-w25-reports-layout.spec.ts:15:1 › UI028.W25 Reports semantic spacing stays stable at mobile, tablet and desktop widths (11.9s)
  ok 25 [chromium] › tests\ui028-w25-reports-layout.spec.ts:113:1 › UI028.W25 authorized report download link retains its 44px hit target (2.2s)
(node:24084) Warning: The 'NO_COLOR' env is ignored due to the 'FORCE_COLOR' env being set.
(Use `node --trace-warnings ...` to show where the warning was created)
  ok 26 [firefox] › tests\fe021.spec.ts:29:1 › FE021 dashboard keeps independent panels usable and hides finance fields without finance.read (1.8s)
  ok 27 [firefox] › tests\fe021.spec.ts:41:1 › FE021 marketing chart and table match the same synthetic API fixture and preserve missing actual spend (2.9s)
  ok 28 [firefox] › tests\fe021.spec.ts:65:1 › FE021 export uses inclusive shop-local boundaries, safe CSV, API jobs and cursor pagination (3.4s)
  ok 29 [firefox] › tests\fe021.spec.ts:120:1 › FE021 mock rejects an export when reports.export lacks the source permission (1.3s)
  ok 30 [firefox] › tests\fe021.spec.ts:140:1 › FE021 mock rejects an invalid report timezone before creating an export job (1.4s)
  ok 31 [firefox] › tests\fe021.spec.ts:160:1 › FE021 ambiguous export result preserves the selected dates and never exposes a download (2.9s)
  ok 32 [firefox] › tests\fe021.spec.ts:173:1 › FE021 empty report and marketing payloads render explicit empty states (2.7s)
  ok 33 [firefox] › tests\fe021.spec.ts:192:1 › FE021 stale export conflict preserves dates and never exposes a download (2.8s)
  ok 34 [firefox] › tests\ui011-date-time.spec.ts:16:1 › UI011 report defaults use the active shop calendar month at a UTC month boundary (1.7s)
  ok 35 [firefox] › tests\ui011-date-time.spec.ts:29:1 › UI011 journal effective date defaults to the active shop calendar date (2.1s)
  ok 36 [firefox] › tests\ui011-date-time.spec.ts:41:1 › UI011 shipment event input and API instant use the shop timezone, not browser timezone (1.8s)
  ok 37 [firefox] › tests\ui012-keyboard.spec.ts:42:1 › UI012 keyboard-only finance edit handles select, discard warning and focus return (3.3s)
  ok 38 [firefox] › tests\ui012-keyboard.spec.ts:103:1 › UI012 keyboard validation focuses the field named by a synthetic 422 response (3.6s)
  ok 39 [firefox] › tests\ui012-keyboard.spec.ts:160:1 › UI012 keyboard activates the CSV chooser and discards its selected file without upload (2.3s)
  ok 40 [firefox] › tests\ui012-keyboard.spec.ts:200:1 › UI012 keyboard can reach and horizontally scroll the marketing chart data alternative (1.6s)
  ok 41 [firefox] › tests\ui012-keyboard.spec.ts:227:1 › UI012 marketing chart keeps every category label visible beside its data table (2.7s)
  ok 42 [firefox] › tests\ui012-keyboard.spec.ts:268:1 › UI012 inbox feedback actions identify their message and return focus after Escape (3.1s)
  ok 43 [firefox] › tests\ui012-keyboard.spec.ts:301:1 › UI012 order draft does not announce an untouched required customer as invalid (1.5s)
  ok 44 [firefox] › tests\ui012-keyboard.spec.ts:314:1 › UI012 long BotConfig policy literal wraps inside its alert at a 320 CSS-pixel viewport (1.4s)
  ok 45 [firefox] › tests\ui012-keyboard.spec.ts:348:1 › UI012 dashboard CTA separates hover and pressed feedback while keeping keyboard focus visible (4.6s)
  ok 46 [firefox] › tests\ui013-url-state.spec.ts:19:1 › UI013 reconciliation tab deep links and survives refresh; malformed tab safely falls back (5.4s)
  ok 47 [firefox] › tests\ui013-url-state.spec.ts:39:1 › UI013 finance date range deep link, edit, refresh and Back use shop-local filter state (3.9s)
  ok 48 [firefox] › tests\ui013-url-state.spec.ts:70:1 › UI013 report type and export date filters are deep-linkable, refreshable and malformed values fall back safely (4.5s)
  ok 49 [firefox] › tests\ui028-w25-reports-layout.spec.ts:15:1 › UI028.W25 Reports semantic spacing stays stable at mobile, tablet and desktop widths (15.2s)
  ok 50 [firefox] › tests\ui028-w25-reports-layout.spec.ts:113:1 › UI028.W25 authorized report download link retains its 44px hit target (2.5s)

  50 passed (2.8m)
