
> botsales-frontend@0.1.0 test:e2e
> node scripts/run-e2e.mjs


> npm run setup

> botsales-frontend@0.1.0 setup
> node scripts/setup.mjs

{"status":"PASS","outputs":11,"schemas":283,"operations":210,"routes":54}
Copying the worker script at "C:\Users\Joker-PC\Documents\Projects\Bot-AI-Ban-hang-FB\BotSalesAI_Frontend\apps\web\public"...

Worker script successfully copied!
  - public

Continue by describing the network in your application:


https://mswjs.io/docs/quick-start

Thiết lập xong. npm run dev chạy frontend mô phỏng; không kết nối khách hàng hoặc provider thật.

> npm run build

> botsales-frontend@0.1.0 build
> npm run generate:check && npm run typecheck && npm run build --workspace @botsales/web


> botsales-frontend@0.1.0 generate:check
> node scripts/generate.mjs --check

{"status":"PASS","outputs":11,"schemas":283,"operations":210,"routes":54}

> botsales-frontend@0.1.0 typecheck
> tsc -p apps/web/tsconfig.json --noEmit


> @botsales/web@0.1.0 build
> vite build --mode production

vite v7.3.6 building client environment for production...
transforming...
✓ 2058 modules transformed.
rendering chunks...
computing gzip size...
dist/index.html                              1.19 kB │ gzip:   0.60 kB
dist/assets/index-BQPx7lJM.css               3.56 kB │ gzip:   1.33 kB
dist/assets/download-8lJFmiSZ.js             0.23 kB │ gzip:   0.17 kB
dist/assets/filters-CVitQAxr.js              0.32 kB │ gzip:   0.25 kB
dist/assets/hooks-N4V-MbJ2.js                3.19 kB │ gzip:   1.62 kB
dist/assets/index-E1HZojB6.js                7.81 kB │ gzip:   3.13 kB
dist/assets/index-BwUw43Ud.js                8.24 kB │ gzip:   3.51 kB
dist/assets/index-Bz4WJ9s1.js                9.79 kB │ gzip:   3.65 kB
dist/assets/index-BPCKDfPc.js               13.58 kB │ gzip:   4.47 kB
dist/assets/index-DBBUAemR.js               13.71 kB │ gzip:   5.62 kB
dist/assets/index-BdiZIzeu.js               14.03 kB │ gzip:   5.45 kB
dist/assets/index-B0GV2tda.js               14.28 kB │ gzip:   5.29 kB
dist/assets/index-ScszTJsj.js               16.13 kB │ gzip:   5.46 kB
dist/assets/index-B9QOzJ17.js               16.26 kB │ gzip:   5.40 kB
dist/assets/index-Ck5F0V9i.js               17.63 kB │ gzip:   6.21 kB
dist/assets/index-D6fxGsXp.js               18.32 kB │ gzip:   6.14 kB
dist/assets/index-v1zM2NHm.js               21.72 kB │ gzip:   7.40 kB
dist/assets/index-BibEr9Cl.js               22.85 kB │ gzip:   8.19 kB
dist/assets/index-AykFAOgd.js               25.76 kB │ gzip:   8.42 kB
dist/assets/index-CaVv61QJ.js               31.34 kB │ gzip:   9.79 kB
dist/assets/query-5vm9EU1C.js               33.15 kB │ gzip:   9.92 kB
dist/assets/index-BhgOO6c9.js               36.89 kB │ gzip:  10.04 kB
dist/assets/i18n-xB0mQYCC.js                46.14 kB │ gzip:  15.12 kB
dist/assets/schemas-jpQ0XMzw.js             79.18 kB │ gzip:  24.03 kB
dist/assets/index-DGQahf7x.js               87.07 kB │ gzip:  27.70 kB
dist/assets/schema-validation-Bhr7oAQE.js  149.80 kB │ gzip:  45.12 kB
dist/assets/react-runtime-D0NtfbPC.js      279.78 kB │ gzip:  90.28 kB
dist/assets/contract-data-BIzYYkc1.js      303.99 kB │ gzip:  36.17 kB
dist/assets/charts-CQ4oecFO.js             313.03 kB │ gzip:  94.99 kB
dist/assets/mui-Bz_aCSm2.js                328.33 kB │ gzip: 100.02 kB
✓ built in 3.08s

> npm run build:demo

> botsales-frontend@0.1.0 build:demo
> npm run generate:check && npm run typecheck && npm run build:demo --workspace @botsales/web


> botsales-frontend@0.1.0 generate:check
> node scripts/generate.mjs --check

{"status":"PASS","outputs":11,"schemas":283,"operations":210,"routes":54}

> botsales-frontend@0.1.0 typecheck
> tsc -p apps/web/tsconfig.json --noEmit


> @botsales/web@0.1.0 build:demo
> vite build --mode demo --outDir dist-demo

vite v7.3.6 building client environment for demo...
transforming...
✓ 2274 modules transformed.
rendering chunks...
computing gzip size...
dist-demo/index.html                              1.19 kB │ gzip:   0.59 kB
dist-demo/assets/index-BQPx7lJM.css               3.56 kB │ gzip:   1.33 kB
dist-demo/assets/download-CWiaXb8A.js             0.24 kB │ gzip:   0.17 kB
dist-demo/assets/filters-Bi-qlnQp.js              0.32 kB │ gzip:   0.24 kB
dist-demo/assets/control-6gq2NE8L.js              0.72 kB │ gzip:   0.43 kB
dist-demo/assets/hooks-kig8VvhY.js                3.19 kB │ gzip:   1.62 kB
dist-demo/assets/index-SNN2E9VK.js                8.25 kB │ gzip:   3.51 kB
dist-demo/assets/index-C8mNDRDt.js                8.35 kB │ gzip:   3.32 kB
dist-demo/assets/index-d3QpD-k9.js                9.79 kB │ gzip:   3.65 kB
dist-demo/assets/index--X751yie.js               13.58 kB │ gzip:   4.47 kB
dist-demo/assets/index-DIGf_AYt.js               13.73 kB │ gzip:   5.25 kB
dist-demo/assets/index-BDL0b9sJ.js               13.89 kB │ gzip:   5.67 kB
dist-demo/assets/index-Bo1JAmqW.js               16.42 kB │ gzip:   5.43 kB
dist-demo/assets/index-Dgao45BD.js               17.63 kB │ gzip:   6.21 kB
dist-demo/assets/index-DnnRI9fj.js               18.32 kB │ gzip:   6.13 kB
dist-demo/assets/index-DA1mADXx.js               18.33 kB │ gzip:   6.22 kB
dist-demo/assets/index-DCWZlA5J.js               22.14 kB │ gzip:   7.56 kB
dist-demo/assets/index-EwRA-R6v.js               22.26 kB │ gzip:   7.74 kB
dist-demo/assets/index-DVsAq8M4.js               23.08 kB │ gzip:   8.25 kB
dist-demo/assets/index-722e68Gc.js               26.22 kB │ gzip:   8.56 kB
dist-demo/assets/query-5vm9EU1C.js               33.15 kB │ gzip:   9.92 kB
dist-demo/assets/index-AFu_X5zW.js               33.44 kB │ gzip:  10.49 kB
dist-demo/assets/index-CtVZEGTR.js               36.89 kB │ gzip:  10.04 kB
dist-demo/assets/i18n-xB0mQYCC.js                46.14 kB │ gzip:  15.12 kB
dist-demo/assets/schemas-jpQ0XMzw.js             79.18 kB │ gzip:  24.03 kB
dist-demo/assets/index-Dt25vh2b.js               90.93 kB │ gzip:  28.81 kB
dist-demo/assets/schema-validation-Bhr7oAQE.js  149.80 kB │ gzip:  45.12 kB
dist-demo/assets/service-BepI4YXI.js            159.35 kB │ gzip:  34.71 kB
dist-demo/assets/browser-CB3uAjLN.js            255.20 kB │ gzip:  86.82 kB
dist-demo/assets/react-runtime-D0NtfbPC.js      279.78 kB │ gzip:  90.28 kB
dist-demo/assets/contract-data-D-QqiNa-.js      309.77 kB │ gzip:  37.31 kB
dist-demo/assets/charts-RcpaDpmM.js             313.03 kB │ gzip:  94.99 kB
dist-demo/assets/mui-azn9KfGV.js                328.33 kB │ gzip: 100.02 kB
✓ built in 3.32s

> node node_modules\@playwright\test\cli.js test
✔ canonical contracts validate and generate the API base path from OpenAPI (53.0064ms)
✔ rejects drift in OpenAPI YAML and operation index projections (80.6884ms)
✔ generated operation registry preserves required and optional query parameter metadata (23.7142ms)
✔ rejects unresolved schema references before generation (39.4995ms)
✔ rejects missing API version and a server URL outside same-origin path form (37.37ms)
✔ rejects route-to-operation drift without rewriting the canonical manifest (37.9762ms)
✔ detects a stale generated file and accepts it after regeneration (3.6041ms)
{
  "taskId": "FE011",
  "scope": "FRONTEND_WITH_SYNTHETIC_MOCK_API",
  "routes": [
    {
      "id": "R15",
      "path": "/s/:shopId/inventory",
      "permission": "inventory.read",
      "reads": [
        "listStockSnapshots",
        "getShop"
      ],
      "action": {
        "label": "Điều chỉnh tồn",
        "operationId": "createInventoryAdjustment",
        "permission": "inventory.adjust"
      }
    },
    {
      "id": "R16",
      "path": "/s/:shopId/inventory/movements",
      "permission": "inventory.read",
      "reads": [
        "listStockMovements"
      ]
    }
  ],
  "operations": [
    "listStockSnapshots",
    "listStockMovements",
    "createInventoryAdjustment",
    "getShop"
  ],
  "permissionBoundary": "Route reads require inventory.read; adjustment uses inventory.adjust; cost requires finance.read; product and order links are permission-gated.",
  "commandSemantics": "202 CommandResponse; expectedVersion and unitCost are contract-required body properties; the shared client waits for terminal state and handles unknown outcomes.",
  "checks": 17
}
✔ FE011 routes, permissions, operations and DTOs map to canonical contracts and current source (11.3814ms)
{
  "taskId": "FE012",
  "scope": "FRONTEND_WITH_SYNTHETIC_MOCK_API",
  "routes": [
    "R17",
    "R18",
    "R19",
    "R43"
  ],
  "operations": [
    "listOrders",
    "getOrder",
    "getShop",
    "listCustomers",
    "listProducts",
    "listConversations",
    "createOrder",
    "updateOrderDraft",
    "quoteOrder",
    "recordCustomerConfirmation",
    "confirmOrder",
    "cancelOrder",
    "listReturnCases",
    "getReturnCase",
    "createReturnCase",
    "inspectReturn",
    "getCommand",
    "handoverShipment",
    "payOrder",
    "refundOrder"
  ],
  "contractEvidence": "OrderDraft carries required IDs and 1..100 lines, integer quantity 1..1000000 and notes up to 2000; confirmation requires quote hash/version and customer message evidence; return inspection is line-scoped.",
  "permissionBoundary": "Customer/product pickers are enabled only with read capability; write actions follow orders.write, orders.confirm, orders.return and inventory.adjust.",
  "limitations": "No address CRUD endpoint is introduced; shippingAddressId remains an external verified ID and mock confirmation is only a demo simulation.",
  "checks": 35
}
✔ FE012 routes, operations, permissions and DTO limits map to canonical contracts and orders source (15.3437ms)
{
  "taskId": "FE013",
  "scope": "FRONTEND_WITH_SYNTHETIC_MOCK_API",
  "routes": [
    "R41",
    "R42"
  ],
  "operations": [
    "listPrepJobs",
    "getPrepJob",
    "getWorkItem",
    "claimWorkItem",
    "pickPrepLine",
    "packPrepJob",
    "listShipments",
    "getShipment",
    "createShipment",
    "handoverShipment",
    "recordShipmentEvent"
  ],
  "permissionBoundary": "fulfillment.read gates route data, operations.claim gates WorkItem claim, fulfillment.write gates picks/pack/events/shipment creation, and fulfillment.handover gates stock-consuming handover.",
  "stateBoundary": "Claim/pick/pack/handover/delivery/payment remain separate states; return eligibility continues to come from the order API.",
  "checks": 54
}
✔ FE013 routes, permissions, DTOs and state transitions map to canonical contracts and fulfillment source (17.6175ms)
{"taskId":"FE016","scope":"FRONTEND_WITH_SYNTHETIC_MOCK_API","routes":["R05","R06"],"operations":["listConversations","getConversation","listMessages","sendMessage","takeoverConversation","releaseConversation","resolveConversation","assignConversation","listFeedback","createFeedback","reviewFeedback","listCommands","getCommand","getInboxMetadata"],"knownGap":"Canonical Message has no media or attachment field/operation; UI must not invent a provider endpoint.","checks":3}
{"taskId":"FE017","scope":"FRONTEND_WITH_SYNTHETIC_MOCK_API","routes":["R23","R24","R25"],"operations":15,"unresolvedContractField":"Knowledge.allowedActions","checks":4}
{
  "taskId": "FE014",
  "scope": "FRONTEND_WITH_SYNTHETIC_MOCK_API",
  "routes": [
    "R44",
    "R45",
    "R46",
    "R47"
  ],
  "operations": 13,
  "checks": 95
}
✔ FE014 procurement routes, permissions, DTOs and current source follow canonical contracts (34.1384ms)
{"taskId":"FE018","scope":"FRONTEND_WITH_SYNTHETIC_MOCK_API","routes":["R26","R27","R28","R51"],"operations":18,"checks":2,"knownRouteMappingGap":"R51 omits updateBudgetPolicy; UI uses canonical operation permission operations.manage"}
FE015 source map: 131 contract/source assertions passed
✔ FE015 finance routes, capabilities, operations and DTOs follow canonical contracts (27.7859ms)
✔ FE016 maps R05/R06 reads and mutations to canonical permissions and current inbox source (0.32ms)
✔ FE016 contract bounds list filters, safe message refs and versioned send payloads (0.215ms)
✔ FE016 uses shell-owned resync and command recovery, and mock takeover enforces current version (0.1915ms)
✔ FE017 R23-R25 operations and action permissions match canonical routes (0.4001ms)
✔ FE017 uses the user-approved permission and lifecycle UI substitute without inventing a Knowledge DTO field (0.1048ms)
✔ FE017 price and availability source preview uses separately permissioned canonical APIs (0.0567ms)
✔ FE017 mock keeps published revisions immutable and feedback approval creates a draft revision (0.0487ms)
✔ FE018 R26/R27/R28/R51 actions use canonical routes, operation IDs, and permissions (0.2906ms)
✔ FE018 capability, tool permissions, human confirmation, and evaluation labels stay within declared schemas (0.112ms)
✔ FE020 source stays mapped to canonical operations, permissions, and safe missing-schedule boundary (0.6307ms)
✔ FE020 mock enforces work-item capabilities and keeps integration readiness unknown (0.0842ms)
✔ accepts semantic bridge roles, the closed token-derived factor map, geometry, and reset values (212.2171ms)
✔ rejects a CSS spacing role without a declared shared owner (211.1981ms)
✔ rejects scale-conforming and off-scale literals in sx, responsive leaves, named and namespace MUI System props (219.0996ms)
✔ follows local aliases and style callbacks; rejects theme spacing helpers and preset overrides (219.0076ms)
✔ scans nested slotProps but does not confuse event handlers or geometric dimensions with spacing (213.2693ms)
✔ keeps Panel geometry inspectable and rejects spacing hidden in its geometry prop (619.4681ms)
✔ accepts only an exact CSS exception and reports stale or mismatched exception scope (603.2281ms)
✔ rejects malformed TypeScript, malformed CSS, bad exception schema, and raw values in the bridge (791.3791ms)
✔ rejects canonical pixel tokens used as MUI factors and an altered bridge factor table (400.7738ms)
✔ report mode inventories migration debt without turning findings into PASS (205.1124ms)
✔ module path classification accepts Windows and POSIX spellings, but excludes app files (2.8714ms)
✔ the source-checker CLI rejects a prohibited color literal in a module (159.0878ms)
✔ the source-checker CLI accepts a token-based module and leaves app-level colors outside the rule (155.7925ms)
✔ accepts semantic composition, closed geometry and business-specific MUI primitives (9.1387ms)
✔ rejects rebuilding each shared spacing owner at a consumer (4.8898ms)
✔ follows aliases, local style variables, object spreads and namespace imports (3.9916ms)
✔ rejects direct and spread spacing overrides on semantic components (3.8433ms)
✔ rejects spacing or opaque spreads hidden in geometry (3.658ms)
✔ allows the canonical owner implementation and fails closed on malformed source (4.0994ms)
✔ rejects duplicated parent boundary and duplicated Panel inset (3.439ms)
✔ checks default MUI imports and fails closed for opaque geometry (3.6926ms)
✔ visual checker accepts canonical theme roles, token references, geometry and semantic responsive props (9.5142ms)
✔ visual checker rejects raw literals across sx, JSX system props and CSS declarations (5.6913ms)
✔ visual checker follows local style aliases and callback themes, but fails raw nested values (6.4437ms)
✔ visual checker reports unresolved spreads and malformed style sources as UNKNOWN or parse errors (5.552ms)
✔ visual checker includes newly added TSX files under the source root (67.5773ms)

Running 486 tests using 1 worker

(node:65668) Warning: The 'NO_COLOR' env is ignored due to the 'FORCE_COLOR' env being set.
(Use `node --trace-warnings ...` to show where the warning was created)
  ok   1 [chromium] › tests\accessibility\routes.spec.ts:17:1 › all canonical routes pass whole-page WCAG 2.1 A/AA axe checks in the React demo (54.6s)
  x    2 [chromium] › tests\artifacts\demo-preview.spec.ts:38:1 › the built demo artifact serves the React UI and synthetic API through preview (751ms)
(node:41616) Warning: The 'NO_COLOR' env is ignored due to the 'FORCE_COLOR' env being set.
(Use `node --trace-warnings ...` to show where the warning was created)
[large-dataset-api] {"url":"http://127.0.0.1:57811/api/v2/shops/shop-demo/customers?limit=20","count":20,"page":{"limit":20,"total":1004,"hasMore":true,"nextCursor":"perf-customer-0016"},"firstIds":["c1","c2","c3"]}
[large-dataset-preview] {"scope":"FRONTEND_WITH_SYNTHETIC_MOCK_API","artifact":"apps/web/dist-demo","datasetId":"FE025-LARGE-CUSTOMERS-1000-V1","generatedRows":1000,"firstPageIds":["c1","c2","c3","c4","perf-customer-0001","perf-customer-0002","perf-customer-0003","perf-customer-0004","perf-customer-0005","perf-customer-0006","perf-customer-0007","perf-customer-0008","perf-customer-0009","perf-customer-0010","perf-customer-0011","perf-customer-0012","perf-customer-0013","perf-customer-0014","perf-customer-0015","perf-customer-0016"],"api":{"status":200,"pageLimit":20,"total":1004,"hasMore":true,"nextCursor":"perf-customer-0016"},"domRowsIncludingHeader":21,"firstPageReadyMs":339,"browser":"Mozilla/5.0 (Windows NT 10.0; Win64; x64) AppleWebKit/537.36 (KHTML, like Gecko) Chrome/153.0.8010.12 Safari/537.36","viewport":{"width":1280,"height":720},"note":"Synthetic customer identities only; the React screen renders one API page and exposes the next cursor instead of mounting the full collection."}
  ok   3 [chromium] › tests\artifacts\demo-preview.spec.ts:100:1 › a thousand synthetic customers remain API-paginated in the built demo artifact (982ms)
  ok   4 [chromium] › tests\artifacts\demo-preview.spec.ts:138:1 › the production artifact contains neither the mock worker asset nor MSW fixtures/runtime (8ms)
  ok   5 [chromium] › tests\fe009.spec.ts:35:1 › workspace onboarding creates a shop with an active membership and returns to its scoped route (2.3s)
  ok   6 [chromium] › tests\fe009.spec.ts:57:1 › customer create validates fields, submits through mock HTTP, and preserves edits after a stale version (3.6s)
  ok   7 [chromium] › tests\fe009.spec.ts:115:1 › customer detail keeps redacted contact fields read-only and does not overwrite them on save (1.2s)
  ok   8 [chromium] › tests\fe009.spec.ts:132:1 › FE009.G01 shop setup checklist guides to supported pages and leaves missing contract fields unverified (1.1s)
  ok   9 [chromium] › tests\fe009.spec.ts:145:1 › FE009.G05 marketing consent preview is interactive but never claims server opt-out (1.2s)
  ok  10 [chromium] › tests\fe009.spec.ts:160:1 › FE009.H06 audit screen distinguishes available fields from missing contract detail (1.1s)
  ok  11 [chromium] › tests\fe009.spec.ts:169:1 › FE009.B06 after-sale cases only link orders loaded for the selected customer and customer profile shows their shipment (5.3s)
  ok  12 [chromium] › tests\fe009.spec.ts:201:1 › team invitation and membership revoke stay shop-scoped and protect the active owner (2.2s)
  ok  13 [chromium] › tests\fe009.spec.ts:237:1 › privacy delete requests remain pending approval with no frontend step-up shortcut (2.6s)
  ok  14 [chromium] › tests\fe010.spec.ts:37:1 › product editor validates positive prices, protects image-only drafts, and saves variant payload through mock HTTP (3.5s)
  ok  15 [chromium] › tests\fe010.spec.ts:107:1 › product update sends If-Match and keeps edits visible after a 412 conflict (2.0s)
  ok  16 [chromium] › tests\fe010.spec.ts:125:1 › warehouse role can read catalog products but cannot edit product fields or price cost data (752ms)
  ok  17 [chromium] › tests\fe010.spec.ts:134:1 › categories create, search, update with a version, and render cursor pagination (2.0s)
  ok  18 [chromium] › tests\fe010.spec.ts:163:1 › CSV preview reports row-level errors and commits only valid product rows (2.0s)
  ok  19 [chromium] › tests\fe010.spec.ts:235:1 › import validation token is rejected with 412 after catalog changes and the preview remains visible (2.1s)
  ok  20 [chromium] › tests\fe010.spec.ts:267:1 › CSV demo row limit is explained and rejects more than 1000 data rows before preview (1.2s)
  ok  21 [chromium] › tests\fe010.spec.ts:280:1 › demo upload rejects files over 5 MB before making an upload request (1.4s)
UI005 acceptance: {"categoryTotal":105,"createCategoryId":"cat-2","editCategoryId":"cat-0","categoryRequests":18}
  ok  22 [chromium] › tests\fe010.spec.ts:291:1 › product category lookup pages the full collection and preserves the selected category while editing (8.5s)
  ok  23 [chromium] › tests\fe011.spec.ts:35:1 › FE011.AC01 snapshot drives stock totals and the SKU opens its catalog result (1.3s)
  ok  24 [chromium] › tests\fe011.spec.ts:54:1 › FE011.AC02 adjustment validates, waits for mock confirmation, and reconciles movement history once (3.7s)
  ok  25 [chromium] › tests\fe011.spec.ts:92:1 › FE011.AC03 conflict and insufficient stock preserve the draft and never update optimistically (2.8s)
  ok  26 [chromium] › tests\fe011.spec.ts:120:1 › FE011.AC03 forbidden adjustment retains user input and shows no success state (1.8s)
  ok  27 [chromium] › tests\fe011.spec.ts:136:1 › FE011.AC03 unknown command blocks duplicate submission until shared recovery reconciles it (1.8s)
  ok  28 [chromium] › tests\fe011.spec.ts:154:1 › FE011.AC04 movement contract filters are URL-backed and history exposes actor and permission-gated source (1.2s)
  ok  29 [chromium] › tests\fe011.spec.ts:182:1 › FE011.AC05 inventory reflows at mobile widths, passes axe, and restores keyboard focus after adjustment dialog (1.8s)
  ok  30 [chromium] › tests\fe011.spec.ts:205:1 › FE011.AC03 unknown shop scope shows no stock from another shop (241ms)
  ok  31 [chromium] › tests\fe012.spec.ts:35:1 › FE012.AC01 searchable customer and product pickers submit contract-shaped draft and reject fractional quantity (3.8s)
  ok  32 [chromium] › tests\fe012.spec.ts:93:1 › FE012 demo address choice is labeled synthetic and completes the mock order flow (4.8s)
  ok  33 [chromium] › tests\fe012.spec.ts:122:1 › FE012.AC01 editing lines invalidates quote and customer consent; a new quote is required before confirmation (4.2s)
  ok  34 [chromium] › tests\fe012.spec.ts:182:1 › FE012.AC03 mock stale-version 412 preserves draft fields and does not show success (1.9s)
  ok  35 [chromium] › tests\fe012.spec.ts:196:1 › FE012.AC03 offline state blocks quote mutation while retaining the loaded draft (1.1s)
  ok  36 [chromium] › tests\fe012.spec.ts:208:1 › FE012.AC03 unknown confirm outcome blocks duplicate writes until shared command recovery is available (2.1s)
  ok  37 [chromium] › tests\fe012.spec.ts:254:1 › FE012.AC03 quote and customer confirmation expiration disable confirmation using API time (2.5s)
  ok  38 [chromium] › tests\fe012.spec.ts:274:1 › FE012.AC03 returns reject fractional/over-original quantities locally and preserve data on cumulative mock rejection (1.2s)
  ok  39 [chromium] › tests\fe012.spec.ts:298:1 › FE012.AC04 return inspection loads the current case and applies accepted partial quantity to mock stock and refund (2.3s)
  ok  40 [chromium] › tests\fe012.spec.ts:351:1 › FE012.AC03 handed-over order routes to returns and exposes no ordinary cancel action (1.1s)
  ok  41 [chromium] › tests\fe012.spec.ts:358:1 › FE012.AC05 order drafting remains usable without horizontal page overflow and passes focused axe checks (1.4s)
  ok  42 [chromium] › tests\fe013.spec.ts:40:1 › FE013.C04 shipping preview distinguishes missing address, unserviceable zone, and expired mock quote (3.0s)
  ok  43 [chromium] › tests\fe013.spec.ts:65:1 › FE013.AC01–AC04 stale claim conflict is visible; pick, pack, dispatch and delivery use current API versions once (6.9s)
  ok  44 [chromium] › tests\fe013.spec.ts:198:1 › FE013.AC03 unknown handover cannot be repeated before command reconciliation (3.4s)
  ok  45 [chromium] › tests\fe013.spec.ts:242:1 › FE013.AC01 role scope and FE013.AC05 responsive shipment/preparation views remain accessible (2.9s)
  ok  46 [chromium] › tests\fe014.spec.ts:25:1 › FE014.AC01 multi-line purchase validates MOQ/pack size and binds approval to the created intent (3.2s)
  ok  47 [chromium] › tests\fe014.spec.ts:77:1 › FE027.D02 supplier workspace edits the selected contact through its current version and displays MOQ offers (1.4s)
  ok  48 [chromium] › tests\fe014.spec.ts:95:1 › FE014.AC02 approval covers the exact purchase intent; unknown send is blocked from blind retry (4.1s)
  ok  49 [chromium] › tests\fe014.spec.ts:154:1 › FE014.S03 auto-send cannot be configured without an enabled procurement budget (2.3s)
  ok  50 [chromium] › tests\fe014.spec.ts:167:1 › FE014.S03 manager without procurement.receive cannot open receipt actions (2.4s)
  ok  51 [chromium] › tests\fe014.spec.ts:187:1 › FE014.AC03 partial receipt posts only accepted units to synthetic stock and payable once (3.4s)
  ok  52 [chromium] › tests\fe014.spec.ts:258:1 › FE014.D03/D04/D07 replenishment uses min-max rules, labels forecast limits, and blocks duplicate proposals (1.8s)
  ok  53 [chromium] › tests\fe015.spec.ts:49:1 › FE015.AC01 report filters use exact timezone boundaries and mock API aggregates (1.4s)
  ok  54 [chromium] › tests\fe015.spec.ts:95:1 › FE021.E08 report explanation is mock-only, cites the filtered P&L snapshot, and never writes finance data (1.1s)
  ok  55 [chromium] › tests\fe015.spec.ts:116:1 › UI003 report timestamps follow the active shop timezone (2.2s)
  ok  56 [chromium] › tests\fe015.spec.ts:173:1 › FE015.E02/E03 profit report renders canonical cost, gross-profit and operating-expense values (662ms)
  ok  57 [chromium] › tests\fe015.spec.ts:201:1 › FE015.AC02 journal rejects unbalanced decimal lines before POST and sends exact money strings (2.4s)
  ok  58 [chromium] › tests\fe015.spec.ts:236:1 › FE015.AC02 closed accounting period is visible and disables journal draft creation (1.6s)
  ok  59 [chromium] › tests\fe015.spec.ts:257:1 › FE015.AC03 CSV import keeps partial row failures visible and deduplicates external transactions (1.5s)
  ok  60 [chromium] › tests\fe015.spec.ts:280:1 › UI001 reconciliation cursors stay scoped and dialogs load choices beyond the visible table page (7.3s)
  ok  61 [chromium] › tests\fe015.spec.ts:407:1 › FE015.AC03 COD settlement matches net remittance plus documented fee (3.0s)
  ok  62 [chromium] › tests\fe015.spec.ts:441:1 › FE015.AC03 partial bank allocation leaves the remaining amount and debt visible (2.3s)
  ok  63 [chromium] › tests\fe015.spec.ts:466:1 › FE015.AC03 unknown journal posting is not resent from the same draft (3.8s)
  ok  64 [chromium] › tests\fe016.spec.ts:67:1 › UI015 mobile demo tools disclose by keyboard and inbox stays within narrow viewports (853ms)
  ok  65 [chromium] › tests\fe016.spec.ts:100:1 › FE016 conversation keeps its composer visible while long demo context scrolls independently (1.1s)
  ok  66 [chromium] › tests\fe016.spec.ts:133:1 › FE016.AC01 inbox filters call canonical query fields and remain bookmarked through conversation details (1.8s)
  ok  67 [chromium] › tests\fe016.spec.ts:161:1 › FE016.AC01 list cursor is isolated from message cursor and restored on back navigation (760ms)
  ok  68 [chromium] › tests\fe016.spec.ts:180:1 › UI002 inbox list and message cursors stay independent through paging, conversation switch and shop change (2.8s)
