
> botsales-frontend@0.1.0 test:e2e
> node scripts/run-e2e.mjs


> npm run setup

> botsales-frontend@0.1.0 setup
> node scripts/setup.mjs

{"status":"PASS","outputs":11,"schemas":283,"operations":210,"routes":54}
Copying the worker script at "C:\Users\Joker-PC\Documents\Projects\Bot-AI-Ban-hang-FB\BotSalesAI_Frontend\apps\web\public"...

Worker script successfully copied!
  - public

Continue by describing the network in your application:


https://mswjs.io/docs/quick-start

Thiết lập xong. npm run dev chạy frontend mô phỏng; không kết nối khách hàng hoặc provider thật.

> npm run build

> botsales-frontend@0.1.0 build
> npm run generate:check && npm run typecheck && npm run build --workspace @botsales/web


> botsales-frontend@0.1.0 generate:check
> node scripts/generate.mjs --check

{"status":"PASS","outputs":11,"schemas":283,"operations":210,"routes":54}

> botsales-frontend@0.1.0 typecheck
> tsc -p apps/web/tsconfig.json --noEmit


> @botsales/web@0.1.0 build
> vite build --mode production

vite v7.3.6 building client environment for production...
transforming...
✓ 2058 modules transformed.
rendering chunks...
computing gzip size...
dist/index.html                              1.19 kB │ gzip:   0.60 kB
dist/assets/index-BQPx7lJM.css               3.56 kB │ gzip:   1.33 kB
dist/assets/download-8lJFmiSZ.js             0.23 kB │ gzip:   0.17 kB
dist/assets/filters-CVitQAxr.js              0.32 kB │ gzip:   0.25 kB
dist/assets/hooks-D6mIdBwv.js                3.19 kB │ gzip:   1.62 kB
dist/assets/index-n2T7lhPE.js                7.81 kB │ gzip:   3.13 kB
dist/assets/index-CWEDsXSj.js                8.24 kB │ gzip:   3.51 kB
dist/assets/index-CG7netMx.js                9.79 kB │ gzip:   3.65 kB
dist/assets/index-CNapSAb8.js               13.58 kB │ gzip:   4.47 kB
dist/assets/index-DsB3sD8F.js               13.71 kB │ gzip:   5.62 kB
dist/assets/index-Bn4UcyvO.js               14.03 kB │ gzip:   5.45 kB
dist/assets/index-AvD1EH6A.js               14.28 kB │ gzip:   5.29 kB
dist/assets/index-BqLMrJH8.js               16.13 kB │ gzip:   5.46 kB
dist/assets/index-BGrc0VYC.js               16.26 kB │ gzip:   5.40 kB
dist/assets/index-3fEJys9-.js               17.63 kB │ gzip:   6.21 kB
dist/assets/index-Gmjhu3Rz.js               18.32 kB │ gzip:   6.14 kB
dist/assets/index-CEmbmxgZ.js               21.72 kB │ gzip:   7.40 kB
dist/assets/index-DwCwTLn6.js               22.85 kB │ gzip:   8.19 kB
dist/assets/index-CjdVkS7w.js               25.76 kB │ gzip:   8.42 kB
dist/assets/index-Ch-cjozu.js               31.34 kB │ gzip:   9.79 kB
dist/assets/query-5vm9EU1C.js               33.15 kB │ gzip:   9.92 kB
dist/assets/index-CBqGH_YB.js               36.89 kB │ gzip:  10.04 kB
dist/assets/i18n-xB0mQYCC.js                46.14 kB │ gzip:  15.12 kB
dist/assets/schemas-jpQ0XMzw.js             79.18 kB │ gzip:  24.03 kB
dist/assets/index-CN2xQRv3.js               84.33 kB │ gzip:  27.30 kB
dist/assets/schema-validation-Bhr7oAQE.js  149.80 kB │ gzip:  45.12 kB
dist/assets/react-runtime-D0NtfbPC.js      279.78 kB │ gzip:  90.28 kB
dist/assets/contract-data-BIzYYkc1.js      303.99 kB │ gzip:  36.17 kB
dist/assets/charts-CQ4oecFO.js             313.03 kB │ gzip:  94.99 kB
dist/assets/mui-Bz_aCSm2.js                328.33 kB │ gzip: 100.02 kB
✓ built in 3.56s

> npm run build:demo

> botsales-frontend@0.1.0 build:demo
> npm run generate:check && npm run typecheck && npm run build:demo --workspace @botsales/web


> botsales-frontend@0.1.0 generate:check
> node scripts/generate.mjs --check

{"status":"PASS","outputs":11,"schemas":283,"operations":210,"routes":54}

> botsales-frontend@0.1.0 typecheck
> tsc -p apps/web/tsconfig.json --noEmit


> @botsales/web@0.1.0 build:demo
> vite build --mode demo --outDir dist-demo

vite v7.3.6 building client environment for demo...
transforming...
✓ 2274 modules transformed.
rendering chunks...
computing gzip size...
dist-demo/index.html                              1.19 kB │ gzip:   0.60 kB
dist-demo/assets/index-BQPx7lJM.css               3.56 kB │ gzip:   1.33 kB
dist-demo/assets/download-CWiaXb8A.js             0.24 kB │ gzip:   0.17 kB
dist-demo/assets/filters-Bi-qlnQp.js              0.32 kB │ gzip:   0.24 kB
dist-demo/assets/control-6gq2NE8L.js              0.72 kB │ gzip:   0.43 kB
dist-demo/assets/hooks-CikdoECz.js                3.19 kB │ gzip:   1.62 kB
dist-demo/assets/index-DyY8UHrH.js                8.25 kB │ gzip:   3.51 kB
dist-demo/assets/index-xS6Dx4jD.js                8.35 kB │ gzip:   3.32 kB
dist-demo/assets/index-DbP5m2Fm.js                9.79 kB │ gzip:   3.65 kB
dist-demo/assets/index-CoHafi20.js               13.58 kB │ gzip:   4.47 kB
dist-demo/assets/index-DD92JRky.js               13.73 kB │ gzip:   5.25 kB
dist-demo/assets/index-Q8ze3STQ.js               13.89 kB │ gzip:   5.67 kB
dist-demo/assets/index-BvT-I2YT.js               16.42 kB │ gzip:   5.43 kB
dist-demo/assets/index-C5eYj3I8.js               17.63 kB │ gzip:   6.21 kB
dist-demo/assets/index-Hes6rYcr.js               18.32 kB │ gzip:   6.13 kB
dist-demo/assets/index-CL7JV4tP.js               18.33 kB │ gzip:   6.23 kB
dist-demo/assets/index-j3-ML4pu.js               22.14 kB │ gzip:   7.56 kB
dist-demo/assets/index-BMfLnRme.js               22.26 kB │ gzip:   7.74 kB
dist-demo/assets/index-3mxpZjgf.js               23.08 kB │ gzip:   8.25 kB
dist-demo/assets/index-J0-QQ-bG.js               26.22 kB │ gzip:   8.56 kB
dist-demo/assets/query-5vm9EU1C.js               33.15 kB │ gzip:   9.92 kB
dist-demo/assets/index-wDISmWCC.js               33.44 kB │ gzip:  10.49 kB
dist-demo/assets/index-DacnUefk.js               36.89 kB │ gzip:  10.04 kB
dist-demo/assets/i18n-xB0mQYCC.js                46.14 kB │ gzip:  15.12 kB
dist-demo/assets/schemas-jpQ0XMzw.js             79.18 kB │ gzip:  24.03 kB
dist-demo/assets/index-DyuYQEZD.js               88.20 kB │ gzip:  28.45 kB
dist-demo/assets/schema-validation-Bhr7oAQE.js  149.80 kB │ gzip:  45.12 kB
dist-demo/assets/service-BepI4YXI.js            159.35 kB │ gzip:  34.71 kB
dist-demo/assets/browser-BJrYoRCh.js            255.20 kB │ gzip:  86.82 kB
dist-demo/assets/react-runtime-D0NtfbPC.js      279.78 kB │ gzip:  90.28 kB
dist-demo/assets/contract-data-D-QqiNa-.js      309.77 kB │ gzip:  37.31 kB
dist-demo/assets/charts-RcpaDpmM.js             313.03 kB │ gzip:  94.99 kB
dist-demo/assets/mui-azn9KfGV.js                328.33 kB │ gzip: 100.02 kB
✓ built in 3.72s

> node node_modules\@playwright\test\cli.js test
✔ canonical contracts validate and generate the API base path from OpenAPI (54.2236ms)
✔ rejects drift in OpenAPI YAML and operation index projections (87.6862ms)
✔ generated operation registry preserves required and optional query parameter metadata (23.5406ms)
✔ rejects unresolved schema references before generation (40.7601ms)
✔ rejects missing API version and a server URL outside same-origin path form (36.9405ms)
✔ rejects route-to-operation drift without rewriting the canonical manifest (37.1909ms)
✔ detects a stale generated file and accepts it after regeneration (3.6162ms)
{
  "taskId": "FE011",
  "scope": "FRONTEND_WITH_SYNTHETIC_MOCK_API",
  "routes": [
    {
      "id": "R15",
      "path": "/s/:shopId/inventory",
      "permission": "inventory.read",
      "reads": [
        "listStockSnapshots",
        "getShop"
      ],
      "action": {
        "label": "Điều chỉnh tồn",
        "operationId": "createInventoryAdjustment",
        "permission": "inventory.adjust"
      }
    },
    {
      "id": "R16",
      "path": "/s/:shopId/inventory/movements",
      "permission": "inventory.read",
      "reads": [
        "listStockMovements"
      ]
    }
  ],
  "operations": [
    "listStockSnapshots",
    "listStockMovements",
    "createInventoryAdjustment",
    "getShop"
  ],
  "permissionBoundary": "Route reads require inventory.read; adjustment uses inventory.adjust; cost requires finance.read; product and order links are permission-gated.",
  "commandSemantics": "202 CommandResponse; expectedVersion and unitCost are contract-required body properties; the shared client waits for terminal state and handles unknown outcomes.",
  "checks": 17
}
✔ FE011 routes, permissions, operations and DTOs map to canonical contracts and current source (50.0188ms)
{
  "taskId": "FE012",
  "scope": "FRONTEND_WITH_SYNTHETIC_MOCK_API",
  "routes": [
    "R17",
    "R18",
    "R19",
    "R43"
  ],
  "operations": [
    "listOrders",
    "getOrder",
    "getShop",
    "listCustomers",
    "listProducts",
    "listConversations",
    "createOrder",
    "updateOrderDraft",
    "quoteOrder",
    "recordCustomerConfirmation",
    "confirmOrder",
    "cancelOrder",
    "listReturnCases",
    "getReturnCase",
    "createReturnCase",
    "inspectReturn",
    "getCommand",
    "handoverShipment",
    "payOrder",
    "refundOrder"
  ],
  "contractEvidence": "OrderDraft carries required IDs and 1..100 lines, integer quantity 1..1000000 and notes up to 2000; confirmation requires quote hash/version and customer message evidence; return inspection is line-scoped.",
  "permissionBoundary": "Customer/product pickers are enabled only with read capability; write actions follow orders.write, orders.confirm, orders.return and inventory.adjust.",
  "limitations": "No address CRUD endpoint is introduced; shippingAddressId remains an external verified ID and mock confirmation is only a demo simulation.",
  "checks": 35
}
✔ FE012 routes, operations, permissions and DTO limits map to canonical contracts and orders source (55.6715ms)
{"taskId":"FE016","scope":"FRONTEND_WITH_SYNTHETIC_MOCK_API","routes":["R05","R06"],"operations":["listConversations","getConversation","listMessages","sendMessage","takeoverConversation","releaseConversation","resolveConversation","assignConversation","listFeedback","createFeedback","reviewFeedback","listCommands","getCommand","getInboxMetadata"],"knownGap":"Canonical Message has no media or attachment field/operation; UI must not invent a provider endpoint.","checks":3}
{
  "taskId": "FE013",
  "scope": "FRONTEND_WITH_SYNTHETIC_MOCK_API",
  "routes": [
    "R41",
    "R42"
  ],
  "operations": [
    "listPrepJobs",
    "getPrepJob",
    "getWorkItem",
    "claimWorkItem",
    "pickPrepLine",
    "packPrepJob",
    "listShipments",
    "getShipment",
    "createShipment",
    "handoverShipment",
    "recordShipmentEvent"
  ],
  "permissionBoundary": "fulfillment.read gates route data, operations.claim gates WorkItem claim, fulfillment.write gates picks/pack/events/shipment creation, and fulfillment.handover gates stock-consuming handover.",
  "stateBoundary": "Claim/pick/pack/handover/delivery/payment remain separate states; return eligibility continues to come from the order API.",
  "checks": 54
}
✔ FE013 routes, permissions, DTOs and state transitions map to canonical contracts and fulfillment source (62.1687ms)
{"taskId":"FE017","scope":"FRONTEND_WITH_SYNTHETIC_MOCK_API","routes":["R23","R24","R25"],"operations":15,"unresolvedContractField":"Knowledge.allowedActions","checks":4}
{
  "taskId": "FE014",
  "scope": "FRONTEND_WITH_SYNTHETIC_MOCK_API",
  "routes": [
    "R44",
    "R45",
    "R46",
    "R47"
  ],
  "operations": 13,
  "checks": 95
}
✔ FE014 procurement routes, permissions, DTOs and current source follow canonical contracts (59.4517ms)
{"taskId":"FE018","scope":"FRONTEND_WITH_SYNTHETIC_MOCK_API","routes":["R26","R27","R28","R51"],"operations":18,"checks":2,"knownRouteMappingGap":"R51 omits updateBudgetPolicy; UI uses canonical operation permission operations.manage"}
FE015 source map: 131 contract/source assertions passed
✔ FE015 finance routes, capabilities, operations and DTOs follow canonical contracts (80.6601ms)
✔ FE016 maps R05/R06 reads and mutations to canonical permissions and current inbox source (0.3332ms)
✔ FE016 contract bounds list filters, safe message refs and versioned send payloads (0.2156ms)
✔ FE016 uses shell-owned resync and command recovery, and mock takeover enforces current version (0.1978ms)
✔ FE017 R23-R25 operations and action permissions match canonical routes (0.4349ms)
✔ FE017 uses the user-approved permission and lifecycle UI substitute without inventing a Knowledge DTO field (0.1749ms)
✔ FE017 price and availability source preview uses separately permissioned canonical APIs (0.0635ms)
✔ FE017 mock keeps published revisions immutable and feedback approval creates a draft revision (0.0513ms)
✔ FE018 R26/R27/R28/R51 actions use canonical routes, operation IDs, and permissions (0.3011ms)
✔ FE018 capability, tool permissions, human confirmation, and evaluation labels stay within declared schemas (0.1195ms)
✔ FE020 source stays mapped to canonical operations, permissions, and safe missing-schedule boundary (1.0135ms)
✔ FE020 mock enforces work-item capabilities and keeps integration readiness unknown (0.1383ms)
✔ accepts semantic bridge roles, the closed token-derived factor map, geometry, and reset values (218.4723ms)
✔ rejects a CSS spacing role without a declared shared owner (211.2475ms)
✔ rejects scale-conforming and off-scale literals in sx, responsive leaves, named and namespace MUI System props (227.7684ms)
✔ follows local aliases and style callbacks; rejects theme spacing helpers and preset overrides (217.3087ms)
✔ scans nested slotProps but does not confuse event handlers or geometric dimensions with spacing (217.3806ms)
✔ keeps Panel geometry inspectable and rejects spacing hidden in its geometry prop (695.7478ms)
✔ accepts only an exact CSS exception and reports stale or mismatched exception scope (630.33ms)
✔ rejects malformed TypeScript, malformed CSS, bad exception schema, and raw values in the bridge (853.4848ms)
✔ rejects canonical pixel tokens used as MUI factors and an altered bridge factor table (432.8674ms)
✔ report mode inventories migration debt without turning findings into PASS (212.0846ms)
✔ module path classification accepts Windows and POSIX spellings, but excludes app files (3.5537ms)
✔ the source-checker CLI rejects a prohibited color literal in a module (183.5348ms)
✔ the source-checker CLI accepts a token-based module and leaves app-level colors outside the rule (166.5014ms)
✔ accepts semantic composition, closed geometry and business-specific MUI primitives (8.9201ms)
✔ rejects rebuilding each shared spacing owner at a consumer (5.1838ms)
✔ follows aliases, local style variables, object spreads and namespace imports (4.3744ms)
✔ rejects direct and spread spacing overrides on semantic components (4.5681ms)
✔ rejects spacing or opaque spreads hidden in geometry (3.9996ms)
✔ allows the canonical owner implementation and fails closed on malformed source (4.6449ms)
✔ rejects duplicated parent boundary and duplicated Panel inset (3.8284ms)
✔ checks default MUI imports and fails closed for opaque geometry (4.9756ms)
✔ visual checker accepts canonical theme roles, token references, geometry and semantic responsive props (9.9219ms)
✔ visual checker rejects raw literals across sx, JSX system props and CSS declarations (6.2952ms)
✔ visual checker follows local style aliases and callback themes, but fails raw nested values (6.2536ms)
✔ visual checker reports unresolved spreads and malformed style sources as UNKNOWN or parse errors (5.5686ms)
✔ visual checker includes newly added TSX files under the source root (9.5567ms)

Running 486 tests using 1 worker

(node:32036) Warning: The 'NO_COLOR' env is ignored due to the 'FORCE_COLOR' env being set.
(Use `node --trace-warnings ...` to show where the warning was created)
  ok   1 [chromium] › tests\accessibility\routes.spec.ts:17:1 › all canonical routes pass whole-page WCAG 2.1 A/AA axe checks in the React demo (54.3s)
[artifact-preview] {"scope":"FRONTEND_WITH_SYNTHETIC_MOCK_API","artifact":"apps/web/dist-demo","browserMetrics":{"browser":"Mozilla/5.0 (Windows NT 10.0; Win64; x64) AppleWebKit/537.36 (KHTML, like Gecko) Chrome/153.0.8010.12 Safari/537.36","viewport":{"width":1280,"height":720},"route":"/s/shop-demo/overview","domContentLoadedMs":67,"loadEventMs":68,"scriptCount":11,"scriptTransferBytes":450438,"scriptAssets":[{"file":"index-DyuYQEZD.js","transferBytes":28745,"decodedBytes":88196,"durationMs":8},{"file":"react-runtime-D0NtfbPC.js","transferBytes":90580,"decodedBytes":279779,"durationMs":13},{"file":"query-5vm9EU1C.js","transferBytes":10220,"decodedBytes":33154,"durationMs":8},{"file":"contract-data-D-QqiNa-.js","transferBytes":37614,"decodedBytes":309769,"durationMs":10},{"file":"schema-validation-Bhr7oAQE.js","transferBytes":45419,"decodedBytes":149800,"durationMs":11},{"file":"mui-azn9KfGV.js","transferBytes":100319,"decodedBytes":328326,"durationMs":13},{"file":"i18n-xB0mQYCC.js","transferBytes":15416,"decodedBytes":46142,"durationMs":10},{"file":"browser-BJrYoRCh.js","transferBytes":87119,"decodedBytes":255200,"durationMs":9},{"file":"service-BepI4YXI.js","transferBytes":35006,"decodedBytes":159351,"durationMs":5},{"file":"index-DbP5m2Fm.js","transferBytes":0,"decodedBytes":9794,"durationMs":50},{"file":"hooks-CikdoECz.js","transferBytes":0,"decodedBytes":3186,"durationMs":53}]},"bundles":{"javascriptFiles":31,"totalBytes":2348709,"totalGzipBytes":671743,"initialRouteGzipBytes":453011,"proposedBudgets":{"initialRouteGzipKiB":500,"largestChunkGzipKiB":200,"basis":"Local demo preview limits for the measured Chromium artifact; not a backend or platform SLO."},"largest":[{"file":"apps/web/dist-demo/assets/mui-azn9KfGV.js","bytes":328326,"gzipBytes":100019},{"file":"apps/web/dist-demo/assets/charts-RcpaDpmM.js","bytes":313031,"gzipBytes":94993},{"file":"apps/web/dist-demo/assets/contract-data-D-QqiNa-.js","bytes":309769,"gzipBytes":37314},{"file":"apps/web/dist-demo/assets/react-runtime-D0NtfbPC.js","bytes":279779,"gzipBytes":90280},{"file":"apps/web/dist-demo/assets/browser-BJrYoRCh.js","bytes":255200,"gzipBytes":86819}]},"observedApi":{"path":"/api/v2/session","status":200,"servedBy":"MSW in the built demo artifact"},"dataSource":"synthetic-msw"}
  ok   2 [chromium] › tests\artifacts\demo-preview.spec.ts:38:1 › the built demo artifact serves the React UI and synthetic API through preview (714ms)
[large-dataset-api] {"url":"http://127.0.0.1:58464/api/v2/shops/shop-demo/customers?limit=20","count":20,"page":{"limit":20,"total":1004,"hasMore":true,"nextCursor":"perf-customer-0016"},"firstIds":["c1","c2","c3"]}
[large-dataset-preview] {"scope":"FRONTEND_WITH_SYNTHETIC_MOCK_API","artifact":"apps/web/dist-demo","datasetId":"FE025-LARGE-CUSTOMERS-1000-V1","generatedRows":1000,"firstPageIds":["c1","c2","c3","c4","perf-customer-0001","perf-customer-0002","perf-customer-0003","perf-customer-0004","perf-customer-0005","perf-customer-0006","perf-customer-0007","perf-customer-0008","perf-customer-0009","perf-customer-0010","perf-customer-0011","perf-customer-0012","perf-customer-0013","perf-customer-0014","perf-customer-0015","perf-customer-0016"],"api":{"status":200,"pageLimit":20,"total":1004,"hasMore":true,"nextCursor":"perf-customer-0016"},"domRowsIncludingHeader":21,"firstPageReadyMs":368,"browser":"Mozilla/5.0 (Windows NT 10.0; Win64; x64) AppleWebKit/537.36 (KHTML, like Gecko) Chrome/153.0.8010.12 Safari/537.36","viewport":{"width":1280,"height":720},"note":"Synthetic customer identities only; the React screen renders one API page and exposes the next cursor instead of mounting the full collection."}
  ok   3 [chromium] › tests\artifacts\demo-preview.spec.ts:100:1 › a thousand synthetic customers remain API-paginated in the built demo artifact (1.0s)
  ok   4 [chromium] › tests\artifacts\demo-preview.spec.ts:138:1 › the production artifact contains neither the mock worker asset nor MSW fixtures/runtime (7ms)
  ok   5 [chromium] › tests\fe009.spec.ts:35:1 › workspace onboarding creates a shop with an active membership and returns to its scoped route (2.3s)
  ok   6 [chromium] › tests\fe009.spec.ts:57:1 › customer create validates fields, submits through mock HTTP, and preserves edits after a stale version (3.6s)
  ok   7 [chromium] › tests\fe009.spec.ts:115:1 › customer detail keeps redacted contact fields read-only and does not overwrite them on save (1.2s)
  ok   8 [chromium] › tests\fe009.spec.ts:132:1 › FE009.G01 shop setup checklist guides to supported pages and leaves missing contract fields unverified (1.1s)
  ok   9 [chromium] › tests\fe009.spec.ts:145:1 › FE009.G05 marketing consent preview is interactive but never claims server opt-out (1.2s)
  ok  10 [chromium] › tests\fe009.spec.ts:160:1 › FE009.H06 audit screen distinguishes available fields from missing contract detail (1.1s)
  ok  11 [chromium] › tests\fe009.spec.ts:169:1 › FE009.B06 after-sale cases only link orders loaded for the selected customer and customer profile shows their shipment (5.1s)
  ok  12 [chromium] › tests\fe009.spec.ts:201:1 › team invitation and membership revoke stay shop-scoped and protect the active owner (2.3s)
  ok  13 [chromium] › tests\fe009.spec.ts:237:1 › privacy delete requests remain pending approval with no frontend step-up shortcut (2.6s)
  ok  14 [chromium] › tests\fe010.spec.ts:37:1 › product editor validates positive prices, protects image-only drafts, and saves variant payload through mock HTTP (3.6s)
  ok  15 [chromium] › tests\fe010.spec.ts:107:1 › product update sends If-Match and keeps edits visible after a 412 conflict (1.8s)
  ok  16 [chromium] › tests\fe010.spec.ts:125:1 › warehouse role can read catalog products but cannot edit product fields or price cost data (863ms)
  ok  17 [chromium] › tests\fe010.spec.ts:134:1 › categories create, search, update with a version, and render cursor pagination (1.9s)
  ok  18 [chromium] › tests\fe010.spec.ts:163:1 › CSV preview reports row-level errors and commits only valid product rows (2.0s)
  ok  19 [chromium] › tests\fe010.spec.ts:235:1 › import validation token is rejected with 412 after catalog changes and the preview remains visible (2.0s)
  ok  20 [chromium] › tests\fe010.spec.ts:267:1 › CSV demo row limit is explained and rejects more than 1000 data rows before preview (1.2s)
  ok  21 [chromium] › tests\fe010.spec.ts:280:1 › demo upload rejects files over 5 MB before making an upload request (1.4s)
UI005 acceptance: {"categoryTotal":105,"createCategoryId":"cat-2","editCategoryId":"cat-0","categoryRequests":18}
  ok  22 [chromium] › tests\fe010.spec.ts:291:1 › product category lookup pages the full collection and preserves the selected category while editing (8.8s)
  ok  23 [chromium] › tests\fe011.spec.ts:35:1 › FE011.AC01 snapshot drives stock totals and the SKU opens its catalog result (1.3s)
  ok  24 [chromium] › tests\fe011.spec.ts:54:1 › FE011.AC02 adjustment validates, waits for mock confirmation, and reconciles movement history once (3.8s)
  ok  25 [chromium] › tests\fe011.spec.ts:92:1 › FE011.AC03 conflict and insufficient stock preserve the draft and never update optimistically (2.7s)
