
> botsales-frontend@0.1.0 verify
> npm run generate:check && npm run test:source && npm run boundaries && npm run lint && npm run typecheck && npm run test:domain && npm test && npm run build && npm run test:layout && npm run test:visual-tokens && npm run test:ui-composition


> botsales-frontend@0.1.0 generate:check
> node scripts/generate.mjs --check

{"status":"PASS","outputs":11,"schemas":283,"operations":210,"routes":54}

> botsales-frontend@0.1.0 test:source
> node scripts/check-source.mjs && node --test tests/source-checker.test.mjs

{
  "checkedAt": "2026-10-06T11:08:57.157Z",
  "scope": "Syntax, operation identifiers, route-source mapping, permissions and token adoption. NOT React typecheck, build or browser test.",
  "compiler": "5.9.2",
  "compilerSource": "project dependency",
  "files": 68,
  "operationCalls": 220,
  "routes": 54,
  "issues": [],
  "status": "PASS"
}
✔ module path classification accepts Windows and POSIX spellings, but excludes app files (1.1182ms)
✔ the source-checker CLI rejects a prohibited color literal in a module (159.326ms)
✔ the source-checker CLI accepts a token-based module and leaves app-level colors outside the rule (154.7888ms)
ℹ tests 3
ℹ suites 0
ℹ pass 3
ℹ fail 0
ℹ cancelled 0
ℹ skipped 0
ℹ todo 0
ℹ duration_ms 374.878

> botsales-frontend@0.1.0 boundaries
> node scripts/check-boundaries.mjs

{
  "checkedAt": "2026-10-06T11:08:59.611Z",
  "scope": "AST imports resolve aliases/relative paths, module boundaries and cycles; parser diagnostics are errors",
  "files": 68,
  "imports": 503,
  "negativeFixtures": "Boundary fixtures: PASS 10/10 scenarios (allowed shared/public imports, alias, relative, app deep import, type-only, dynamic, unresolved, cycle, parser error).",
  "status": "PASS",
  "issues": []
}

> botsales-frontend@0.1.0 lint
> eslint apps/web/src --max-warnings 0


> botsales-frontend@0.1.0 typecheck
> tsc -p apps/web/tsconfig.json --noEmit


> botsales-frontend@0.1.0 test:domain
> node scripts/test-domain.mjs

{"status":"PASS","simulatorChecks":75,"networkChecks":13,"networkHandlers":210,"passed":88,"operations":89,"node":"v24.19.0","typescript":"5.9.2"}

> botsales-frontend@0.1.0 test
> vitest run --config apps/web/vitest.config.ts


 RUN  v5.0.3 C:/Users/Joker-PC/Documents/Projects/Bot-AI-Ban-hang-FB/BotSalesAI_Frontend

[BABEL] Note: The code generator has deoptimised the styling of C:\Users\Joker-PC\AppData\Local\Temp\botsales-vite-cache\ea27c7577456f6009d55\direct-vite\22616\deps\react-dom_client.js?v=2e94080c as it exceeds the max of 500KB.

 Test Files  11 passed (11)
      Tests  96 passed (96)
   Start at  18:09:12
   Duration  6.20s (tests 44%, environment 24%, import 18%, transform 8%, setup 6%)


> botsales-frontend@0.1.0 build
> npm run generate:check && npm run typecheck && npm run build --workspace @botsales/web


> botsales-frontend@0.1.0 generate:check
> node scripts/generate.mjs --check

{"status":"PASS","outputs":11,"schemas":283,"operations":210,"routes":54}

> botsales-frontend@0.1.0 typecheck
> tsc -p apps/web/tsconfig.json --noEmit


> @botsales/web@0.1.0 build
> vite build --mode production

vite v7.3.6 building client environment for production...
transforming...
✓ 2058 modules transformed.
rendering chunks...
computing gzip size...
dist/index.html                              1.19 kB │ gzip:   0.60 kB
dist/assets/index-BQPx7lJM.css               3.56 kB │ gzip:   1.33 kB
dist/assets/download-8lJFmiSZ.js             0.23 kB │ gzip:   0.17 kB
dist/assets/filters-CVitQAxr.js              0.32 kB │ gzip:   0.25 kB
dist/assets/hooks-D6mIdBwv.js                3.19 kB │ gzip:   1.62 kB
dist/assets/index-n2T7lhPE.js                7.81 kB │ gzip:   3.13 kB
dist/assets/index-CWEDsXSj.js                8.24 kB │ gzip:   3.51 kB
dist/assets/index-CG7netMx.js                9.79 kB │ gzip:   3.65 kB
dist/assets/index-CNapSAb8.js               13.58 kB │ gzip:   4.47 kB
dist/assets/index-DsB3sD8F.js               13.71 kB │ gzip:   5.62 kB
dist/assets/index-Bn4UcyvO.js               14.03 kB │ gzip:   5.45 kB
dist/assets/index-AvD1EH6A.js               14.28 kB │ gzip:   5.29 kB
dist/assets/index-BqLMrJH8.js               16.13 kB │ gzip:   5.46 kB
dist/assets/index-BGrc0VYC.js               16.26 kB │ gzip:   5.40 kB
dist/assets/index-3fEJys9-.js               17.63 kB │ gzip:   6.21 kB
dist/assets/index-Gmjhu3Rz.js               18.32 kB │ gzip:   6.14 kB
dist/assets/index-CEmbmxgZ.js               21.72 kB │ gzip:   7.40 kB
dist/assets/index-DwCwTLn6.js               22.85 kB │ gzip:   8.19 kB
dist/assets/index-CjdVkS7w.js               25.76 kB │ gzip:   8.42 kB
dist/assets/index-Ch-cjozu.js               31.34 kB │ gzip:   9.79 kB
dist/assets/query-5vm9EU1C.js               33.15 kB │ gzip:   9.92 kB
dist/assets/index-CBqGH_YB.js               36.89 kB │ gzip:  10.04 kB
dist/assets/i18n-xB0mQYCC.js                46.14 kB │ gzip:  15.12 kB
dist/assets/schemas-jpQ0XMzw.js             79.18 kB │ gzip:  24.03 kB
dist/assets/index-CN2xQRv3.js               84.33 kB │ gzip:  27.30 kB
dist/assets/schema-validation-Bhr7oAQE.js  149.80 kB │ gzip:  45.12 kB
dist/assets/react-runtime-D0NtfbPC.js      279.78 kB │ gzip:  90.28 kB
dist/assets/contract-data-BIzYYkc1.js      303.99 kB │ gzip:  36.17 kB
dist/assets/charts-CQ4oecFO.js             313.03 kB │ gzip:  94.99 kB
dist/assets/mui-Bz_aCSm2.js                328.33 kB │ gzip: 100.02 kB
✓ built in 3.28s

> botsales-frontend@0.1.0 test:layout
> node --test tests/layout-checker.test.mjs && node scripts/check-layout.mjs

✔ accepts semantic bridge roles, the closed token-derived factor map, geometry, and reset values (213.0153ms)
✔ rejects a CSS spacing role without a declared shared owner (210.2206ms)
✔ rejects scale-conforming and off-scale literals in sx, responsive leaves, named and namespace MUI System props (215.5981ms)
✔ follows local aliases and style callbacks; rejects theme spacing helpers and preset overrides (218.4925ms)
✔ scans nested slotProps but does not confuse event handlers or geometric dimensions with spacing (217.6961ms)
✔ keeps Panel geometry inspectable and rejects spacing hidden in its geometry prop (621.1262ms)
✔ accepts only an exact CSS exception and reports stale or mismatched exception scope (637.4964ms)
✔ rejects malformed TypeScript, malformed CSS, bad exception schema, and raw values in the bridge (841.7797ms)
✔ rejects canonical pixel tokens used as MUI factors and an altered bridge factor table (433.0856ms)
✔ report mode inventories migration debt without turning findings into PASS (212.3031ms)
ℹ tests 10
ℹ suites 0
ℹ pass 10
ℹ fail 0
ℹ cancelled 0
ℹ skipped 0
ℹ todo 0
ℹ duration_ms 3883.2986
layout-check FAIL: 69 source files, 7 finding(s), 1 exception(s) used
  UNKNOWN_STYLE_SOURCE: 7
Migration debt by component:
  shared-ui: 7 finding(s)
Most affected files:
  apps/web/src/shared/ui/composition.tsx: 7 finding(s)
  apps/web/src/shared/ui/composition.tsx:34:55 UNKNOWN_STYLE_SOURCE mui-props=props
  apps/web/src/shared/ui/composition.tsx:35:23 UNKNOWN_STYLE_SOURCE mui-props=props
  apps/web/src/shared/ui/composition.tsx:40:23 UNKNOWN_STYLE_SOURCE mui-props=props
  apps/web/src/shared/ui/composition.tsx:49:23 UNKNOWN_STYLE_SOURCE mui-props=props
  apps/web/src/shared/ui/composition.tsx:58:23 UNKNOWN_STYLE_SOURCE mui-props=props
  apps/web/src/shared/ui/composition.tsx:63:23 UNKNOWN_STYLE_SOURCE mui-props=props
  apps/web/src/shared/ui/composition.tsx:74:21 UNKNOWN_STYLE_SOURCE mui-props=props
