
> botsales-frontend@0.1.0 verify
> npm run generate:check && npm run test:source && npm run boundaries && npm run lint && npm run typecheck && npm run test:domain && npm test && npm run build && npm run test:layout && npm run test:visual-tokens && npm run test:ui-composition


> botsales-frontend@0.1.0 generate:check
> node scripts/generate.mjs --check

{"status":"PASS","outputs":11,"schemas":283,"operations":210,"routes":54}

> botsales-frontend@0.1.0 test:source
> node scripts/check-source.mjs && node --test tests/source-checker.test.mjs

{
  "checkedAt": "2026-10-06T11:10:55.719Z",
  "scope": "Syntax, operation identifiers, route-source mapping, permissions and token adoption. NOT React typecheck, build or browser test.",
  "compiler": "5.9.2",
  "compilerSource": "project dependency",
  "files": 68,
  "operationCalls": 220,
  "routes": 54,
  "issues": [],
  "status": "PASS"
}
✔ module path classification accepts Windows and POSIX spellings, but excludes app files (1.1094ms)
✔ the source-checker CLI rejects a prohibited color literal in a module (164.4165ms)
✔ the source-checker CLI accepts a token-based module and leaves app-level colors outside the rule (160.4462ms)
ℹ tests 3
ℹ suites 0
ℹ pass 3
ℹ fail 0
ℹ cancelled 0
ℹ skipped 0
ℹ todo 0
ℹ duration_ms 385.0125

> botsales-frontend@0.1.0 boundaries
> node scripts/check-boundaries.mjs

{
  "checkedAt": "2026-10-06T11:10:58.269Z",
  "scope": "AST imports resolve aliases/relative paths, module boundaries and cycles; parser diagnostics are errors",
  "files": 68,
  "imports": 503,
  "negativeFixtures": "Boundary fixtures: PASS 10/10 scenarios (allowed shared/public imports, alias, relative, app deep import, type-only, dynamic, unresolved, cycle, parser error).",
  "status": "PASS",
  "issues": []
}

> botsales-frontend@0.1.0 lint
> eslint apps/web/src --max-warnings 0


> botsales-frontend@0.1.0 typecheck
> tsc -p apps/web/tsconfig.json --noEmit


> botsales-frontend@0.1.0 test:domain
> node scripts/test-domain.mjs

{"status":"PASS","simulatorChecks":75,"networkChecks":13,"networkHandlers":210,"passed":88,"operations":89,"node":"v24.19.0","typescript":"5.9.2"}

> botsales-frontend@0.1.0 test
> vitest run --config apps/web/vitest.config.ts


 RUN  v5.0.3 C:/Users/Joker-PC/Documents/Projects/Bot-AI-Ban-hang-FB/BotSalesAI_Frontend

[BABEL] Note: The code generator has deoptimised the styling of C:\Users\Joker-PC\AppData\Local\Temp\botsales-vite-cache\ea27c7577456f6009d55\direct-vite\83576\deps\react-dom_client.js?v=b49e8f28 as it exceeds the max of 500KB.

 Test Files  11 passed (11)
      Tests  96 passed (96)
   Start at  18:11:09
   Duration  5.85s (tests 46%, environment 22%, import 17%, transform 8%, setup 6%)


> botsales-frontend@0.1.0 build
> npm run generate:check && npm run typecheck && npm run build --workspace @botsales/web


> botsales-frontend@0.1.0 generate:check
> node scripts/generate.mjs --check

{"status":"PASS","outputs":11,"schemas":283,"operations":210,"routes":54}

> botsales-frontend@0.1.0 typecheck
> tsc -p apps/web/tsconfig.json --noEmit


> @botsales/web@0.1.0 build
> vite build --mode production

vite v7.3.6 building client environment for production...
transforming...
✓ 2058 modules transformed.
rendering chunks...
computing gzip size...
dist/index.html                              1.19 kB │ gzip:   0.60 kB
dist/assets/index-BQPx7lJM.css               3.56 kB │ gzip:   1.33 kB
dist/assets/download-8lJFmiSZ.js             0.23 kB │ gzip:   0.17 kB
dist/assets/filters-CVitQAxr.js              0.32 kB │ gzip:   0.25 kB
dist/assets/hooks-DA6jyR3V.js                3.19 kB │ gzip:   1.62 kB
dist/assets/index-DxR0LGDk.js                7.81 kB │ gzip:   3.13 kB
dist/assets/index-IqsD6C1V.js                8.24 kB │ gzip:   3.51 kB
dist/assets/index-DJOE_-Dt.js                9.79 kB │ gzip:   3.65 kB
dist/assets/index-CkzbxFDW.js               13.58 kB │ gzip:   4.47 kB
dist/assets/index-eQz56eZz.js               13.71 kB │ gzip:   5.62 kB
dist/assets/index-JLmMQkU6.js               14.03 kB │ gzip:   5.45 kB
dist/assets/index-B0jSR63U.js               14.28 kB │ gzip:   5.29 kB
dist/assets/index-COJgMNcA.js               16.13 kB │ gzip:   5.46 kB
dist/assets/index-B8ATGwfY.js               16.26 kB │ gzip:   5.40 kB
dist/assets/index-TQjVLjcK.js               17.63 kB │ gzip:   6.21 kB
dist/assets/index-CvrJV4A5.js               18.32 kB │ gzip:   6.14 kB
dist/assets/index-BORSDz21.js               21.72 kB │ gzip:   7.40 kB
dist/assets/index-DetsVuSH.js               22.85 kB │ gzip:   8.19 kB
dist/assets/index--BdjjrqH.js               25.76 kB │ gzip:   8.42 kB
dist/assets/index-sn0qVbBY.js               31.34 kB │ gzip:   9.79 kB
dist/assets/query-5vm9EU1C.js               33.15 kB │ gzip:   9.92 kB
dist/assets/index-C7gjjteG.js               36.89 kB │ gzip:  10.04 kB
dist/assets/i18n-xB0mQYCC.js                46.14 kB │ gzip:  15.12 kB
dist/assets/schemas-jpQ0XMzw.js             79.18 kB │ gzip:  24.03 kB
dist/assets/index-CleXZWxJ.js               86.44 kB │ gzip:  27.62 kB
dist/assets/schema-validation-Bhr7oAQE.js  149.80 kB │ gzip:  45.12 kB
dist/assets/react-runtime-D0NtfbPC.js      279.78 kB │ gzip:  90.28 kB
dist/assets/contract-data-BIzYYkc1.js      303.99 kB │ gzip:  36.17 kB
dist/assets/charts-CQ4oecFO.js             313.03 kB │ gzip:  94.99 kB
dist/assets/mui-Bz_aCSm2.js                328.33 kB │ gzip: 100.02 kB
✓ built in 3.00s

> botsales-frontend@0.1.0 test:layout
> node --test tests/layout-checker.test.mjs && node scripts/check-layout.mjs

✔ accepts semantic bridge roles, the closed token-derived factor map, geometry, and reset values (200.0194ms)
✔ rejects a CSS spacing role without a declared shared owner (200.1194ms)
✔ rejects scale-conforming and off-scale literals in sx, responsive leaves, named and namespace MUI System props (208.5043ms)
✔ follows local aliases and style callbacks; rejects theme spacing helpers and preset overrides (204.2712ms)
✔ scans nested slotProps but does not confuse event handlers or geometric dimensions with spacing (204.0666ms)
✔ keeps Panel geometry inspectable and rejects spacing hidden in its geometry prop (594.7591ms)
✔ accepts only an exact CSS exception and reports stale or mismatched exception scope (607.8079ms)
✔ rejects malformed TypeScript, malformed CSS, bad exception schema, and raw values in the bridge (864.7176ms)
✔ rejects canonical pixel tokens used as MUI factors and an altered bridge factor table (404.5291ms)
✔ report mode inventories migration debt without turning findings into PASS (199.322ms)
ℹ tests 10
ℹ suites 0
ℹ pass 10
ℹ fail 0
ℹ cancelled 0
ℹ skipped 0
ℹ todo 0
ℹ duration_ms 3747.3329
layout-check PASS: 69 source files, 0 finding(s), 1 exception(s) used

> botsales-frontend@0.1.0 test:visual-tokens
> node --test tests/visual-token-checker.test.mjs && node scripts/check-visual-tokens.mjs

✔ visual checker accepts canonical theme roles, token references, geometry and semantic responsive props (10.7949ms)
✔ visual checker rejects raw literals across sx, JSX system props and CSS declarations (2.9486ms)
✔ visual checker follows local style aliases and callback themes, but fails raw nested values (2.631ms)
✔ visual checker reports unresolved spreads and malformed style sources as UNKNOWN or parse errors (2.1412ms)
✔ visual checker includes newly added TSX files under the source root (3.9311ms)
ℹ tests 5
ℹ suites 0
ℹ pass 5
ℹ fail 0
ℹ cancelled 0
ℹ skipped 0
ℹ todo 0
ℹ duration_ms 209.4721
visual-token-check PASS: 69 source files, 0 finding(s)

> botsales-frontend@0.1.0 test:ui-composition
> node --test tests/ui-composition-checker.test.mjs && node scripts/check-ui-composition.mjs

✔ accepts semantic composition, closed geometry and business-specific MUI primitives (6.1666ms)
✔ rejects rebuilding each shared spacing owner at a consumer (1.5882ms)
✔ follows aliases, local style variables, object spreads and namespace imports (0.6838ms)
✔ rejects direct and spread spacing overrides on semantic components (0.5228ms)
✔ rejects spacing or opaque spreads hidden in geometry (0.311ms)
✔ allows the canonical owner implementation and fails closed on malformed source (0.7327ms)
✔ rejects duplicated parent boundary and duplicated Panel inset (0.4033ms)
✔ checks default MUI imports and fails closed for opaque geometry (0.5093ms)
ℹ tests 8
ℹ suites 0
ℹ pass 8
ℹ fail 0
ℹ cancelled 0
ℹ skipped 0
ℹ todo 0
ℹ duration_ms 199.0103
ui-composition PASS: 68 source files, 0 finding(s)

