[WebServer] (node:94588) Warning: The 'NO_COLOR' env is ignored due to the 'FORCE_COLOR' env being set.
[WebServer] (Use `node --trace-warnings ...` to show where the warning was created)


Running 56 tests using 1 worker

(node:66740) Warning: The 'NO_COLOR' env is ignored due to the 'FORCE_COLOR' env being set.
(Use `node --trace-warnings ...` to show where the warning was created)


[1/56] [chromium] › tests\fe016.spec.ts:67:1 › UI015 mobile demo tools disclose by keyboard and inbox stays within narrow viewports
[WebServer] [BABEL] Note: The code generator has deoptimised the styling of C:\Users\Joker-PC\AppData\Local\Temp\botsales-vite-cache\ea27c7577456f6009d55\playwright-webserver\playwright-91188-6381b264-1cb8-4dba-af82-5a71230a5966\deps\react-dom_client.js?v=16dc5bcf as it exceeds the max of 500KB.

[2/56] [chromium] › tests\fe016.spec.ts:100:1 › FE016 conversation keeps its composer visible while long demo context scrolls independently
[3/56] [chromium] › tests\fe016.spec.ts:133:1 › FE016.AC01 inbox filters call canonical query fields and remain bookmarked through conversation details
[4/56] [chromium] › tests\fe016.spec.ts:161:1 › FE016.AC01 list cursor is isolated from message cursor and restored on back navigation
[5/56] [chromium] › tests\fe016.spec.ts:180:1 › UI002 inbox list and message cursors stay independent through paging, conversation switch and shop change
[6/56] [chromium] › tests\fe016.spec.ts:269:1 › UI002 mobile keeps the list page while messages page and Back restores it
[7/56] [chromium] › tests\fe016.spec.ts:313:1 › UI002 Inbox search resets only the list cursor while a message page is open
[8/56] [chromium] › tests\fe016.spec.ts:370:1 › UI002 deep link, refresh and mobile Back preserve their own cursors
[9/56] [chromium] › tests\fe016.spec.ts:424:1 › UI002 list and message panel errors remain isolated
[10/56] [chromium] › tests\fe016.spec.ts:448:1 › UI002 send, invalidation and resync keep both cursors and send only once
[11/56] [chromium] › tests\fe016.spec.ts:508:1 › FE016.AC01 takeover and reply use current versions and show API send state without claiming delivery
[12/56] [chromium] › tests\fe016.spec.ts:535:1 › FE016.AC02 internal notes render HTML-like text inert and feedback creates only a review draft
[13/56] [chromium] › tests\fe016.spec.ts:566:1 › FE016.AC03 unknown send keeps the reply draft, exposes command recovery and never blindly resends
[14/56] [chromium] › tests\fe016.spec.ts:589:1 › FE016.AC04 role without customer/order permissions cannot open those cross-module references
[15/56] [chromium] › tests\fe016.spec.ts:600:1 › FE016.S03 stale takeover preserves reason and reports the version conflict
[16/56] [chromium] › tests\fe016.spec.ts:616:1 › FE016.B05 cross-sell promotion preview shows sample rules without applying a discount
[17/56] [chromium] › tests\fe016.spec.ts:630:1 › FE016.B08 image and voice preview is synthetic and stays local
[18/56] [chromium] › tests\fe016.spec.ts:645:1 › FE027.B01 industry sales script preview asks for missing facts and stays a local draft
[19/56] [chromium] › tests\fe016.spec.ts:661:1 › FE027.B02 inbox price and available stock preview uses current canonical mock reads
[20/56] [chromium] › tests\fe016.spec.ts:682:1 › FE027.B03 order capture links the active customer and conversation into the manual order form
[21/56] [chromium] › tests\fe016.spec.ts:692:1 › FE027.B04 automatic order confirmation stays unavailable until policy and customer evidence exist
[22/56] [chromium] › tests\ui-toolbar-layout.spec.ts:32:1 › Toolbar geometry: multiline category lookup cannot stretch the search button
[23/56] [chromium] › tests\ui-toolbar-layout.spec.ts:49:1 › Shared consolidation Inbox filters share Toolbar ownership and stay outside search across pane widths
[24/56] [chromium] › tests\ui-toolbar-layout.spec.ts:92:1 › Toolbar affected routes keep intrinsic actions, capability branches and 320px reflow
[25/56] [chromium] › tests\ui-toolbar-layout.spec.ts:117:1 › Toolbar public extra slot cannot stretch a single-line submit action
[26/56] [chromium] › tests\ui-toolbar-layout.spec.ts:134:1 › Toolbar preserves Products URL filters, search submit, clear and independent category lookup
[27/56] [chromium] › tests\ui-toolbar-layout.spec.ts:170:1 › Toolbar keeps Inventory apply/reset separate from search submission
[28/56] [chromium] › tests\ui-toolbar-layout.spec.ts:186:1 › Toolbar category more/busy/error/retry branches preserve search geometry and actual pagination
(node:77660) Warning: The 'NO_COLOR' env is ignored due to the 'FORCE_COLOR' env being set.
(Use `node --trace-warnings ...` to show where the warning was created)


[29/56] [firefox] › tests\fe016.spec.ts:67:1 › UI015 mobile demo tools disclose by keyboard and inbox stays within narrow viewports
[30/56] [firefox] › tests\fe016.spec.ts:100:1 › FE016 conversation keeps its composer visible while long demo context scrolls independently
[31/56] [firefox] › tests\fe016.spec.ts:133:1 › FE016.AC01 inbox filters call canonical query fields and remain bookmarked through conversation details
[32/56] [firefox] › tests\fe016.spec.ts:161:1 › FE016.AC01 list cursor is isolated from message cursor and restored on back navigation
[33/56] [firefox] › tests\fe016.spec.ts:180:1 › UI002 inbox list and message cursors stay independent through paging, conversation switch and shop change
[34/56] [firefox] › tests\fe016.spec.ts:269:1 › UI002 mobile keeps the list page while messages page and Back restores it
[35/56] [firefox] › tests\fe016.spec.ts:313:1 › UI002 Inbox search resets only the list cursor while a message page is open
[36/56] [firefox] › tests\fe016.spec.ts:370:1 › UI002 deep link, refresh and mobile Back preserve their own cursors
[37/56] [firefox] › tests\fe016.spec.ts:424:1 › UI002 list and message panel errors remain isolated
[38/56] [firefox] › tests\fe016.spec.ts:448:1 › UI002 send, invalidation and resync keep both cursors and send only once
[39/56] [firefox] › tests\fe016.spec.ts:508:1 › FE016.AC01 takeover and reply use current versions and show API send state without claiming delivery
[40/56] [firefox] › tests\fe016.spec.ts:535:1 › FE016.AC02 internal notes render HTML-like text inert and feedback creates only a review draft
[41/56] [firefox] › tests\fe016.spec.ts:566:1 › FE016.AC03 unknown send keeps the reply draft, exposes command recovery and never blindly resends
[42/56] [firefox] › tests\fe016.spec.ts:589:1 › FE016.AC04 role without customer/order permissions cannot open those cross-module references
[43/56] [firefox] › tests\fe016.spec.ts:600:1 › FE016.S03 stale takeover preserves reason and reports the version conflict
[44/56] [firefox] › tests\fe016.spec.ts:616:1 › FE016.B05 cross-sell promotion preview shows sample rules without applying a discount
[45/56] [firefox] › tests\fe016.spec.ts:630:1 › FE016.B08 image and voice preview is synthetic and stays local
[46/56] [firefox] › tests\fe016.spec.ts:645:1 › FE027.B01 industry sales script preview asks for missing facts and stays a local draft
[47/56] [firefox] › tests\fe016.spec.ts:661:1 › FE027.B02 inbox price and available stock preview uses current canonical mock reads
[48/56] [firefox] › tests\fe016.spec.ts:682:1 › FE027.B03 order capture links the active customer and conversation into the manual order form
[49/56] [firefox] › tests\fe016.spec.ts:692:1 › FE027.B04 automatic order confirmation stays unavailable until policy and customer evidence exist
[50/56] [firefox] › tests\ui-toolbar-layout.spec.ts:32:1 › Toolbar geometry: multiline category lookup cannot stretch the search button
[51/56] [firefox] › tests\ui-toolbar-layout.spec.ts:49:1 › Shared consolidation Inbox filters share Toolbar ownership and stay outside search across pane widths
[52/56] [firefox] › tests\ui-toolbar-layout.spec.ts:92:1 › Toolbar affected routes keep intrinsic actions, capability branches and 320px reflow
[53/56] [firefox] › tests\ui-toolbar-layout.spec.ts:117:1 › Toolbar public extra slot cannot stretch a single-line submit action
[54/56] [firefox] › tests\ui-toolbar-layout.spec.ts:134:1 › Toolbar preserves Products URL filters, search submit, clear and independent category lookup
[55/56] [firefox] › tests\ui-toolbar-layout.spec.ts:170:1 › Toolbar keeps Inventory apply/reset separate from search submission
[56/56] [firefox] › tests\ui-toolbar-layout.spec.ts:186:1 › Toolbar category more/busy/error/retry branches preserve search geometry and actual pagination
  56 passed (4.4m)
