C:\Program Files\nodejs\node.exe --test tests/layout-checker.test.mjs tests/visual-token-checker.test.mjs tests/ui-composition-checker.test.mjs
exit=0
✔ accepts semantic bridge roles, the closed token-derived factor map, geometry, and reset values (205.0694ms)
✔ rejects a CSS spacing role without a declared shared owner (196.0805ms)
✔ rejects scale-conforming and off-scale literals in sx, responsive leaves, named and namespace MUI System props (201.1078ms)
✔ follows local aliases and style callbacks; rejects theme spacing helpers and preset overrides (206.5385ms)
✔ scans nested slotProps but does not confuse event handlers or geometric dimensions with spacing (201.1203ms)
✔ keeps Panel geometry inspectable and rejects spacing hidden in its geometry prop (586.3089ms)
✔ accepts only an exact CSS exception and reports stale or mismatched exception scope (583.1477ms)
✔ rejects malformed TypeScript, malformed CSS, bad exception schema, and raw values in the bridge (784.6603ms)
✔ rejects canonical pixel tokens used as MUI factors and an altered bridge factor table (406.4085ms)
✔ report mode inventories migration debt without turning findings into PASS (196.3726ms)
✔ accepts semantic composition, closed geometry and business-specific MUI primitives (5.7749ms)
✔ rejects rebuilding each shared spacing owner at a consumer (2.1987ms)
✔ follows aliases, local style variables, object spreads and namespace imports (0.8071ms)
✔ rejects direct and spread spacing overrides on semantic components (0.6054ms)
✔ rejects spacing or opaque spreads hidden in geometry (0.3062ms)
✔ allows the canonical owner implementation and fails closed on malformed source (1.0316ms)
✔ rejects duplicated parent boundary and duplicated Panel inset (0.3013ms)
✔ checks default MUI imports and fails closed for opaque geometry (0.3251ms)
✔ distinguishes content grids from flex flows when reporting the shared owner (0.3064ms)
✔ visual checker accepts canonical theme roles, token references, geometry and semantic responsive props (11.3785ms)
✔ visual checker rejects raw literals across sx, JSX system props and CSS declarations (3.0947ms)
✔ visual checker follows local style aliases and callback themes, but fails raw nested values (2.7631ms)
✔ visual checker reports unresolved spreads and malformed style sources as UNKNOWN or parse errors (2.2927ms)
✔ visual checker includes newly added TSX files under the source root (3.9735ms)
ℹ tests 24
ℹ suites 0
ℹ pass 24
ℹ fail 0
ℹ cancelled 0
ℹ skipped 0
ℹ todo 0
ℹ duration_ms 3626.9978
