[WebServer] (node:32108) Warning: The 'NO_COLOR' env is ignored due to the 'FORCE_COLOR' env being set.
[WebServer] (Use `node --trace-warnings ...` to show where the warning was created)


Running 2 tests using 1 worker

(node:73300) Warning: The 'NO_COLOR' env is ignored due to the 'FORCE_COLOR' env being set.
(Use `node --trace-warnings ...` to show where the warning was created)


[1/2] [chromium] › tests\ui-toolbar-layout.spec.ts:49:1 › Shared consolidation Inbox filters share Toolbar ownership and stay outside search across pane widths
[WebServer] [BABEL] Note: The code generator has deoptimised the styling of C:\Users\Joker-PC\AppData\Local\Temp\botsales-vite-cache\ea27c7577456f6009d55\playwright-webserver\playwright-90064-2d33d8f3-5ea0-4ea2-8d10-e04bff917842\deps\react-dom_client.js?v=45e6ef4f as it exceeds the max of 500KB.

  1) [chromium] › tests\ui-toolbar-layout.spec.ts:49:1 › Shared consolidation Inbox filters share Toolbar ownership and stay outside search across pane widths 

    Error: expect(received).toEqual(expected) // deep equality

    - Expected  -  1
    + Received  + 55

    - Array []
    + Array [
    +   Object {
    +     "description": "Ensure the order of headings is semantically correct",
    +     "help": "Heading levels should only increase by one",
    +     "helpUrl": "https://dequeuniversity.com/rules/axe/4.10/heading-order?application=playwright",
    +     "id": "heading-order",
    +     "impact": "moderate",
    +     "nodes": Array [
    +       Object {
    +         "all": Array [],
    +         "any": Array [
    +           Object {
    +             "data": null,
    +             "id": "heading-order",
    +             "impact": "moderate",
    +             "message": "Heading order invalid",
    +             "relatedNodes": Array [],
    +           },
    +         ],
    +         "failureSummary": "Fix any of the following:
    +   Heading order invalid",
    +         "html": "<h6 class=\"MuiTypography-root MuiTypography-h6 css-1uo8l3l-MuiTypography-root\">Linh (khách mẫu)</h6>",
    +         "impact": "moderate",
    +         "none": Array [],
    +         "target": Array [
    +           ".css-14dgsc8-MuiStack-root.MuiStack-root > .css-0.MuiBox-root > h6",
    +         ],
    +       },
    +       Object {
    +         "all": Array [],
    +         "any": Array [
    +           Object {
    +             "data": null,
    +             "id": "heading-order",
    +             "impact": "moderate",
    +             "message": "Heading order invalid",
    +             "relatedNodes": Array [],
    +           },
    +         ],
    +         "failureSummary": "Fix any of the following:
    +   Heading order invalid",
    +         "html": "<h6 class=\"MuiTypography-root MuiTypography-subtitle2 css-dl37um-MuiTypography-root\">Câu hỏi gợi ý</h6>",
    +         "impact": "moderate",
    +         "none": Array [],
    +         "target": Array [
    +           "div[role=\"tabpanel\"] > .MuiTypography-subtitle2.css-dl37um-MuiTypography-root",
    +         ],
    +       },
    +     ],
    +     "tags": Array [
    +       "cat.semantics",
    +       "best-practice",
    +     ],
    +   },
    + ]

      85 |             observations.push({ route, width, hiddenList, geometry });
      86 |         }
    > 87 |         if (width === 320 || width === 1440) expect((await new AxeBuilder({ page }).include('main').analyze()).violations).toEqual([]);
         |                                                                                                                            ^
      88 |     }
      89 |     await info.attach('inbox-filter-ownership', { body: JSON.stringify(observations), contentType: 'application/json' });
      90 | });
        at C:\Users\Joker-PC\Documents\Projects\Bot-AI-Ban-hang-FB\BotSalesAI_Frontend\tests\ui-toolbar-layout.spec.ts:87:124

    Error Context: test-results\playwright-73300-d45be26f-fc6a-44f4-8720-7838e2658de1\ui-toolbar-layout-Shared-c-e1282-e-search-across-pane-widths-chromium\error-context.md

    Error Context: test-results\playwright-73300-d45be26f-fc6a-44f4-8720-7838e2658de1\ui-toolbar-layout-Shared-c-e1282-e-search-across-pane-widths-chromium\error-context.md

    attachment #3: trace (application/zip) ─────────────────────────────────────────────────────────
    test-results\playwright-73300-d45be26f-fc6a-44f4-8720-7838e2658de1\ui-toolbar-layout-Shared-c-e1282-e-search-across-pane-widths-chromium\trace.zip
    Usage:

        npx playwright show-trace test-results\playwright-73300-d45be26f-fc6a-44f4-8720-7838e2658de1\ui-toolbar-layout-Shared-c-e1282-e-search-across-pane-widths-chromium\trace.zip

    ────────────────────────────────────────────────────────────────────────────────────────────────


(node:91748) Warning: The 'NO_COLOR' env is ignored due to the 'FORCE_COLOR' env being set.
(Use `node --trace-warnings ...` to show where the warning was created)


[2/2] [firefox] › tests\ui-toolbar-layout.spec.ts:49:1 › Shared consolidation Inbox filters share Toolbar ownership and stay outside search across pane widths
  2) [firefox] › tests\ui-toolbar-layout.spec.ts:49:1 › Shared consolidation Inbox filters share Toolbar ownership and stay outside search across pane widths 

    Error: expect(received).toEqual(expected) // deep equality

    - Expected  -  1
    + Received  + 55

    - Array []
    + Array [
    +   Object {
    +     "description": "Ensure the order of headings is semantically correct",
    +     "help": "Heading levels should only increase by one",
    +     "helpUrl": "https://dequeuniversity.com/rules/axe/4.10/heading-order?application=playwright",
    +     "id": "heading-order",
    +     "impact": "moderate",
    +     "nodes": Array [
    +       Object {
    +         "all": Array [],
    +         "any": Array [
    +           Object {
    +             "data": null,
    +             "id": "heading-order",
    +             "impact": "moderate",
    +             "message": "Heading order invalid",
    +             "relatedNodes": Array [],
    +           },
    +         ],
    +         "failureSummary": "Fix any of the following:
    +   Heading order invalid",
    +         "html": "<h6 class=\"MuiTypography-root MuiTypography-h6 css-1uo8l3l-MuiTypography-root\">Linh (khách mẫu)</h6>",
    +         "impact": "moderate",
    +         "none": Array [],
    +         "target": Array [
    +           ".css-14dgsc8-MuiStack-root.MuiStack-root > .css-0.MuiBox-root > h6",
    +         ],
    +       },
    +       Object {
    +         "all": Array [],
    +         "any": Array [
    +           Object {
    +             "data": null,
    +             "id": "heading-order",
    +             "impact": "moderate",
    +             "message": "Heading order invalid",
    +             "relatedNodes": Array [],
    +           },
    +         ],
    +         "failureSummary": "Fix any of the following:
    +   Heading order invalid",
    +         "html": "<h6 class=\"MuiTypography-root MuiTypography-subtitle2 css-dl37um-MuiTypography-root\">Câu hỏi gợi ý</h6>",
    +         "impact": "moderate",
    +         "none": Array [],
    +         "target": Array [
    +           "div[role=\"tabpanel\"] > .MuiTypography-subtitle2.css-dl37um-MuiTypography-root",
    +         ],
    +       },
    +     ],
    +     "tags": Array [
    +       "cat.semantics",
    +       "best-practice",
    +     ],
    +   },
    + ]

      85 |             observations.push({ route, width, hiddenList, geometry });
      86 |         }
    > 87 |         if (width === 320 || width === 1440) expect((await new AxeBuilder({ page }).include('main').analyze()).violations).toEqual([]);
         |                                                                                                                            ^
      88 |     }
      89 |     await info.attach('inbox-filter-ownership', { body: JSON.stringify(observations), contentType: 'application/json' });
      90 | });
        at C:\Users\Joker-PC\Documents\Projects\Bot-AI-Ban-hang-FB\BotSalesAI_Frontend\tests\ui-toolbar-layout.spec.ts:87:124

    Error Context: test-results\playwright-91748-969e9ee9-90b5-42d1-a865-08bbc59f2707\ui-toolbar-layout-Shared-c-e1282-e-search-across-pane-widths-firefox\error-context.md

    Error Context: test-results\playwright-91748-969e9ee9-90b5-42d1-a865-08bbc59f2707\ui-toolbar-layout-Shared-c-e1282-e-search-across-pane-widths-firefox\error-context.md

    attachment #3: trace (application/zip) ─────────────────────────────────────────────────────────
    test-results\playwright-91748-969e9ee9-90b5-42d1-a865-08bbc59f2707\ui-toolbar-layout-Shared-c-e1282-e-search-across-pane-widths-firefox\trace.zip
    Usage:

        npx playwright show-trace test-results\playwright-91748-969e9ee9-90b5-42d1-a865-08bbc59f2707\ui-toolbar-layout-Shared-c-e1282-e-search-across-pane-widths-firefox\trace.zip

    ────────────────────────────────────────────────────────────────────────────────────────────────


  2 failed
    [chromium] › tests\ui-toolbar-layout.spec.ts:49:1 › Shared consolidation Inbox filters share Toolbar ownership and stay outside search across pane widths 
    [firefox] › tests\ui-toolbar-layout.spec.ts:49:1 › Shared consolidation Inbox filters share Toolbar ownership and stay outside search across pane widths 
