FE026 isolated clean install and reproducible production/demo artifact run
executedAt=2026-10-08T20:30:41.666Z
status=FAIL
isolatedWorkspace=C:\Users\Joker-PC\AppData\Local\Temp\botsales-width-clean-20261009-zgNrgi
sourceLockSha256=a3c0bb3a4906f92a5f23d4e8a0b862769b71de9e7efc9a48601ae44282bc963a
copiedLockSha256=a3c0bb3a4906f92a5f23d4e8a0b862769b71de9e7efc9a48601ae44282bc963a
userEnvLocalCopied=false
rootWorkflowSha256=238511056b84e1cc972b87d2e8c673be34a8aac57295f4dd7855992c38804dc2
rootWorkflowCopiedToExpectedRelativePath=true
isolatedGitMetadata=git init --quiet at the temporary multi-project root only so the evidence validator resolves Frontend and Kit paths; no source repository .git directory, history, branch, or user changes were copied.
setupBehavior=npm run setup can create a fresh .env.local from .env.example when the isolated target is absent; it never copies the source workspace .env.local.

## initialize-isolated-git-root
command=git init --quiet
cwd=C:\Users\Joker-PC\AppData\Local\Temp\botsales-width-clean-20261009-zgNrgi
exitCode=0


## clean-install
command=node "C:\Program Files\nodejs\node_modules\npm\bin\npm-cli.js" "--script-shell=cmd.exe" "ci"
cwd=C:\Users\Joker-PC\AppData\Local\Temp\botsales-width-clean-20261009-zgNrgi\BotSalesAI_Frontend
exitCode=0

added 411 packages, and audited 413 packages in 34s

86 packages are looking for funding
  run `npm fund` for details

found 0 vulnerabilities
npm warn deprecated whatwg-encoding@3.1.1: Use @exodus/bytes instead for a more spec-conformant and faster implementation
npm warn deprecated eslint@9.34.0: This version is no longer supported. Please see https://eslint.org/version-support for other options.
npm warn allow-scripts 2 packages have install scripts not yet covered by allowScripts:
npm warn allow-scripts   esbuild@0.28.2 (postinstall: node install.js)
npm warn allow-scripts   msw@2.11.1 (postinstall: node -e "import('./config/scripts/postinstall.js').catch(() => void 0)")
npm warn allow-scripts
npm warn allow-scripts Run `npm approve-scripts --allow-scripts-pending` to review, or `npm approve-scripts <pkg>` to allow.

## npm-audit-low
command=node "C:\Program Files\nodejs\node_modules\npm\bin\npm-cli.js" "--script-shell=cmd.exe" "audit" "--audit-level=low"
cwd=C:\Users\Joker-PC\AppData\Local\Temp\botsales-width-clean-20261009-zgNrgi\BotSalesAI_Frontend
exitCode=0
found 0 vulnerabilities

## setup
command=node "C:\Program Files\nodejs\node_modules\npm\bin\npm-cli.js" "--script-shell=cmd.exe" "run" "setup"
cwd=C:\Users\Joker-PC\AppData\Local\Temp\botsales-width-clean-20261009-zgNrgi\BotSalesAI_Frontend
exitCode=0

> botsales-frontend@0.1.0 setup
> node scripts/setup.mjs

{"status":"PASS","outputs":11,"schemas":283,"operations":210,"routes":54}
Copying the worker script at "C:\Users\Joker-PC\AppData\Local\Temp\botsales-width-clean-20261009-zgNrgi\BotSalesAI_Frontend\apps\web\public"...

Worker script successfully copied!
  - public

Continue by describing the network in your application:


https://mswjs.io/docs/quick-start

Thiết lập xong. npm run dev chạy frontend mô phỏng; không kết nối khách hàng hoặc provider thật.

## verify
command=node "C:\Program Files\nodejs\node_modules\npm\bin\npm-cli.js" "--script-shell=cmd.exe" "run" "verify"
cwd=C:\Users\Joker-PC\AppData\Local\Temp\botsales-width-clean-20261009-zgNrgi\BotSalesAI_Frontend
exitCode=1

> botsales-frontend@0.1.0 verify
> npm run generate:check && npm run test:source && npm run boundaries && npm run lint && npm run typecheck && npm run test:domain && npm test && npm run build && npm run test:layout && npm run test:visual-tokens && npm run test:ui-composition && npm run test:evidence


> botsales-frontend@0.1.0 generate:check
> node scripts/generate.mjs --check

{"status":"PASS","outputs":11,"schemas":283,"operations":210,"routes":54}

> botsales-frontend@0.1.0 test:source
> node scripts/check-source.mjs && node --test tests/source-checker.test.mjs

{
  "checkedAt": "2026-10-08T20:26:30.117Z",
  "scope": "Syntax, operation identifiers, route-source mapping, permissions and token adoption. NOT React typecheck, build or browser test.",
  "compiler": "5.9.2",
  "compilerSource": "project dependency",
  "files": 71,
  "operationCalls": 222,
  "routes": 54,
  "issues": [],
  "status": "PASS"
}
✔ module path classification accepts Windows and POSIX spellings, but excludes app files (0.9962ms)
✔ the source-checker CLI rejects a prohibited color literal in a module (167.1693ms)
✔ the source-checker CLI accepts a token-based module and leaves app-level colors outside the rule (164.5976ms)
ℹ tests 3
ℹ suites 0
ℹ pass 3
ℹ fail 0
ℹ cancelled 0
ℹ skipped 0
ℹ todo 0
ℹ duration_ms 390.5402

> botsales-frontend@0.1.0 boundaries
> node scripts/check-boundaries.mjs

{
  "checkedAt": "2026-10-08T20:26:32.802Z",
  "scope": "AST imports resolve aliases/relative paths, module boundaries and cycles; parser diagnostics are errors",
  "files": 71,
  "imports": 534,
  "negativeFixtures": "Boundary fixtures: PASS 10/10 scenarios (allowed shared/public imports, alias, relative, app deep import, type-only, dynamic, unresolved, cycle, parser error).",
  "status": "PASS",
  "issues": []
}

> botsales-frontend@0.1.0 lint
> eslint apps/web/src --max-warnings 0


> botsales-frontend@0.1.0 typecheck
> tsc -p apps/web/tsconfig.json --noEmit


> botsales-frontend@0.1.0 test:domain
> node scripts/test-domain.mjs

{"status":"PASS","simulatorChecks":75,"networkChecks":13,"networkHandlers":210,"passed":88,"operations":89,"node":"v24.19.0","typescript":"5.9.2"}

> botsales-frontend@0.1.0 test
> vitest run --config apps/web/vitest.config.ts


 RUN  v5.0.3 C:/Users/Joker-PC/AppData/Local/Temp/botsales-width-clean-20261009-zgNrgi/BotSalesAI_Frontend


 Test Files  15 passed (15)
      Tests  175 passed (175)
   Start at  03:27:04
   Duration  26.80s (environment 54%, import 25%, setup 12%, tests 7%, transform 1%)


> botsales-frontend@0.1.0 build
> npm run generate:check && npm run typecheck && npm run build --workspace @botsales/web


> botsales-frontend@0.1.0 generate:check
> node scripts/generate.mjs --check

{"status":"PASS","outputs":11,"schemas":283,"operations":210,"routes":54}

> botsales-frontend@0.1.0 typecheck
> tsc -p apps/web/tsconfig.json --noEmit


> @botsales/web@0.1.0 build
> vite build --mode production

vite v7.3.6 building client environment for production...
transforming...
✓ 2061 modules transformed.
rendering chunks...
computing gzip size...
dist/index.html                              1.19 kB │ gzip:   0.60 kB
dist/assets/index-BQPx7lJM.css               3.56 kB │ gzip:   1.33 kB
dist/assets/download-8lJFmiSZ.js             0.23 kB │ gzip:   0.17 kB
dist/assets/filters-CVitQAxr.js              0.32 kB │ gzip:   0.25 kB
dist/assets/hooks-DTk9VgwE.js                4.58 kB │ gzip:   2.15 kB
dist/assets/draft-conflict-CEZ5m0_n.js       5.35 kB │ gzip:   2.47 kB
dist/assets/index-72ffFGIy.js                7.92 kB │ gzip:   3.16 kB
dist/assets/index-D71sUxLG.js                8.31 kB │ gzip:   3.53 kB
dist/assets/index-DgavICaL.js                9.32 kB │ gzip:   3.69 kB
dist/assets/index-Cue5TSL3.js               13.80 kB │ gzip:   5.63 kB
dist/assets/index-BfyBPmYz.js               14.57 kB │ gzip:   5.39 kB
dist/assets/index-BkEjBw4A.js               14.58 kB │ gzip:   4.92 kB
dist/assets/index-BJZ2fHcv.js               15.21 kB │ gzip:   5.85 kB
dist/assets/index-DPdN4qQB.js               16.16 kB │ gzip:   5.51 kB
dist/assets/index-Bk1ass8Z.js               16.40 kB │ gzip:   5.42 kB
dist/assets/index-D92e1v-T.js               17.81 kB │ gzip:   6.26 kB
dist/assets/index-BGgnYeh_.js               18.33 kB │ gzip:   6.16 kB
dist/assets/index-DUkJc5wS.js               24.13 kB │ gzip:   8.60 kB
dist/assets/index-CKSfUMFd.js               24.16 kB │ gzip:   8.19 kB
dist/assets/index-89zhFwP2.js               29.24 kB │ gzip:   9.51 kB
dist/assets/index-DcLg7i7O.js               31.62 kB │ gzip:   9.82 kB
dist/assets/query-5vm9EU1C.js               33.15 kB │ gzip:   9.92 kB
dist/assets/index-BSR5aLbC.js               37.94 kB │ gzip:  10.46 kB
dist/assets/i18n-xB0mQYCC.js                46.14 kB │ gzip:  15.12 kB
dist/assets/schemas-Ct4RWo9M.js             80.75 kB │ gzip:  24.39 kB
dist/assets/index-BjAbOS4M.js               89.42 kB │ gzip:  28.38 kB
dist/assets/schema-validation-Bhr7oAQE.js  149.80 kB │ gzip:  45.12 kB
dist/assets/react-runtime-D0NtfbPC.js      279.78 kB │ gzip:  90.28 kB
dist/assets/contract-data-BIzYYkc1.js      303.99 kB │ gzip:  36.17 kB
dist/assets/charts-CQ4oecFO.js             313.03 kB │ gzip:  94.99 kB
dist/assets/mui-Bz_aCSm2.js                328.33 kB │ gzip: 100.02 kB
✓ built in 3.38s

> botsales-frontend@0.1.0 test:layout
> node --test tests/layout-checker.test.mjs tests/ui-layout-binding-gates.test.mjs && node scripts/check-layout.mjs

✔ CSS label gap accepts the canonical direct pixel constructor and its exact owner/property (1797.0313ms)
✔ CSS label gap cannot be used as an unrelated spacing property (1134.3372ms)
✔ CSS label gap rejects a raw pixel constructor argument (1162.8073ms)
✔ CSS label gap cannot impersonate a role from another owner (1124.8135ms)
✔ accepts semantic bridge roles, the closed token-derived factor map, geometry, and reset values (1114.9539ms)
✔ rejects a CSS spacing role without a declared shared owner (1122.9828ms)
✔ rejects scale-conforming and off-scale literals in sx, responsive leaves, named and namespace MUI System props (1136.6897ms)
✔ follows local aliases and style callbacks; rejects theme spacing helpers and preset overrides (1144.158ms)
✔ scans nested slotProps but does not confuse event handlers or geometric dimensions with spacing (1120.2613ms)
✔ keeps Panel geometry inspectable and rejects spacing hidden in its geometry prop (3551.4027ms)
✔ accepts only an exact CSS exception and reports stale or mismatched exception scope (3885.7607ms)
✔ rejects malformed TypeScript, malformed CSS, bad exception schema, and raw values in the bridge (5012.9201ms)
✔ rejects canonical pixel tokens used as MUI factors and an altered bridge factor table (2449.7547ms)
✔ report mode inventories migration debt without turning findings into PASS (1384.9942ms)
✔ canonical writes through casts and aliases fail outside style expressions (1854.3514ms)
✔ Object.assign cannot mutate canonical data but can copy to a fresh object (2287.9312ms)
✔ layout gate rejects raw spacing on const alias of MUI component (1135.2038ms)
✔ canonical mutation gate follows global mutator aliases and reflection (1146.2131ms)
✔ local mutator names do not acquire global mutation identity (1136.7558ms)
✔ destructured mutators and call/apply retain canonical mutation checks (1161.3459ms)
✔ global mutator call/apply can copy canonical values into fresh objects (1113.3673ms)
✔ mutable aliases with possible canonical destinations fail closed (1131.5339ms)
✔ opaque apply arguments fail closed while unrelated mutable data stays valid (2366.9722ms)
✔ canonical references inside containers and destructured aliases cannot be mutated (1359.9458ms)
✔ independent shallow copies of scalar canonical fields remain mutable (1324.4331ms)
✔ array references and nested destructuring preserve canonical write provenance (1278.2406ms)
✔ array destinations distinguish independent elements from canonical references (1652.9289ms)
✔ array destructuring, dynamic indices and spread cannot hide canonical references (1338.8381ms)
✔ dynamic indices and destructuring of independent arrays stay mutable (1229.5628ms)
✔ function parameters cannot hide canonical mutation across source files (1295.314ms)
✔ read-only helpers and mutations of unrelated arguments remain valid (1322.5102ms)
✔ returned canonical references remain protected across helper boundaries (1274.3953ms)
✔ helper returns of fresh scalar copies do not retain canonical destination identity (1352.1157ms)
✔ destructured object parameters cannot mutate canonical arguments (1234.466ms)
✔ destructured object parameters retain independent argument mutability (1249.8441ms)
✔ default parameter and binding initializers cannot hide canonical mutations (1232.4089ms)
✔ fresh default parameter and binding copies remain mutable (1245.9497ms)
✔ rest parameters retain canonical argument write provenance (1248.189ms)
✔ rest parameters distinguish independent positions from canonical siblings (1500.8955ms)
✔ finite spread arguments preserve shifted positional and rest destinations (1656.394ms)
✔ finite spread expansion keeps independent argument positions mutable (1415.8045ms)
✔ opaque spreads keep positional mutation destinations unknown (1286.8157ms)
✔ opaque spreads into read-only helpers do not invent mutation findings (1256.1103ms)
✔ array parameter patterns retain canonical positions including nested object arrays (1418.9292ms)
✔ array parameter patterns retain independent bound element mutability (1507.6957ms)
✔ layout gate rejects parameter shadow of canonical layout name (1225.5593ms)
✔ layout gate follows genuine renamed styled factory (1248.3498ms)
✔ layout gate accepts canonical namespace, element access and barrel alias (1250.7874ms)
✔ layout gate does not mistake local component named Stack for MUI (1752.6592ms)
✔ layout gate inspects renamed installed Emotion css tag (1198.6994ms)
✔ layout gate preserves genuine aliased Controller field forwarding (1244.7703ms)
✔ a same-named local Controller cannot exempt an unknown prop spread (1187.1571ms)
✔ genuine useForm registration survives property and destructured aliases (1171.8857ms)
✔ a function named register cannot exempt injected style props (1234.3997ms)
✔ a bridge callback parameter cannot impersonate its private factor binding (1182.0752ms)
✔ opaque namespace component selection remains a strict binding failure (1180.0409ms)
✔ opaque namespace factory cannot hide style arguments (1285.3824ms)
✔ MUI re-export cannot hide raw spacing behind a first-party barrel (1391.0527ms)
✔ destructuring assignments cannot hide canonical write targets (1220.0029ms)
✔ destructuring assignments can update independent copied destinations (1226.2501ms)
✔ object rest retains nested canonical references while copying the outer object (1296.0644ms)
✔ rest scalar copies and replacement of container references stay mutable (1368.6772ms)
✔ shallow object spread preserves canonical child references and last-writer order (1275.2858ms)
✔ shallow spread with a later independent override stays mutable (1161.3711ms)
✔ exported mutable aliases retain assignments from their declaring file (1210.211ms)
✔ exported independent mutable data does not acquire canonical provenance (1208.9601ms)
✔ literal computed keys retain canonical container and parameter provenance (1196.1587ms)
✔ literal computed keys do not taint independent selected properties (1265.2941ms)
✔ Object.assign shallow copies retain canonical nested reference provenance (1256.1752ms)
✔ Object.assign later independent overrides and scalar copies stay mutable (1218.8227ms)
✔ union and dynamic property selections retain possible canonical destinations (1175.3575ms)
✔ finite union property selections exclude canonical siblings not in the key set (1217.0854ms)
✔ union selection over Object.assign output retains canonical child provenance (1167.9587ms)
✔ union selection over independent Object.assign output remains mutable (1179.1585ms)
✔ Reflect.set call/apply checks the target argument rather than the assigned value (3567.2571ms)
✔ aliased React createElement checks MUI and native style objects (1140.9448ms)
✔ GlobalStyles.styles is checked and local createElement names stay local (2397.876ms)
✔ React JSX runtime factories cannot bypass MUI or native style checks (1233.4363ms)
✔ React cloneElement checks the cloned MUI element and preserves native props (4848.9905ms)
✔ Emotion css props and object factories are inspected with native CSS semantics (3652.323ms)
✔ Inline style elements in JSX, React factories, DOM and the HTML entry fail closed (9948.2859ms)
✔ DOM CSSOM spacing writes use semantic roles and reject opaque style strings (2497.5243ms)
✔ HTML parsing and runtime stylesheet mutation cannot bypass the imported CSS boundary (2419.2502ms)
✔ spacing shorthand values and responsive breakpoints preserve token and unit provenance (12040.9632ms)
✔ function return producers cannot hide canonical children behind spreads (1166.855ms)
✔ producer spreads keep later independent child overrides writable (1182.1597ms)
ℹ tests 86
ℹ suites 0
ℹ pass 86
ℹ fail 0
ℹ cancelled 0
ℹ skipped 0
ℹ todo 0
ℹ duration_ms 125381.7998
layout-check PASS: 79 source files, 0 finding(s), 1 exception(s) used

> botsales-frontend@0.1.0 test:visual-tokens
> node --test tests/visual-token-checker.test.mjs && node scripts/check-visual-tokens.mjs

✔ visual checker accepts canonical theme roles, token references, geometry and semantic responsive props (639.3033ms)
✔ visual checker rejects raw literals across sx, JSX system props and CSS declarations (440.3101ms)
✔ visual checker follows local style aliases and callback themes, but fails raw nested values (500.9246ms)
✔ visual checker reports unresolved spreads and malformed style sources as UNKNOWN or parse errors (393.9109ms)
✔ visual checker includes newly added TSX files under the source root (462.4676ms)
ℹ tests 5
ℹ suites 0
ℹ pass 5
ℹ fail 0
ℹ cancelled 0
ℹ skipped 0
ℹ todo 0
ℹ duration_ms 2954.3016
visual-token-check PASS: 78 source files, 0 finding(s)

> botsales-frontend@0.1.0 test:ui-composition
> node --test tests/ui-composition-checker.test.mjs tests/ui-composition-ancestry.test.mjs tests/ui-shared-api-contract.test.mjs && node scripts/check-ui-composition.mjs

✔ P10/P15 catch alias and neutral-wrapper duplicate insets through fragments and conditionals (640.4595ms)
✔ P20 resolves shared composition identities through a barrel and const component aliases (473.233ms)
✔ P11/P13 catch static element access roles on every MUI surface, including Paper (466.4072ms)
✔ P12 checks React createElement and JSX-runtime element factories (449.4306ms)
✔ P14 resolves bodyMode literal aliases and fails closed when ownership is unknown (1271.1353ms)
✔ checks Panel ancestry when React elements are created natively (411.0938ms)
✔ keeps independent nested surfaces and portaled dialogs as separate owners (774.2803ms)
✔ accepts finite bodyMode branches and every mode in the public component contracts (1187.4705ms)
✔ stops inherited gap ownership at Panels and independent bordered surfaces (719.6664ms)
✔ tracks gaps through fragments, conditions and ready QueryState, but not inside DOM wrappers (372.0299ms)
✔ applies the same finite modes and wrapper boundaries to native React factories (791.9683ms)
✔ recognizes native outlined Paper and nested Box surface inset boundaries (727.8007ms)
✔ fails closed when an unresolved custom wrapper obscures a semantic gap owner (382.1695ms)
✔ rejects unsupported placement and rhythm values while accepting finite aliases and branches (739.2516ms)
✔ rejects unsupported finite values through React element factories (756.5064ms)
✔ accepts semantic composition, closed geometry and business-specific MUI primitives (6.9391ms)
✔ rejects rebuilding each shared spacing owner at a consumer (2.4636ms)
✔ follows aliases, local style variables, object spreads and namespace imports (1.0432ms)
✔ rejects direct and spread spacing overrides on semantic components (0.6757ms)
✔ rejects spacing or opaque spreads hidden in geometry (0.2802ms)
✔ allows the canonical owner implementation and fails closed on malformed source (1.2526ms)
✔ rejects duplicated parent boundary and duplicated Panel inset (0.8543ms)
✔ checks default MUI imports and fails closed for opaque geometry (0.5755ms)
✔ distinguishes content grids from flex flows when reporting the shared owner (0.3541ms)
✔ rejects page spacing for paired fields and peer Panels without a section gap owner (2.0081ms)
✔ related sibling gaps belong to ActionGroup comfortable density, not consumer Stack styles (0.5468ms)
✔ Amount consumers declare wrapping outside DataTable columns and keep table money unbroken (26.2178ms)
✔ the shared catalog covers every public React component and supporting Column type (35.1594ms)
✔ SPC-067 covers discovered public Shared APIs without a fixed export count (2.772ms)
✔ every public React API has a direct rendered contract test (1.994ms)
✔ catalog declaration lines and stated JSX counts match resolved source symbols (21.5625ms)
✔ every shared React export has a resolved production consumer or an explicit zero-use lifecycle decision (24.9361ms)
✔ required UI evidence and regression gates remain wired to root verify and the active parent workflow (0.8563ms)
✔ composition prop allowlists match the TypeScript owners exactly (0.296ms)
✔ QueryState uses only the approved inline and section pending profiles (0.3645ms)
✔ QueryState consumers reserve section loading for primary content and keep every other state inline by default (20.2732ms)
✔ body modes, placement roles and geometry keys match the TypeScript contracts (1.1257ms)
✔ Panel geometry and DataTable columns remain closed public contracts (5.1327ms)
✔ shared component and composition props expose no arbitrary layout/style escape hatch (0.2251ms)
✔ layout role types, runtime values, consumers and ownership documentation stay closed (3109.5136ms)
ℹ tests 40
ℹ suites 0
ℹ pass 40
ℹ fail 0
ℹ cancelled 0
ℹ skipped 0
ℹ todo 0
ℹ duration_ms 10669.6934
ui-composition PASS: 77 source files, 0 finding(s)


> botsales-frontend@0.1.0 test:evidence
> node --test tests/ui-evidence-validator.test.mjs && node scripts/validate-ui-evidence.mjs evidence/frontend-ui-improvements/ui-governance-rollout-20261007/S17-current-evidence.json

✔ accepts current fingerprints, honest open coverage, and explained N/A (6.7516ms)
✔ rejects a stale source fingerprint (4.2215ms)
✔ rejects a stale command log (3.5737ms)
✔ rejects missing, absolute, and escaping source paths (3.1689ms)
✔ rejects unrun, missing, duplicate, and nonzero command results marked PASS (3.2251ms)
✔ rejects PASS when expected and observed results differ (3.2456ms)
✔ rejects inconsistent coverage and N/A without a reason (3.5817ms)
✔ rejects a baseline falsely dated after implementation started and detects changed baseline artifacts (7.1949ms)
✔ COMPLETE cannot contain open coverage or failed commands (4.6666ms)
✔ S19 must explicitly reconcile files, APIs, routes, rendered routes, slots, and states (5.9873ms)
✔ rejects malformed top-level evidence instead of treating missing fields as success (2.1907ms)
ℹ tests 11
ℹ suites 0
ℹ pass 11
ℹ fail 0
ℹ cancelled 0
ℹ skipped 0
ℹ todo 0
ℹ duration_ms 111.5487
[BABEL] Note: The code generator has deoptimised the styling of C:\Users\Joker-PC\AppData\Local\Temp\botsales-vite-cache\362ba74d68e425cdc260\direct-vite\72904\deps\react-dom_client.js?v=9af321d7 as it exceeds the max of 500KB.
UI_EVIDENCE_INVALID: sourceFingerprints[BotSalesAI_Frontend/apps/web/src/modules/inbox/conversation-components.tsx] is stale
UI_EVIDENCE_INVALID: sourceFingerprints[BotSalesAI_Frontend/apps/web/src/modules/inbox/index.tsx] is stale
UI_EVIDENCE_INVALID: sourceFingerprints[BotSalesAI_Frontend/tests/fe016.spec.ts] is stale

artifactManifest=null
failure=Error: verify exited 1
    at file:///C:/Users/Joker-PC/Documents/Projects/Bot-AI-Ban-hang-FB/BotSalesAI_Frontend/evidence/frontend-shared-consolidation-20261009/run-clean-build.mjs:240:41
    at ModuleJob.run (node:internal/modules/esm/module_job:439:25)
    at async node:internal/modules/esm/loader:643:26
    at async asyncRunEntryPointWithESMLoader (node:internal/modules/run_main:101:5)
scope=FRONTEND_WITH_SYNTHETIC_MOCK_API; no live Backend/provider, hosted CI run, deployment, staging, or production-hosting claim.
