warning: in the working copy of 'BotSalesAI_Frontend/AGENTS.md', LF will be replaced by CRLF the next time Git touches it
warning: in the working copy of 'BotSalesAI_Frontend/apps/web/package.json', LF will be replaced by CRLF the next time Git touches it
warning: in the working copy of 'BotSalesAI_Frontend/apps/web/public/app-icon.svg', LF will be replaced by CRLF the next time Git touches it
warning: in the working copy of 'BotSalesAI_Frontend/apps/web/public/manifest.webmanifest', LF will be replaced by CRLF the next time Git touches it
warning: in the working copy of 'BotSalesAI_Frontend/apps/web/src/app/tokens.css', LF will be replaced by CRLF the next time Git touches it
warning: in the working copy of 'BotSalesAI_Frontend/apps/web/src/modules/bot/index.tsx', LF will be replaced by CRLF the next time Git touches it
warning: in the working copy of 'BotSalesAI_Frontend/apps/web/src/modules/catalog/index.tsx', LF will be replaced by CRLF the next time Git touches it
warning: in the working copy of 'BotSalesAI_Frontend/apps/web/src/modules/customers/index.tsx', LF will be replaced by CRLF the next time Git touches it
warning: in the working copy of 'BotSalesAI_Frontend/apps/web/src/modules/integrations/index.tsx', LF will be replaced by CRLF the next time Git touches it
warning: in the working copy of 'BotSalesAI_Frontend/apps/web/src/modules/knowledge/index.tsx', LF will be replaced by CRLF the next time Git touches it
warning: in the working copy of 'BotSalesAI_Frontend/apps/web/src/modules/procurement/index.tsx', LF will be replaced by CRLF the next time Git touches it
warning: in the working copy of 'BotSalesAI_Frontend/apps/web/src/modules/workspace/index.tsx', LF will be replaced by CRLF the next time Git touches it
warning: in the working copy of 'BotSalesAI_Frontend/apps/web/src/shared/api/client.ts', LF will be replaced by CRLF the next time Git touches it
warning: in the working copy of 'BotSalesAI_Frontend/apps/web/src/shared/api/hooks.ts', LF will be replaced by CRLF the next time Git touches it
warning: in the working copy of 'BotSalesAI_Frontend/apps/web/src/shared/model/filters.ts', LF will be replaced by CRLF the next time Git touches it
warning: in the working copy of 'BotSalesAI_Frontend/apps/web/src/shared/model/format.ts', LF will be replaced by CRLF the next time Git touches it
warning: in the working copy of 'BotSalesAI_Frontend/apps/web/tests/format.test.ts', LF will be replaced by CRLF the next time Git touches it
warning: in the working copy of 'BotSalesAI_Frontend/botsales-kit/AGENTS.md', LF will be replaced by CRLF the next time Git touches it
warning: in the working copy of 'BotSalesAI_Frontend/botsales-kit/DOCUMENT_INDEX.md', LF will be replaced by CRLF the next time Git touches it
warning: in the working copy of 'BotSalesAI_Frontend/botsales-kit/IMPLEMENTATION_PLAN.md', LF will be replaced by CRLF the next time Git touches it
warning: in the working copy of 'BotSalesAI_Frontend/botsales-kit/execution/SESSION_HANDOFF.md', LF will be replaced by CRLF the next time Git touches it
warning: in the working copy of 'BotSalesAI_Frontend/botsales-kit/scripts/progress.mjs', LF will be replaced by CRLF the next time Git touches it
warning: in the working copy of 'BotSalesAI_Frontend/docs/CONTINUE_FRONTEND.md', LF will be replaced by CRLF the next time Git touches it
warning: in the working copy of 'BotSalesAI_Frontend/docs/PROJECT_CONTEXT.md', LF will be replaced by CRLF the next time Git touches it
warning: in the working copy of 'BotSalesAI_Frontend/evidence/REPORT.md', LF will be replaced by CRLF the next time Git touches it
warning: in the working copy of 'BotSalesAI_Frontend/evidence/boundaries.json', LF will be replaced by CRLF the next time Git touches it
warning: in the working copy of 'BotSalesAI_Frontend/evidence/source-check.json', LF will be replaced by CRLF the next time Git touches it
warning: in the working copy of 'BotSalesAI_Frontend/package.json', LF will be replaced by CRLF the next time Git touches it
warning: in the working copy of 'BotSalesAI_Frontend/packages/contracts/src/generated.ts', LF will be replaced by CRLF the next time Git touches it
warning: in the working copy of 'BotSalesAI_Frontend/packages/contracts/src/index.ts', LF will be replaced by CRLF the next time Git touches it
warning: in the working copy of 'BotSalesAI_Frontend/packages/contracts/src/operations.json', LF will be replaced by CRLF the next time Git touches it
warning: in the working copy of 'BotSalesAI_Frontend/packages/contracts/src/permissions.json', LF will be replaced by CRLF the next time Git touches it
warning: in the working copy of 'BotSalesAI_Frontend/packages/contracts/src/routes.json', LF will be replaced by CRLF the next time Git touches it
warning: in the working copy of 'BotSalesAI_Frontend/packages/contracts/src/schemas.json', LF will be replaced by CRLF the next time Git touches it
warning: in the working copy of 'BotSalesAI_Frontend/packages/design-tokens/src/index.ts', LF will be replaced by CRLF the next time Git touches it
warning: in the working copy of 'BotSalesAI_Frontend/packages/design-tokens/src/tokens.json', LF will be replaced by CRLF the next time Git touches it
warning: in the working copy of 'BotSalesAI_Frontend/scripts/check-boundaries.mjs', LF will be replaced by CRLF the next time Git touches it
warning: in the working copy of 'BotSalesAI_Frontend/scripts/generate.mjs', LF will be replaced by CRLF the next time Git touches it
