{
  "scope": "FRONTEND_WITH_SYNTHETIC_MOCK_API",
  "apiVersion": "2.0.0",
  "routeManifestVersion": "2.0",
  "status": "PASS",
  "routes": 6,
  "operations": 16,
  "checks": [
    {
      "name": "six canonical route IDs and paths",
      "status": "PASS",
      "details": [
        "R09",
        "R10",
        "R11",
        "R12",
        "R13",
        "R14"
      ]
    },
    {
      "name": "sixteen canonical and generated operation IDs",
      "status": "PASS",
      "details": [
        "listProducts",
        "createProduct",
        "updateProduct",
        "archiveProduct",
        "listCategories",
        "getCategory",
        "createCategory",
        "updateCategory",
        "archiveCategory",
        "uploadFile",
        "getFile",
        "createProductImport",
        "commitProductImport",
        "getProduct",
        "listJobs",
        "getJob"
      ]
    },
    {
      "name": "operation permissions match canonical contract",
      "status": "PASS",
      "details": {
        "listProducts": "catalog.read",
        "createProduct": "catalog.write",
        "updateProduct": "catalog.write",
        "archiveProduct": "catalog.write",
        "listCategories": "catalog.read",
        "getCategory": "catalog.read",
        "createCategory": "catalog.write",
        "updateCategory": "catalog.write",
        "archiveCategory": "catalog.write",
        "uploadFile": null,
        "getFile": null,
        "createProductImport": "catalog.import",
        "commitProductImport": "catalog.import",
        "getProduct": "catalog.read",
        "listJobs": "jobs.read",
        "getJob": "jobs.read"
      }
    },
    {
      "name": "versioned updates require canonical If-Match",
      "status": "PASS",
      "details": [
        "updateProduct",
        "updateCategory"
      ]
    },
    {
      "name": "product payload requires variants and image IDs",
      "status": "PASS",
      "details": [
        "name",
        "description",
        "categoryId",
        "status",
        "variants",
        "imageFileIds"
      ]
    },
    {
      "name": "variant payload has positive price and no cost field",
      "status": "PASS",
      "details": [
        "id",
        "sku",
        "name",
        "options",
        "price",
        "active"
      ]
    },
    {
      "name": "import payloads require dry-run token confirmation",
      "status": "PASS",
      "details": {
        "request": [
          "fileId",
          "mapping",
          "duplicateStrategy",
          "dryRun"
        ],
        "commit": [
          "validationToken",
          "confirmValidRowsOnly"
        ]
      }
    },
    {
      "name": "current React route/operation checker is clean",
      "status": "PASS",
      "details": {
        "files": 65,
        "operationCalls": 220,
        "routes": 54,
        "canonicalRoutes": 54,
        "status": "PASS"
      }
    }
  ],
  "issues": []
}
EXIT_CODE=0
