
> botsales-frontend@0.1.0 build:demo
> npm run generate:check && npm run typecheck && npm run build:demo --workspace @botsales/web


> botsales-frontend@0.1.0 generate:check
> node scripts/generate.mjs --check

{"status":"PASS","outputs":15,"schemas":346,"operations":245,"routes":61}

> botsales-frontend@0.1.0 typecheck
> tsc -p apps/web/tsconfig.json --noEmit


> @botsales/web@0.1.0 build:demo
> vite build --mode demo --outDir dist-demo

vite v7.3.6 building client environment for demo...
transforming...
✓ 2293 modules transformed.
rendering chunks...
computing gzip size...
dist-demo/index.html                              1.23 kB │ gzip:   0.61 kB
dist-demo/assets/index-BQPx7lJM.css               3.56 kB │ gzip:   1.33 kB
dist-demo/assets/download-CWiaXb8A.js             0.24 kB │ gzip:   0.17 kB
dist-demo/assets/filters-CirfTR7_.js              0.32 kB │ gzip:   0.25 kB
dist-demo/assets/control-Criu5A-7.js              1.73 kB │ gzip:   0.94 kB
dist-demo/assets/hooks-BeC01d3Y.js                4.59 kB │ gzip:   2.15 kB
dist-demo/assets/draft-conflict-tNpI-HAo.js       5.37 kB │ gzip:   2.49 kB
dist-demo/assets/index-SkfVeie4.js                8.79 kB │ gzip:   3.47 kB
dist-demo/assets/index-DH5AOH0G.js                9.42 kB │ gzip:   3.73 kB
dist-demo/assets/index-B3gGpiMi.js               13.14 kB │ gzip:   5.18 kB
dist-demo/assets/index-D3UNZ1L-.js               15.09 kB │ gzip:   5.71 kB
dist-demo/assets/index-BWSxRwQH.js               17.14 kB │ gzip:   5.61 kB
dist-demo/assets/index-BGP_Ad-y.js               18.85 kB │ gzip:   6.33 kB
dist-demo/assets/index-01nb5nQj.js               19.18 kB │ gzip:   6.54 kB
dist-demo/assets/index-DgCh8QFc.js               19.28 kB │ gzip:   7.08 kB
dist-demo/assets/index-Cco5VbEE.js               20.90 kB │ gzip:   6.92 kB
dist-demo/assets/index-hYjqNRGb.js               24.80 kB │ gzip:   8.24 kB
dist-demo/assets/index-BDJDBZpL.js               25.47 kB │ gzip:   8.62 kB
dist-demo/assets/index-DQbFFBlT.js               28.10 kB │ gzip:   9.80 kB
dist-demo/assets/index-DX4hKm3W.js               30.93 kB │ gzip:   9.93 kB
dist-demo/assets/index-f6PQjW3Q.js               32.93 kB │ gzip:  10.94 kB
dist-demo/assets/query-Df7VyXaF.js               33.15 kB │ gzip:   9.92 kB
dist-demo/assets/index-D6MJeQeX.js               42.03 kB │ gzip:  11.49 kB
dist-demo/assets/i18n-D4N_7Z3Q.js                46.14 kB │ gzip:  15.12 kB
dist-demo/assets/index-BoOL50Pn.js               65.49 kB │ gzip:  18.10 kB
dist-demo/assets/schemas-CoWCwirf.js             85.75 kB │ gzip:  25.72 kB
dist-demo/assets/index-C6ptp12n.js              105.42 kB │ gzip:  33.42 kB
dist-demo/assets/schema-validation-B78jEm7B.js  149.80 kB │ gzip:  45.12 kB
dist-demo/assets/service-DOnisuXi.js            233.46 kB │ gzip:  54.15 kB
dist-demo/assets/browser-CQeKKnYr.js            255.64 kB │ gzip:  87.02 kB
dist-demo/assets/react-runtime-gLMyUIL2.js      279.79 kB │ gzip:  90.28 kB
dist-demo/assets/charts-uDdGNk6t.js             320.23 kB │ gzip:  96.79 kB
dist-demo/assets/mui-CUCPJGs1.js                328.77 kB │ gzip: 100.20 kB
dist-demo/assets/contract-data-CJyvN5AM.js      375.47 kB │ gzip:  44.43 kB
✓ built in 3.17s
