
Running 20 tests using 1 worker



(node:62640) Warning: The 'NO_COLOR' env is ignored due to the 'FORCE_COLOR' env being set.
(Use `node --trace-warnings ...` to show where the warning was created)
[1/20] [chromium] › tests\frontend.spec.ts:41:1 › catalog create uses the HTTP mock and successful save clears the draft guard
[2/20] [chromium] › tests\frontend.spec.ts:73:1 › dirty drafts block in-app navigation and preserve input until the user decides

(node:51068) Warning: The 'NO_COLOR' env is ignored due to the 'FORCE_COLOR' env being set.
(Use `node --trace-warnings ...` to show where the warning was created)

[3/20] [chromium] › tests\frontend.spec.ts:41:1 › catalog create uses the HTTP mock and successful save clears the draft guard
[4/20] [chromium] › tests\frontend.spec.ts:73:1 › dirty drafts block in-app navigation and preserve input until the user decides

(node:24028) Warning: The 'NO_COLOR' env is ignored due to the 'FORCE_COLOR' env being set.
(Use `node --trace-warnings ...` to show where the warning was created)

[5/20] [chromium] › tests\frontend.spec.ts:41:1 › catalog create uses the HTTP mock and successful save clears the draft guard
[6/20] [chromium] › tests\frontend.spec.ts:73:1 › dirty drafts block in-app navigation and preserve input until the user decides

(node:60556) Warning: The 'NO_COLOR' env is ignored due to the 'FORCE_COLOR' env being set.
(Use `node --trace-warnings ...` to show where the warning was created)

[7/20] [chromium] › tests\frontend.spec.ts:41:1 › catalog create uses the HTTP mock and successful save clears the draft guard
[8/20] [chromium] › tests\frontend.spec.ts:73:1 › dirty drafts block in-app navigation and preserve input until the user decides

(node:7324) Warning: The 'NO_COLOR' env is ignored due to the 'FORCE_COLOR' env being set.
(Use `node --trace-warnings ...` to show where the warning was created)

[9/20] [chromium] › tests\frontend.spec.ts:41:1 › catalog create uses the HTTP mock and successful save clears the draft guard
[10/20] [chromium] › tests\frontend.spec.ts:73:1 › dirty drafts block in-app navigation and preserve input until the user decides

(node:91500) Warning: The 'NO_COLOR' env is ignored due to the 'FORCE_COLOR' env being set.
(Use `node --trace-warnings ...` to show where the warning was created)

[11/20] [firefox] › tests\frontend.spec.ts:41:1 › catalog create uses the HTTP mock and successful save clears the draft guard
[12/20] [firefox] › tests\frontend.spec.ts:73:1 › dirty drafts block in-app navigation and preserve input until the user decides

(node:39552) Warning: The 'NO_COLOR' env is ignored due to the 'FORCE_COLOR' env being set.
(Use `node --trace-warnings ...` to show where the warning was created)

[13/20] [firefox] › tests\frontend.spec.ts:41:1 › catalog create uses the HTTP mock and successful save clears the draft guard
[14/20] [firefox] › tests\frontend.spec.ts:73:1 › dirty drafts block in-app navigation and preserve input until the user decides
(node:42056) Warning: The 'NO_COLOR' env is ignored due to the 'FORCE_COLOR' env being set.
(Use `node --trace-warnings ...` to show where the warning was created)


[15/20] [firefox] › tests\frontend.spec.ts:41:1 › catalog create uses the HTTP mock and successful save clears the draft guard
[16/20] [firefox] › tests\frontend.spec.ts:73:1 › dirty drafts block in-app navigation and preserve input until the user decides
(node:46692) Warning: The 'NO_COLOR' env is ignored due to the 'FORCE_COLOR' env being set.
(Use `node --trace-warnings ...` to show where the warning was created)


[17/20] [firefox] › tests\frontend.spec.ts:41:1 › catalog create uses the HTTP mock and successful save clears the draft guard
[18/20] [firefox] › tests\frontend.spec.ts:73:1 › dirty drafts block in-app navigation and preserve input until the user decides

(node:36504) Warning: The 'NO_COLOR' env is ignored due to the 'FORCE_COLOR' env being set.
(Use `node --trace-warnings ...` to show where the warning was created)

[19/20] [firefox] › tests\frontend.spec.ts:41:1 › catalog create uses the HTTP mock and successful save clears the draft guard
[20/20] [firefox] › tests\frontend.spec.ts:73:1 › dirty drafts block in-app navigation and preserve input until the user decides
  20 passed (2.0m)
