
Running 10 tests using 1 worker



(node:69644) Warning: The 'NO_COLOR' env is ignored due to the 'FORCE_COLOR' env being set.
(Use `node --trace-warnings ...` to show where the warning was created)
[1/10] [chromium] › tests\frontend.spec.ts:41:1 › catalog create uses the HTTP mock and successful save clears the draft guard
(node:97260) Warning: The 'NO_COLOR' env is ignored due to the 'FORCE_COLOR' env being set.
(Use `node --trace-warnings ...` to show where the warning was created)


[2/10] [chromium] › tests\frontend.spec.ts:41:1 › catalog create uses the HTTP mock and successful save clears the draft guard

(node:65840) Warning: The 'NO_COLOR' env is ignored due to the 'FORCE_COLOR' env being set.
(Use `node --trace-warnings ...` to show where the warning was created)

[3/10] [chromium] › tests\frontend.spec.ts:41:1 › catalog create uses the HTTP mock and successful save clears the draft guard
(node:96720) Warning: The 'NO_COLOR' env is ignored due to the 'FORCE_COLOR' env being set.
(Use `node --trace-warnings ...` to show where the warning was created)


[4/10] [chromium] › tests\frontend.spec.ts:41:1 › catalog create uses the HTTP mock and successful save clears the draft guard
(node:93752) Warning: The 'NO_COLOR' env is ignored due to the 'FORCE_COLOR' env being set.
(Use `node --trace-warnings ...` to show where the warning was created)


[5/10] [chromium] › tests\frontend.spec.ts:41:1 › catalog create uses the HTTP mock and successful save clears the draft guard

(node:91592) Warning: The 'NO_COLOR' env is ignored due to the 'FORCE_COLOR' env being set.
(Use `node --trace-warnings ...` to show where the warning was created)

[6/10] [firefox] › tests\frontend.spec.ts:41:1 › catalog create uses the HTTP mock and successful save clears the draft guard


(node:42996) Warning: The 'NO_COLOR' env is ignored due to the 'FORCE_COLOR' env being set.
(Use `node --trace-warnings ...` to show where the warning was created)
[7/10] [firefox] › tests\frontend.spec.ts:41:1 › catalog create uses the HTTP mock and successful save clears the draft guard

(node:73888) Warning: The 'NO_COLOR' env is ignored due to the 'FORCE_COLOR' env being set.
(Use `node --trace-warnings ...` to show where the warning was created)

[8/10] [firefox] › tests\frontend.spec.ts:41:1 › catalog create uses the HTTP mock and successful save clears the draft guard
(node:96068) Warning: The 'NO_COLOR' env is ignored due to the 'FORCE_COLOR' env being set.
(Use `node --trace-warnings ...` to show where the warning was created)


[9/10] [firefox] › tests\frontend.spec.ts:41:1 › catalog create uses the HTTP mock and successful save clears the draft guard
(node:80032) Warning: The 'NO_COLOR' env is ignored due to the 'FORCE_COLOR' env being set.

(Use `node --trace-warnings ...` to show where the warning was created)

[10/10] [firefox] › tests\frontend.spec.ts:41:1 › catalog create uses the HTTP mock and successful save clears the draft guard
  10 passed (1.5m)
