
> botsales-frontend@0.1.0 test:ui-composition
> node --test tests/ui-composition-checker.test.mjs tests/ui-composition-ancestry.test.mjs tests/ui-shared-api-contract.test.mjs && node scripts/check-ui-composition.mjs

✔ P10/P15 catch alias and neutral-wrapper duplicate insets through fragments and conditionals (488.0586ms)
✔ P20 resolves shared composition identities through a barrel and const component aliases (363.6552ms)
✔ P11/P13 catch static element access roles on every MUI surface, including Paper (310.0489ms)
✔ P12 checks React createElement and JSX-runtime element factories (318.7584ms)
✔ P14 resolves bodyMode literal aliases and fails closed when ownership is unknown (929.9821ms)
✔ checks Panel ancestry when React elements are created natively (357.8766ms)
✔ keeps independent nested surfaces and portaled dialogs as separate owners (778.909ms)
✔ accepts finite bodyMode branches and every mode in the public component contracts (1060.7825ms)
✔ stops inherited gap ownership at Panels and independent bordered surfaces (707.125ms)
✔ tracks gaps through fragments, conditions and ready QueryState, but not inside DOM wrappers (316.2403ms)
✔ applies the same finite modes and wrapper boundaries to native React factories (624.2211ms)
✔ recognizes native outlined Paper and nested Box surface inset boundaries (599.1545ms)
✔ fails closed when an unresolved custom wrapper obscures a semantic gap owner (301.5462ms)
✔ rejects unsupported placement and rhythm values while accepting finite aliases and branches (668.8167ms)
✔ rejects unsupported finite values through React element factories (738.7439ms)
✔ accepts semantic composition, closed geometry and business-specific MUI primitives (6.5966ms)
✔ rejects rebuilding each shared spacing owner at a consumer (1.9467ms)
✔ follows aliases, local style variables, object spreads and namespace imports (0.9568ms)
✔ rejects direct and spread spacing overrides on semantic components (0.5681ms)
✔ rejects spacing or opaque spreads hidden in geometry (0.2653ms)
✔ allows the canonical owner implementation and fails closed on malformed source (1.1523ms)
✔ rejects duplicated parent boundary and duplicated Panel inset (0.5887ms)
✔ checks default MUI imports and fails closed for opaque geometry (0.3813ms)
✔ distinguishes content grids from flex flows when reporting the shared owner (0.3195ms)
✔ rejects page spacing for paired fields and peer Panels without a section gap owner (1.8528ms)
✔ related sibling gaps belong to ActionGroup comfortable density, not consumer Stack styles (0.5314ms)
✔ density profiles are finite and new spacing paths retain the shared owner (1.3123ms)
✔ Amount consumers declare wrapping outside DataTable columns and keep table money unbroken (55.2221ms)
✔ the shared catalog covers every public React component and supporting Column type (43.4391ms)
✔ SPC-067 covers discovered public Shared APIs without a fixed export count (0.88ms)
✔ every public React API has a direct rendered contract test (1.4203ms)
✔ catalog declaration lines and stated JSX counts match resolved source symbols (90.6045ms)
✔ every shared React export has a resolved production consumer or an explicit zero-use lifecycle decision (56.2006ms)
✔ required UI evidence and regression gates remain wired to root verify and the active parent workflow (0.5989ms)
✔ composition prop allowlists match the TypeScript owners exactly (0.2403ms)
✔ QueryState uses only the approved inline and section pending profiles (0.3081ms)
✔ QueryState consumers reserve section loading for primary content and keep every other state inline by default (44.5397ms)
✔ body modes, placement roles and geometry keys match the TypeScript contracts (1.1431ms)
✔ Panel geometry and DataTable columns remain closed public contracts (4.8191ms)
✔ shared component and composition props expose no arbitrary layout/style escape hatch (0.2222ms)
✔ layout role types, runtime values, consumers and ownership documentation stay closed (2988.0967ms)
ℹ tests 41
ℹ suites 0
ℹ pass 41
ℹ fail 0
ℹ cancelled 0
ℹ skipped 0
ℹ todo 0
ℹ duration_ms 9094.0582
ui-composition PASS: 91 source files, 0 finding(s)

