
> botsales-frontend@0.1.0 test:layout
> node --test tests/layout-checker.test.mjs tests/ui-layout-binding-gates.test.mjs && node scripts/check-layout.mjs

✔ CSS label gap accepts the canonical direct pixel constructor and its exact owner/property (988.9246ms)
✔ CSS label gap cannot be used as an unrelated spacing property (1010.4873ms)
✔ CSS label gap rejects a raw pixel constructor argument (1006.0659ms)
✔ CSS label gap cannot impersonate a role from another owner (960.6653ms)
✔ accepts semantic bridge roles, the closed token-derived factor map, geometry, and reset values (955.6623ms)
✔ rejects a CSS spacing role without a declared shared owner (947.2836ms)
✔ rejects scale-conforming and off-scale literals in sx, responsive leaves, named and namespace MUI System props (983.4057ms)
✔ follows local aliases and style callbacks; rejects theme spacing helpers and preset overrides (949.8318ms)
✔ scans nested slotProps but does not confuse event handlers or geometric dimensions with spacing (945.8284ms)
✔ keeps Panel geometry inspectable and rejects spacing hidden in its geometry prop (2831.9865ms)
✔ accepts only an exact CSS exception and reports stale or mismatched exception scope (3228.6976ms)
✔ rejects malformed TypeScript, malformed CSS, bad exception schema, and raw values in the bridge (3918.7337ms)
✔ rejects canonical pixel tokens used as MUI factors and an altered bridge factor table (1859.6149ms)
✔ report mode inventories migration debt without turning findings into PASS (940.346ms)
✔ canonical writes through casts and aliases fail outside style expressions (1019.7002ms)
✔ Object.assign cannot mutate canonical data but can copy to a fresh object (2076.6826ms)
✔ layout gate rejects raw spacing on const alias of MUI component (992.4979ms)
✔ canonical mutation gate follows global mutator aliases and reflection (998.3091ms)
✔ local mutator names do not acquire global mutation identity (971.5098ms)
✔ destructured mutators and call/apply retain canonical mutation checks (979.8967ms)
✔ global mutator call/apply can copy canonical values into fresh objects (984.0929ms)
✔ mutable aliases with possible canonical destinations fail closed (973.5179ms)
✔ opaque apply arguments fail closed while unrelated mutable data stays valid (1949.6497ms)
✔ canonical references inside containers and destructured aliases cannot be mutated (1041.5689ms)
✔ independent shallow copies of scalar canonical fields remain mutable (1182.5429ms)
✔ array references and nested destructuring preserve canonical write provenance (1062.3646ms)
✔ array destinations distinguish independent elements from canonical references (1046.1149ms)
✔ array destructuring, dynamic indices and spread cannot hide canonical references (1031.7721ms)
✔ dynamic indices and destructuring of independent arrays stay mutable (1044.5709ms)
✔ function parameters cannot hide canonical mutation across source files (1007.9013ms)
✔ read-only helpers and mutations of unrelated arguments remain valid (969.4817ms)
✔ returned canonical references remain protected across helper boundaries (980.9947ms)
✔ helper returns of fresh scalar copies do not retain canonical destination identity (1008.5428ms)
✔ destructured object parameters cannot mutate canonical arguments (947.3928ms)
✔ destructured object parameters retain independent argument mutability (940.2517ms)
✔ default parameter and binding initializers cannot hide canonical mutations (953.279ms)
✔ fresh default parameter and binding copies remain mutable (934.336ms)
✔ rest parameters retain canonical argument write provenance (930.0876ms)
✔ rest parameters distinguish independent positions from canonical siblings (945.5425ms)
✔ finite spread arguments preserve shifted positional and rest destinations (948.4083ms)
✔ finite spread expansion keeps independent argument positions mutable (960.3643ms)
✔ opaque spreads keep positional mutation destinations unknown (1055.2348ms)
✔ opaque spreads into read-only helpers do not invent mutation findings (1099.4051ms)
✔ array parameter patterns retain canonical positions including nested object arrays (1062.3797ms)
✔ array parameter patterns retain independent bound element mutability (1069.4109ms)
✔ layout gate rejects parameter shadow of canonical layout name (1154.6582ms)
✔ layout gate follows genuine renamed styled factory (971.6082ms)
✔ layout gate accepts canonical namespace, element access and barrel alias (981.1694ms)
✔ layout gate does not mistake local component named Stack for MUI (953.3838ms)
✔ layout gate inspects renamed installed Emotion css tag (972.9887ms)
✔ layout gate preserves genuine aliased Controller field forwarding (1016.0276ms)
✔ a same-named local Controller cannot exempt an unknown prop spread (966.709ms)
✔ genuine useForm registration survives property and destructured aliases (937.4682ms)
✔ a function named register cannot exempt injected style props (924.1467ms)
✔ a bridge callback parameter cannot impersonate its private factor binding (950.8455ms)
✔ opaque namespace component selection remains a strict binding failure (943.5884ms)
✔ opaque namespace factory cannot hide style arguments (987.6069ms)
✔ MUI re-export cannot hide raw spacing behind a first-party barrel (942.5061ms)
✔ destructuring assignments cannot hide canonical write targets (953.1667ms)
✔ destructuring assignments can update independent copied destinations (945.8431ms)
✔ object rest retains nested canonical references while copying the outer object (926.5563ms)
✔ rest scalar copies and replacement of container references stay mutable (988.9177ms)
✔ shallow object spread preserves canonical child references and last-writer order (962.1817ms)
✔ shallow spread with a later independent override stays mutable (935.5349ms)
✔ exported mutable aliases retain assignments from their declaring file (938.9558ms)
✔ exported independent mutable data does not acquire canonical provenance (913.2608ms)
✔ literal computed keys retain canonical container and parameter provenance (926.2376ms)
✔ literal computed keys do not taint independent selected properties (971.4389ms)
✔ Object.assign shallow copies retain canonical nested reference provenance (933.2762ms)
✔ Object.assign later independent overrides and scalar copies stay mutable (945.2465ms)
✔ union and dynamic property selections retain possible canonical destinations (935.366ms)
✔ finite union property selections exclude canonical siblings not in the key set (913.0973ms)
✔ union selection over Object.assign output retains canonical child provenance (933.0241ms)
✔ union selection over independent Object.assign output remains mutable (920.6359ms)
✔ Reflect.set call/apply checks the target argument rather than the assigned value (2804.7432ms)
✔ aliased React createElement checks MUI and native style objects (967.2378ms)
✔ GlobalStyles.styles is checked and local createElement names stay local (1840.4243ms)
✔ React JSX runtime factories cannot bypass MUI or native style checks (951.6806ms)
✔ React cloneElement checks the cloned MUI element and preserves native props (3815.9116ms)
✔ Emotion css props and object factories are inspected with native CSS semantics (2806.0883ms)
✔ Inline style elements in JSX, React factories, DOM and the HTML entry fail closed (7486.6309ms)
✔ DOM CSSOM spacing writes use semantic roles and reject opaque style strings (1853.5997ms)
✔ HTML parsing and runtime stylesheet mutation cannot bypass the imported CSS boundary (1876.7402ms)
✔ spacing shorthand values and responsive breakpoints preserve token and unit provenance (9343.146ms)
✔ function return producers cannot hide canonical children behind spreads (937.7108ms)
✔ producer spreads keep later independent child overrides writable (915.0194ms)
ℹ tests 86
ℹ suites 0
ℹ pass 86
ℹ fail 0
ℹ cancelled 0
ℹ skipped 0
ℹ todo 0
ℹ duration_ms 96587.372
layout-check PASS: 93 source files, 0 finding(s), 1 exception(s) used
