✔ P10/P15 catch alias and neutral-wrapper duplicate insets through fragments and conditionals (980.6187ms)
✔ P20 resolves shared composition identities through a barrel and const component aliases (459.2908ms)
✔ P11/P13 catch static element access roles on every MUI surface, including Paper (474.0395ms)
✔ P12 checks React createElement and JSX-runtime element factories (391.031ms)
✔ P14 resolves bodyMode literal aliases and fails closed when ownership is unknown (1102.9546ms)
✔ checks Panel ancestry when React elements are created natively (395.5445ms)
✔ keeps independent nested surfaces and portaled dialogs as separate owners (752.3004ms)
✔ accepts finite bodyMode branches and every mode in the public component contracts (1146.387ms)
✔ stops inherited gap ownership at Panels and independent bordered surfaces (748.7494ms)
✔ tracks gaps through fragments, conditions and ready QueryState, but not inside DOM wrappers (320.8092ms)
✔ applies the same finite modes and wrapper boundaries to native React factories (706.2374ms)
✔ recognizes native outlined Paper and nested Box surface inset boundaries (649.3355ms)
✔ fails closed when an unresolved custom wrapper obscures a semantic gap owner (376.4737ms)
✔ rejects unsupported placement and rhythm values while accepting finite aliases and branches (649.9081ms)
✔ rejects unsupported finite values through React element factories (649.1007ms)
✔ accepts semantic composition, closed geometry and business-specific MUI primitives (9.7006ms)
✔ rejects rebuilding each shared spacing owner at a consumer (18.8608ms)
✔ follows aliases, local style variables, object spreads and namespace imports (1.7653ms)
✔ rejects direct and spread spacing overrides on semantic components (1.3141ms)
✔ rejects spacing or opaque spreads hidden in geometry (0.5711ms)
✔ allows the canonical owner implementation and fails closed on malformed source (1.946ms)
✔ rejects duplicated parent boundary and duplicated Panel inset (1.1255ms)
✔ checks default MUI imports and fails closed for opaque geometry (0.6317ms)
✔ distinguishes content grids from flex flows when reporting the shared owner (0.5432ms)
✔ rejects page spacing for paired fields and peer Panels without a section gap owner (2.8602ms)
✔ related sibling gaps belong to ActionGroup comfortable density, not consumer Stack styles (0.7254ms)
✔ the shared catalog covers every public React component and supporting Column type (70.4909ms)
✔ every public React API has a direct rendered contract test (1.9155ms)
✔ catalog declaration lines and stated JSX counts match resolved source symbols (42.592ms)
✔ every shared React export has a resolved production consumer or an explicit zero-use lifecycle decision (26.8466ms)
✔ required UI evidence and regression gates remain wired to root verify and the active parent workflow (0.6223ms)
✔ composition prop allowlists match the TypeScript owners exactly (0.3135ms)
✔ QueryState uses only the approved inline and section pending profiles (0.4515ms)
✔ QueryState consumers reserve section loading for primary content and keep every other state inline by default (26.3368ms)
✔ body modes, placement roles and geometry keys match the TypeScript contracts (1.0703ms)
✔ Panel geometry and DataTable columns remain closed public contracts (8.0597ms)
✔ shared component and composition props expose no arbitrary layout/style escape hatch (0.338ms)
✔ layout role types, runtime values, consumers and ownership documentation stay closed (3226.5996ms)
ℹ tests 38
ℹ suites 0
ℹ pass 38
ℹ fail 0
ℹ cancelled 0
ℹ skipped 0
ℹ todo 0
ℹ duration_ms 10409.4481
