FE003.S02 documentation-only source freshness review
reviewedAt=2026-10-07T21:53:47.761Z
reviewCommand=node botsales-kit/execution/frontend-evidence/FE028/refresh-doc-only-receipts-current-20261008.mjs
cwd=C:\Users\Joker-PC\Documents\Projects\Bot-AI-Ban-hang-FB
reviewExitCode=0
originalEvidence=execution/frontend-evidence/FE003/S02-verification-ladder-matrix-current-20261007.json
originalEvidenceSha256=f17c6028889f14c749e6b25958f423072e91b6522f3ed61f3e818008745b2e81
originalExecutionAt=2026-10-07T12:29:58.485488+00:00
originalCommand=python botsales-kit/execution/frontend-evidence/FE003/capture-s02-gate-matrix.py
originalLog=execution/frontend-evidence/FE003/S02-verification-ladder-matrix-current-20261007.log
originalLogSha256=1ca8139851c27b52170f41aa01512e09a1016b15167a773bba7a2180b81ff9aa
changedDocumentationSources=docs/KNOWN_GAPS.md
runtimeTestsRerun=false; original execution result and log are preserved. Only approved documentation/source hashes were refreshed.
scope=FRONTEND_WITH_SYNTHETIC_MOCK_API
sourceSnapshotSha256=d7bd41de5bea271b2d87e519622ce47b53186df92c48415e3eebe29dd217d5c3
SOURCE botsales-kit/execution/frontend-plan.json sha256=f0e54ec3cf455a14d79cdadfb4aa6e4ec6091c7a7d832251c83c958a8d4e3e4e
SOURCE botsales-kit/execution/FRONTEND_PLAN_GUIDE.md sha256=eeb2c1566acdd3ebb528aa181a53ad946bc725b779e8f9d88ea0af1667a24614
SOURCE docs/FRONTEND_SCOPE.md sha256=959a06ef9efb2c1ca4fceea921842f43c93fdf4f8d3ba3b67eb38dc61ccd5fab
SOURCE docs/KNOWN_GAPS.md sha256=497d5239577de2b1daaf3a1a1aec1eaea678955289fa6a7562fa06890f4e9ddc
SOURCE botsales-kit/execution/frontend-evidence/FE003/capture-s02-gate-matrix.py sha256=9dbc421341302dfd94261511a7c0e7931c383a0edbee893af64337868cc85608
SOURCE botsales-kit/execution/frontend-evidence/FE003/S02-fe-task-gate-matrix-current-20261007.json sha256=843c372d8d9ecfbe22110e4210a2912ec7521a567c1445323ae11271bb56034d
SOURCE botsales-kit/execution/frontend-evidence/FE002/S03-npm-install-verified-current-20261007.json sha256=cb72741308964c662ed1ea0a0697671344ecc68fdeafeea4bc3ecf872003073b
SOURCE botsales-kit/execution/frontend-evidence/FE002/S04-setup-doctor-verified-current-20261007.json sha256=21c04ac6960fdb99f246ad54144cfb9bf863a51e7ca268fef3229a46322bdc33
SOURCE botsales-kit/execution/frontend-evidence/FE002/S05-clean-install-retry-verified-current-20261007.json sha256=3f121a47ebe43947b7034808f89c8930c8f38b53cc2bc1264938e7e40a6d18ff
SOURCE evidence/frontend-ui-document-sync-20261007/verify-record.json sha256=e3d583317deb9ab3fead2f46105aaaf502d3d2d3478bd9481624077ba948f82b
SOURCE evidence/frontend-ui-document-sync-20261007/built-demo-record.json sha256=c4380a93df26f5c5a908b996a98caba37f4b6a71a338b3b8ab157d0f52274afc
SOURCE evidence/frontend-ui-improvements/ui-governance-rollout-20261007/S19-current-evidence.json sha256=3a086e9556677bc5bf75a52d54594c2aa76c71d5778fcf301e9256f7a4db6b03
SOURCE evidence/frontend-ui-improvements/ui-governance-rollout-20261007/S19-verify-final-reconciled-current-20261007.log sha256=e3f64af92318e05053b73d802b51f14f49b94eae793004124dcfe97320653a81
SOURCE evidence/frontend-ui-document-sync-20261007/contracts-record.json sha256=ce0fa6e932dc158e3f3bb7ab900fcddffb446c12955b5605ada9a7ca9fc8548e
SOURCE evidence/frontend-ui-document-sync-20261007/contracts.log sha256=7035ee7401c6d639d9ea446115cddf14cbc0ba9ebbaa747585d16a2286641fa2
SOURCE evidence/frontend-ui-document-sync-20261007/e2e-record.json sha256=20e982ab894dc4a9494d01218ab230776c84295f9cf6a1289007ba271c9bb9d5
SOURCE evidence/frontend-ui-document-sync-20261007/e2e.log sha256=f0aed15b41fd27767829f897603f2d435f1e37674500d9563d43ae1b09b31b55
SOURCE docs/route-state-role-matrix.json sha256=f602689724c96cd48403856cb48c735515432c8d5134624aa4c3d1e71c21f72a
SOURCE evidence/frontend-ui-improvements/UI028/W30/native-zoom-followup-current-20261007.md sha256=5b62d41c046dc721578c077a6299b4aa9b29e26dca0cfbe08cd952cdd06bc91e
SOURCE botsales-kit/execution/frontend-evidence/FE002/S03-npm-install-output-current-20261007.log sha256=250f9d5cd24bd9e2176c71248f0338c6fac75d3b8031d84260ed4c984e141499
SOURCE evidence/frontend-ui-improvements/ui-governance-rollout-20261007/S19-demo-preview-metrics-chromium-s19-final-20261007-a.json sha256=5cb00297116ae3f10465e825e5aa1a4128213e32a5335a80783eab0f3644cdb2
SOURCE evidence/frontend-ui-improvements/ui-governance-rollout-20261007/S19-demo-preview-metrics-firefox-s19-final-20261007-a.json sha256=38bcc8e929a6b63e5e4cbd3beb006a987c4562390c07d56cea958ba1c04db52d
SOURCE evidence/frontend-ui-improvements/ui-governance-rollout-20261007/S19-full-e2e-post-fix-20261007.log sha256=9ccc9cee2c00ff7016431602b07fe000be1a502bffbf43f4ed817b4ff96ec25c
SOURCE botsales-kit/execution/frontend-evidence/FE027/uat-matrix-current-20261004.json sha256=3c36fe7fada793fe2303dd757a208ab1804f8150414938538f1c41c93769df10
SOURCE evidence/frontend-ui-document-sync-20261007/REPORT.md sha256=e95be4d5831e343b5bfe1aa76e79c05d1d126d75063e66709c88118e3ec80f77
