FE003.S03 actual Vitest/RTL/MSW/Playwright/axe runner baseline
Command: python botsales-kit/execution/frontend-evidence/FE003/capture-s03-runner-baseline.py
CWD: C:\Users\Joker-PC\Documents\Projects\Bot-AI-Ban-hang-FB\BotSalesAI_Frontend
Node/npm: v24.19.0 / 11.17.0
Controlled child PATH length: 97; no persistent PATH changed.
Runner baseline exits: Vitest/RTL baseline=0, domain/MSW baseline=0, Playwright axe-route targeted discovery=0, built-demo Playwright targeted discovery=0
Vitest output summary matches: ['Test Files  12 passed (12', 'Tests  136 passed (136', 'tests 40%, import 20%, environment 20%, transform 15%, setup 5']
Domain/MSW output tail: Command: npm.cmd --script-shell=cmd.exe run test:domain
CWD: C:\Users\Joker-PC\Documents\Projects\Bot-AI-Ban-hang-FB\BotSalesAI_Frontend
Exit: 0


> botsales-frontend@0.1.0 test:domain
> node scripts/test-domain.mjs

{"status":"PASS","simulatorChecks":75,"networkChecks":13,"networkHandlers":210,"passed":88,"operations":89,"node":"v24.19.0","typescript":"5.9.2"}

Playwright discovery summary: ['Listing tests:', 'Total: 2 tests in 1 file']; axe route test collected=True
Built-demo Playwright discovery summary: ['Listing tests:', 'Total: 6 tests in 1 file']
Initial whole-suite Playwright --list attempt: terminated after >2 minutes when its Node process grew to 3,576,004,608 bytes resident memory without producing captured output. Only the process created by this helper was stopped; prior browser E2E evidence was untouched.
Targeted discovery limits collection to the 54-route axe spec and built-demo regression spec; it is config loading, not browser test execution.
Previously captured same-revision full browser E2E: exit=0; matched log SHA; 504 passed.
No test was skipped or disabled by this audit. Discovery is not a browser-runtime pass; full runtime result remains separately scoped to the referenced run.
Current S19 source-fingerprint comparisons:
apps/web/vitest.config.ts: matches=False captured=None current=48ae3b2f1579380ce3ac309aea96201dec2f7cd4445551bea90ddfba73fcf32e
playwright.config.ts: matches=False captured=None current=4036de67df0e8b32b5478d16f50ed93896367979141deec70ef2743d5abe219e
playwright.built-demo.config.ts: matches=False captured=None current=1141ea054c988f9547f975bd0d41613d71e85ce5470b13aa76d0b7d66aa7f7e0
tests/accessibility/routes.spec.ts: matches=False captured=None current=9ec199807f025335a2ff6ea90f69cea6a737adfbf5311abedf7bbf4f9766577c
scripts/test-domain.mjs: matches=False captured=None current=6fad16d1450fa44011c63a022c023d3271cf33fa6a257f0437f6c7318d027a9a
