FE003.S04 documentation-only source freshness review
reviewedAt=2026-10-07T21:53:54.021Z
reviewCommand=node botsales-kit/execution/frontend-evidence/FE028/refresh-doc-only-receipts-current-20261008.mjs
cwd=C:\Users\Joker-PC\Documents\Projects\Bot-AI-Ban-hang-FB
reviewExitCode=0
originalEvidence=execution/frontend-evidence/FE003/S04-tracker-validation-evidence-audit-current-20261008.json
originalEvidenceSha256=4ce4bcc435fe513c844e6b29238606817b8a5607bcde298bf5237f6cfc99398f
originalExecutionAt=2026-10-07T18:22:45.472869+00:00
originalCommand=python botsales-kit/execution/frontend-evidence/FE003/capture-s04-progress-audit-current-20261008.py
originalLog=execution/frontend-evidence/FE003/S04-tracker-validation-evidence-audit-current-20261008.log
originalLogSha256=78d947946363105eb6ff75b375207c3b21f81b038e9a76a7fe6d8fd082ff51b8
changedDocumentationSources=docs/KNOWN_GAPS.md,docs/PROJECT_CONTEXT.md,evidence/REPORT.md
runtimeTestsRerun=false; original execution result and log are preserved. Only approved documentation/source hashes were refreshed.
scope=FRONTEND_WITH_SYNTHETIC_MOCK_API
sourceSnapshotSha256=980bd7b2d45aff2266cf6db5a9fdd0f09447f03d01b4b2817503564020921254
SOURCE botsales-kit/execution/frontend-plan.json sha256=f0e54ec3cf455a14d79cdadfb4aa6e4ec6091c7a7d832251c83c958a8d4e3e4e
SOURCE botsales-kit/execution/frontend-command-map.json sha256=48cf675d36b3c99d5fe6147a08531a1e1aecd1ee5e6136b62d787dd833d98744
SOURCE botsales-kit/scripts/progress.mjs sha256=e8ec5daefa29d9770cf18caf592043fe74f98dc2d5e000ee7f0c5f8267a6f228
SOURCE botsales-kit/scripts/test_progress.py sha256=e65dde923eb6fdc6818aed05e5dd4dfb759d5cf3dd3f425c6839d794a39b1b42
SOURCE botsales-kit/evidence/tracker-tests.json sha256=5eb37b3d0ccb6db9936ea60fa07a5651dd0073c55e13aec85025c8974dfeb45c
SOURCE botsales-kit/execution/plan.json sha256=c8891f11430bc476d8c8e86609b4b96987ea180d8d7018c768245c123e294d16
SOURCE botsales-kit/execution/progress.json sha256=23f3034ff445b069843cd6e5eda52f4cf471e2efa10d899a9bcfd7387efa31ed
SOURCE botsales-kit/execution/frontend-evidence/FE003/capture-s04-progress-audit-current-20261008.py sha256=40d3ec42eb7c9fffdd5193886edba9c17dd2a82d2eac356727ed1642093164b8
SOURCE botsales-kit/execution/frontend-evidence/FE003/S04-validate-current-20261008.log sha256=c9a7d3704d10e392d404fe567b285c77298633b0c3218aa56337aafabb01cf57
SOURCE botsales-kit/execution/frontend-evidence/FE003/S04-status-current-20261008.log sha256=1c5206064b44afbfb888c2dae65cc538cc5da60d0f61640e6e79bc20cce5f92d
SOURCE botsales-kit/execution/frontend-evidence/FE003/S04-next-current-20261008.log sha256=393739ff74fcc051d8dc2dbc213f0c7fae3c39f679b5493ce0f9663db9f6967c
SOURCE botsales-kit/execution/frontend-evidence/FE003/S04-fixture-tests-current-20261008.log sha256=7408038670948654c02c2af146f25782b22995fd840f0b7fac9a83d00d43ab72
SOURCE .node-version sha256=474505894c819df312c25285f3f15f9200f04b072dcb70cbea3ad42e9f5b6f35
SOURCE .npmrc sha256=cde76ca04e048c3eba070a2c0dfcf5b723cf6014eab177157096b924f24ec4ca
SOURCE AGENTS.md sha256=07bc3fc2998c25cf702b325e71e3eb970df019d5184c2bbd7cc11fb676089222
SOURCE AI_RULES.md sha256=1662406d9ac9e63646130516ad6811934b2bd7f0a6b7d240403749200777f9e3
SOURCE apps/web/package.json sha256=1f57a81cd2012b0f73f735ca0af9802454ccdc301610033181701bfd4e4d878a
SOURCE apps/web/src/mocks/browser.ts sha256=91138a6c675903e7aec92237387d6797169b6b4d7bbedca24c304d0d79942cd9
SOURCE apps/web/src/modules/bot/index.tsx sha256=cbca27471ea771f325b3577095a6ff30f66b29c711c0138b3678a8dc4c1d40af
SOURCE apps/web/src/modules/catalog/imports.tsx sha256=daccdc34d666987ed8e07f4ddeb6f83bfa8731d0d99e93c5e7fc12461ec669da
SOURCE apps/web/src/modules/catalog/index.tsx sha256=98e8ac7e9600837171d4e9a2d36a7d03978071c4dfc7d87fcc2617655c8c1639
SOURCE apps/web/src/modules/customers/index.tsx sha256=1f6d62a562b6ec124fb3029fdce8eeb9937d09323abb5a523aad496343a4531b
SOURCE apps/web/src/modules/dashboard/index.tsx sha256=a0c0e09070e25ed627c67846bb25e142e053bc9ec797825c7b7b6a2b804b6bef
SOURCE apps/web/src/modules/finance/index.tsx sha256=b232374ed17759d105022cc29d87205de9414b7d2b5327f0bf9135243248134c
SOURCE apps/web/src/modules/fulfillment/index.tsx sha256=e906c5574670111cd6198ea77484284cc3d3b503a3268c8fdb4bd26e15bf1fc4
SOURCE apps/web/src/modules/inbox/index.tsx sha256=f1c52d58f9e0fc85dcbcfd206841e4eaac3a58350bb2295fb04d7f2d1e0b3e6b
SOURCE apps/web/src/modules/integrations/index.tsx sha256=21c786a8280031a029af35e434f7f755b6c81acbab59ca3098d87028aab7aa65
SOURCE apps/web/src/modules/inventory/index.tsx sha256=7b5d0a356390cba43b8bf16c162dd499150bee37d353945d552504a1eee2bd1b
SOURCE apps/web/src/modules/knowledge/index.tsx sha256=7744ecf46521ccf8b7709229f5c59da53c201ae2d44b775f8b07b616a9e71b2b
SOURCE apps/web/src/modules/notifications/index.tsx sha256=f3c4f450a411703bf605153eee7a9bb3f555882b276b191cd15ce1df26b8dd7d
SOURCE apps/web/src/modules/operations/index.tsx sha256=608bdffd80bc3b3bc0bd2a6b49a3591b38262f797c195de09ee566a34db5518b
SOURCE apps/web/src/modules/orders/index.tsx sha256=d1cad2cb0dbbfa618dc6cd5c7096711354feaecb977807037b8c6a2748ed6da7
SOURCE apps/web/src/modules/procurement/index.tsx sha256=137c535a1c086c6e998281e3e9d4620adf9f3d6b41a0e775add49339b6f82bc1
SOURCE apps/web/src/modules/reports/index.tsx sha256=fd9f178af85314370f1eff5d38539b654e1d805ed42d13d3a0ff8b655bd37754
SOURCE apps/web/src/modules/workspace/index.tsx sha256=2ea39976473d8dfc2a0da5f0ea8b3e7912d098e4e427487fde5b59479091c269
SOURCE apps/web/src/shared/api/client.ts sha256=8e11a4b16a7f6e5213feaa54a7c0236177a18325f7fe9f696679d36b771cc2c4
SOURCE apps/web/tests/api-client.test.tsx sha256=57b186f6732c6eb50afe9f9c5c00e5b7f3becc078ef89ace7ff69f5f69fdc379
SOURCE apps/web/tests/setup.ts sha256=0bc83a22027f5438a4e4c3e86e9a2f07bd5194ccd4d0812f57d47f045effc9f5
SOURCE apps/web/vitest.config.ts sha256=48ae3b2f1579380ce3ac309aea96201dec2f7cd4445551bea90ddfba73fcf32e
SOURCE botsales-kit/AGENTS.md sha256=eebc9cc5f02e76190193a4be3aa9c3526490da9eecacfcbdffe5f8929d40a488
SOURCE botsales-kit/AI_RULES_PROJECT.md sha256=62f1f5ae65bfea17be16c8c2734826478d7f45e7bc35ae5f8dd169ea1e62de59
SOURCE botsales-kit/START_HERE.md sha256=06965f437a85262452d75039358be4b4bb3fe368cf7f732e76d8815786b44a0c
SOURCE botsales-kit/contracts/feature-catalog.json sha256=7c08400704112767224a27c7b1ffb3a81154f94045ae6b8ab0f9e9a68212b37d
SOURCE botsales-kit/contracts/openapi.json sha256=d88a70957a9de36402ff5ac0cb757a2f1c496519c7e1fd2e28df17e867f78c7c
SOURCE botsales-kit/contracts/route-manifest.json sha256=360871c008fac723cfc77dec79417838d24d4fae844452909eb347ec8893f2b2
SOURCE botsales-kit/docs/02_ARCHITECTURE.md sha256=8fd3805498d179f638ac0256af5ea61bfb9cd0a39db2108e3fcb670b44a49a04
SOURCE botsales-kit/docs/06_API_AND_REALTIME.md sha256=0ea1fddc67a9e1aa5de1865efa937a1d1e12a680236482a992ae1ec830997da5
SOURCE botsales-kit/docs/18_CODING_STANDARDS.md sha256=98e1f9e6b561264445ae2115289edffad35310d5161d58dc662eca7026547866
SOURCE botsales-kit/execution/FRONTEND_PLAN_GUIDE.md sha256=eeb2c1566acdd3ebb528aa181a53ad946bc725b779e8f9d88ea0af1667a24614
SOURCE botsales-kit/execution/frontend-evidence/FE001/S01-current-20261008.json sha256=1e20ca4533d64fb1fed40cb933237088b6bca724f678df2c85c7f50ad026615c
SOURCE botsales-kit/execution/frontend-evidence/FE001/S01-git-status-raw-current-20261008.txt sha256=27fc5a469b1a068224dbddb8c00b776dc76462760f170ab1bb53ca59da8ea10d
SOURCE botsales-kit/execution/frontend-evidence/FE001/S02-route-map-audit-current-20261008.json sha256=b444264a97e5e75ffed31cf1cca08a536f6039e6f1d1dacded676895c2e2095e
SOURCE botsales-kit/execution/frontend-evidence/FE001/S02-route-map-audit-current-20261008.log sha256=c328a189140c042c1b7319092f77045de6da99b8bed41bd195e29b6c8614c64f
SOURCE botsales-kit/execution/frontend-evidence/FE001/S03-current-reconciliation-20261008.json sha256=83db65a3bdd6382e19bfa97be07f5ab6e4f3d2bbb950cb89bae59190e84ebb7a
SOURCE botsales-kit/execution/frontend-evidence/FE001/S03-e2e-current-source-session-20261008.log sha256=2e621efe0dda03a7d1c3657cc81fac8a74163967e139645f316e592c60470cc7
SOURCE botsales-kit/execution/frontend-evidence/FE001/S03-full-verify-current-20261008.log sha256=50c47a8991f9fae4dd69474a4386dc5cdf020932a3286a114f936eebfbe885fc
SOURCE botsales-kit/execution/frontend-evidence/FE001/S03-full-verify-powershell-current-20261008.log sha256=6a495a18b618c1a01b7df5f2c1fb23bd4afc3d12d357cbab31b95cc999cd15f3
SOURCE botsales-kit/execution/frontend-evidence/FE001/S03-full-verify-retry-path-current-20261008.log sha256=1d8eae4a8066aa64c44017dc83a6f35132d933f002e434df84224565893eb9e3
SOURCE botsales-kit/execution/frontend-evidence/FE001/S04-first-target-change-budget-current-20261008.json sha256=3f8fc7b24bcadd0a10344dce0bc46f3b40c78f46f29f29e00863209e233de12d
SOURCE botsales-kit/execution/frontend-evidence/FE001/audit-ledger-isolation-current-20261008.py sha256=fac9cef1cc1e6bc3fb5294eb775534e5c924fb0662971699a6ddb381b742881e
SOURCE botsales-kit/execution/frontend-evidence/FE001/audit-route-map-current-20261008.py sha256=0dec9e2c789d8b7ec5f6e40d270fcb32db823c4ba12f12fc33ce8520cbe75da9
SOURCE botsales-kit/execution/frontend-evidence/FE001/capture-intake-baseline-current-20261008.mjs sha256=5cdd09707ff9e7d894a1da4b7e82f7c1423f127376b923680cca7481bec7797e
SOURCE botsales-kit/execution/frontend-evidence/FE001/capture-s04-change-budget-current-20261008.py sha256=1dbc76356c06aa5400852fcd6e5b6abdf1349e48a8c5671ce1d984ce91312b98
SOURCE botsales-kit/execution/frontend-evidence/FE001/reconcile-s03-current-runtime-docs-20261008.py sha256=0de224198e5fb6a4dabd176492c6ac5c31fb6e4eebf5d7ed01f42048f27930f6
SOURCE botsales-kit/execution/frontend-evidence/FE002/S03-npm-install-output-current-20261007.log sha256=250f9d5cd24bd9e2176c71248f0338c6fac75d3b8031d84260ed4c984e141499
SOURCE botsales-kit/execution/frontend-evidence/FE002/S03-npm-install-verified-current-20261007.json sha256=cb72741308964c662ed1ea0a0697671344ecc68fdeafeea4bc3ecf872003073b
SOURCE botsales-kit/execution/frontend-evidence/FE002/S04-setup-doctor-verified-current-20261007.json sha256=21c04ac6960fdb99f246ad54144cfb9bf863a51e7ca268fef3229a46322bdc33
SOURCE botsales-kit/execution/frontend-evidence/FE002/S05-clean-install-retry-verified-current-20261007.json sha256=3f121a47ebe43947b7034808f89c8930c8f38b53cc2bc1264938e7e40a6d18ff
SOURCE botsales-kit/execution/frontend-evidence/FE002/S05-npm-ci-retry-output-current-20261007.log sha256=3a4e99b993e3ced1a3fbc865edbecbb50744c7a81d38e15466c8a2a4d83434b3
SOURCE botsales-kit/execution/frontend-evidence/FE002/S05-path-resolution-diagnosis-current-20261007.log sha256=b32e608beed92ea7e7c787395c1a13d9451b56ee89737f075393ddcb6d752cd6
SOURCE botsales-kit/execution/frontend-evidence/FE002/run-clean-install-retry.py sha256=fca4a48f022f880af2bf2be208fc27cebbda716b4053b63105410fd843531e3e
SOURCE botsales-kit/execution/frontend-evidence/FE003/S02-fe-task-gate-matrix-current-20261007.json sha256=843c372d8d9ecfbe22110e4210a2912ec7521a567c1445323ae11271bb56034d
SOURCE botsales-kit/execution/frontend-evidence/FE003/S03-built-demo-targeted-discovery-final-current-20261007.log sha256=55da848cf72f6234f12eae8fa693af2969c5da7682b9d1a018abe002509e8af0
SOURCE botsales-kit/execution/frontend-evidence/FE003/S03-domain-msw-baseline-final-current-20261007.log sha256=7260e9ef02481c757731749fa858b0758c63b17d01fa64f2347238699c47db3b
SOURCE botsales-kit/execution/frontend-evidence/FE003/S03-playwright-full-discovery-resource-stop-current-20261007.log sha256=85cc26d0ef2640d57b94c7bdcd4d3249951791c88ee99b91edd11432929eb243
SOURCE botsales-kit/execution/frontend-evidence/FE003/S03-playwright-targeted-discovery-final-current-20261007.log sha256=0421d26988194d58c51ce66b8bd19eb1acdf35994348aa3cf7c1b0025116c383
SOURCE botsales-kit/execution/frontend-evidence/FE003/S03-vitest-rtl-baseline-final-current-20261007.log sha256=680b0d3ae9eace6e3d292ace1e014cfcae07a1bbe98d5f6f15b0f9ad8de4a1d0
SOURCE botsales-kit/execution/frontend-evidence/FE003/capture-s01-command-map.py sha256=ceb23c61a7c0066f2980beead1d37a60776be0f60c2c50ec65eb8b6765a77a6f
SOURCE botsales-kit/execution/frontend-evidence/FE003/capture-s02-gate-matrix.py sha256=9dbc421341302dfd94261511a7c0e7931c383a0edbee893af64337868cc85608
SOURCE botsales-kit/execution/frontend-evidence/FE003/capture-s03-runner-baseline.py sha256=6c5f875176b7d199e92a23cd2a00daedc3bcecc6439805326f8cf67e321f7550
SOURCE botsales-kit/execution/frontend-evidence/FE005/S03-api-client-current-20261007.log sha256=dc5c7aab574fce53e0984511ec29ae49cef78b39a5179cf8a0a487d3c72c1cdc
SOURCE botsales-kit/execution/frontend-evidence/FE005/S03-api-client-current-20261007.receipt.json sha256=9a086458ad39943942fdd44fb815cb8b0b6606a63f08b8189e5f7a5af905cd16
SOURCE botsales-kit/execution/frontend-evidence/FE005/S03-types-current-20261007.log sha256=9e04ec511f174b9d4160e2a73b9e7deaa50a87d0045932132de4484abfe4278b
SOURCE botsales-kit/execution/frontend-evidence/FE005/S03-unit-current-20261007.log sha256=629d4b47ee11e0dfa19f4467ca2d3032f1cf90714bef4c682cc96e7dc7bc6179
SOURCE botsales-kit/execution/frontend-evidence/FE009/S02-current-20261007.json sha256=8d3803a8da59b17179e0e023240283f8356d380161dd5a5e93f01b781a1aa762
SOURCE botsales-kit/execution/frontend-evidence/FE009/S02-e2e-current-20261007.log sha256=bcf5d2baa09ffa365ab4ad8b2a82b76941f3b15613955349dd006d223c619513
SOURCE botsales-kit/execution/frontend-evidence/FE022/S01-current-20261008.json sha256=b265fb5efad4ec27065ed2f4833002d289419162dfcbda12482da92eb56e0ddc
SOURCE botsales-kit/execution/frontend-evidence/FE022/S01-route-matrix-current-20261008.log sha256=76b68f576228a55d096886c1b11e81e79670f402295c041be2d5889db4cf6ef4
SOURCE botsales-kit/execution/frontend-evidence/FE022/S04-current-20261008.json sha256=e3434b52d6415da1ac0afab89e02bf49f6d5f304bd8bd6ec4e62e0c55062de98
SOURCE botsales-kit/execution/frontend-evidence/FE022/S04-focused-vertical-slices-current-20261008.log sha256=95f4ff6d118d550417267d71cc87bc438de74da83f9be1129ce67539928aa620
SOURCE botsales-kit/execution/frontend-evidence/FE022/S04-focused-vertical-slices-powershell-failed-current-20261007.log sha256=8cb3549cda59d0a59fde924091e9158985ffb85ad6c3a6f1e413f5ac8ce23e9c
SOURCE botsales-kit/execution/frontend-evidence/FE027/uat-matrix-current-20261004.json sha256=3c36fe7fada793fe2303dd757a208ab1804f8150414938538f1c41c93769df10
SOURCE docs/FRONTEND_SCOPE.md sha256=959a06ef9efb2c1ca4fceea921842f43c93fdf4f8d3ba3b67eb38dc61ccd5fab
SOURCE docs/KNOWN_GAPS.md sha256=497d5239577de2b1daaf3a1a1aec1eaea678955289fa6a7562fa06890f4e9ddc
SOURCE docs/PROJECT_CONTEXT.md sha256=a39c707a80df486f7f4ad7c69c03847ac0b650331e54b13853431a9ac4f6b71e
SOURCE docs/route-implementation.json sha256=737d18c5f221dfcb728027b30d58809e4bce1e951e0a7c34c401547a111d14f5
SOURCE docs/route-state-role-matrix.json sha256=f602689724c96cd48403856cb48c735515432c8d5134624aa4c3d1e71c21f72a
SOURCE evidence/REPORT.md sha256=b2dbe1f17118dbe7f6cdeb237ace38e928198685035830127f4d4a3979be2cd0
SOURCE evidence/frontend-ui-document-sync-20261007/REPORT.md sha256=e95be4d5831e343b5bfe1aa76e79c05d1d126d75063e66709c88118e3ec80f77
SOURCE evidence/frontend-ui-document-sync-20261007/built-demo-record.json sha256=c4380a93df26f5c5a908b996a98caba37f4b6a71a338b3b8ab157d0f52274afc
SOURCE evidence/frontend-ui-document-sync-20261007/contracts-record.json sha256=ce0fa6e932dc158e3f3bb7ab900fcddffb446c12955b5605ada9a7ca9fc8548e
SOURCE evidence/frontend-ui-document-sync-20261007/contracts.log sha256=7035ee7401c6d639d9ea446115cddf14cbc0ba9ebbaa747585d16a2286641fa2
SOURCE evidence/frontend-ui-document-sync-20261007/e2e-record.json sha256=20e982ab894dc4a9494d01218ab230776c84295f9cf6a1289007ba271c9bb9d5
SOURCE evidence/frontend-ui-document-sync-20261007/e2e.log sha256=f0aed15b41fd27767829f897603f2d435f1e37674500d9563d43ae1b09b31b55
SOURCE evidence/frontend-ui-document-sync-20261007/verify-record.json sha256=e3d583317deb9ab3fead2f46105aaaf502d3d2d3478bd9481624077ba948f82b
SOURCE evidence/frontend-ui-document-sync-20261007/verify.log sha256=5917f7a430275e426297307fbc8e10f90961dd9e99405bdf2ca90e707fcfe123
SOURCE evidence/frontend-ui-improvements/UI028/W28/route-geometry-chromium-1440-current-20261008-002058-43460.json sha256=13b276a09e4f6d681cd379db623c5801f56cf4c8b2658513073dacc896b5fdda
SOURCE evidence/frontend-ui-improvements/UI028/W28/route-geometry-chromium-390-current-20261008-002058-43460.json sha256=979b2ae2d9ddf2f4996479508df45be3e53f536edf8e4920fb9f686ce6076442
SOURCE evidence/frontend-ui-improvements/UI028/W28/route-geometry-firefox-1440-current-20261008-004332-63192.json sha256=6193df521e4afde6b2e3884d16dce6c254f621b4058a5ddf9e8fd6678cdad012
SOURCE evidence/frontend-ui-improvements/UI028/W28/route-geometry-firefox-390-current-20261008-004332-63192.json sha256=ec9b4067203a111e77ec6e9097b3221d51052da8a38905436f14d3b092326732
SOURCE evidence/frontend-ui-improvements/UI028/W29/responsive-profile-chromium-1024-current-20261008-002058-43460.json sha256=d12e39c981b6fe3c62d6a7abb682056665256afb0679797b4a093cb2950c8675
SOURCE evidence/frontend-ui-improvements/UI028/W29/responsive-profile-chromium-1279-current-20261008-002058-43460.json sha256=2da2b3010fc7e30140c846b94ae3e0c619c5b728707e233efc9aa444f5e3b201
SOURCE evidence/frontend-ui-improvements/UI028/W29/responsive-profile-chromium-1280-current-20261008-002058-43460.json sha256=82567b0fddad1ae87a2729ed74ae83300935d7f7f28a5101c64f090783e2415e
SOURCE evidence/frontend-ui-improvements/UI028/W29/responsive-profile-chromium-1440-current-20261008-002058-43460.json sha256=05c83bf5f3cf3fdbb8a43f773c037c4d1fb3499fd2288e72969a54b623e7db74
SOURCE evidence/frontend-ui-improvements/UI028/W29/responsive-profile-chromium-1920-current-20261008-002058-43460.json sha256=8e309d4b770db76c4aaafe920e91776f08a11ac85f4419d1fe3ad57776278dac
SOURCE evidence/frontend-ui-improvements/UI028/W29/responsive-profile-chromium-320-current-20261008-002058-43460.json sha256=378a1d206b9d01ea95dd33a01a350b5a80537c1090b6f94c8e7178f8cad0f8c2
SOURCE evidence/frontend-ui-improvements/UI028/W29/responsive-profile-chromium-390-current-20261008-002058-43460.json sha256=784ca90a587bb7e289549ebb91759fea9f545a9583e64cf1f37c3a1fbb36f8a8
SOURCE evidence/frontend-ui-improvements/UI028/W29/responsive-profile-chromium-767-current-20261008-002058-43460.json sha256=cc1d39b151606d00b7c507691502a14e5d87905687a767108987753057c04824
SOURCE evidence/frontend-ui-improvements/UI028/W29/responsive-profile-chromium-768-current-20261008-002058-43460.json sha256=09a0ed17734f5384da0cd0e9c586bf4519b80ea0e175103de2f9bc660cf402b7
SOURCE evidence/frontend-ui-improvements/UI028/W29/responsive-profile-firefox-1024-current-20261008-004332-63192.json sha256=e3347021a52a04109169fa3d35f97a7f3f5279d694b31090ca77fbb28b23fa59
SOURCE evidence/frontend-ui-improvements/UI028/W29/responsive-profile-firefox-1279-current-20261008-004332-63192.json sha256=9725e59cc6977d3ad4e7855b5ae6fb0f7af6def428afa52adc2a2800f79d95af
SOURCE evidence/frontend-ui-improvements/UI028/W29/responsive-profile-firefox-1280-current-20261008-004332-63192.json sha256=0f65da29c5b20169b85cc6c32885fba60de142a659ec1b1c182e94c8ed082bff
SOURCE evidence/frontend-ui-improvements/UI028/W29/responsive-profile-firefox-1440-current-20261008-004332-63192.json sha256=0068cfabcca293c9a7f43f019d864184a88146aa9f7fc0b40c14bc5ea2ce43a2
SOURCE evidence/frontend-ui-improvements/UI028/W29/responsive-profile-firefox-1920-current-20261008-004332-63192.json sha256=dff9dc0c5a6d3160787d1b0fde0a69cede5059057c336adc5eeae9e735239bf4
SOURCE evidence/frontend-ui-improvements/UI028/W29/responsive-profile-firefox-320-current-20261008-004332-63192.json sha256=acefcecef84221a79d412f5e70c421bbe757478ffde6b4c46861d51658569c26
SOURCE evidence/frontend-ui-improvements/UI028/W29/responsive-profile-firefox-390-current-20261008-004332-63192.json sha256=235b009624e4cf88991333c4b8c5e6de97767b9af3adc2fdc1a2b3d4f7509de7
SOURCE evidence/frontend-ui-improvements/UI028/W29/responsive-profile-firefox-767-current-20261008-004332-63192.json sha256=094b752bfb183210a7d46b63300ca0c23abd25fc7f5eb54696f9b7dbc8b2b988
SOURCE evidence/frontend-ui-improvements/UI028/W29/responsive-profile-firefox-768-current-20261008-004332-63192.json sha256=20d2df3b91a9fe10b4b6c21bd80e06ffc60e1c11f275997410252677a8a55a1c
SOURCE evidence/frontend-ui-improvements/UI028/W30/native-zoom-followup-current-20261007.md sha256=5b62d41c046dc721578c077a6299b4aa9b29e26dca0cfbe08cd952cdd06bc91e
SOURCE evidence/frontend-ui-improvements/UI028/W30/stress-chromium-dialog-long-reason-current-20261008-002058-43460.json sha256=bcb9f823dfff1eff181692e4280714178e9ba79cbaa3273243e483c9a717399c
SOURCE evidence/frontend-ui-improvements/UI028/W30/stress-chromium-form-error-short-current-20261008-002058-43460.json sha256=1da91a33884b13583bdf833bbfea57cd894809ba5d70cea0be86d0af6bb89615
SOURCE evidence/frontend-ui-improvements/UI028/W30/stress-chromium-inbox-long-composer-current-20261008-002058-43460.json sha256=7cf1f33833ab0cef357742099da2dc57fecd86c03d6af76cb079eb36d5cbb5aa
SOURCE evidence/frontend-ui-improvements/UI028/W30/stress-chromium-mobile-menu-long-label-current-20261008-002058-43460.json sha256=fa2085639da2d994fadae8bf587108fe80fd11b8d5424b6293e38663299a5723
SOURCE evidence/frontend-ui-improvements/UI028/W30/stress-chromium-report-long-id-current-20261008-002058-43460.json sha256=6f5c798aa23a4c62c3c49c3bc254d4f8605ff97426d6bdde64f0b063a1c4c2d5
SOURCE evidence/frontend-ui-improvements/UI028/W30/stress-firefox-dialog-long-reason-current-20261008-004332-63192.json sha256=6193ee87e16461d6d2d4ae36c3a89d08ecd5bb6cb2c62b41d1daa2cd7eebe98a
SOURCE evidence/frontend-ui-improvements/UI028/W30/stress-firefox-form-error-short-current-20261008-004332-63192.json sha256=f34aa839ca7233b8c98be0ac6fafc3225e27b582af2bf9b5f9a6c106b992fb4d
SOURCE evidence/frontend-ui-improvements/UI028/W30/stress-firefox-inbox-long-composer-current-20261008-004332-63192.json sha256=53d39291c6709bd833df82758e5deaa06d5b51d5c21c7dd8c3a217aa183034eb
SOURCE evidence/frontend-ui-improvements/UI028/W30/stress-firefox-mobile-menu-long-label-current-20261008-004332-63192.json sha256=ac8430ec1344ae710b57008c623aa9d1a9a86b75ddd2f49793d05db9cdbc49c9
SOURCE evidence/frontend-ui-improvements/UI028/W30/stress-firefox-report-long-id-current-20261008-004332-63192.json sha256=96a6e288210a10ff3b547e803f98dc7ff4ac8c5ddc27a7b48fb64f18a588ea2f
SOURCE evidence/frontend-ui-improvements/ui-governance-rollout-20261007/S19-current-evidence.json sha256=3a086e9556677bc5bf75a52d54594c2aa76c71d5778fcf301e9256f7a4db6b03
SOURCE evidence/frontend-ui-improvements/ui-governance-rollout-20261007/S19-demo-preview-metrics-chromium-s19-final-20261007-a.json sha256=5cb00297116ae3f10465e825e5aa1a4128213e32a5335a80783eab0f3644cdb2
SOURCE evidence/frontend-ui-improvements/ui-governance-rollout-20261007/S19-demo-preview-metrics-firefox-s19-final-20261007-a.json sha256=38bcc8e929a6b63e5e4cbd3beb006a987c4562390c07d56cea958ba1c04db52d
SOURCE evidence/frontend-ui-improvements/ui-governance-rollout-20261007/S19-full-e2e-post-fix-20261007.log sha256=9ccc9cee2c00ff7016431602b07fe000be1a502bffbf43f4ed817b4ff96ec25c
SOURCE evidence/frontend-ui-improvements/ui-governance-rollout-20261007/S19-verify-final-reconciled-current-20261007.log sha256=e3f64af92318e05053b73d802b51f14f49b94eae793004124dcfe97320653a81
SOURCE package-lock.json sha256=a3c0bb3a4906f92a5f23d4e8a0b862769b71de9e7efc9a48601ae44282bc963a
SOURCE package.json sha256=3a7da11e60a8baf002ac749c49c24c134640ce8d412402caa86a16c1beb34138
SOURCE playwright.built-demo.config.ts sha256=1141ea054c988f9547f975bd0d41613d71e85ce5470b13aa76d0b7d66aa7f7e0
SOURCE playwright.config.ts sha256=4036de67df0e8b32b5478d16f50ed93896367979141deec70ef2743d5abe219e
SOURCE scripts/run-e2e.mjs sha256=b8c35919ce16fc05701ff9de544ba1e737bfa249c1a9e844fdb30e7231a09891
SOURCE scripts/test-domain.mjs sha256=6fad16d1450fa44011c63a022c023d3271cf33fa6a257f0437f6c7318d027a9a
SOURCE tests/accessibility/routes.spec.ts sha256=9ec199807f025335a2ff6ea90f69cea6a737adfbf5311abedf7bbf4f9766577c
SOURCE tests/fe009.spec.ts sha256=6f374bbf2ff9d91e8f286e14a13681dc17192ea4f1ebe5ea8b56e3cf11f2b0a3
SOURCE tests/fe011.spec.ts sha256=62c14c8ed89669e6b35ebc49b96444171950093c80f8a1d6f90a8d674a3304d5
SOURCE tests/fe012.spec.ts sha256=14c2d4f065fdf2c2aa8f80debcb45153c041b33ae25f0984f0cdd6cda2a53fd8
SOURCE tests/fe013.spec.ts sha256=e593732f05074b8276714ffdf5c48e72983383e31e9c3fbc2097549da36fc95c
SOURCE tests/fe014.spec.ts sha256=85c85a46f160212f7b0a56c334b1f0176b779c2e2b4819d65a9a9c894b03f57e
SOURCE tests/fe015.spec.ts sha256=af4bc133dd079fb115fc6e365f1e482b18d3f65751e9451e85d3309b9dbed665
SOURCE tests/fe016.spec.ts sha256=0f63c1c83dc4f50bea9256a4c493f966ae4e25f8d60cc0cf3349c4c88eda9573
SOURCE tests/fe017.spec.ts sha256=584332c7c8ebb99b714f8346c36cad8fa6c9927552ff23b0d9488d968491cd6f
SOURCE tests/fe018.spec.ts sha256=215394c04d3c1e0a9344282645960b51646d04e708c4df55c3736045542e40fc
SOURCE tests/fe019.spec.ts sha256=3165aa76a09669914518aba9462af3afdab524924f3764dbaf15acc29f193b3c
SOURCE tests/fe020.spec.ts sha256=8ab1a7f289aae644ad84783eccb196d3f3f22453d8fd69dd6d4caf874105591c
SOURCE tests/fe021.spec.ts sha256=1744ec561e277dc8c6ebc69c5420dfe560658a20432e44ad0453f3f0c3426880
SOURCE tests/frontend.spec.ts sha256=f2ca4b49adf9e97fe9d03d39cafb913fb2b9a21faedeed335c32ef24a60e76d5
SOURCE tests/vertical-slices/fe022-flows.spec.ts sha256=ec361c50c29453b188f86723b1a58ecb02430209a7fca4f4eff6c468d9f103ef
SOURCE tests/vertical-slices/generate-route-implementation.mjs sha256=4b569fd1c0b4e3c533a3e9df1e8858ed3ea30d2716cee3c73426f733dcb24e0b
