FE003.S05 current Windows handoff and runner audit
cwd=C:\Users\Joker-PC\Documents\Projects\Bot-AI-Ban-hang-FB\BotSalesAI_Frontend
HEAD=18be3c6c75ed66ced592b2d58f36ffbdbd8ae221
node=v24.19.0
npm=11.17.0
dataSource=synthetic-msw
CI=NOT_RUN

[1] PASS frontend ledger selects FE003.S05
exit=0; next=FE003.S05; blocked=[]

[2] PASS unit runner outcome and diagnostic preserved
unit tail=      Tests  66 passed (66) |    Start at  20:03:56 |    Duration  5.13s (tests 54%, environment 22%, import 13%, setup 6%, transform 5%); prior shim failure retained=true

[3] PASS Playwright current browser result matches recorded inventory
E2E tail= |   123 passed (4.3m); list contains 123=true

[4] PASS handoff records environment, rerun commands, paths and limitations
Handoff includes revision, Windows/Node/npm/Chromium environment, exact logs and commands, and explicit unrun CI/UAT/live-service limits.

[5] PASS continuation guide and report identify current run as local mock evidence
Both current docs point to 123/123 E2E and 66/66 unit logs; older dated addenda remain historical.

[6] PASS no CI, real backend or production readiness is claimed
Local synthetic results are distinguished from CI, backend/provider, staging, UAT and full readiness.

[7] PASS all current source and evidence paths exist
12 files exist

[8] PASS revision recorded
HEAD=18be3c6c75ed66ced592b2d58f36ffbdbd8ae221; exit=0

[9] PASS diff whitespace check
exit=0; rations.json', LF will be replaced by CRLF the next time Git touches it
warning: in the working copy of 'BotSalesAI_Frontend/scripts/check-boundaries.mjs', LF will be replaced by CRLF the next time Git touches it
warning: in the working copy of 'BotSalesAI_Frontend/scripts/generate.mjs', LF will be replaced by CRLF the next time Git touches it
warning: in the working copy of 'BotSalesAI_Frontend/scripts/test-domain.mjs', LF will be replaced by CRLF the next time Git touches it
warning: in the working copy of 'BotSalesAI_Frontend/scripts/validate-mock-schemas.py', LF will be replaced by CRLF the next time Git touches it
warning: in the working copy of 'BotSalesAI_Frontend/tests/domain-scenarios.cjs', LF will be replaced by CRLF the next time Git touches it
warning: in the working copy of 'BotSalesAI_Frontend/tests/frontend.spec.ts', LF will be replaced by CRLF the next time Git touches it

result=PASS
