FE003.S05 evidence freshness review after SPC-060
reviewedAt=2026-10-06T08:41:48.095Z
reviewCommand=C:\Program Files\nodejs\node.exe botsales-kit/execution/frontend-evidence/FE028/revalidate-prior-ledger-after-spc060-docs-20261006.mjs
cwd=C:\Users\Joker-PC\Documents\Projects\Bot-AI-Ban-hang-FB\BotSalesAI_Frontend
reviewExitCode=0
originalExecutionAt=2026-10-06T06:00:04.718Z
originalCommand=node botsales-kit/execution/frontend-evidence/FE003/capture-s05-after-spc059-20261006.mjs
originalLog=execution/frontend-evidence/FE003/S05-after-spc059-20261006.log
originalLogSha256=c67617bb850fa076a97f7eb60fd3237e6c47f42542fe1b2442c80c69348abef8
expected=Windows handoff and active scope/progress docs match the current frontend tracker; local checks and unrun CI/live-service/owner limits remain distinct; next sequence is explicit.
observed=The canonical frontend ledger validates at 28 tasks/140 checkpoints and selects FE003.S05 after 14 verified checkpoints; active blocked is empty. The dated handoff snapshot records current unit/browser-discovery evidence and enforced UI spacing rules. Mock-only execution, local-versus-hosted evidence, and final owner acceptance stay distinct. FE004.S01 is next after this checkpoint. Tracker reads left frontend-progress.json byte-identical.
revalidation=Only shared policy/documentation files changed; the prior frontend source, contract, fixture, and test result inputs for this checkpoint retain their recorded hashes.
testRerun=false; original test execution time and log are retained; no new runtime test execution is claimed.
refreshedPolicySources=docs/FRONTEND_SCOPE.md,docs/PROJECT_CONTEXT.md,docs/CONTINUE_FRONTEND.md,docs/FRONTEND_UI_IMPROVEMENT_PLAN.md,docs/FRONTEND_SPACING_STANDARD.md,evidence/REPORT.md
scope=FRONTEND_WITH_SYNTHETIC_MOCK_API
sourceSnapshotSha256=0d185ec9b2a158111431f30c42c01c21e0ef031c826f4b74252c1893a09b84bb
SOURCE botsales-kit/scripts/progress.mjs sha256=3e64ec85fe4f2266947a02fe05ec2c83b2b41afbecdb750dbeb16447a71c7418
SOURCE botsales-kit/execution/frontend-plan.json sha256=4a3adb88f87019284f383dd22cfa8d93676086f201050377e31808eb94c5e94f
SOURCE botsales-kit/execution/frontend-command-map.json sha256=48cf675d36b3c99d5fe6147a08531a1e1aecd1ee5e6136b62d787dd833d98744
SOURCE package.json sha256=729b9a0cff11da4e1272b06ae972b721def85c8ce2759219a6ff4677f54033c9
SOURCE apps/web/package.json sha256=1f57a81cd2012b0f73f735ca0af9802454ccdc301610033181701bfd4e4d878a
SOURCE apps/web/vitest.config.ts sha256=48ae3b2f1579380ce3ac309aea96201dec2f7cd4445551bea90ddfba73fcf32e
SOURCE playwright.config.ts sha256=f15aeff9880ded3e8ebbe7e7fff5c23e9146a683453e7e107a79d8a0bffa0cac
SOURCE botsales-kit/execution/frontend-evidence/FE003/S01-post-fe002-current-20261006.json sha256=7fa726c82cd4c07d3522e679d4b4f4364ea65ccab07efec7f944c3bcb528cb3b
SOURCE botsales-kit/execution/frontend-evidence/FE003/S02-after-spc059-20261006.json sha256=bf3b72e37d09c531b9ec0756874f34b1fb3456fb9dc5a96305984047fa36f256
SOURCE botsales-kit/execution/frontend-evidence/FE003/S03-after-spc059-20261006.json sha256=04a93bdc9f69c6b67ef4d6dee896f719e11234af5a3e412cfada8ed662218803
SOURCE botsales-kit/execution/frontend-evidence/FE003/S04-after-spc059-20261006.json sha256=1c3e4884d16df126eec0ba69bd1d7dd53c3c27c0e56d34dba115d2a49a90a714
SOURCE evidence/frontend-ui-improvements/UI028/W35/fe-evidence-dependency-audit-post-spc056-current-20261006.json sha256=9d9a76014bc59ff81f0edee21fe3590a8ac7e064fe010b9fe33ad55b137a03cf
SOURCE docs/FRONTEND_SCOPE.md sha256=2d0ebf8290bc993f3dc0e6cbaa259d95c0d0c15d8976f5246666cfdf4389af13
SOURCE docs/PROJECT_CONTEXT.md sha256=a473bd7741c4ae4c740677854acdc6b8fcad5b041d1b908329a48211dd0e94bb
SOURCE docs/CONTINUE_FRONTEND.md sha256=0b9c0196d7cfccc9097a5aec53ec8a7a2ed50ff546ba0f260e4e8b34f643bcbe
SOURCE docs/KNOWN_GAPS.md sha256=63c353f7a2bdc7e4c28113490c6cd5be4948f123f49fa4ca9b5aeb62a0b0ffc8
SOURCE docs/FRONTEND_UI_IMPROVEMENT_PLAN.md sha256=600bdbcb78f0e4cef07e151e46a936f335342d1ac38b0959b99f0d70d1380d9f
SOURCE docs/FRONTEND_PLAN_DOCUMENT_AUDIT_2026-10-04.md sha256=03c12669971f0cf468ed179792c4e3098087b107b56fdf5d02742042299a724d
SOURCE docs/FRONTEND_SPACING_STANDARD.md sha256=7840e2c2b8bd6249867ef20acd44b53600feb588147ab0779dd1097fc7f6b7c9
SOURCE evidence/REPORT.md sha256=c981899f66ae3a45d8e74dacddf72759b899e2d5e21096ff54c12454dcf7303d
SOURCE botsales-kit/execution/SESSION_HANDOFF.md sha256=91533dcd787b717ae3bf4c8fb72d3f96bd1e84029cdeb6cb707623a4595f08bf
SOURCE botsales-kit/execution/frontend-evidence/FE003/handoff.md sha256=526a96350b3b7723a50c0c340389264a23b150bad2352c545f7b2bf0bfe82ec1
SOURCE botsales-kit/execution/frontend-evidence/FE003/capture-s05-after-spc059-20261006.mjs sha256=6d4202819acba27908fa77309fe59069fe01e05e18b996d2998ec600941b132d
