{
  "status": "PASS",
  "scope": "FRONTEND_WITH_SYNTHETIC_MOCK_API",
  "browser": "Google Chrome",
  "browserVersion": "154.0.8037.92",
  "userAgent": "Mozilla/5.0 (Windows NT 10.0; Win64; x64) AppleWebKit/537.36 (KHTML, like Gecko) HeadlessChrome/154.0.0.0 Safari/537.36",
  "userAgentBrands": [
    {
      "brand": "Chromium",
      "version": "154"
    },
    {
      "brand": "Google Chrome",
      "version": "154"
    },
    {
      "brand": "Not A(Brand",
      "version": "99"
    }
  ],
  "route": "/s/shop-demo/orders/DH-1001",
  "deepLinkAndRefresh": "PASS",
  "editDialogRetainsDraftWithoutSave": "PASS",
  "apiWrites": 0,
  "pageErrors": 0
}
