
> botsales-frontend@0.1.0 test:e2e
> node scripts/run-e2e.mjs tests/ui-fulfillment-layout.spec.ts tests/fe013.spec.ts tests/ui011-date-time.spec.ts


> npm run setup

> botsales-frontend@0.1.0 setup
> node scripts/setup.mjs

{"status":"PASS","outputs":11,"schemas":283,"operations":210,"routes":54}
Copying the worker script at "C:\Users\Joker-PC\Documents\Projects\Bot-AI-Ban-hang-FB\BotSalesAI_Frontend\apps\web\public"...

Worker script successfully copied!
  - public

Continue by describing the network in your application:


https://mswjs.io/docs/quick-start

Thiết lập xong. npm run dev chạy frontend mô phỏng; không kết nối khách hàng hoặc provider thật.

> npm run build

> botsales-frontend@0.1.0 build
> npm run generate:check && npm run typecheck && npm run build --workspace @botsales/web


> botsales-frontend@0.1.0 generate:check
> node scripts/generate.mjs --check

{"status":"PASS","outputs":11,"schemas":283,"operations":210,"routes":54}

> botsales-frontend@0.1.0 typecheck
> tsc -p apps/web/tsconfig.json --noEmit


> @botsales/web@0.1.0 build
> vite build --mode production

vite v7.3.6 building client environment for production...
transforming...
✓ 2056 modules transformed.
rendering chunks...
computing gzip size...
dist/index.html                              1.19 kB │ gzip:   0.59 kB
dist/assets/index-CNveuCZ2.css               2.48 kB │ gzip:   0.99 kB
dist/assets/download-8lJFmiSZ.js             0.23 kB │ gzip:   0.17 kB
dist/assets/filters-BJmJubfC.js              0.31 kB │ gzip:   0.23 kB
dist/assets/hooks-D2swdgCa.js                3.19 kB │ gzip:   1.62 kB
dist/assets/index-CmEolYfn.js                7.79 kB │ gzip:   3.13 kB
dist/assets/index-Ct1c9zGD.js                8.68 kB │ gzip:   3.64 kB
dist/assets/index-DF5Ltsn-.js                9.03 kB │ gzip:   3.49 kB
dist/assets/index-CQHPw2pm.js               13.12 kB │ gzip:   5.41 kB
dist/assets/index-U4z5mTL3.js               13.33 kB │ gzip:   4.41 kB
dist/assets/index-DLKOcFOx.js               13.43 kB │ gzip:   5.05 kB
dist/assets/index-D4SRrW12.js               13.88 kB │ gzip:   5.36 kB
dist/assets/index-CBDa58-3.js               16.05 kB │ gzip:   5.35 kB
dist/assets/index-L2KhalNA.js               16.08 kB │ gzip:   5.42 kB
dist/assets/index-D1-RKYWO.js               17.21 kB │ gzip:   6.09 kB
dist/assets/index-BwZMtET_.js               18.07 kB │ gzip:   6.03 kB
dist/assets/index-Ds_UW4EX.js               21.85 kB │ gzip:   7.37 kB
dist/assets/index-KgF9xVf_.js               22.39 kB │ gzip:   8.07 kB
dist/assets/index-B1D5MfT3.js               25.94 kB │ gzip:   8.42 kB
dist/assets/index-Cy9RIW-F.js               31.03 kB │ gzip:   9.68 kB
dist/assets/query-5vm9EU1C.js               33.15 kB │ gzip:   9.92 kB
dist/assets/index-DYn13mT7.js               37.31 kB │ gzip:  10.03 kB
dist/assets/i18n-xB0mQYCC.js                46.14 kB │ gzip:  15.12 kB
dist/assets/index-sNm5hnxe.js               75.30 kB │ gzip:  25.03 kB
dist/assets/schemas-jpQ0XMzw.js             79.18 kB │ gzip:  24.03 kB
dist/assets/schema-validation-Bhr7oAQE.js  149.80 kB │ gzip:  45.12 kB
dist/assets/contract-data-Dmdv2cKW.js      262.00 kB │ gzip:  35.24 kB
dist/assets/react-runtime-D0NtfbPC.js      279.78 kB │ gzip:  90.28 kB
dist/assets/charts-CQ4oecFO.js             313.03 kB │ gzip:  94.99 kB
dist/assets/mui-Bz_aCSm2.js                328.33 kB │ gzip: 100.02 kB
✓ built in 2.75s

> npm run build:demo

> botsales-frontend@0.1.0 build:demo
> npm run generate:check && npm run typecheck && npm run build:demo --workspace @botsales/web


> botsales-frontend@0.1.0 generate:check
> node scripts/generate.mjs --check

{"status":"PASS","outputs":11,"schemas":283,"operations":210,"routes":54}

> botsales-frontend@0.1.0 typecheck
> tsc -p apps/web/tsconfig.json --noEmit


> @botsales/web@0.1.0 build:demo
> vite build --mode demo --outDir dist-demo

vite v7.3.6 building client environment for demo...
transforming...
✓ 2272 modules transformed.
rendering chunks...
computing gzip size...
dist-demo/index.html                              1.19 kB │ gzip:   0.60 kB
dist-demo/assets/index-CNveuCZ2.css               2.48 kB │ gzip:   0.99 kB
dist-demo/assets/download-CWiaXb8A.js             0.24 kB │ gzip:   0.17 kB
dist-demo/assets/filters-BJmJubfC.js              0.31 kB │ gzip:   0.23 kB
dist-demo/assets/control-B9mHuWYJ.js              0.72 kB │ gzip:   0.43 kB
dist-demo/assets/hooks-Bk1LL-Qt.js                3.19 kB │ gzip:   1.62 kB
dist-demo/assets/index-DVj5itye.js                8.32 kB │ gzip:   3.32 kB
dist-demo/assets/index-DFC4U9dQ.js                8.68 kB │ gzip:   3.65 kB
dist-demo/assets/index-Cr5WmpIS.js                9.03 kB │ gzip:   3.50 kB
dist-demo/assets/index-kOS7_otv.js               13.29 kB │ gzip:   5.46 kB
dist-demo/assets/index-DvSJfarx.js               13.33 kB │ gzip:   4.42 kB
dist-demo/assets/index-Bd9aum7R.js               13.57 kB │ gzip:   5.17 kB
dist-demo/assets/index-DLMHIB3H.js               16.20 kB │ gzip:   5.39 kB
dist-demo/assets/index-BkiE0E4l.js               17.21 kB │ gzip:   6.09 kB
dist-demo/assets/index-DR1VUwzX.js               18.07 kB │ gzip:   6.03 kB
dist-demo/assets/index-BfaTzIhd.js               18.29 kB │ gzip:   6.17 kB
dist-demo/assets/index-m-RQ5tV7.js               21.25 kB │ gzip:   7.50 kB
dist-demo/assets/index-DAShPY-0.js               22.26 kB │ gzip:   7.53 kB
dist-demo/assets/index-kzNn6Qhg.js               22.61 kB │ gzip:   8.13 kB
dist-demo/assets/index-ahWy6mQY.js               26.41 kB │ gzip:   8.56 kB
dist-demo/assets/index-CZJ6-A8-.js               33.04 kB │ gzip:  10.36 kB
dist-demo/assets/query-5vm9EU1C.js               33.15 kB │ gzip:   9.92 kB
dist-demo/assets/index-D95tSyWd.js               37.31 kB │ gzip:  10.04 kB
dist-demo/assets/i18n-xB0mQYCC.js                46.14 kB │ gzip:  15.12 kB
dist-demo/assets/index-Bd_jgEk8.js               79.13 kB │ gzip:  26.14 kB
dist-demo/assets/schemas-jpQ0XMzw.js             79.18 kB │ gzip:  24.03 kB
dist-demo/assets/schema-validation-Bhr7oAQE.js  149.80 kB │ gzip:  45.12 kB
dist-demo/assets/service-C09KbfDh.js            159.35 kB │ gzip:  34.71 kB
dist-demo/assets/browser-Dcx31t9a.js            255.20 kB │ gzip:  86.82 kB
dist-demo/assets/contract-data-Bmlj3jVV.js      267.78 kB │ gzip:  36.38 kB
dist-demo/assets/react-runtime-D0NtfbPC.js      279.78 kB │ gzip:  90.28 kB
dist-demo/assets/charts-RcpaDpmM.js             313.03 kB │ gzip:  94.99 kB
dist-demo/assets/mui-azn9KfGV.js                328.33 kB │ gzip: 100.02 kB
✓ built in 3.12s

> node node_modules\@playwright\test\cli.js test tests/ui-fulfillment-layout.spec.ts tests/fe013.spec.ts tests/ui011-date-time.spec.ts

Running 18 tests using 1 worker

(node:4244) Warning: The 'NO_COLOR' env is ignored due to the 'FORCE_COLOR' env being set.
(Use `node --trace-warnings ...` to show where the warning was created)
  ok  1 [chromium] › tests\fe013.spec.ts:40:1 › FE013.C04 shipping preview distinguishes missing address, unserviceable zone, and expired mock quote (3.9s)
  ok  2 [chromium] › tests\fe013.spec.ts:65:1 › FE013.AC01–AC04 stale claim conflict is visible; pick, pack, dispatch and delivery use current API versions once (8.4s)
  ok  3 [chromium] › tests\fe013.spec.ts:198:1 › FE013.AC03 unknown handover cannot be repeated before command reconciliation (4.2s)
  ok  4 [chromium] › tests\fe013.spec.ts:242:1 › FE013.AC01 role scope and FE013.AC05 responsive shipment/preparation views remain accessible (3.6s)
  ok  5 [chromium] › tests\ui-fulfillment-layout.spec.ts:30:1 › Fulfillment R41/R42 preserve shell gutter and contain responsive route layouts from 320-1440px (10.0s)
  ok  6 [chromium] › tests\ui-fulfillment-layout.spec.ts:59:1 › Fulfillment prep, shipment-create, detail and event dialogs fit mobile and desktop without submitting (5.8s)
  ok  7 [chromium] › tests\ui011-date-time.spec.ts:16:1 › UI011 report defaults use the active shop calendar month at a UTC month boundary (1.7s)
  ok  8 [chromium] › tests\ui011-date-time.spec.ts:29:1 › UI011 journal effective date defaults to the active shop calendar date (1.5s)
  ok  9 [chromium] › tests\ui011-date-time.spec.ts:41:1 › UI011 shipment event input and API instant use the shop timezone, not browser timezone (1.6s)
(node:50876) Warning: The 'NO_COLOR' env is ignored due to the 'FORCE_COLOR' env being set.
(Use `node --trace-warnings ...` to show where the warning was created)
  ok 10 [firefox] › tests\fe013.spec.ts:40:1 › FE013.C04 shipping preview distinguishes missing address, unserviceable zone, and expired mock quote (5.1s)
  ok 11 [firefox] › tests\fe013.spec.ts:65:1 › FE013.AC01–AC04 stale claim conflict is visible; pick, pack, dispatch and delivery use current API versions once (9.2s)
  ok 12 [firefox] › tests\fe013.spec.ts:198:1 › FE013.AC03 unknown handover cannot be repeated before command reconciliation (4.8s)
  ok 13 [firefox] › tests\fe013.spec.ts:242:1 › FE013.AC01 role scope and FE013.AC05 responsive shipment/preparation views remain accessible (4.0s)
  ok 14 [firefox] › tests\ui-fulfillment-layout.spec.ts:30:1 › Fulfillment R41/R42 preserve shell gutter and contain responsive route layouts from 320-1440px (12.2s)
  ok 15 [firefox] › tests\ui-fulfillment-layout.spec.ts:59:1 › Fulfillment prep, shipment-create, detail and event dialogs fit mobile and desktop without submitting (6.3s)
  ok 16 [firefox] › tests\ui011-date-time.spec.ts:16:1 › UI011 report defaults use the active shop calendar month at a UTC month boundary (1.8s)
  ok 17 [firefox] › tests\ui011-date-time.spec.ts:29:1 › UI011 journal effective date defaults to the active shop calendar date (1.5s)
  ok 18 [firefox] › tests\ui011-date-time.spec.ts:41:1 › UI011 shipment event input and API instant use the shop timezone, not browser timezone (1.8s)

  18 passed (1.7m)

W14_CAPTURED_EXIT_CODE=0
