
> botsales-frontend@0.1.0 test:e2e
> node scripts/run-e2e.mjs --config playwright.built-demo.config.ts tests/built-demo-regression.spec.ts


> npm run setup

> botsales-frontend@0.1.0 setup
> node scripts/setup.mjs

{"status":"PASS","outputs":11,"schemas":283,"operations":210,"routes":54}
Copying the worker script at "C:\Users\Joker-PC\Documents\Projects\Bot-AI-Ban-hang-FB\BotSalesAI_Frontend\apps\web\public"...

Worker script successfully copied!
  - public

Continue by describing the network in your application:


https://mswjs.io/docs/quick-start

Thiết lập xong. npm run dev chạy frontend mô phỏng; không kết nối khách hàng hoặc provider thật.

> npm run build

> botsales-frontend@0.1.0 build
> npm run generate:check && npm run typecheck && npm run build --workspace @botsales/web


> botsales-frontend@0.1.0 generate:check
> node scripts/generate.mjs --check

{"status":"PASS","outputs":11,"schemas":283,"operations":210,"routes":54}

> botsales-frontend@0.1.0 typecheck
> tsc -p apps/web/tsconfig.json --noEmit


> @botsales/web@0.1.0 build
> vite build --mode production

vite v7.3.6 building client environment for production...
transforming...
✓ 2057 modules transformed.
rendering chunks...
computing gzip size...
dist/index.html                              1.19 kB │ gzip:   0.60 kB
dist/assets/index-BQPx7lJM.css               3.56 kB │ gzip:   1.33 kB
dist/assets/download-8lJFmiSZ.js             0.23 kB │ gzip:   0.17 kB
dist/assets/filters-BJmJubfC.js              0.31 kB │ gzip:   0.23 kB
dist/assets/hooks-DVp34frE.js                3.18 kB │ gzip:   1.62 kB
dist/assets/index-BRZodlWE.js                7.97 kB │ gzip:   3.18 kB
dist/assets/index-CcODibCT.js                8.74 kB │ gzip:   3.67 kB
dist/assets/index-BPviT4zV.js                9.89 kB │ gzip:   3.65 kB
dist/assets/index-DTSASa4G.js               13.62 kB │ gzip:   4.48 kB
dist/assets/index-DBKuJBXZ.js               13.83 kB │ gzip:   5.64 kB
dist/assets/index-DR7Y7mir.js               14.26 kB │ gzip:   5.46 kB
dist/assets/index-CKn2f6Mf.js               14.41 kB │ gzip:   5.31 kB
dist/assets/index-DnTF97gY.js               16.16 kB │ gzip:   5.46 kB
dist/assets/index-DBZyqIy7.js               16.46 kB │ gzip:   5.43 kB
dist/assets/index-CIWFx_ET.js               17.79 kB │ gzip:   6.23 kB
dist/assets/index-Cfmg3wws.js               18.39 kB │ gzip:   6.12 kB
dist/assets/index-Baqv9GU7.js               21.89 kB │ gzip:   7.39 kB
dist/assets/index-yHBbMMgC.js               22.98 kB │ gzip:   8.20 kB
dist/assets/index-C69Pl0lI.js               26.01 kB │ gzip:   8.44 kB
dist/assets/index-Dr3forbH.js               31.32 kB │ gzip:   9.78 kB
dist/assets/query-5vm9EU1C.js               33.15 kB │ gzip:   9.92 kB
dist/assets/index-B6J-oicS.js               37.48 kB │ gzip:  10.07 kB
dist/assets/i18n-xB0mQYCC.js                46.14 kB │ gzip:  15.12 kB
dist/assets/index-BpGPL_wK.js               78.80 kB │ gzip:  25.89 kB
dist/assets/schemas-jpQ0XMzw.js             79.18 kB │ gzip:  24.03 kB
dist/assets/schema-validation-Bhr7oAQE.js  149.80 kB │ gzip:  45.12 kB
dist/assets/contract-data-Dmdv2cKW.js      262.00 kB │ gzip:  35.24 kB
dist/assets/react-runtime-D0NtfbPC.js      279.78 kB │ gzip:  90.28 kB
dist/assets/charts-CQ4oecFO.js             313.03 kB │ gzip:  94.99 kB
dist/assets/mui-Bz_aCSm2.js                328.33 kB │ gzip: 100.02 kB
✓ built in 2.70s

> npm run build:demo

> botsales-frontend@0.1.0 build:demo
> npm run generate:check && npm run typecheck && npm run build:demo --workspace @botsales/web


> botsales-frontend@0.1.0 generate:check
> node scripts/generate.mjs --check

{"status":"PASS","outputs":11,"schemas":283,"operations":210,"routes":54}

> botsales-frontend@0.1.0 typecheck
> tsc -p apps/web/tsconfig.json --noEmit


> @botsales/web@0.1.0 build:demo
> vite build --mode demo --outDir dist-demo

vite v7.3.6 building client environment for demo...
transforming...
✓ 2273 modules transformed.
rendering chunks...
computing gzip size...
dist-demo/index.html                              1.19 kB │ gzip:   0.59 kB
dist-demo/assets/index-BQPx7lJM.css               3.56 kB │ gzip:   1.33 kB
dist-demo/assets/download-CWiaXb8A.js             0.24 kB │ gzip:   0.17 kB
dist-demo/assets/filters-BJmJubfC.js              0.31 kB │ gzip:   0.23 kB
dist-demo/assets/control-B9mHuWYJ.js              0.72 kB │ gzip:   0.43 kB
dist-demo/assets/hooks-Clw7BUlW.js                3.19 kB │ gzip:   1.62 kB
dist-demo/assets/index-CztjnkLC.js                8.51 kB │ gzip:   3.37 kB
dist-demo/assets/index-C7f0_kCk.js                8.74 kB │ gzip:   3.67 kB
dist-demo/assets/index-Dz5gTy1w.js                9.89 kB │ gzip:   3.66 kB
dist-demo/assets/index-BX7BiMzT.js               13.62 kB │ gzip:   4.48 kB
dist-demo/assets/index-BcJ8Mk_k.js               13.96 kB │ gzip:   5.27 kB
dist-demo/assets/index-Bybz4yTZ.js               14.02 kB │ gzip:   5.69 kB
dist-demo/assets/index-BjTECmQb.js               16.61 kB │ gzip:   5.47 kB
dist-demo/assets/index-DDmenQcI.js               17.79 kB │ gzip:   6.23 kB
dist-demo/assets/index-BhjGUmC2.js               18.37 kB │ gzip:   6.20 kB
dist-demo/assets/index-V0ozlFg7.js               18.39 kB │ gzip:   6.12 kB
dist-demo/assets/index-CkqiHFnq.js               22.30 kB │ gzip:   7.55 kB
dist-demo/assets/index-B5zpnThE.js               22.55 kB │ gzip:   7.77 kB
dist-demo/assets/index-M4tg4uvS.js               23.22 kB │ gzip:   8.25 kB
dist-demo/assets/index-BqPH38lX.js               26.47 kB │ gzip:   8.58 kB
dist-demo/assets/query-5vm9EU1C.js               33.15 kB │ gzip:   9.92 kB
dist-demo/assets/index-DC3PyjFd.js               33.44 kB │ gzip:  10.48 kB
dist-demo/assets/index-BAwSQvB3.js               37.48 kB │ gzip:  10.07 kB
dist-demo/assets/i18n-xB0mQYCC.js                46.14 kB │ gzip:  15.12 kB
dist-demo/assets/schemas-jpQ0XMzw.js             79.18 kB │ gzip:  24.03 kB
dist-demo/assets/index-BHPetk4E.js               82.67 kB │ gzip:  27.02 kB
dist-demo/assets/schema-validation-Bhr7oAQE.js  149.80 kB │ gzip:  45.12 kB
dist-demo/assets/service-C09KbfDh.js            159.35 kB │ gzip:  34.71 kB
dist-demo/assets/browser-CbNrwdye.js            255.20 kB │ gzip:  86.82 kB
dist-demo/assets/contract-data-Bmlj3jVV.js      267.78 kB │ gzip:  36.38 kB
dist-demo/assets/react-runtime-D0NtfbPC.js      279.78 kB │ gzip:  90.28 kB
dist-demo/assets/charts-RcpaDpmM.js             313.03 kB │ gzip:  94.99 kB
dist-demo/assets/mui-azn9KfGV.js                328.33 kB │ gzip: 100.02 kB
✓ built in 3.00s

> node node_modules\@playwright\test\cli.js test --config playwright.built-demo.config.ts tests/built-demo-regression.spec.ts
[WebServer] (node:14096) Warning: The 'NO_COLOR' env is ignored due to the 'FORCE_COLOR' env being set.
[WebServer] (Use `node --trace-warnings ...` to show where the warning was created)

Running 6 tests using 1 worker

(node:16944) Warning: The 'NO_COLOR' env is ignored due to the 'FORCE_COLOR' env being set.
(Use `node --trace-warnings ...` to show where the warning was created)
[built-demo-artifact] {"browser":"chromium","baseURL":"http://127.0.0.1:4174","route":"/s/shop-demo/overview","artifact":{"sha256":"6f4120d693536fd4f9ca8d417604c9d4cc16cfc2bcc46ccddbbec25405d978f2","fileCount":38,"files":["app-icon.svg","app-sw.js","assets/browser-CbNrwdye.js","assets/charts-RcpaDpmM.js","assets/contract-data-Bmlj3jVV.js","assets/control-B9mHuWYJ.js","assets/download-CWiaXb8A.js","assets/filters-BJmJubfC.js","assets/hooks-Clw7BUlW.js","assets/i18n-xB0mQYCC.js","assets/index-B5zpnThE.js","assets/index-BAwSQvB3.js","assets/index-BcJ8Mk_k.js","assets/index-BhjGUmC2.js","assets/index-BHPetk4E.js","assets/index-BjTECmQb.js","assets/index-BqPH38lX.js","assets/index-BQPx7lJM.css","assets/index-BX7BiMzT.js","assets/index-Bybz4yTZ.js","assets/index-C7f0_kCk.js","assets/index-CkqiHFnq.js","assets/index-CztjnkLC.js","assets/index-DC3PyjFd.js","assets/index-DDmenQcI.js","assets/index-Dz5gTy1w.js","assets/index-M4tg4uvS.js","assets/index-V0ozlFg7.js","assets/mui-azn9KfGV.js","assets/query-5vm9EU1C.js","assets/react-runtime-D0NtfbPC.js","assets/schema-validation-Bhr7oAQE.js","assets/schemas-jpQ0XMzw.js","assets/service-C09KbfDh.js","index.html","manifest.webmanifest","mockServiceWorker.js","samples/products.csv"]},"browserAssets":["/assets/browser-CbNrwdye.js","/assets/contract-data-Bmlj3jVV.js","/assets/hooks-Clw7BUlW.js","/assets/i18n-xB0mQYCC.js","/assets/index-BHPetk4E.js","/assets/index-BQPx7lJM.css","/assets/index-Dz5gTy1w.js","/assets/mui-azn9KfGV.js","/assets/query-5vm9EU1C.js","/assets/react-runtime-D0NtfbPC.js","/assets/schema-validation-Bhr7oAQE.js","/assets/service-C09KbfDh.js"],"sessionStatus":200,"workerStatus":200,"pageErrors":0,"apiWrites":0}
  ok 1 [chromium-built-demo] › tests\built-demo-regression.spec.ts:44:1 › built demo artifact loads React and its synthetic API from the isolated Vite preview (616ms)
[built-demo-routes] {"browser":"chromium","width":390,"routes":54,"issues":0,"pageErrors":0,"artifactSha256":"6f4120d693536fd4f9ca8d417604c9d4cc16cfc2bcc46ccddbbec25405d978f2","evidence":"evidence\\frontend-ui-improvements\\UI028\\W32\\built-demo-routes-chromium-390-current-20261006.json"}
  ok 2 [chromium-built-demo] › tests\built-demo-regression.spec.ts:73:5 › built demo serves all 54 manifest routes at 390px without shell overflow (50.0s)
[built-demo-routes] {"browser":"chromium","width":1440,"routes":54,"issues":0,"pageErrors":0,"artifactSha256":"6f4120d693536fd4f9ca8d417604c9d4cc16cfc2bcc46ccddbbec25405d978f2","evidence":"evidence\\frontend-ui-improvements\\UI028\\W32\\built-demo-routes-chromium-1440-current-20261006.json"}
  ok 3 [chromium-built-demo] › tests\built-demo-regression.spec.ts:73:5 › built demo serves all 54 manifest routes at 1440px without shell overflow (27.0s)
(node:64236) Warning: The 'NO_COLOR' env is ignored due to the 'FORCE_COLOR' env being set.
(Use `node --trace-warnings ...` to show where the warning was created)
[built-demo-artifact] {"browser":"firefox","baseURL":"http://127.0.0.1:4174","route":"/s/shop-demo/overview","artifact":{"sha256":"6f4120d693536fd4f9ca8d417604c9d4cc16cfc2bcc46ccddbbec25405d978f2","fileCount":38,"files":["app-icon.svg","app-sw.js","assets/browser-CbNrwdye.js","assets/charts-RcpaDpmM.js","assets/contract-data-Bmlj3jVV.js","assets/control-B9mHuWYJ.js","assets/download-CWiaXb8A.js","assets/filters-BJmJubfC.js","assets/hooks-Clw7BUlW.js","assets/i18n-xB0mQYCC.js","assets/index-B5zpnThE.js","assets/index-BAwSQvB3.js","assets/index-BcJ8Mk_k.js","assets/index-BhjGUmC2.js","assets/index-BHPetk4E.js","assets/index-BjTECmQb.js","assets/index-BqPH38lX.js","assets/index-BQPx7lJM.css","assets/index-BX7BiMzT.js","assets/index-Bybz4yTZ.js","assets/index-C7f0_kCk.js","assets/index-CkqiHFnq.js","assets/index-CztjnkLC.js","assets/index-DC3PyjFd.js","assets/index-DDmenQcI.js","assets/index-Dz5gTy1w.js","assets/index-M4tg4uvS.js","assets/index-V0ozlFg7.js","assets/mui-azn9KfGV.js","assets/query-5vm9EU1C.js","assets/react-runtime-D0NtfbPC.js","assets/schema-validation-Bhr7oAQE.js","assets/schemas-jpQ0XMzw.js","assets/service-C09KbfDh.js","index.html","manifest.webmanifest","mockServiceWorker.js","samples/products.csv"]},"browserAssets":["/assets/browser-CbNrwdye.js","/assets/contract-data-Bmlj3jVV.js","/assets/hooks-Clw7BUlW.js","/assets/i18n-xB0mQYCC.js","/assets/index-BHPetk4E.js","/assets/index-BQPx7lJM.css","/assets/index-Dz5gTy1w.js","/assets/mui-azn9KfGV.js","/assets/query-5vm9EU1C.js","/assets/react-runtime-D0NtfbPC.js","/assets/schema-validation-Bhr7oAQE.js","/assets/service-C09KbfDh.js"],"sessionStatus":200,"workerStatus":200,"pageErrors":0,"apiWrites":0}
  ok 4 [firefox-built-demo] › tests\built-demo-regression.spec.ts:44:1 › built demo artifact loads React and its synthetic API from the isolated Vite preview (1.3s)
[built-demo-routes] {"browser":"firefox","width":390,"routes":54,"issues":0,"pageErrors":0,"artifactSha256":"6f4120d693536fd4f9ca8d417604c9d4cc16cfc2bcc46ccddbbec25405d978f2","evidence":"evidence\\frontend-ui-improvements\\UI028\\W32\\built-demo-routes-firefox-390-current-20261006.json"}
  ok 5 [firefox-built-demo] › tests\built-demo-regression.spec.ts:73:5 › built demo serves all 54 manifest routes at 390px without shell overflow (52.0s)
[built-demo-routes] {"browser":"firefox","width":1440,"routes":54,"issues":0,"pageErrors":0,"artifactSha256":"6f4120d693536fd4f9ca8d417604c9d4cc16cfc2bcc46ccddbbec25405d978f2","evidence":"evidence\\frontend-ui-improvements\\UI028\\W32\\built-demo-routes-firefox-1440-current-20261006.json"}
  ok 6 [firefox-built-demo] › tests\built-demo-regression.spec.ts:73:5 › built demo serves all 54 manifest routes at 1440px without shell overflow (31.8s)

  6 passed (2.9m)
