
> botsales-frontend@0.1.0 test:e2e
> node scripts/run-e2e.mjs


> npm run setup

> botsales-frontend@0.1.0 setup
> node scripts/setup.mjs

{"status":"PASS","outputs":11,"schemas":283,"operations":210,"routes":54}
Copying the worker script at "C:\Users\Joker-PC\Documents\Projects\Bot-AI-Ban-hang-FB\BotSalesAI_Frontend\apps\web\public"...

Worker script successfully copied!
  - public

Continue by describing the network in your application:


https://mswjs.io/docs/quick-start

Thiết lập xong. npm run dev chạy frontend mô phỏng; không kết nối khách hàng hoặc provider thật.

> npm run build

> botsales-frontend@0.1.0 build
> npm run generate:check && npm run typecheck && npm run build --workspace @botsales/web


> botsales-frontend@0.1.0 generate:check
> node scripts/generate.mjs --check

{"status":"PASS","outputs":11,"schemas":283,"operations":210,"routes":54}

> botsales-frontend@0.1.0 typecheck
> tsc -p apps/web/tsconfig.json --noEmit


> @botsales/web@0.1.0 build
> vite build --mode production

vite v7.3.6 building client environment for production...
transforming...
✓ 2058 modules transformed.
rendering chunks...
computing gzip size...
dist/index.html                              1.19 kB │ gzip:   0.60 kB
dist/assets/index-BQPx7lJM.css               3.56 kB │ gzip:   1.33 kB
dist/assets/download-8lJFmiSZ.js             0.23 kB │ gzip:   0.17 kB
dist/assets/filters-CVitQAxr.js              0.32 kB │ gzip:   0.25 kB
dist/assets/hooks-DHlYy9O-.js                3.19 kB │ gzip:   1.62 kB
dist/assets/index-COioPG-6.js                7.86 kB │ gzip:   3.15 kB
dist/assets/index-CjNtam1R.js                8.29 kB │ gzip:   3.52 kB
dist/assets/index-mN_7mpq7.js                9.79 kB │ gzip:   3.68 kB
dist/assets/index-B5wBrrv9.js               13.65 kB │ gzip:   4.48 kB
dist/assets/index-DAzEL9C9.js               13.78 kB │ gzip:   5.63 kB
dist/assets/index-Cd5yl1eu.js               14.15 kB │ gzip:   5.48 kB
dist/assets/index-D1-A3_XL.js               14.30 kB │ gzip:   5.30 kB
dist/assets/index-CswTX1eW.js               16.21 kB │ gzip:   5.49 kB
dist/assets/index-BJb1_nxb.js               16.38 kB │ gzip:   5.41 kB
dist/assets/index-BBH8VnNv.js               17.80 kB │ gzip:   6.25 kB
dist/assets/index-Bpw_f4H0.js               18.46 kB │ gzip:   6.15 kB
dist/assets/index-BG7C9MJq.js               21.82 kB │ gzip:   7.41 kB
dist/assets/index-CEsR_Gr2.js               22.92 kB │ gzip:   8.18 kB
dist/assets/index-BZkU32Ow.js               25.83 kB │ gzip:   8.43 kB
dist/assets/index-BbTWVafC.js               31.55 kB │ gzip:   9.82 kB
dist/assets/query-5vm9EU1C.js               33.15 kB │ gzip:   9.92 kB
dist/assets/index-C8NlQ-L_.js               37.04 kB │ gzip:  10.06 kB
dist/assets/i18n-xB0mQYCC.js                46.14 kB │ gzip:  15.12 kB
dist/assets/schemas-jpQ0XMzw.js             79.18 kB │ gzip:  24.03 kB
dist/assets/index-D9oF5B2S.js               87.49 kB │ gzip:  27.83 kB
dist/assets/schema-validation-Bhr7oAQE.js  149.80 kB │ gzip:  45.12 kB
dist/assets/react-runtime-D0NtfbPC.js      279.78 kB │ gzip:  90.28 kB
dist/assets/contract-data-BIzYYkc1.js      303.99 kB │ gzip:  36.17 kB
dist/assets/charts-CQ4oecFO.js             313.03 kB │ gzip:  94.99 kB
dist/assets/mui-Bz_aCSm2.js                328.33 kB │ gzip: 100.02 kB
✓ built in 3.05s

> npm run build:demo

> botsales-frontend@0.1.0 build:demo
> npm run generate:check && npm run typecheck && npm run build:demo --workspace @botsales/web


> botsales-frontend@0.1.0 generate:check
> node scripts/generate.mjs --check

{"status":"PASS","outputs":11,"schemas":283,"operations":210,"routes":54}

> botsales-frontend@0.1.0 typecheck
> tsc -p apps/web/tsconfig.json --noEmit


> @botsales/web@0.1.0 build:demo
> vite build --mode demo --outDir dist-demo

vite v7.3.6 building client environment for demo...
transforming...
✓ 2274 modules transformed.
rendering chunks...
computing gzip size...
dist-demo/index.html                              1.19 kB │ gzip:   0.60 kB
dist-demo/assets/index-BQPx7lJM.css               3.56 kB │ gzip:   1.33 kB
dist-demo/assets/download-CWiaXb8A.js             0.24 kB │ gzip:   0.17 kB
dist-demo/assets/filters-Bi-qlnQp.js              0.32 kB │ gzip:   0.24 kB
dist-demo/assets/control-6gq2NE8L.js              0.72 kB │ gzip:   0.43 kB
dist-demo/assets/hooks-CfKnj1ry.js                3.19 kB │ gzip:   1.62 kB
dist-demo/assets/index-C749nF8b.js                8.30 kB │ gzip:   3.52 kB
dist-demo/assets/index-CxfIDddQ.js                8.40 kB │ gzip:   3.33 kB
dist-demo/assets/index-mV_-BdMH.js                9.79 kB │ gzip:   3.68 kB
dist-demo/assets/index-Dpt-LEfK.js               13.65 kB │ gzip:   4.48 kB
dist-demo/assets/index-BwvdD7ht.js               13.85 kB │ gzip:   5.28 kB
dist-demo/assets/index-Cnr3cxPe.js               13.97 kB │ gzip:   5.68 kB
dist-demo/assets/index-BQA3o8-d.js               16.54 kB │ gzip:   5.45 kB
dist-demo/assets/index-BTqO2A0f.js               17.80 kB │ gzip:   6.25 kB
dist-demo/assets/index-BBUXeFOR.js               18.41 kB │ gzip:   6.25 kB
dist-demo/assets/index-BqUlA4Qb.js               18.46 kB │ gzip:   6.15 kB
dist-demo/assets/index-TyKsiWPf.js               22.23 kB │ gzip:   7.57 kB
dist-demo/assets/index-C88VA7FF.js               22.32 kB │ gzip:   7.76 kB
dist-demo/assets/index-CRPGHv5J.js               23.16 kB │ gzip:   8.24 kB
dist-demo/assets/index-4VayPCDd.js               26.30 kB │ gzip:   8.57 kB
dist-demo/assets/query-5vm9EU1C.js               33.15 kB │ gzip:   9.92 kB
dist-demo/assets/index-6TeZBXAY.js               33.81 kB │ gzip:  10.53 kB
dist-demo/assets/index-y5LaMdD6.js               37.04 kB │ gzip:  10.06 kB
dist-demo/assets/i18n-xB0mQYCC.js                46.14 kB │ gzip:  15.12 kB
dist-demo/assets/schemas-jpQ0XMzw.js             79.18 kB │ gzip:  24.03 kB
dist-demo/assets/index-C2If9Fdl.js               91.35 kB │ gzip:  28.94 kB
dist-demo/assets/schema-validation-Bhr7oAQE.js  149.80 kB │ gzip:  45.12 kB
dist-demo/assets/service-BepI4YXI.js            159.35 kB │ gzip:  34.71 kB
dist-demo/assets/browser-BKlqnd23.js            255.20 kB │ gzip:  86.82 kB
dist-demo/assets/react-runtime-D0NtfbPC.js      279.78 kB │ gzip:  90.28 kB
dist-demo/assets/contract-data-D-QqiNa-.js      309.77 kB │ gzip:  37.31 kB
dist-demo/assets/charts-RcpaDpmM.js             313.03 kB │ gzip:  94.99 kB
dist-demo/assets/mui-azn9KfGV.js                328.33 kB │ gzip: 100.02 kB
✓ built in 3.32s

> node node_modules\@playwright\test\cli.js test
✔ canonical contracts validate and generate the API base path from OpenAPI (49.9391ms)
✔ rejects drift in OpenAPI YAML and operation index projections (85.9776ms)
✔ generated operation registry preserves required and optional query parameter metadata (23.1854ms)
✔ rejects unresolved schema references before generation (35.1029ms)
✔ rejects missing API version and a server URL outside same-origin path form (33.8667ms)
✔ rejects route-to-operation drift without rewriting the canonical manifest (35.9804ms)
✔ detects a stale generated file and accepts it after regeneration (4.093ms)
{
  "taskId": "FE011",
  "scope": "FRONTEND_WITH_SYNTHETIC_MOCK_API",
  "routes": [
    {
      "id": "R15",
      "path": "/s/:shopId/inventory",
      "permission": "inventory.read",
      "reads": [
        "listStockSnapshots",
        "getShop"
      ],
      "action": {
        "label": "Điều chỉnh tồn",
        "operationId": "createInventoryAdjustment",
        "permission": "inventory.adjust"
      }
    },
    {
      "id": "R16",
      "path": "/s/:shopId/inventory/movements",
      "permission": "inventory.read",
      "reads": [
        "listStockMovements"
      ]
    }
  ],
  "operations": [
    "listStockSnapshots",
    "listStockMovements",
    "createInventoryAdjustment",
    "getShop"
  ],
  "permissionBoundary": "Route reads require inventory.read; adjustment uses inventory.adjust; cost requires finance.read; product and order links are permission-gated.",
  "commandSemantics": "202 CommandResponse; expectedVersion and unitCost are contract-required body properties; the shared client waits for terminal state and handles unknown outcomes.",
  "checks": 17
}
✔ FE011 routes, permissions, operations and DTOs map to canonical contracts and current source (52.541ms)
{
  "taskId": "FE012",
  "scope": "FRONTEND_WITH_SYNTHETIC_MOCK_API",
  "routes": [
    "R17",
    "R18",
    "R19",
    "R43"
  ],
  "operations": [
    "listOrders",
    "getOrder",
    "getShop",
    "listCustomers",
    "listProducts",
    "listConversations",
    "createOrder",
    "updateOrderDraft",
    "quoteOrder",
    "recordCustomerConfirmation",
    "confirmOrder",
    "cancelOrder",
    "listReturnCases",
    "getReturnCase",
    "createReturnCase",
    "inspectReturn",
    "getCommand",
    "handoverShipment",
    "payOrder",
    "refundOrder"
  ],
  "contractEvidence": "OrderDraft carries required IDs and 1..100 lines, integer quantity 1..1000000 and notes up to 2000; confirmation requires quote hash/version and customer message evidence; return inspection is line-scoped.",
  "permissionBoundary": "Customer/product pickers are enabled only with read capability; write actions follow orders.write, orders.confirm, orders.return and inventory.adjust.",
  "limitations": "No address CRUD endpoint is introduced; shippingAddressId remains an external verified ID and mock confirmation is only a demo simulation.",
  "checks": 35
}
✔ FE012 routes, operations, permissions and DTO limits map to canonical contracts and orders source (45.9956ms)
{"taskId":"FE016","scope":"FRONTEND_WITH_SYNTHETIC_MOCK_API","routes":["R05","R06"],"operations":["listConversations","getConversation","listMessages","sendMessage","takeoverConversation","releaseConversation","resolveConversation","assignConversation","listFeedback","createFeedback","reviewFeedback","listCommands","getCommand","getInboxMetadata"],"knownGap":"Canonical Message has no media or attachment field/operation; UI must not invent a provider endpoint.","checks":3}
{
  "taskId": "FE013",
  "scope": "FRONTEND_WITH_SYNTHETIC_MOCK_API",
  "routes": [
    "R41",
    "R42"
  ],
  "operations": [
    "listPrepJobs",
    "getPrepJob",
    "getWorkItem",
    "claimWorkItem",
    "pickPrepLine",
    "packPrepJob",
    "listShipments",
    "getShipment",
    "createShipment",
    "handoverShipment",
    "recordShipmentEvent"
  ],
  "permissionBoundary": "fulfillment.read gates route data, operations.claim gates WorkItem claim, fulfillment.write gates picks/pack/events/shipment creation, and fulfillment.handover gates stock-consuming handover.",
  "stateBoundary": "Claim/pick/pack/handover/delivery/payment remain separate states; return eligibility continues to come from the order API.",
  "checks": 54
}
✔ FE013 routes, permissions, DTOs and state transitions map to canonical contracts and fulfillment source (98.1185ms)
{"taskId":"FE017","scope":"FRONTEND_WITH_SYNTHETIC_MOCK_API","routes":["R23","R24","R25"],"operations":15,"unresolvedContractField":"Knowledge.allowedActions","checks":4}
{
  "taskId": "FE014",
  "scope": "FRONTEND_WITH_SYNTHETIC_MOCK_API",
  "routes": [
    "R44",
    "R45",
    "R46",
    "R47"
  ],
  "operations": 13,
  "checks": 95
}
✔ FE014 procurement routes, permissions, DTOs and current source follow canonical contracts (46.869ms)
{"taskId":"FE018","scope":"FRONTEND_WITH_SYNTHETIC_MOCK_API","routes":["R26","R27","R28","R51"],"operations":18,"checks":2,"knownRouteMappingGap":"R51 omits updateBudgetPolicy; UI uses canonical operation permission operations.manage"}
FE015 source map: 131 contract/source assertions passed
✔ FE015 finance routes, capabilities, operations and DTOs follow canonical contracts (118.3309ms)
✔ FE016 maps R05/R06 reads and mutations to canonical permissions and current inbox source (0.3493ms)
✔ FE016 contract bounds list filters, safe message refs and versioned send payloads (0.2059ms)
✔ FE016 uses shell-owned resync and command recovery, and mock takeover enforces current version (0.1983ms)
✔ FE017 R23-R25 operations and action permissions match canonical routes (0.3711ms)
✔ FE017 uses the user-approved permission and lifecycle UI substitute without inventing a Knowledge DTO field (0.1099ms)
✔ FE017 price and availability source preview uses separately permissioned canonical APIs (0.0584ms)
✔ FE017 mock keeps published revisions immutable and feedback approval creates a draft revision (0.0467ms)
✔ FE018 R26/R27/R28/R51 actions use canonical routes, operation IDs, and permissions (0.2916ms)
✔ FE018 capability, tool permissions, human confirmation, and evaluation labels stay within declared schemas (0.1108ms)
✔ FE020 source stays mapped to canonical operations, permissions, and safe missing-schedule boundary (0.6171ms)
✔ FE020 mock enforces work-item capabilities and keeps integration readiness unknown (0.0845ms)
✔ accepts semantic bridge roles, the closed token-derived factor map, geometry, and reset values (967.7479ms)
✔ rejects a CSS spacing role without a declared shared owner (956.4843ms)
✔ rejects scale-conforming and off-scale literals in sx, responsive leaves, named and namespace MUI System props (951.7728ms)
✔ follows local aliases and style callbacks; rejects theme spacing helpers and preset overrides (939.9196ms)
✔ scans nested slotProps but does not confuse event handlers or geometric dimensions with spacing (924.9764ms)
✔ keeps Panel geometry inspectable and rejects spacing hidden in its geometry prop (2749.6201ms)
✔ accepts only an exact CSS exception and reports stale or mismatched exception scope (2701.6376ms)
✔ rejects malformed TypeScript, malformed CSS, bad exception schema, and raw values in the bridge (3629.6292ms)
✔ rejects canonical pixel tokens used as MUI factors and an altered bridge factor table (1857.8573ms)
✔ report mode inventories migration debt without turning findings into PASS (964.3075ms)
✔ module path classification accepts Windows and POSIX spellings, but excludes app files (6.7096ms)
✔ the source-checker CLI rejects a prohibited color literal in a module (165.3899ms)
✔ the source-checker CLI accepts a token-based module and leaves app-level colors outside the rule (163.0736ms)
✔ uses the installed project compiler and the pinned version in this checkout (99.3298ms)
✔ accepts a local compiler whose manifest, module and executable match the project (19.5644ms)
✔ fails closed for missing local compiler without selecting a global fallback (13.5353ms)
✔ fails closed for different installed package version without selecting a global fallback (18.6832ms)
✔ fails closed for module version differs from its manifest without selecting a global fallback (14.7712ms)
✔ fails closed for ancestor compiler silently resolved outside this project without selecting a global fallback (12.9056ms)
✔ fails closed for missing compiler executable without selecting a global fallback (15.2507ms)
✔ fails closed for unpinned project compiler requirement without selecting a global fallback (15.7447ms)
✔ production composition gate detects const MUI alias and namespace layout role (451.1809ms)
✔ production composition gate closes aliased barrel API props (308.0078ms)
✔ production composition gate does not mistake shadowed local component for shared API (303.8631ms)
✔ production composition gate keeps valid canonical barrel consumer (292.2751ms)
✔ production visual gate rejects pretrusted-name spoof and parameter shadow (288.0914ms)
✔ production visual gate rejects a fake canonical module suffix (286.3881ms)
✔ production visual gate inspects renamed genuine styled factory (284.8402ms)
✔ production visual gate preserves canonical barrel aliases and finite palette selection (308.0916ms)
✔ production visual gate rejects raw values hidden in a finite palette (291.6533ms)
✔ production visual gate does not follow a global alias through parameter shadow (284.4063ms)
✔ production composition geometry cannot resolve a shadowed global variable (276.0687ms)
✔ finite semantic prop types do not grant trust to a different same-named parameter (288.8918ms)
✔ opaque namespace composition selection cannot bypass closed props (309.2951ms)
✔ opaque namespace style factory remains a visual binding failure (292.2898ms)
✔ canonical renamed import and constant alias preserve owner and path (260.72ms)
✔ namespace and literal element access resolve canonical exports (260.2439ms)
✔ barrel re-export resolves original component identity (262.4564ms)
✔ parameter shadow does not inherit canonical import trust (260.534ms)
✔ fake trusted names and a module named visual are not canonical (271.6954ms)
✔ mutable aliases, opaque keys and cyclic locals are not proven canonical (286.2313ms)
✔ destructured constant and safe type syntax preserve provenance (310.0044ms)
✔ installed MUI renamed styled resolves while local styled does not (282.8233ms)
✔ JavaScript workers remain in the Program import closure (274.8386ms)
✔ malformed element access is unproven rather than crashing the resolver (268.7104ms)
✔ a tsconfig alias cannot label another dependency as genuine MUI (268.9466ms)
✔ MUI re-export through a first-party barrel keeps library identity (272.7752ms)
✔ constant property-key aliases preserve canonical element access (274.1157ms)
✔ public layout mapping cannot be written through a direct consumer reference (403.6544ms)
✔ public layout nested aliases remain readonly (402.041ms)
✔ public visual mapping already rejects consumer writes (133.3025ms)
✔ canonical readonly style maps remain readable by consumers (396.0883ms)
✔ canonical token space cannot be overwritten through an alias (171.3056ms)
✔ public color export cannot be overwritten (127.475ms)
✔ readonly token and color reads retain their public types (124.521ms)
✔ P10/P15 catch alias and neutral-wrapper duplicate insets through fragments and conditionals (286.192ms)
✔ P20 resolves shared composition identities through a barrel and const component aliases (313.5861ms)
✔ P11/P13 catch static element access roles on every MUI surface, including Paper (372.3926ms)
✔ P12 checks React createElement and JSX-runtime element factories (303.3711ms)
✔ P14 resolves bodyMode literal aliases and fails closed when ownership is unknown (794.5664ms)
✔ checks Panel ancestry when React elements are created natively (271.4562ms)
✔ keeps independent nested surfaces and portaled dialogs as separate owners (548.235ms)
✔ accepts finite bodyMode branches and every mode in the public component contracts (942.6802ms)
✔ stops inherited gap ownership at Panels and independent bordered surfaces (570.0737ms)
✔ tracks gaps through fragments, conditions and ready QueryState, but not inside DOM wrappers (264.9861ms)
✔ applies the same finite modes and wrapper boundaries to native React factories (531.2765ms)
✔ recognizes native outlined Paper and nested Box surface inset boundaries (544.1243ms)
✔ fails closed when an unresolved custom wrapper obscures a semantic gap owner (320.1621ms)
✔ rejects unsupported placement and rhythm values while accepting finite aliases and branches (653.172ms)
✔ rejects unsupported finite values through React element factories (587.1558ms)
✔ accepts semantic composition, closed geometry and business-specific MUI primitives (10.5999ms)
✔ rejects rebuilding each shared spacing owner at a consumer (58.2654ms)
✔ follows aliases, local style variables, object spreads and namespace imports (9.7036ms)
✔ rejects direct and spread spacing overrides on semantic components (9.7901ms)
✔ rejects spacing or opaque spreads hidden in geometry (9.8006ms)
✔ allows the canonical owner implementation and fails closed on malformed source (9.4002ms)
✔ rejects duplicated parent boundary and duplicated Panel inset (9.027ms)
✔ checks default MUI imports and fails closed for opaque geometry (9.2389ms)
✔ distinguishes content grids from flex flows when reporting the shared owner (10.3159ms)
✔ rejects page spacing for paired fields and peer Panels without a section gap owner (11.0635ms)
✔ related sibling gaps belong to ActionGroup comfortable density, not consumer Stack styles (10.7338ms)
✔ check-layout rejects missing-html at the UI entry boundary (670.7063ms)
✔ check-layout rejects missing-style at the UI entry boundary (652.5804ms)
✔ check-layout rejects inline-style at the UI entry boundary (742.8585ms)
✔ check-layout rejects alias-mismatch at the UI entry boundary (636.5346ms)
✔ check-visual-tokens rejects missing-html at the UI entry boundary (570.2192ms)
✔ check-visual-tokens rejects missing-style at the UI entry boundary (596.8355ms)
✔ check-visual-tokens rejects inline-style at the UI entry boundary (589.7751ms)
✔ check-visual-tokens rejects alias-mismatch at the UI entry boundary (636.5727ms)
✔ check-ui-composition rejects missing-html at the UI entry boundary (565.5654ms)
✔ check-ui-composition rejects missing-style at the UI entry boundary (606.5001ms)
✔ check-ui-composition rejects inline-style at the UI entry boundary (599.2163ms)
✔ check-ui-composition rejects alias-mismatch at the UI entry boundary (607.54ms)
✔ DOM entry inspection never executes an inline script and detects decoded attributes (23.8322ms)
✔ manifest icons are resolved and malformed manifest data fails closed (21.0818ms)
✔ data and remote module sources cannot stand in for a scanned script entry (18.6795ms)
✔ an unused alias map cannot prove the exported Vite configuration (14.6732ms)
✔ a Vite HTML generator cannot inject an unscanned stylesheet through a hook (28.0327ms)
✔ accepts current fingerprints, honest open coverage, and explained N/A (20.464ms)
✔ rejects a stale source fingerprint (15.3375ms)
✔ rejects a stale command log (13.3608ms)
✔ rejects missing, absolute, and escaping source paths (13.506ms)
✔ rejects unrun, missing, duplicate, and nonzero command results marked PASS (12.6852ms)
✔ rejects PASS when expected and observed results differ (12.7944ms)
✔ rejects inconsistent coverage and N/A without a reason (11.3674ms)
✔ rejects a baseline falsely dated after implementation started and detects changed baseline artifacts (15.9222ms)
✔ COMPLETE cannot contain open coverage or failed commands (15.1364ms)
✔ S19 must explicitly reconcile files, APIs, routes, rendered routes, slots, and states (29.8898ms)
✔ rejects malformed top-level evidence instead of treating missing fields as success (13.7699ms)
✔ check-layout fails closed for relative missing import (629.0436ms)
✔ check-layout fails closed for aliased missing import (623.1836ms)
✔ check-layout fails closed for missing CSS import (633.3697ms)
✔ check-layout fails closed for opaque dynamic import (639.6069ms)
✔ check-visual-tokens fails closed for relative missing import (607.0553ms)
✔ check-visual-tokens fails closed for aliased missing import (590.9039ms)
✔ check-visual-tokens fails closed for missing CSS import (587.5923ms)
✔ check-visual-tokens fails closed for opaque dynamic import (616.5569ms)
✔ check-ui-composition fails closed for relative missing import (604.6334ms)
✔ check-ui-composition fails closed for aliased missing import (627.8999ms)
✔ check-ui-composition fails closed for missing CSS import (600.3879ms)
✔ check-ui-composition fails closed for opaque dynamic import (597.032ms)
✔ scope follows a canonical package alias and classifies data assets separately (20.5376ms)
✔ scope follows CSS imports and rejects a missing nested stylesheet (22.3782ms)
✔ missing and malformed tsconfig cannot silently supply default resolution (13.2702ms)
✔ scope rejects discovered script sources omitted by the compiler config (19.3865ms)
✔ config includes are discovered even when a package source has no app import yet (20.3332ms)
✔ a first-party import cannot silently claim source outside the project (20.0533ms)
✔ malformed CSS and unhandled stylesheet languages cannot be classified as harmless data (25.674ms)
✔ CSS asset URLs resolve with queries and fragments and reject missing files (28.6056ms)
✔ native service worker scripts enter the source closure and missing URLs fail (28.2594ms)
✔ Vite BASE_URL sample downloads enter asset coverage and missing samples fail (27.1145ms)
✔ a declared MSW worker has a vendor owner and rejects modifications (171.0065ms)
✔ CommonJS and TypeScript import-equals cannot hide missing first-party modules (322.0556ms)
✔ canonical writes through casts and aliases fail outside style expressions (958.7496ms)
✔ Object.assign cannot mutate canonical data but can copy to a fresh object (1874.6676ms)
✔ layout gate rejects raw spacing on const alias of MUI component (960.9941ms)
✔ canonical mutation gate follows global mutator aliases and reflection (950.4789ms)
✔ local mutator names do not acquire global mutation identity (953.8466ms)
✔ destructured mutators and call/apply retain canonical mutation checks (940.8651ms)
✔ global mutator call/apply can copy canonical values into fresh objects (938.0649ms)
✔ mutable aliases with possible canonical destinations fail closed (962.752ms)
✔ opaque apply arguments fail closed while unrelated mutable data stays valid (1973.8672ms)
✔ canonical references inside containers and destructured aliases cannot be mutated (948.3042ms)
✔ independent shallow copies of scalar canonical fields remain mutable (960.4849ms)
✔ array references and nested destructuring preserve canonical write provenance (1092.6612ms)
✔ array destinations distinguish independent elements from canonical references (1173.9999ms)
✔ array destructuring, dynamic indices and spread cannot hide canonical references (1214.6661ms)
✔ dynamic indices and destructuring of independent arrays stay mutable (1138.5243ms)
✔ function parameters cannot hide canonical mutation across source files (1097.9553ms)
✔ read-only helpers and mutations of unrelated arguments remain valid (1053.7788ms)
✔ returned canonical references remain protected across helper boundaries (1036.6289ms)
✔ helper returns of fresh scalar copies do not retain canonical destination identity (1048.0935ms)
✔ destructured object parameters cannot mutate canonical arguments (1024.1592ms)
✔ destructured object parameters retain independent argument mutability (1121.6208ms)
✔ default parameter and binding initializers cannot hide canonical mutations (1017.3056ms)
✔ fresh default parameter and binding copies remain mutable (983.2657ms)
✔ rest parameters retain canonical argument write provenance (984.8047ms)
✔ rest parameters distinguish independent positions from canonical siblings (1016.937ms)
✔ finite spread arguments preserve shifted positional and rest destinations (1004.6867ms)
✔ finite spread expansion keeps independent argument positions mutable (997.5784ms)
✔ opaque spreads keep positional mutation destinations unknown (1016.5197ms)
✔ opaque spreads into read-only helpers do not invent mutation findings (1006.8151ms)
✔ array parameter patterns retain canonical positions including nested object arrays (985.0642ms)
✔ array parameter patterns retain independent bound element mutability (983.5217ms)
✔ layout gate rejects parameter shadow of canonical layout name (961.4962ms)
✔ layout gate follows genuine renamed styled factory (962.6462ms)
✔ layout gate accepts canonical namespace, element access and barrel alias (986.6498ms)
✔ layout gate does not mistake local component named Stack for MUI (965.5968ms)
✔ layout gate inspects renamed installed Emotion css tag (1025.8172ms)
✔ layout gate preserves genuine aliased Controller field forwarding (993.4425ms)
✔ a same-named local Controller cannot exempt an unknown prop spread (972.6149ms)
✔ genuine useForm registration survives property and destructured aliases (967.0318ms)
✔ a function named register cannot exempt injected style props (1103.5985ms)
✔ a bridge callback parameter cannot impersonate its private factor binding (950.1227ms)
✔ opaque namespace component selection remains a strict binding failure (975.4561ms)
✔ opaque namespace factory cannot hide style arguments (965.4481ms)
✔ MUI re-export cannot hide raw spacing behind a first-party barrel (973.8364ms)
✔ destructuring assignments cannot hide canonical write targets (1176.2633ms)
✔ destructuring assignments can update independent copied destinations (942.7156ms)
✔ object rest retains nested canonical references while copying the outer object (973.8611ms)
✔ rest scalar copies and replacement of container references stay mutable (971.2243ms)
✔ shallow object spread preserves canonical child references and last-writer order (1042.3701ms)
✔ shallow spread with a later independent override stays mutable (1021.5471ms)
✔ exported mutable aliases retain assignments from their declaring file (997.569ms)
✔ exported independent mutable data does not acquire canonical provenance (989.7828ms)
✔ literal computed keys retain canonical container and parameter provenance (1011.5643ms)
✔ literal computed keys do not taint independent selected properties (1156.0722ms)
✔ Object.assign shallow copies retain canonical nested reference provenance (1095.3452ms)
✔ Object.assign later independent overrides and scalar copies stay mutable (994.2416ms)
✔ union and dynamic property selections retain possible canonical destinations (1012.0203ms)
✔ finite union property selections exclude canonical siblings not in the key set (998.452ms)
✔ union selection over Object.assign output retains canonical child provenance (992.6328ms)
✔ union selection over independent Object.assign output remains mutable (989.3427ms)
✔ Reflect.set call/apply checks the target argument rather than the assigned value (2991.3512ms)
✔ aliased React createElement checks MUI and native style objects (987.9959ms)
✔ GlobalStyles.styles is checked and local createElement names stay local (1945.5445ms)
✔ React JSX runtime factories cannot bypass MUI or native style checks (984.3721ms)
✔ React cloneElement checks the cloned MUI element and preserves native props (3905.9679ms)
✔ Emotion css props and object factories are inspected with native CSS semantics (2969.8426ms)
✔ Inline style elements in JSX, React factories, DOM and the HTML entry fail closed (7807.6836ms)
✔ DOM CSSOM spacing writes use semantic roles and reject opaque style strings (1950.3164ms)
✔ HTML parsing and runtime stylesheet mutation cannot bypass the imported CSS boundary (1964.9463ms)
✔ spacing shorthand values and responsive breakpoints preserve token and unit provenance (9816.4866ms)
✔ function return producers cannot hide canonical children behind spreads (996.0756ms)
✔ producer spreads keep later independent child overrides writable (1095.5958ms)
✔ the shared catalog covers every public React component and supporting Column type (45.0004ms)
✔ every public React API has a direct rendered contract test (9.4636ms)
✔ catalog declaration lines and stated JSX counts match resolved source symbols (39.2917ms)
✔ every shared React export has a resolved production consumer or an explicit zero-use lifecycle decision (35.6551ms)
✔ required UI evidence and regression gates remain wired to root verify and the active parent workflow (10.4494ms)
✔ composition prop allowlists match the TypeScript owners exactly (9.2738ms)
✔ QueryState uses only the approved inline and section pending profiles (8.4484ms)
✔ QueryState consumers reserve section loading for primary content and keep every other state inline by default (57.5021ms)
✔ body modes, placement roles and geometry keys match the TypeScript contracts (12.3781ms)
✔ Panel geometry and DataTable columns remain closed public contracts (15.0949ms)
✔ shared component and composition props expose no arbitrary layout/style escape hatch (10.4439ms)
✔ layout role types, runtime values, consumers and ownership documentation stay closed (2218.8203ms)
✔ check-layout rejects missing source instead of returning an empty PASS (490.1637ms)
✔ check-layout rejects empty source instead of returning an empty PASS (440.3989ms)
✔ check-layout rejects generated-only source instead of returning an empty PASS (422.6545ms)
✔ check-layout rejects jsx-parse source instead of returning an empty PASS (441.8468ms)
✔ check-visual-tokens rejects missing source instead of returning an empty PASS (424.4252ms)
✔ check-visual-tokens rejects empty source instead of returning an empty PASS (420.9226ms)
✔ check-visual-tokens rejects generated-only source instead of returning an empty PASS (427.1146ms)
✔ check-visual-tokens rejects jsx-parse source instead of returning an empty PASS (426.4615ms)
✔ check-ui-composition rejects missing source instead of returning an empty PASS (431.955ms)
✔ check-ui-composition rejects empty source instead of returning an empty PASS (411.5564ms)
✔ check-ui-composition rejects generated-only source instead of returning an empty PASS (419.9353ms)
✔ check-ui-composition rejects jsx-parse source instead of returning an empty PASS (444.8418ms)
✔ visual checker accepts canonical theme roles, token references, geometry and semantic responsive props (538.0255ms)
✔ visual checker rejects raw literals across sx, JSX system props and CSS declarations (429.2661ms)
✔ visual checker follows local style aliases and callback themes, but fails raw nested values (301.0272ms)
✔ visual checker reports unresolved spreads and malformed style sources as UNKNOWN or parse errors (303.7926ms)
✔ visual checker includes newly added TSX files under the source root (306.5559ms)

Running 504 tests using 1 worker

(node:9524) Warning: The 'NO_COLOR' env is ignored due to the 'FORCE_COLOR' env being set.
(Use `node --trace-warnings ...` to show where the warning was created)
  ok   1 [chromium] › tests\accessibility\routes.spec.ts:17:1 › all canonical routes pass whole-page WCAG 2.1 A/AA axe checks in the React demo (55.4s)
[artifact-preview] {"scope":"FRONTEND_WITH_SYNTHETIC_MOCK_API","artifact":"apps/web/dist-demo","browserMetrics":{"browser":"Mozilla/5.0 (Windows NT 10.0; Win64; x64) AppleWebKit/537.36 (KHTML, like Gecko) Chrome/153.0.8010.12 Safari/537.36","viewport":{"width":1280,"height":720},"route":"/s/shop-demo/overview","domContentLoadedMs":66,"loadEventMs":66,"scriptCount":11,"scriptTransferBytes":450930,"scriptAssets":[{"file":"index-C2If9Fdl.js","transferBytes":29240,"decodedBytes":91351,"durationMs":9},{"file":"query-5vm9EU1C.js","transferBytes":10220,"decodedBytes":33154,"durationMs":8},{"file":"i18n-xB0mQYCC.js","transferBytes":15416,"decodedBytes":46142,"durationMs":10},{"file":"contract-data-D-QqiNa-.js","transferBytes":37614,"decodedBytes":309769,"durationMs":11},{"file":"schema-validation-Bhr7oAQE.js","transferBytes":45419,"decodedBytes":149800,"durationMs":11},{"file":"react-runtime-D0NtfbPC.js","transferBytes":90580,"decodedBytes":279779,"durationMs":13},{"file":"mui-azn9KfGV.js","transferBytes":100319,"decodedBytes":328326,"durationMs":13},{"file":"browser-BKlqnd23.js","transferBytes":87116,"decodedBytes":255200,"durationMs":8},{"file":"service-BepI4YXI.js","transferBytes":35006,"decodedBytes":159351,"durationMs":4},{"file":"index-mV_-BdMH.js","transferBytes":0,"decodedBytes":9794,"durationMs":52},{"file":"hooks-CfKnj1ry.js","transferBytes":0,"decodedBytes":3186,"durationMs":55}]},"bundles":{"javascriptFiles":31,"totalBytes":2353574,"totalGzipBytes":672515,"initialRouteGzipBytes":453530,"proposedBudgets":{"initialRouteGzipKiB":500,"largestChunkGzipKiB":200,"basis":"Local demo preview limits for the measured Chromium artifact; not a backend or platform SLO."},"largest":[{"file":"apps/web/dist-demo/assets/mui-azn9KfGV.js","bytes":328326,"gzipBytes":100019},{"file":"apps/web/dist-demo/assets/charts-RcpaDpmM.js","bytes":313031,"gzipBytes":94993},{"file":"apps/web/dist-demo/assets/contract-data-D-QqiNa-.js","bytes":309769,"gzipBytes":37314},{"file":"apps/web/dist-demo/assets/react-runtime-D0NtfbPC.js","bytes":279779,"gzipBytes":90280},{"file":"apps/web/dist-demo/assets/browser-BKlqnd23.js","bytes":255200,"gzipBytes":86816}]},"observedApi":{"path":"/api/v2/session","status":200,"servedBy":"MSW in the built demo artifact"},"dataSource":"synthetic-msw"}
  ok   2 [chromium] › tests\artifacts\demo-preview.spec.ts:39:1 › the built demo artifact serves the React UI and synthetic API through preview (728ms)
[large-dataset-api] {"url":"http://127.0.0.1:53147/api/v2/shops/shop-demo/customers?limit=20","count":20,"page":{"limit":20,"total":1004,"hasMore":true,"nextCursor":"perf-customer-0016"},"firstIds":["c1","c2","c3"]}
[large-dataset-preview] {"scope":"FRONTEND_WITH_SYNTHETIC_MOCK_API","artifact":"apps/web/dist-demo","datasetId":"FE025-LARGE-CUSTOMERS-1000-V1","generatedRows":1000,"firstPageIds":["c1","c2","c3","c4","perf-customer-0001","perf-customer-0002","perf-customer-0003","perf-customer-0004","perf-customer-0005","perf-customer-0006","perf-customer-0007","perf-customer-0008","perf-customer-0009","perf-customer-0010","perf-customer-0011","perf-customer-0012","perf-customer-0013","perf-customer-0014","perf-customer-0015","perf-customer-0016"],"api":{"status":200,"pageLimit":20,"total":1004,"hasMore":true,"nextCursor":"perf-customer-0016"},"domRowsIncludingHeader":21,"firstPageReadyMs":352,"browser":"Mozilla/5.0 (Windows NT 10.0; Win64; x64) AppleWebKit/537.36 (KHTML, like Gecko) Chrome/153.0.8010.12 Safari/537.36","viewport":{"width":1280,"height":720},"note":"Synthetic customer identities only; the React screen renders one API page and exposes the next cursor instead of mounting the full collection."}
  ok   3 [chromium] › tests\artifacts\demo-preview.spec.ts:103:1 › a thousand synthetic customers remain API-paginated in the built demo artifact (968ms)
  ok   4 [chromium] › tests\artifacts\demo-preview.spec.ts:141:1 › the production artifact contains neither the mock worker asset nor MSW fixtures/runtime (8ms)
  ok   5 [chromium] › tests\fe009.spec.ts:35:1 › workspace onboarding creates a shop with an active membership and returns to its scoped route (2.2s)
  ok   6 [chromium] › tests\fe009.spec.ts:57:1 › customer create validates fields, submits through mock HTTP, and preserves edits after a stale version (3.5s)
  ok   7 [chromium] › tests\fe009.spec.ts:115:1 › customer detail keeps redacted contact fields read-only and does not overwrite them on save (1.3s)
  ok   8 [chromium] › tests\fe009.spec.ts:132:1 › FE009.G01 shop setup checklist guides to supported pages and leaves missing contract fields unverified (1.1s)
  ok   9 [chromium] › tests\fe009.spec.ts:145:1 › FE009.G05 marketing consent preview is interactive but never claims server opt-out (1.2s)
  ok  10 [chromium] › tests\fe009.spec.ts:160:1 › FE009.H06 audit screen distinguishes available fields from missing contract detail (1.1s)
  ok  11 [chromium] › tests\fe009.spec.ts:169:1 › FE009.B06 after-sale cases only link orders loaded for the selected customer and customer profile shows their shipment (5.3s)
  ok  12 [chromium] › tests\fe009.spec.ts:201:1 › team invitation and membership revoke stay shop-scoped and protect the active owner (2.3s)
  ok  13 [chromium] › tests\fe009.spec.ts:237:1 › privacy delete requests remain pending approval with no frontend step-up shortcut (2.5s)
  ok  14 [chromium] › tests\fe010.spec.ts:38:1 › product editor validates positive prices, protects image-only drafts, and saves variant payload through mock HTTP (3.7s)
  ok  15 [chromium] › tests\fe010.spec.ts:108:1 › product update sends If-Match and keeps edits visible after a 412 conflict (1.8s)
  ok  16 [chromium] › tests\fe010.spec.ts:126:1 › warehouse role can read catalog products but cannot edit product fields or price cost data (742ms)
  ok  17 [chromium] › tests\fe010.spec.ts:135:1 › categories create, search, update with a version, and render cursor pagination (1.9s)
  ok  18 [chromium] › tests\fe010.spec.ts:164:1 › CSV preview reports row-level errors and commits only valid product rows (2.1s)
  ok  19 [chromium] › tests\fe010.spec.ts:236:1 › import validation token is rejected with 412 after catalog changes and the preview remains visible (2.0s)
  ok  20 [chromium] › tests\fe010.spec.ts:268:1 › CSV demo row limit is explained and rejects more than 1000 data rows before preview (1.2s)
  ok  21 [chromium] › tests\fe010.spec.ts:281:1 › demo upload rejects files over 5 MB before making an upload request (1.4s)
UI005 acceptance: {"categoryTotal":105,"createCategoryId":"cat-2","editCategoryId":"cat-0","categoryRequests":18}
  ok  22 [chromium] › tests\fe010.spec.ts:292:1 › product category lookup pages the full collection and preserves the selected category while editing (8.7s)
  ok  23 [chromium] › tests\fe011.spec.ts:35:1 › FE011.AC01 snapshot drives stock totals and the SKU opens its catalog result (1.3s)
  ok  24 [chromium] › tests\fe011.spec.ts:54:1 › FE011.AC02 adjustment validates, waits for mock confirmation, and reconciles movement history once (3.7s)
  ok  25 [chromium] › tests\fe011.spec.ts:92:1 › FE011.AC03 conflict and insufficient stock preserve the draft and never update optimistically (2.7s)
  ok  26 [chromium] › tests\fe011.spec.ts:120:1 › FE011.AC03 forbidden adjustment retains user input and shows no success state (1.8s)
  ok  27 [chromium] › tests\fe011.spec.ts:136:1 › FE011.AC03 unknown command blocks duplicate submission until shared recovery reconciles it (1.8s)
  ok  28 [chromium] › tests\fe011.spec.ts:154:1 › FE011.AC04 movement contract filters are URL-backed and history exposes actor and permission-gated source (1.2s)
  ok  29 [chromium] › tests\fe011.spec.ts:182:1 › FE011.AC05 inventory reflows at mobile widths, passes axe, and restores keyboard focus after adjustment dialog (1.7s)
  ok  30 [chromium] › tests\fe011.spec.ts:205:1 › FE011.AC03 unknown shop scope shows no stock from another shop (307ms)
  ok  31 [chromium] › tests\fe012.spec.ts:35:1 › FE012.AC01 searchable customer and product pickers submit contract-shaped draft and reject fractional quantity (3.9s)
  ok  32 [chromium] › tests\fe012.spec.ts:93:1 › FE012 demo address choice is labeled synthetic and completes the mock order flow (4.9s)
  ok  33 [chromium] › tests\fe012.spec.ts:122:1 › FE012.AC01 editing lines invalidates quote and customer consent; a new quote is required before confirmation (4.1s)
  ok  34 [chromium] › tests\fe012.spec.ts:182:1 › FE012.AC03 mock stale-version 412 preserves draft fields and does not show success (1.9s)
  ok  35 [chromium] › tests\fe012.spec.ts:196:1 › FE012.AC03 offline state blocks quote mutation while retaining the loaded draft (1.1s)
  ok  36 [chromium] › tests\fe012.spec.ts:208:1 › FE012.AC03 unknown confirm outcome blocks duplicate writes until shared command recovery is available (2.1s)
  ok  37 [chromium] › tests\fe012.spec.ts:254:1 › FE012.AC03 quote and customer confirmation expiration disable confirmation using API time (2.5s)
  ok  38 [chromium] › tests\fe012.spec.ts:274:1 › FE012.AC03 returns reject fractional/over-original quantities locally and preserve data on cumulative mock rejection (1.2s)
  ok  39 [chromium] › tests\fe012.spec.ts:298:1 › FE012.AC04 return inspection loads the current case and applies accepted partial quantity to mock stock and refund (2.4s)
  ok  40 [chromium] › tests\fe012.spec.ts:351:1 › FE012.AC03 handed-over order routes to returns and exposes no ordinary cancel action (1.1s)
  ok  41 [chromium] › tests\fe012.spec.ts:358:1 › FE012.AC05 order drafting remains usable without horizontal page overflow and passes focused axe checks (1.4s)
  ok  42 [chromium] › tests\fe013.spec.ts:40:1 › FE013.C04 shipping preview distinguishes missing address, unserviceable zone, and expired mock quote (3.0s)
  ok  43 [chromium] › tests\fe013.spec.ts:65:1 › FE013.AC01–AC04 stale claim conflict is visible; pick, pack, dispatch and delivery use current API versions once (6.9s)
  ok  44 [chromium] › tests\fe013.spec.ts:198:1 › FE013.AC03 unknown handover cannot be repeated before command reconciliation (3.5s)
  ok  45 [chromium] › tests\fe013.spec.ts:242:1 › FE013.AC01 role scope and FE013.AC05 responsive shipment/preparation views remain accessible (3.0s)
  ok  46 [chromium] › tests\fe014.spec.ts:25:1 › FE014.AC01 multi-line purchase validates MOQ/pack size and binds approval to the created intent (3.2s)
  ok  47 [chromium] › tests\fe014.spec.ts:77:1 › FE027.D02 supplier workspace edits the selected contact through its current version and displays MOQ offers (1.4s)
  ok  48 [chromium] › tests\fe014.spec.ts:95:1 › FE014.AC02 approval covers the exact purchase intent; unknown send is blocked from blind retry (4.1s)
  ok  49 [chromium] › tests\fe014.spec.ts:154:1 › FE014.S03 auto-send cannot be configured without an enabled procurement budget (2.3s)
  ok  50 [chromium] › tests\fe014.spec.ts:167:1 › FE014.S03 manager without procurement.receive cannot open receipt actions (2.4s)
  ok  51 [chromium] › tests\fe014.spec.ts:187:1 › FE014.AC03 partial receipt posts only accepted units to synthetic stock and payable once (3.4s)
  ok  52 [chromium] › tests\fe014.spec.ts:258:1 › FE014.D03/D04/D07 replenishment uses min-max rules, labels forecast limits, and blocks duplicate proposals (1.9s)
  ok  53 [chromium] › tests\fe015.spec.ts:49:1 › FE015.AC01 report filters use exact timezone boundaries and mock API aggregates (1.3s)
  ok  54 [chromium] › tests\fe015.spec.ts:95:1 › FE021.E08 report explanation is mock-only, cites the filtered P&L snapshot, and never writes finance data (1.1s)
  ok  55 [chromium] › tests\fe015.spec.ts:116:1 › UI003 report timestamps follow the active shop timezone (2.2s)
  ok  56 [chromium] › tests\fe015.spec.ts:173:1 › FE015.E02/E03 profit report renders canonical cost, gross-profit and operating-expense values (672ms)
  ok  57 [chromium] › tests\fe015.spec.ts:201:1 › FE015.AC02 journal rejects unbalanced decimal lines before POST and sends exact money strings (2.5s)
  ok  58 [chromium] › tests\fe015.spec.ts:236:1 › FE015.AC02 closed accounting period is visible and disables journal draft creation (1.7s)
  ok  59 [chromium] › tests\fe015.spec.ts:257:1 › FE015.AC03 CSV import keeps partial row failures visible and deduplicates external transactions (1.6s)
  ok  60 [chromium] › tests\fe015.spec.ts:280:1 › UI001 reconciliation cursors stay scoped and dialogs load choices beyond the visible table page (7.6s)
  ok  61 [chromium] › tests\fe015.spec.ts:407:1 › FE015.AC03 COD settlement matches net remittance plus documented fee (3.0s)
  ok  62 [chromium] › tests\fe015.spec.ts:441:1 › FE015.AC03 partial bank allocation leaves the remaining amount and debt visible (2.3s)
  ok  63 [chromium] › tests\fe015.spec.ts:466:1 › FE015.AC03 unknown journal posting is not resent from the same draft (3.7s)
  ok  64 [chromium] › tests\fe016.spec.ts:67:1 › UI015 mobile demo tools disclose by keyboard and inbox stays within narrow viewports (838ms)
  ok  65 [chromium] › tests\fe016.spec.ts:100:1 › FE016 conversation keeps its composer visible while long demo context scrolls independently (1.1s)
  ok  66 [chromium] › tests\fe016.spec.ts:133:1 › FE016.AC01 inbox filters call canonical query fields and remain bookmarked through conversation details (1.8s)
  ok  67 [chromium] › tests\fe016.spec.ts:161:1 › FE016.AC01 list cursor is isolated from message cursor and restored on back navigation (778ms)
  ok  68 [chromium] › tests\fe016.spec.ts:180:1 › UI002 inbox list and message cursors stay independent through paging, conversation switch and shop change (2.7s)
  ok  69 [chromium] › tests\fe016.spec.ts:269:1 › UI002 mobile keeps the list page while messages page and Back restores it (1.9s)
  ok  70 [chromium] › tests\fe016.spec.ts:313:1 › UI002 Inbox search resets only the list cursor while a message page is open (1.6s)
  ok  71 [chromium] › tests\fe016.spec.ts:370:1 › UI002 deep link, refresh and mobile Back preserve their own cursors (1.3s)
  ok  72 [chromium] › tests\fe016.spec.ts:424:1 › UI002 list and message panel errors remain isolated (4.8s)
  ok  73 [chromium] › tests\fe016.spec.ts:448:1 › UI002 send, invalidation and resync keep both cursors and send only once (1.7s)
  ok  74 [chromium] › tests\fe016.spec.ts:508:1 › FE016.AC01 takeover and reply use current versions and show API send state without claiming delivery (1.6s)
  ok  75 [chromium] › tests\fe016.spec.ts:535:1 › FE016.AC02 internal notes render HTML-like text inert and feedback creates only a review draft (1.4s)
  ok  76 [chromium] › tests\fe016.spec.ts:566:1 › FE016.AC03 unknown send keeps the reply draft, exposes command recovery and never blindly resends (1.2s)
  ok  77 [chromium] › tests\fe016.spec.ts:587:1 › FE016.AC04 role without customer/order permissions cannot open those cross-module references (767ms)
  ok  78 [chromium] › tests\fe016.spec.ts:598:1 › FE016.S03 stale takeover preserves reason and reports the version conflict (1.7s)
  ok  79 [chromium] › tests\fe016.spec.ts:614:1 › FE016.B05 cross-sell promotion preview shows sample rules without applying a discount (1.1s)
  ok  80 [chromium] › tests\fe016.spec.ts:628:1 › FE016.B08 image and voice preview is synthetic and stays local (1.1s)
  ok  81 [chromium] › tests\fe016.spec.ts:643:1 › FE027.B01 industry sales script preview asks for missing facts and stays a local draft (1.4s)
  ok  82 [chromium] › tests\fe016.spec.ts:659:1 › FE027.B02 inbox price and available stock preview uses current canonical mock reads (770ms)
  ok  83 [chromium] › tests\fe016.spec.ts:680:1 › FE027.B03 order capture links the active customer and conversation into the manual order form (1.2s)
  ok  84 [chromium] › tests\fe016.spec.ts:690:1 › FE027.B04 automatic order confirmation stays unavailable until policy and customer evidence exist (1.1s)
  ok  85 [chromium] › tests\fe017-validation.spec.ts:15:1 › FE017 synthetic 422 keeps the knowledge draft fields and shows field errors (1.3s)
  ok  86 [chromium] › tests\fe017.spec.ts:24:1 › FE017.AC01 demo publishing uses the approved permission and lifecycle substitute without an API allowedActions field (2.8s)
  ok  87 [chromium] › tests\fe017.spec.ts:115:1 › FE017.AC02 knowledge file upload sends canonical purpose and detail reads processing status (1.7s)
  ok  88 [chromium] › tests\fe017.spec.ts:154:1 › FE017 price and stock source preview uses canonical product and timestamped inventory APIs (693ms)
  ok  89 [chromium] › tests\fe017.spec.ts:187:1 › FE017.AC03 missing content, unsupported and oversized files keep creation unavailable (1.5s)
  ok  90 [chromium] › tests\fe017.spec.ts:209:1 › FE017.AC04 feedback approval creates inert draft content and its first revision only (2.3s)
  ok  91 [chromium] › tests\fe017.spec.ts:242:1 › FE017.AC05 manager sees knowledge read-only and synthetic API rejects purpose-specific upload and publish (729ms)
  ok  92 [chromium] › tests\fe017.spec.ts:263:1 › FE017.AC06 stale review preserves the reason and explains the conflict (1.4s)
  ok  93 [chromium] › tests\fe017.spec.ts:278:1 › FE027.G02 product content brief edits source, size, warranty, alternatives, and forbidden claims locally (1.1s)
  ok  94 [chromium] › tests\fe017.spec.ts:296:1 › FE027.G03 policy revisions keep the published snapshot immutable when a draft changes (855ms)
  ok  95 [chromium] › tests\fe018.spec.ts:128:1 › FE018.S01 maps routes and operations to the canonical OpenAPI permissions (446ms)
  ok  96 [chromium] › tests\fe018.spec.ts:145:1 › FE018.AC01/04 draft saves use the contract version and keep human order confirmation locked after a conflict (2.9s)
  ok  97 [chromium] › tests\fe018.spec.ts:176:1 › FE018.AC03 evaluation is synthetic, revision-bound, and cannot publish a stale draft (2.8s)
  ok  98 [chromium] › tests\fe018.spec.ts:200:1 › FE018.AC01/04 successful publish is tied to the tested revision and pause explains its boundary (2.6s)
  ok  99 [chromium] › tests\fe018.spec.ts:230:1 › FE018.AC03 playground sends no external message and preserves unknown cost and token values (1.6s)
  ok 100 [chromium] › tests\fe018.spec.ts:252:1 › FE018.S03 synthetic budget and tool denials retain the prompt and never show a generated answer (3.1s)
  ok 101 [chromium] › tests\fe018.spec.ts:278:1 › FE027.H03 budget and provider failover preview refuses silent provider switching on exhaustion (1.5s)
  ok 102 [chromium] › tests\fe018.spec.ts:292:1 › FE018.AC02 role kill switch is versioned, preserves API tools, and does not pause the whole bot (3.3s)
  ok 103 [chromium] › tests\fe018.spec.ts:333:1 › FE018.AC02 expired, wrong-scope, and matching approvals produce honest budget results (1.8s)
  ok 104 [chromium] › tests\fe018.spec.ts:361:1 › FE018.AC05 manager and bot-admin roles cannot use operations outside their canonical permissions (1.6s)
  ok 105 [chromium] › tests\fe018.spec.ts:393:1 › FE018.AC05 unknown role command stays unresolved and does not claim successful resumption (2.3s)
UI004_25_ACCEPTANCE={"total":25,"pageSizes":[20,5],"cursor":"evaluation-10016","oldestRecord":"evaluation-10001","oldestReachable":true,"detailPreservedCursor":true,"browserBackRestoredFirstPage":true,"searchResetCursor":true}
  ok 106 [chromium] › tests\fe018.spec.ts:409:1 › UI004 25 evaluations: cursor pages reach the last record and preserve detail, search, and browser Back state (2.7s)
UI004_105_ACCEPTANCE={"total":105,"pageSizes":[20,20,20,20,20,5],"pagesVisited":6,"cursorRequests":["evaluation-10256","evaluation-10196","evaluation-10136","evaluation-10076","evaluation-10016"],"uniqueRecords":105,"oldestRecord":"evaluation-10001","oldestReachable":true,"failedCursorRetainedForRetry":"evaluation-10196","errorShowsNoFabricatedRows":true,"retrySucceeded":true}
  ok 107 [chromium] › tests\fe018.spec.ts:455:1 › UI004 105 evaluations: cursor traversal reaches every record and retains the failing cursor for retry (6.8s)
  ok 108 [chromium] › tests\fe019.spec.ts:21:1 › FE019.S01 maps integrations and notification routes, actions, schemas, and mock boundaries (12ms)
  ok 109 [chromium] › tests\fe019.spec.ts:70:1 › FE019.AC01 AI secret is write-only, cleared after submit, and absent from stored/read data (2.2s)
  ok 110 [chromium] › tests\fe019.spec.ts:117:1 › FE019.AC01 invalid mock credential is rejected, cleared from the form, and not submitted (1.7s)
  ok 111 [chromium] › tests\fe019.spec.ts:138:1 › FE019.AC02 channel OAuth failure stays on the page and never marks a channel connected (1.1s)
  ok 112 [chromium] › tests\fe019.spec.ts:172:1 › FE019.AC03/04 device, Telegram, and PWA checks stay synthetic and do not request OS permission (2.6s)
  ok 113 [chromium] › tests\fe019.spec.ts:251:1 › FE019.AC05 notification policy validates canonical numeric bounds before sending and acknowledges only allowed work (2.1s)
  ok 114 [chromium] › tests\fe019.spec.ts:273:1 › FE019.A03 notification order link stays within the active shop scope (1.2s)
  ok 115 [chromium] › tests\fe019.spec.ts:282:1 › FE019.A05 reminder policy saves shop-local schedule and quiet hours through the synthetic API (1.2s)
  ok 116 [chromium] › tests\fe019.spec.ts:309:1 › FE027.A02/A07 preparation notification keeps order evidence and separates queued, opened, and acknowledged states (623ms)
  ok 117 [chromium] › tests\fe019.spec.ts:334:1 › FE027.A08 notification settings disclose server-only deduplication and callback safeguards (1.0s)
  ok 118 [chromium] › tests\fe020.spec.ts:41:1 › FE020.AC01 approval detail is fetched and a changed source resource rejects the stale decision (2.9s)
  ok 119 [chromium] › tests\fe020.spec.ts:87:1 › FE020.AC02/03 work-item actions follow allowedActions and operations health stays explicitly synthetic (2.4s)
  ok 120 [chromium] › tests\fe020.spec.ts:137:1 › FE020.AC03 role pause control uses the canonical versioned mock and never claims readiness (1.5s)
  ok 121 [chromium] › tests\fe020.spec.ts:154:1 › FE020.F03 operations exception filter groups overdue, blocked, and unclaimed synthetic work (1.2s)
  ok 122 [chromium] › tests\fe020.spec.ts:175:1 › FE020.F05 delegation rule preview stays local and grants no API approval capability (1.6s)
  ok 123 [chromium] › tests\fe020.spec.ts:192:1 › FE020.F06/H01 digest and dependency health panels show synthetic history without claiming workers are ready (677ms)
  ok 124 [chromium] › tests\fe020.spec.ts:225:1 › FE027.H08 restore and release readiness stay unknown without a verified rehearsal or deployment gate (1.1s)
  ok 125 [chromium] › tests\fe021.spec.ts:29:1 › FE021 dashboard keeps independent panels usable and hides finance fields without finance.read (751ms)
  ok 126 [chromium] › tests\fe021.spec.ts:41:1 › FE021 marketing chart and table match the same synthetic API fixture and preserve missing actual spend (1.6s)
  ok 127 [chromium] › tests\fe021.spec.ts:65:1 › FE021 export uses inclusive shop-local boundaries, safe CSV, API jobs and cursor pagination (2.4s)
  ok 128 [chromium] › tests\fe021.spec.ts:120:1 › FE021 mock rejects an export when reports.export lacks the source permission (723ms)
  ok 129 [chromium] › tests\fe021.spec.ts:140:1 › FE021 mock rejects an invalid report timezone before creating an export job (1.1s)
  ok 130 [chromium] › tests\fe021.spec.ts:160:1 › FE021 ambiguous export result preserves the selected dates and never exposes a download (2.4s)
  ok 131 [chromium] › tests\fe021.spec.ts:173:1 › FE021 empty report and marketing payloads render explicit empty states (1.8s)
  ok 132 [chromium] › tests\fe021.spec.ts:192:1 › FE021 stale export conflict preserves dates and never exposes a download (2.4s)
  ok 133 [chromium] › tests\frontend.spec.ts:39:1 › catalog create uses the HTTP mock and successful save clears the draft guard (1.5s)
  ok 134 [chromium] › tests\frontend.spec.ts:56:1 › dirty drafts block in-app navigation and preserve input until the user decides (1.9s)
  ok 135 [chromium] › tests\frontend.spec.ts:74:1 › all canonical routes render inside the real React demo application (28.9s)
  ok 136 [chromium] › tests\frontend.spec.ts:99:1 › switching shops cancels a delayed request and loads only the new shop scope (5.2s)
  ok 137 [chromium] › tests\frontend.spec.ts:117:1 › role changes remove restricted navigation and the route guard explains denied access (698ms)
  ok 138 [chromium] › tests\frontend.spec.ts:130:1 › deep links survive browser refresh and logout clears the mock session (2.9s)
  ok 139 [chromium] › tests\frontend.spec.ts:143:1 › logout asks before discarding a draft and retains the session when logout fails (1.8s)
  ok 140 [chromium] › tests\frontend.spec.ts:200:1 › mobile navigation opens, routes, and closes without viewport overflow (854ms)
  ok 141 [chromium] › tests\frontend.spec.ts:214:1 › chunk loading errors use the route recovery boundary (708ms)
  ok 142 [chromium] › tests\frontend.spec.ts:253:1 › live mode reports an unavailable session API without enabling mock data (213ms)
ROUTE_ROLE_MATRIX_CASES=357 ROLES=7 PRIVATE_ROUTES=51 RESULT=PASS
  ok 143 [chromium] › tests\route-role-matrix.spec.ts:42:1 › route read access matches canonical permissions for every demo role (9.6s)
  ok 144 [chromium] › tests\security.spec.ts:35:1 › untrusted product text renders as text without activating markup (1.4s)
  ok 145 [chromium] › tests\security.spec.ts:53:1 › catalog import rejects a non-CSV file before an upload request (1.0s)
  ok 146 [chromium] › tests\security.spec.ts:71:1 › catalog import rejects files above the demo size limit before upload (1.3s)
  ok 147 [chromium] › tests\security.spec.ts:89:1 › mock uploads require a purpose, enforce its role, and fingerprint file content for retries (1.2s)
VITE_CACHE_ISOLATION=PASS rootA=C:\Users\Joker-PC\AppData\Local\Temp\botsales-vite-cache\ea27c7577456f6009d55\test-demo\playwright-9524-5daa7080-3ece-4973-b460-43852685fee1-parallel-a rootB=C:\Users\Joker-PC\AppData\Local\Temp\botsales-vite-cache\ea27c7577456f6009d55\test-demo\playwright-9524-5daa7080-3ece-4973-b460-43852685fee1-parallel-b otherCheckout=true
  ok 148 [chromium] › tests\session\demo-server-cache-isolation.spec.ts:7:1 › concurrent demo servers use isolated Vite caches and load the React app (1.3s)
  ok 149 [chromium] › tests\states\fe023.spec.ts:17:1 › FE023.S04 a dirty dialog keeps the form value until the user confirms discard (1.6s)
  ok 150 [chromium] › tests\states\fe023.spec.ts:35:1 › FE023.S03 a customer lookup loads the next cursor page without dropping earlier choices (1.6s)
  ok 151 [chromium] › tests\states\fe023.spec.ts:76:1 › FE023.S04 delayed requests show loading and failed refresh keeps a retry path (6.7s)
  ok 152 [chromium] › tests\states\fe023.spec.ts:103:1 › FE023 unsaved shop settings are preserved when navigation switches shop scope (2.4s)
  ok 153 [chromium] › tests\states\fe023.spec.ts:121:1 › FE023 a saved shop form resets its dirty baseline and reports success (1.3s)
ROUTE_EMPTY_COMPOSITION_PROGRESS=3/11
ROUTE_EMPTY_COMPOSITION_PROGRESS=6/11
ROUTE_EMPTY_COMPOSITION_PROGRESS=9/11
ROUTE_EMPTY_COMPOSITION=11/11 RESULT=PASS
  ok 154 [chromium] › tests\states\route-empty-composition.spec.ts:27:1 › empty collection responses render accessible empty states on canonical list routes (2.1s)
ROUTE_ERROR_COMPOSITION_PROGRESS=10/51
ROUTE_ERROR_COMPOSITION_PROGRESS=20/51
ROUTE_ERROR_COMPOSITION_PROGRESS=30/51
ROUTE_ERROR_COMPOSITION_PROGRESS=40/51
ROUTE_ERROR_COMPOSITION_PROGRESS=50/51
ROUTE_ERROR_COMPOSITION=51/51 RESULT=PASS
  ok 155 [chromium] › tests\states\route-error-composition.spec.ts:26:1 › every shop route composes the shared API error state with its page content (2.3m)
  ok 156 [chromium] › tests\ui-bot-layout.spec.ts:42:1 › Bot routes R26/R27/R28/R51 fit the supported page-width boundaries (19.7s)
  ok 157 [chromium] › tests\ui-bot-layout.spec.ts:52:1 › Bot config, evaluation, role and budget dialogs stay inside mobile and desktop viewports (12.7s)
  ok 158 [chromium] › tests\ui-catalog-layout.spec.ts:15:1 › catalog R09-R14 keeps shared gutters, inset ownership and dry-run flow at mobile and desktop (12.3s)
  ok 159 [chromium] › tests\ui-catalog-layout.spec.ts:67:1 › Imports review notice and demo controls keep the measured shared 24px clearance at 806x884 (1.0s)
  ok 160 [chromium] › tests\ui-composition-layout.spec.ts:13:1 › SPC-061/062 shared compositions own their gap and child boundaries on every canonical route (1.7m)
  ok 161 [chromium] › tests\ui-composition-positive-ancestry.spec.ts:62:1 › S15 Dashboard conditional content keeps an independently bordered surface inside its Panel owner (2.4s)
  ok 162 [chromium] › tests\ui-composition-positive-ancestry.spec.ts:103:1 › S15 catalog QueryState fragment keeps DataTable and Pager as peer children of one Panel (3.0s)
  ok 163 [chromium] › tests\ui-composition-positive-ancestry.spec.ts:137:1 › S15 Knowledge action group wraps children without losing its shared action owner (3.0s)
  ok 164 [chromium] › tests\ui-customers-layout.spec.ts:30:1 › Customers R07/R08/R54 layouts fit the shell at every responsive boundary (15.0s)
  ok 165 [chromium] › tests\ui-customers-layout.spec.ts:59:1 › Customer create and service-case dialogs stay in the viewport without submitting (4.7s)
  ok 166 [chromium] › tests\ui-dashboard-layout.spec.ts:15:1 › dashboard hierarchy, CTA targets, and page width hold across supported breakpoints (1.4s)
  ok 167 [chromium] › tests\ui-finance-layout.spec.ts:30:1 › Finance R20/R21/R22/R48/R49/R50 route layouts retain shell gutter without horizontal overflow from 320–1440px (29.0s)
  x  168 [chromium] › tests\ui-finance-layout.spec.ts:62:1 › titled Finance Panels keep one 16px header-to-first-content boundary (8.9s)
(node:49160) Warning: The 'NO_COLOR' env is ignored due to the 'FORCE_COLOR' env being set.
(Use `node --trace-warnings ...` to show where the warning was created)
  ok 169 [chromium] › tests\ui-finance-layout.spec.ts:122:1 › Finance report, entry, journal, reconciliation and period dialogs remain in the viewport without submitting (13.2s)
  ok 170 [chromium] › tests\ui-fulfillment-layout.spec.ts:30:1 › Fulfillment R41/R42 preserve shell gutter and contain responsive route layouts from 320-1440px (10.9s)
  ok 171 [chromium] › tests\ui-fulfillment-layout.spec.ts:59:1 › Fulfillment prep, shipment-create, detail and event dialogs fit mobile and desktop without submitting (5.6s)
  ok 172 [chromium] › tests\ui-integrations-layout.spec.ts:40:1 › Integrations routes R29/R30 fit the supported page-width boundaries (12.0s)
  ok 173 [chromium] › tests\ui-integrations-layout.spec.ts:50:1 › R29 disconnect and R30 create/edit credential dialogs stay inside mobile and desktop viewports (9.3s)
  ok 174 [chromium] › tests\ui-inventory-layout.spec.ts:15:1 › Inventory R15/R16 preserve shared gutter and contain table overflow at 320-1440px (10.9s)
  ok 175 [chromium] › tests\ui-inventory-layout.spec.ts:51:1 › Inventory filters reset cursor and preserve other URL state; adjustment validation sends no command (5.2s)
  ok 176 [chromium] › tests\ui-knowledge-layout.spec.ts:56:1 › Knowledge routes R23/R24/R25 fit every supported layout boundary (18.6s)
  ok 177 [chromium] › tests\ui-knowledge-layout.spec.ts:76:1 › Knowledge create, edit, and feedback-review dialogs remain inside mobile and desktop viewports (11.1s)
  ok 178 [chromium] › tests\ui-notifications-layout.spec.ts:40:1 › R39/R40 Notifications routes fit the supported page-width boundaries (11.6s)
  ok 179 [chromium] › tests\ui-notifications-layout.spec.ts:50:1 › R40 revoke-device confirmation stays inside mobile and desktop viewports (4.5s)
  ok 180 [chromium] › tests\ui-operations-layout.spec.ts:41:1 › R37/R38/R52 Operations routes fit the supported page-width boundaries (16.2s)
  ok 181 [chromium] › tests\ui-operations-layout.spec.ts:51:1 › R52 role-control confirmation stays inside mobile and desktop viewports (4.7s)
  ok 182 [chromium] › tests\ui-orders-layout.spec.ts:15:1 › Orders R17/R18/R19/R43 preserve responsive page geometry at 320-1440px (21.2s)
  ok 183 [chromium] › tests\ui-orders-layout.spec.ts:46:1 › Orders draft, versioned quote, synthetic address and return dialogs keep their behavior without writes (10.2s)
  ok 184 [chromium] › tests\ui-panel-layout.spec.ts:15:1 › the titled Fulfillment Panel owns its body inset and keeps one 16px header boundary (3.9s)
