
> botsales-frontend@0.1.0 verify
> npm run generate:check && npm run test:source && npm run boundaries && npm run lint && npm run typecheck && npm run test:domain && npm test && npm run build && npm run test:layout && npm run test:visual-tokens && npm run test:ui-composition && npm run test:evidence


> botsales-frontend@0.1.0 generate:check
> node scripts/generate.mjs --check

{"status":"PASS","outputs":11,"schemas":283,"operations":210,"routes":54}

> botsales-frontend@0.1.0 test:source
> node scripts/check-source.mjs && node --test tests/source-checker.test.mjs

{
  "checkedAt": "2026-10-07T10:50:11.433Z",
  "scope": "Syntax, operation identifiers, route-source mapping, permissions and token adoption. NOT React typecheck, build or browser test.",
  "compiler": "5.9.2",
  "compilerSource": "project dependency",
  "files": 68,
  "operationCalls": 220,
  "routes": 54,
  "issues": [],
  "status": "PASS"
}
✔ module path classification accepts Windows and POSIX spellings, but excludes app files (1.0449ms)
✔ the source-checker CLI rejects a prohibited color literal in a module (159.9306ms)
✔ the source-checker CLI accepts a token-based module and leaves app-level colors outside the rule (154.392ms)
ℹ tests 3
ℹ suites 0
ℹ pass 3
ℹ fail 0
ℹ cancelled 0
ℹ skipped 0
ℹ todo 0
ℹ duration_ms 366.9791

> botsales-frontend@0.1.0 boundaries
> node scripts/check-boundaries.mjs

{
  "checkedAt": "2026-10-07T10:50:13.979Z",
  "scope": "AST imports resolve aliases/relative paths, module boundaries and cycles; parser diagnostics are errors",
  "files": 68,
  "imports": 504,
  "negativeFixtures": "Boundary fixtures: PASS 10/10 scenarios (allowed shared/public imports, alias, relative, app deep import, type-only, dynamic, unresolved, cycle, parser error).",
  "status": "PASS",
  "issues": []
}

> botsales-frontend@0.1.0 lint
> eslint apps/web/src --max-warnings 0


> botsales-frontend@0.1.0 typecheck
> tsc -p apps/web/tsconfig.json --noEmit


> botsales-frontend@0.1.0 test:domain
> node scripts/test-domain.mjs

{"status":"PASS","simulatorChecks":75,"networkChecks":13,"networkHandlers":210,"passed":88,"operations":89,"node":"v24.19.0","typescript":"5.9.2"}

> botsales-frontend@0.1.0 test
> vitest run --config apps/web/vitest.config.ts


 RUN  v5.0.3 C:/Users/Joker-PC/Documents/Projects/Bot-AI-Ban-hang-FB/BotSalesAI_Frontend

[BABEL] Note: The code generator has deoptimised the styling of C:\Users\Joker-PC\AppData\Local\Temp\botsales-vite-cache\ea27c7577456f6009d55\direct-vite\3368\deps\react-dom_client.js?v=30891568 as it exceeds the max of 500KB.

 Test Files  12 passed (12)
      Tests  136 passed (136)
   Start at  17:50:25
   Duration  6.71s (environment 37%, tests 32%, import 15%, setup 11%, transform 6%)


> botsales-frontend@0.1.0 build
> npm run generate:check && npm run typecheck && npm run build --workspace @botsales/web


> botsales-frontend@0.1.0 generate:check
> node scripts/generate.mjs --check

{"status":"PASS","outputs":11,"schemas":283,"operations":210,"routes":54}

> botsales-frontend@0.1.0 typecheck
> tsc -p apps/web/tsconfig.json --noEmit


> @botsales/web@0.1.0 build
> vite build --mode production

vite v7.3.6 building client environment for production...
transforming...
✓ 2058 modules transformed.
rendering chunks...
computing gzip size...
dist/index.html                              1.19 kB │ gzip:   0.60 kB
dist/assets/index-BQPx7lJM.css               3.56 kB │ gzip:   1.33 kB
dist/assets/download-8lJFmiSZ.js             0.23 kB │ gzip:   0.17 kB
dist/assets/filters-CVitQAxr.js              0.32 kB │ gzip:   0.25 kB
dist/assets/hooks-DHlYy9O-.js                3.19 kB │ gzip:   1.62 kB
dist/assets/index-COioPG-6.js                7.86 kB │ gzip:   3.15 kB
dist/assets/index-CjNtam1R.js                8.29 kB │ gzip:   3.52 kB
dist/assets/index-mN_7mpq7.js                9.79 kB │ gzip:   3.68 kB
dist/assets/index-B5wBrrv9.js               13.65 kB │ gzip:   4.48 kB
dist/assets/index-DAzEL9C9.js               13.78 kB │ gzip:   5.63 kB
dist/assets/index-Cd5yl1eu.js               14.15 kB │ gzip:   5.48 kB
dist/assets/index-D1-A3_XL.js               14.30 kB │ gzip:   5.30 kB
dist/assets/index-CswTX1eW.js               16.21 kB │ gzip:   5.49 kB
dist/assets/index-BJb1_nxb.js               16.38 kB │ gzip:   5.41 kB
dist/assets/index-BBH8VnNv.js               17.80 kB │ gzip:   6.25 kB
dist/assets/index-Bpw_f4H0.js               18.46 kB │ gzip:   6.15 kB
dist/assets/index-BG7C9MJq.js               21.82 kB │ gzip:   7.41 kB
dist/assets/index-CEsR_Gr2.js               22.92 kB │ gzip:   8.18 kB
dist/assets/index-BZkU32Ow.js               25.83 kB │ gzip:   8.43 kB
dist/assets/index-BbTWVafC.js               31.55 kB │ gzip:   9.82 kB
dist/assets/query-5vm9EU1C.js               33.15 kB │ gzip:   9.92 kB
dist/assets/index-C8NlQ-L_.js               37.04 kB │ gzip:  10.06 kB
dist/assets/i18n-xB0mQYCC.js                46.14 kB │ gzip:  15.12 kB
dist/assets/schemas-jpQ0XMzw.js             79.18 kB │ gzip:  24.03 kB
dist/assets/index-D9oF5B2S.js               87.49 kB │ gzip:  27.83 kB
dist/assets/schema-validation-Bhr7oAQE.js  149.80 kB │ gzip:  45.12 kB
dist/assets/react-runtime-D0NtfbPC.js      279.78 kB │ gzip:  90.28 kB
dist/assets/contract-data-BIzYYkc1.js      303.99 kB │ gzip:  36.17 kB
dist/assets/charts-CQ4oecFO.js             313.03 kB │ gzip:  94.99 kB
dist/assets/mui-Bz_aCSm2.js                328.33 kB │ gzip: 100.02 kB
✓ built in 3.00s

> botsales-frontend@0.1.0 test:layout
> node --test tests/layout-checker.test.mjs tests/ui-layout-binding-gates.test.mjs && node scripts/check-layout.mjs

✔ accepts semantic bridge roles, the closed token-derived factor map, geometry, and reset values (1179.4202ms)
✔ rejects a CSS spacing role without a declared shared owner (969.4947ms)
✔ rejects scale-conforming and off-scale literals in sx, responsive leaves, named and namespace MUI System props (977.8513ms)
✔ follows local aliases and style callbacks; rejects theme spacing helpers and preset overrides (961.6734ms)
✔ scans nested slotProps but does not confuse event handlers or geometric dimensions with spacing (951.0291ms)
✔ keeps Panel geometry inspectable and rejects spacing hidden in its geometry prop (2906.2057ms)
✔ accepts only an exact CSS exception and reports stale or mismatched exception scope (2803.5563ms)
✔ rejects malformed TypeScript, malformed CSS, bad exception schema, and raw values in the bridge (3800.0266ms)
✔ rejects canonical pixel tokens used as MUI factors and an altered bridge factor table (1935.9333ms)
✔ report mode inventories migration debt without turning findings into PASS (998.2938ms)
✔ canonical writes through casts and aliases fail outside style expressions (1210.6678ms)
✔ Object.assign cannot mutate canonical data but can copy to a fresh object (2029.9903ms)
✔ layout gate rejects raw spacing on const alias of MUI component (981.6019ms)
✔ canonical mutation gate follows global mutator aliases and reflection (972.6072ms)
✔ local mutator names do not acquire global mutation identity (1006.627ms)
✔ destructured mutators and call/apply retain canonical mutation checks (1030.649ms)
✔ global mutator call/apply can copy canonical values into fresh objects (998.6803ms)
✔ mutable aliases with possible canonical destinations fail closed (976.6615ms)
✔ opaque apply arguments fail closed while unrelated mutable data stays valid (1964.9484ms)
✔ canonical references inside containers and destructured aliases cannot be mutated (1136.3654ms)
✔ independent shallow copies of scalar canonical fields remain mutable (987.263ms)
✔ array references and nested destructuring preserve canonical write provenance (976.8934ms)
✔ array destinations distinguish independent elements from canonical references (996.3972ms)
✔ array destructuring, dynamic indices and spread cannot hide canonical references (1011.3406ms)
✔ dynamic indices and destructuring of independent arrays stay mutable (1007.6417ms)
✔ function parameters cannot hide canonical mutation across source files (1133.1893ms)
✔ read-only helpers and mutations of unrelated arguments remain valid (1012.4376ms)
✔ returned canonical references remain protected across helper boundaries (998.2108ms)
✔ helper returns of fresh scalar copies do not retain canonical destination identity (987.3722ms)
✔ destructured object parameters cannot mutate canonical arguments (992.9107ms)
✔ destructured object parameters retain independent argument mutability (984.1495ms)
✔ default parameter and binding initializers cannot hide canonical mutations (971.2644ms)
✔ fresh default parameter and binding copies remain mutable (976.7626ms)
✔ rest parameters retain canonical argument write provenance (1170.3943ms)
✔ rest parameters distinguish independent positions from canonical siblings (975.254ms)
✔ finite spread arguments preserve shifted positional and rest destinations (1029.049ms)
✔ finite spread expansion keeps independent argument positions mutable (1018.063ms)
✔ opaque spreads keep positional mutation destinations unknown (969.3886ms)
✔ opaque spreads into read-only helpers do not invent mutation findings (981.0675ms)
✔ array parameter patterns retain canonical positions including nested object arrays (1062.9537ms)
✔ array parameter patterns retain independent bound element mutability (1008.6068ms)
✔ layout gate rejects parameter shadow of canonical layout name (967.4371ms)
✔ layout gate follows genuine renamed styled factory (979.1156ms)
✔ layout gate accepts canonical namespace, element access and barrel alias (978.8857ms)
✔ layout gate does not mistake local component named Stack for MUI (959.8998ms)
✔ layout gate inspects renamed installed Emotion css tag (962.3396ms)
✔ layout gate preserves genuine aliased Controller field forwarding (968.9322ms)
✔ a same-named local Controller cannot exempt an unknown prop spread (973.4922ms)
✔ genuine useForm registration survives property and destructured aliases (983.92ms)
✔ a function named register cannot exempt injected style props (967.6758ms)
✔ a bridge callback parameter cannot impersonate its private factor binding (978.3314ms)
✔ opaque namespace component selection remains a strict binding failure (969.3268ms)
✔ opaque namespace factory cannot hide style arguments (1006.8513ms)
✔ MUI re-export cannot hide raw spacing behind a first-party barrel (960.8679ms)
✔ destructuring assignments cannot hide canonical write targets (969.8611ms)
✔ destructuring assignments can update independent copied destinations (986.1597ms)
✔ object rest retains nested canonical references while copying the outer object (964.2157ms)
✔ rest scalar copies and replacement of container references stay mutable (1035.529ms)
✔ shallow object spread preserves canonical child references and last-writer order (1022.4113ms)
✔ shallow spread with a later independent override stays mutable (1001.5627ms)
✔ exported mutable aliases retain assignments from their declaring file (1064.8192ms)
✔ exported independent mutable data does not acquire canonical provenance (1052.7491ms)
✔ literal computed keys retain canonical container and parameter provenance (986.4786ms)
✔ literal computed keys do not taint independent selected properties (988.5418ms)
✔ Object.assign shallow copies retain canonical nested reference provenance (989.8235ms)
✔ Object.assign later independent overrides and scalar copies stay mutable (1040.6999ms)
✔ union and dynamic property selections retain possible canonical destinations (1000.3355ms)
✔ finite union property selections exclude canonical siblings not in the key set (960.1191ms)
✔ union selection over Object.assign output retains canonical child provenance (976.5074ms)
✔ union selection over independent Object.assign output remains mutable (947.4516ms)
✔ Reflect.set call/apply checks the target argument rather than the assigned value (2944.9777ms)
✔ aliased React createElement checks MUI and native style objects (1002.3835ms)
✔ GlobalStyles.styles is checked and local createElement names stay local (2006.7157ms)
✔ React JSX runtime factories cannot bypass MUI or native style checks (1041.5485ms)
✔ React cloneElement checks the cloned MUI element and preserves native props (4027.0657ms)
✔ Emotion css props and object factories are inspected with native CSS semantics (3045.746ms)
✔ Inline style elements in JSX, React factories, DOM and the HTML entry fail closed (8077.8707ms)
✔ DOM CSSOM spacing writes use semantic roles and reject opaque style strings (1975.1384ms)
✔ HTML parsing and runtime stylesheet mutation cannot bypass the imported CSS boundary (1976.5888ms)
✔ spacing shorthand values and responsive breakpoints preserve token and unit provenance (9974.1916ms)
✔ function return producers cannot hide canonical children behind spreads (960.45ms)
✔ producer spreads keep later independent child overrides writable (971.388ms)
ℹ tests 82
ℹ suites 0
ℹ pass 82
ℹ fail 0
ℹ cancelled 0
ℹ skipped 0
ℹ todo 0
ℹ duration_ms 100274.5416
layout-check PASS: 76 source files, 0 finding(s), 1 exception(s) used

> botsales-frontend@0.1.0 test:visual-tokens
> node --test tests/visual-token-checker.test.mjs && node scripts/check-visual-tokens.mjs

✔ visual checker accepts canonical theme roles, token references, geometry and semantic responsive props (508.8029ms)
✔ visual checker rejects raw literals across sx, JSX system props and CSS declarations (310.9492ms)
✔ visual checker follows local style aliases and callback themes, but fails raw nested values (301.8147ms)
✔ visual checker reports unresolved spreads and malformed style sources as UNKNOWN or parse errors (375.161ms)
✔ visual checker includes newly added TSX files under the source root (282.9211ms)
ℹ tests 5
ℹ suites 0
ℹ pass 5
ℹ fail 0
ℹ cancelled 0
ℹ skipped 0
ℹ todo 0
ℹ duration_ms 2222.5885
visual-token-check PASS: 75 source files, 0 finding(s)

> botsales-frontend@0.1.0 test:ui-composition
> node --test tests/ui-composition-checker.test.mjs tests/ui-composition-ancestry.test.mjs tests/ui-shared-api-contract.test.mjs && node scripts/check-ui-composition.mjs

✔ P10/P15 catch alias and neutral-wrapper duplicate insets through fragments and conditionals (448.2386ms)
✔ P20 resolves shared composition identities through a barrel and const component aliases (317.8202ms)
✔ P11/P13 catch static element access roles on every MUI surface, including Paper (312.452ms)
✔ P12 checks React createElement and JSX-runtime element factories (301.9231ms)
✔ P14 resolves bodyMode literal aliases and fails closed when ownership is unknown (892.1699ms)
✔ checks Panel ancestry when React elements are created natively (294.4349ms)
✔ keeps independent nested surfaces and portaled dialogs as separate owners (584.133ms)
✔ accepts finite bodyMode branches and every mode in the public component contracts (820.9171ms)
✔ stops inherited gap ownership at Panels and independent bordered surfaces (554.998ms)
✔ tracks gaps through fragments, conditions and ready QueryState, but not inside DOM wrappers (286.1203ms)
✔ applies the same finite modes and wrapper boundaries to native React factories (535.5633ms)
✔ recognizes native outlined Paper and nested Box surface inset boundaries (555.5908ms)
✔ fails closed when an unresolved custom wrapper obscures a semantic gap owner (273.1701ms)
✔ rejects unsupported placement and rhythm values while accepting finite aliases and branches (542.7397ms)
✔ rejects unsupported finite values through React element factories (541.0818ms)
✔ accepts semantic composition, closed geometry and business-specific MUI primitives (6.4071ms)
✔ rejects rebuilding each shared spacing owner at a consumer (2.0625ms)
✔ follows aliases, local style variables, object spreads and namespace imports (1.002ms)
✔ rejects direct and spread spacing overrides on semantic components (0.589ms)
✔ rejects spacing or opaque spreads hidden in geometry (0.2668ms)
✔ allows the canonical owner implementation and fails closed on malformed source (1.0815ms)
✔ rejects duplicated parent boundary and duplicated Panel inset (0.6301ms)
✔ checks default MUI imports and fails closed for opaque geometry (0.4142ms)
✔ distinguishes content grids from flex flows when reporting the shared owner (0.3216ms)
✔ rejects page spacing for paired fields and peer Panels without a section gap owner (2.1774ms)
✔ related sibling gaps belong to ActionGroup comfortable density, not consumer Stack styles (0.6478ms)
✔ the shared catalog covers every public React component and supporting Column type (37.8821ms)
✔ every public React API has a direct rendered contract test (1.3577ms)
✔ catalog declaration lines and stated JSX counts match resolved source symbols (25.9711ms)
✔ every shared React export has a resolved production consumer or an explicit zero-use lifecycle decision (25.3051ms)
✔ required UI evidence and regression gates remain wired to root verify and the active parent workflow (1.9838ms)
✔ composition prop allowlists match the TypeScript owners exactly (0.2326ms)
✔ QueryState uses only the approved inline and section pending profiles (0.2765ms)
✔ QueryState consumers reserve section loading for primary content and keep every other state inline by default (19.873ms)
✔ body modes, placement roles and geometry keys match the TypeScript contracts (1.3402ms)
✔ Panel geometry and DataTable columns remain closed public contracts (4.674ms)
✔ shared component and composition props expose no arbitrary layout/style escape hatch (0.2056ms)
✔ layout role types, runtime values, consumers and ownership documentation stay closed (2247.3811ms)
ℹ tests 38
ℹ suites 0
ℹ pass 38
ℹ fail 0
ℹ cancelled 0
ℹ skipped 0
ℹ todo 0
ℹ duration_ms 7710.4151
ui-composition PASS: 74 source files, 0 finding(s)


> botsales-frontend@0.1.0 test:evidence
> node --test tests/ui-evidence-validator.test.mjs && node scripts/validate-ui-evidence.mjs evidence/frontend-ui-improvements/ui-governance-rollout-20261007/S17-current-evidence.json

✔ accepts current fingerprints, honest open coverage, and explained N/A (6.0599ms)
✔ rejects a stale source fingerprint (3.9878ms)
✔ rejects a stale command log (3.5143ms)
✔ rejects missing, absolute, and escaping source paths (3.2468ms)
✔ rejects unrun, missing, duplicate, and nonzero command results marked PASS (3.6845ms)
✔ rejects PASS when expected and observed results differ (3.4457ms)
✔ rejects inconsistent coverage and N/A without a reason (3.5523ms)
✔ rejects a baseline falsely dated after implementation started and detects changed baseline artifacts (6.5025ms)
✔ COMPLETE cannot contain open coverage or failed commands (4.3932ms)
✔ S19 must explicitly reconcile files, APIs, routes, rendered routes, slots, and states (5.7474ms)
✔ rejects malformed top-level evidence instead of treating missing fields as success (2.3528ms)
ℹ tests 11
ℹ suites 0
ℹ pass 11
ℹ fail 0
ℹ cancelled 0
ℹ skipped 0
ℹ todo 0
ℹ duration_ms 100.8581
ui-evidence PASS: S17; 3 command/log record(s), 3 coverage row(s), 21 current fingerprint(s); status=COMPLETE
