
> botsales-frontend@0.1.0 verify
> npm run generate:check && npm run test:source && npm run boundaries && npm run lint && npm run typecheck && npm run test:domain && npm test && npm run build && npm run test:layout && npm run test:visual-tokens && npm run test:ui-composition && npm run test:evidence


> botsales-frontend@0.1.0 generate:check
> node scripts/generate.mjs --check

{"status":"PASS","outputs":11,"schemas":283,"operations":210,"routes":54}

> botsales-frontend@0.1.0 test:source
> node scripts/check-source.mjs && node --test tests/source-checker.test.mjs

{
  "checkedAt": "2026-10-07T06:57:27.164Z",
  "scope": "Syntax, operation identifiers, route-source mapping, permissions and token adoption. NOT React typecheck, build or browser test.",
  "compiler": "5.9.2",
  "compilerSource": "project dependency",
  "files": 68,
  "operationCalls": 220,
  "routes": 54,
  "issues": [],
  "status": "PASS"
}
✔ module path classification accepts Windows and POSIX spellings, but excludes app files (0.9969ms)
✔ the source-checker CLI rejects a prohibited color literal in a module (161.7513ms)
✔ the source-checker CLI accepts a token-based module and leaves app-level colors outside the rule (155.8384ms)
ℹ tests 3
ℹ suites 0
ℹ pass 3
ℹ fail 0
ℹ cancelled 0
ℹ skipped 0
ℹ todo 0
ℹ duration_ms 375.3507

> botsales-frontend@0.1.0 boundaries
> node scripts/check-boundaries.mjs

{
  "checkedAt": "2026-10-07T06:57:29.907Z",
  "scope": "AST imports resolve aliases/relative paths, module boundaries and cycles; parser diagnostics are errors",
  "files": 68,
  "imports": 504,
  "negativeFixtures": "Boundary fixtures: PASS 10/10 scenarios (allowed shared/public imports, alias, relative, app deep import, type-only, dynamic, unresolved, cycle, parser error).",
  "status": "PASS",
  "issues": []
}

> botsales-frontend@0.1.0 lint
> eslint apps/web/src --max-warnings 0


> botsales-frontend@0.1.0 typecheck
> tsc -p apps/web/tsconfig.json --noEmit


> botsales-frontend@0.1.0 test:domain
> node scripts/test-domain.mjs

{"status":"PASS","simulatorChecks":75,"networkChecks":13,"networkHandlers":210,"passed":88,"operations":89,"node":"v24.19.0","typescript":"5.9.2"}

> botsales-frontend@0.1.0 test
> vitest run --config apps/web/vitest.config.ts


 RUN  v5.0.3 C:/Users/Joker-PC/Documents/Projects/Bot-AI-Ban-hang-FB/BotSalesAI_Frontend

[BABEL] Note: The code generator has deoptimised the styling of C:\Users\Joker-PC\AppData\Local\Temp\botsales-vite-cache\ea27c7577456f6009d55\direct-vite\81564\deps\react-dom_client.js?v=2b65e477 as it exceeds the max of 500KB.

 Test Files  12 passed (12)
      Tests  136 passed (136)
   Start at  13:57:42
   Duration  9.29s (setup 34%, environment 27%, tests 25%, import 10%, transform 4%)


> botsales-frontend@0.1.0 build
> npm run generate:check && npm run typecheck && npm run build --workspace @botsales/web


> botsales-frontend@0.1.0 generate:check
> node scripts/generate.mjs --check

{"status":"PASS","outputs":11,"schemas":283,"operations":210,"routes":54}

> botsales-frontend@0.1.0 typecheck
> tsc -p apps/web/tsconfig.json --noEmit


> @botsales/web@0.1.0 build
> vite build --mode production

vite v7.3.6 building client environment for production...
transforming...
✓ 2058 modules transformed.
rendering chunks...
computing gzip size...
dist/index.html                              1.19 kB │ gzip:   0.60 kB
dist/assets/index-BQPx7lJM.css               3.56 kB │ gzip:   1.33 kB
dist/assets/download-8lJFmiSZ.js             0.23 kB │ gzip:   0.17 kB
dist/assets/filters-CVitQAxr.js              0.32 kB │ gzip:   0.25 kB
dist/assets/hooks-DHlYy9O-.js                3.19 kB │ gzip:   1.62 kB
dist/assets/index-COioPG-6.js                7.86 kB │ gzip:   3.15 kB
dist/assets/index-CjNtam1R.js                8.29 kB │ gzip:   3.52 kB
dist/assets/index-mN_7mpq7.js                9.79 kB │ gzip:   3.68 kB
dist/assets/index-B5wBrrv9.js               13.65 kB │ gzip:   4.48 kB
dist/assets/index-DAzEL9C9.js               13.78 kB │ gzip:   5.63 kB
dist/assets/index-Cd5yl1eu.js               14.15 kB │ gzip:   5.48 kB
dist/assets/index-D1-A3_XL.js               14.30 kB │ gzip:   5.30 kB
dist/assets/index-CswTX1eW.js               16.21 kB │ gzip:   5.49 kB
dist/assets/index-BJb1_nxb.js               16.38 kB │ gzip:   5.41 kB
dist/assets/index-BBH8VnNv.js               17.80 kB │ gzip:   6.25 kB
dist/assets/index-Bpw_f4H0.js               18.46 kB │ gzip:   6.15 kB
dist/assets/index-BG7C9MJq.js               21.82 kB │ gzip:   7.41 kB
dist/assets/index-CEsR_Gr2.js               22.92 kB │ gzip:   8.18 kB
dist/assets/index-BZkU32Ow.js               25.83 kB │ gzip:   8.43 kB
dist/assets/index-BbTWVafC.js               31.55 kB │ gzip:   9.82 kB
dist/assets/query-5vm9EU1C.js               33.15 kB │ gzip:   9.92 kB
dist/assets/index-C8NlQ-L_.js               37.04 kB │ gzip:  10.06 kB
dist/assets/i18n-xB0mQYCC.js                46.14 kB │ gzip:  15.12 kB
dist/assets/schemas-jpQ0XMzw.js             79.18 kB │ gzip:  24.03 kB
dist/assets/index-D9oF5B2S.js               87.49 kB │ gzip:  27.83 kB
dist/assets/schema-validation-Bhr7oAQE.js  149.80 kB │ gzip:  45.12 kB
dist/assets/react-runtime-D0NtfbPC.js      279.78 kB │ gzip:  90.28 kB
dist/assets/contract-data-BIzYYkc1.js      303.99 kB │ gzip:  36.17 kB
dist/assets/charts-CQ4oecFO.js             313.03 kB │ gzip:  94.99 kB
dist/assets/mui-Bz_aCSm2.js                328.33 kB │ gzip: 100.02 kB
✓ built in 3.16s

> botsales-frontend@0.1.0 test:layout
> node --test tests/layout-checker.test.mjs tests/ui-layout-binding-gates.test.mjs && node scripts/check-layout.mjs

✔ accepts semantic bridge roles, the closed token-derived factor map, geometry, and reset values (1265.293ms)
✔ rejects a CSS spacing role without a declared shared owner (1176.2094ms)
✔ rejects scale-conforming and off-scale literals in sx, responsive leaves, named and namespace MUI System props (1038.7025ms)
✔ follows local aliases and style callbacks; rejects theme spacing helpers and preset overrides (1066.6973ms)
✔ scans nested slotProps but does not confuse event handlers or geometric dimensions with spacing (1054.1303ms)
✔ keeps Panel geometry inspectable and rejects spacing hidden in its geometry prop (2827.8251ms)
✔ accepts only an exact CSS exception and reports stale or mismatched exception scope (2742.8388ms)
✔ rejects malformed TypeScript, malformed CSS, bad exception schema, and raw values in the bridge (3742.8154ms)
✔ rejects canonical pixel tokens used as MUI factors and an altered bridge factor table (1825.5723ms)
✔ report mode inventories migration debt without turning findings into PASS (921.8966ms)
✔ canonical writes through casts and aliases fail outside style expressions (1289.4898ms)
✔ Object.assign cannot mutate canonical data but can copy to a fresh object (2173.1123ms)
✔ layout gate rejects raw spacing on const alias of MUI component (1109.9884ms)
✔ canonical mutation gate follows global mutator aliases and reflection (1094.2992ms)
✔ local mutator names do not acquire global mutation identity (1206.1867ms)
✔ destructured mutators and call/apply retain canonical mutation checks (986.2551ms)
✔ global mutator call/apply can copy canonical values into fresh objects (962.3929ms)
✔ mutable aliases with possible canonical destinations fail closed (970.3582ms)
✔ opaque apply arguments fail closed while unrelated mutable data stays valid (1880.0717ms)
✔ canonical references inside containers and destructured aliases cannot be mutated (1109.0999ms)
✔ independent shallow copies of scalar canonical fields remain mutable (949.0461ms)
✔ array references and nested destructuring preserve canonical write provenance (948.1933ms)
✔ array destinations distinguish independent elements from canonical references (951.5251ms)
✔ array destructuring, dynamic indices and spread cannot hide canonical references (944.4728ms)
✔ dynamic indices and destructuring of independent arrays stay mutable (944.0383ms)
✔ function parameters cannot hide canonical mutation across source files (949.6508ms)
✔ read-only helpers and mutations of unrelated arguments remain valid (930.6265ms)
✔ returned canonical references remain protected across helper boundaries (935.6591ms)
✔ helper returns of fresh scalar copies do not retain canonical destination identity (932.3247ms)
✔ destructured object parameters cannot mutate canonical arguments (947.32ms)
✔ destructured object parameters retain independent argument mutability (935.2604ms)
✔ default parameter and binding initializers cannot hide canonical mutations (935.9781ms)
✔ fresh default parameter and binding copies remain mutable (927.7169ms)
✔ rest parameters retain canonical argument write provenance (915.4007ms)
✔ rest parameters distinguish independent positions from canonical siblings (919.6554ms)
✔ finite spread arguments preserve shifted positional and rest destinations (969.005ms)
✔ finite spread expansion keeps independent argument positions mutable (917.7744ms)
✔ opaque spreads keep positional mutation destinations unknown (921.9873ms)
✔ opaque spreads into read-only helpers do not invent mutation findings (912.7451ms)
✔ array parameter patterns retain canonical positions including nested object arrays (957.799ms)
✔ array parameter patterns retain independent bound element mutability (953.3621ms)
✔ layout gate rejects parameter shadow of canonical layout name (942.2794ms)
✔ layout gate follows genuine renamed styled factory (916.8966ms)
✔ layout gate accepts canonical namespace, element access and barrel alias (946.346ms)
✔ layout gate does not mistake local component named Stack for MUI (933.2493ms)
✔ layout gate inspects renamed installed Emotion css tag (923.6222ms)
✔ layout gate preserves genuine aliased Controller field forwarding (940.952ms)
✔ a same-named local Controller cannot exempt an unknown prop spread (940.9016ms)
✔ genuine useForm registration survives property and destructured aliases (997.0645ms)
✔ a function named register cannot exempt injected style props (936.2067ms)
✔ a bridge callback parameter cannot impersonate its private factor binding (932.1375ms)
✔ opaque namespace component selection remains a strict binding failure (920.916ms)
✔ opaque namespace factory cannot hide style arguments (930.7078ms)
✔ MUI re-export cannot hide raw spacing behind a first-party barrel (937.936ms)
✔ destructuring assignments cannot hide canonical write targets (950.0892ms)
✔ destructuring assignments can update independent copied destinations (926.9963ms)
✔ object rest retains nested canonical references while copying the outer object (944.1781ms)
✔ rest scalar copies and replacement of container references stay mutable (950.4344ms)
✔ shallow object spread preserves canonical child references and last-writer order (945.5259ms)
✔ shallow spread with a later independent override stays mutable (953.6044ms)
✔ exported mutable aliases retain assignments from their declaring file (973.182ms)
✔ exported independent mutable data does not acquire canonical provenance (964.5295ms)
✔ literal computed keys retain canonical container and parameter provenance (981.9689ms)
✔ literal computed keys do not taint independent selected properties (965.8543ms)
✔ Object.assign shallow copies retain canonical nested reference provenance (996.0517ms)
✔ Object.assign later independent overrides and scalar copies stay mutable (1082.7659ms)
✔ union and dynamic property selections retain possible canonical destinations (1053.6438ms)
✔ finite union property selections exclude canonical siblings not in the key set (943.1447ms)
✔ union selection over Object.assign output retains canonical child provenance (940.0512ms)
✔ union selection over independent Object.assign output remains mutable (933.9382ms)
✔ Reflect.set call/apply checks the target argument rather than the assigned value (2836.5862ms)
✔ aliased React createElement checks MUI and native style objects (932.6914ms)
✔ GlobalStyles.styles is checked and local createElement names stay local (1851.8711ms)
✔ React JSX runtime factories cannot bypass MUI or native style checks (935.5991ms)
✔ React cloneElement checks the cloned MUI element and preserves native props (3728.439ms)
✔ Emotion css props and object factories are inspected with native CSS semantics (2811.3219ms)
✔ Inline style elements in JSX, React factories, DOM and the HTML entry fail closed (7419.8507ms)
✔ DOM CSSOM spacing writes use semantic roles and reject opaque style strings (1965.5945ms)
✔ HTML parsing and runtime stylesheet mutation cannot bypass the imported CSS boundary (1923.5962ms)
✔ spacing shorthand values and responsive breakpoints preserve token and unit provenance (9391.7713ms)
✔ function return producers cannot hide canonical children behind spreads (949.1523ms)
✔ producer spreads keep later independent child overrides writable (935.9298ms)
ℹ tests 82
ℹ suites 0
ℹ pass 82
ℹ fail 0
ℹ cancelled 0
ℹ skipped 0
ℹ todo 0
ℹ duration_ms 95947.0571
layout-check PASS: 76 source files, 0 finding(s), 1 exception(s) used

> botsales-frontend@0.1.0 test:visual-tokens
> node --test tests/visual-token-checker.test.mjs && node scripts/check-visual-tokens.mjs

✔ visual checker accepts canonical theme roles, token references, geometry and semantic responsive props (541.2426ms)
✔ visual checker rejects raw literals across sx, JSX system props and CSS declarations (340.334ms)
✔ visual checker follows local style aliases and callback themes, but fails raw nested values (301.7082ms)
✔ visual checker reports unresolved spreads and malformed style sources as UNKNOWN or parse errors (287.7415ms)
✔ visual checker includes newly added TSX files under the source root (292.2169ms)
ℹ tests 5
ℹ suites 0
ℹ pass 5
ℹ fail 0
ℹ cancelled 0
ℹ skipped 0
ℹ todo 0
ℹ duration_ms 2216.5933
visual-token-check PASS: 75 source files, 0 finding(s)

> botsales-frontend@0.1.0 test:ui-composition
> node --test tests/ui-composition-checker.test.mjs tests/ui-composition-ancestry.test.mjs tests/ui-shared-api-contract.test.mjs && node scripts/check-ui-composition.mjs

✔ P10/P15 catch alias and neutral-wrapper duplicate insets through fragments and conditionals (436.3491ms)
✔ P20 resolves shared composition identities through a barrel and const component aliases (298.2736ms)
✔ P11/P13 catch static element access roles on every MUI surface, including Paper (294.9488ms)
✔ P12 checks React createElement and JSX-runtime element factories (277.1064ms)
✔ P14 resolves bodyMode literal aliases and fails closed when ownership is unknown (824.4649ms)
✔ checks Panel ancestry when React elements are created natively (273.6043ms)
✔ keeps independent nested surfaces and portaled dialogs as separate owners (691.5686ms)
✔ accepts finite bodyMode branches and every mode in the public component contracts (1092.1867ms)
✔ stops inherited gap ownership at Panels and independent bordered surfaces (738.0446ms)
✔ tracks gaps through fragments, conditions and ready QueryState, but not inside DOM wrappers (378.6403ms)
✔ applies the same finite modes and wrapper boundaries to native React factories (725.4016ms)
✔ recognizes native outlined Paper and nested Box surface inset boundaries (750.7329ms)
✔ fails closed when an unresolved custom wrapper obscures a semantic gap owner (351.895ms)
✔ rejects unsupported placement and rhythm values while accepting finite aliases and branches (730.2447ms)
✔ rejects unsupported finite values through React element factories (746.5263ms)
✔ accepts semantic composition, closed geometry and business-specific MUI primitives (6.5997ms)
✔ rejects rebuilding each shared spacing owner at a consumer (1.9866ms)
✔ follows aliases, local style variables, object spreads and namespace imports (0.9984ms)
✔ rejects direct and spread spacing overrides on semantic components (0.5774ms)
✔ rejects spacing or opaque spreads hidden in geometry (0.2656ms)
✔ allows the canonical owner implementation and fails closed on malformed source (1.2045ms)
✔ rejects duplicated parent boundary and duplicated Panel inset (0.6339ms)
✔ checks default MUI imports and fails closed for opaque geometry (0.3995ms)
✔ distinguishes content grids from flex flows when reporting the shared owner (0.3321ms)
✔ rejects page spacing for paired fields and peer Panels without a section gap owner (1.7969ms)
✔ related sibling gaps belong to ActionGroup comfortable density, not consumer Stack styles (0.5179ms)
✔ the shared catalog covers every public React component and supporting Column type (39.5276ms)
✔ every public React API has a direct rendered contract test (1.3093ms)
✔ catalog declaration lines and stated JSX counts match resolved source symbols (24.7027ms)
✔ every shared React export has a resolved production consumer or an explicit zero-use lifecycle decision (21.7235ms)
✔ required UI evidence and regression gates remain wired to root verify and the active parent workflow (0.4352ms)
✔ composition prop allowlists match the TypeScript owners exactly (0.2242ms)
✔ QueryState uses only the approved inline and section pending profiles (0.3142ms)
✔ QueryState consumers reserve section loading for primary content and keep every other state inline by default (18.5728ms)
✔ body modes, placement roles and geometry keys match the TypeScript contracts (1.0661ms)
✔ Panel geometry and DataTable columns remain closed public contracts (4.5719ms)
✔ shared component and composition props expose no arbitrary layout/style escape hatch (0.2006ms)
✔ layout role types, runtime values, consumers and ownership documentation stay closed (2300.2775ms)
ℹ tests 38
ℹ suites 0
ℹ pass 38
ℹ fail 0
ℹ cancelled 0
ℹ skipped 0
ℹ todo 0
ℹ duration_ms 9071.4726
ui-composition PASS: 74 source files, 0 finding(s)


> botsales-frontend@0.1.0 test:evidence
> node --test tests/ui-evidence-validator.test.mjs && node scripts/validate-ui-evidence.mjs evidence/frontend-ui-improvements/ui-governance-rollout-20261007/S17-current-evidence.json

✔ accepts current fingerprints, honest open coverage, and explained N/A (5.5943ms)
✔ rejects a stale source fingerprint (3.5131ms)
✔ rejects a stale command log (3.3986ms)
✔ rejects missing, absolute, and escaping source paths (2.8337ms)
✔ rejects unrun, missing, duplicate, and nonzero command results marked PASS (3.2188ms)
✔ rejects PASS when expected and observed results differ (3.1391ms)
✔ rejects inconsistent coverage and N/A without a reason (3.2012ms)
✔ rejects a baseline falsely dated after implementation started and detects changed baseline artifacts (6.5634ms)
✔ COMPLETE cannot contain open coverage or failed commands (4.4693ms)
✔ S19 must explicitly reconcile files, APIs, routes, rendered routes, slots, and states (13.3101ms)
✔ rejects malformed top-level evidence instead of treating missing fields as success (2.1981ms)
ℹ tests 11
ℹ suites 0
ℹ pass 11
ℹ fail 0
ℹ cancelled 0
ℹ skipped 0
ℹ todo 0
ℹ duration_ms 108.4444
node:internal/child_process:1160
    result.error = new ErrnoException(result.error, 'spawnSync ' + options.file);
                   ^

<ref *1> Error: spawnSync git ENOENT
    at Object.spawnSync (node:internal/child_process:1160:20)
    at spawnSync (node:child_process:928:24)
    at execFileSync (node:child_process:971:15)
    at main (file:///C:/Users/Joker-PC/Documents/Projects/Bot-AI-Ban-hang-FB/BotSalesAI_Frontend/scripts/validate-ui-evidence.mjs:198:18)
    at file:///C:/Users/Joker-PC/Documents/Projects/Bot-AI-Ban-hang-FB/BotSalesAI_Frontend/scripts/validate-ui-evidence.mjs:210:90
    at ModuleJob.run (node:internal/modules/esm/module_job:439:25)
    at async node:internal/modules/esm/loader:643:26
    at async asyncRunEntryPointWithESMLoader (node:internal/modules/run_main:101:5) {
  errno: -4058,
  code: 'ENOENT',
  syscall: 'spawnSync git',
  path: 'git',
  spawnargs: [ 'rev-parse', '--show-toplevel' ],
  error: [Circular *1],
  status: null,
  signal: null,
  output: null,
  pid: 0,
  stdout: undefined,
  stderr: undefined
}

Node.js v24.19.0
