[WebServer] (node:59820) Warning: The 'NO_COLOR' env is ignored due to the 'FORCE_COLOR' env being set.
[WebServer] (Use `node --trace-warnings ...` to show where the warning was created)


Running 4 tests using 1 worker

(node:61328) Warning: The 'NO_COLOR' env is ignored due to the 'FORCE_COLOR' env being set.
(Use `node --trace-warnings ...` to show where the warning was created)


[1/4] [chromium] › tests\accessibility\routes.spec.ts:17:1 › all canonical routes pass whole-page WCAG 2.1 A/AA axe checks in the React demo
[WebServer] [BABEL] Note: The code generator has deoptimised the styling of C:\Users\Joker-PC\AppData\Local\Temp\botsales-vite-cache\ea27c7577456f6009d55\playwright-webserver\playwright-29944-e365be29-e023-429c-86fe-d296b1b3222f\deps\react-dom_client.js?v=0df796ab as it exceeds the max of 500KB.

[2/4] [chromium] › tests\frontend-corrections.spec.ts:320:1 › F06 guards added order rows, shop switch, logout and native reload; successful creation leaves no false guard
(node:62400) Warning: The 'NO_COLOR' env is ignored due to the 'FORCE_COLOR' env being set.
(Use `node --trace-warnings ...` to show where the warning was created)


[3/4] [firefox] › tests\accessibility\routes.spec.ts:17:1 › all canonical routes pass whole-page WCAG 2.1 A/AA axe checks in the React demo
  1) [firefox] › tests\accessibility\routes.spec.ts:17:1 › all canonical routes pass whole-page WCAG 2.1 A/AA axe checks in the React demo 

    Error: expect(locator).not.toBeEmpty() failed

    Locator:  locator('#root')
    Expected: not empty
    Received: empty
    Timeout:  5000ms

    Call log:
      - Expect "not toBeEmpty" locator('#root') with timeout 5000ms
      - waiting for locator('#root')
        - waiting for navigation to finish...
        - navigated to "http://127.0.0.1:65000/workspaces"
        4 × locator resolved to <div id="root"></div>
          - unexpected value "empty"
        - waiting for navigation to finish...
        - navigated to "http://127.0.0.1:65000/workspaces"
        - locator resolved to <div id="root"></div>
        - unexpected value "empty"
        - locator resolved to <div id="root">…</div>
        - unexpected value "empty"
        - locator resolved to <div id="root"></div>
        - unexpected value "empty"
        - waiting for "http://127.0.0.1:65000/login" navigation to finish...
        - navigated to "http://127.0.0.1:65000/login"
        5 × locator resolved to <div id="root"></div>
          - unexpected value "empty"
        - waiting for "http://127.0.0.1:65000/login" navigation to finish...
        - navigated to "http://127.0.0.1:65000/login"
        - locator resolved to <div id="root"></div>
        - unexpected value "empty"


      30 |                 .replace(/:([A-Za-z]+)/g, (_, key: string) => detailIds[key] || 'missing');
      31 |             await page.goto(new URL(routePath, server.url).toString());
    > 32 |             await expect(page.locator('#root')).not.toBeEmpty();
         |                                                     ^
      33 |             await expect(page.getByText('Chưa khởi động được ứng dụng', { exact: true })).toHaveCount(0);
      34 |             const main = page.locator('main#main-content');
      35 |             await expect(main).toBeVisible();
        at C:\Users\Joker-PC\Documents\Projects\Bot-AI-Ban-hang-FB\BotSalesAI_Frontend\tests\accessibility\routes.spec.ts:32:53

    Error Context: test-results\playwright-62400-62326c23-5bad-495a-a2e6-cc2a212c0b1e\accessibility-routes-all-c-a4e72-xe-checks-in-the-React-demo-firefox\error-context.md

    attachment #2: trace (application/zip) ─────────────────────────────────────────────────────────
    test-results\playwright-62400-62326c23-5bad-495a-a2e6-cc2a212c0b1e\accessibility-routes-all-c-a4e72-xe-checks-in-the-React-demo-firefox\trace.zip
    Usage:

        npx playwright show-trace test-results\playwright-62400-62326c23-5bad-495a-a2e6-cc2a212c0b1e\accessibility-routes-all-c-a4e72-xe-checks-in-the-React-demo-firefox\trace.zip

    ────────────────────────────────────────────────────────────────────────────────────────────────


(node:14056) Warning: The 'NO_COLOR' env is ignored due to the 'FORCE_COLOR' env being set.
(Use `node --trace-warnings ...` to show where the warning was created)


[4/4] [firefox] › tests\frontend-corrections.spec.ts:320:1 › F06 guards added order rows, shop switch, logout and native reload; successful creation leaves no false guard
  2) [firefox] › tests\frontend-corrections.spec.ts:320:1 › F06 guards added order rows, shop switch, logout and native reload; successful creation leaves no false guard 

    Error: expect(locator).toBeVisible() failed

    Locator: locator('main')
    Expected: visible
    Timeout: 5000ms
    Error: element(s) not found

    Call log:
      - Expect "toBeVisible" locator('main') with timeout 5000ms
      - waiting for locator('main')
        - waiting for navigation to finish...
        - navigated to "http://127.0.0.1:61031/s/shop-demo/bot/evaluations"
        - waiting for "http://127.0.0.1:61031/s/shop-demo/bot/evaluations" navigation to finish...
        - navigated to "http://127.0.0.1:61031/s/shop-demo/bot/evaluations"


       7 | test.beforeAll(async () => { const server = await startDemoServer({ cacheIsolationKey: 'frontend-corrections' }); demoUrl = server.url; closeDemo = server.close; });
       8 | test.afterAll(async () => closeDemo?.());
    >  9 | async function visit(page: Page, path: string) { await page.goto(demoUrl + '/s/shop-demo/' + path); await expect(page.locator('main')).toBeVisible(); }
         |                                                                                                                                        ^
      10 | async function mutate(page: Page, path: string, body: unknown, method = 'POST', version?: number) {
      11 |     return page.evaluate(async ({ path, body, method, version }) => {
      12 |         const response = await fetch('/api/v2/shops/shop-demo/' + path, { method, headers: { 'Content-Type': 'application/json', 'X-CSRF-Token': 'botsales-demo-csrf-not-a-real-secret', 'Idempotency-Key': crypto.randomUUID(), ...(version !== undefined ? { 'If-Match': `"${version}"` } : {}) }, body: JSON.stringify(body) });
        at visit (C:\Users\Joker-PC\Documents\Projects\Bot-AI-Ban-hang-FB\BotSalesAI_Frontend\tests\frontend-corrections.spec.ts:9:136)
        at C:\Users\Joker-PC\Documents\Projects\Bot-AI-Ban-hang-FB\BotSalesAI_Frontend\tests\frontend-corrections.spec.ts:322:9

    Error Context: test-results\playwright-14056-1482046c-31cf-46e7-97f3-3e27e716c718\frontend-corrections-F06-g-7eb48-ation-leaves-no-false-guard-firefox\error-context.md

    Error Context: test-results\playwright-14056-1482046c-31cf-46e7-97f3-3e27e716c718\frontend-corrections-F06-g-7eb48-ation-leaves-no-false-guard-firefox\error-context.md

    attachment #3: trace (application/zip) ─────────────────────────────────────────────────────────
    test-results\playwright-14056-1482046c-31cf-46e7-97f3-3e27e716c718\frontend-corrections-F06-g-7eb48-ation-leaves-no-false-guard-firefox\trace.zip
    Usage:

        npx playwright show-trace test-results\playwright-14056-1482046c-31cf-46e7-97f3-3e27e716c718\frontend-corrections-F06-g-7eb48-ation-leaves-no-false-guard-firefox\trace.zip

    ────────────────────────────────────────────────────────────────────────────────────────────────


  2 failed
    [firefox] › tests\accessibility\routes.spec.ts:17:1 › all canonical routes pass whole-page WCAG 2.1 A/AA axe checks in the React demo 
    [firefox] › tests\frontend-corrections.spec.ts:320:1 › F06 guards added order rows, shop switch, logout and native reload; successful creation leaves no false guard 
  2 passed (1.7m)
