
> botsales-frontend@0.1.0 verify
> npm run generate:check && npm run test:source && npm run boundaries && npm run lint && npm run typecheck && npm run test:domain && npm test && npm run build && npm run test:layout && npm run test:visual-tokens && npm run test:ui-composition && npm run test:evidence


> botsales-frontend@0.1.0 generate:check
> node scripts/generate.mjs --check

{"status":"PASS","outputs":15,"schemas":346,"operations":245,"routes":61}

> botsales-frontend@0.1.0 test:source
> node scripts/check-source.mjs && node --test tests/source-checker.test.mjs

{
  "checkedAt": "2026-10-09T23:35:16.419Z",
  "scope": "Syntax, operation identifiers, route-source mapping, permissions and token adoption. NOT React typecheck, build or browser test.",
  "compiler": "5.9.2",
  "compilerSource": "project dependency",
  "files": 85,
  "operationCalls": 262,
  "routes": 61,
  "issues": [],
  "status": "PASS"
}
✔ module path classification accepts Windows and POSIX spellings, but excludes app files (1.3379ms)
✔ the source-checker CLI rejects a prohibited color literal in a module (157.3961ms)
✔ the source-checker CLI accepts a token-based module and leaves app-level colors outside the rule (159.4004ms)
ℹ tests 3
ℹ suites 0
ℹ pass 3
ℹ fail 0
ℹ cancelled 0
ℹ skipped 0
ℹ todo 0
ℹ duration_ms 375.5647

> botsales-frontend@0.1.0 boundaries
> node scripts/check-boundaries.mjs

{
  "checkedAt": "2026-10-09T23:35:19.059Z",
  "scope": "AST imports resolve aliases/relative paths, module boundaries and cycles; parser diagnostics are errors",
  "files": 85,
  "imports": 722,
  "negativeFixtures": "Boundary fixtures: PASS 10/10 scenarios (allowed shared/public imports, alias, relative, app deep import, type-only, dynamic, unresolved, cycle, parser error).",
  "status": "PASS",
  "issues": []
}

> botsales-frontend@0.1.0 lint
> eslint apps/web/src --max-warnings 0


> botsales-frontend@0.1.0 typecheck
> tsc -p apps/web/tsconfig.json --noEmit


> botsales-frontend@0.1.0 test:domain
> node scripts/test-domain.mjs

{"status":"PASS","simulatorChecks":86,"networkChecks":31,"networkHandlers":245,"passed":117,"operations":100,"node":"v24.19.0","typescript":"5.9.2"}

> botsales-frontend@0.1.0 test
> vitest run --config apps/web/vitest.config.ts


 RUN  v5.0.3 C:/Users/Joker-PC/Documents/Projects/Bot-AI-Ban-hang-FB/BotSalesAI_Frontend

[BABEL] Note: The code generator has deoptimised the styling of C:\Users\Joker-PC\AppData\Local\Temp\botsales-vite-cache\ea27c7577456f6009d55\direct-vite\22336\deps\react-dom_client.js?v=7f62ac80 as it exceeds the max of 500KB.

 Test Files  23 passed (23)
      Tests  238 passed (238)
   Start at  06:35:35
   Duration  8.09s (environment 33%, tests 32%, import 17%, transform 10%, setup 8%)


> botsales-frontend@0.1.0 build
> npm run generate:check && npm run typecheck && npm run build --workspace @botsales/web


> botsales-frontend@0.1.0 generate:check
> node scripts/generate.mjs --check

{"status":"PASS","outputs":15,"schemas":346,"operations":245,"routes":61}

> botsales-frontend@0.1.0 typecheck
> tsc -p apps/web/tsconfig.json --noEmit


> @botsales/web@0.1.0 build
> vite build --mode production

vite v7.3.6 building client environment for production...
transforming...
✓ 2077 modules transformed.
rendering chunks...
computing gzip size...
dist/index.html                              1.23 kB │ gzip:   0.61 kB
dist/assets/index-BQPx7lJM.css               3.56 kB │ gzip:   1.33 kB
dist/assets/download-8lJFmiSZ.js             0.23 kB │ gzip:   0.17 kB
dist/assets/filters-CM07jGKE.js              0.32 kB │ gzip:   0.25 kB
dist/assets/hooks-D6FDApPh.js                4.59 kB │ gzip:   2.15 kB
dist/assets/draft-conflict-A6hkNVqw.js       5.37 kB │ gzip:   2.49 kB
dist/assets/index-C3r97ldO.js                8.25 kB │ gzip:   3.27 kB
dist/assets/index-5X4JW1Hc.js                9.42 kB │ gzip:   3.73 kB
dist/assets/index-C3_Nngi4.js               13.14 kB │ gzip:   5.19 kB
dist/assets/index-CDZ1p0Qh.js               15.39 kB │ gzip:   5.89 kB
dist/assets/index-BeXNl8mv.js               16.98 kB │ gzip:   5.57 kB
dist/assets/index-BTzB1gkY.js               16.99 kB │ gzip:   5.81 kB
dist/assets/index-BipR7jQS.js               18.85 kB │ gzip:   6.32 kB
dist/assets/index-Bii2gVVQ.js               19.06 kB │ gzip:   7.05 kB
dist/assets/index-llxuuvJl.js               20.90 kB │ gzip:   6.92 kB
dist/assets/index-BI_ZlhfP.js               21.23 kB │ gzip:   7.65 kB
dist/assets/index-BgwljhvZ.js               24.80 kB │ gzip:   8.24 kB
dist/assets/index-13dnlHfa.js               25.06 kB │ gzip:   8.46 kB
dist/assets/index-C1m7OrhT.js               30.93 kB │ gzip:   9.93 kB
dist/assets/index-rgD1Yf6F.js               32.48 kB │ gzip:  10.82 kB
dist/assets/query-Df7VyXaF.js               33.15 kB │ gzip:   9.92 kB
dist/assets/index-CEv_rFPQ.js               42.03 kB │ gzip:  11.49 kB
dist/assets/i18n-D4N_7Z3Q.js                46.14 kB │ gzip:  15.12 kB
dist/assets/index-CEtdrOsZ.js               64.28 kB │ gzip:  17.67 kB
dist/assets/schemas-CoWCwirf.js             85.75 kB │ gzip:  25.72 kB
dist/assets/index-Cqo4erEw.js              100.89 kB │ gzip:  32.01 kB
dist/assets/schema-validation-B78jEm7B.js  149.80 kB │ gzip:  45.12 kB
dist/assets/react-runtime-gLMyUIL2.js      279.79 kB │ gzip:  90.28 kB
dist/assets/charts-BM7zbxX-.js             320.23 kB │ gzip:  96.78 kB
dist/assets/mui-CJj7QyVx.js                328.77 kB │ gzip: 100.20 kB
dist/assets/contract-data-BRT-TOMX.js      368.62 kB │ gzip:  42.83 kB
✓ built in 3.18s

> botsales-frontend@0.1.0 test:layout
> node --test tests/layout-checker.test.mjs tests/ui-layout-binding-gates.test.mjs && node scripts/check-layout.mjs

✔ CSS label gap accepts the canonical direct pixel constructor and its exact owner/property (1012.185ms)
✔ CSS label gap cannot be used as an unrelated spacing property (1123.2501ms)
✔ CSS label gap rejects a raw pixel constructor argument (967.5171ms)
✔ CSS label gap cannot impersonate a role from another owner (945.2895ms)
✔ accepts semantic bridge roles, the closed token-derived factor map, geometry, and reset values (1113.3369ms)
✔ rejects a CSS spacing role without a declared shared owner (1025.0691ms)
✔ rejects scale-conforming and off-scale literals in sx, responsive leaves, named and namespace MUI System props (1035.7363ms)
✔ follows local aliases and style callbacks; rejects theme spacing helpers and preset overrides (1016.5964ms)
✔ scans nested slotProps but does not confuse event handlers or geometric dimensions with spacing (985.9156ms)
✔ keeps Panel geometry inspectable and rejects spacing hidden in its geometry prop (2826.5402ms)
✔ accepts only an exact CSS exception and reports stale or mismatched exception scope (2873.6421ms)
✔ rejects malformed TypeScript, malformed CSS, bad exception schema, and raw values in the bridge (4156.355ms)
✔ rejects canonical pixel tokens used as MUI factors and an altered bridge factor table (1960.3554ms)
✔ report mode inventories migration debt without turning findings into PASS (1066.9366ms)
✔ canonical writes through casts and aliases fail outside style expressions (1051.5901ms)
✔ Object.assign cannot mutate canonical data but can copy to a fresh object (2084.4816ms)
✔ layout gate rejects raw spacing on const alias of MUI component (1359.6222ms)
✔ canonical mutation gate follows global mutator aliases and reflection (1124.9999ms)
✔ local mutator names do not acquire global mutation identity (1019.0485ms)
✔ destructured mutators and call/apply retain canonical mutation checks (1022.1209ms)
✔ global mutator call/apply can copy canonical values into fresh objects (1039.8036ms)
✔ mutable aliases with possible canonical destinations fail closed (1026.9142ms)
✔ opaque apply arguments fail closed while unrelated mutable data stays valid (2026.34ms)
✔ canonical references inside containers and destructured aliases cannot be mutated (991.2003ms)
✔ independent shallow copies of scalar canonical fields remain mutable (1017.3767ms)
✔ array references and nested destructuring preserve canonical write provenance (982.8126ms)
✔ array destinations distinguish independent elements from canonical references (983.86ms)
✔ array destructuring, dynamic indices and spread cannot hide canonical references (1100.7949ms)
✔ dynamic indices and destructuring of independent arrays stay mutable (996.3326ms)
✔ function parameters cannot hide canonical mutation across source files (1227.9627ms)
✔ read-only helpers and mutations of unrelated arguments remain valid (1067.8051ms)
✔ returned canonical references remain protected across helper boundaries (1015.8383ms)
✔ helper returns of fresh scalar copies do not retain canonical destination identity (1227.22ms)
✔ destructured object parameters cannot mutate canonical arguments (979.2729ms)
✔ destructured object parameters retain independent argument mutability (956.1943ms)
✔ default parameter and binding initializers cannot hide canonical mutations (925.9436ms)
✔ fresh default parameter and binding copies remain mutable (963.7615ms)
✔ rest parameters retain canonical argument write provenance (1006.2176ms)
✔ rest parameters distinguish independent positions from canonical siblings (1066.6966ms)
✔ finite spread arguments preserve shifted positional and rest destinations (970.6691ms)
✔ finite spread expansion keeps independent argument positions mutable (1005.5434ms)
✔ opaque spreads keep positional mutation destinations unknown (974.8517ms)
✔ opaque spreads into read-only helpers do not invent mutation findings (953.5358ms)
✔ array parameter patterns retain canonical positions including nested object arrays (941.7172ms)
✔ array parameter patterns retain independent bound element mutability (1226.3794ms)
✔ layout gate rejects parameter shadow of canonical layout name (1518.0542ms)
✔ layout gate follows genuine renamed styled factory (1277.8425ms)
✔ layout gate accepts canonical namespace, element access and barrel alias (1071.1803ms)
✔ layout gate does not mistake local component named Stack for MUI (1200.6045ms)
✔ layout gate inspects renamed installed Emotion css tag (1103.8668ms)
✔ layout gate preserves genuine aliased Controller field forwarding (969.8584ms)
✔ a same-named local Controller cannot exempt an unknown prop spread (1013.7991ms)
✔ genuine useForm registration survives property and destructured aliases (980.3127ms)
✔ a function named register cannot exempt injected style props (1003.0207ms)
✔ a bridge callback parameter cannot impersonate its private factor binding (948.5204ms)
✔ opaque namespace component selection remains a strict binding failure (978.665ms)
✔ opaque namespace factory cannot hide style arguments (1003.0263ms)
✔ MUI re-export cannot hide raw spacing behind a first-party barrel (1012.2142ms)
✔ destructuring assignments cannot hide canonical write targets (1165.0289ms)
✔ destructuring assignments can update independent copied destinations (1000.0033ms)
✔ object rest retains nested canonical references while copying the outer object (1012.9431ms)
✔ rest scalar copies and replacement of container references stay mutable (984.1555ms)
✔ shallow object spread preserves canonical child references and last-writer order (1148.9839ms)
✔ shallow spread with a later independent override stays mutable (1178.3661ms)
✔ exported mutable aliases retain assignments from their declaring file (1847.8753ms)
✔ exported independent mutable data does not acquire canonical provenance (986.0301ms)
✔ literal computed keys retain canonical container and parameter provenance (979.762ms)
✔ literal computed keys do not taint independent selected properties (1080.2442ms)
✔ Object.assign shallow copies retain canonical nested reference provenance (1170.5325ms)
✔ Object.assign later independent overrides and scalar copies stay mutable (1190.1175ms)
✔ union and dynamic property selections retain possible canonical destinations (997.0067ms)
✔ finite union property selections exclude canonical siblings not in the key set (972.0473ms)
✔ union selection over Object.assign output retains canonical child provenance (949.6497ms)
✔ union selection over independent Object.assign output remains mutable (945.5496ms)
✔ Reflect.set call/apply checks the target argument rather than the assigned value (3266.0595ms)
✔ aliased React createElement checks MUI and native style objects (1075.3645ms)
✔ GlobalStyles.styles is checked and local createElement names stay local (2220.7856ms)
✔ React JSX runtime factories cannot bypass MUI or native style checks (1161.6828ms)
✔ React cloneElement checks the cloned MUI element and preserves native props (5501.2672ms)
✔ Emotion css props and object factories are inspected with native CSS semantics (3230.5028ms)
✔ Inline style elements in JSX, React factories, DOM and the HTML entry fail closed (8891.771ms)
✔ DOM CSSOM spacing writes use semantic roles and reject opaque style strings (2092.7072ms)
✔ HTML parsing and runtime stylesheet mutation cannot bypass the imported CSS boundary (2023.8064ms)
✔ spacing shorthand values and responsive breakpoints preserve token and unit provenance (10426.6147ms)
✔ function return producers cannot hide canonical children behind spreads (1071.9684ms)
✔ producer spreads keep later independent child overrides writable (1005.816ms)
ℹ tests 86
ℹ suites 0
ℹ pass 86
ℹ fail 0
ℹ cancelled 0
ℹ skipped 0
ℹ todo 0
ℹ duration_ms 108070.3276
layout-check PASS: 93 source files, 0 finding(s), 1 exception(s) used

> botsales-frontend@0.1.0 test:visual-tokens
> node --test tests/visual-token-checker.test.mjs && node scripts/check-visual-tokens.mjs

✔ visual checker accepts canonical theme roles, token references, geometry and semantic responsive props (648.0176ms)
✔ visual checker rejects raw literals across sx, JSX system props and CSS declarations (406.9288ms)
✔ visual checker follows local style aliases and callback themes, but fails raw nested values (479.7463ms)
✔ visual checker reports unresolved spreads and malformed style sources as UNKNOWN or parse errors (440.4963ms)
✔ visual checker includes newly added TSX files under the source root (496.2921ms)
ℹ tests 5
ℹ suites 0
ℹ pass 5
ℹ fail 0
ℹ cancelled 0
ℹ skipped 0
ℹ todo 0
ℹ duration_ms 2971.5152
visual-token-check PASS: 92 source files, 0 finding(s)

> botsales-frontend@0.1.0 test:ui-composition
> node --test tests/ui-composition-checker.test.mjs tests/ui-composition-ancestry.test.mjs tests/ui-shared-api-contract.test.mjs && node scripts/check-ui-composition.mjs

✔ P10/P15 catch alias and neutral-wrapper duplicate insets through fragments and conditionals (619.8368ms)
✔ P20 resolves shared composition identities through a barrel and const component aliases (433.7172ms)
✔ P11/P13 catch static element access roles on every MUI surface, including Paper (397.084ms)
✔ P12 checks React createElement and JSX-runtime element factories (377.2583ms)
✔ P14 resolves bodyMode literal aliases and fails closed when ownership is unknown (1415.6434ms)
✔ checks Panel ancestry when React elements are created natively (307.2969ms)
✔ keeps independent nested surfaces and portaled dialogs as separate owners (765.4226ms)
✔ accepts finite bodyMode branches and every mode in the public component contracts (1038.1755ms)
✔ stops inherited gap ownership at Panels and independent bordered surfaces (652.7523ms)
✔ tracks gaps through fragments, conditions and ready QueryState, but not inside DOM wrappers (334.5713ms)
✔ applies the same finite modes and wrapper boundaries to native React factories (696.6112ms)
✔ recognizes native outlined Paper and nested Box surface inset boundaries (773.2181ms)
✔ fails closed when an unresolved custom wrapper obscures a semantic gap owner (326.8239ms)
✔ rejects unsupported placement and rhythm values while accepting finite aliases and branches (646.4635ms)
✔ rejects unsupported finite values through React element factories (693.7129ms)
✔ accepts semantic composition, closed geometry and business-specific MUI primitives (8.3042ms)
✔ rejects rebuilding each shared spacing owner at a consumer (2.7252ms)
✔ follows aliases, local style variables, object spreads and namespace imports (1.0467ms)
✔ rejects direct and spread spacing overrides on semantic components (0.6765ms)
✔ rejects spacing or opaque spreads hidden in geometry (0.3073ms)
✔ allows the canonical owner implementation and fails closed on malformed source (1.2033ms)
✔ rejects duplicated parent boundary and duplicated Panel inset (1.0427ms)
✔ checks default MUI imports and fails closed for opaque geometry (0.6066ms)
✔ distinguishes content grids from flex flows when reporting the shared owner (0.4783ms)
✔ rejects page spacing for paired fields and peer Panels without a section gap owner (2.8172ms)
✔ related sibling gaps belong to ActionGroup comfortable density, not consumer Stack styles (0.5544ms)
✔ density profiles are finite and new spacing paths retain the shared owner (1.4363ms)
✔ Amount consumers declare wrapping outside DataTable columns and keep table money unbroken (75.9879ms)
✔ the shared catalog covers every public React component and supporting Column type (59.945ms)
✔ SPC-067 covers discovered public Shared APIs without a fixed export count (1.0053ms)
✔ every public React API has a direct rendered contract test (2.05ms)
✔ catalog declaration lines and stated JSX counts match resolved source symbols (138.3014ms)
✔ every shared React export has a resolved production consumer or an explicit zero-use lifecycle decision (73.4616ms)
✖ required UI evidence and regression gates remain wired to root verify and the active parent workflow (1.1913ms)
✔ composition prop allowlists match the TypeScript owners exactly (0.3552ms)
✔ QueryState uses only the approved inline and section pending profiles (0.3429ms)
✔ QueryState consumers reserve section loading for primary content and keep every other state inline by default (63.9572ms)
✔ body modes, placement roles and geometry keys match the TypeScript contracts (1.075ms)
✔ Panel geometry and DataTable columns remain closed public contracts (4.9095ms)
✔ shared component and composition props expose no arbitrary layout/style escape hatch (0.3023ms)
✔ layout role types, runtime values, consumers and ownership documentation stay closed (2940.8822ms)
ℹ tests 41
ℹ suites 0
ℹ pass 40
ℹ fail 1
ℹ cancelled 0
ℹ skipped 0
ℹ todo 0
ℹ duration_ms 10035.2389

✖ failing tests:

test at tests\ui-shared-api-contract.test.mjs:285:1
✖ required UI evidence and regression gates remain wired to root verify and the active parent workflow (1.1913ms)
  AssertionError [ERR_ASSERTION]: The input did not match the regular expression /BotSalesAI_Frontend\/\*\*/. Input:
  
  'name: frontend\n' +
    'on:\n' +
    '  push:\n' +
    '  pull_request:\n' +
    'permissions:\n' +
    '  contents: read\n' +
    'concurrency:\n' +
    '  group: frontend-${{ github.workflow }}-${{ github.ref }}\n' +
    '  cancel-in-progress: true\n' +
    'jobs:\n' +
    '  verify:\n' +
    '    runs-on: ubuntu-latest\n' +
    '    timeout-minutes: 45\n' +
    '    defaults:\n' +
    '      run:\n' +
    '        working-directory: BotSalesAI_Frontend\n' +
    '    steps:\n' +
    '      - uses: actions/checkout@3d3c42e5aac5ba805825da76410c181273ba90b1 # v7.0.1\n' +
    '      - uses: actions/setup-node@820762786026740c76f36085b0efc47a31fe5020 # v7.0.0\n' +
    '        with:\n' +
    "          node-version: '24'\n" +
    '          cache: npm\n' +
    '          cache-dependency-path: BotSalesAI_Frontend/package-lock.json\n' +
    '      - name: Pin npm to the lockfile toolchain\n' +
    '        run: npm install --global npm@11.17.0\n' +
    '      - name: Require real generated lockfile\n' +
    "        run: test -f package-lock.json || (echo 'Run npm install on an authorized online machine and commit the generated lockfile.' && exit 1)\n" +
    '      - run: npm ci\n' +
    '      - name: Audit locked dependencies\n' +
    '        run: npm audit --audit-level=low\n' +
    '      - run: npm run setup\n' +
    '      - run: npx playwright install --with-deps chromium firefox\n' +
    '      - run: npm run verify\n' +
    '      - run: npm run test:e2e\n' +
    '      - name: Upload revision-scoped build and browser evidence\n' +
    '        if: ${{ always() }}\n' +
    '        uses: actions/upload-artifact@043fb46d1a93c77aae656e7c1c64a875d1fc6a0a # v7\n' +
    '        with:\n' +
    '          name: frontend-${{ github.run_id }}-${{ github.run_attempt }}-${{ github.sha }}\n' +
    '          path: |\n' +
    '            BotSalesAI_Frontend/apps/web/dist/\n' +
    '            BotSalesAI_Frontend/apps/web/dist-demo/\n' +
    '            BotSalesAI_Frontend/test-results/\n' +
    '          if-no-files-found: ignore\n' +
    '          retention-days: 14\n'
  
      at TestContext.<anonymous> (file:///C:/Users/Joker-PC/Documents/Projects/Bot-AI-Ban-hang-FB/BotSalesAI_Frontend/tests/ui-shared-api-contract.test.mjs:300:12)
      at Test.runInAsyncScope (node:async_hooks:227:14)
      at Test.run (node:internal/test_runner/test:1382:25)
      at Test.processPendingSubtests (node:internal/test_runner/test:960:18)
      at Test.postRun (node:internal/test_runner/test:1522:19)
      at Test.run (node:internal/test_runner/test:1447:12)
      at async Test.processPendingSubtests (node:internal/test_runner/test:960:7) {
    generatedMessage: true,
    code: 'ERR_ASSERTION',
    actual: "name: frontend\non:\n  push:\n  pull_request:\npermissions:\n  contents: read\nconcurrency:\n  group: frontend-${{ github.workflow }}-${{ github.ref }}\n  cancel-in-progress: true\njobs:\n  verify:\n    runs-on: ubuntu-latest\n    timeout-minutes: 45\n    defaults:\n      run:\n        working-directory: BotSalesAI_Frontend\n    steps:\n      - uses: actions/checkout@3d3c42e5aac5ba805825da76410c181273ba90b1 # v7.0.1\n      - uses: actions/setup-node@820762786026740c76f36085b0efc47a31fe5020 # v7.0.0\n        with:\n          node-version: '24'\n          cache: npm\n          cache-dependency-path: BotSalesAI_Frontend/package-lock.json\n      - name: Pin npm to the lockfile toolchain\n        run: npm install --global npm@11.17.0\n      - name: Require real generated lockfile\n        run: test -f package-lock.json || (echo 'Run npm install on an authorized online machine and commit the generated lockfile.' && exit 1)\n      - run: npm ci\n      - name: Audit locked dependencies\n        run: npm audit --audit-level=low\n      - run: npm run setup\n      - run: npx playwright install --with-deps chromium firefox\n      - run: npm run verify\n      - run: npm run test:e2e\n      - name: Upload revision-scoped build and browser evidence\n        if: ${{ always() }}\n        uses: actions/upload-artifact@043fb46d1a93c77aae656e7c1c64a875d1fc6a0a # v7\n        with:\n          name: frontend-${{ github.run_id }}-${{ github.run_attempt }}-${{ github.sha }}\n          path: |\n            BotSalesAI_Frontend/apps/web/dist/\n            BotSalesAI_Frontend/apps/web/dist-demo/\n            BotSalesAI_Frontend/test-results/\n          if-no-files-found: ignore\n          retention-days: 14\n",
    expected: /BotSalesAI_Frontend\/\*\*/,
    operator: 'match',
    diff: 'simple'
  }
