
> botsales-frontend@0.1.0 test:e2e
> node scripts/run-e2e.mjs tests/ui-customers-layout.spec.ts


> npm run setup

> botsales-frontend@0.1.0 setup
> node scripts/setup.mjs

{"status":"PASS","outputs":11,"schemas":283,"operations":210,"routes":54}
Copying the worker script at "C:\Users\Joker-PC\Documents\Projects\Bot-AI-Ban-hang-FB\BotSalesAI_Frontend\apps\web\public"...

Worker script successfully copied!
  - public

Continue by describing the network in your application:


https://mswjs.io/docs/quick-start

Thiết lập xong. npm run dev chạy frontend mô phỏng; không kết nối khách hàng hoặc provider thật.

> npm run build

> botsales-frontend@0.1.0 build
> npm run generate:check && npm run typecheck && npm run build --workspace @botsales/web


> botsales-frontend@0.1.0 generate:check
> node scripts/generate.mjs --check

{"status":"PASS","outputs":11,"schemas":283,"operations":210,"routes":54}

> botsales-frontend@0.1.0 typecheck
> tsc -p apps/web/tsconfig.json --noEmit


> @botsales/web@0.1.0 build
> vite build --mode production

vite v7.3.6 building client environment for production...
transforming...
✓ 2056 modules transformed.
rendering chunks...
computing gzip size...
dist/index.html                              1.19 kB │ gzip:   0.60 kB
dist/assets/index-CNveuCZ2.css               2.48 kB │ gzip:   0.99 kB
dist/assets/download-8lJFmiSZ.js             0.23 kB │ gzip:   0.17 kB
dist/assets/filters-BJmJubfC.js              0.31 kB │ gzip:   0.23 kB
dist/assets/hooks-D_GbCDum.js                3.19 kB │ gzip:   1.62 kB
dist/assets/index-DqeaSm5Q.js                7.79 kB │ gzip:   3.13 kB
dist/assets/index-Ce3VCsnq.js                8.68 kB │ gzip:   3.65 kB
dist/assets/index-WeGxecCL.js                9.03 kB │ gzip:   3.50 kB
dist/assets/index-COszePln.js               13.12 kB │ gzip:   5.41 kB
dist/assets/index-COBI9sC9.js               13.43 kB │ gzip:   5.05 kB
dist/assets/index-ByZUZpk7.js               13.52 kB │ gzip:   4.46 kB
dist/assets/index-BnH6jSB8.js               13.88 kB │ gzip:   5.36 kB
dist/assets/index-DAgHKXnC.js               16.05 kB │ gzip:   5.35 kB
dist/assets/index-CbIh3Q6M.js               16.08 kB │ gzip:   5.43 kB
dist/assets/index-D9XDT-ga.js               17.21 kB │ gzip:   6.09 kB
dist/assets/index-nb_ARK7S.js               18.07 kB │ gzip:   6.03 kB
dist/assets/index-Sc-zzCq5.js               21.85 kB │ gzip:   7.37 kB
dist/assets/index-TJ5a-Wro.js               22.39 kB │ gzip:   8.07 kB
dist/assets/index-O6nnaiIC.js               25.94 kB │ gzip:   8.42 kB
dist/assets/index-dVvhekt3.js               31.29 kB │ gzip:   9.76 kB
dist/assets/query-5vm9EU1C.js               33.15 kB │ gzip:   9.92 kB
dist/assets/index-DmJOXzR-.js               37.31 kB │ gzip:  10.04 kB
dist/assets/i18n-xB0mQYCC.js                46.14 kB │ gzip:  15.12 kB
dist/assets/index-BdUeqKZr.js               75.42 kB │ gzip:  25.06 kB
dist/assets/schemas-jpQ0XMzw.js             79.18 kB │ gzip:  24.03 kB
dist/assets/schema-validation-Bhr7oAQE.js  149.80 kB │ gzip:  45.12 kB
dist/assets/contract-data-Dmdv2cKW.js      262.00 kB │ gzip:  35.24 kB
dist/assets/react-runtime-D0NtfbPC.js      279.78 kB │ gzip:  90.28 kB
dist/assets/charts-CQ4oecFO.js             313.03 kB │ gzip:  94.99 kB
dist/assets/mui-Bz_aCSm2.js                328.33 kB │ gzip: 100.02 kB
✓ built in 2.83s

> npm run build:demo

> botsales-frontend@0.1.0 build:demo
> npm run generate:check && npm run typecheck && npm run build:demo --workspace @botsales/web


> botsales-frontend@0.1.0 generate:check
> node scripts/generate.mjs --check

{"status":"PASS","outputs":11,"schemas":283,"operations":210,"routes":54}

> botsales-frontend@0.1.0 typecheck
> tsc -p apps/web/tsconfig.json --noEmit


> @botsales/web@0.1.0 build:demo
> vite build --mode demo --outDir dist-demo

vite v7.3.6 building client environment for demo...
transforming...
✓ 2272 modules transformed.
rendering chunks...
computing gzip size...
dist-demo/index.html                              1.19 kB │ gzip:   0.59 kB
dist-demo/assets/index-CNveuCZ2.css               2.48 kB │ gzip:   0.99 kB
dist-demo/assets/download-CWiaXb8A.js             0.24 kB │ gzip:   0.17 kB
dist-demo/assets/filters-BJmJubfC.js              0.31 kB │ gzip:   0.23 kB
dist-demo/assets/control-B9mHuWYJ.js              0.72 kB │ gzip:   0.43 kB
dist-demo/assets/hooks--OcMCNUm.js                3.19 kB │ gzip:   1.62 kB
dist-demo/assets/index-D9RnqVaW.js                8.32 kB │ gzip:   3.32 kB
dist-demo/assets/index-tsKFQGA6.js                8.68 kB │ gzip:   3.65 kB
dist-demo/assets/index-CTbP78C-.js                9.03 kB │ gzip:   3.50 kB
dist-demo/assets/index-BgZ8vIu2.js               13.29 kB │ gzip:   5.46 kB
dist-demo/assets/index-6Q1GHigj.js               13.52 kB │ gzip:   4.46 kB
dist-demo/assets/index-DYdQFVq2.js               13.57 kB │ gzip:   5.17 kB
dist-demo/assets/index-B6wjTyaZ.js               16.20 kB │ gzip:   5.39 kB
dist-demo/assets/index-SJiXbl9_.js               17.21 kB │ gzip:   6.09 kB
dist-demo/assets/index-DVAUB-lB.js               18.07 kB │ gzip:   6.03 kB
dist-demo/assets/index-Ca7H6EvP.js               18.29 kB │ gzip:   6.17 kB
dist-demo/assets/index-okRHv-21.js               21.25 kB │ gzip:   7.50 kB
dist-demo/assets/index-DPglfyVJ.js               22.26 kB │ gzip:   7.53 kB
dist-demo/assets/index-zLmWq9PT.js               22.61 kB │ gzip:   8.13 kB
dist-demo/assets/index-BkRz9p8l.js               26.41 kB │ gzip:   8.56 kB
dist-demo/assets/query-5vm9EU1C.js               33.15 kB │ gzip:   9.92 kB
dist-demo/assets/index-BW6Hex9H.js               33.40 kB │ gzip:  10.46 kB
dist-demo/assets/index-D2HOn67Z.js               37.31 kB │ gzip:  10.04 kB
dist-demo/assets/i18n-xB0mQYCC.js                46.14 kB │ gzip:  15.12 kB
dist-demo/assets/schemas-jpQ0XMzw.js             79.18 kB │ gzip:  24.03 kB
dist-demo/assets/index-D2wVr9hf.js               79.28 kB │ gzip:  26.20 kB
dist-demo/assets/schema-validation-Bhr7oAQE.js  149.80 kB │ gzip:  45.12 kB
dist-demo/assets/service-C09KbfDh.js            159.35 kB │ gzip:  34.71 kB
dist-demo/assets/browser-CjeD8Fi8.js            255.20 kB │ gzip:  86.81 kB
dist-demo/assets/contract-data-Bmlj3jVV.js      267.78 kB │ gzip:  36.38 kB
dist-demo/assets/react-runtime-D0NtfbPC.js      279.78 kB │ gzip:  90.28 kB
dist-demo/assets/charts-RcpaDpmM.js             313.03 kB │ gzip:  94.99 kB
dist-demo/assets/mui-azn9KfGV.js                328.33 kB │ gzip: 100.02 kB
✓ built in 3.24s

> node node_modules\@playwright\test\cli.js test tests/ui-customers-layout.spec.ts

Running 4 tests using 1 worker

(node:63040) Warning: The 'NO_COLOR' env is ignored due to the 'FORCE_COLOR' env being set.
(Use `node --trace-warnings ...` to show where the warning was created)
  ok 1 [chromium] › tests\ui-customers-layout.spec.ts:30:1 › Customers R07/R08/R54 layouts fit the shell at every responsive boundary (16.0s)
  ok 2 [chromium] › tests\ui-customers-layout.spec.ts:59:1 › Customer create and service-case dialogs stay in the viewport without submitting (5.8s)
(node:64236) Warning: The 'NO_COLOR' env is ignored due to the 'FORCE_COLOR' env being set.
(Use `node --trace-warnings ...` to show where the warning was created)
  ok 3 [firefox] › tests\ui-customers-layout.spec.ts:30:1 › Customers R07/R08/R54 layouts fit the shell at every responsive boundary (18.6s)
  ok 4 [firefox] › tests\ui-customers-layout.spec.ts:59:1 › Customer create and service-case dialogs stay in the viewport without submitting (6.1s)

  4 passed (59.3s)
W16_CUSTOMERS_LAYOUT_E2E_EXIT_CODE=0
