✔ accepts semantic bridge roles, the closed token-derived factor map, geometry, and reset values (203.6771ms)
✔ rejects a CSS spacing role without a declared shared owner (197.8921ms)
✔ rejects scale-conforming and off-scale literals in sx, responsive leaves, named and namespace MUI System props (201.7694ms)
✔ follows local aliases and style callbacks; rejects theme spacing helpers and preset overrides (208.9369ms)
✔ scans nested slotProps but does not confuse event handlers or geometric dimensions with spacing (204.8712ms)
✔ keeps Panel geometry inspectable and rejects spacing hidden in its geometry prop (586.1538ms)
✔ accepts only an exact CSS exception and reports stale or mismatched exception scope (589.5952ms)
✔ rejects malformed TypeScript, malformed CSS, bad exception schema, and raw values in the bridge (790.4302ms)
✔ rejects canonical pixel tokens used as MUI factors and an altered bridge factor table (401.0804ms)
✔ report mode inventories migration debt without turning findings into PASS (200.1938ms)
✔ accepts semantic composition, closed geometry and business-specific MUI primitives (5.6189ms)
✔ rejects rebuilding each shared spacing owner at a consumer (1.9567ms)
✔ follows aliases, local style variables, object spreads and namespace imports (0.8285ms)
✔ rejects direct and spread spacing overrides on semantic components (0.5502ms)
✔ rejects spacing or opaque spreads hidden in geometry (0.3731ms)
✔ allows the canonical owner implementation and fails closed on malformed source (1.1522ms)
✔ rejects duplicated parent boundary and duplicated Panel inset (0.3062ms)
✔ checks default MUI imports and fails closed for opaque geometry (0.3385ms)
✔ distinguishes content grids from flex flows when reporting the shared owner (0.3111ms)
✔ visual checker accepts canonical theme roles, token references, geometry and semantic responsive props (10.8721ms)
✔ visual checker rejects raw literals across sx, JSX system props and CSS declarations (3.2043ms)
✔ visual checker follows local style aliases and callback themes, but fails raw nested values (2.7157ms)
✔ visual checker reports unresolved spreads and malformed style sources as UNKNOWN or parse errors (2.7008ms)
✔ visual checker includes newly added TSX files under the source root (4.2544ms)
ℹ tests 24
ℹ suites 0
ℹ pass 24
ℹ fail 0
ℹ cancelled 0
ℹ skipped 0
ℹ todo 0
ℹ duration_ms 3641.0965
