✔ P10/P15 catch alias and neutral-wrapper duplicate insets through fragments and conditionals (929.5842ms)
✔ P20 resolves shared composition identities through a barrel and const component aliases (551.1623ms)
✔ P11/P13 catch static element access roles on every MUI surface, including Paper (656.132ms)
✔ P12 checks React createElement and JSX-runtime element factories (378.5404ms)
✔ P14 resolves bodyMode literal aliases and fails closed when ownership is unknown (1013.1585ms)
✔ checks Panel ancestry when React elements are created natively (356.3464ms)
✔ keeps independent nested surfaces and portaled dialogs as separate owners (793.845ms)
✔ accepts finite bodyMode branches and every mode in the public component contracts (987.274ms)
✔ stops inherited gap ownership at Panels and independent bordered surfaces (702.9357ms)
✔ tracks gaps through fragments, conditions and ready QueryState, but not inside DOM wrappers (296.4499ms)
✔ applies the same finite modes and wrapper boundaries to native React factories (634.1525ms)
✔ recognizes native outlined Paper and nested Box surface inset boundaries (596.502ms)
✔ fails closed when an unresolved custom wrapper obscures a semantic gap owner (296.729ms)
✔ rejects unsupported placement and rhythm values while accepting finite aliases and branches (614.7622ms)
✔ rejects unsupported finite values through React element factories (626.2079ms)
✔ accepts semantic composition, closed geometry and business-specific MUI primitives (9.026ms)
✔ rejects rebuilding each shared spacing owner at a consumer (3.14ms)
✔ follows aliases, local style variables, object spreads and namespace imports (0.9544ms)
✔ rejects direct and spread spacing overrides on semantic components (0.7142ms)
✔ rejects spacing or opaque spreads hidden in geometry (0.2934ms)
✔ allows the canonical owner implementation and fails closed on malformed source (1.1121ms)
✔ rejects duplicated parent boundary and duplicated Panel inset (0.7904ms)
✔ checks default MUI imports and fails closed for opaque geometry (0.4081ms)
✔ distinguishes content grids from flex flows when reporting the shared owner (0.3972ms)
✔ rejects page spacing for paired fields and peer Panels without a section gap owner (2.0231ms)
✔ related sibling gaps belong to ActionGroup comfortable density, not consumer Stack styles (0.5473ms)
✔ the shared catalog covers every public React component and supporting Column type (46.9687ms)
✔ every public React API has a direct rendered contract test (1.3994ms)
✔ catalog declaration lines and stated JSX counts match resolved source symbols (31.5599ms)
✔ every shared React export has a resolved production consumer or an explicit zero-use lifecycle decision (27.2859ms)
✔ required UI evidence and regression gates remain wired to root verify and the active parent workflow (0.5854ms)
✔ composition prop allowlists match the TypeScript owners exactly (0.2541ms)
✔ QueryState uses only the approved inline and section pending profiles (0.3305ms)
✔ QueryState consumers reserve section loading for primary content and keep every other state inline by default (28.3347ms)
✔ body modes, placement roles and geometry keys match the TypeScript contracts (1.1293ms)
✔ Panel geometry and DataTable columns remain closed public contracts (4.9266ms)
✔ shared component and composition props expose no arbitrary layout/style escape hatch (0.228ms)
✔ layout role types, runtime values, consumers and ownership documentation stay closed (3012.8039ms)
ℹ tests 38
ℹ suites 0
ℹ pass 38
ℹ fail 0
ℹ cancelled 0
ℹ skipped 0
ℹ todo 0
ℹ duration_ms 9977.5806
