
> botsales-frontend@0.1.0 verify
> npm run generate:check && npm run test:source && npm run boundaries && npm run lint && npm run typecheck && npm run test:domain && npm test && npm run build


> botsales-frontend@0.1.0 generate:check
> node scripts/generate.mjs --check

{"status":"PASS","outputs":11,"schemas":283,"operations":210,"routes":54}

> botsales-frontend@0.1.0 test:source
> node scripts/check-source.mjs && node --test tests/source-checker.test.mjs

{
  "checkedAt": "2026-10-02T17:41:31.537Z",
  "scope": "Syntax, operation identifiers, route-source mapping, permissions and token adoption. NOT React typecheck, build or browser test.",
  "compiler": "5.9.2",
  "compilerSource": "project dependency",
  "files": 62,
  "operationCalls": 220,
  "routes": 54,
  "issues": [],
  "status": "PASS"
}
✔ module path classification accepts Windows and POSIX spellings, but excludes app files (0.9936ms)
✔ the source-checker CLI rejects a prohibited color literal in a module (168.2548ms)
✔ the source-checker CLI accepts a token-based module and leaves app-level colors outside the rule (151.0426ms)
ℹ tests 3
ℹ suites 0
ℹ pass 3
ℹ fail 0
ℹ cancelled 0
ℹ skipped 0
ℹ todo 0
ℹ duration_ms 375.8696

> botsales-frontend@0.1.0 boundaries
> node scripts/check-boundaries.mjs

{
  "checkedAt": "2026-10-02T17:41:33.578Z",
  "scope": "AST imports resolve aliases/relative paths, module boundaries and cycles; parser diagnostics are errors",
  "files": 62,
  "imports": 411,
  "negativeFixtures": "Boundary fixtures: PASS 8/8 scenarios (allowed import, alias, relative, type-only, dynamic, unresolved, cycle, parser error).",
  "status": "PASS",
  "issues": []
}

> botsales-frontend@0.1.0 lint
> eslint apps/web/src --max-warnings 0


> botsales-frontend@0.1.0 typecheck
> tsc -p apps/web/tsconfig.json --noEmit


> botsales-frontend@0.1.0 test:domain
> node scripts/test-domain.mjs

{"status":"PASS","simulatorChecks":75,"networkChecks":13,"networkHandlers":210,"passed":88,"operations":89,"node":"v24.19.0","typescript":"5.9.2"}

> botsales-frontend@0.1.0 test
> vitest run --config apps/web/vitest.config.ts


 RUN  v5.0.3 C:/Users/Joker-PC/Documents/Projects/Bot-AI-Ban-hang-FB/BotSalesAI_Frontend

[BABEL] Note: The code generator has deoptimised the styling of C:\Users\Joker-PC\AppData\Local\Temp\botsales-vite-cache\ea27c7577456f6009d55\direct-vite\41452\deps\react-dom_client.js?v=82209834 as it exceeds the max of 500KB.

 Test Files  9 passed (9)
      Tests  76 passed (76)
   Start at  00:41:42
   Duration  5.35s (tests 54%, environment 22%, import 11%, transform 6%, setup 6%)


> botsales-frontend@0.1.0 build
> npm run generate:check && npm run typecheck && npm run build --workspace @botsales/web


> botsales-frontend@0.1.0 generate:check
> node scripts/generate.mjs --check

{"status":"PASS","outputs":11,"schemas":283,"operations":210,"routes":54}

> botsales-frontend@0.1.0 typecheck
> tsc -p apps/web/tsconfig.json --noEmit


> @botsales/web@0.1.0 build
> vite build --mode production

vite v7.3.6 building client environment for production...
transforming...
✓ 2051 modules transformed.
rendering chunks...
computing gzip size...
dist/index.html                                 0.86 kB │ gzip:   0.52 kB
dist/assets/index-v_6AJcWh.css                  2.36 kB │ gzip:   0.95 kB
dist/assets/download-8lJFmiSZ.js                0.23 kB │ gzip:   0.17 kB
dist/assets/filters-BA4iHnhs.js                 0.30 kB │ gzip:   0.23 kB
dist/assets/import-file-Ct8hcUTT.js             0.32 kB │ gzip:   0.26 kB
dist/assets/DeleteOutlineRounded-JzQdE_Cb.js    0.53 kB │ gzip:   0.31 kB
dist/assets/hooks-BX1jfedd.js                   4.16 kB │ gzip:   1.94 kB
dist/assets/imports-Dzj5hphd.js                 6.19 kB │ gzip:   2.76 kB
dist/assets/index-CBXDJUMS.js                   7.65 kB │ gzip:   3.06 kB
dist/assets/index-D13-Qw1H.js                   7.80 kB │ gzip:   3.14 kB
dist/assets/index-BLP92DmK.js                   8.35 kB │ gzip:   3.54 kB
dist/assets/index-Y5e9IGGK.js                  13.16 kB │ gzip:   4.55 kB
dist/assets/index-B1olE9Jv.js                  13.21 kB │ gzip:   4.97 kB
dist/assets/index-D-KcSsBX.js                  14.41 kB │ gzip:   5.75 kB
dist/assets/index-O_ryVRnj.js                  15.35 kB │ gzip:   5.37 kB
dist/assets/index-D2jn0M-F.js                  15.73 kB │ gzip:   5.29 kB
dist/assets/index-CS1oUl9r.js                  15.81 kB │ gzip:   5.23 kB
dist/assets/index-B4eJdC3H.js                  17.05 kB │ gzip:   6.01 kB
dist/assets/index-CuWF02lb.js                  17.76 kB │ gzip:   5.85 kB
dist/assets/index-D-suBI5g.js                  24.85 kB │ gzip:   8.46 kB
dist/assets/index-a0qzMOlY.js                  25.53 kB │ gzip:   8.29 kB
dist/assets/index-BPx3s8FB.js                  30.85 kB │ gzip:   9.65 kB
dist/assets/index-BjuR3ZWT.js                  36.70 kB │ gzip:   9.92 kB
dist/assets/schemas-BNOgWa61.js                79.17 kB │ gzip:  24.03 kB
dist/assets/react-NCqEdj2_.js                 104.73 kB │ gzip:  35.41 kB
dist/assets/mui-CPcoVmWS.js                   322.09 kB │ gzip:  97.68 kB
dist/assets/index-DF_bwkTB.js                 324.31 kB │ gzip:  99.40 kB
dist/assets/index-CbHvMt6K.js                 732.24 kB │ gzip: 185.01 kB

(!) Some chunks are larger than 500 kB after minification. Consider:
- Using dynamic import() to code-split the application
- Use build.rollupOptions.output.manualChunks to improve chunking: https://rollupjs.org/configuration-options/#output-manualchunks
- Adjust chunk size limit for this warning via build.chunkSizeWarningLimit.
✓ built in 2.71s
