
> botsales-frontend@0.1.0 test:ui-composition
> node --test tests/ui-composition-checker.test.mjs tests/ui-composition-ancestry.test.mjs tests/ui-shared-api-contract.test.mjs && node scripts/check-ui-composition.mjs

✔ P10/P15 catch alias and neutral-wrapper duplicate insets through fragments and conditionals (552.41ms)
✔ P20 resolves shared composition identities through a barrel and const component aliases (336.975ms)
✔ P11/P13 catch static element access roles on every MUI surface, including Paper (346.7106ms)
✔ P12 checks React createElement and JSX-runtime element factories (337.852ms)
✔ P14 resolves bodyMode literal aliases and fails closed when ownership is unknown (946.8542ms)
✔ checks Panel ancestry when React elements are created natively (415.1391ms)
✔ keeps independent nested surfaces and portaled dialogs as separate owners (886.2101ms)
✔ accepts finite bodyMode branches and every mode in the public component contracts (1170.1733ms)
✔ stops inherited gap ownership at Panels and independent bordered surfaces (682.9974ms)
✔ tracks gaps through fragments, conditions and ready QueryState, but not inside DOM wrappers (333.2944ms)
✔ applies the same finite modes and wrapper boundaries to native React factories (723.9121ms)
✔ recognizes native outlined Paper and nested Box surface inset boundaries (723.3992ms)
✔ fails closed when an unresolved custom wrapper obscures a semantic gap owner (374.6031ms)
✔ rejects unsupported placement and rhythm values while accepting finite aliases and branches (712.8244ms)
✔ rejects unsupported finite values through React element factories (682.7939ms)
✔ accepts semantic composition, closed geometry and business-specific MUI primitives (9.6428ms)
✔ rejects rebuilding each shared spacing owner at a consumer (3.8513ms)
✔ follows aliases, local style variables, object spreads and namespace imports (1.2645ms)
✔ rejects direct and spread spacing overrides on semantic components (0.8862ms)
✔ rejects spacing or opaque spreads hidden in geometry (0.3405ms)
✔ allows the canonical owner implementation and fails closed on malformed source (1.0595ms)
✔ rejects duplicated parent boundary and duplicated Panel inset (0.6451ms)
✔ checks default MUI imports and fails closed for opaque geometry (0.4231ms)
✔ distinguishes content grids from flex flows when reporting the shared owner (0.352ms)
✔ rejects page spacing for paired fields and peer Panels without a section gap owner (1.9198ms)
✔ related sibling gaps belong to ActionGroup comfortable density, not consumer Stack styles (0.6097ms)
✔ density profiles are finite and new spacing paths retain the shared owner (1.5136ms)
✔ Amount consumers declare wrapping outside DataTable columns and keep table money unbroken (56.0951ms)
✔ the shared catalog covers every public React component and supporting Column type (40.0791ms)
✔ SPC-067 covers discovered public Shared APIs without a fixed export count (0.8073ms)
✔ every public React API has a direct rendered contract test (1.5574ms)
✔ catalog declaration lines and stated JSX counts match resolved source symbols (113.4061ms)
✔ every shared React export has a resolved production consumer or an explicit zero-use lifecycle decision (61.7508ms)
✔ required UI evidence and regression gates remain wired to root verify and the active parent workflow (0.8172ms)
✔ composition prop allowlists match the TypeScript owners exactly (0.2487ms)
✔ QueryState uses only the approved inline and section pending profiles (0.3216ms)
✔ QueryState consumers reserve section loading for primary content and keep every other state inline by default (56.1377ms)
✔ body modes, placement roles and geometry keys match the TypeScript contracts (1.1883ms)
✔ Panel geometry and DataTable columns remain closed public contracts (4.9952ms)
✔ shared component and composition props expose no arbitrary layout/style escape hatch (0.2531ms)
✔ layout role types, runtime values, consumers and ownership documentation stay closed (3369.0819ms)
ℹ tests 41
ℹ suites 0
ℹ pass 41
ℹ fail 0
ℹ cancelled 0
ℹ skipped 0
ℹ todo 0
ℹ duration_ms 9797.0163
ui-composition PASS: 91 source files, 0 finding(s)

