
> botsales-frontend@0.1.0 test:layout
> node --test tests/layout-checker.test.mjs tests/ui-layout-binding-gates.test.mjs && node scripts/check-layout.mjs

✔ CSS label gap accepts the canonical direct pixel constructor and its exact owner/property (1125.4852ms)
✔ CSS label gap cannot be used as an unrelated spacing property (1083.7168ms)
✔ CSS label gap rejects a raw pixel constructor argument (1079.8215ms)
✔ CSS label gap cannot impersonate a role from another owner (1011.6745ms)
✔ accepts semantic bridge roles, the closed token-derived factor map, geometry, and reset values (983.3706ms)
✔ rejects a CSS spacing role without a declared shared owner (961.8059ms)
✔ rejects scale-conforming and off-scale literals in sx, responsive leaves, named and namespace MUI System props (960.4375ms)
✔ follows local aliases and style callbacks; rejects theme spacing helpers and preset overrides (972.9856ms)
✔ scans nested slotProps but does not confuse event handlers or geometric dimensions with spacing (973.1998ms)
✔ keeps Panel geometry inspectable and rejects spacing hidden in its geometry prop (2926.2798ms)
✔ accepts only an exact CSS exception and reports stale or mismatched exception scope (2800.9986ms)
✔ rejects malformed TypeScript, malformed CSS, bad exception schema, and raw values in the bridge (3847.9448ms)
✔ rejects canonical pixel tokens used as MUI factors and an altered bridge factor table (1910.2805ms)
✔ report mode inventories migration debt without turning findings into PASS (933.0405ms)
✔ canonical writes through casts and aliases fail outside style expressions (1130.5237ms)
✔ Object.assign cannot mutate canonical data but can copy to a fresh object (2151.3928ms)
✔ layout gate rejects raw spacing on const alias of MUI component (1056.774ms)
✔ canonical mutation gate follows global mutator aliases and reflection (1009.1359ms)
✔ local mutator names do not acquire global mutation identity (983.6431ms)
✔ destructured mutators and call/apply retain canonical mutation checks (996.2183ms)
✔ global mutator call/apply can copy canonical values into fresh objects (987.3576ms)
✔ mutable aliases with possible canonical destinations fail closed (1006.8907ms)
✔ opaque apply arguments fail closed while unrelated mutable data stays valid (1977.8475ms)
✔ canonical references inside containers and destructured aliases cannot be mutated (1016.7012ms)
✔ independent shallow copies of scalar canonical fields remain mutable (993.0948ms)
✔ array references and nested destructuring preserve canonical write provenance (982.4946ms)
✔ array destinations distinguish independent elements from canonical references (980.7336ms)
✔ array destructuring, dynamic indices and spread cannot hide canonical references (974.6141ms)
✔ dynamic indices and destructuring of independent arrays stay mutable (971.2604ms)
✔ function parameters cannot hide canonical mutation across source files (1017.4404ms)
✔ read-only helpers and mutations of unrelated arguments remain valid (995.2314ms)
✔ returned canonical references remain protected across helper boundaries (994.3427ms)
✔ helper returns of fresh scalar copies do not retain canonical destination identity (983.0131ms)
✔ destructured object parameters cannot mutate canonical arguments (1001.6377ms)
✔ destructured object parameters retain independent argument mutability (954.0203ms)
✔ default parameter and binding initializers cannot hide canonical mutations (967.2475ms)
✔ fresh default parameter and binding copies remain mutable (957.2969ms)
✔ rest parameters retain canonical argument write provenance (940.5665ms)
✔ rest parameters distinguish independent positions from canonical siblings (962.9367ms)
✔ finite spread arguments preserve shifted positional and rest destinations (946.5015ms)
✔ finite spread expansion keeps independent argument positions mutable (943.5899ms)
✔ opaque spreads keep positional mutation destinations unknown (965.4808ms)
✔ opaque spreads into read-only helpers do not invent mutation findings (953.3403ms)
✔ array parameter patterns retain canonical positions including nested object arrays (1007.2909ms)
✔ array parameter patterns retain independent bound element mutability (965.1604ms)
✔ layout gate rejects parameter shadow of canonical layout name (981.7964ms)
✔ layout gate follows genuine renamed styled factory (986.2807ms)
✔ layout gate accepts canonical namespace, element access and barrel alias (985.2391ms)
✔ layout gate does not mistake local component named Stack for MUI (1006.4754ms)
✔ layout gate inspects renamed installed Emotion css tag (1088.5614ms)
✔ layout gate preserves genuine aliased Controller field forwarding (1008.1778ms)
✔ a same-named local Controller cannot exempt an unknown prop spread (958.4339ms)
✔ genuine useForm registration survives property and destructured aliases (958.0878ms)
✔ a function named register cannot exempt injected style props (1001.4389ms)
✔ a bridge callback parameter cannot impersonate its private factor binding (952.732ms)
✔ opaque namespace component selection remains a strict binding failure (953.3034ms)
✔ opaque namespace factory cannot hide style arguments (1003.4041ms)
✔ MUI re-export cannot hide raw spacing behind a first-party barrel (944.4348ms)
✔ destructuring assignments cannot hide canonical write targets (960.5004ms)
✔ destructuring assignments can update independent copied destinations (950.7932ms)
✔ object rest retains nested canonical references while copying the outer object (1007.7929ms)
✔ rest scalar copies and replacement of container references stay mutable (1042.136ms)
✔ shallow object spread preserves canonical child references and last-writer order (1004.1296ms)
✔ shallow spread with a later independent override stays mutable (1027.1716ms)
✔ exported mutable aliases retain assignments from their declaring file (1052.2761ms)
✔ exported independent mutable data does not acquire canonical provenance (1000.2169ms)
✔ literal computed keys retain canonical container and parameter provenance (1027.0944ms)
✔ literal computed keys do not taint independent selected properties (1017.1835ms)
✔ Object.assign shallow copies retain canonical nested reference provenance (984.5436ms)
✔ Object.assign later independent overrides and scalar copies stay mutable (959.3988ms)
✔ union and dynamic property selections retain possible canonical destinations (949.7373ms)
✔ finite union property selections exclude canonical siblings not in the key set (956.3133ms)
✔ union selection over Object.assign output retains canonical child provenance (967.8497ms)
✔ union selection over independent Object.assign output remains mutable (967.7157ms)
✔ Reflect.set call/apply checks the target argument rather than the assigned value (3117.5143ms)
✔ aliased React createElement checks MUI and native style objects (940.2003ms)
✔ GlobalStyles.styles is checked and local createElement names stay local (2006.2537ms)
✔ React JSX runtime factories cannot bypass MUI or native style checks (1055.8278ms)
✔ React cloneElement checks the cloned MUI element and preserves native props (3913.4448ms)
✔ Emotion css props and object factories are inspected with native CSS semantics (2998.5064ms)
✔ Inline style elements in JSX, React factories, DOM and the HTML entry fail closed (7798.0434ms)
✔ DOM CSSOM spacing writes use semantic roles and reject opaque style strings (1951.6439ms)
✔ HTML parsing and runtime stylesheet mutation cannot bypass the imported CSS boundary (1859.9153ms)
✔ spacing shorthand values and responsive breakpoints preserve token and unit provenance (9292.9128ms)
✔ function return producers cannot hide canonical children behind spreads (1165.2479ms)
✔ producer spreads keep later independent child overrides writable (1005.6504ms)
ℹ tests 86
ℹ suites 0
ℹ pass 86
ℹ fail 0
ℹ cancelled 0
ℹ skipped 0
ℹ todo 0
ℹ duration_ms 98714.1403
layout-check PASS: 93 source files, 0 finding(s), 1 exception(s) used
