
> botsales-frontend@0.1.0 verify
> npm run generate:check && npm run test:source && npm run boundaries && npm run lint && npm run typecheck && npm run test:domain && npm test && npm run build && npm run test:layout && npm run test:visual-tokens && npm run test:ui-composition && npm run test:evidence


> botsales-frontend@0.1.0 generate:check
> node scripts/generate.mjs --check

{"status":"PASS","outputs":15,"schemas":346,"operations":245,"routes":61}

> botsales-frontend@0.1.0 test:source
> node scripts/check-source.mjs && node --test tests/source-checker.test.mjs

{
  "checkedAt": "2026-10-10T15:11:02.729Z",
  "scope": "Syntax, operation identifiers, route-source mapping, permissions and token adoption. NOT React typecheck, build or browser test.",
  "compiler": "5.9.2",
  "compilerSource": "project dependency",
  "files": 85,
  "operationCalls": 262,
  "routes": 61,
  "issues": [],
  "status": "PASS"
}
✔ module path classification accepts Windows and POSIX spellings, but excludes app files (1.0455ms)
✔ the source-checker CLI rejects a prohibited color literal in a module (158.0687ms)
✔ the source-checker CLI accepts a token-based module and leaves app-level colors outside the rule (146.6237ms)
ℹ tests 3
ℹ suites 0
ℹ pass 3
ℹ fail 0
ℹ cancelled 0
ℹ skipped 0
ℹ todo 0
ℹ duration_ms 359.1774

> botsales-frontend@0.1.0 boundaries
> node scripts/check-boundaries.mjs

{
  "checkedAt": "2026-10-10T15:11:05.082Z",
  "scope": "AST imports resolve aliases/relative paths, module boundaries and cycles; parser diagnostics are errors",
  "files": 85,
  "imports": 722,
  "negativeFixtures": "Boundary fixtures: PASS 10/10 scenarios (allowed shared/public imports, alias, relative, app deep import, type-only, dynamic, unresolved, cycle, parser error).",
  "status": "PASS",
  "issues": []
}

> botsales-frontend@0.1.0 lint
> eslint apps/web/src --max-warnings 0


> botsales-frontend@0.1.0 typecheck
> tsc -p apps/web/tsconfig.json --noEmit


> botsales-frontend@0.1.0 test:domain
> node scripts/test-domain.mjs

{"status":"PASS","simulatorChecks":86,"networkChecks":31,"networkHandlers":245,"passed":117,"operations":100,"node":"v24.19.0","typescript":"5.9.2"}

> botsales-frontend@0.1.0 test
> vitest run --config apps/web/vitest.config.ts


 RUN  v5.0.3 C:/Users/Joker-PC/Documents/Projects/Bot-AI-Ban-hang-FB/BotSalesAI_Frontend

[BABEL] Note: The code generator has deoptimised the styling of C:\Users\Joker-PC\AppData\Local\Temp\botsales-vite-cache\ea27c7577456f6009d55\direct-vite\91700\deps\react-dom_client.js?v=ec78b750 as it exceeds the max of 500KB.

 Test Files  23 passed (23)
      Tests  238 passed (238)
   Start at  22:11:20
   Duration  6.35s (tests 33%, environment 31%, import 16%, transform 11%, setup 8%)


> botsales-frontend@0.1.0 build
> npm run generate:check && npm run typecheck && npm run build --workspace @botsales/web


> botsales-frontend@0.1.0 generate:check
> node scripts/generate.mjs --check

{"status":"PASS","outputs":15,"schemas":346,"operations":245,"routes":61}

> botsales-frontend@0.1.0 typecheck
> tsc -p apps/web/tsconfig.json --noEmit


> @botsales/web@0.1.0 build
> vite build --mode production

vite v7.3.6 building client environment for production...
transforming...
✓ 2077 modules transformed.
rendering chunks...
computing gzip size...
dist/index.html                              1.23 kB │ gzip:   0.61 kB
dist/assets/index-BQPx7lJM.css               3.56 kB │ gzip:   1.33 kB
dist/assets/download-8lJFmiSZ.js             0.23 kB │ gzip:   0.17 kB
dist/assets/filters-CM07jGKE.js              0.32 kB │ gzip:   0.25 kB
dist/assets/hooks-L2nh8X7I.js                4.59 kB │ gzip:   2.15 kB
dist/assets/draft-conflict-CQUoJQ4o.js       5.37 kB │ gzip:   2.49 kB
dist/assets/index-mquMxiPF.js                8.25 kB │ gzip:   3.27 kB
dist/assets/index-CiWOs-TV.js                9.42 kB │ gzip:   3.73 kB
dist/assets/index-DQGrQuEv.js               13.14 kB │ gzip:   5.19 kB
dist/assets/index-OVGPogNo.js               15.39 kB │ gzip:   5.90 kB
dist/assets/index-Bd9mcE3C.js               16.98 kB │ gzip:   5.58 kB
dist/assets/index-Bg61UgeK.js               16.99 kB │ gzip:   5.81 kB
dist/assets/index-PCRh2M1X.js               18.85 kB │ gzip:   6.33 kB
dist/assets/index-BUtDDvPf.js               19.08 kB │ gzip:   7.02 kB
dist/assets/index-CvmCKMdV.js               20.90 kB │ gzip:   6.92 kB
dist/assets/index-Dzt3sNfY.js               21.23 kB │ gzip:   7.65 kB
dist/assets/index-RfTtRmBG.js               24.80 kB │ gzip:   8.25 kB
dist/assets/index-DWs4xu4k.js               25.06 kB │ gzip:   8.46 kB
dist/assets/index-BSXDucyP.js               30.93 kB │ gzip:   9.93 kB
dist/assets/index-DattA6PL.js               32.48 kB │ gzip:  10.82 kB
dist/assets/query-Df7VyXaF.js               33.15 kB │ gzip:   9.92 kB
dist/assets/index-WDyY7fx-.js               42.03 kB │ gzip:  11.49 kB
dist/assets/i18n-D4N_7Z3Q.js                46.14 kB │ gzip:  15.12 kB
dist/assets/index-BeRebE9w.js               64.28 kB │ gzip:  17.67 kB
dist/assets/schemas-CoWCwirf.js             85.75 kB │ gzip:  25.72 kB
dist/assets/index-DgXyZ4_1.js              100.89 kB │ gzip:  32.02 kB
dist/assets/schema-validation-B78jEm7B.js  149.80 kB │ gzip:  45.12 kB
dist/assets/react-runtime-gLMyUIL2.js      279.79 kB │ gzip:  90.28 kB
dist/assets/charts-BwhaRlrs.js             320.23 kB │ gzip:  96.79 kB
dist/assets/mui-CJj7QyVx.js                328.77 kB │ gzip: 100.20 kB
dist/assets/contract-data-BRT-TOMX.js      368.62 kB │ gzip:  42.83 kB
✓ built in 2.82s

> botsales-frontend@0.1.0 test:layout
> node --test tests/layout-checker.test.mjs tests/ui-layout-binding-gates.test.mjs && node scripts/check-layout.mjs

✔ CSS label gap accepts the canonical direct pixel constructor and its exact owner/property (934.641ms)
✔ CSS label gap cannot be used as an unrelated spacing property (911.3423ms)
✔ CSS label gap rejects a raw pixel constructor argument (902.2619ms)
✔ CSS label gap cannot impersonate a role from another owner (952.3948ms)
✔ accepts semantic bridge roles, the closed token-derived factor map, geometry, and reset values (914.1533ms)
✔ rejects a CSS spacing role without a declared shared owner (911.7033ms)
✔ rejects scale-conforming and off-scale literals in sx, responsive leaves, named and namespace MUI System props (918.8628ms)
✔ follows local aliases and style callbacks; rejects theme spacing helpers and preset overrides (917.8901ms)
✔ scans nested slotProps but does not confuse event handlers or geometric dimensions with spacing (928.4255ms)
✔ keeps Panel geometry inspectable and rejects spacing hidden in its geometry prop (2716.0981ms)
✔ accepts only an exact CSS exception and reports stale or mismatched exception scope (2717.2216ms)
✔ rejects malformed TypeScript, malformed CSS, bad exception schema, and raw values in the bridge (3589.3904ms)
✔ rejects canonical pixel tokens used as MUI factors and an altered bridge factor table (1804.8357ms)
✔ report mode inventories migration debt without turning findings into PASS (920.4746ms)
✔ canonical writes through casts and aliases fail outside style expressions (983.5427ms)
✔ Object.assign cannot mutate canonical data but can copy to a fresh object (1903.5678ms)
✔ layout gate rejects raw spacing on const alias of MUI component (946.2851ms)
✔ canonical mutation gate follows global mutator aliases and reflection (939.4415ms)
✔ local mutator names do not acquire global mutation identity (945.735ms)
✔ destructured mutators and call/apply retain canonical mutation checks (945.1035ms)
✔ global mutator call/apply can copy canonical values into fresh objects (944.4023ms)
✔ mutable aliases with possible canonical destinations fail closed (939.5151ms)
✔ opaque apply arguments fail closed while unrelated mutable data stays valid (1868.7142ms)
✔ canonical references inside containers and destructured aliases cannot be mutated (935.368ms)
✔ independent shallow copies of scalar canonical fields remain mutable (931.622ms)
✔ array references and nested destructuring preserve canonical write provenance (937.9391ms)
✔ array destinations distinguish independent elements from canonical references (936.2487ms)
✔ array destructuring, dynamic indices and spread cannot hide canonical references (950.2298ms)
✔ dynamic indices and destructuring of independent arrays stay mutable (930.8243ms)
✔ function parameters cannot hide canonical mutation across source files (934.2265ms)
✔ read-only helpers and mutations of unrelated arguments remain valid (928.5301ms)
✔ returned canonical references remain protected across helper boundaries (958.7583ms)
✔ helper returns of fresh scalar copies do not retain canonical destination identity (943.7566ms)
✔ destructured object parameters cannot mutate canonical arguments (983.5323ms)
✔ destructured object parameters retain independent argument mutability (919.1316ms)
✔ default parameter and binding initializers cannot hide canonical mutations (913.5651ms)
✔ fresh default parameter and binding copies remain mutable (918.6051ms)
✔ rest parameters retain canonical argument write provenance (923.9027ms)
✔ rest parameters distinguish independent positions from canonical siblings (920.4136ms)
✔ finite spread arguments preserve shifted positional and rest destinations (921.0095ms)
✔ finite spread expansion keeps independent argument positions mutable (915.7706ms)
✔ opaque spreads keep positional mutation destinations unknown (905.0816ms)
✔ opaque spreads into read-only helpers do not invent mutation findings (919.4754ms)
✔ array parameter patterns retain canonical positions including nested object arrays (916.8458ms)
✔ array parameter patterns retain independent bound element mutability (922.2282ms)
✔ layout gate rejects parameter shadow of canonical layout name (914.727ms)
✔ layout gate follows genuine renamed styled factory (913.6059ms)
✔ layout gate accepts canonical namespace, element access and barrel alias (906.9192ms)
✔ layout gate does not mistake local component named Stack for MUI (907.2946ms)
✔ layout gate inspects renamed installed Emotion css tag (920.2212ms)
✔ layout gate preserves genuine aliased Controller field forwarding (919.53ms)
✔ a same-named local Controller cannot exempt an unknown prop spread (912.5586ms)
✔ genuine useForm registration survives property and destructured aliases (916.3043ms)
✔ a function named register cannot exempt injected style props (912.7465ms)
✔ a bridge callback parameter cannot impersonate its private factor binding (909.7719ms)
✔ opaque namespace component selection remains a strict binding failure (901.8056ms)
✔ opaque namespace factory cannot hide style arguments (920.6936ms)
✔ MUI re-export cannot hide raw spacing behind a first-party barrel (918.693ms)
✔ destructuring assignments cannot hide canonical write targets (951.5762ms)
✔ destructuring assignments can update independent copied destinations (902.3193ms)
✔ object rest retains nested canonical references while copying the outer object (920.4784ms)
✔ rest scalar copies and replacement of container references stay mutable (934.2218ms)
✔ shallow object spread preserves canonical child references and last-writer order (920.649ms)
✔ shallow spread with a later independent override stays mutable (906.2487ms)
✔ exported mutable aliases retain assignments from their declaring file (919.7756ms)
✔ exported independent mutable data does not acquire canonical provenance (925.5147ms)
✔ literal computed keys retain canonical container and parameter provenance (909.9005ms)
✔ literal computed keys do not taint independent selected properties (1018.3711ms)
✔ Object.assign shallow copies retain canonical nested reference provenance (929.7309ms)
✔ Object.assign later independent overrides and scalar copies stay mutable (918.3696ms)
✔ union and dynamic property selections retain possible canonical destinations (913.2061ms)
✔ finite union property selections exclude canonical siblings not in the key set (909.5877ms)
✔ union selection over Object.assign output retains canonical child provenance (919.9525ms)
✔ union selection over independent Object.assign output remains mutable (931.3707ms)
✔ Reflect.set call/apply checks the target argument rather than the assigned value (2778.4446ms)
✔ aliased React createElement checks MUI and native style objects (928.3982ms)
✔ GlobalStyles.styles is checked and local createElement names stay local (1829.2112ms)
✔ React JSX runtime factories cannot bypass MUI or native style checks (922.5842ms)
✔ React cloneElement checks the cloned MUI element and preserves native props (3646.8837ms)
✔ Emotion css props and object factories are inspected with native CSS semantics (2795.3319ms)
✔ Inline style elements in JSX, React factories, DOM and the HTML entry fail closed (7277.6438ms)
✔ DOM CSSOM spacing writes use semantic roles and reject opaque style strings (1838.1422ms)
✔ HTML parsing and runtime stylesheet mutation cannot bypass the imported CSS boundary (1861.5201ms)
✔ spacing shorthand values and responsive breakpoints preserve token and unit provenance (9202.5098ms)
✔ function return producers cannot hide canonical children behind spreads (915.8551ms)
✔ producer spreads keep later independent child overrides writable (912.1126ms)
ℹ tests 86
ℹ suites 0
ℹ pass 86
ℹ fail 0
ℹ cancelled 0
ℹ skipped 0
ℹ todo 0
ℹ duration_ms 92569.4227
layout-check PASS: 93 source files, 0 finding(s), 1 exception(s) used

> botsales-frontend@0.1.0 test:visual-tokens
> node --test tests/visual-token-checker.test.mjs && node scripts/check-visual-tokens.mjs

✔ visual checker accepts canonical theme roles, token references, geometry and semantic responsive props (487.4455ms)
✔ visual checker rejects raw literals across sx, JSX system props and CSS declarations (289.5196ms)
✔ visual checker follows local style aliases and callback themes, but fails raw nested values (283.8641ms)
✔ visual checker reports unresolved spreads and malformed style sources as UNKNOWN or parse errors (266.2678ms)
✔ visual checker includes newly added TSX files under the source root (268.8563ms)
ℹ tests 5
ℹ suites 0
ℹ pass 5
ℹ fail 0
ℹ cancelled 0
ℹ skipped 0
ℹ todo 0
ℹ duration_ms 2017.4963
visual-token-check PASS: 92 source files, 0 finding(s)

> botsales-frontend@0.1.0 test:ui-composition
> node --test tests/ui-composition-checker.test.mjs tests/ui-composition-ancestry.test.mjs tests/ui-shared-api-contract.test.mjs && node scripts/check-ui-composition.mjs

✔ P10/P15 catch alias and neutral-wrapper duplicate insets through fragments and conditionals (430.2706ms)
✔ P20 resolves shared composition identities through a barrel and const component aliases (297.9135ms)
✔ P11/P13 catch static element access roles on every MUI surface, including Paper (287.1123ms)
✔ P12 checks React createElement and JSX-runtime element factories (274.95ms)
✔ P14 resolves bodyMode literal aliases and fails closed when ownership is unknown (810.1261ms)
✔ checks Panel ancestry when React elements are created natively (268.1905ms)
✔ keeps independent nested surfaces and portaled dialogs as separate owners (545.5135ms)
✔ accepts finite bodyMode branches and every mode in the public component contracts (818.9935ms)
✔ stops inherited gap ownership at Panels and independent bordered surfaces (526.585ms)
✔ tracks gaps through fragments, conditions and ready QueryState, but not inside DOM wrappers (268.6129ms)
✔ applies the same finite modes and wrapper boundaries to native React factories (514.7222ms)
✔ recognizes native outlined Paper and nested Box surface inset boundaries (529.8787ms)
✔ fails closed when an unresolved custom wrapper obscures a semantic gap owner (253.6762ms)
✔ rejects unsupported placement and rhythm values while accepting finite aliases and branches (526.426ms)
✔ rejects unsupported finite values through React element factories (516.803ms)
✔ accepts semantic composition, closed geometry and business-specific MUI primitives (6.1556ms)
✔ rejects rebuilding each shared spacing owner at a consumer (1.9088ms)
✔ follows aliases, local style variables, object spreads and namespace imports (0.9208ms)
✔ rejects direct and spread spacing overrides on semantic components (0.5436ms)
✔ rejects spacing or opaque spreads hidden in geometry (0.2606ms)
✔ allows the canonical owner implementation and fails closed on malformed source (0.921ms)
✔ rejects duplicated parent boundary and duplicated Panel inset (0.5811ms)
✔ checks default MUI imports and fails closed for opaque geometry (0.3997ms)
✔ distinguishes content grids from flex flows when reporting the shared owner (0.3124ms)
✔ rejects page spacing for paired fields and peer Panels without a section gap owner (1.7883ms)
✔ related sibling gaps belong to ActionGroup comfortable density, not consumer Stack styles (0.4869ms)
✔ density profiles are finite and new spacing paths retain the shared owner (1.1896ms)
✔ Amount consumers declare wrapping outside DataTable columns and keep table money unbroken (51.5612ms)
✔ the shared catalog covers every public React component and supporting Column type (36.0727ms)
✔ SPC-067 covers discovered public Shared APIs without a fixed export count (0.7863ms)
✔ every public React API has a direct rendered contract test (1.3544ms)
✔ catalog declaration lines and stated JSX counts match resolved source symbols (88.162ms)
✔ every shared React export has a resolved production consumer or an explicit zero-use lifecycle decision (57.9465ms)
✔ required UI evidence and regression gates remain wired to root verify and the active parent workflow (0.7014ms)
✔ composition prop allowlists match the TypeScript owners exactly (0.229ms)
✔ QueryState uses only the approved inline and section pending profiles (0.2966ms)
✔ QueryState consumers reserve section loading for primary content and keep every other state inline by default (44.0377ms)
✔ body modes, placement roles and geometry keys match the TypeScript contracts (1.0201ms)
✔ Panel geometry and DataTable columns remain closed public contracts (4.2857ms)
✔ shared component and composition props expose no arbitrary layout/style escape hatch (0.2082ms)
✔ layout role types, runtime values, consumers and ownership documentation stay closed (2430.8034ms)
ℹ tests 41
ℹ suites 0
ℹ pass 41
ℹ fail 0
ℹ cancelled 0
ℹ skipped 0
ℹ todo 0
ℹ duration_ms 7308.606
ui-composition PASS: 91 source files, 0 finding(s)


> botsales-frontend@0.1.0 test:evidence
> node --test tests/ui-evidence-validator.test.mjs && node scripts/validate-ui-evidence.mjs evidence/frontend-ui-improvements/ui-governance-rollout-20261007/S17-current-evidence.json

✔ accepts current fingerprints, honest open coverage, and explained N/A (5.7007ms)
✔ rejects a stale source fingerprint (3.5601ms)
✔ rejects a stale command log (3.5964ms)
✔ rejects missing, absolute, and escaping source paths (2.7462ms)
✔ rejects unrun, missing, duplicate, and nonzero command results marked PASS (3.1044ms)
✔ rejects PASS when expected and observed results differ (3.1179ms)
✔ rejects inconsistent coverage and N/A without a reason (3.1813ms)
✔ rejects a baseline falsely dated after implementation started and detects changed baseline artifacts (5.8145ms)
✔ COMPLETE cannot contain open coverage or failed commands (3.8911ms)
✔ S19 must explicitly reconcile files, APIs, routes, rendered routes, slots, and states (4.7693ms)
✔ rejects malformed top-level evidence instead of treating missing fields as success (2.0741ms)
ℹ tests 11
ℹ suites 0
ℹ pass 11
ℹ fail 0
ℹ cancelled 0
ℹ skipped 0
ℹ todo 0
ℹ duration_ms 98.6089
ui-evidence PASS: S17; 3 command/log record(s), 3 coverage row(s), 275 current fingerprint(s); status=COMPLETE
