
> botsales-frontend@0.1.0 test:e2e
> node scripts/run-e2e.mjs


> npm run setup

> botsales-frontend@0.1.0 setup
> node scripts/setup.mjs

{"status":"PASS","outputs":11,"schemas":283,"operations":210,"routes":54}
Copying the worker script at "C:\Users\Joker-PC\Documents\Projects\Bot-AI-Ban-hang-FB\BotSalesAI_Frontend\apps\web\public"...

Worker script successfully copied!
  - public

Continue by describing the network in your application:


https://mswjs.io/docs/quick-start

Thiết lập xong. npm run dev chạy frontend mô phỏng; không kết nối khách hàng hoặc provider thật.

> npm run build

> botsales-frontend@0.1.0 build
> npm run generate:check && npm run typecheck && npm run build --workspace @botsales/web


> botsales-frontend@0.1.0 generate:check
> node scripts/generate.mjs --check

{"status":"PASS","outputs":11,"schemas":283,"operations":210,"routes":54}

> botsales-frontend@0.1.0 typecheck
> tsc -p apps/web/tsconfig.json --noEmit


> @botsales/web@0.1.0 build
> vite build --mode production

vite v7.3.6 building client environment for production...
transforming...
✓ 2061 modules transformed.
rendering chunks...
computing gzip size...
dist/index.html                              1.19 kB │ gzip:   0.60 kB
dist/assets/index-BQPx7lJM.css               3.56 kB │ gzip:   1.33 kB
dist/assets/download-8lJFmiSZ.js             0.23 kB │ gzip:   0.17 kB
dist/assets/filters-CVitQAxr.js              0.32 kB │ gzip:   0.25 kB
dist/assets/hooks-CUO6Pyzd.js                4.58 kB │ gzip:   2.14 kB
dist/assets/draft-conflict-DwqNQ9pa.js       5.35 kB │ gzip:   2.47 kB
dist/assets/index-DIohO8r3.js                7.86 kB │ gzip:   3.14 kB
dist/assets/index-C-A9v5kl.js                8.29 kB │ gzip:   3.52 kB
dist/assets/index-BoTqh6wB.js                9.79 kB │ gzip:   3.68 kB
dist/assets/index-B0ZRBezG.js               13.78 kB │ gzip:   5.62 kB
dist/assets/index-Dk56ShB2.js               14.53 kB │ gzip:   5.36 kB
dist/assets/index-CF8Rec9t.js               14.56 kB │ gzip:   4.91 kB
dist/assets/index-DpwDXLP4.js               15.22 kB │ gzip:   5.86 kB
dist/assets/index-HkGqvQdn.js               16.25 kB │ gzip:   5.50 kB
dist/assets/index-Cc1H9JaV.js               16.38 kB │ gzip:   5.41 kB
dist/assets/index-cw_US32O.js               17.80 kB │ gzip:   6.25 kB
dist/assets/index-BveRm8Ga.js               18.46 kB │ gzip:   6.15 kB
dist/assets/index-DIUOCBHl.js               23.49 kB │ gzip:   8.06 kB
dist/assets/index-DY0CM9j4.js               23.70 kB │ gzip:   8.49 kB
dist/assets/index-CGc1vhed.js               28.44 kB │ gzip:   9.35 kB
dist/assets/index-kvR6dGpx.js               31.55 kB │ gzip:   9.82 kB
dist/assets/query-5vm9EU1C.js               33.15 kB │ gzip:   9.92 kB
dist/assets/index-VjmO2jNz.js               38.05 kB │ gzip:  10.43 kB
dist/assets/i18n-xB0mQYCC.js                46.14 kB │ gzip:  15.12 kB
dist/assets/schemas-Ct4RWo9M.js             80.75 kB │ gzip:  24.39 kB
dist/assets/index-D_EGSGEd.js               88.61 kB │ gzip:  28.15 kB
dist/assets/schema-validation-Bhr7oAQE.js  149.80 kB │ gzip:  45.12 kB
dist/assets/react-runtime-D0NtfbPC.js      279.78 kB │ gzip:  90.28 kB
dist/assets/contract-data-BIzYYkc1.js      303.99 kB │ gzip:  36.17 kB
dist/assets/charts-CQ4oecFO.js             313.03 kB │ gzip:  94.99 kB
dist/assets/mui-Bz_aCSm2.js                328.33 kB │ gzip: 100.02 kB
✓ built in 2.94s

> npm run build:demo

> botsales-frontend@0.1.0 build:demo
> npm run generate:check && npm run typecheck && npm run build:demo --workspace @botsales/web


> botsales-frontend@0.1.0 generate:check
> node scripts/generate.mjs --check

{"status":"PASS","outputs":11,"schemas":283,"operations":210,"routes":54}

> botsales-frontend@0.1.0 typecheck
> tsc -p apps/web/tsconfig.json --noEmit


> @botsales/web@0.1.0 build:demo
> vite build --mode demo --outDir dist-demo

vite v7.3.6 building client environment for demo...
transforming...
✓ 2277 modules transformed.
rendering chunks...
computing gzip size...
dist-demo/index.html                              1.19 kB │ gzip:   0.59 kB
dist-demo/assets/index-BQPx7lJM.css               3.56 kB │ gzip:   1.33 kB
dist-demo/assets/download-CWiaXb8A.js             0.24 kB │ gzip:   0.17 kB
dist-demo/assets/filters-Bi-qlnQp.js              0.32 kB │ gzip:   0.24 kB
dist-demo/assets/control-6gq2NE8L.js              0.72 kB │ gzip:   0.43 kB
dist-demo/assets/hooks-r76On9D-.js                4.58 kB │ gzip:   2.14 kB
dist-demo/assets/draft-conflict-DStO4FQ3.js       5.35 kB │ gzip:   2.47 kB
dist-demo/assets/index-BKLfDJJp.js                8.30 kB │ gzip:   3.52 kB
dist-demo/assets/index-BaoMZ-Xg.js                8.40 kB │ gzip:   3.34 kB
dist-demo/assets/index-CAoRQsz2.js                9.79 kB │ gzip:   3.68 kB
dist-demo/assets/index-Bmc29aq3.js               13.97 kB │ gzip:   5.68 kB
dist-demo/assets/index-B7B77yH1.js               14.56 kB │ gzip:   4.91 kB
dist-demo/assets/index-B-yr2LtV.js               14.91 kB │ gzip:   5.66 kB
dist-demo/assets/index-BY_z5hLc.js               16.54 kB │ gzip:   5.45 kB
dist-demo/assets/index-O_4-fZrn.js               17.80 kB │ gzip:   6.25 kB
dist-demo/assets/index-Bt1luEq4.js               18.45 kB │ gzip:   6.27 kB
dist-demo/assets/index-fvU6z_va.js               18.46 kB │ gzip:   6.15 kB
dist-demo/assets/index-DqFu11Mq.js               22.54 kB │ gzip:   7.81 kB
dist-demo/assets/index-niF0XoMz.js               23.90 kB │ gzip:   8.22 kB
dist-demo/assets/index-cdqT53Db.js               23.93 kB │ gzip:   8.55 kB
dist-demo/assets/index-DMCZzUat.js               28.91 kB │ gzip:   9.48 kB
dist-demo/assets/query-5vm9EU1C.js               33.15 kB │ gzip:   9.92 kB
dist-demo/assets/index-BDntrUbb.js               33.81 kB │ gzip:  10.54 kB
dist-demo/assets/index-BO_gb52w.js               38.05 kB │ gzip:  10.43 kB
dist-demo/assets/i18n-xB0mQYCC.js                46.14 kB │ gzip:  15.12 kB
dist-demo/assets/schemas-Ct4RWo9M.js             80.75 kB │ gzip:  24.39 kB
dist-demo/assets/index-D0EM0c-n.js               92.46 kB │ gzip:  29.27 kB
dist-demo/assets/schema-validation-Bhr7oAQE.js  149.80 kB │ gzip:  45.12 kB
dist-demo/assets/service-BepI4YXI.js            159.35 kB │ gzip:  34.71 kB
dist-demo/assets/browser-BfoGIjm-.js            255.49 kB │ gzip:  86.96 kB
dist-demo/assets/react-runtime-D0NtfbPC.js      279.78 kB │ gzip:  90.28 kB
dist-demo/assets/contract-data-D-QqiNa-.js      309.77 kB │ gzip:  37.31 kB
dist-demo/assets/charts-RcpaDpmM.js             313.03 kB │ gzip:  94.99 kB
dist-demo/assets/mui-azn9KfGV.js                328.33 kB │ gzip: 100.02 kB
✓ built in 3.19s

> node node_modules\@playwright\test\cli.js test
[WebServer] (node:43496) Warning: The 'NO_COLOR' env is ignored due to the 'FORCE_COLOR' env being set.
[WebServer] (Use `node --trace-warnings ...` to show where the warning was created)
✔ canonical contracts validate and generate the API base path from OpenAPI (52.8885ms)
✔ rejects drift in OpenAPI YAML and operation index projections (85.5543ms)
✔ generated operation registry preserves required and optional query parameter metadata (21.1797ms)
✔ rejects unresolved schema references before generation (40.2266ms)
✔ rejects missing API version and a server URL outside same-origin path form (36.9698ms)
✔ rejects route-to-operation drift without rewriting the canonical manifest (35.3977ms)
✔ detects a stale generated file and accepts it after regeneration (4.0049ms)
{
  "taskId": "FE011",
  "scope": "FRONTEND_WITH_SYNTHETIC_MOCK_API",
  "routes": [
    {
      "id": "R15",
      "path": "/s/:shopId/inventory",
      "permission": "inventory.read",
      "reads": [
        "listStockSnapshots",
        "getShop"
      ],
      "action": {
        "label": "Điều chỉnh tồn",
        "operationId": "createInventoryAdjustment",
        "permission": "inventory.adjust"
      }
    },
    {
      "id": "R16",
      "path": "/s/:shopId/inventory/movements",
      "permission": "inventory.read",
      "reads": [
        "listStockMovements"
      ]
    }
  ],
  "operations": [
    "listStockSnapshots",
    "listStockMovements",
    "createInventoryAdjustment",
    "getShop"
  ],
  "permissionBoundary": "Route reads require inventory.read; adjustment uses inventory.adjust; cost requires finance.read; product and order links are permission-gated.",
  "commandSemantics": "202 CommandResponse; expectedVersion and unitCost are contract-required body properties; the shared client waits for terminal state and handles unknown outcomes.",
  "checks": 17
}
✔ FE011 routes, permissions, operations and DTOs map to canonical contracts and current source (9.9514ms)
✖ FE012 routes, operations, permissions and DTO limits map to canonical contracts and orders source (18.5261ms)
{"taskId":"FE016","scope":"FRONTEND_WITH_SYNTHETIC_MOCK_API","routes":["R05","R06"],"operations":["listConversations","getConversation","listMessages","sendMessage","takeoverConversation","releaseConversation","resolveConversation","assignConversation","listFeedback","createFeedback","reviewFeedback","listCommands","getCommand","getInboxMetadata"],"knownGap":"Canonical Message has no media or attachment field/operation; UI must not invent a provider endpoint.","checks":3}
{
  "taskId": "FE013",
  "scope": "FRONTEND_WITH_SYNTHETIC_MOCK_API",
  "routes": [
    "R41",
    "R42"
  ],
  "operations": [
    "listPrepJobs",
    "getPrepJob",
    "getWorkItem",
    "claimWorkItem",
    "pickPrepLine",
    "packPrepJob",
    "listShipments",
    "getShipment",
    "createShipment",
    "handoverShipment",
    "recordShipmentEvent"
  ],
  "permissionBoundary": "fulfillment.read gates route data, operations.claim gates WorkItem claim, fulfillment.write gates picks/pack/events/shipment creation, and fulfillment.handover gates stock-consuming handover.",
  "stateBoundary": "Claim/pick/pack/handover/delivery/payment remain separate states; return eligibility continues to come from the order API.",
  "checks": 54
}
✔ FE013 routes, permissions, DTOs and state transitions map to canonical contracts and fulfillment source (22.0899ms)
{"taskId":"FE017","scope":"FRONTEND_WITH_SYNTHETIC_MOCK_API","routes":["R23","R24","R25"],"operations":15,"unresolvedContractField":"Knowledge.allowedActions","checks":4}
{
  "taskId": "FE014",
  "scope": "FRONTEND_WITH_SYNTHETIC_MOCK_API",
  "routes": [
    "R44",
    "R45",
    "R46",
    "R47"
  ],
  "operations": 13,
  "checks": 95
}
✔ FE014 procurement routes, permissions, DTOs and current source follow canonical contracts (21.2359ms)
{"taskId":"FE018","scope":"FRONTEND_WITH_SYNTHETIC_MOCK_API","routes":["R26","R27","R28","R51"],"operations":18,"checks":2,"knownRouteMappingGap":"R51 omits updateBudgetPolicy; UI uses canonical operation permission operations.manage"}
FE015 source map: 131 contract/source assertions passed
✔ FE015 finance routes, capabilities, operations and DTOs follow canonical contracts (26.4949ms)
✔ FE016 maps R05/R06 reads and mutations to canonical permissions and current inbox source (0.3433ms)
✔ FE016 contract bounds list filters, safe message refs and versioned send payloads (0.209ms)
✔ FE016 uses shell-owned resync and command recovery, and mock takeover enforces current version (0.2303ms)
✔ FE017 R23-R25 operations and action permissions match canonical routes (0.3939ms)
✔ FE017 uses the user-approved permission and lifecycle UI substitute without inventing a Knowledge DTO field (0.1038ms)
✔ FE017 price and availability source preview uses separately permissioned canonical APIs (0.069ms)
✔ FE017 mock keeps published revisions immutable and feedback approval creates a draft revision (0.0493ms)
✔ FE018 R26/R27/R28/R51 actions use canonical routes, operation IDs, and permissions (0.2959ms)
✔ FE018 capability, tool permissions, human confirmation, and evaluation labels stay within declared schemas (0.1103ms)
✔ FE020 source stays mapped to canonical operations, permissions, and safe missing-schedule boundary (0.7949ms)
✔ FE020 mock enforces work-item capabilities and keeps integration readiness unknown (0.1174ms)
✔ accepts semantic bridge roles, the closed token-derived factor map, geometry, and reset values (949.4878ms)
✔ rejects a CSS spacing role without a declared shared owner (912.6374ms)
✔ rejects scale-conforming and off-scale literals in sx, responsive leaves, named and namespace MUI System props (953.527ms)
✔ follows local aliases and style callbacks; rejects theme spacing helpers and preset overrides (1051.3535ms)
✔ scans nested slotProps but does not confuse event handlers or geometric dimensions with spacing (1034.1651ms)
✔ keeps Panel geometry inspectable and rejects spacing hidden in its geometry prop (2882.3297ms)
✔ accepts only an exact CSS exception and reports stale or mismatched exception scope (2928.0169ms)
✔ rejects malformed TypeScript, malformed CSS, bad exception schema, and raw values in the bridge (3770.6456ms)
✔ rejects canonical pixel tokens used as MUI factors and an altered bridge factor table (1829.7055ms)
✔ report mode inventories migration debt without turning findings into PASS (1196.3329ms)
[WebServer] [BABEL] Note: The code generator has deoptimised the styling of C:\Users\Joker-PC\AppData\Local\Temp\botsales-vite-cache\ea27c7577456f6009d55\playwright-webserver\playwright-75548-08d40e62-b274-4945-9500-841d93669a2d\deps\react-dom_client.js?v=229b4123 as it exceeds the max of 500KB.
✔ module path classification accepts Windows and POSIX spellings, but excludes app files (13.4107ms)
✔ the source-checker CLI rejects a prohibited color literal in a module (230.5635ms)
✔ the source-checker CLI accepts a token-based module and leaves app-level colors outside the rule (242.9157ms)
✔ uses the installed project compiler and the pinned version in this checkout (236.8212ms)
✔ accepts a local compiler whose manifest, module and executable match the project (66.3242ms)
✔ fails closed for missing local compiler without selecting a global fallback (28.0427ms)
✔ fails closed for different installed package version without selecting a global fallback (36.6443ms)
✔ fails closed for module version differs from its manifest without selecting a global fallback (32.9172ms)
✔ fails closed for ancestor compiler silently resolved outside this project without selecting a global fallback (30.3472ms)
✔ fails closed for missing compiler executable without selecting a global fallback (32.6098ms)
✔ fails closed for unpinned project compiler requirement without selecting a global fallback (27.771ms)
✔ production composition gate detects const MUI alias and namespace layout role (672.4948ms)
✔ production composition gate closes aliased barrel API props (574.5024ms)
✔ production composition gate does not mistake shadowed local component for shared API (548.1973ms)
✔ production composition gate keeps valid canonical barrel consumer (487.8522ms)
✔ production visual gate rejects pretrusted-name spoof and parameter shadow (440.556ms)
✔ production visual gate rejects a fake canonical module suffix (444.2458ms)
✔ production visual gate inspects renamed genuine styled factory (482.8939ms)
✔ production visual gate preserves canonical barrel aliases and finite palette selection (454.1322ms)
✔ production visual gate rejects raw values hidden in a finite palette (460.0327ms)
✔ production visual gate does not follow a global alias through parameter shadow (425.0244ms)
✔ production composition geometry cannot resolve a shadowed global variable (427.0953ms)
✔ finite semantic prop types do not grant trust to a different same-named parameter (420.0729ms)
✔ opaque namespace composition selection cannot bypass closed props (414.3137ms)
✔ opaque namespace style factory remains a visual binding failure (426.0903ms)
✔ canonical renamed import and constant alias preserve owner and path (379.2232ms)
✔ namespace and literal element access resolve canonical exports (379.3178ms)
✔ barrel re-export resolves original component identity (375.6944ms)
✔ parameter shadow does not inherit canonical import trust (389.1277ms)
✔ fake trusted names and a module named visual are not canonical (415.2915ms)
✔ mutable aliases, opaque keys and cyclic locals are not proven canonical (389.6262ms)
✔ destructured constant and safe type syntax preserve provenance (539.8872ms)
✔ installed MUI renamed styled resolves while local styled does not (394.0383ms)
✔ JavaScript workers remain in the Program import closure (389.4162ms)
✔ malformed element access is unproven rather than crashing the resolver (383.0123ms)
✔ a tsconfig alias cannot label another dependency as genuine MUI (390.2775ms)
✔ MUI re-export through a first-party barrel keeps library identity (414.3301ms)
✔ constant property-key aliases preserve canonical element access (432.0063ms)
✔ public layout mapping cannot be written through a direct consumer reference (669.8711ms)
✔ public layout nested aliases remain readonly (602.257ms)
✔ public visual mapping already rejects consumer writes (197.606ms)
✔ canonical readonly style maps remain readable by consumers (555.8598ms)
✔ canonical token space cannot be overwritten through an alias (168.7913ms)
✔ public color export cannot be overwritten (177.0713ms)
✔ readonly token and color reads retain their public types (175.5754ms)
✔ P10/P15 catch alias and neutral-wrapper duplicate insets through fragments and conditionals (424.6613ms)
✔ P20 resolves shared composition identities through a barrel and const component aliases (490.3438ms)
✔ P11/P13 catch static element access roles on every MUI surface, including Paper (418.8521ms)
✔ P12 checks React createElement and JSX-runtime element factories (405.3548ms)
✔ P14 resolves bodyMode literal aliases and fails closed when ownership is unknown (1201.5786ms)
✔ checks Panel ancestry when React elements are created natively (410.5207ms)
✔ keeps independent nested surfaces and portaled dialogs as separate owners (822.8105ms)
✔ accepts finite bodyMode branches and every mode in the public component contracts (1310.543ms)
✔ stops inherited gap ownership at Panels and independent bordered surfaces (793.4119ms)
✔ tracks gaps through fragments, conditions and ready QueryState, but not inside DOM wrappers (393.9182ms)
✔ applies the same finite modes and wrapper boundaries to native React factories (774.1397ms)
✔ recognizes native outlined Paper and nested Box surface inset boundaries (804.0469ms)
✔ fails closed when an unresolved custom wrapper obscures a semantic gap owner (468.2154ms)
✔ rejects unsupported placement and rhythm values while accepting finite aliases and branches (792.7116ms)
✔ rejects unsupported finite values through React element factories (775.6919ms)
✔ accepts semantic composition, closed geometry and business-specific MUI primitives (14.8905ms)
✔ rejects rebuilding each shared spacing owner at a consumer (12.442ms)
✔ follows aliases, local style variables, object spreads and namespace imports (12.3049ms)
✔ rejects direct and spread spacing overrides on semantic components (12.7583ms)
✔ rejects spacing or opaque spreads hidden in geometry (12.6035ms)
✔ allows the canonical owner implementation and fails closed on malformed source (12.4401ms)
✔ rejects duplicated parent boundary and duplicated Panel inset (13.1053ms)
✔ checks default MUI imports and fails closed for opaque geometry (13.0331ms)
✔ distinguishes content grids from flex flows when reporting the shared owner (12.3195ms)
✔ rejects page spacing for paired fields and peer Panels without a section gap owner (12.8987ms)
✔ related sibling gaps belong to ActionGroup comfortable density, not consumer Stack styles (27.4944ms)
✔ check-layout rejects missing-html at the UI entry boundary (632.994ms)
✔ check-layout rejects missing-style at the UI entry boundary (640.9699ms)
✔ check-layout rejects inline-style at the UI entry boundary (661.8705ms)
✔ check-layout rejects alias-mismatch at the UI entry boundary (626.1471ms)
✔ check-visual-tokens rejects missing-html at the UI entry boundary (598.4008ms)
✔ check-visual-tokens rejects missing-style at the UI entry boundary (626.4484ms)
✔ check-visual-tokens rejects inline-style at the UI entry boundary (623.6731ms)
✔ check-visual-tokens rejects alias-mismatch at the UI entry boundary (615.1124ms)
✔ check-ui-composition rejects missing-html at the UI entry boundary (581.7311ms)
✔ check-ui-composition rejects missing-style at the UI entry boundary (610.1469ms)
✔ check-ui-composition rejects inline-style at the UI entry boundary (630.6415ms)
✔ check-ui-composition rejects alias-mismatch at the UI entry boundary (610.7215ms)
✔ DOM entry inspection never executes an inline script and detects decoded attributes (33.1024ms)
✔ manifest icons are resolved and malformed manifest data fails closed (29.6738ms)
✔ data and remote module sources cannot stand in for a scanned script entry (26.8359ms)
✔ an unused alias map cannot prove the exported Vite configuration (21.2345ms)
✔ a Vite HTML generator cannot inject an unscanned stylesheet through a hook (20.4169ms)
✔ accepts current fingerprints, honest open coverage, and explained N/A (18.1293ms)
✔ rejects a stale source fingerprint (16.4964ms)
✔ rejects a stale command log (15.6994ms)
✔ rejects missing, absolute, and escaping source paths (15.2694ms)
✔ rejects unrun, missing, duplicate, and nonzero command results marked PASS (15.5776ms)
✔ rejects PASS when expected and observed results differ (15.6865ms)
✔ rejects inconsistent coverage and N/A without a reason (15.509ms)
✔ rejects a baseline falsely dated after implementation started and detects changed baseline artifacts (20.4523ms)
✔ COMPLETE cannot contain open coverage or failed commands (21.6813ms)
✔ S19 must explicitly reconcile files, APIs, routes, rendered routes, slots, and states (19.7475ms)
✔ rejects malformed top-level evidence instead of treating missing fields as success (14.2754ms)
✔ check-layout fails closed for relative missing import (620.2889ms)
✔ check-layout fails closed for aliased missing import (623.4653ms)
✔ check-layout fails closed for missing CSS import (627.3167ms)
✔ check-layout fails closed for opaque dynamic import (629.6593ms)
✔ check-visual-tokens fails closed for relative missing import (601.5807ms)
✔ check-visual-tokens fails closed for aliased missing import (615.6365ms)
✔ check-visual-tokens fails closed for missing CSS import (598.2375ms)
✔ check-visual-tokens fails closed for opaque dynamic import (599.8056ms)
✔ check-ui-composition fails closed for relative missing import (603.569ms)
✔ check-ui-composition fails closed for aliased missing import (596.3905ms)
✔ check-ui-composition fails closed for missing CSS import (604.739ms)
✔ check-ui-composition fails closed for opaque dynamic import (604.5023ms)
✔ scope follows a canonical package alias and classifies data assets separately (29.4714ms)
✔ scope follows CSS imports and rejects a missing nested stylesheet (27.5595ms)
✔ missing and malformed tsconfig cannot silently supply default resolution (16.2398ms)
✔ scope rejects discovered script sources omitted by the compiler config (22.8226ms)
✔ config includes are discovered even when a package source has no app import yet (25.4579ms)
✔ a first-party import cannot silently claim source outside the project (29.7561ms)
✔ malformed CSS and unhandled stylesheet languages cannot be classified as harmless data (143.9116ms)
✔ CSS asset URLs resolve with queries and fragments and reject missing files (37.729ms)
✔ native service worker scripts enter the source closure and missing URLs fail (57.3069ms)
✔ Vite BASE_URL sample downloads enter asset coverage and missing samples fail (38.3084ms)
✔ a declared MSW worker has a vendor owner and rejects modifications (51.1395ms)
✔ CommonJS and TypeScript import-equals cannot hide missing first-party modules (46.827ms)
✔ canonical writes through casts and aliases fail outside style expressions (966.8431ms)
✔ Object.assign cannot mutate canonical data but can copy to a fresh object (1942.4178ms)
✔ layout gate rejects raw spacing on const alias of MUI component (977.1612ms)
✔ canonical mutation gate follows global mutator aliases and reflection (1010.323ms)
✔ local mutator names do not acquire global mutation identity (952.3271ms)
✔ destructured mutators and call/apply retain canonical mutation checks (966.2629ms)
✔ global mutator call/apply can copy canonical values into fresh objects (942.9011ms)
✔ mutable aliases with possible canonical destinations fail closed (966.4255ms)
✔ opaque apply arguments fail closed while unrelated mutable data stays valid (2005.4604ms)
✔ canonical references inside containers and destructured aliases cannot be mutated (1060.7426ms)
✔ independent shallow copies of scalar canonical fields remain mutable (1001.0326ms)
✔ array references and nested destructuring preserve canonical write provenance (1006.211ms)
✔ array destinations distinguish independent elements from canonical references (982.769ms)
✔ array destructuring, dynamic indices and spread cannot hide canonical references (996.1652ms)
✔ dynamic indices and destructuring of independent arrays stay mutable (994.7272ms)
✔ function parameters cannot hide canonical mutation across source files (992.8401ms)
✔ read-only helpers and mutations of unrelated arguments remain valid (980.6753ms)
✔ returned canonical references remain protected across helper boundaries (985.0587ms)
✔ helper returns of fresh scalar copies do not retain canonical destination identity (984.7424ms)
✔ destructured object parameters cannot mutate canonical arguments (993.8599ms)
✔ destructured object parameters retain independent argument mutability (971.9053ms)
✔ default parameter and binding initializers cannot hide canonical mutations (989.7307ms)
✔ fresh default parameter and binding copies remain mutable (986.8005ms)
✔ rest parameters retain canonical argument write provenance (974.6265ms)
✔ rest parameters distinguish independent positions from canonical siblings (959.111ms)
✔ finite spread arguments preserve shifted positional and rest destinations (995.5826ms)
✔ finite spread expansion keeps independent argument positions mutable (979.5737ms)
✔ opaque spreads keep positional mutation destinations unknown (973.8912ms)
✔ opaque spreads into read-only helpers do not invent mutation findings (968.9071ms)
✔ array parameter patterns retain canonical positions including nested object arrays (996.8699ms)
✔ array parameter patterns retain independent bound element mutability (980.2912ms)
✔ layout gate rejects parameter shadow of canonical layout name (985.8388ms)
✔ layout gate follows genuine renamed styled factory (984.9191ms)
✔ layout gate accepts canonical namespace, element access and barrel alias (1005.4216ms)
✔ layout gate does not mistake local component named Stack for MUI (964.9707ms)
✔ layout gate inspects renamed installed Emotion css tag (998.6249ms)
✔ layout gate preserves genuine aliased Controller field forwarding (977.5393ms)
✔ a same-named local Controller cannot exempt an unknown prop spread (989.1311ms)
✔ genuine useForm registration survives property and destructured aliases (982.2961ms)
✔ a function named register cannot exempt injected style props (990.4816ms)
✔ a bridge callback parameter cannot impersonate its private factor binding (986.2458ms)
✔ opaque namespace component selection remains a strict binding failure (957.776ms)
✔ opaque namespace factory cannot hide style arguments (982.0355ms)
✔ MUI re-export cannot hide raw spacing behind a first-party barrel (1045.9679ms)
✔ destructuring assignments cannot hide canonical write targets (986.5896ms)
✔ destructuring assignments can update independent copied destinations (961.5383ms)
✔ object rest retains nested canonical references while copying the outer object (983.0301ms)
✔ rest scalar copies and replacement of container references stay mutable (997.1844ms)
✔ shallow object spread preserves canonical child references and last-writer order (982.5249ms)
✔ shallow spread with a later independent override stays mutable (994.6754ms)
✔ exported mutable aliases retain assignments from their declaring file (1022.368ms)
✔ exported independent mutable data does not acquire canonical provenance (989.8029ms)
✔ literal computed keys retain canonical container and parameter provenance (1059.689ms)
✔ literal computed keys do not taint independent selected properties (1032.3618ms)
✔ Object.assign shallow copies retain canonical nested reference provenance (1009.0835ms)
✔ Object.assign later independent overrides and scalar copies stay mutable (984.456ms)
✔ union and dynamic property selections retain possible canonical destinations (990.5268ms)
✔ finite union property selections exclude canonical siblings not in the key set (967.2391ms)
✔ union selection over Object.assign output retains canonical child provenance (965.8493ms)
✔ union selection over independent Object.assign output remains mutable (967.4166ms)
✔ Reflect.set call/apply checks the target argument rather than the assigned value (2974.0924ms)
✔ aliased React createElement checks MUI and native style objects (982.9992ms)
✔ GlobalStyles.styles is checked and local createElement names stay local (1997.7727ms)
✔ React JSX runtime factories cannot bypass MUI or native style checks (985.0273ms)
✔ React cloneElement checks the cloned MUI element and preserves native props (3929.5611ms)
✔ Emotion css props and object factories are inspected with native CSS semantics (3078.4242ms)
✔ Inline style elements in JSX, React factories, DOM and the HTML entry fail closed (8039.1479ms)
✔ DOM CSSOM spacing writes use semantic roles and reject opaque style strings (1977.0688ms)
✔ HTML parsing and runtime stylesheet mutation cannot bypass the imported CSS boundary (1930.8478ms)
✔ spacing shorthand values and responsive breakpoints preserve token and unit provenance (9601.0875ms)
✔ function return producers cannot hide canonical children behind spreads (947.2899ms)
✔ producer spreads keep later independent child overrides writable (949.3003ms)
✔ the shared catalog covers every public React component and supporting Column type (43.792ms)
✔ every public React API has a direct rendered contract test (14.2603ms)
✔ catalog declaration lines and stated JSX counts match resolved source symbols (42.5522ms)
✔ every shared React export has a resolved production consumer or an explicit zero-use lifecycle decision (35.3233ms)
✔ required UI evidence and regression gates remain wired to root verify and the active parent workflow (12.7736ms)
✔ composition prop allowlists match the TypeScript owners exactly (11.2782ms)
✔ QueryState uses only the approved inline and section pending profiles (11.4392ms)
✔ QueryState consumers reserve section loading for primary content and keep every other state inline by default (48.7725ms)
✔ body modes, placement roles and geometry keys match the TypeScript contracts (13.2866ms)
✔ Panel geometry and DataTable columns remain closed public contracts (18.117ms)
✔ shared component and composition props expose no arbitrary layout/style escape hatch (12.1163ms)
✔ layout role types, runtime values, consumers and ownership documentation stay closed (3073.8449ms)
✔ check-layout rejects missing source instead of returning an empty PASS (401.6983ms)
✔ check-layout rejects empty source instead of returning an empty PASS (406.8793ms)
✔ check-layout rejects generated-only source instead of returning an empty PASS (427.2032ms)
✔ check-layout rejects jsx-parse source instead of returning an empty PASS (424.4867ms)
✔ check-visual-tokens rejects missing source instead of returning an empty PASS (409.9269ms)
✔ check-visual-tokens rejects empty source instead of returning an empty PASS (425.0767ms)
✔ check-visual-tokens rejects generated-only source instead of returning an empty PASS (411.8926ms)
✔ check-visual-tokens rejects jsx-parse source instead of returning an empty PASS (410.8848ms)
✔ check-ui-composition rejects missing source instead of returning an empty PASS (401.3896ms)
✔ check-ui-composition rejects empty source instead of returning an empty PASS (406.1571ms)
✔ check-ui-composition rejects generated-only source instead of returning an empty PASS (417.681ms)
✔ check-ui-composition rejects jsx-parse source instead of returning an empty PASS (410.4338ms)
✔ visual checker accepts canonical theme roles, token references, geometry and semantic responsive props (548.102ms)
✔ visual checker rejects raw literals across sx, JSX system props and CSS declarations (414.1539ms)
✔ visual checker follows local style aliases and callback themes, but fails raw nested values (397.4875ms)
✔ visual checker reports unresolved spreads and malformed style sources as UNKNOWN or parse errors (400.8573ms)
✔ visual checker includes newly added TSX files under the source root (395.3559ms)

Running 554 tests using 1 worker

(node:17428) Warning: The 'NO_COLOR' env is ignored due to the 'FORCE_COLOR' env being set.
(Use `node --trace-warnings ...` to show where the warning was created)
  ok   1 [chromium] › tests\accessibility\routes.spec.ts:17:1 › all canonical routes pass whole-page WCAG 2.1 A/AA axe checks in the React demo (1.1m)
[artifact-preview] {"scope":"FRONTEND_WITH_SYNTHETIC_MOCK_API","artifact":"apps/web/dist-demo","browserMetrics":{"browser":"Mozilla/5.0 (Windows NT 10.0; Win64; x64) AppleWebKit/537.36 (KHTML, like Gecko) Chrome/153.0.8010.12 Safari/537.36","viewport":{"width":1280,"height":720},"route":"/s/shop-demo/overview","domContentLoadedMs":68,"loadEventMs":68,"scriptCount":11,"scriptTransferBytes":451403,"scriptAssets":[{"file":"index-D0EM0c-n.js","transferBytes":29569,"decodedBytes":92457,"durationMs":11},{"file":"react-runtime-D0NtfbPC.js","transferBytes":90580,"decodedBytes":279779,"durationMs":18},{"file":"query-5vm9EU1C.js","transferBytes":10220,"decodedBytes":33154,"durationMs":10},{"file":"contract-data-D-QqiNa-.js","transferBytes":37614,"decodedBytes":309769,"durationMs":14},{"file":"mui-azn9KfGV.js","transferBytes":100319,"decodedBytes":328326,"durationMs":18},{"file":"schema-validation-Bhr7oAQE.js","transferBytes":45419,"decodedBytes":149800,"durationMs":16},{"file":"i18n-xB0mQYCC.js","transferBytes":15416,"decodedBytes":46142,"durationMs":14},{"file":"browser-BfoGIjm-.js","transferBytes":87260,"decodedBytes":255493,"durationMs":12},{"file":"service-BepI4YXI.js","transferBytes":35006,"decodedBytes":159351,"durationMs":8},{"file":"index-CAoRQsz2.js","transferBytes":0,"decodedBytes":9789,"durationMs":49},{"file":"hooks-r76On9D-.js","transferBytes":0,"decodedBytes":4580,"durationMs":52}]},"bundles":{"javascriptFiles":32,"totalBytes":2371589,"totalGzipBytes":679481,"initialRouteGzipBytes":454523,"proposedBudgets":{"initialRouteGzipKiB":500,"largestChunkGzipKiB":200,"basis":"Local demo preview limits for the measured Chromium artifact; not a backend or platform SLO."},"largest":[{"file":"apps/web/dist-demo/assets/mui-azn9KfGV.js","bytes":328326,"gzipBytes":100019},{"file":"apps/web/dist-demo/assets/charts-RcpaDpmM.js","bytes":313031,"gzipBytes":94993},{"file":"apps/web/dist-demo/assets/contract-data-D-QqiNa-.js","bytes":309769,"gzipBytes":37314},{"file":"apps/web/dist-demo/assets/react-runtime-D0NtfbPC.js","bytes":279779,"gzipBytes":90280},{"file":"apps/web/dist-demo/assets/browser-BfoGIjm-.js","bytes":255493,"gzipBytes":86960}]},"observedApi":{"path":"/api/v2/session","status":200,"servedBy":"MSW in the built demo artifact"},"dataSource":"synthetic-msw"}
  ok   2 [chromium] › tests\artifacts\demo-preview.spec.ts:39:1 › the built demo artifact serves the React UI and synthetic API through preview (760ms)
[large-dataset-api] {"url":"http://127.0.0.1:54208/api/v2/shops/shop-demo/customers?limit=20","count":20,"page":{"limit":20,"total":1004,"hasMore":true,"nextCursor":"perf-customer-0016"},"firstIds":["c1","c2","c3"]}
[large-dataset-preview] {"scope":"FRONTEND_WITH_SYNTHETIC_MOCK_API","artifact":"apps/web/dist-demo","datasetId":"FE025-LARGE-CUSTOMERS-1000-V1","generatedRows":1000,"firstPageIds":["c1","c2","c3","c4","perf-customer-0001","perf-customer-0002","perf-customer-0003","perf-customer-0004","perf-customer-0005","perf-customer-0006","perf-customer-0007","perf-customer-0008","perf-customer-0009","perf-customer-0010","perf-customer-0011","perf-customer-0012","perf-customer-0013","perf-customer-0014","perf-customer-0015","perf-customer-0016"],"api":{"status":200,"pageLimit":20,"total":1004,"hasMore":true,"nextCursor":"perf-customer-0016"},"domRowsIncludingHeader":21,"firstPageReadyMs":344,"browser":"Mozilla/5.0 (Windows NT 10.0; Win64; x64) AppleWebKit/537.36 (KHTML, like Gecko) Chrome/153.0.8010.12 Safari/537.36","viewport":{"width":1280,"height":720},"note":"Synthetic customer identities only; the React screen renders one API page and exposes the next cursor instead of mounting the full collection."}
  ok   3 [chromium] › tests\artifacts\demo-preview.spec.ts:103:1 › a thousand synthetic customers remain API-paginated in the built demo artifact (973ms)
  ok   4 [chromium] › tests\artifacts\demo-preview.spec.ts:141:1 › the production artifact contains neither the mock worker asset nor MSW fixtures/runtime (10ms)
  ok   5 [chromium] › tests\fe009.spec.ts:35:1 › workspace onboarding creates a shop with an active membership and returns to its scoped route (2.3s)
  ok   6 [chromium] › tests\fe009.spec.ts:57:1 › customer create validates fields, submits through mock HTTP, and preserves edits after a stale version (3.7s)
  ok   7 [chromium] › tests\fe009.spec.ts:125:1 › customer detail keeps redacted contact fields read-only and does not overwrite them on save (1.2s)
  ok   8 [chromium] › tests\fe009.spec.ts:142:1 › job detail follows an export created in the current synthetic shop and can refetch it (1.4s)
  ok   9 [chromium] › tests\fe009.spec.ts:177:1 › FE009.G01 shop setup checklist guides to supported pages and leaves missing contract fields unverified (1.1s)
  ok  10 [chromium] › tests\fe009.spec.ts:190:1 › FE009.G05 marketing consent preview is interactive but never claims server opt-out (1.2s)
  ok  11 [chromium] › tests\fe009.spec.ts:205:1 › FE009.H06 audit screen distinguishes available fields from missing contract detail (1.1s)
  ok  12 [chromium] › tests\fe009.spec.ts:214:1 › FE009.B06 after-sale cases only link orders loaded for the selected customer and customer profile shows their shipment (5.2s)
  ok  13 [chromium] › tests\fe009.spec.ts:246:1 › team invitation and membership revoke stay shop-scoped and protect the active owner (2.3s)
  ok  14 [chromium] › tests\fe009.spec.ts:282:1 › privacy delete requests remain pending approval with no frontend step-up shortcut (2.7s)
  ok  15 [chromium] › tests\fe010.spec.ts:38:1 › product editor validates positive prices, protects image-only drafts, and saves variant payload through mock HTTP (3.7s)
  ok  16 [chromium] › tests\fe010.spec.ts:108:1 › product update sends If-Match and keeps edits visible after a 412 conflict (2.0s)
  ok  17 [chromium] › tests\fe010.spec.ts:140:1 › warehouse role can read catalog products but cannot edit product fields or price cost data (756ms)
  ok  18 [chromium] › tests\fe010.spec.ts:149:1 › categories create, search, update with a version, and render cursor pagination (2.0s)
  ok  19 [chromium] › tests\fe010.spec.ts:178:1 › CSV preview reports row-level errors and commits only valid product rows (2.2s)
  ok  20 [chromium] › tests\fe010.spec.ts:250:1 › import validation token is rejected with 412 after catalog changes and the preview remains visible (2.0s)
  ok  21 [chromium] › tests\fe010.spec.ts:282:1 › CSV demo row limit is explained and rejects more than 1000 data rows before preview (1.2s)
  ok  22 [chromium] › tests\fe010.spec.ts:295:1 › demo upload rejects files over 5 MB before making an upload request (1.4s)
UI005 acceptance: {"categoryTotal":105,"createCategoryId":"cat-2","editCategoryId":"cat-0","categoryRequests":20}
  ok  23 [chromium] › tests\fe010.spec.ts:306:1 › product category lookup pages the full collection and preserves the selected category while editing (9.6s)
  ok  24 [chromium] › tests\fe011.spec.ts:35:1 › FE011.AC01 snapshot drives stock totals and the SKU opens its catalog result (1.3s)
  ok  25 [chromium] › tests\fe011.spec.ts:54:1 › FE011.AC02 adjustment validates, waits for mock confirmation, and reconciles movement history once (3.9s)
  ok  26 [chromium] › tests\fe011.spec.ts:92:1 › FE011.AC03 conflict and insufficient stock preserve the draft and never update optimistically (2.8s)
  ok  27 [chromium] › tests\fe011.spec.ts:120:1 › FE011.AC03 forbidden adjustment retains user input and shows no success state (1.7s)
  ok  28 [chromium] › tests\fe011.spec.ts:136:1 › FE011.AC03 unknown command blocks duplicate submission until shared recovery reconciles it (1.8s)
  ok  29 [chromium] › tests\fe011.spec.ts:154:1 › FE011.AC04 movement contract filters are URL-backed and history exposes actor and permission-gated source (1.2s)
  ok  30 [chromium] › tests\fe011.spec.ts:182:1 › FE011.AC05 inventory reflows at mobile widths, passes axe, and restores keyboard focus after adjustment dialog (1.8s)
  ok  31 [chromium] › tests\fe011.spec.ts:205:1 › FE011.AC03 unknown shop scope shows no stock from another shop (314ms)
  ok  32 [chromium] › tests\fe012.spec.ts:35:1 › FE012.AC01 searchable customer and product pickers submit contract-shaped draft and reject fractional quantity (3.9s)
  ok  33 [chromium] › tests\fe012.spec.ts:93:1 › FE012 demo address choice is labeled synthetic and completes the mock order flow (5.0s)
  ok  34 [chromium] › tests\fe012.spec.ts:122:1 › FE012.AC01 editing lines invalidates quote and customer consent; a new quote is required before confirmation (4.2s)
  ok  35 [chromium] › tests\fe012.spec.ts:182:1 › FE012.AC03 mock stale-version 412 preserves draft fields and does not show success (1.3s)
  ok  36 [chromium] › tests\fe012.spec.ts:199:1 › FE012.AC03 offline state blocks quote mutation while retaining the loaded draft (1.1s)
  ok  37 [chromium] › tests\fe012.spec.ts:211:1 › FE012.AC03 unknown confirm outcome blocks duplicate writes until shared command recovery is available (2.2s)
  ok  38 [chromium] › tests\fe012.spec.ts:257:1 › FE012.AC03 quote and customer confirmation expiration disable confirmation using API time (2.6s)
  ok  39 [chromium] › tests\fe012.spec.ts:277:1 › FE012.AC03 returns reject fractional/over-original quantities locally and preserve data on cumulative mock rejection (1.2s)
  ok  40 [chromium] › tests\fe012.spec.ts:301:1 › FE012.AC04 return inspection loads the current case and applies accepted partial quantity to mock stock and refund (2.4s)
  ok  41 [chromium] › tests\fe012.spec.ts:354:1 › FE012.AC03 handed-over order routes to returns and exposes no ordinary cancel action (1.1s)
  ok  42 [chromium] › tests\fe012.spec.ts:361:1 › FE012.AC05 order drafting remains usable without horizontal page overflow and passes focused axe checks (1.5s)
  ok  43 [chromium] › tests\fe013.spec.ts:40:1 › FE013.C04 shipping preview distinguishes missing address, unserviceable zone, and expired mock quote (3.0s)
  ok  44 [chromium] › tests\fe013.spec.ts:65:1 › FE013.AC01–AC04 stale claim conflict is visible; pick, pack, dispatch and delivery use current API versions once (7.1s)
  ok  45 [chromium] › tests\fe013.spec.ts:198:1 › FE013.AC03 unknown handover cannot be repeated before command reconciliation (3.5s)
  ok  46 [chromium] › tests\fe013.spec.ts:242:1 › FE013.AC01 role scope and FE013.AC05 responsive shipment/preparation views remain accessible (3.0s)
  ok  47 [chromium] › tests\fe014.spec.ts:25:1 › FE014.AC01 multi-line purchase validates MOQ/pack size and binds approval to the created intent (3.3s)
  ok  48 [chromium] › tests\fe014.spec.ts:77:1 › FE027.D02 supplier workspace edits the selected contact through its current version and displays MOQ offers (1.6s)
  ok  49 [chromium] › tests\fe014.spec.ts:95:1 › FE014.AC02 approval covers the exact purchase intent; unknown send is blocked from blind retry (4.6s)
  ok  50 [chromium] › tests\fe014.spec.ts:154:1 › FE014.S03 auto-send cannot be configured without an enabled procurement budget (2.3s)
  ok  51 [chromium] › tests\fe014.spec.ts:167:1 › FE014.S03 manager without procurement.receive cannot open receipt actions (2.4s)
  ok  52 [chromium] › tests\fe014.spec.ts:187:1 › FE014.AC03 partial receipt posts only accepted units to synthetic stock and payable once (3.5s)
  ok  53 [chromium] › tests\fe014.spec.ts:258:1 › FE014.D03/D04/D07 replenishment uses min-max rules, labels forecast limits, and blocks duplicate proposals (1.9s)
  ok  54 [chromium] › tests\fe015.spec.ts:49:1 › FE015.AC01 report filters use exact timezone boundaries and mock API aggregates (1.3s)
  ok  55 [chromium] › tests\fe015.spec.ts:95:1 › FE021.E08 report explanation is mock-only, cites the filtered P&L snapshot, and never writes finance data (1.1s)
  ok  56 [chromium] › tests\fe015.spec.ts:116:1 › UI003 report timestamps follow the active shop timezone (2.2s)
  ok  57 [chromium] › tests\fe015.spec.ts:173:1 › FE015.E02/E03 profit report renders canonical cost, gross-profit and operating-expense values (698ms)
  ok  58 [chromium] › tests\fe015.spec.ts:201:1 › FE015.AC02 journal rejects unbalanced decimal lines before POST and sends exact money strings (2.3s)
  ok  59 [chromium] › tests\fe015.spec.ts:236:1 › FE015.AC02 closed accounting period is visible and disables journal draft creation (1.7s)
  ok  60 [chromium] › tests\fe015.spec.ts:257:1 › FE015.AC03 CSV import keeps partial row failures visible and deduplicates external transactions (1.5s)
  ok  61 [chromium] › tests\fe015.spec.ts:280:1 › UI001 reconciliation cursors stay scoped and dialogs load choices beyond the visible table page (7.8s)
  ok  62 [chromium] › tests\fe015.spec.ts:407:1 › FE015.AC03 COD settlement matches net remittance plus documented fee (3.1s)
  ok  63 [chromium] › tests\fe015.spec.ts:441:1 › FE015.AC03 partial bank allocation leaves the remaining amount and debt visible (2.4s)
  x   64 [chromium] › tests\fe015.spec.ts:466:1 › FE015.AC03 unknown journal posting is not resent from the same draft (3.0m)
(node:51220) Warning: The 'NO_COLOR' env is ignored due to the 'FORCE_COLOR' env being set.
(Use `node --trace-warnings ...` to show where the warning was created)
  ok  65 [chromium] › tests\fe016.spec.ts:67:1 › UI015 mobile demo tools disclose by keyboard and inbox stays within narrow viewports (2.4s)
  ok  66 [chromium] › tests\fe016.spec.ts:100:1 › FE016 conversation keeps its composer visible while long demo context scrolls independently (1.2s)
  ok  67 [chromium] › tests\fe016.spec.ts:133:1 › FE016.AC01 inbox filters call canonical query fields and remain bookmarked through conversation details (2.3s)
  ok  68 [chromium] › tests\fe016.spec.ts:161:1 › FE016.AC01 list cursor is isolated from message cursor and restored on back navigation (1.0s)
  ok  69 [chromium] › tests\fe016.spec.ts:180:1 › UI002 inbox list and message cursors stay independent through paging, conversation switch and shop change (2.9s)
  ok  70 [chromium] › tests\fe016.spec.ts:269:1 › UI002 mobile keeps the list page while messages page and Back restores it (2.2s)
  ok  71 [chromium] › tests\fe016.spec.ts:313:1 › UI002 Inbox search resets only the list cursor while a message page is open (2.0s)
  ok  72 [chromium] › tests\fe016.spec.ts:370:1 › UI002 deep link, refresh and mobile Back preserve their own cursors (1.7s)
  ok  73 [chromium] › tests\fe016.spec.ts:424:1 › UI002 list and message panel errors remain isolated (5.2s)
  ok  74 [chromium] › tests\fe016.spec.ts:448:1 › UI002 send, invalidation and resync keep both cursors and send only once (2.1s)
  ok  75 [chromium] › tests\fe016.spec.ts:508:1 › FE016.AC01 takeover and reply use current versions and show API send state without claiming delivery (2.0s)
  ok  76 [chromium] › tests\fe016.spec.ts:535:1 › FE016.AC02 internal notes render HTML-like text inert and feedback creates only a review draft (1.7s)
