
> botsales-frontend@0.1.0 test:layout
> node --test tests/layout-checker.test.mjs tests/ui-layout-binding-gates.test.mjs && node scripts/check-layout.mjs

✔ accepts semantic bridge roles, the closed token-derived factor map, geometry, and reset values (1043.6667ms)
✔ rejects a CSS spacing role without a declared shared owner (955.1499ms)
✔ rejects scale-conforming and off-scale literals in sx, responsive leaves, named and namespace MUI System props (950.6026ms)
✔ follows local aliases and style callbacks; rejects theme spacing helpers and preset overrides (1004.8384ms)
✔ scans nested slotProps but does not confuse event handlers or geometric dimensions with spacing (987.5861ms)
✔ keeps Panel geometry inspectable and rejects spacing hidden in its geometry prop (2858.9012ms)
✔ accepts only an exact CSS exception and reports stale or mismatched exception scope (2838.1526ms)
✔ rejects malformed TypeScript, malformed CSS, bad exception schema, and raw values in the bridge (3949.2396ms)
✔ rejects canonical pixel tokens used as MUI factors and an altered bridge factor table (2022.1821ms)
✔ report mode inventories migration debt without turning findings into PASS (944.978ms)
✔ canonical writes through casts and aliases fail outside style expressions (1036.3197ms)
✔ Object.assign cannot mutate canonical data but can copy to a fresh object (1979.9938ms)
✔ layout gate rejects raw spacing on const alias of MUI component (1021.615ms)
✔ canonical mutation gate follows global mutator aliases and reflection (1021.739ms)
✔ local mutator names do not acquire global mutation identity (989.3363ms)
✔ destructured mutators and call/apply retain canonical mutation checks (987.8668ms)
✔ global mutator call/apply can copy canonical values into fresh objects (1130.3508ms)
✔ mutable aliases with possible canonical destinations fail closed (996.2927ms)
✔ opaque apply arguments fail closed while unrelated mutable data stays valid (1992.3677ms)
✔ canonical references inside containers and destructured aliases cannot be mutated (1012.5459ms)
✔ independent shallow copies of scalar canonical fields remain mutable (1023.2884ms)
✔ array references and nested destructuring preserve canonical write provenance (1023.08ms)
✔ array destinations distinguish independent elements from canonical references (1055.8362ms)
✔ array destructuring, dynamic indices and spread cannot hide canonical references (1047.2812ms)
✔ dynamic indices and destructuring of independent arrays stay mutable (983.0347ms)
✔ function parameters cannot hide canonical mutation across source files (964.9611ms)
✔ read-only helpers and mutations of unrelated arguments remain valid (1004.7191ms)
✔ returned canonical references remain protected across helper boundaries (976.907ms)
✔ helper returns of fresh scalar copies do not retain canonical destination identity (997.5851ms)
✔ destructured object parameters cannot mutate canonical arguments (967.6309ms)
✔ destructured object parameters retain independent argument mutability (1037.681ms)
✔ default parameter and binding initializers cannot hide canonical mutations (961.6126ms)
✔ fresh default parameter and binding copies remain mutable (966.3276ms)
✔ rest parameters retain canonical argument write provenance (944.4474ms)
✔ rest parameters distinguish independent positions from canonical siblings (940.4294ms)
✔ finite spread arguments preserve shifted positional and rest destinations (950.5865ms)
✔ finite spread expansion keeps independent argument positions mutable (1005.7438ms)
✔ opaque spreads keep positional mutation destinations unknown (979.85ms)
✔ opaque spreads into read-only helpers do not invent mutation findings (965.1927ms)
✔ array parameter patterns retain canonical positions including nested object arrays (979.6612ms)
✔ array parameter patterns retain independent bound element mutability (1073.9989ms)
✔ layout gate rejects parameter shadow of canonical layout name (965.6012ms)
✔ layout gate follows genuine renamed styled factory (981.9214ms)
✔ layout gate accepts canonical namespace, element access and barrel alias (1012.9384ms)
✔ layout gate does not mistake local component named Stack for MUI (971.1792ms)
✔ layout gate inspects renamed installed Emotion css tag (1081.1991ms)
✔ layout gate preserves genuine aliased Controller field forwarding (954.9211ms)
✔ a same-named local Controller cannot exempt an unknown prop spread (958.8825ms)
✔ genuine useForm registration survives property and destructured aliases (973.9583ms)
✔ a function named register cannot exempt injected style props (973.4275ms)
✔ a bridge callback parameter cannot impersonate its private factor binding (1019.3893ms)
✔ opaque namespace component selection remains a strict binding failure (1009.0424ms)
✔ opaque namespace factory cannot hide style arguments (1035.1953ms)
✔ MUI re-export cannot hide raw spacing behind a first-party barrel (953.8624ms)
✔ destructuring assignments cannot hide canonical write targets (955.8533ms)
✔ destructuring assignments can update independent copied destinations (943.5209ms)
✔ object rest retains nested canonical references while copying the outer object (1012.6423ms)
✔ rest scalar copies and replacement of container references stay mutable (1025.0325ms)
✔ shallow object spread preserves canonical child references and last-writer order (999.5048ms)
✔ shallow spread with a later independent override stays mutable (948.2874ms)
✔ exported mutable aliases retain assignments from their declaring file (955.3514ms)
✔ exported independent mutable data does not acquire canonical provenance (949.8631ms)
✔ literal computed keys retain canonical container and parameter provenance (982.9778ms)
✔ literal computed keys do not taint independent selected properties (952.6197ms)
✔ Object.assign shallow copies retain canonical nested reference provenance (981.1052ms)
✔ Object.assign later independent overrides and scalar copies stay mutable (986.0138ms)
✔ union and dynamic property selections retain possible canonical destinations (979.8718ms)
✔ finite union property selections exclude canonical siblings not in the key set (1021.9388ms)
✔ union selection over Object.assign output retains canonical child provenance (974.0966ms)
✔ union selection over independent Object.assign output remains mutable (952.0595ms)
✔ Reflect.set call/apply checks the target argument rather than the assigned value (2920.7867ms)
✔ aliased React createElement checks MUI and native style objects (1001.1807ms)
✔ GlobalStyles.styles is checked and local createElement names stay local (1899.7299ms)
✔ React JSX runtime factories cannot bypass MUI or native style checks (950.1174ms)
✔ React cloneElement checks the cloned MUI element and preserves native props (3895.044ms)
✔ Emotion css props and object factories are inspected with native CSS semantics (3025.4857ms)
✔ Inline style elements in JSX, React factories, DOM and the HTML entry fail closed (8349.2904ms)
✔ DOM CSSOM spacing writes use semantic roles and reject opaque style strings (1946.8689ms)
✔ HTML parsing and runtime stylesheet mutation cannot bypass the imported CSS boundary (1956.0926ms)
✔ spacing shorthand values and responsive breakpoints preserve token and unit provenance (10045.85ms)
✔ function return producers cannot hide canonical children behind spreads (979.6306ms)
✔ producer spreads keep later independent child overrides writable (990.3426ms)
ℹ tests 82
ℹ suites 0
ℹ pass 82
ℹ fail 0
ℹ cancelled 0
ℹ skipped 0
ℹ todo 0
ℹ duration_ms 99565.8454
layout-check PASS: 79 source files, 0 finding(s), 1 exception(s) used
