
Running 1 test using 1 worker

(node:35268) Warning: The 'NO_COLOR' env is ignored due to the 'FORCE_COLOR' env being set.
(Use `node --trace-warnings ...` to show where the warning was created)
[w30-stress] {"browser":"chromium","scenario":"mobile-menu-long-label","viewport":{"width":390,"height":560},"scaledTextElements":142,"issues":1,"pageErrors":0,"evidence":"evidence\\frontend-ui-improvements\\UI028\\W30\\stress-chromium-mobile-menu-long-label-current-20261006.json"}
  x  1 [chromium] › tests\ui028-w30-stress.spec.ts:72:5 › UI028.W30 mobile-menu-long-label: 200% text and spacing stress at 390x560 (2.4s)


  1) [chromium] › tests\ui028-w30-stress.spec.ts:72:5 › UI028.W30 mobile-menu-long-label: 200% text and spacing stress at 390x560 

    Error: expect(received).toEqual(expected) // deep equality

    - Expected  - 1
    + Received  + 3

    - Array []
    + Array [
    +   "Keyboard focus indicator was not measurable after simultaneous text/spacing stress",
    + ]

      209 |         fs.writeFileSync(output, `${JSON.stringify(report, null, 2)}\n`, 'utf8');
      210 |         console.log(`[w30-stress] ${JSON.stringify({ browser: browserName, scenario: scenario.id, viewport: scenario.viewport, scaledTextElements: scale.scaledTextElements, issues: issues.length, pageErrors: pageErrors.length, evidence: path.relative(root, output) })}`);
    > 211 |         expect(issues).toEqual([]);
          |                        ^
      212 |     });
      213 | }
      214 |
        at C:\Users\Joker-PC\Documents\Projects\Bot-AI-Ban-hang-FB\BotSalesAI_Frontend\tests\ui028-w30-stress.spec.ts:211:24

    Error Context: test-results\ui028-w30-stress-UI028-W30-12dd3-d-spacing-stress-at-390x560-chromium\error-context.md

    Error Context: test-results\ui028-w30-stress-UI028-W30-12dd3-d-spacing-stress-at-390x560-chromium\error-context.md

    attachment #3: trace (application/zip) ─────────────────────────────────────────────────────────
    test-results\ui028-w30-stress-UI028-W30-12dd3-d-spacing-stress-at-390x560-chromium\trace.zip
    Usage:

        npx playwright show-trace test-results\ui028-w30-stress-UI028-W30-12dd3-d-spacing-stress-at-390x560-chromium\trace.zip

    ────────────────────────────────────────────────────────────────────────────────────────────────

  1 failed
    [chromium] › tests\ui028-w30-stress.spec.ts:72:5 › UI028.W30 mobile-menu-long-label: 200% text and spacing stress at 390x560 
